
Gurobi 13.0.2 (linux64) logging started Sat Jul 18 10:17:59 2026

Set parameter LogFile to value "/tmp/sweep_20260716_013919_north-korea_alt400km_s50_i1_v10_gurobi.log"
Set parameter Method to value 1
Set parameter NodefileStart to value 4
Set parameter RINS to value 50
Gurobi Optimizer version 13.0.2 build v13.0.2rc1 (linux64 - "Debian GNU/Linux 13 (trixie)")

CPU model: Intel(R) Xeon(R) Platinum 8375C CPU @ 2.90GHz, instruction set [SSE2|AVX|AVX2|AVX512]
Thread count: 16 physical cores, 32 logical processors, using up to 32 threads

Non-default parameters:
TimeLimit  14400
MIPGap  0.001
Method  1
LPWarmStart  1
Heuristics  0.2
MIPFocus  1
NodefileStart  4
RINS  50
Symmetry  2
Cuts  2
CoverCuts  2
LogToConsole  0

Academic license 2812613 - for non-commercial use only - registered to no___@gatech.edu
Optimize a model with 2872 rows, 35900 columns and 1381432 nonzeros (Min)
Model fingerprint: 0xdb9c5609
Model has 35900 linear objective coefficients
Variable types: 0 continuous, 35900 integer (35900 binary)
Coefficient statistics:
  Matrix range     [1e+00, 1e+00]
  Objective range  [1e+00, 1e+00]
  Bounds range     [1e+00, 1e+00]
  RHS range        [5e+01, 5e+01]

Found heuristic solution: objective 5353.0000000
Presolve removed 0 rows and 1436 columns
Presolve time: 2.44s
Presolved: 2872 rows, 34464 columns, 1341224 nonzeros
Variable types: 0 continuous, 34464 integer (33028 binary)

Root simplex log...

Iteration    Objective       Primal Inf.    Dual Inf.      Time
    3564    2.7315818e+03   5.893153e+04   0.000000e+00      5s
    6194    2.8351905e+03   1.165144e+05   0.000000e+00     10s
    7934    2.8650342e+03   5.507701e+04   0.000000e+00     15s
    9314    2.8827883e+03   4.867224e+04   0.000000e+00     20s
   10444    2.8951042e+03   2.859270e+04   0.000000e+00     25s
   11444    2.9033345e+03   2.528750e+04   0.000000e+00     30s
   12374    2.9095223e+03   2.774413e+04   0.000000e+00     35s
   13224    2.9148776e+03   1.518891e+04   0.000000e+00     40s
   14024    2.9191257e+03   2.109627e+04   0.000000e+00     45s
   14744    2.9225759e+03   2.694476e+04   0.000000e+00     50s
   15464    2.9256467e+03   2.023785e+04   0.000000e+00     55s
   16184    2.9281615e+03   2.087647e+04   0.000000e+00     60s
   16904    2.9301883e+03   1.188453e+04   0.000000e+00     65s
   17664    2.9322435e+03   1.357030e+04   0.000000e+00     70s
   18344    2.9340934e+03   2.223952e+04   0.000000e+00     75s
   19064    2.9358904e+03   1.204039e+04   0.000000e+00     80s
   19704    2.9371538e+03   1.168222e+04   0.000000e+00     85s
   20344    2.9383309e+03   1.073354e+04   0.000000e+00     90s
   20984    2.9394080e+03   1.185855e+04   0.000000e+00     95s
   21584    2.9402302e+03   1.865477e+04   0.000000e+00    100s
   22184    2.9411495e+03   1.343388e+04   0.000000e+00    105s
   22744    2.9419032e+03   9.564652e+03   0.000000e+00    110s
   23304    2.9426415e+03   2.161081e+04   0.000000e+00    115s
   23864    2.9431329e+03   6.775633e+03   0.000000e+00    120s
   24384    2.9436588e+03   6.839885e+03   0.000000e+00    125s
   24944    2.9441670e+03   7.728106e+03   0.000000e+00    130s
   25464    2.9446345e+03   6.051762e+03   0.000000e+00    135s
   25984    2.9450321e+03   3.503264e+04   0.000000e+00    140s
   26504    2.9453380e+03   1.904439e+04   0.000000e+00    145s
   27024    2.9456624e+03   5.583258e+03   0.000000e+00    150s
   27544    2.9459742e+03   3.986761e+03   0.000000e+00    155s
   28064    2.9463056e+03   1.606437e+04   0.000000e+00    160s
   28544    2.9465549e+03   5.327623e+03   0.000000e+00    165s
   29064    2.9467972e+03   8.477924e+03   0.000000e+00    170s
   29544    2.9470228e+03   1.023763e+04   0.000000e+00    175s
   30024    2.9472614e+03   9.246583e+03   0.000000e+00    180s
   30504    2.9474634e+03   5.382992e+03   0.000000e+00    185s
   30984    2.9476477e+03   1.599216e+04   0.000000e+00    190s
   31424    2.9477977e+03   8.416871e+03   0.000000e+00    195s
   31904    2.9479499e+03   6.138529e+03   0.000000e+00    200s
   32404    2.9481009e+03   8.511796e+03   0.000000e+00    205s
   32917    2.9482579e+03   5.058602e+03   0.000000e+00    210s
   33399    2.9483591e+03   6.119752e+03   0.000000e+00    215s
   33861    2.9484600e+03   6.543916e+03   0.000000e+00    220s
   34329    2.9485457e+03   8.144300e+03   0.000000e+00    225s
   34857    2.9486552e+03   8.188332e+03   0.000000e+00    230s
   35323    2.9487467e+03   1.616224e+04   0.000000e+00    235s
   35846    2.9488457e+03   2.431630e+03   0.000000e+00    241s
   36309    2.9489428e+03   7.820393e+03   0.000000e+00    246s
   36773    2.9490401e+03   1.073822e+04   0.000000e+00    250s
   37232    2.9491875e+03   1.126820e+04   0.000000e+00    255s
   37694    2.9494235e+03   1.294923e+04   0.000000e+00    260s
   38153    2.9499225e+03   1.051739e+04   0.000000e+00    265s
   38614    2.9505383e+03   5.366577e+04   0.000000e+00    270s
   39083    2.9505391e+03   1.613263e+05   0.000000e+00    276s
   39550    2.9505394e+03   1.718090e+04   0.000000e+00    281s
   40009    2.9505396e+03   7.984292e+04   0.000000e+00    286s
   40477    2.9505398e+03   1.668337e+04   0.000000e+00    291s
   40944    2.9505946e+03   1.252279e+04   0.000000e+00    295s
   41408    2.9506905e+03   1.281420e+04   0.000000e+00    300s
   41870    2.9506906e+03   1.139005e+04   0.000000e+00    305s
   42328    2.9506906e+03   6.928227e+03   0.000000e+00    310s
   42792    2.9506907e+03   3.754558e+03   0.000000e+00    315s
   43253    2.9506907e+03   1.622675e+04   0.000000e+00    320s
   43776    2.9506907e+03   5.490340e+03   0.000000e+00    326s
   44240    2.9506908e+03   1.961730e+03   0.000000e+00    330s
   44700    2.9506908e+03   4.159815e+03   0.000000e+00    335s
   45226    2.9506908e+03   9.223985e+02   0.000000e+00    341s
   45690    2.9506908e+03   1.315435e+03   0.000000e+00    345s
   46212    2.9506908e+03   2.660057e+02   0.000000e+00    351s
   46743    2.9506908e+03   1.199245e+02   0.000000e+00    356s
   46917    2.9506849e+03   0.000000e+00   0.000000e+00    358s

Root relaxation: objective 2.950685e+03, 46917 iterations, 354.97 seconds (849.17 work units)

    Nodes    |    Current Node    |     Objective Bounds      |     Work
 Expl Unexpl |  Obj  Depth IntInf | Incumbent    BestBd   Gap | It/Node Time

     0     0 2950.68493    0 2872 5353.00000 2950.68493  44.9%     -  407s
H    0     0                    4371.0000000 2950.68493  32.5%     -  407s
H    0     0                    4268.0000000 2950.68493  30.9%     -  407s
H    0     0                    3146.0000000 2950.68493  6.21%     -  407s
H    0     0                    3104.0000000 2950.68493  4.94%     -  423s
H    0     0                    3063.0000000 2950.68493  3.67%     -  423s
H    0     0                    3037.0000000 2950.68493  2.84%     -  423s
H    0     0                    3031.0000000 2950.68493  2.65%     -  423s
H    0     0                    3029.0000000 2950.68493  2.59%     -  435s
H    0     0                    3027.0000000 2950.68493  2.52%     -  435s
H    0     0                    3023.0000000 2950.68493  2.39%     -  435s
H    0     0                    3022.0000000 2950.68493  2.36%     -  437s
H    0     0                    3019.0000000 2950.68493  2.26%     -  438s
H    0     0                    3018.0000000 2950.68493  2.23%     -  442s
H    0     0                    3017.0000000 2950.68493  2.20%     -  442s
H    0     0                    3015.0000000 2950.68493  2.13%     -  445s
H    0     0                    3014.0000000 2950.68493  2.10%     -  445s
H    0     0                    3013.0000000 2950.68493  2.07%     -  450s
H    0     0                    3012.0000000 2950.68493  2.04%     -  459s
H    0     0                    3011.0000000 2950.68493  2.00%     -  459s
H    0     0                    3010.0000000 2950.68493  1.97%     -  476s
H    0     0                    3009.0000000 2950.68493  1.94%     -  502s
H    0     0                    3008.0000000 2950.68493  1.91%     -  502s
H    0     0                    3007.0000000 2950.68493  1.87%     -  502s
H    0     0                    3004.0000000 2950.68493  1.77%     -  570s
H    0     0                    3002.0000000 2950.68493  1.71%     -  579s
H    0     0                    3000.0000000 2950.68493  1.64%     -  579s
H    0     0                    2999.0000000 2950.68493  1.61%     -  596s
H    0     0                    2998.0000000 2950.68493  1.58%     -  601s
H    0     0                    2997.0000000 2950.68493  1.55%     -  606s
H    0     0                    2996.0000000 2950.68493  1.51%     -  611s
H    0     0                    2995.0000000 2950.68493  1.48%     -  617s
H    0     0                    2991.9999996 2950.68493  1.38%     -  622s
H    0     0                    2991.0000000 2950.68493  1.35%     -  634s
H    0     0                    2990.0000000 2950.68493  1.31%     -  649s
     0     0 2950.68493    0 2872 2990.00000 2950.68493  1.31%     -  878s
     0     0 2950.68493    0 2872 2990.00000 2950.68493  1.31%     -  935s
H    0     0                    2989.0000000 2950.68493  1.28%     - 3076s
H    0     0                    2988.0000000 2950.68493  1.25%     - 3833s
H    0     0                    2987.0000000 2950.68493  1.22%     - 4025s
     0     2 2950.68493    0 2872 2987.00000 2950.68493  1.22%     - 4094s
     1     3 2950.68493    1 2872 2987.00000 2950.68493  1.22%   328 4274s
     2     5 2950.68493    2 2872 2987.00000 2950.68493  1.22%   295 4658s
     4     9 2950.68493    3 2872 2987.00000 2950.68493  1.22%   292 5257s
     6     9 2950.68493    3 2872 2987.00000 2950.68493  1.22%   278 5262s
H    8    17                    2986.0000000 2950.68493  1.18%   236 5983s
    12    17 2950.68493    4 2872 2986.00000 2950.68493  1.18%   260 5988s
    13    17 2950.68493    4 2872 2986.00000 2950.68493  1.18%   258 5992s
    16    33 2950.68493    5 2871 2986.00000 2950.68493  1.18%   281 6449s
H   22    33                    2985.0000000 2950.68493  1.15%   260 6449s
    24    33 2950.68493    5 2872 2985.00000 2950.68493  1.15%   280 6453s
    28    33 2950.68493    5 2872 2985.00000 2950.68493  1.15%   293 6473s
    29    33 2950.68493    5 2872 2985.00000 2950.68493  1.15%   294 6477s
    32    48 2950.68493    6 2872 2985.00000 2950.68493  1.15%   419 8694s
    33    48 2950.68493    6 2872 2985.00000 2950.68493  1.15%   506 8699s
    48    49 2950.68493    7 2872 2985.00000 2950.68493  1.15%  1565 10435s
    50    50 2950.68493    6 2872 2985.00000 2950.68493  1.15%  1502 11815s
    51    51 2950.68493    6 2871 2985.00000 2950.68493  1.15%  1473 11992s

Explored 51 nodes (193288 simplex iterations) in 14400.27 seconds (31284.20 work units)
Thread count was 32 (of 32 available processors)

Solution count 10: 2985 2986 2987 ... 2996

Time limit reached
Best objective 2.985000000000e+03, best bound 2.951000000000e+03, gap 1.1390%

User-callback calls 2474497, time in user-callback 5.04 sec
