
Gurobi 13.0.2 (linux64) logging started Sat Jul 11 10:16:50 2026

Set parameter LogFile to value "/tmp/sweep_20260709_012313_china_alt400km_s20_i4_v10_gurobi.log"
Set parameter Method to value 1
Set parameter NodefileStart to value 4
Set parameter RINS to value 50
Gurobi Optimizer version 13.0.2 build v13.0.2rc1 (linux64 - "Debian GNU/Linux 13 (trixie)")

CPU model: Intel(R) Xeon(R) Platinum 8375C CPU @ 2.90GHz, instruction set [SSE2|AVX|AVX2|AVX512]
Thread count: 16 physical cores, 32 logical processors, using up to 32 threads

Non-default parameters:
TimeLimit  14400
MIPGap  0.001
Method  1
LPWarmStart  1
Heuristics  0.2
MIPFocus  1
NodefileStart  4
RINS  50
Symmetry  2
Cuts  2
CoverCuts  2
LogToConsole  0

Academic license 2812613 - for non-commercial use only - registered to no___@gatech.edu
Optimize a model with 392028 rows, 28720 columns and 134072140 nonzeros (Min)
Model fingerprint: 0x29ce3d91
Model has 28720 linear objective coefficients
Variable types: 0 continuous, 28720 integer (28720 binary)
Coefficient statistics:
  Matrix range     [1e+00, 1e+00]
  Objective range  [1e+00, 1e+00]
  Bounds range     [1e+00, 1e+00]
  RHS range        [5e+00, 5e+00]

Found heuristic solution: objective 1060.0000000
Presolve removed 0 rows and 0 columns (presolve time = 5s)...
Presolve removed 0 rows and 0 columns (presolve time = 16s)...
Presolve removed 0 rows and 0 columns (presolve time = 30s)...
Presolve removed 0 rows and 0 columns (presolve time = 39s)...
Presolve removed 0 rows and 0 columns (presolve time = 41s)...
Presolve removed 0 rows and 0 columns (presolve time = 50s)...
Presolve removed 0 rows and 0 columns (presolve time = 65s)...
Presolve removed 0 rows and 0 columns (presolve time = 82s)...
Presolve removed 0 rows and 0 columns (presolve time = 85s)...
Presolve removed 0 rows and 0 columns (presolve time = 90s)...
Presolve removed 0 rows and 0 columns (presolve time = 95s)...
Presolve removed 0 rows and 0 columns (presolve time = 100s)...
Presolve removed 0 rows and 0 columns (presolve time = 105s)...
Presolve removed 0 rows and 0 columns (presolve time = 126s)...
Presolve removed 0 rows and 0 columns (presolve time = 137s)...
Presolve removed 0 rows and 0 columns (presolve time = 149s)...
Presolve removed 0 rows and 0 columns (presolve time = 159s)...
Presolve removed 0 rows and 0 columns (presolve time = 160s)...
Presolve removed 0 rows and 0 columns (presolve time = 165s)...
Presolve removed 0 rows and 0 columns (presolve time = 173s)...
Presolve removed 0 rows and 0 columns (presolve time = 187s)...
Presolve removed 0 rows and 0 columns (presolve time = 190s)...
Presolve removed 0 rows and 0 columns (presolve time = 198s)...
Presolve removed 0 rows and 0 columns (presolve time = 200s)...
Presolve removed 0 rows and 0 columns (presolve time = 211s)...
Presolve removed 0 rows and 0 columns (presolve time = 215s)...
Presolve removed 0 rows and 0 columns (presolve time = 220s)...
Presolve removed 0 rows and 0 columns (presolve time = 225s)...
Presolve removed 0 rows and 0 columns (presolve time = 230s)...
Presolve removed 0 rows and 0 columns (presolve time = 235s)...
Presolve removed 0 rows and 0 columns (presolve time = 240s)...
Presolve removed 0 rows and 0 columns (presolve time = 245s)...
Presolve removed 0 rows and 0 columns (presolve time = 250s)...
Presolve removed 0 rows and 0 columns (presolve time = 255s)...
Presolve removed 0 rows and 0 columns (presolve time = 260s)...
Presolve removed 0 rows and 0 columns (presolve time = 276s)...
Presolve removed 0 rows and 0 columns (presolve time = 280s)...
Presolve removed 0 rows and 0 columns (presolve time = 302s)...
Presolve removed 0 rows and 0 columns (presolve time = 318s)...
Presolve time: 317.81s
Presolved: 392028 rows, 28720 columns, 134072140 nonzeros
Variable types: 0 continuous, 28720 integer (28720 binary)

Root simplex log...

Iteration    Objective       Primal Inf.    Dual Inf.      Time
       0   -0.0000000e+00   0.000000e+00   3.412500e+02    384s
      22    5.5402382e+02   0.000000e+00   0.000000e+00    384s
      22    5.5402382e+02   0.000000e+00   0.000000e+00    384s

Use crossover to convert LP symmetric solution to basic solution...

Root crossover log...

  386284 variables added to crossover basis                      391s
  391264 variables added to crossover basis                      395s

       1 DPushes remaining with DInf 0.0000000e+00               400s
       0 DPushes remaining with DInf 0.0000000e+00               402s

       1 PPushes remaining with PInf 0.0000000e+00               403s
       0 PPushes remaining with PInf 0.0000000e+00               405s

  Push phase complete: Pinf 0.0000000e+00, Dinf 1.1561909e-09    405s


Root simplex log...

Iteration    Objective       Primal Inf.    Dual Inf.      Time
      27    5.5402382e+02   0.000000e+00   0.000000e+00    413s
Crossover time: 28.12 seconds (30.08 work units)

Root relaxation: objective 5.540238e+02, 27 iterations, 82.74 seconds (78.64 work units)

    Nodes    |    Current Node    |     Objective Bounds      |     Work
 Expl Unexpl |  Obj  Depth IntInf | Incumbent    BestBd   Gap | It/Node Time

     0     0  554.02382    0 5744 1060.00000  554.02382  47.7%     -  432s
H    0     0                    1059.0000000  554.02382  47.7%     -  433s
H    0     0                    1013.0000000  554.02382  45.3%     -  442s
H    0     0                     978.0000000  554.02382  43.4%     -  442s
H    0     0                     977.0000000  554.02382  43.3%     -  443s
H    0     0                     947.0000000  554.02382  41.5%     -  443s
H    0     0                     939.0000000  554.02382  41.0%     -  444s
H    0     0                     924.0000000  554.02382  40.0%     -  445s
H    0     0                     923.0000000  554.02382  40.0%     -  449s
H    0     0                     922.0000000  554.02382  39.9%     -  450s
H    0     0                     921.0000000  554.02382  39.8%     -  452s
H    0     0                     920.0000000  554.02382  39.8%     -  453s
H    0     0                     919.0000000  554.02382  39.7%     -  453s
H    0     0                     917.0000000  554.02382  39.6%     -  454s
     0     0  554.02382    0 5744  917.00000  554.02382  39.6%     - 1055s
     0     0  554.02382    0 5744  917.00000  554.02382  39.6%     - 1079s
     0     2  554.02382    0 5744  917.00000  554.02382  39.6%     - 3000s

Explored 1 nodes (69 simplex iterations) in 14401.63 seconds (47075.42 work units)
Thread count was 32 (of 32 available processors)

Solution count 10: 917 919 920 ... 977

Time limit reached
Best objective 9.170000000000e+02, best bound 5.550000000000e+02, gap 39.4766%

User-callback calls 216289, time in user-callback 0.47 sec
