
Gurobi 13.0.2 (linux64) logging started Fri Jul 10 18:02:48 2026

Set parameter LogFile to value "/tmp/sweep_20260709_012313_china_alt400km_s1_i2_v4_gurobi.log"
Set parameter Method to value 1
Set parameter NodefileStart to value 4
Set parameter RINS to value 50
Gurobi Optimizer version 13.0.2 build v13.0.2rc1 (linux64 - "Debian GNU/Linux 13 (trixie)")

CPU model: Intel(R) Xeon(R) Platinum 8375C CPU @ 2.90GHz, instruction set [SSE2|AVX|AVX2|AVX512]
Thread count: 16 physical cores, 32 logical processors, using up to 32 threads

Non-default parameters:
TimeLimit  14400
MIPGap  0.001
Method  1
LPWarmStart  1
Heuristics  0.2
MIPFocus  1
NodefileStart  4
RINS  50
Symmetry  2
Cuts  2
CoverCuts  2
LogToConsole  0

Academic license 2812613 - for non-commercial use only - registered to no___@gatech.edu
Optimize a model with 392028 rows, 14360 columns and 17464632 nonzeros (Min)
Model fingerprint: 0x32257d0b
Model has 14360 linear objective coefficients
Variable types: 0 continuous, 14360 integer (14360 binary)
Coefficient statistics:
  Matrix range     [1e+00, 1e+00]
  Objective range  [1e+00, 1e+00]
  Bounds range     [1e+00, 1e+00]
  RHS range        [1e+00, 1e+00]

Found heuristic solution: objective 1486.0000000
Presolve removed 0 rows and 0 columns (presolve time = 6s)...
Presolve removed 1436 rows and 0 columns (presolve time = 11s)...
Presolve removed 1436 rows and 0 columns (presolve time = 15s)...
Presolve removed 1436 rows and 0 columns (presolve time = 20s)...
Presolve removed 280020 rows and 0 columns (presolve time = 25s)...
Presolve removed 281456 rows and 0 columns (presolve time = 30s)...
Presolve removed 281456 rows and 0 columns (presolve time = 35s)...
Presolve removed 281456 rows and 0 columns
Presolve time: 39.59s
Presolved: 110572 rows, 14360 columns, 3973412 nonzeros
Variable types: 0 continuous, 14360 integer (14360 binary)

Root simplex log...

Iteration    Objective       Primal Inf.    Dual Inf.      Time
       0    7.1800000e+02   0.000000e+00   1.000000e+00     42s
       1    8.9750000e+02   0.000000e+00   0.000000e+00     42s
       1    8.9750000e+02   0.000000e+00   0.000000e+00     42s
       1    8.9750000e+02   0.000000e+00   0.000000e+00     42s

Use crossover to convert LP symmetric solution to basic solution...

Root crossover log...

       0 DPushes remaining with DInf 0.0000000e+00                44s

     710 PPushes remaining with PInf 0.0000000e+00                44s
     148 PPushes remaining with PInf 0.0000000e+00                45s
       0 PPushes remaining with PInf 0.0000000e+00                45s

  Push phase complete: Pinf 0.0000000e+00, Dinf 7.3135414e-11     45s


Root simplex log...

Iteration    Objective       Primal Inf.    Dual Inf.      Time
     716    8.9750000e+02   0.000000e+00   0.000000e+00     46s
Crossover time: 3.20 seconds (4.88 work units)

Root relaxation: objective 8.975000e+02, 716 iterations, 4.70 seconds (6.23 work units)

    Nodes    |    Current Node    |     Objective Bounds      |     Work
 Expl Unexpl |  Obj  Depth IntInf | Incumbent    BestBd   Gap | It/Node Time

     0     0  897.50000    0 2871 1486.00000  897.50000  39.6%     -   72s
H    0     0                    1436.0000000  897.50000  37.5%     -   72s
H    0     0                    1388.0000000  897.50000  35.3%     -   72s
H    0     0                    1386.0000000  897.50000  35.2%     -   72s
H    0     0                    1385.0000000  897.50000  35.2%     -   72s
H    0     0                    1384.0000000  897.50000  35.2%     -   73s
H    0     0                    1383.0000000  897.50000  35.1%     -   73s
H    0     0                    1381.0000000  897.50000  35.0%     -   73s
H    0     0                    1380.0000000  897.50000  35.0%     -   73s
H    0     0                    1379.0000000  897.50000  34.9%     -   74s
H    0     0                    1378.0000000  897.50000  34.9%     -   74s
H    0     0                    1376.0000000  897.50000  34.8%     -   75s
H    0     0                    1374.0000000  897.50000  34.7%     -   75s
H    0     0                    1370.0000000  897.50000  34.5%     -   76s
H    0     0                    1369.0000000  897.50000  34.4%     -   77s
H    0     0                    1356.0000000  897.50000  33.8%     -   78s
H    0     0                    1353.0000000  897.50000  33.7%     -   78s
H    0     0                    1351.0000000  897.50000  33.6%     -   79s
H    0     0                    1350.0000000  897.50000  33.5%     -   79s
H    0     0                    1346.0000000  897.50000  33.3%     -   80s
H    0     0                    1345.0000000  897.50000  33.3%     -   83s
H    0     0                    1343.0000000  897.50000  33.2%     -   84s
H    0     0                    1342.0000000  897.50000  33.1%     -   85s
H    0     0                    1341.0000000  897.50000  33.1%     -   85s
H    0     0                    1340.0000000  897.50000  33.0%     -   86s
H    0     0                    1339.0000000  897.50000  33.0%     -   86s
H    0     0                    1338.0000000  897.50000  32.9%     -   88s
H    0     0                    1335.0000000  897.50000  32.8%     -   95s
H    0     0                    1334.0000000  897.50000  32.7%     -   95s
H    0     0                    1332.0000000  897.50000  32.6%     -   97s
H    0     0                    1331.0000000  897.50000  32.6%     -   97s
H    0     0                    1330.0000000  897.50000  32.5%     -   97s
H    0     0                    1328.0000000  897.50000  32.4%     -   98s
H    0     0                    1327.0000000  897.50000  32.4%     -   98s
H    0     0                    1325.0000000  897.50000  32.3%     -   98s
H    0     0                    1324.0000000  897.50000  32.2%     -   98s
H    0     0                    1323.0000000  897.50000  32.2%     -   98s
H    0     0                    1321.0000000  897.50000  32.1%     -   99s
H    0     0                    1320.0000000  897.50000  32.0%     -   99s
H    0     0                    1319.0000000  897.50000  32.0%     -   99s
H    0     0                    1318.0000000  897.50000  31.9%     -   99s
H    0     0                    1316.0000000  897.50000  31.8%     -   99s
H    0     0                    1315.0000000  897.50000  31.7%     -  100s
H    0     0                    1314.0000000  897.50000  31.7%     -  100s
H    0     0                    1311.0000000  897.50000  31.5%     -  100s
H    0     0                    1310.0000000  897.50000  31.5%     -  100s
H    0     0                    1309.0000000  897.50000  31.4%     -  100s
H    0     0                    1307.0000000  897.50000  31.3%     -  100s
H    0     0                    1306.0000000  897.50000  31.3%     -  101s
H    0     0                    1305.0000000  897.50000  31.2%     -  101s
H    0     0                    1304.0000000  897.50000  31.2%     -  101s
H    0     0                    1303.0000000  897.50000  31.1%     -  101s
H    0     0                    1302.0000000  897.50000  31.1%     -  102s
H    0     0                    1301.0000000  897.50000  31.0%     -  102s
H    0     0                    1300.0000000  897.50000  31.0%     -  103s
H    0     0                    1299.0000000  897.50000  30.9%     -  103s
     0     0  897.50000    0 2977 1299.00000  897.50000  30.9%     -  233s
H    0     0                    1298.0000000  897.50000  30.9%     -  243s
H    0     0                    1287.0000000  897.50000  30.3%     -  243s
H    0     0                    1285.0000000  897.50000  30.2%     -  243s
H    0     0                    1283.0000000  897.50000  30.0%     -  243s
H    0     0                    1282.0000000  897.50000  30.0%     -  243s
H    0     0                    1281.0000000  897.50000  29.9%     -  243s
H    0     0                    1279.0000000  897.50000  29.8%     -  243s
H    0     0                    1276.0000000  897.50000  29.7%     -  243s
H    0     0                    1273.0000000  897.50000  29.5%     -  245s
H    0     0                    1272.0000000  897.50000  29.4%     -  245s
H    0     0                    1271.0000000  897.50000  29.4%     -  245s
H    0     0                    1270.0000000  897.50000  29.3%     -  245s
H    0     0                    1269.0000000  897.50000  29.3%     -  245s
H    0     0                    1268.0000000  897.50000  29.2%     -  246s
H    0     0                    1267.0000000  897.50000  29.2%     -  246s
H    0     0                    1266.0000000  897.50000  29.1%     -  247s
H    0     0                    1265.0000000  897.50000  29.1%     -  251s
     0     0  897.77567    0 3342 1265.00000  897.77567  29.0%     -  986s
     0     0  897.84464    0 3185 1265.00000  897.84464  29.0%     - 1282s
H    0     0                    1264.0000000  897.84464  29.0%     - 1283s
H    0     0                    1263.0000000  897.84464  28.9%     - 1283s
     0     0  897.84592    0 3205 1263.00000  897.84592  28.9%     - 1304s
     0     0  899.59025    0 3151 1263.00000  899.59025  28.8%     - 1824s
H    0     0                    1262.0000000  899.59025  28.7%     - 1830s
H    0     0                    1260.0000000  899.59025  28.6%     - 1830s
H    0     0                    1259.0000000  899.59025  28.5%     - 1832s
H    0     0                    1258.0000000  899.59025  28.5%     - 1833s
H    0     0                    1257.0000000  899.59025  28.4%     - 1834s
H    0     0                    1256.0000000  899.59025  28.4%     - 1835s
H    0     0                    1255.0000000  899.59025  28.3%     - 1836s
H    0     0                    1254.0000000  899.59025  28.3%     - 1838s
     0     0  899.84236    0 3216 1254.00000  899.84236  28.2%     - 1883s
     0     0  899.86785    0 3257 1254.00000  899.86785  28.2%     - 1894s
     0     0  899.87006    0 3273 1254.00000  899.87006  28.2%     - 1897s
     0     0  899.87023    0 3275 1254.00000  899.87023  28.2%     - 1898s
     0     0  901.66642    0 3284 1254.00000  901.66642  28.1%     - 2301s
H    0     0                    1253.0000000  901.66642  28.0%     - 2302s
H    0     0                    1250.0000000  901.66642  27.9%     - 2302s
H    0     0                    1249.0000000  901.66642  27.8%     - 2302s
     0     0  901.78164    0 3321 1249.00000  901.78164  27.8%     - 2323s
     0     0  901.80347    0 3349 1249.00000  901.80347  27.8%     - 2332s
     0     0  901.80671    0 3362 1249.00000  901.80671  27.8%     - 2335s
     0     0  901.80695    0 3360 1249.00000  901.80695  27.8%     - 2337s
     0     0  903.45492    0 3330 1249.00000  903.45492  27.7%     - 2851s
     0     0  903.45492    0 3330 1249.00000  903.45492  27.7%     - 2852s
H    0     0                    1248.0000000  903.45492  27.6%     - 2925s
H    0     0                    1247.0000000  903.45492  27.5%     - 2926s
H    0     0                    1246.0000000  903.45492  27.5%     - 2926s
H    0     0                    1245.0000000  903.45492  27.4%     - 2927s
H    0     0                    1244.0000000  903.45492  27.4%     - 2927s
H    0     0                    1243.0000000  903.45492  27.3%     - 4902s
H    0     0                    1242.0000000  903.45492  27.3%     - 5030s
H    0     0                    1241.0000000  903.45492  27.2%     - 5112s
H    0     0                    1240.0000000  903.45492  27.1%     - 5149s
H    0     0                    1239.0000000  903.45492  27.1%     - 5149s
H    0     0                    1238.0000000  903.45492  27.0%     - 5170s
H    0     0                    1234.0000000  903.45492  26.8%     - 5197s
H    0     0                    1232.0000000  903.45492  26.7%     - 5251s
H    0     0                    1231.0000000  903.45492  26.6%     - 5596s
H    0     0                    1230.0000000  903.45492  26.5%     - 5596s
H    0     0                    1229.0000000  903.45492  26.5%     - 5596s
H    0     0                    1228.0000000  903.45492  26.4%     - 5684s
H    0     0                    1227.0000000  903.45492  26.4%     - 5789s
H    0     0                    1226.0000000  903.45492  26.3%     - 5789s
H    0     0                    1225.0000000  903.45492  26.2%     - 5852s
H    0     0                    1224.0000000  903.45492  26.2%     - 5852s
H    0     0                    1223.0000000  903.45492  26.1%     - 5852s
H    0     0                    1222.0000000  903.45492  26.1%     - 6150s
H    0     0                    1221.0000000  903.45492  26.0%     - 6229s
H    0     0                    1220.0000000  903.45492  25.9%     - 6295s
H    0     0                    1219.0000000  903.45492  25.9%     - 6307s
H    0     0                    1218.0000000  903.45492  25.8%     - 6311s
H    0     0                    1217.0000000  903.45492  25.8%     - 6368s
H    0     0                    1216.0000000  903.45492  25.7%     - 6414s
H    0     0                    1215.0000000  903.45492  25.6%     - 6421s
H    0     0                    1214.0000000  903.45492  25.6%     - 6550s
H    0     2                    1212.0000000  903.45492  25.5%     - 6552s
     0     2  903.45492    0 3330 1212.00000  903.45492  25.5%     - 6552s
     1     3  903.79361    1 3322 1212.00000  903.45852  25.5%  1280 6823s
     2     4  904.10135    1 3372 1212.00000  903.79493  25.4%  3322 7137s
     3     8  905.49699    2 3400 1212.00000  903.79517  25.4%  3154 7762s
     4     8  905.62793    2 3446 1212.00000  904.11138  25.4%  4928 7780s
     7    15  907.61817    3 3460 1212.00000  905.49776  25.3% 16419 9348s
H    9    15                    1210.0000000  905.49776  25.2% 17603 9348s
    10    15  907.56901    3 3509 1210.00000  905.56372  25.2% 21800 9367s
    11    15  907.62939    3 3509 1210.00000  905.62852  25.2% 23346 9386s
    13    15  907.78762    3 3515 1210.00000  905.63016  25.2% 25726 9423s
H   14    30                    1206.0000000  905.63016  24.9% 23889 13618s
    15    30  908.85153    4 3555 1206.00000  905.63016  24.9% 25599 13639s
H   19    30                    1204.0000000  905.63016  24.8% 24156 13639s
H   20    30                    1203.0000000  905.63016  24.7% 24180 13639s
H   23    30                    1201.0000000  905.63016  24.6% 24136 13660s
    23    30  908.84210    4 3539 1201.00000  905.63016  24.6% 25276 13681s
H   29    31                    1200.0000000  908.76557  24.3% 24305 14401s

Cutting planes:
  Lift-and-project: 4
  MIR: 1
  Flow cover: 2523
  Zero half: 52

Explored 30 nodes (989892 simplex iterations) in 14401.49 seconds (23681.88 work units)
Thread count was 32 (of 32 available processors)

Solution count 10: 1200 1201 1203 ... 1216

Time limit reached
Best objective 1.200000000000e+03, best bound 9.090000000000e+02, gap 24.2500%

User-callback calls 2127053, time in user-callback 4.01 sec
