
Gurobi 13.0.2 (linux64) logging started Fri Jul 17 00:34:47 2026

Set parameter LogFile to value "/tmp/sweep_20260716_013919_north-korea_alt260km_s50_i6_v10_gurobi.log"
Set parameter Method to value 1
Set parameter NodefileStart to value 4
Set parameter RINS to value 50
Gurobi Optimizer version 13.0.2 build v13.0.2rc1 (linux64 - "Debian GNU/Linux 13 (trixie)")

CPU model: Intel(R) Xeon(R) Platinum 8375C CPU @ 2.90GHz, instruction set [SSE2|AVX|AVX2|AVX512]
Thread count: 16 physical cores, 32 logical processors, using up to 32 threads

Non-default parameters:
TimeLimit  14400
MIPGap  0.001
Method  1
LPWarmStart  1
Heuristics  0.2
MIPFocus  1
NodefileStart  4
RINS  50
Symmetry  2
Cuts  2
CoverCuts  2
LogToConsole  0

Academic license 2812613 - for non-commercial use only - registered to no___@gatech.edu
Optimize a model with 1436 rows, 17950 columns and 242684 nonzeros (Min)
Model fingerprint: 0x8495d869
Model has 17950 linear objective coefficients
Variable types: 0 continuous, 17950 integer (17950 binary)
Coefficient statistics:
  Matrix range     [1e+00, 1e+00]
  Objective range  [1e+00, 1e+00]
  Bounds range     [1e+00, 1e+00]
  RHS range        [9e+00, 9e+00]

Found heuristic solution: objective 1697.0000000
Presolve removed 0 rows and 2154 columns
Presolve time: 0.20s
Presolved: 1436 rows, 15796 columns, 210374 nonzeros
Variable types: 0 continuous, 15796 integer (13642 binary)

Root relaxation: objective 6.462000e+02, 15442 iterations, 3.34 seconds (5.45 work units)

    Nodes    |    Current Node    |     Objective Bounds      |     Work
 Expl Unexpl |  Obj  Depth IntInf | Incumbent    BestBd   Gap | It/Node Time

     0     0  646.20000    0  359 1697.00000  646.20000  61.9%     -    3s
H    0     0                     740.0000000  646.20000  12.7%     -    3s
H    0     0                     718.0000000  646.20000  10.0%     -    3s
H    0     0                     675.0000000  646.20000  4.27%     -    3s
H    0     0                     669.0000000  646.20000  3.41%     -    3s
H    0     0                     668.0000000  646.20000  3.26%     -    3s
H    0     0                     664.0000000  646.20000  2.68%     -    3s
H    0     0                     663.0000000  646.20000  2.53%     -    3s
H    0     0                     662.0000000  646.20000  2.39%     -    3s
H    0     0                     660.0000000  646.20000  2.09%     -    3s
H    0     0                     656.0000000  646.20000  1.49%     -    3s
H    0     0                     653.0000000  646.20000  1.04%     -    3s
H    0     0                     652.0000000  646.20000  0.89%     -    4s
H    0     0                     649.0000000  646.20000  0.43%     -    4s
     0     0  646.20000    0  718  649.00000  646.20000  0.43%     -    6s
H    0     0                     648.0000000  646.20000  0.28%     -   20s
H    0     0                     647.0000000  646.25000  0.12%     -   28s

Cutting planes:
  Lift-and-project: 2

Explored 1 nodes (15636 simplex iterations) in 28.44 seconds (37.72 work units)
Thread count was 32 (of 32 available processors)

Solution count 10: 647 648 649 ... 664

Optimal solution found (tolerance 1.00e-03)
Best objective 6.470000000000e+02, best bound 6.470000000000e+02, gap 0.0000%

User-callback calls 4540, time in user-callback 0.01 sec
