
Gurobi 13.0.2 (linux64) logging started Thu Jul  9 13:30:32 2026

Set parameter LogFile to value "/tmp/sweep_20260709_012313_china_alt260km_s20_i1_v6_gurobi.log"
Set parameter Method to value 1
Set parameter NodefileStart to value 4
Set parameter RINS to value 50
Gurobi Optimizer version 13.0.2 build v13.0.2rc1 (linux64 - "Debian GNU/Linux 13 (trixie)")

CPU model: Intel(R) Xeon(R) Platinum 8375C CPU @ 2.90GHz, instruction set [SSE2|AVX|AVX2|AVX512]
Thread count: 16 physical cores, 32 logical processors, using up to 32 threads

Non-default parameters:
TimeLimit  14400
MIPGap  0.001
Method  1
LPWarmStart  1
Heuristics  0.2
MIPFocus  1
NodefileStart  4
RINS  50
Symmetry  2
Cuts  2
CoverCuts  2
LogToConsole  0

Academic license 2812613 - for non-commercial use only - registered to no___@gatech.edu
Optimize a model with 196014 rows, 14360 columns and 17600334 nonzeros (Min)
Model fingerprint: 0x477c2f5a
Model has 14360 linear objective coefficients
Variable types: 0 continuous, 14360 integer (14360 binary)
Coefficient statistics:
  Matrix range     [1e+00, 1e+00]
  Objective range  [1e+00, 1e+00]
  Bounds range     [1e+00, 1e+00]
  RHS range        [2e+01, 2e+01]

Found heuristic solution: objective 5595.0000000
Presolve removed 0 rows and 0 columns (presolve time = 5s)...
Presolve removed 0 rows and 0 columns (presolve time = 10s)...
Presolve removed 0 rows and 0 columns (presolve time = 15s)...
Presolve removed 0 rows and 0 columns (presolve time = 20s)...
Presolve removed 0 rows and 0 columns (presolve time = 27s)...
Presolve time: 28.81s
Presolved: 196014 rows, 14360 columns, 17600334 nonzeros
Variable types: 0 continuous, 14360 integer (14360 binary)

Root simplex log...

Iteration    Objective       Primal Inf.    Dual Inf.      Time
       0   -0.0000000e+00   0.000000e+00   8.320000e+03     36s
      59    4.3301958e+03   0.000000e+00   0.000000e+00     36s
      59    4.3301958e+03   0.000000e+00   0.000000e+00     36s

Use crossover to convert LP symmetric solution to basic solution...

Root crossover log...

       1 DPushes remaining with DInf 0.0000000e+00                43s
       0 DPushes remaining with DInf 0.0000000e+00                44s

       1 PPushes remaining with PInf 0.0000000e+00                44s
       0 PPushes remaining with PInf 0.0000000e+00                46s

  Push phase complete: Pinf 0.0000000e+00, Dinf 4.2977657e-10     46s


Root simplex log...

Iteration    Objective       Primal Inf.    Dual Inf.      Time
      64    4.3301958e+03   0.000000e+00   0.000000e+00     47s
Crossover time: 10.91 seconds (19.11 work units)

Root relaxation: objective 4.330196e+03, 64 iterations, 16.82 seconds (25.26 work units)

    Nodes    |    Current Node    |     Objective Bounds      |     Work
 Expl Unexpl |  Obj  Depth IntInf | Incumbent    BestBd   Gap | It/Node Time

     0     0 4330.19580    0 6103 5595.00000 4330.19580  22.6%     -   55s
H    0     0                    5026.0000000 4330.19580  13.8%     -   55s
H    0     0                    4952.0000000 4330.19580  12.6%     -   55s
H    0     0                    4667.0000000 4330.19580  7.22%     -   60s
H    0     0                    4599.0000000 4330.19580  5.84%     -   81s
H    0     0                    4498.0000000 4330.19580  3.73%     -   82s
H    0     0                    4494.0000000 4330.19580  3.64%     -   84s
     0     0 4330.19580    0 6103 4494.00000 4330.19580  3.64%     -  213s
     0     0 4330.19580    0 6103 4494.00000 4330.19580  3.64%     -  221s
     0     2 4330.19580    0 6103 4494.00000 4330.19580  3.64%     -  624s
     1     3 4330.22613    1 6513 4494.00000 4330.19580  3.64%   0.0 1413s
     2     5 4330.25519    2 6521 4494.00000 4330.19580  3.64%  1514 2579s
H    3     5                    4491.0000000 4330.19580  3.58%  1009 2579s
     4     9 4330.27422    3 6518 4491.00000 4330.19580  3.58%  1928 6031s
H    6     9                    4490.0000000 4330.19580  3.56%  1816 6031s
     8    17 4330.29932    4 6512 4490.00000 4330.19580  3.56%  2734 14402s
H   14    17                    4489.0000000 4330.19580  3.54%  2781 14418s
    14    17 4330.31738    4 6495 4489.00000 4330.19580  3.54%  3081 14431s
    15    17 4330.32034    4 6498 4489.00000 4330.19580  3.54%  3137 14439s

Explored 16 nodes (47150 simplex iterations) in 14441.44 seconds (29586.62 work units)
Thread count was 32 (of 32 available processors)

Solution count 10: 4489 4490 4491 ... 5595

Time limit reached
Best objective 4.489000000000e+03, best bound 4.331000000000e+03, gap 3.5197%

User-callback calls 5035554, time in user-callback 6.03 sec
