
Gurobi 13.0.2 (linux64) logging started Sat Jul 18 02:10:01 2026

Set parameter LogFile to value "/tmp/sweep_20260716_013919_north-korea_alt400km_s20_i4_v5_gurobi.log"
Set parameter Method to value 1
Set parameter NodefileStart to value 4
Set parameter RINS to value 50
Gurobi Optimizer version 13.0.2 build v13.0.2rc1 (linux64 - "Debian GNU/Linux 13 (trixie)")

CPU model: Intel(R) Xeon(R) Platinum 8375C CPU @ 2.90GHz, instruction set [SSE2|AVX|AVX2|AVX512]
Thread count: 16 physical cores, 32 logical processors, using up to 32 threads

Non-default parameters:
TimeLimit  14400
MIPGap  0.001
Method  1
LPWarmStart  1
Heuristics  0.2
MIPFocus  1
NodefileStart  4
RINS  50
Symmetry  2
Cuts  2
CoverCuts  2
LogToConsole  0

Academic license 2812613 - for non-commercial use only - registered to no___@gatech.edu
Optimize a model with 2872 rows, 21540 columns and 396336 nonzeros (Min)
Model fingerprint: 0x95ae0a81
Model has 21540 linear objective coefficients
Variable types: 0 continuous, 21540 integer (21540 binary)
Coefficient statistics:
  Matrix range     [1e+00, 1e+00]
  Objective range  [1e+00, 1e+00]
  Bounds range     [1e+00, 1e+00]
  RHS range        [5e+00, 5e+00]

Found heuristic solution: objective 1436.0000000
Presolve time: 0.28s
Presolved: 2872 rows, 21540 columns, 396336 nonzeros
Variable types: 0 continuous, 21540 integer (21540 binary)

Root simplex log...

Iteration    Objective       Primal Inf.    Dual Inf.      Time
    9100    5.7688119e+02   2.879857e+04   0.000000e+00      5s
   13510    5.9141677e+02   3.799657e+03   0.000000e+00     10s
   16900    5.9585969e+02   1.128036e+04   0.000000e+00     15s
   19760    5.9769332e+02   3.244258e+03   0.000000e+00     20s
   22440    5.9832230e+02   1.444212e+04   0.000000e+00     25s
   22593    5.9833333e+02   0.000000e+00   0.000000e+00     25s

Root relaxation: objective 5.983333e+02, 22593 iterations, 25.01 seconds (53.33 work units)

    Nodes    |    Current Node    |     Objective Bounds      |     Work
 Expl Unexpl |  Obj  Depth IntInf | Incumbent    BestBd   Gap | It/Node Time

     0     0  598.33333    0  359 1436.00000  598.33333  58.3%     -   25s
H    0     0                    1077.0000000  598.33333  44.4%     -   25s
H    0     0                     718.0000000  598.33333  16.7%     -   25s
H    0     0                     645.0000000  598.33333  7.24%     -   26s
H    0     0                     644.0000000  598.33333  7.09%     -   27s
H    0     0                     642.0000000  598.33333  6.80%     -   28s
H    0     0                     639.0000000  598.33333  6.36%     -   28s
H    0     0                     637.0000000  598.33333  6.07%     -   28s
H    0     0                     635.0000000  598.33333  5.77%     -   29s
H    0     0                     634.0000000  598.33333  5.63%     -   29s
H    0     0                     633.0000000  598.33333  5.48%     -   29s
H    0     0                     632.0000000  598.33333  5.33%     -   30s
H    0     0                     631.0000000  598.33333  5.18%     -   30s
H    0     0                     630.0000000  598.33333  5.03%     -   31s
     0     0  598.33333    0  718  630.00000  598.33333  5.03%     -   61s
H    0     0                     627.0000000  598.33333  4.57%     -  106s
H    0     0                     626.0000000  598.33333  4.42%     -  108s
H    0     0                     624.0000000  598.33333  4.11%     -  112s
H    0     0                     623.0000000  598.33333  3.96%     -  114s
     0     0  598.33333    0  359  623.00000  598.33333  3.96%     -  204s
     0     0  598.33333    0  359  623.00000  598.33333  3.96%     -  204s
H    0     0                     622.0000000  598.33333  3.80%     -  211s
     0     0  598.33333    0 1077  622.00000  598.33333  3.80%     -  226s
     0     0  598.33333    0  359  622.00000  598.33333  3.80%     -  226s
     0     0  598.33333    0  718  622.00000  598.33333  3.80%     -  232s
     0     0  598.33333    0  718  622.00000  598.33333  3.80%     -  232s
     0     0  598.33333    0  718  622.00000  598.33333  3.80%     -  358s
     0     0  598.33333    0  359  622.00000  598.33333  3.80%     -  359s
     0     2  598.58152    0  359  622.00000  598.58152  3.77%     -  414s
     1     3  598.58152    1  359  622.00000  598.58152  3.77%   2.0  418s
     2     4  598.58152    2  359  622.00000  598.58152  3.77%   3.0  425s
     3     5  598.58152    3  359  622.00000  598.58152  3.77%   2.3  433s
     4     8  598.65866    3 1995  622.00000  598.58152  3.77%  1378  481s
     7    14  598.91228    5 2027  622.00000  598.58152  3.77%  4762  537s
    15    28  599.01760    6 2033  622.00000  598.58152  3.77%  6461  633s
    26    28  598.89054    4 2026  622.00000  598.61110  3.76% 12113  640s
    29    30  598.75889    6 2009  622.00000  598.61110  3.76% 12525  755s
    31    46  598.85360    7 2018  622.00000  598.61110  3.76% 12620  904s
    32    46  599.10742    8 2041  622.00000  598.61110  3.76% 12631  907s
    46    46  599.02817    8 2004  622.00000  598.74855  3.74% 12212  927s
    47    62  598.98995    8 2028  622.00000  598.74855  3.74% 12214 1010s
    63    78  599.18463    9 2015  622.00000  598.74855  3.74% 11407 1109s
    79    94  599.30869   10 2022  622.00000  598.74855  3.74% 11199 1199s
    95   110  599.46073   11 2026  622.00000  598.74855  3.74% 11885 1288s
   111   126  599.55615   12 2022  622.00000  598.74855  3.74% 11623 1378s
   127   143  599.63941   13 2015  622.00000  598.74855  3.74% 11296 1540s
   144   159  599.75701   14 1991  622.00000  598.74855  3.74% 10923 1608s
   160   180  599.91136   15 1996  622.00000  598.74855  3.74% 10646 1749s
   181   206  600.07473   16 1973  622.00000  598.74855  3.74% 10390 1832s
   207   243  600.08272   17 1978  622.00000  598.74855  3.74% 10476 1899s
H  243   243                     615.0000000  598.74855  2.64%  9970 1899s
   244   288  600.42481   22 2017  615.00000  598.74855  2.64%  9972 1963s
H  252   288                     614.0000000  598.74855  2.48%  9824 1963s
H  257   288                     612.0000000  598.74855  2.17%  9742 1963s
H  266   288                     611.0000000  598.74855  2.01%  9669 1963s
   289   334  600.75217   25 2024  611.00000  598.74855  2.01%  9485 2019s
H  295   334                     610.0000000  598.74855  1.84%  9419 2019s
H  304   334                     609.0000000  598.74855  1.68%  9350 2019s
   335   378  601.08906   28 2030  609.00000  598.74855  1.68%  9155 2069s
   379   394  601.45637   31 2039  609.00000  598.74855  1.68%  8897 2117s
   395   423  601.58868   32 1991  609.00000  598.74855  1.68%  8860 2160s
   424   446  601.98940   35 2015  609.00000  598.74855  1.68%  8748 2202s
   447   462  602.22828   37 1968  609.00000  598.74855  1.68%  8633 2469s
   463   478  602.32264   38 1993  609.00000  598.74855  1.68%  8560 2507s
   479   494  602.41255   39 2007  609.00000  598.74855  1.68%  8493 2553s
   495   510  602.56799   40 2029  609.00000  598.74855  1.68%  8449 2596s
   511   526  602.64719   41 1987  609.00000  598.74855  1.68%  8510 2637s
   527   542  602.76900   42 2003  609.00000  598.74855  1.68%  8457 2689s
   543   563  602.84560   43 1992  609.00000  598.74855  1.68%  8362 2738s
   564   579  603.21801   46 1985  609.00000  598.74855  1.68%  8276 2816s
   580   595  603.35800   47 1959  609.00000  598.74855  1.68%  8226 2900s
   596   611  603.47698   48 1937  609.00000  598.74855  1.68%  8170 2973s
   612   627  603.58553   49 1938  609.00000  598.74855  1.68%  8115 3034s
   628   643  603.71525   50 1931  609.00000  598.74855  1.68%  8058 3117s
H  638   643                     608.0000000  598.74855  1.52%  8009 3117s
   644   659  603.84210   51 1916  608.00000  598.74855  1.52%  7988 3221s
   660   675  603.95707   52 1911  608.00000  598.74855  1.52%  7939 3307s
   676   691  604.04554   53 1928  608.00000  598.74855  1.52%  7894 3372s
   692   707  604.15521   54 1921  608.00000  598.74855  1.52%  7851 3458s
   708   723  604.22253   55 1919  608.00000  598.74855  1.52%  7792 3590s
   724   739  604.26812   56 1913  608.00000  598.74855  1.52%  7749 3676s
   740   755  604.40823   57 1917  608.00000  598.74855  1.52%  7705 3793s
   756   771  604.48340   58 1897  608.00000  598.74855  1.52%  7660 3902s
   772   787  604.58216   59 1884  608.00000  598.74855  1.52%  7619 4028s
   788   803  604.68749   60 1887  608.00000  598.74855  1.52%  7587 4136s
   804   819  604.75273   61 1886  608.00000  598.74855  1.52%  7540 4262s
   820   835  604.78977   62 1898  608.00000  598.74855  1.52%  7508 4373s
   836   851  604.88447   63 1866  608.00000  598.74855  1.52%  7472 4538s
   852   867  604.96539   64 1877  608.00000  598.74855  1.52%  7441 4642s
   868   883  605.05701   65 1886  608.00000  598.74855  1.52%  7394 4768s
   884   899  605.11455   66 1872  608.00000  598.74855  1.52%  7349 4924s
   900   915  605.26107   67 1861  608.00000  598.74855  1.52%  7322 5032s
   916   931  605.34545   68 1850  608.00000  598.74855  1.52%  7290 5140s
   932   953  605.42751   69 1837  608.00000  598.74855  1.52%  7260 5249s
   954   980  605.53359   70 1834  608.00000  598.74855  1.52%  7191 5361s
   981  1013  605.64592   71 1832  608.00000  598.74855  1.52%  7112 5495s
  1016  1042  605.70618   72 1838  608.00000  598.74855  1.52%  7012 5659s
  1059  1084  606.71325   82 1818  608.00000  598.74855  1.52%  6867 5787s
  1129  1121     cutoff   85       608.00000  598.74855  1.52%  6668 5927s
  1210  1180     cutoff   85       608.00000  598.77331  1.52%  6478 6118s
  1293  1260  599.28364    9 2088  608.00000  598.83388  1.51%  6408 6321s
  1381  1317  600.12279   17 2037  608.00000  598.83388  1.51%  6355 6494s
  1438  1381  600.22341   18 2033  608.00000  598.83388  1.51%  6337 6667s
  1502  1429  600.30385   19 2053  608.00000  598.83388  1.51%  6292 6847s
  1550  1445  600.39395   20 2020  608.00000  598.83388  1.51%  6280 7036s
  1566  1461  600.44377   21 2024  608.00000  598.83388  1.51%  6274 7209s
  1582  1477  600.60477   22 2024  608.00000  598.83388  1.51%  6272 7391s
  1598  1493  600.68972   23 2007  608.00000  598.83388  1.51%  6255 7585s
  1614  1521  600.86615   24 1996  608.00000  598.83388  1.51%  6254 7792s
  1642  1569  600.90721   25 1979  608.00000  598.83388  1.51%  6240 8008s
  1690  1587  600.96994   26 2005  608.00000  598.83388  1.51%  6205 8233s
  1708  1651  601.09652   27 2007  608.00000  598.83388  1.51%  6193 8461s
  1772  1775  601.22592   28 1968  608.00000  598.83388  1.51%  6131 8697s
  1896  1812  601.22601   29 1967  608.00000  598.83388  1.51%  6015 8968s
  1933  1882  601.30279   30 1960  608.00000  598.83388  1.51%  6000 9229s
  2003  1977  601.45069   31 1980  608.00000  598.83388  1.51%  5957 9472s
  2099  1978  600.11896   18  359  608.00000  598.83388  1.51%  5881 9519s
  2101  1979  600.17683   20  359  608.00000  598.83388  1.51%  5875 9570s
  2102  1980  605.70625   73  359  608.00000  598.83388  1.51%  5872 9698s
  2103  1981  602.39114   64  359  608.00000  598.83388  1.51%  5869 9710s
  2104  1981  601.26103   29 1077  608.00000  598.83388  1.51%  5867 9725s
  2105  1982  598.97269    8 1077  608.00000  598.83388  1.51%  5864 9775s
  2106  1983  603.91332   66  718  608.00000  598.83388  1.51%  5861 9790s
H 2106  1883                     607.0000000  598.83388  1.35%  5861 9857s
  2107  1883  601.05908   29  359  607.00000  598.83388  1.35%  5858 9867s
  2108  1884  600.90610   26  718  607.00000  598.83388  1.35%  5856 9905s
  2109  1885  600.79482   24  718  607.00000  598.83388  1.35%  5853 9920s
H 2109  1791                     606.0000000  598.83388  1.18%  5853 10071s
  2111  1794  598.83388   13  359  606.00000  598.83388  1.18%  5858 10080s
  2112  1795  598.83388   14  359  606.00000  598.83388  1.18%  5855 10088s
  2113  1794  598.83388   15  359  606.00000  598.83388  1.18%  5853 10097s
  2115  1795  598.83388   14 2025  606.00000  598.83388  1.18%  5851 10108s
  2116  1796  598.83388   15 2045  606.00000  598.83388  1.18%  5850 10123s
  2118  1801  598.83388   16 2020  606.00000  598.83388  1.18%  5854 10148s
  2123  1805  598.83388   17  381  606.00000  598.83388  1.18%  5849 10175s
  2129  1818  598.95934   18 2067  606.00000  598.83388  1.18%  5867 10205s
  2144  1814  599.15465   19 2081  606.00000  598.83388  1.18%  5884 10245s
  2145  1823  598.84379   18 2045  606.00000  598.83388  1.18%  5882 10287s
  2154  1844  599.04829   19 2064  606.00000  598.83388  1.18%  5905 10342s
  2178  1854  599.20799   20 2075  606.00000  598.83388  1.18%  5936 10399s
  2196  1872  599.14010   20 2050  606.00000  598.83388  1.18%  5992 10449s
  2220  1889  599.28035   21 2062  606.00000  598.83388  1.18%  6004 10497s
  2245  1907  599.33870   21 2089  606.00000  598.83388  1.18%  6014 10553s
  2272  1916  599.48443   22 2133  606.00000  598.83388  1.18%  6020 10605s
H 2277  1825                     605.0000000  598.83388  1.02%  6028 10605s
  2290  1851  599.52778   22 2085  605.00000  598.83388  1.02%  6053 10641s
  2321  1876  599.68312   23 2089  605.00000  598.83388  1.02%  6066 10675s
  2356  1886  599.55759   24 2090  605.00000  598.83388  1.02%  6059 10709s
H 2373  1796                     604.0000000  598.83388  0.86%  6055 10709s
  2378  1810  599.88596   26 2067  604.00000  598.83388  0.86%  6058 10747s
  2394  1821  599.91637   26 2082  604.00000  598.83388  0.86%  6058 10780s
  2410  1832  600.03691   27 2092  604.00000  598.83388  0.86%  6080 10808s
  2427  1843  600.10755   27 2087  604.00000  598.83388  0.86%  6076 10836s
  2443  1853  600.09045   28 2080  604.00000  598.83388  0.86%  6075 10864s
  2459  1864  600.10557   28 2082  604.00000  598.83388  0.86%  6073 10898s
  2475  1875  600.27151   29 2080  604.00000  598.83388  0.86%  6070 10925s
  2491  1885  600.23684   29 2075  604.00000  598.83388  0.86%  6066 10960s
  2507  1896  600.27979   30 2079  604.00000  598.83388  0.86%  6061 10986s
  2523  1907  600.50577   30 2068  604.00000  598.83388  0.86%  6053 11012s
  2539  1917  600.32059   31 2096  604.00000  598.83388  0.86%  6048 11043s
  2555  1928  600.34447   31 2047  604.00000  598.83388  0.86%  6044 11076s
  2571  1939  600.46854   32 2079  604.00000  598.83388  0.86%  6038 11112s
  2587  1949  600.43238   32 2053  604.00000  598.83388  0.86%  6031 11144s
  2603  1960  600.58258   33 2079  604.00000  598.83388  0.86%  6025 11182s
  2619  1971  600.53344   33 2071  604.00000  598.83388  0.86%  6017 11220s
  2635  1981  600.68577   34 2054  604.00000  598.83388  0.86%  6007 11260s
  2651  1990  600.70714   34 2030  604.00000  598.83388  0.86%  5997 11297s
  2667  2000  600.77312   35 1998  604.00000  598.83388  0.86%  5996 11337s
  2684  2008  600.79720   35 2036  604.00000  598.83388  0.86%  5992 11384s
  2702  2016  600.84126   36 2005  604.00000  598.83388  0.86%  5983 11428s
  2720  2024  600.87904   36 2018  604.00000  598.83388  0.86%  5974 11477s
  2738  2032  600.98305   37 1977  604.00000  598.83388  0.86%  5965 11527s
  2756  2038  600.99445   37 2011  604.00000  598.83388  0.86%  5952 11590s
  2776  2045  601.01923   38 2002  604.00000  598.83388  0.86%  5941 11657s
  2794  2053  601.02526   38 1975  604.00000  598.83388  0.86%  5937 11714s
  2812  2058  601.12391   39 1972  604.00000  598.83388  0.86%  5929 11771s
  2833  2064  601.17544   39 1988  604.00000  598.83388  0.86%  5924 11831s
  2852  2072  601.18929   40 1949  604.00000  598.83388  0.86%  5919 11901s
  2870  2081  601.33920   40 1995  604.00000  598.83388  0.86%  5917 11975s
  2887  2088  601.20929   41 1978  604.00000  598.83388  0.86%  5917 12065s
  2906  2097  601.30346   41 1969  604.00000  598.83388  0.86%  5913 12151s
  2923  2109  601.39127   42 1971  604.00000  598.83388  0.86%  5913 12221s
  2945  2122  601.47722   42 1969  604.00000  598.83388  0.86%  5914 12295s
  2969  2138  601.50878   43 1988  604.00000  598.83388  0.86%  5910 12370s
  2993  2154  601.58438   43 1962  604.00000  598.83388  0.86%  5905 12460s
  3017  2175  601.68422   44 1980  604.00000  598.83388  0.86%  5895 12567s
  3046  2183  601.77861   44 1978  604.00000  598.83388  0.86%  5886 12653s
  3068  2193  601.85141   45 1987  604.00000  598.83388  0.86%  5876 12769s
  3089  2207  601.81731   45 1988  604.00000  598.83388  0.86%  5870 12859s
  3114  2215  601.93632   46 1963  604.00000  598.83388  0.86%  5863 12962s
  3130  2223  601.89662   46 1992  604.00000  598.83388  0.86%  5854 13085s
  3148  2235  602.04939   47 1957  604.00000  598.83388  0.86%  5850 13189s
  3170  2249  602.04072   47 1949  604.00000  598.83388  0.86%  5838 13289s
  3195  2262  602.10625   48 1976  604.00000  598.83388  0.86%  5827 13437s
  3216  2269  602.18516   48 1974  604.00000  598.83388  0.86%  5819 13564s
  3234  2275  602.30761   49 1975  604.00000  598.83388  0.86%  5810 13676s
  3254  2282  602.29012   49 1959  604.00000  598.83388  0.86%  5806 13823s
  3272  2291  602.37471   50 1932  604.00000  598.83388  0.86%  5797 13981s
  3293  2297  602.35432   50 1955  604.00000  598.83388  0.86%  5788 14109s
  3312  2320  602.44310   51 1935  604.00000  598.83388  0.86%  5780 14249s
  3341  2325  602.49870   51 1943  604.00000  598.83388  0.86%  5767 14397s

Cutting planes:
  MIR: 27
  Flow cover: 184
  Zero half: 39
  Mod-K: 2

Explored 3362 nodes (19369496 simplex iterations) in 14400.03 seconds (43944.67 work units)
Thread count was 32 (of 32 available processors)

Solution count 10: 604 605 606 ... 614

Time limit reached
Best objective 6.040000000000e+02, best bound 5.990000000000e+02, gap 0.8278%

User-callback calls 3301325, time in user-callback 5.79 sec
