
Gurobi 13.0.2 (linux64) logging started Sun Jul 12 22:15:46 2026

Set parameter LogFile to value "/tmp/sweep_20260709_012313_china_alt550km_s10_i2_v6_gurobi.log"
Set parameter Method to value 1
Set parameter NodefileStart to value 4
Set parameter RINS to value 50
Gurobi Optimizer version 13.0.2 build v13.0.2rc1 (linux64 - "Debian GNU/Linux 13 (trixie)")

CPU model: Intel(R) Xeon(R) Platinum 8375C CPU @ 2.90GHz, instruction set [SSE2|AVX|AVX2|AVX512]
Thread count: 16 physical cores, 32 logical processors, using up to 32 threads

Non-default parameters:
TimeLimit  14400
MIPGap  0.001
Method  1
LPWarmStart  1
Heuristics  0.2
MIPFocus  1
NodefileStart  4
RINS  50
Symmetry  2
Cuts  2
CoverCuts  2
LogToConsole  0

Academic license 2812613 - for non-commercial use only - registered to no___@gatech.edu
Optimize a model with 196014 rows, 10770 columns and 11152694 nonzeros (Min)
Model fingerprint: 0xc3e69393
Model has 10770 linear objective coefficients
Variable types: 0 continuous, 10770 integer (10770 binary)
Coefficient statistics:
  Matrix range     [1e+00, 1e+00]
  Objective range  [1e+00, 1e+00]
  Bounds range     [1e+00, 1e+00]
  RHS range        [5e+00, 5e+00]

Found heuristic solution: objective 2592.0000000
Presolve removed 0 rows and 0 columns (presolve time = 5s)...
Presolve removed 0 rows and 0 columns (presolve time = 11s)...
Presolve removed 0 rows and 0 columns (presolve time = 15s)...
Presolve time: 19.02s
Presolved: 196014 rows, 10770 columns, 11152694 nonzeros
Variable types: 0 continuous, 10770 integer (10770 binary)

Root simplex log...

Iteration    Objective       Primal Inf.    Dual Inf.      Time
       0   -0.0000000e+00   0.000000e+00   1.525000e+03     24s
      14    1.8668000e+03   0.000000e+00   0.000000e+00     24s
      14    1.8668000e+03   0.000000e+00   0.000000e+00     24s

Use crossover to convert LP symmetric solution to basic solution...

Root crossover log...

       1 DPushes remaining with DInf 0.0000000e+00                26s
       0 DPushes remaining with DInf 0.0000000e+00                26s

     680 PPushes remaining with PInf 0.0000000e+00                26s
     197 PPushes remaining with PInf 0.0000000e+00                30s
       0 PPushes remaining with PInf 0.0000000e+00                32s

  Push phase complete: Pinf 0.0000000e+00, Dinf 1.6597090e-09     32s


Root simplex log...

Iteration    Objective       Primal Inf.    Dual Inf.      Time
     698    1.8668000e+03   0.000000e+00   0.000000e+00     33s
Crossover time: 8.67 seconds (14.24 work units)

Root relaxation: objective 1.866800e+03, 698 iterations, 12.56 seconds (18.10 work units)

    Nodes    |    Current Node    |     Objective Bounds      |     Work
 Expl Unexpl |  Obj  Depth IntInf | Incumbent    BestBd   Gap | It/Node Time

     0     0 1866.80000    0 2154 2592.00000 1866.80000  28.0%     -   89s
H    0     0                    2154.0000000 1866.80000  13.3%     -   89s
H    0     0                    2106.0000000 1866.80000  11.4%     -   91s
H    0     0                    2079.0000000 1866.80000  10.2%     -   91s
H    0     0                    2074.0000000 1866.80000  10.0%     -   91s
H    0     0                    2072.0000000 1866.80000  9.90%     -   91s
H    0     0                    2063.0000000 1866.80000  9.51%     -   91s
H    0     0                    2057.0000000 1866.80000  9.25%     -   91s
H    0     0                    2056.0000000 1866.80000  9.20%     -   91s
H    0     0                    2055.0000000 1866.80000  9.16%     -   91s
H    0     0                    2054.0000000 1866.80000  9.11%     -   91s
H    0     0                    2053.0000000 1866.80000  9.07%     -   91s
H    0     0                    2052.0000000 1866.80000  9.03%     -   91s
H    0     0                    2051.0000000 1866.80000  8.98%     -   91s
H    0     0                    2050.0000000 1866.80000  8.94%     -   93s
H    0     0                    2046.0000000 1866.80000  8.76%     -   93s
H    0     0                    2031.0000000 1866.80000  8.08%     -   93s
H    0     0                    2029.0000000 1866.80000  7.99%     -   93s
H    0     0                    2028.0000000 1866.80000  7.95%     -   93s
H    0     0                    2026.0000000 1866.80000  7.86%     -   94s
H    0     0                    2025.0000000 1866.80000  7.81%     -   94s
H    0     0                    2024.0000000 1866.80000  7.77%     -   95s
H    0     0                    2023.0000000 1866.80000  7.72%     -   95s
H    0     0                    2022.0000000 1866.80000  7.68%     -   95s
H    0     0                    2018.0000000 1866.80000  7.49%     -   96s
H    0     0                    2017.0000000 1866.80000  7.45%     -   96s
H    0     0                    2015.0000000 1866.80000  7.35%     -   96s
H    0     0                    2014.0000000 1866.80000  7.31%     -   96s
H    0     0                    2013.0000000 1866.80000  7.26%     -   97s
H    0     0                    2012.0000000 1866.80000  7.22%     -   97s
H    0     0                    2006.0000000 1866.80000  6.94%     -   97s
H    0     0                    2003.0000000 1866.80000  6.80%     -   98s
H    0     0                    2002.0000000 1866.80000  6.75%     -  100s
H    0     0                    2001.0000000 1866.80000  6.71%     -  101s
H    0     0                    2000.0000000 1866.80000  6.66%     -  101s
H    0     0                    1999.0000000 1866.80000  6.61%     -  101s
H    0     0                    1998.0000000 1866.80000  6.57%     -  101s
H    0     0                    1997.0000000 1866.80000  6.52%     -  103s
     0     0 1866.80000    0 2154 1997.00000 1866.80000  6.52%     -  136s
     0     0 1866.80000    0 2154 1997.00000 1866.80000  6.52%     -  224s
H    0     0                    1994.0000000 1866.80000  6.38%     -  542s
H    0     0                    1988.0000000 1866.80000  6.10%     -  670s
H    0     2                    1987.0000000 1866.80000  6.05%     -  682s
     0     2 1866.80000    0 2154 1987.00000 1866.80000  6.05%     -  682s
H    1     3                    1981.0000000 1866.80000  5.76%   0.0 1777s
H    1     3                    1956.0000000 1866.80000  4.56%   0.0 1777s
H    2     6                    1954.0000000 1866.80000  4.46%  3978 5444s
H    3     6                    1947.0000000 1866.80000  4.12%  3456 5444s
     3     6 1866.94493    2 3164 1947.00000 1866.80000  4.12%  7584 5447s
     4     6 1866.93465    1 3009 1947.00000 1866.81187  4.12% 42037 5451s
H    5    12                    1944.0000000 1866.81187  3.97% 33630 6382s
H    8    12                    1942.0000000 1866.81187  3.87% 22166 6382s
     9    12 1867.24486    2 2923 1942.00000 1866.83128  3.87% 20566 6386s
    10    12 1867.19599    3 2987 1942.00000 1866.83128  3.87% 18961 6393s
H   11    24                    1941.0000000 1866.83128  3.82% 17237 9195s
H   13    24                    1939.0000000 1866.83128  3.72% 15165 9195s
H   19    24                    1938.0000000 1866.83128  3.67% 10949 9196s
H   23    40                    1937.0000000 1866.83128  3.62%  9821 14133s
H   24    40                    1936.0000000 1866.83128  3.57% 15038 14133s
H   26    40                    1935.0000000 1866.83128  3.52% 25575 14133s
    39    56 1866.87729    6 2991 1935.00000 1866.83128  3.52% 47249 14400s

Cutting planes:
  Flow cover: 11
  Zero half: 53

Explored 55 nodes (1893189 simplex iterations) in 14400.85 seconds (34277.45 work units)
Thread count was 32 (of 32 available processors)

Solution count 10: 1935 1936 1937 ... 1954

Time limit reached
Best objective 1.935000000000e+03, best bound 1.867000000000e+03, gap 3.5142%

User-callback calls 6211512, time in user-callback 7.72 sec
