
Gurobi 13.0.2 (linux64) logging started Fri Jul 17 18:11:38 2026

Set parameter LogFile to value "/tmp/sweep_20260716_013919_north-korea_alt400km_s10_i2_v6_gurobi.log"
Set parameter Method to value 1
Set parameter NodefileStart to value 4
Set parameter RINS to value 50
Gurobi Optimizer version 13.0.2 build v13.0.2rc1 (linux64 - "Debian GNU/Linux 13 (trixie)")

CPU model: Intel(R) Xeon(R) Platinum 8375C CPU @ 2.90GHz, instruction set [SSE2|AVX|AVX2|AVX512]
Thread count: 16 physical cores, 32 logical processors, using up to 32 threads

Non-default parameters:
TimeLimit  14400
MIPGap  0.001
Method  1
LPWarmStart  1
Heuristics  0.2
MIPFocus  1
NodefileStart  4
RINS  50
Symmetry  2
Cuts  2
CoverCuts  2
LogToConsole  0

Academic license 2812613 - for non-commercial use only - registered to no___@gatech.edu
Optimize a model with 2872 rows, 14360 columns and 357564 nonzeros (Min)
Model fingerprint: 0x4cd92cca
Model has 14360 linear objective coefficients
Variable types: 0 continuous, 14360 integer (14360 binary)
Coefficient statistics:
  Matrix range     [1e+00, 1e+00]
  Objective range  [1e+00, 1e+00]
  Bounds range     [1e+00, 1e+00]
  RHS range        [5e+00, 5e+00]

Found heuristic solution: objective 790.0000000
Presolve time: 0.26s
Presolved: 2872 rows, 14360 columns, 357564 nonzeros
Variable types: 0 continuous, 14360 integer (14360 binary)

Root simplex log...

Iteration    Objective       Primal Inf.    Dual Inf.      Time
    8967    4.7087276e+02   7.714980e+03   0.000000e+00      5s
   12957    4.8549000e+02   8.745318e+03   0.000000e+00     10s
   16127    4.9353004e+02   1.098816e+04   0.000000e+00     15s
   19037    5.0033551e+02   7.678075e+03   0.000000e+00     20s
   22197    5.0619244e+02   2.554265e+04   0.000000e+00     25s
Warning: Markowitz tolerance tightened to 0.03125
   25757    5.0827180e+02   1.057614e+05   0.000000e+00     30s
   29447    5.1086119e+02   3.187063e+05   0.000000e+00     35s
   33237    5.1250012e+02   1.517276e+04   0.000000e+00     40s
   36417    5.1285772e+02   6.751723e+03   0.000000e+00     45s
   39367    5.1285784e+02   4.072465e+03   0.000000e+00     50s
   42287    5.1285788e+02   3.024851e+03   0.000000e+00     55s
   45017    5.1285791e+02   5.122700e+02   0.000000e+00     60s
   46841    5.1285714e+02   0.000000e+00   0.000000e+00     64s

Root relaxation: objective 5.128571e+02, 46841 iterations, 63.58 seconds (141.82 work units)

    Nodes    |    Current Node    |     Objective Bounds      |     Work
 Expl Unexpl |  Obj  Depth IntInf | Incumbent    BestBd   Gap | It/Node Time

     0     0  512.85714    0 1940  790.00000  512.85714  35.1%     -  104s
H    0     0                     789.0000000  512.85714  35.0%     -  104s
H    0     0                     664.0000000  512.85714  22.8%     -  104s
H    0     0                     638.0000000  512.85714  19.6%     -  104s
H    0     0                     637.0000000  512.85714  19.5%     -  104s
H    0     0                     616.0000000  512.85714  16.7%     -  104s
H    0     0                     591.0000000  512.85714  13.2%     -  104s
H    0     0                     590.0000000  512.85714  13.1%     -  104s
H    0     0                     587.0000000  512.85714  12.6%     -  104s
H    0     0                     584.0000000  512.85714  12.2%     -  105s
H    0     0                     583.0000000  512.85714  12.0%     -  105s
H    0     0                     581.0000000  512.85714  11.7%     -  106s
H    0     0                     580.0000000  512.85714  11.6%     -  106s
H    0     0                     579.0000000  512.85714  11.4%     -  106s
H    0     0                     578.0000000  512.85714  11.3%     -  107s
H    0     0                     577.0000000  512.85714  11.1%     -  107s
H    0     0                     576.0000000  512.85714  11.0%     -  108s
H    0     0                     575.0000000  512.85714  10.8%     -  110s
H    0     0                     574.0000000  512.85714  10.7%     -  110s
H    0     0                     572.0000000  512.85714  10.3%     -  111s
H    0     0                     571.0000000  512.85714  10.2%     -  111s
H    0     0                     570.0000000  512.85714  10.0%     -  111s
H    0     0                     569.0000000  512.85714  9.87%     -  111s
H    0     0                     568.0000000  512.85714  9.71%     -  111s
H    0     0                     567.0000000  512.85714  9.55%     -  111s
H    0     0                     565.0000000  512.85714  9.23%     -  111s
H    0     0                     564.0000000  512.85714  9.07%     -  112s
H    0     0                     562.0000000  512.85714  8.74%     -  112s
H    0     0                     561.0000000  512.85714  8.58%     -  113s
H    0     0                     560.0000000  512.85714  8.42%     -  114s
H    0     0                     559.0000000  512.85714  8.25%     -  114s
H    0     0                     558.0000000  512.85714  8.09%     -  115s
H    0     0                     557.0000000  512.85714  7.93%     -  143s
H    0     0                     556.0000000  512.85714  7.76%     -  143s
H    0     0                     555.0000000  512.85714  7.59%     -  143s
     0     0  512.85714    0 1875  555.00000  512.85714  7.59%     -  147s
H    0     0                     554.0000000  512.85714  7.43%     -  190s
H    0     0                     553.0000000  512.85714  7.26%     -  193s
H    0     0                     552.0000000  512.85714  7.09%     -  198s
H    0     0                     551.0000000  512.85714  6.92%     -  205s
H    0     0                     550.0000000  512.85714  6.75%     -  206s
H    0     0                     549.0000000  512.85714  6.58%     -  207s
H    0     0                     548.0000000  512.85714  6.41%     -  212s
H    0     0                     547.0000000  512.85714  6.24%     -  221s
     0     0  512.85714    0 1822  547.00000  512.85714  6.24%     -  266s
     0     0  512.85714    0 1736  547.00000  512.85714  6.24%     -  304s
     0     0  512.85714    0 1699  547.00000  512.85714  6.24%     -  337s
     0     0  512.85714    0 1699  547.00000  512.85714  6.24%     -  363s
     0     0  512.85714    0 1626  547.00000  512.85714  6.24%     -  403s
     0     0  512.85714    0 1626  547.00000  512.85714  6.24%     -  430s
     0     0  512.85714    0 1596  547.00000  512.85714  6.24%     -  468s
     0     0  512.85714    0 1596  547.00000  512.85714  6.24%     -  499s
H    0     0                     546.0000000  512.85714  6.07%     -  711s
H    0     0                     544.9999999  512.85714  5.90%     -  726s
H    0     0                     544.0000000  512.85714  5.72%     -  737s
     0     2  512.85714    0 1596  544.00000  512.85714  5.72%     -  814s
     1     3  512.85714    1 1675  544.00000  512.85714  5.72%  1547  853s
     2     6  512.85714    2 1676  544.00000  512.85714  5.72%  1716  917s
     5    11  512.85714    3 1679  544.00000  512.85714  5.72%  2576 1003s
     7    11  512.85714    3 1677  544.00000  512.85714  5.72%  2397 1005s
    10    22  512.85714    4 1687  544.00000  512.85714  5.72%  2348 1099s
    12    22  512.85714    4 1775  544.00000  512.85714  5.72%  2892 1101s
    17    22  512.85714    3 2007  544.00000  512.85714  5.72%  3875 1105s
    21    36  512.85714    5 1743  544.00000  512.85714  5.72%  5146 1204s
    35    63  512.85714    6 1676  544.00000  512.85714  5.72%  3579 1394s
H   43    63                     542.0000000  512.85714  5.38%  3273 1394s
    54    63  512.85714    6 1722  542.00000  512.85714  5.38%  3429 1398s
    63    64  512.85714    7 1596  542.00000  512.85714  5.38%  3161 1699s
    65    65  512.85714    8 1940  542.00000  512.85714  5.38%  3063 1857s
    66    66  512.85714   10 1729  542.00000  512.85714  5.38%  3017 2067s
    67    67  512.85714    6 1676  542.00000  512.85714  5.38%  2972 2181s
    68    67  512.85714    6 1676  542.00000  512.85714  5.38%  2928 2252s
    69    68  512.92857    8 1676  542.00000  512.92857  5.36%  2886 2792s
    71    71  512.92857    8 1596  542.00000  512.92857  5.36%  4644 2881s
    73    72  512.92857    7 1940  542.00000  512.92857  5.36%  4517 3040s
    74    73  512.92857    6 1729  542.00000  512.92857  5.36%  4456 3183s
    75    74  512.92857    9 1676  542.00000  512.92857  5.36%  4396 3255s
    76    74  512.92857    6 1676  542.00000  512.92857  5.36%  4339 3343s
    77    75  512.92857    8 1676  542.00000  512.92857  5.36%  4282 3938s
    79    78  512.92857    7 1596  542.00000  512.92857  5.36%  5595 4016s
    81    79  512.92857    7 1940  542.00000  512.92857  5.36%  5457 4173s
    82    80  512.92857    6 1729  542.00000  512.92857  5.36%  5390 4315s
    83    81  512.92857    7 1676  542.00000  512.92857  5.36%  5325 4369s
    84    81  512.92857    7 1676  542.00000  512.92857  5.36%  5262 4454s
    85    82  512.92857    7 1676  542.00000  512.92857  5.36%  5200 5087s
    87    85  512.92857    7 1596  542.00000  512.92857  5.36%  6371 5165s
    89    86  512.92857    7 1940  542.00000  512.92857  5.36%  6228 5321s
    90    87  512.92857    7 1729  542.00000  512.92857  5.36%  6159 5463s
    91    88  512.92857    6 1676  542.00000  512.92857  5.36%  6091 5513s
    92    88  512.92857    6 1676  542.00000  512.92857  5.36%  6025 5599s
    93    89  512.92857    6 1676  542.00000  512.92857  5.36%  5960 6285s
    95    92  512.92857    6 1596  542.00000  512.92857  5.36%  7016 6363s
    97    93  512.92857    6 1940  542.00000  512.92857  5.36%  6872 6520s
    98    94  512.92857    6 1729  542.00000  512.92857  5.36%  6802 6662s
H   98    89                     541.0000000  512.92857  5.19%  6802 6682s
    99    90  512.92857    3 1676  541.00000  512.92857  5.19%  6733 6733s
   100    90  512.92857   10 1676  541.00000  512.92857  5.19%  6666 6818s
   101    91  512.92857    6 1676  541.00000  512.92857  5.19%  6600 7577s
   103    94  512.92857    6 1596  541.00000  512.92857  5.19%  7561 7654s
   105    95  512.92857    7 1940  541.00000  512.92857  5.19%  7417 7809s
   106    96  512.92857    7 1711  541.00000  512.92857  5.19%  7347 8040s
   107    97  512.92857    9 1711  541.00000  512.92857  5.19%  7279 8127s
   108    97  512.92857    8 1711  541.00000  512.92857  5.19%  7211 8918s
   110   100  512.92857    8 1596  541.00000  512.92857  5.19%  8079 8995s
   112   101  512.92857    6 1940  541.00000  512.92857  5.19%  7934 9152s
   113   102  512.92857    7 1711  541.00000  512.92857  5.19%  7864 9370s
   114   103  512.92857    7 1711  541.00000  512.92857  5.19%  7795 9460s
   115   103  512.92857    9 1711  541.00000  512.92857  5.19%  7727 10326s
   117   106  512.92857    5 1596  541.00000  512.92857  5.19%  8534 10402s
   119   107  512.92857    8 1940  541.00000  512.92857  5.19%  8391 10557s
   120   108  512.92857    7 1711  541.00000  512.92857  5.19%  8321 10778s
   121   109  512.92857    7 1711  541.00000  512.92857  5.19%  8252 10867s
   122   109  512.92857    6 1711  541.00000  512.92857  5.19%  8184 11716s
   124   112  512.92857    7 1596  541.00000  512.92857  5.19%  8938 11792s
   126   113  512.92857    7 1940  541.00000  512.92857  5.19%  8796 11946s
   127   114  512.92857    7 1711  541.00000  512.92857  5.19%  8727 12175s
   128   115  512.92857    3 1711  541.00000  512.92857  5.19%  8659 12262s
   129   115  512.92857    7 1711  541.00000  512.92857  5.19%  8591 13127s
   131   118  512.92857    8 1596  541.00000  512.92857  5.19%  9299 13203s
   133   119  512.92857    6 1940  541.00000  512.92857  5.19%  9159 13358s
   134   120  512.92857    7 1711  541.00000  512.92857  5.19%  9090 13585s
   135   121  512.92857    8 1711  541.00000  512.92857  5.19%  9023 13674s

Explored 135 nodes (1476956 simplex iterations) in 14400.05 seconds (31172.91 work units)
Thread count was 32 (of 32 available processors)

Solution count 10: 541 542 544 ... 551

Time limit reached
Best objective 5.410000000000e+02, best bound 5.130000000000e+02, gap 5.1756%

User-callback calls 2179898, time in user-callback 5.41 sec
