
Gurobi 13.0.2 (linux64) logging started Fri Jun 26 11:21:06 2026

Set parameter LogFile to value "/tmp/sweep_20260625_231022_china_alt400km_s100_i4_v4_gurobi.log"
Set parameter Method to value 1
Set parameter NodefileStart to value 4
Set parameter RINS to value 50
Gurobi Optimizer version 13.0.2 build v13.0.2rc1 (linux64 - "Debian GNU/Linux 13 (trixie)")

CPU model: Intel(R) Xeon(R) Platinum 8375C CPU @ 2.90GHz, instruction set [SSE2|AVX|AVX2|AVX512]
Thread count: 16 physical cores, 32 logical processors, using up to 32 threads

Non-default parameters:
TimeLimit  21600
MIPGap  0.01
Method  1
LPWarmStart  1
Heuristics  0.2
MIPFocus  1
NodefileStart  4
RINS  50
Symmetry  2
Cuts  2
CoverCuts  2
LogToConsole  0

Academic license 2812613 - for non-commercial use only - registered to no___@gatech.edu
Optimize a model with 392028 rows, 71800 columns and 62389892 nonzeros (Min)
Model fingerprint: 0xbe9a32f7
Model has 71800 linear objective coefficients
Variable types: 0 continuous, 71800 integer (71800 binary)
Coefficient statistics:
  Matrix range     [1e+00, 1e+00]
  Objective range  [1e+00, 1e+00]
  Bounds range     [1e+00, 1e+00]
  RHS range        [2e+01, 2e+01]

Found heuristic solution: objective 20104.000000
Presolve removed 0 rows and 0 columns (presolve time = 10s)...
Presolve removed 0 rows and 0 columns (presolve time = 10s)...
Presolve removed 0 rows and 0 columns (presolve time = 18s)...
Presolve removed 0 rows and 0 columns (presolve time = 25s)...
Presolve removed 0 rows and 0 columns (presolve time = 32s)...
Presolve removed 0 rows and 0 columns (presolve time = 41s)...
Presolve removed 0 rows and 0 columns (presolve time = 49s)...
Presolve removed 0 rows and 0 columns (presolve time = 50s)...
Presolve removed 0 rows and 0 columns (presolve time = 65s)...
Presolve removed 0 rows and 0 columns (presolve time = 72s)...
Presolve removed 0 rows and 0 columns (presolve time = 79s)...
Presolve removed 0 rows and 0 columns (presolve time = 87s)...
Presolve removed 0 rows and 0 columns (presolve time = 90s)...
Presolve removed 0 rows and 0 columns (presolve time = 97s)...
Presolve removed 0 rows and 0 columns (presolve time = 100s)...
Presolve removed 0 rows and 0 columns (presolve time = 105s)...
Presolve removed 0 rows and 0 columns (presolve time = 110s)...
Presolve removed 0 rows and 0 columns (presolve time = 115s)...
Presolve removed 0 rows and 0 columns (presolve time = 120s)...
Presolve removed 0 rows and 0 columns (presolve time = 125s)...
Presolve removed 0 rows and 0 columns (presolve time = 135s)...
Presolve removed 0 rows and 0 columns (presolve time = 136s)...
Presolve removed 0 rows and 0 columns (presolve time = 140s)...
Presolve removed 0 rows and 0 columns (presolve time = 148s)...
Presolve removed 0 rows and 0 columns (presolve time = 150s)...
Presolve removed 0 rows and 0 columns (presolve time = 155s)...
Presolve removed 0 rows and 0 columns (presolve time = 160s)...
Presolve removed 0 rows and 0 columns (presolve time = 165s)...
Presolve removed 0 rows and 0 columns (presolve time = 171s)...
Presolve removed 0 rows and 0 columns (presolve time = 180s)...
Presolve removed 0 rows and 0 columns (presolve time = 180s)...
Presolve removed 0 rows and 0 columns (presolve time = 201s)...
Presolve removed 0 rows and 0 columns (presolve time = 205s)...
Presolve removed 0 rows and 0 columns (presolve time = 210s)...
Presolve removed 0 rows and 0 columns (presolve time = 215s)...
Presolve removed 0 rows and 0 columns (presolve time = 220s)...
Presolve removed 0 rows and 0 columns (presolve time = 225s)...
Presolve removed 0 rows and 0 columns (presolve time = 230s)...
Presolve removed 0 rows and 0 columns (presolve time = 235s)...
Presolve removed 0 rows and 0 columns (presolve time = 240s)...
Presolve removed 0 rows and 0 columns (presolve time = 245s)...
Presolve removed 0 rows and 0 columns (presolve time = 250s)...
Presolve removed 0 rows and 0 columns (presolve time = 255s)...
Presolve removed 0 rows and 0 columns (presolve time = 260s)...
Presolve removed 0 rows and 0 columns (presolve time = 265s)...
Presolve removed 0 rows and 0 columns (presolve time = 270s)...
Presolve removed 0 rows and 0 columns (presolve time = 275s)...
Presolve removed 0 rows and 0 columns (presolve time = 280s)...
Presolve removed 0 rows and 0 columns (presolve time = 285s)...
Presolve removed 0 rows and 0 columns (presolve time = 290s)...
Presolve removed 0 rows and 0 columns (presolve time = 295s)...
Presolve removed 0 rows and 0 columns (presolve time = 300s)...
Presolve removed 0 rows and 0 columns (presolve time = 305s)...
Presolve removed 0 rows and 0 columns (presolve time = 310s)...
Presolve removed 0 rows and 0 columns (presolve time = 315s)...
Presolve removed 0 rows and 0 columns (presolve time = 320s)...
Presolve removed 0 rows and 0 columns (presolve time = 325s)...
Presolve removed 0 rows and 0 columns (presolve time = 330s)...
Presolve removed 0 rows and 0 columns (presolve time = 335s)...
Presolve removed 0 rows and 0 columns (presolve time = 340s)...
Presolve removed 0 rows and 0 columns (presolve time = 345s)...
Presolve removed 0 rows and 0 columns (presolve time = 350s)...
Presolve removed 0 rows and 0 columns (presolve time = 355s)...
Presolve removed 0 rows and 0 columns (presolve time = 360s)...
Presolve removed 0 rows and 0 columns (presolve time = 365s)...
Presolve removed 0 rows and 0 columns (presolve time = 370s)...
Presolve removed 0 rows and 0 columns (presolve time = 375s)...
Presolve removed 0 rows and 0 columns (presolve time = 380s)...
Presolve removed 0 rows and 0 columns (presolve time = 385s)...
Presolve removed 0 rows and 0 columns (presolve time = 390s)...
Presolve removed 0 rows and 0 columns (presolve time = 395s)...
Presolve removed 0 rows and 0 columns (presolve time = 400s)...
Presolve removed 0 rows and 0 columns (presolve time = 405s)...
Presolve removed 0 rows and 0 columns (presolve time = 410s)...
Presolve removed 0 rows and 0 columns (presolve time = 415s)...
Presolve removed 0 rows and 0 columns (presolve time = 420s)...
Presolve removed 0 rows and 0 columns (presolve time = 425s)...
Presolve removed 0 rows and 0 columns (presolve time = 430s)...
Presolve removed 0 rows and 0 columns (presolve time = 435s)...
Presolve removed 0 rows and 0 columns (presolve time = 440s)...
Presolve removed 0 rows and 0 columns (presolve time = 445s)...
Presolve removed 0 rows and 0 columns (presolve time = 450s)...
Presolve removed 0 rows and 0 columns (presolve time = 455s)...
Presolve removed 0 rows and 0 columns (presolve time = 460s)...
Presolve removed 0 rows and 0 columns (presolve time = 465s)...
Presolve removed 0 rows and 0 columns (presolve time = 470s)...
Presolve removed 0 rows and 0 columns (presolve time = 475s)...
Presolve removed 0 rows and 0 columns (presolve time = 480s)...
Presolve removed 0 rows and 0 columns (presolve time = 485s)...
Presolve removed 0 rows and 0 columns (presolve time = 490s)...
Presolve removed 0 rows and 0 columns (presolve time = 495s)...
Presolve removed 0 rows and 0 columns (presolve time = 500s)...
Presolve removed 0 rows and 0 columns (presolve time = 505s)...
Presolve removed 0 rows and 0 columns (presolve time = 510s)...
Presolve removed 0 rows and 0 columns (presolve time = 515s)...
Presolve removed 0 rows and 0 columns (presolve time = 520s)...
Presolve removed 0 rows and 0 columns (presolve time = 525s)...
Presolve removed 0 rows and 0 columns (presolve time = 530s)...
Presolve removed 0 rows and 0 columns (presolve time = 535s)...
Presolve removed 0 rows and 0 columns (presolve time = 540s)...
Presolve removed 0 rows and 0 columns (presolve time = 545s)...
Presolve removed 0 rows and 0 columns (presolve time = 550s)...
Presolve removed 0 rows and 0 columns (presolve time = 555s)...
Presolve removed 0 rows and 0 columns (presolve time = 560s)...
Presolve removed 0 rows and 0 columns (presolve time = 565s)...
Presolve removed 0 rows and 0 columns (presolve time = 570s)...
Presolve removed 0 rows and 0 columns (presolve time = 575s)...
Presolve removed 0 rows and 0 columns (presolve time = 580s)...
Presolve removed 0 rows and 0 columns (presolve time = 585s)...
Presolve removed 0 rows and 0 columns (presolve time = 590s)...
Presolve removed 0 rows and 0 columns (presolve time = 595s)...
Presolve removed 0 rows and 0 columns (presolve time = 600s)...
Presolve removed 0 rows and 0 columns (presolve time = 605s)...
Presolve removed 0 rows and 0 columns (presolve time = 610s)...
Presolve removed 0 rows and 0 columns (presolve time = 615s)...
Presolve removed 0 rows and 0 columns (presolve time = 620s)...
Presolve removed 0 rows and 0 columns (presolve time = 625s)...
Presolve removed 0 rows and 0 columns (presolve time = 630s)...
Presolve removed 0 rows and 0 columns (presolve time = 635s)...
Presolve removed 0 rows and 0 columns (presolve time = 640s)...
Presolve removed 0 rows and 0 columns (presolve time = 645s)...
Presolve removed 0 rows and 0 columns (presolve time = 650s)...
Presolve removed 0 rows and 0 columns (presolve time = 655s)...
Presolve removed 0 rows and 0 columns (presolve time = 660s)...
Presolve removed 0 rows and 0 columns (presolve time = 665s)...
Presolve removed 0 rows and 0 columns (presolve time = 670s)...
Presolve removed 0 rows and 0 columns (presolve time = 675s)...
Presolve removed 0 rows and 0 columns (presolve time = 680s)...
Presolve removed 0 rows and 0 columns (presolve time = 685s)...
Presolve removed 0 rows and 0 columns (presolve time = 690s)...
Presolve removed 0 rows and 0 columns (presolve time = 695s)...
Presolve removed 0 rows and 0 columns (presolve time = 700s)...
Presolve removed 0 rows and 0 columns (presolve time = 705s)...
Presolve removed 0 rows and 0 columns (presolve time = 710s)...
Presolve removed 0 rows and 0 columns (presolve time = 715s)...
Presolve removed 0 rows and 0 columns (presolve time = 720s)...
Presolve removed 0 rows and 0 columns (presolve time = 725s)...
Presolve removed 0 rows and 0 columns (presolve time = 730s)...
Presolve removed 0 rows and 0 columns (presolve time = 735s)...
Presolve removed 0 rows and 0 columns (presolve time = 740s)...
Presolve removed 0 rows and 0 columns (presolve time = 745s)...
Presolve removed 0 rows and 0 columns (presolve time = 750s)...
Presolve removed 0 rows and 0 columns (presolve time = 755s)...
Presolve removed 0 rows and 0 columns (presolve time = 760s)...
Presolve removed 0 rows and 0 columns (presolve time = 765s)...
Presolve removed 0 rows and 0 columns (presolve time = 770s)...
Presolve removed 0 rows and 0 columns (presolve time = 775s)...
Presolve removed 0 rows and 0 columns (presolve time = 780s)...
Presolve removed 0 rows and 0 columns (presolve time = 785s)...
Presolve removed 0 rows and 0 columns (presolve time = 790s)...
Presolve removed 0 rows and 0 columns (presolve time = 795s)...
Presolve removed 0 rows and 0 columns (presolve time = 800s)...
Presolve removed 0 rows and 0 columns (presolve time = 805s)...
Presolve removed 0 rows and 0 columns (presolve time = 810s)...
Presolve removed 0 rows and 0 columns (presolve time = 815s)...
Presolve removed 0 rows and 0 columns (presolve time = 820s)...
Presolve removed 0 rows and 0 columns (presolve time = 825s)...
Presolve removed 0 rows and 0 columns (presolve time = 830s)...
Presolve removed 0 rows and 0 columns (presolve time = 835s)...
Presolve removed 0 rows and 0 columns (presolve time = 840s)...
Presolve removed 0 rows and 0 columns (presolve time = 845s)...
Presolve removed 0 rows and 0 columns (presolve time = 850s)...
Presolve removed 0 rows and 0 columns (presolve time = 855s)...
Presolve removed 0 rows and 0 columns (presolve time = 860s)...
Presolve removed 0 rows and 0 columns (presolve time = 865s)...
Presolve removed 0 rows and 0 columns (presolve time = 870s)...
Presolve removed 0 rows and 0 columns (presolve time = 875s)...
Presolve removed 0 rows and 0 columns (presolve time = 880s)...
Presolve removed 0 rows and 0 columns (presolve time = 885s)...
Presolve removed 0 rows and 0 columns (presolve time = 890s)...
Presolve removed 0 rows and 0 columns (presolve time = 895s)...
Presolve removed 0 rows and 0 columns (presolve time = 900s)...
Presolve removed 0 rows and 0 columns (presolve time = 905s)...
Presolve removed 0 rows and 0 columns (presolve time = 910s)...
Presolve removed 0 rows and 0 columns (presolve time = 915s)...
Presolve removed 0 rows and 0 columns (presolve time = 920s)...
Presolve removed 0 rows and 0 columns (presolve time = 925s)...
Presolve removed 0 rows and 0 columns (presolve time = 935s)...
Presolve time: 935.21s
Presolved: 392028 rows, 71800 columns, 62389892 nonzeros
Variable types: 0 continuous, 71800 integer (71800 binary)

Root simplex log...

Iteration    Objective       Primal Inf.    Dual Inf.      Time
       0   -0.0000000e+00   0.000000e+00   7.500000e+03    973s
      84    1.1283655e+04   0.000000e+00   0.000000e+00    973s
      84    1.1283655e+04   0.000000e+00   0.000000e+00    973s

Use crossover to convert LP symmetric solution to basic solution...

Root crossover log...

  367684 variables added to crossover basis                      980s
  372364 variables added to crossover basis                      985s
  373024 variables added to crossover basis                      990s
  373414 variables added to crossover basis                      995s
  373684 variables added to crossover basis                     1000s
  373924 variables added to crossover basis                     1006s
  374104 variables added to crossover basis                     1010s
  374284 variables added to crossover basis                     1015s
  374434 variables added to crossover basis                     1020s
  374584 variables added to crossover basis                     1025s
  374734 variables added to crossover basis                     1031s
  374854 variables added to crossover basis                     1036s
  374974 variables added to crossover basis                     1040s
  375124 variables added to crossover basis                     1045s
  375274 variables added to crossover basis                     1050s
  375394 variables added to crossover basis                     1055s
  375514 variables added to crossover basis                     1060s
  375634 variables added to crossover basis                     1066s
  375724 variables added to crossover basis                     1070s
  375844 variables added to crossover basis                     1076s
  375964 variables added to crossover basis                     1082s
  376054 variables added to crossover basis                     1086s
  376144 variables added to crossover basis                     1090s
  376264 variables added to crossover basis                     1096s
  376354 variables added to crossover basis                     1101s
  376444 variables added to crossover basis                     1106s
  376534 variables added to crossover basis                     1111s
  376624 variables added to crossover basis                     1116s
  376684 variables added to crossover basis                     1120s
  376774 variables added to crossover basis                     1126s
  377074 variables added to crossover basis                     1130s
  377494 variables added to crossover basis                     1135s
  377854 variables added to crossover basis                     1140s
  378214 variables added to crossover basis                     1145s
  378544 variables added to crossover basis                     1150s
  378934 variables added to crossover basis                     1155s
  379354 variables added to crossover basis                     1160s
  379714 variables added to crossover basis                     1165s
  380074 variables added to crossover basis                     1170s
  380404 variables added to crossover basis                     1175s
  380794 variables added to crossover basis                     1180s
  381214 variables added to crossover basis                     1185s
  381574 variables added to crossover basis                     1190s
  381964 variables added to crossover basis                     1195s
  382264 variables added to crossover basis                     1200s
  382534 variables added to crossover basis                     1206s
  382684 variables added to crossover basis                     1211s
  382834 variables added to crossover basis                     1216s
  382984 variables added to crossover basis                     1221s
  383104 variables added to crossover basis                     1225s
  383254 variables added to crossover basis                     1231s
  383374 variables added to crossover basis                     1236s
  383494 variables added to crossover basis                     1241s
  383614 variables added to crossover basis                     1246s
  383734 variables added to crossover basis                     1250s
  383854 variables added to crossover basis                     1255s
  383974 variables added to crossover basis                     1260s
  384124 variables added to crossover basis                     1266s
  384244 variables added to crossover basis                     1271s
  384364 variables added to crossover basis                     1275s
  384484 variables added to crossover basis                     1280s
  384604 variables added to crossover basis                     1285s
  384724 variables added to crossover basis                     1290s
  384844 variables added to crossover basis                     1296s
  384934 variables added to crossover basis                     1300s
  385054 variables added to crossover basis                     1306s
  385294 variables added to crossover basis                     1310s
  385654 variables added to crossover basis                     1315s
  385954 variables added to crossover basis                     1320s
  386224 variables added to crossover basis                     1325s
  386494 variables added to crossover basis                     1330s
  386734 variables added to crossover basis                     1336s
  386944 variables added to crossover basis                     1340s
  387124 variables added to crossover basis                     1345s
  387334 variables added to crossover basis                     1350s
  387514 variables added to crossover basis                     1355s
  387694 variables added to crossover basis                     1360s
  387844 variables added to crossover basis                     1365s
  388024 variables added to crossover basis                     1370s
  388174 variables added to crossover basis                     1375s
  388354 variables added to crossover basis                     1380s
  388504 variables added to crossover basis                     1385s
  388684 variables added to crossover basis                     1390s
  388834 variables added to crossover basis                     1395s
  389014 variables added to crossover basis                     1401s
  389164 variables added to crossover basis                     1406s
  389314 variables added to crossover basis                     1411s
  389464 variables added to crossover basis                     1415s
  389614 variables added to crossover basis                     1420s
  389764 variables added to crossover basis                     1425s
  389944 variables added to crossover basis                     1431s
  390064 variables added to crossover basis                     1435s
  390214 variables added to crossover basis                     1440s
  390364 variables added to crossover basis                     1446s
  390514 variables added to crossover basis                     1451s
  390664 variables added to crossover basis                     1456s
  390814 variables added to crossover basis                     1461s
  390934 variables added to crossover basis                     1465s
  391084 variables added to crossover basis                     1471s
  391204 variables added to crossover basis                     1476s
  391324 variables added to crossover basis                     1480s
  391474 variables added to crossover basis                     1486s
  391594 variables added to crossover basis                     1491s
  391714 variables added to crossover basis                     1495s
  391864 variables added to crossover basis                     1501s
  391984 variables added to crossover basis                     1505s

       0 DPushes remaining with DInf 0.0000000e+00              2901s

       0 PPushes remaining with PInf 0.0000000e+00              2902s

  Push phase complete: Pinf 0.0000000e+00, Dinf 1.2246593e-07   2904s


Root simplex log...

Iteration    Objective       Primal Inf.    Dual Inf.      Time
      87    1.1283655e+04   0.000000e+00   0.000000e+00   3345s
Crossover time: 2371.74 seconds (6176.28 work units)

Root relaxation: objective 1.128366e+04, 87 iterations, 2403.20 seconds (6198.76 work units)

    Nodes    |    Current Node    |     Objective Bounds      |     Work
 Expl Unexpl |  Obj  Depth IntInf | Incumbent    BestBd   Gap | It/Node Time

     0     0 11283.6553    0 27284 20104.0000 11283.6553  43.9%     - 5557s
H    0     0                    15100.000000 11283.6553  25.3%     - 5558s
H    0     0                    14097.000000 11283.6553  20.0%     - 5558s
H    0     0                    13397.000000 11283.6553  15.8%     - 5559s
H    0     0                    12924.000000 11283.6553  12.7%     - 5595s
H    0     0                    12390.000000 11283.6553  8.93%     - 5595s
H    0     0                    12367.000000 11283.6553  8.76%     - 5596s
H    0     0                    12292.000000 11283.6553  8.20%     - 5596s
H    0     0                    12256.000000 11283.6553  7.93%     - 5596s
H    0     0                    12215.000000 11283.6553  7.62%     - 5596s
H    0     0                    12213.000000 11283.6553  7.61%     - 5597s
H    0     0                    12211.000000 11283.6553  7.59%     - 5608s
H    0     0                    12210.000000 11283.6553  7.59%     - 5609s
H    0     0                    12208.000000 11283.6553  7.57%     - 5621s

Explored 1 nodes (87 simplex iterations) in 21601.00 seconds (31528.76 work units)
Thread count was 32 (of 32 available processors)

Solution count 10: 12208 12210 12211 ... 12924

Time limit reached
Best objective 1.220800000000e+04, best bound 1.128400000000e+04, gap 7.5688%

User-callback calls 303981, time in user-callback 1.40 sec
