
Gurobi 13.0.2 (linux64) logging started Tue Jun 23 04:20:36 2026

Set parameter LogFile to value "/tmp/sweep_20260623_041454_china_alt400km_s1_i4_v10_gurobi.log"
Set parameter Method to value 1
Set parameter NodefileStart to value 4
Set parameter RINS to value 50
Gurobi Optimizer version 13.0.2 build v13.0.2rc1 (linux64 - "Debian GNU/Linux 13 (trixie)")

CPU model: Intel(R) Xeon(R) Platinum 8375C CPU @ 2.90GHz, instruction set [SSE2|AVX|AVX2|AVX512]
Thread count: 16 physical cores, 32 logical processors, using up to 32 threads

Non-default parameters:
TimeLimit  21600
MIPGap  0.01
Method  1
LPWarmStart  1
Heuristics  0.2
MIPFocus  1
NodefileStart  4
RINS  50
Symmetry  2
Cuts  2
CoverCuts  2
LogToConsole  0

Academic license 2812613 - for non-commercial use only - registered to no___@gatech.edu
Optimize a model with 392028 rows, 35900 columns and 160807588 nonzeros (Min)
Model fingerprint: 0xf04e27d8
Model has 35900 linear objective coefficients
Variable types: 0 continuous, 35900 integer (35900 binary)
Coefficient statistics:
  Matrix range     [1e+00, 1e+00]
  Objective range  [1e+00, 1e+00]
  Bounds range     [1e+00, 1e+00]
  RHS range        [1e+00, 1e+00]

Found heuristic solution: objective 392.0000000
Presolve removed 0 rows and 0 columns (presolve time = 7s)...
Presolve removed 0 rows and 0 columns (presolve time = 23s)...
Presolve removed 0 rows and 0 columns (presolve time = 26s)...
Presolve removed 0 rows and 0 columns (presolve time = 42s)...
Presolve removed 0 rows and 0 columns (presolve time = 56s)...
Presolve removed 0 rows and 0 columns (presolve time = 72s)...
Presolve removed 0 rows and 0 columns (presolve time = 93s)...
Presolve removed 0 rows and 0 columns (presolve time = 116s)...
Presolve removed 0 rows and 0 columns (presolve time = 120s)...
Presolve removed 0 rows and 0 columns (presolve time = 125s)...
Presolve removed 0 rows and 0 columns (presolve time = 130s)...
Presolve removed 0 rows and 0 columns (presolve time = 135s)...
Presolve removed 0 rows and 0 columns (presolve time = 140s)...
Presolve removed 0 rows and 0 columns (presolve time = 145s)...
Presolve removed 0 rows and 0 columns (presolve time = 150s)...
Presolve removed 0 rows and 0 columns (presolve time = 184s)...
Presolve removed 0 rows and 0 columns (presolve time = 201s)...
Presolve removed 0 rows and 0 columns (presolve time = 218s)...
Presolve removed 0 rows and 0 columns (presolve time = 234s)...
Presolve removed 0 rows and 0 columns (presolve time = 235s)...
Presolve removed 0 rows and 0 columns (presolve time = 240s)...
Presolve removed 0 rows and 0 columns (presolve time = 245s)...
Presolve removed 0 rows and 0 columns (presolve time = 255s)...
Presolve removed 0 rows and 0 columns (presolve time = 275s)...
Presolve removed 0 rows and 0 columns (presolve time = 281s)...
Presolve removed 0 rows and 0 columns (presolve time = 289s)...
Presolve removed 0 rows and 0 columns (presolve time = 292s)...
Presolve removed 0 rows and 0 columns (presolve time = 307s)...
Presolve removed 0 rows and 0 columns (presolve time = 310s)...
Presolve removed 0 rows and 0 columns (presolve time = 315s)...
Presolve removed 0 rows and 0 columns (presolve time = 320s)...
Presolve removed 0 rows and 0 columns (presolve time = 325s)...
Presolve removed 0 rows and 0 columns (presolve time = 330s)...
Presolve removed 0 rows and 0 columns (presolve time = 335s)...
Presolve removed 0 rows and 0 columns (presolve time = 340s)...
Presolve removed 0 rows and 0 columns (presolve time = 345s)...
Presolve removed 0 rows and 0 columns (presolve time = 350s)...
Presolve removed 0 rows and 0 columns (presolve time = 355s)...
Presolve removed 0 rows and 0 columns (presolve time = 360s)...
Presolve removed 0 rows and 0 columns (presolve time = 365s)...
Presolve removed 0 rows and 0 columns (presolve time = 370s)...
Presolve removed 0 rows and 0 columns (presolve time = 395s)...
Presolve removed 0 rows and 0 columns (presolve time = 434s)...
Presolve removed 0 rows and 0 columns (presolve time = 439s)...
Presolve removed 0 rows and 0 columns (presolve time = 468s)...
Presolve removed 0 rows and 0 columns (presolve time = 491s)...
Presolve time: 490.55s
Presolved: 392028 rows, 35900 columns, 160807588 nonzeros
Variable types: 0 continuous, 35900 integer (35900 binary)

Root simplex log...

Iteration    Objective       Primal Inf.    Dual Inf.      Time
       0   -0.0000000e+00   0.000000e+00   6.825000e+01    581s
      39    1.1185869e+02   0.000000e+00   0.000000e+00    581s
      39    1.1185869e+02   0.000000e+00   0.000000e+00    581s

Use crossover to convert LP symmetric solution to basic solution...

Root crossover log...

  381976 variables added to crossover basis                      591s
  386146 variables added to crossover basis                      595s
  387976 variables added to crossover basis                      600s
  389326 variables added to crossover basis                      605s
  390106 variables added to crossover basis                      610s
  390766 variables added to crossover basis                      615s
  391336 variables added to crossover basis                      620s
  391816 variables added to crossover basis                      625s

       0 DPushes remaining with DInf 0.0000000e+00               635s

       0 PPushes remaining with PInf 0.0000000e+00               636s

  Push phase complete: Pinf 0.0000000e+00, Dinf 1.8728266e-09    636s


Root simplex log...

Iteration    Objective       Primal Inf.    Dual Inf.      Time
      42    1.1185869e+02   0.000000e+00   0.000000e+00    650s
Crossover time: 67.32 seconds (90.28 work units)

Root relaxation: objective 1.118587e+02, 42 iterations, 142.76 seconds (148.73 work units)

    Nodes    |    Current Node    |     Objective Bounds      |     Work
 Expl Unexpl |  Obj  Depth IntInf | Incumbent    BestBd   Gap | It/Node Time

     0     0  111.85869    0 10052  392.00000  111.85869  71.5%     -  670s
H    0     0                     391.0000000  111.85869  71.4%     -  672s
H    0     0                     348.0000000  111.85869  67.9%     -  899s
     0     0          -    0       348.00000  111.85869  67.9%     - 21600s

Cutting planes:
  MIR: 117
  Flow cover: 316

Explored 1 nodes (84433 simplex iterations) in 21601.34 seconds (41304.61 work units)
Thread count was 32 (of 32 available processors)

Solution count 3: 348 391 392 

Time limit reached
Best objective 3.480000000000e+02, best bound 1.120000000000e+02, gap 67.8161%

User-callback calls 85566, time in user-callback 0.40 sec
