
Gurobi 13.0.2 (linux64) logging started Thu Jul 16 09:49:05 2026

Set parameter LogFile to value "/tmp/sweep_20260716_013919_north-korea_alt260km_s10_i6_v10_gurobi.log"
Set parameter Method to value 1
Set parameter NodefileStart to value 4
Set parameter RINS to value 50
Gurobi Optimizer version 13.0.2 build v13.0.2rc1 (linux64 - "Debian GNU/Linux 13 (trixie)")

CPU model: Intel(R) Xeon(R) Platinum 8375C CPU @ 2.90GHz, instruction set [SSE2|AVX|AVX2|AVX512]
Thread count: 16 physical cores, 32 logical processors, using up to 32 threads

Non-default parameters:
TimeLimit  14400
MIPGap  0.001
Method  1
LPWarmStart  1
Heuristics  0.2
MIPFocus  1
NodefileStart  4
RINS  50
Symmetry  2
Cuts  2
CoverCuts  2
LogToConsole  0

Academic license 2812613 - for non-commercial use only - registered to no___@gatech.edu
Optimize a model with 1436 rows, 7180 columns and 116316 nonzeros (Min)
Model fingerprint: 0x417ca0cc
Model has 7180 linear objective coefficients
Variable types: 0 continuous, 7180 integer (7180 binary)
Coefficient statistics:
  Matrix range     [1e+00, 1e+00]
  Objective range  [1e+00, 1e+00]
  Bounds range     [1e+00, 1e+00]
  RHS range        [2e+00, 2e+00]

Found heuristic solution: objective 242.0000000
Presolve removed 718 rows and 6462 columns
Presolve time: 0.04s
Presolved: 718 rows, 718 columns, 7180 nonzeros
Variable types: 0 continuous, 718 integer (0 binary)

Root relaxation: objective 1.436000e+02, 5980 iterations, 0.37 seconds (0.54 work units)

    Nodes    |    Current Node    |     Objective Bounds      |     Work
 Expl Unexpl |  Obj  Depth IntInf | Incumbent    BestBd   Gap | It/Node Time

     0     0  143.60000    0  359  242.00000  143.60000  40.7%     -    0s
H    0     0                     234.0000000  143.60000  38.6%     -    0s
H    0     0                     202.0000000  143.60000  28.9%     -    0s
H    0     0                     196.0000000  143.60000  26.7%     -    0s
H    0     0                     194.0000000  143.60000  26.0%     -    0s
H    0     0                     190.0000000  143.60000  24.4%     -    0s
H    0     0                     188.0000000  143.60000  23.6%     -    0s
H    0     0                     184.0000000  143.60000  22.0%     -    0s
H    0     0                     144.0000000  143.60000  0.28%     -    0s

Cutting planes:
  Lift-and-project: 1

Explored 1 nodes (8502 simplex iterations) in 0.90 seconds (1.22 work units)
Thread count was 32 (of 32 available processors)

Solution count 9: 144 184 188 ... 242

Optimal solution found (tolerance 1.00e-03)
Best objective 1.440000000000e+02, best bound 1.440000000000e+02, gap 0.0000%

User-callback calls 601, time in user-callback 0.00 sec
