
Gurobi 13.0.2 (linux64) logging started Sun Jul 19 10:30:22 2026

Set parameter LogFile to value "/tmp/sweep_20260716_013919_north-korea_alt550km_s10_i4_v4_gurobi.log"
Set parameter Method to value 1
Set parameter NodefileStart to value 4
Set parameter RINS to value 50
Gurobi Optimizer version 13.0.2 build v13.0.2rc1 (linux64 - "Debian GNU/Linux 13 (trixie)")

CPU model: Intel(R) Xeon(R) Platinum 8375C CPU @ 2.90GHz, instruction set [SSE2|AVX|AVX2|AVX512]
Thread count: 16 physical cores, 32 logical processors, using up to 32 threads

Non-default parameters:
TimeLimit  14400
MIPGap  0.001
Method  1
LPWarmStart  1
Heuristics  0.2
MIPFocus  1
NodefileStart  4
RINS  50
Symmetry  2
Cuts  2
CoverCuts  2
LogToConsole  0

Academic license 2812613 - for non-commercial use only - registered to no___@gatech.edu
Optimize a model with 1436 rows, 7180 columns and 44516 nonzeros (Min)
Model fingerprint: 0x7d70ea3f
Model has 7180 linear objective coefficients
Variable types: 0 continuous, 7180 integer (7180 binary)
Coefficient statistics:
  Matrix range     [1e+00, 1e+00]
  Objective range  [1e+00, 1e+00]
  Bounds range     [1e+00, 1e+00]
  RHS range        [3e+00, 3e+00]

Found heuristic solution: objective 1134.0000000
Presolve time: 0.02s
Presolved: 1436 rows, 7180 columns, 44516 nonzeros
Variable types: 0 continuous, 7180 integer (7180 binary)

Root relaxation: objective 5.385000e+02, 9714 iterations, 1.70 seconds (2.73 work units)

    Nodes    |    Current Node    |     Objective Bounds      |     Work
 Expl Unexpl |  Obj  Depth IntInf | Incumbent    BestBd   Gap | It/Node Time

     0     0  538.50000    0  718 1134.00000  538.50000  52.5%     -    1s
H    0     0                     718.0000000  538.50000  25.0%     -    1s
H    0     0                     717.0000000  538.50000  24.9%     -    1s
H    0     0                     716.0000000  538.50000  24.8%     -    1s
H    0     0                     609.0000000  538.50000  11.6%     -    1s
H    0     0                     556.0000000  538.50000  3.15%     -    1s
H    0     0                     551.0000000  538.50000  2.27%     -    1s
     0     0  538.68551    0  920  551.00000  538.68551  2.23%     -    4s
H    0     0                     544.0000000  538.68551  0.98%     -    9s
     0     0  539.00000    0  720  544.00000  539.00000  0.92%     -   12s
     0     0  539.00000    0 1009  544.00000  539.00000  0.92%     -   15s
     0     0  539.00000    0 1088  544.00000  539.00000  0.92%     -   15s
     0     0  539.00004    0 1156  544.00000  539.00004  0.92%     -   18s
     0     0  539.00004    0 1164  544.00000  539.00004  0.92%     -   18s
     0     0  539.07706    0 1185  544.00000  539.07706  0.90%     -   21s
     0     0  539.09813    0 1209  544.00000  539.09813  0.90%     -   23s
     0     0  539.09813    0 1209  544.00000  539.09813  0.90%     -   23s
     0     2  539.09813    0 1209  544.00000  539.09813  0.90%     -   45s
     3     4  539.14193    2 1017  544.00000  539.09813  0.90%  3684   51s
     9    16  539.52395    4 1149  544.00000  539.29849  0.86%  3807   56s
    17    32  539.66235    5 1169  544.00000  539.51583  0.82%  4205   61s
    33    50  539.89659    6 1023  544.00000  539.65229  0.80%  5269   71s
    70    98  540.12835    7  857  544.00000  539.65229  0.80%  5194   78s
    99   114  540.33271    8  841  544.00000  539.65229  0.80%  4601   80s
   131   147  540.60731   10  845  544.00000  539.65229  0.80%  4327   87s
   148   164  540.76457   11  855  544.00000  539.65229  0.80%  4150   90s
   182   203  540.91372   12  736  544.00000  539.65229  0.80%  4008   97s
   204   226  541.07601   13  851  544.00000  539.65229  0.80%  3813  101s
   227   248  541.20423   14  842  544.00000  539.65229  0.80%  3664  105s
   272   296  541.65062   17  809  544.00000  539.65229  0.80%  3476  112s
   297   322  541.85793   18  719  544.00000  539.65229  0.80%  3439  117s
   323   340  542.12637   21  670  544.00000  539.65229  0.80%  3431  121s
   341   362  542.20337   22  796  544.00000  539.65229  0.80%  3435  126s
   371   390  542.67946   25  705  544.00000  539.65229  0.80%  3402  131s
   399   411  542.78892   27  738  544.00000  539.65229  0.80%  3388  136s
   420   431  542.76420   29  906  544.00000  539.65229  0.80%  3364  140s
   442   450  542.95344   32  846  544.00000  539.65229  0.80%  3361  145s
   494   481     cutoff   33       544.00000  539.65229  0.80%  3282  154s
   512   498     cutoff   34       544.00000  539.65229  0.80%  3293  158s
   539   516  539.99991    7 1203  544.00000  539.66236  0.80%  3277  162s
   565   537  540.21537    8 1160  544.00000  539.66236  0.80%  3291  170s
   590   554  540.44416    9 1086  544.00000  539.66236  0.80%  3314  175s
   617   581  540.58816   10 1106  544.00000  539.66236  0.80%  3289  180s
   662   603  540.70943   11 1114  544.00000  539.66236  0.80%  3292  185s
   712   635  540.84702   12 1132  544.00000  539.66236  0.80%  3274  190s
   768   664  540.95214   13 1137  544.00000  539.66236  0.80%  3262  195s
   825   711  541.08055   14 1132  544.00000  539.76460  0.78%  3287  201s
   890   768  541.17877   15 1155  544.00000  539.76460  0.78%  3303  207s
   976   803  541.33655   16 1159  544.00000  539.76460  0.78%  3290  212s
  1069   844  541.52235   17 1182  544.00000  539.76460  0.78%  3243  218s
  1164   882  541.61395   18 1194  544.00000  539.76460  0.78%  3215  226s
  1256   929  541.74050   19 1184  544.00000  539.81782  0.77%  3213  232s
  1353   971  541.91004   20 1189  544.00000  539.81782  0.77%  3221  237s
  1473  1028  542.06381   21 1187  544.00000  539.91251  0.75%  3197  243s
  1614  1092     cutoff   27       544.00000  539.91493  0.75%  3149  249s
  1744  1152  540.44462    8 1215  544.00000  539.93640  0.75%  3123  255s
  1848  1187  541.00382   11 1232  544.00000  539.93640  0.75%  3136  261s
  1923  1218  541.21170   13  987  544.00000  540.00049  0.74%  3137  267s
  1986  1272  541.31901   14  986  544.00000  540.00049  0.74%  3150  275s
  2064  1352  541.54052   14 1148  544.00000  540.05248  0.73%  3163  282s
  2188  1407  541.71601   17  956  544.00000  540.05248  0.73%  3143  293s
  2295  1465  541.97043   21  949  544.00000  540.05248  0.73%  3145  302s
  2397  1502  542.53069   24 1151  544.00000  540.05248  0.73%  3162  311s
  2490  1539     cutoff   26       544.00000  540.07067  0.72%  3152  319s
  2571  1591     cutoff   28       544.00000  540.08775  0.72%  3159  328s
  2685  1657  540.19222    8 1219  544.00000  540.08775  0.72%  3149  337s
  2817  1740  540.39353    9 1121  544.00000  540.08775  0.72%  3148  346s
  2937  1741  540.30041   12 1209  544.00000  540.11591  0.71%  3157  422s
  2939  1742  542.19713   21  718  544.00000  540.11591  0.71%  3154  426s
  2940  1743  541.23889   14  737  544.00000  540.11591  0.71%  3153  437s
  2943  1745  541.14692   16 1027  544.00000  540.11591  0.71%  3150  440s
  2948  1748  540.28820    8 1256  544.00000  540.11591  0.71%  3145  446s
  2949  1749  540.84948   15 1272  544.00000  540.11591  0.71%  3144  450s
  2950  1750  541.08663   14 1273  544.00000  540.11591  0.71%  3143  455s
  2951  1750  542.35831   20 1261  544.00000  540.11591  0.71%  3142  460s
  2952  1751  541.12880   13 1259  544.00000  540.11591  0.71%  3141  465s
  2953  1752  541.20147   15 1259  544.00000  540.11591  0.71%  3139  473s
  2954  1752  540.83732   13 1261  544.00000  540.11591  0.71%  3138  477s
  2955  1753  542.54834   25 1237  544.00000  540.11591  0.71%  3137  481s
  2956  1754  541.45242   19 1237  544.00000  540.11591  0.71%  3136  519s
  2957  1756  540.11591   14 1210  544.00000  540.11591  0.71%  3152  523s
  2958  1757  540.11591   15 1142  544.00000  540.11591  0.71%  3153  526s
  2965  1767  540.11591   17 1110  544.00000  540.11591  0.71%  3153  530s
  2989  1791  540.11591   19 1109  544.00000  540.11591  0.71%  3171  538s
  3005  1801  540.11591   20 1214  544.00000  540.11591  0.71%  3188  541s
  3037  1823  540.35103   21 1026  544.00000  540.11591  0.71%  3189  546s
  3069  1844  540.11591   22 1063  544.00000  540.11591  0.71%  3194  551s
  3101  1865  540.22670   23  908  544.00000  540.11591  0.71%  3188  557s
  3117  1876  540.46417   23 1093  544.00000  540.11591  0.71%  3186  560s
  3149  1897  540.63723   24  962  544.00000  540.11591  0.71%  3185  565s
  3181  1919  540.63723   25  960  544.00000  540.11591  0.71%  3177  571s
  3213  1940  540.88545   26  931  544.00000  540.11591  0.71%  3174  577s
  3229  1951  540.93683   27  890  544.00000  540.11591  0.71%  3169  580s
  3261  1972  541.07625   28  872  544.00000  540.11591  0.71%  3162  587s
  3277  1983  541.12791   28 1057  544.00000  540.11591  0.71%  3161  590s
  3309  2003  541.44867   29  838  544.00000  540.11591  0.71%  3154  597s
  3326  2011  541.63740   30 1007  544.00000  540.11591  0.71%  3150  600s
  3363  2028  541.83439   31  887  544.00000  540.11591  0.71%  3136  606s
  3379  2036  541.79078   31  841  544.00000  540.11591  0.71%  3130  610s
  3416  2053  541.90596   32  824  544.00000  540.11591  0.71%  3120  618s
  3432  2072  542.10226   33  828  544.00000  540.11591  0.71%  3116  622s
  3456  2093  542.02840   33  906  544.00000  540.11591  0.71%  3111  625s
  3521  2126  542.79063   36 1108  544.00000  540.11591  0.71%  3093  633s
  3562  2134     cutoff   38       544.00000  540.11591  0.71%  3079  637s
  3611  2148     cutoff   39       544.00000  540.11591  0.71%  3061  644s
  3658  2191  540.26981   22 1143  544.00000  540.11591  0.71%  3049  648s
  3722  2221  540.87871   26 1155  544.00000  540.11591  0.71%  3031  652s
  3796  2236  541.68317   30  927  544.00000  540.11591  0.71%  3008  657s
  3867  2253  542.20397   35  827  544.00000  540.11591  0.71%  2988  661s
  3948  2249     cutoff   43       544.00000  540.11591  0.71%  2964  666s
  4009  2250  540.56971   22  859  544.00000  540.11591  0.71%  2946  671s
  4062  2274  541.50448   27  817  544.00000  540.11591  0.71%  2933  677s
  4126  2294  542.96995   37  794  544.00000  540.11591  0.71%  2920  682s
  4213  2309     cutoff   39       544.00000  540.11591  0.71%  2894  690s
  4317  2324  542.91894   38  798  544.00000  540.11591  0.71%  2865  698s
  4441  2333     cutoff   40       544.00000  540.11591  0.71%  2832  704s
  4531  2348  540.52219   24  902  544.00000  540.11591  0.71%  2817  712s
  4602  2383  541.27716   30  900  544.00000  540.11591  0.71%  2804  719s
  4703  2416  542.97334   41  865  544.00000  540.11591  0.71%  2787  729s
  4808  2440  540.94086   25  892  544.00000  540.11591  0.71%  2767  737s
  4917  2477  541.86219   32  955  544.00000  540.11591  0.71%  2750  748s
  5040  2473     cutoff   41       544.00000  540.11591  0.71%  2726  759s
  5168  2491  540.93469   25  875  544.00000  540.11591  0.71%  2703  767s
  5309  2548  541.03038   26  861  544.00000  540.12542  0.71%  2674  774s
  5459  2588  542.21453   35  851  544.00000  540.12542  0.71%  2649  783s
  5617  2672  540.92316   29  862  544.00000  540.16741  0.70%  2623  791s
  5787  2685  542.69546   44  811  544.00000  540.16800  0.70%  2597  799s
  5967  2716  540.87638   25  866  544.00000  540.17944  0.70%  2569  809s
  6092  2770  541.89527   31  811  544.00000  540.17944  0.70%  2554  818s
  6194  2814  542.08386   36  942  544.00000  540.17944  0.70%  2545  827s
  6310  2863     cutoff   45       544.00000  540.17944  0.70%  2528  836s
  6519  2873  542.92749   45  647  544.00000  540.17944  0.70%  2501  845s
  6771  2908  541.46376   31 1162  544.00000  540.17944  0.70%  2473  855s
  7052  2967  540.62828   21 1177  544.00000  540.17944  0.70%  2444  865s
  7349  2963  542.35373   31  904  544.00000  540.18119  0.70%  2417  875s
  7536  3023  542.94771   35  883  544.00000  540.21147  0.70%  2406  887s
  7796  2995  541.94527   29 1002  544.00000  540.25666  0.69%  2386  898s
  7903  3067  542.13409   30  840  544.00000  540.25666  0.69%  2381  908s
  8116  3135  540.64762   24 1151  544.00000  540.27367  0.68%  2362  919s
  8609  3288  540.76521   28  883  544.00000  540.27367  0.68%  2310  930s
  9000  3388  540.82005   25 1021  544.00000  540.32330  0.68%  2284  943s
  9265  3607  541.44190   31  929  544.00000  540.32330  0.68%  2264  955s
  9668  3926  541.12146   26  926  544.00000  540.33097  0.67%  2249  967s
 10033  4156  542.25582   34 1045  544.00000  540.35118  0.67%  2241  982s
 10443  4331  541.06174   26 1148  544.00000  540.35118  0.67%  2221  997s
 10770  4542  541.60636   29  865  544.00000  540.35742  0.67%  2204 1013s
 11197  4718  542.08311   35  855  544.00000  540.35742  0.67%  2184 1029s
 11541  4889  541.80756   32  882  544.00000  540.35742  0.67%  2172 1044s
 11846  5015  541.82575   38  906  544.00000  540.35742  0.67%  2162 1059s
 12069  5279  542.71273   44 1178  544.00000  540.42056  0.66%  2153 1075s
 12561  5552  541.01907   28 1153  544.00000  540.42422  0.66%  2137 1094s
 13106  5876  540.74046   26 1106  544.00000  540.42422  0.66%  2122 1110s
 13730  6101  541.19667   31  829  544.00000  540.45965  0.65%  2105 1131s
 14215  6402     cutoff   43       544.00000  540.47464  0.65%  2092 1151s
 14752  6748  540.72551   29  946  544.00000  540.47464  0.65%  2081 1170s
 15411  7122     cutoff   41       544.00000  540.48939  0.65%  2072 1189s
 16005  7418  542.51072   37 1045  544.00000  540.52257  0.64%  2065 1209s
 16477  7745  542.64183   38  849  544.00000  540.52257  0.64%  2057 1234s
 17074  8117  541.07321   25  827  544.00000  540.53517  0.64%  2046 1258s
 17720  8455     cutoff   43       544.00000  540.54671  0.63%  2034 1284s
 18316  8818  541.45988   26  861  544.00000  540.55442  0.63%  2028 1309s
 18961  9103  541.81433   30 1163  544.00000  540.55442  0.63%  2023 1334s
 19536  9313  541.97462   31 1098  544.00000  540.55959  0.63%  2015 1360s
 19955  9770     cutoff   38       544.00000  540.57128  0.63%  2009 1387s
 20636 10195  542.97481   38  818  544.00000  540.57967  0.63%  2004 1417s
 21395 10567  541.28925   29  908  544.00000  540.58572  0.63%  1991 1448s
 22428 10995  541.30563   29 1165  544.00000  540.58829  0.63%  1970 1476s
 23137 11570  542.84852   39  801  544.00000  540.59783  0.63%  1967 1504s
 24097 11989  542.12757   30 1020  544.00000  540.61459  0.62%  1956 1537s
 24912 12429  542.63812   39 1049  544.00000  540.61465  0.62%  1948 1567s
 25806 12829  541.06848   25 1184  544.00000  540.62500  0.62%  1940 1597s
 26642 13237  541.42458   34  893  544.00000  540.63161  0.62%  1934 1629s
 27425 13759     cutoff   46       544.00000  540.63161  0.62%  1930 1664s
 28435 14343  542.80882   37  915  544.00000  540.64879  0.62%  1926 1701s
 29510 14988  541.30256   30 1136  544.00000  540.66160  0.61%  1919 1739s
 30791 15392  542.51941   33  856  544.00000  540.67064  0.61%  1907 1776s
 31855 16085  541.23268   31 1007  544.00000  540.67713  0.61%  1896 1814s
 32892 16784  541.66687   30  820  544.00000  540.68353  0.61%  1890 1855s
 34161 17392  541.65959   31 1130  544.00000  540.68775  0.61%  1883 1896s
 35241 17771  542.67208   39  562  544.00000  540.70210  0.61%  1881 1945s
 35992 18329  542.84055   40  552  544.00000  540.70533  0.61%  1877 1995s
 37282 19058  542.69593   40  513  544.00000  540.71806  0.60%  1868 2047s
 38740 19895  542.88198   41  512  544.00000  540.72707  0.60%  1863 2099s
 40281 20471  542.99591   45  815  544.00000  540.74140  0.60%  1857 2150s
 41503 21524  542.63876   35  861  544.00000  540.74755  0.60%  1852 2210s
 43534 22278  542.80184   37  834  544.00000  540.76223  0.60%  1846 2261s
 45081 22939  542.55245   41  913  544.00000  540.77131  0.59%  1840 2308s
 46220 23759  541.72641   30  821  544.00000  540.77510  0.59%  1836 2381s
 47560 24500  541.80129   37 1040  544.00000  540.77981  0.59%  1833 2458s
 49170 25338  541.52979   29  894  544.00000  540.78383  0.59%  1830 2516s
 50936 25975  542.82192   42  853  544.00000  540.79600  0.59%  1824 2568s
 52203 26866  541.18753   27  903  544.00000  540.80205  0.59%  1822 2624s
 53984 27653  542.79553   44  838  544.00000  540.81112  0.59%  1818 2680s
 55635 28695  541.67384   27  959  544.00000  540.81967  0.58%  1814 2737s
 57401 29648  542.44725   39  940  544.00000  540.82626  0.58%  1810 2793s
 59022 30481  542.30699   33  834  544.00000  540.82968  0.58%  1804 2852s
 60504 31332  542.87384   35 1008  544.00000  540.83924  0.58%  1801 2908s
 62184 32242  541.13450   28  883  544.00000  540.84665  0.58%  1800 2969s
 64031 32970  542.29117   34  704  544.00000  540.84822  0.58%  1799 3020s
 65072 33905  541.58910   28  937  544.00000  540.85611  0.58%  1798 3098s
 66682 34843  541.84373   30  894  544.00000  540.85672  0.58%  1796 3161s
 68820 35864  541.32396   29  807  544.00000  540.86880  0.58%  1791 3216s
 70634 36560     cutoff   42       544.00000  540.87303  0.57%  1789 3273s
 72692 36625  541.97611   30 1100  544.00000  540.88005  0.57%  1783 3334s
 72885 37313  542.82326   36  875  544.00000  540.88059  0.57%  1783 3402s
 74619 38078     cutoff   42       544.00000  540.88389  0.57%  1779 3476s
 76272 38899  542.39588   38 1132  544.00000  540.88525  0.57%  1777 3552s
 77883 39787  542.34680   36 1155  544.00000  540.89046  0.57%  1774 3606s
 79705 40724  541.19838   32 1122  544.00000  540.89606  0.57%  1772 3658s
 81507 41607  542.49492   35  872  544.00000  540.89954  0.57%  1769 3710s
 83253 42784  541.83831   31  928  544.00000  540.90582  0.57%  1768 3769s
 85249 43486     cutoff   40       544.00000  540.90870  0.57%  1766 3816s
 87052 44365  541.32511   33  877  544.00000  540.91387  0.57%  1761 3861s
 88523 45165     cutoff   46       544.00000  540.91767  0.57%  1762 3908s
 90183 45950  541.69400   30 1042  544.00000  540.92106  0.57%  1759 3953s
 91734 46870  541.51982   29  891  544.00000  540.92296  0.57%  1759 3998s
 93263 47552  542.71706   38  721  544.00000  540.92777  0.56%  1758 4064s
 94635 48265  542.69713   38  613  544.00000  540.92777  0.56%  1756 4112s
 96080 49127  541.62323   35 1075  544.00000  540.93338  0.56%  1756 4162s
 97587 49809  542.50232   41  831  544.00000  540.93836  0.56%  1754 4212s
 99259 50553  542.12274   32 1130  544.00000  540.94175  0.56%  1751 4261s
 101117 51004  541.91953   31 1132  544.00000  540.94605  0.56%  1748 4324s
 102864 51919  542.96403   41  879  544.00000  540.94741  0.56%  1742 4372s
 104363 52733     cutoff   42       544.00000  540.95086  0.56%  1743 4429s
 106587 53306  541.44166   29  935  544.00000  540.95273  0.56%  1738 4471s
 108002 54000  542.18469   33  909  544.00000  540.95510  0.56%  1736 4514s
 109614 54510  542.36417   35  858  544.00000  540.95993  0.56%  1734 4564s
 110966 55075  541.43489   30  810  544.00000  540.96351  0.56%  1732 4607s
 112088 55856  541.58190   32  961  544.00000  540.96576  0.56%  1731 4655s
 113467 56518  542.69960   41  810  544.00000  540.96705  0.56%  1730 4722s
 114949 57386  542.18381   37 1163  544.00000  540.97029  0.56%  1729 4773s
 116525 57942  542.49456   37 1010  544.00000  540.97422  0.56%  1728 4823s
 118700 58649  542.37922   39  826  544.00000  540.97565  0.56%  1722 4872s
 120039 59405     cutoff   43       544.00000  540.97897  0.56%  1722 4921s
 121614 60220  542.83466   39  895  544.00000  540.98179  0.55%  1722 4969s
 123066 60602  542.97585   40  980  544.00000  540.98353  0.55%  1721 5024s
 124021 61031     cutoff   41       544.00000  540.98426  0.55%  1721 5080s
 125354 61863  542.68857   43 1183  544.00000  540.98564  0.55%  1719 5136s
 127371 62448  542.85512   41 1161  544.00000  540.99155  0.55%  1717 5178s
 128753 63372  541.72072   34  837  544.00000  540.99294  0.55%  1715 5224s
 130475 64199  541.21410   30  861  544.00000  540.99629  0.55%  1713 5271s
 132094 64892  541.53113   32 1022  544.00000  540.99891  0.55%  1711 5318s
 133689 65791  541.82377   34  905  544.00000  541.00008  0.55%  1710 5363s
 135224 66425     cutoff   39       544.00000  541.00271  0.55%  1710 5409s
 137048 67266  541.64810   36  852  544.00000  541.00548  0.55%  1707 5457s
 138640 67992     cutoff   43       544.00000  541.00823  0.55%  1706 5503s
 140198 68757  542.69961   42  866  544.00000  541.01036  0.55%  1706 5551s
 141620 69523  542.38463   36 1134  544.00000  541.01282  0.55%  1706 5598s
 143167 70290  542.10984   36 1071  544.00000  541.01571  0.55%  1706 5644s
 145054 70992  541.33501   29 1161  544.00000  541.01906  0.55%  1703 5690s
 146728 71951  542.24890   35  901  544.00000  541.02139  0.55%  1703 5744s
 148666 72474  542.10298   33  864  544.00000  541.02461  0.55%  1701 5788s
 149859 73326  541.99346   31 1168  544.00000  541.02671  0.55%  1701 5838s
 151617 74100  541.86086   30  828  544.00000  541.02929  0.55%  1699 5907s
 152962 74906  542.90837   41 1143  544.00000  541.03048  0.55%  1699 5970s
 154691 75577  541.88400   34  971  544.00000  541.03251  0.55%  1698 6018s
 155884 76525  541.56698   33 1102  544.00000  541.03557  0.54%  1697 6071s
 157519 76602  541.84409   32 1115  544.00000  541.03796  0.54%  1697 6134s
 157706 77372  542.00695   33  951  544.00000  541.03796  0.54%  1697 6187s
 159192 78108  541.77530   29 1066  544.00000  541.04000  0.54%  1696 6247s
 160570 79030  542.91754   44  864  544.00000  541.04125  0.54%  1695 6303s
 162334 79921  542.05332   35  825  544.00000  541.04475  0.54%  1696 6358s
 164189 80850  541.86626   35  655  544.00000  541.04714  0.54%  1695 6414s
 166022 81717  541.41882   36 1202  544.00000  541.05001  0.54%  1694 6467s
 167771 82241  542.04539   30 1128  544.00000  541.05292  0.54%  1693 6528s
 168759 83566  541.91179   38  897  544.00000  541.05412  0.54%  1694 6616s
 171988 84353  542.48424   35  831  544.00000  541.05932  0.54%  1692 6669s
 173740 85189     cutoff   40       544.00000  541.06234  0.54%  1691 6720s
 175473 85980     cutoff   44       544.00000  541.06503  0.54%  1691 6770s
 177082 86847  542.40008   36 1197  544.00000  541.06643  0.54%  1691 6820s
 178923 87757  542.77748   42  896  544.00000  541.06857  0.54%  1690 6868s
 180555 88710     cutoff   43       544.00000  541.07020  0.54%  1689 6917s
 182294 89650  542.86968   40  912  544.00000  541.07227  0.54%  1688 6968s
 184032 90031  542.88313   41  629  544.00000  541.07392  0.54%  1687 7023s
 185455 90900  542.64152   39  826  544.00000  541.07531  0.54%  1685 7072s
 187237 91676     cutoff   43       544.00000  541.07703  0.54%  1685 7120s
 188870 92630  542.82025   36  865  544.00000  541.07931  0.54%  1685 7174s
 190690 93320  541.55155   33  906  544.00000  541.08094  0.54%  1685 7222s
 192286 93979  542.83317   41  847  544.00000  541.08241  0.54%  1684 7268s
 193499 94635  542.06184   36  824  544.00000  541.08375  0.54%  1685 7322s
 195083 95367     cutoff   39       544.00000  541.08462  0.54%  1684 7374s
 197154 95905  541.82072   34  859  544.00000  541.08809  0.54%  1682 7427s
 198380 96603  541.48490   29  821  544.00000  541.08887  0.54%  1682 7477s
 200067 97394  542.84703   39  567  544.00000  541.09108  0.53%  1681 7532s
 201742 98195  542.16820   32  818  544.00000  541.09339  0.53%  1681 7581s
 203510 98979     cutoff   40       544.00000  541.09518  0.53%  1680 7630s
 205242 99947  542.29097   38  882  544.00000  541.09741  0.53%  1680 7678s
 206913 100695  542.75412   38 1111  544.00000  541.09830  0.53%  1679 7726s
 208683 101446  541.66616   31 1011  544.00000  541.10053  0.53%  1679 7772s
 210390 102171  542.43330   38 1076  544.00000  541.10076  0.53%  1678 7828s
 212101 102933  542.95457   41  833  544.00000  541.10353  0.53%  1677 7879s
 213431 103323  542.21700   38  902  544.00000  541.10460  0.53%  1677 7938s
 214169 104324  542.45995   34  668  544.00000  541.10521  0.53%  1677 8002s
 216301 105244  541.78375   33  799  544.00000  541.10817  0.53%  1677 8059s
 217869 106263  541.75258   34 1142  544.00000  541.10888  0.53%  1677 8115s
 219868 107262  542.05037   36  901  544.00000  541.11153  0.53%  1676 8170s
 221779 108140  542.90048   41  864  544.00000  541.11359  0.53%  1675 8223s
 223695 108994  542.51085   39  511  544.00000  541.11588  0.53%  1675 8277s
 225432 109761  541.90043   32  931  544.00000  541.11761  0.53%  1674 8329s
 227445 110536  542.05558   35  686  544.00000  541.11928  0.53%  1673 8380s
 229282 111397  542.48067   38 1149  544.00000  541.12086  0.53%  1672 8429s
 231072 112285  542.76361   42  956  544.00000  541.12232  0.53%  1671 8484s
 232964 112905  542.24739   37  906  544.00000  541.12378  0.53%  1670 8530s
 234513 113560     cutoff   42       544.00000  541.12645  0.53%  1670 8577s
 236259 114266  542.83250   46  912  544.00000  541.12742  0.53%  1669 8623s
 237831 114698  542.68726   40  863  544.00000  541.12973  0.53%  1668 8667s
 238873 114735  541.60066   34  910  544.00000  541.12985  0.53%  1668 8722s
 238990 115156  541.70869   35  895  544.00000  541.12985  0.53%  1668 8779s
 239976 115928  541.99357   33  815  544.00000  541.13077  0.53%  1668 8830s
 241372 116810     cutoff   43       544.00000  541.13077  0.53%  1667 8883s
 243263 117688  541.90939   32  950  544.00000  541.13328  0.53%  1667 8935s
 245086 118341  541.68087   33  878  544.00000  541.13411  0.53%  1666 8983s
 246170 119218  542.76956   41 1113  544.00000  541.13562  0.53%  1667 9034s
 247950 119863  541.81000   32  887  544.00000  541.13692  0.53%  1666 9088s
 249657 120596  542.63468   39  856  544.00000  541.13805  0.53%  1666 9142s
 251386 121142  542.55913   38  834  544.00000  541.13950  0.53%  1665 9190s
 252621 121707     cutoff   40       544.00000  541.14148  0.53%  1665 9240s
 253664 123006  542.31458   43  897  544.00000  541.14269  0.53%  1665 9324s
 256372 123871  542.24629   38  837  544.00000  541.14446  0.52%  1664 9379s
 258615 124722  541.56319   27 1168  544.00000  541.14711  0.52%  1663 9429s
 260445 125285  542.29513   32 1019  544.00000  541.14720  0.52%  1663 9481s
 261862 126131  542.75620   42  809  544.00000  541.14923  0.52%  1662 9530s
 263671 126284  542.58383   38  831  544.00000  541.15097  0.52%  1662 9583s
 264004 127007  541.93411   30  910  544.00000  541.15097  0.52%  1662 9633s
 265785 127802  542.04337   33  863  544.00000  541.15297  0.52%  1661 9685s
 267534 128506  542.78856   37  836  544.00000  541.15464  0.52%  1661 9736s
 269300 129218  542.19583   34  839  544.00000  541.15627  0.52%  1661 9788s
 270636 129721  542.99684   43  771  544.00000  541.15694  0.52%  1661 9837s
 271963 130677  542.35785   37  867  544.00000  541.15867  0.52%  1661 9887s
 273537 131432  542.08156   37 1123  544.00000  541.15972  0.52%  1661 9941s
 275754 132037     cutoff   41       544.00000  541.16023  0.52%  1660 9981s
 277250 132699  541.99848   39  819  544.00000  541.16118  0.52%  1659 10022s
 278724 133327     cutoff   37       544.00000  541.16245  0.52%  1658 10063s
 280491 133756  542.14637   33 1112  544.00000  541.16355  0.52%  1657 10101s
 281560 134419  541.60743   31  898  544.00000  541.16469  0.52%  1657 10142s
 282947 135282  541.79911   32  954  544.00000  541.16494  0.52%  1656 10185s
 284434 135876  542.43677   39  867  544.00000  541.16701  0.52%  1656 10229s
 286100 136416  541.56525   36  842  544.00000  541.16832  0.52%  1655 10273s
 287696 136899  542.02980   35  952  544.00000  541.16970  0.52%  1655 10317s
 288648 137674  542.53057   38  683  544.00000  541.17000  0.52%  1655 10361s
 290133 138466  541.85493   34  875  544.00000  541.17138  0.52%  1654 10408s
 291687 139279     cutoff   39       544.00000  541.17310  0.52%  1654 10455s
 293426 139910  542.51445   35  849  544.00000  541.17416  0.52%  1654 10499s
 294711 140615  541.76927   35  819  544.00000  541.17569  0.52%  1654 10548s
 296288 141611  541.48007   29  866  544.00000  541.17643  0.52%  1653 10602s
 298022 142495  542.84796   46  866  544.00000  541.17758  0.52%  1653 10654s
 299780 143068  541.83662   37 1152  544.00000  541.17893  0.52%  1653 10710s
 301100 143656  541.59485   28  832  544.00000  541.17982  0.52%  1652 10764s
 303122 144525  541.30794   31  839  544.00000  541.18080  0.52%  1651 10813s
 304923 145002  541.91345   35  893  544.00000  541.18197  0.52%  1651 10868s
 306042 145751  541.40080   32  866  544.00000  541.18285  0.52%  1650 10919s
 307847 146650     cutoff   47       544.00000  541.18362  0.52%  1650 10969s
 309484 147491  541.97480   34  895  544.00000  541.18549  0.52%  1650 11022s
 311185 148441     cutoff   39       544.00000  541.18694  0.52%  1649 11071s
 313003 148551     cutoff   44       544.00000  541.18790  0.52%  1649 11129s
 313265 149409  542.16852   34  851  544.00000  541.18790  0.52%  1649 11180s
 315081 150016  542.98375   39  786  544.00000  541.18966  0.52%  1648 11227s
 316512 150524  541.95753   34  820  544.00000  541.19034  0.52%  1648 11287s
 317572 151825  542.61319   42  806  544.00000  541.19075  0.52%  1648 11367s
 320500 152525  542.57159   33  879  544.00000  541.19381  0.52%  1647 11419s
 322437 153192  542.40680   33  869  544.00000  541.19433  0.52%  1646 11470s
 323762 154004     cutoff   42       544.00000  541.19504  0.52%  1646 11520s
 325740 154729  542.59620   39 1196  544.00000  541.19738  0.52%  1646 11567s
 327465 155574  542.53880   36  911  544.00000  541.19867  0.51%  1646 11614s
 329289 155947     cutoff   42       544.00000  541.20037  0.51%  1645 11668s
 330060 156621  541.97826   36 1073  544.00000  541.20115  0.51%  1645 11719s
 331726 157214  542.05736   30  928  544.00000  541.20251  0.51%  1645 11766s
 333204 157497  542.02305   39  702  544.00000  541.20322  0.51%  1645 11821s
 333895 157920  542.37768   31 1117  544.00000  541.20422  0.51%  1644 11882s
 334932 158787  541.47667   30 1124  544.00000  541.20471  0.51%  1644 11937s
 336880 159447     cutoff   44       544.00000  541.20590  0.51%  1644 11991s
 338919 160390  541.88830   33  872  544.00000  541.20675  0.51%  1643 12044s
 340834 161055  541.86929   32 1027  544.00000  541.20825  0.51%  1642 12089s
 342541 161596  541.93150   34  857  544.00000  541.20844  0.51%  1642 12130s
 343556 162180  541.82864   33  873  544.00000  541.20945  0.51%  1642 12175s
 344608 162862  542.97338   39  817  544.00000  541.21006  0.51%  1641 12226s
 346822 163626  542.23383   37  896  544.00000  541.21138  0.51%  1640 12273s
 348510 164566  542.34141   41 1118  544.00000  541.21267  0.51%  1640 12319s
 350246 165095  541.98667   34  926  544.00000  541.21352  0.51%  1640 12363s
 351426 165590  542.26136   41  904  544.00000  541.21383  0.51%  1639 12409s
 352805 165990     cutoff   47       544.00000  541.21426  0.51%  1638 12462s
 353565 166753  542.53518   38  887  544.00000  541.21488  0.51%  1638 12516s
 355691 167310     cutoff   38       544.00000  541.21552  0.51%  1637 12562s
 356938 168126  542.60574   37  834  544.00000  541.21678  0.51%  1637 12614s
 358658 168920  541.38119   31 1035  544.00000  541.21805  0.51%  1637 12665s
 360596 169482  542.89367   43  888  544.00000  541.21947  0.51%  1636 12715s
 362023 170392  541.54177   32  898  544.00000  541.22043  0.51%  1636 12774s
 363959 171367  541.72849   33  871  544.00000  541.22129  0.51%  1636 12827s
 366001 172041  542.73956   39  864  544.00000  541.22253  0.51%  1635 12873s
 367592 172673  541.50434   39  863  544.00000  541.22350  0.51%  1635 12926s
 368838 173364  542.34473   39 1074  544.00000  541.22438  0.51%  1635 12979s
 370630 174158  542.36826   35  769  544.00000  541.22554  0.51%  1635 13028s
 372463 174898  542.01594   37  817  544.00000  541.22679  0.51%  1634 13079s
 374177 175389  541.83795   29  907  544.00000  541.22801  0.51%  1633 13131s
 375768 175937  542.72962   48  861  544.00000  541.22868  0.51%  1633 13180s
 377838 176425  541.76966   31  846  544.00000  541.22957  0.51%  1632 13232s
 378950 176900  542.67063   37 1108  544.00000  541.22991  0.51%  1632 13286s
 380097 177703  542.32204   35 1157  544.00000  541.23117  0.51%  1631 13336s
 381850 178473  542.77741   39  797  544.00000  541.23215  0.51%  1631 13389s
 383544 179350     cutoff   45       544.00000  541.23311  0.51%  1631 13440s
 385372 180094  542.14534   38  815  544.00000  541.23445  0.51%  1630 13488s
 386901 180677  541.42305   31 1117  544.00000  541.23486  0.51%  1630 13534s
 388330 181404  541.46049   29  972  544.00000  541.23602  0.51%  1630 13581s
 389713 182192  542.44469   35  867  544.00000  541.23617  0.51%  1630 13630s
 391596 182604     cutoff   46       544.00000  541.23780  0.51%  1630 13679s
 393010 183061  541.82101   35 1039  544.00000  541.23822  0.51%  1629 13732s
 394061 183718  542.89066   46  835  544.00000  541.23845  0.51%  1629 13781s
 395621 184285  541.86576   31  915  544.00000  541.23991  0.51%  1629 13830s
 396854 185027  541.89005   34  800  544.00000  541.24041  0.51%  1629 13882s
 398978 185818  542.18133   32 1171  544.00000  541.24194  0.51%  1628 13934s
 400879 186472  542.21844   31  704  544.00000  541.24302  0.51%  1627 13987s
 402464 186694  541.86701   30  917  544.00000  541.24313  0.51%  1626 14050s
 403004 188696  542.93185   42  819  544.00000  541.24325  0.51%  1626 14213s
 408026 189241  541.64348   31  833  544.00000  541.24544  0.51%  1624 14266s
 409745 190117  542.11206   33  805  544.00000  541.24671  0.51%  1624 14320s
 411625 190997  542.62948   34  853  544.00000  541.24765  0.51%  1624 14372s
 413563 191539  542.45761   36  820  544.00000  541.24884  0.51%  1624 14400s

Cutting planes:
  Gomory: 1
  Lift-and-project: 4
  Zero half: 63

Explored 414713 nodes (673287468 simplex iterations) in 14400.04 seconds (48831.23 work units)
Thread count was 32 (of 32 available processors)

Solution count 8: 544 551 556 ... 1134

Time limit reached
Best objective 5.440000000000e+02, best bound 5.420000000000e+02, gap 0.3676%

User-callback calls 2760867, time in user-callback 7.26 sec
