
Gurobi 13.0.2 (linux64) logging started Thu Jul  9 13:43:36 2026

Set parameter LogFile to value "/tmp/sweep_20260709_012313_china_alt260km_s20_i4_v4_gurobi.log"
Set parameter Method to value 1
Set parameter NodefileStart to value 4
Set parameter RINS to value 50
Gurobi Optimizer version 13.0.2 build v13.0.2rc1 (linux64 - "Debian GNU/Linux 13 (trixie)")

CPU model: Intel(R) Xeon(R) Platinum 8375C CPU @ 2.90GHz, instruction set [SSE2|AVX|AVX2|AVX512]
Thread count: 16 physical cores, 32 logical processors, using up to 32 threads

Non-default parameters:
TimeLimit  14400
MIPGap  0.001
Method  1
LPWarmStart  1
Heuristics  0.2
MIPFocus  1
NodefileStart  4
RINS  50
Symmetry  2
Cuts  2
CoverCuts  2
LogToConsole  0

Academic license 2812613 - for non-commercial use only - registered to no___@gatech.edu
Optimize a model with 196014 rows, 14360 columns and 9243532 nonzeros (Min)
Model fingerprint: 0xe71bea93
Model has 14360 linear objective coefficients
Variable types: 0 continuous, 14360 integer (14360 binary)
Coefficient statistics:
  Matrix range     [1e+00, 1e+00]
  Objective range  [1e+00, 1e+00]
  Bounds range     [1e+00, 1e+00]
  RHS range        [5e+00, 5e+00]

Found heuristic solution: objective 3590.0000000
Presolve removed 0 rows and 0 columns (presolve time = 6s)...
Presolve removed 0 rows and 0 columns (presolve time = 10s)...
Presolve removed 2154 rows and 0 columns (presolve time = 15s)...
Presolve removed 2154 rows and 0 columns (presolve time = 20s)...
Presolve removed 2154 rows and 0 columns (presolve time = 26s)...
Presolve removed 2154 rows and 0 columns
Presolve time: 26.87s
Presolved: 193860 rows, 14360 columns, 9186810 nonzeros
Variable types: 0 continuous, 14360 integer (14360 binary)

Root simplex log...

Iteration    Objective       Primal Inf.    Dual Inf.      Time
       0   -0.0000000e+00   0.000000e+00   1.820000e+03     31s
      23    2.2274679e+03   0.000000e+00   0.000000e+00     31s
      23    2.2274679e+03   0.000000e+00   0.000000e+00     31s

Use crossover to convert LP symmetric solution to basic solution...

Root crossover log...

  192086 variables added to crossover basis                       40s

       1 DPushes remaining with DInf 0.0000000e+00                47s
       0 DPushes remaining with DInf 0.0000000e+00                49s

       1 PPushes remaining with PInf 0.0000000e+00                49s
       0 PPushes remaining with PInf 0.0000000e+00                52s

  Push phase complete: Pinf 0.0000000e+00, Dinf 1.1478039e-09     52s


Root simplex log...

Iteration    Objective       Primal Inf.    Dual Inf.      Time
      28    2.2274679e+03   0.000000e+00   0.000000e+00     54s
Crossover time: 22.66 seconds (41.74 work units)

Root relaxation: objective 2.227468e+03, 28 iterations, 26.03 seconds (44.94 work units)

    Nodes    |    Current Node    |     Objective Bounds      |     Work
 Expl Unexpl |  Obj  Depth IntInf | Incumbent    BestBd   Gap | It/Node Time

     0     0 2227.46788    0 9334 3590.00000 2227.46788  38.0%     -   63s
H    0     0                    2872.0000000 2227.46788  22.4%     -   63s
H    0     0                    2869.0000000 2227.46788  22.4%     -   65s
H    0     0                    2868.0000000 2227.46788  22.3%     -   65s
H    0     0                    2863.0000000 2227.46788  22.2%     -   65s
H    0     0                    2862.0000000 2227.46788  22.2%     -   65s
H    0     0                    2861.0000000 2227.46788  22.1%     -   65s
H    0     0                    2846.0000000 2227.46788  21.7%     -   69s
H    0     0                    2830.0000000 2227.46788  21.3%     -   69s
H    0     0                    2820.0000000 2227.46788  21.0%     -   69s
H    0     0                    2811.0000000 2227.46788  20.8%     -   70s
H    0     0                    2805.0000000 2227.46788  20.6%     -   70s
H    0     0                    2804.0000000 2227.46788  20.6%     -   70s
H    0     0                    2802.0000000 2227.46788  20.5%     -   71s
H    0     0                    2800.0000000 2227.46788  20.4%     -   71s
H    0     0                    2799.0000000 2227.46788  20.4%     -   72s
H    0     0                    2798.0000000 2227.46788  20.4%     -   73s
H    0     0                    2797.0000000 2227.46788  20.4%     -   74s
H    0     0                    2796.0000000 2227.46788  20.3%     -   74s
H    0     0                    2789.0000000 2227.46788  20.1%     -   74s
H    0     0                    2788.0000000 2227.46788  20.1%     -   74s
H    0     0                    2786.0000000 2227.46788  20.0%     -   76s
H    0     0                    2784.0000000 2227.46788  20.0%     -   77s
H    0     0                    2783.0000000 2227.46788  20.0%     -   81s
H    0     0                    2782.0000000 2227.46788  19.9%     -   82s
H    0     0                    2781.0000000 2227.46788  19.9%     -   82s
H    0     0                    2780.0000000 2227.46788  19.9%     -   83s
H    0     0                    2779.0000000 2227.46788  19.8%     -   83s
H    0     0                    2778.0000000 2227.46788  19.8%     -   87s
H    0     0                    2777.0000000 2227.46788  19.8%     -   88s
     0     0 2227.46788    0 9334 2777.00000 2227.46788  19.8%     -  288s
     0     0 2227.46788    0 9334 2777.00000 2227.46788  19.8%     -  300s
H    0     0                    2775.0000000 2227.46788  19.7%     -  790s
H    0     0                    2773.0000000 2227.46788  19.7%     -  791s
H    0     2                    2772.0000000 2227.46788  19.6%     -  814s
     0     2 2227.46788    0 9334 2772.00000 2227.46788  19.6%     -  814s

Explored 1 nodes (64 simplex iterations) in 14400.21 seconds (60932.01 work units)
Thread count was 32 (of 32 available processors)

Solution count 10: 2772 2773 2775 ... 2783

Time limit reached
Best objective 2.772000000000e+03, best bound 2.228000000000e+03, gap 19.6248%

User-callback calls 66770, time in user-callback 0.25 sec
