
Gurobi 13.0.2 (linux64) logging started Thu Jul  9 17:40:31 2026

Set parameter LogFile to value "/tmp/sweep_20260709_012313_china_alt260km_s35_i1_v4_gurobi.log"
Set parameter Method to value 1
Set parameter NodefileStart to value 4
Set parameter RINS to value 50
Gurobi Optimizer version 13.0.2 build v13.0.2rc1 (linux64 - "Debian GNU/Linux 13 (trixie)")

CPU model: Intel(R) Xeon(R) Platinum 8375C CPU @ 2.90GHz, instruction set [SSE2|AVX|AVX2|AVX512]
Thread count: 16 physical cores, 32 logical processors, using up to 32 threads

Non-default parameters:
TimeLimit  14400
MIPGap  0.001
Method  1
LPWarmStart  1
Heuristics  0.2
MIPFocus  1
NodefileStart  4
RINS  50
Symmetry  2
Cuts  2
CoverCuts  2
LogToConsole  0

Academic license 2812613 - for non-commercial use only - registered to no___@gatech.edu
Optimize a model with 196014 rows, 17950 columns and 10603424 nonzeros (Min)
Model fingerprint: 0x142b8dbd
Model has 17950 linear objective coefficients
Variable types: 0 continuous, 17950 integer (17950 binary)
Coefficient statistics:
  Matrix range     [1e+00, 1e+00]
  Objective range  [1e+00, 1e+00]
  Bounds range     [1e+00, 1e+00]
  RHS range        [4e+01, 4e+01]

Found heuristic solution: objective 15598.000000
Presolve removed 0 rows and 0 columns (presolve time = 6s)...
Presolve removed 0 rows and 0 columns (presolve time = 10s)...
Presolve removed 0 rows and 0 columns (presolve time = 15s)...
Presolve removed 718 rows and 0 columns (presolve time = 20s)...
Presolve removed 718 rows and 0 columns (presolve time = 25s)...
Presolve removed 718 rows and 0 columns (presolve time = 30s)...
Presolve removed 718 rows and 0 columns (presolve time = 36s)...
Presolve removed 718 rows and 0 columns
Presolve time: 38.75s
Presolved: 195296 rows, 17950 columns, 10564652 nonzeros
Variable types: 0 continuous, 17950 integer (17950 binary)

Root simplex log...

Iteration    Objective       Primal Inf.    Dual Inf.      Time
       0   -0.0000000e+00   0.000000e+00   1.179500e+04     44s
     104    1.5157778e+04   0.000000e+00   0.000000e+00     44s
     104    1.5157778e+04   0.000000e+00   0.000000e+00     44s

Use crossover to convert LP symmetric solution to basic solution...

Root crossover log...

       0 DPushes remaining with DInf 0.0000000e+00                45s

    3179 PPushes remaining with PInf 0.0000000e+00                45s
    2455 PPushes remaining with PInf 0.0000000e+00                51s
    1973 PPushes remaining with PInf 0.0000000e+00                57s
    1491 PPushes remaining with PInf 0.0000000e+00                63s
    1250 PPushes remaining with PInf 0.0000000e+00                65s
     768 PPushes remaining with PInf 0.0000000e+00                71s
     286 PPushes remaining with PInf 0.0000000e+00                76s
       0 PPushes remaining with PInf 0.0000000e+00                80s

  Push phase complete: Pinf 0.0000000e+00, Dinf 2.2006590e-09     80s


Root simplex log...

Iteration    Objective       Primal Inf.    Dual Inf.      Time
    3286    1.5157778e+04   0.000000e+00   0.000000e+00     80s
Crossover time: 36.50 seconds (54.85 work units)

Root relaxation: objective 1.515778e+04, 3286 iterations, 40.64 seconds (58.54 work units)

    Nodes    |    Current Node    |     Objective Bounds      |     Work
 Expl Unexpl |  Obj  Depth IntInf | Incumbent    BestBd   Gap | It/Node Time

     0     0 15157.7778    0 4308 15598.0000 15157.7778  2.82%     -  270s
H    0     0                    15597.000000 15157.7778  2.82%     -  271s
H    0     0                    15594.000000 15157.7778  2.80%     -  290s
H    0     0                    15592.000000 15157.7778  2.78%     -  290s
H    0     0                    15585.000000 15157.7778  2.74%     -  290s
H    0     0                    15584.000000 15157.7778  2.73%     -  290s
H    0     0                    15582.000000 15157.7778  2.72%     -  290s
H    0     0                    15579.000000 15157.7778  2.70%     -  293s
H    0     0                    15577.000000 15157.7778  2.69%     -  294s
H    0     0                    15576.000000 15157.7778  2.69%     -  295s
H    0     0                    15574.000000 15157.7778  2.67%     -  296s
H    0     0                    15572.000000 15157.7778  2.66%     -  297s
H    0     0                    15571.000000 15157.7778  2.65%     -  297s
H    0     0                    15570.000000 15157.7778  2.65%     -  299s
H    0     0                    15569.000000 15157.7778  2.64%     -  299s
H    0     0                    15568.000000 15157.7778  2.64%     -  300s
H    0     0                    15567.000000 15157.7778  2.63%     -  301s
H    0     0                    15564.000000 15157.7778  2.61%     -  303s
H    0     0                    15563.000000 15157.7778  2.60%     -  306s
H    0     0                    15562.000000 15157.7778  2.60%     -  307s
H    0     0                    15561.000000 15157.7778  2.59%     -  312s
H    0     0                    15560.000000 15157.7778  2.58%     -  312s
H    0     0                    15451.000000 15157.7778  1.90%     -  312s
H    0     0                    15450.000000 15157.7778  1.89%     -  313s
H    0     0                    15448.000000 15157.7778  1.88%     -  313s
H    0     0                    15434.000000 15157.7778  1.79%     -  313s
H    0     0                    15423.000000 15157.7778  1.72%     -  313s
H    0     0                    15420.000000 15157.7778  1.70%     -  313s
H    0     0                    15414.000000 15157.7778  1.66%     -  314s
H    0     0                    15411.000000 15157.7778  1.64%     -  314s
H    0     0                    15409.000000 15157.7778  1.63%     -  315s
H    0     0                    15403.000000 15157.7778  1.59%     -  315s
H    0     0                    15399.000000 15157.7778  1.57%     -  315s
H    0     0                    15398.000000 15157.7778  1.56%     -  315s
H    0     0                    15396.000000 15157.7778  1.55%     -  315s
H    0     0                    15395.000000 15157.7778  1.54%     -  316s
H    0     0                    15394.000000 15157.7778  1.53%     -  316s
H    0     0                    15369.000000 15157.7778  1.37%     -  317s
     0     0 15157.7778    0 4297 15369.0000 15157.7778  1.37%     -  456s
H    0     0                    15368.000000 15157.7778  1.37%     -  462s
H    0     0                    15363.000000 15157.7778  1.34%     -  463s
H    0     0                    15360.000000 15157.7778  1.32%     -  463s
H    0     0                    15358.000000 15157.7778  1.30%     -  463s
H    0     0                    15357.000000 15157.7778  1.30%     -  464s
H    0     0                    15356.000000 15157.7778  1.29%     -  464s
H    0     0                    15355.000000 15157.7778  1.28%     -  464s
H    0     0                    15342.000000 15157.7778  1.20%     -  465s
     0     0 15157.7778    0 4297 15342.0000 15157.7778  1.20%     -  636s
     0     0 15157.7778    0 4297 15342.0000 15157.7778  1.20%     -  831s
H    0     0                    15341.000000 15157.7778  1.19%     - 1451s
H    0     0                    15339.000000 15157.7778  1.18%     - 1451s
H    0     0                    15336.000000 15157.7778  1.16%     - 1537s
H    0     0                    15333.000000 15157.7778  1.14%     - 1537s
H    0     0                    15326.000000 15157.7778  1.10%     - 1628s
H    0     0                    15323.000000 15157.7778  1.08%     - 1628s
H    0     0                    15320.000000 15157.7778  1.06%     - 1797s
H    0     2                    15316.000000 15157.7778  1.03%     - 1800s
     0     2 15157.7778    0 4297 15316.0000 15157.7778  1.03%     - 1800s
H    1     4                    15312.000000 15157.7778  1.01%   0.0 1953s
H    1     4                    15303.000000 15157.7778  0.95%   0.0 1953s
     2     4 15157.7778    1 4214 15303.0000 15157.7778  0.95%  72.0 1958s
H    3     8                    15300.000000 15157.7778  0.93%  48.0 2169s
H    3     8                    15297.000000 15157.7778  0.91%  48.0 2169s
     5     8 15157.7778    2 4135 15297.0000 15157.7778  0.91%  81.8 2174s
H    7    16                    15294.000000 15157.7778  0.89%  81.4 2414s
H    7    16                    15292.000000 15157.7778  0.88%  81.4 2414s
H    7    16                    15290.000000 15157.7778  0.86%  81.4 2414s
    11    16 15157.7778    3 3931 15290.0000 15157.7778  0.86%   139 2419s
    13    16 15157.7778    3 4071 15290.0000 15157.7778  0.86%   144 2429s
H   15    31                    15289.000000 15157.7778  0.86%   137 2676s
H   15    31                    15288.000000 15157.7778  0.85%   137 2676s
H   15    31                    15287.000000 15157.7778  0.85%   137 2676s
H   19    31                    15286.000000 15157.7778  0.84%   181 2676s
    22    31 15157.7778    4 3811 15286.0000 15157.7778  0.84%   213 2681s
    26    31 15157.7778    4 3840 15286.0000 15157.7778  0.84%   254 2701s
    28    31 15157.7778    4 3891 15286.0000 15157.7778  0.84%   271 2712s
    29    31 15157.7778    4 4052 15286.0000 15157.7778  0.84%   269 2717s
    30    32 15157.7778    5 3602 15286.0000 15157.7778  0.84%   271 3266s
    31    34 15157.7778    6 3190 15286.0000 15157.7778  0.84%   374 3563s
H   33    38                    15285.000000 15157.7778  0.83%   433 3760s
    35    38 15157.7778    7 3184 15285.0000 15157.7778  0.83%   724 3769s
H   36    38                    15283.000000 15157.7778  0.82%   704 3769s

Cutting planes:
  Lift-and-project: 1
  Flow cover: 21

Explored 37 nodes (50076 simplex iterations) in 14400.51 seconds (32439.14 work units)
Thread count was 32 (of 32 available processors)

Solution count 10: 15283 15285 15286 ... 15297

Time limit reached
Best objective 1.528300000000e+04, best bound 1.515800000000e+04, gap 0.8179%

User-callback calls 1882665, time in user-callback 2.10 sec
