
Gurobi 13.0.2 (linux64) logging started Tue Jul 14 01:17:39 2026

Set parameter LogFile to value "/tmp/sweep_20260709_012313_china_alt550km_s100_i1_v10_gurobi.log"
Set parameter Method to value 1
Set parameter NodefileStart to value 4
Set parameter RINS to value 50
Gurobi Optimizer version 13.0.2 build v13.0.2rc1 (linux64 - "Debian GNU/Linux 13 (trixie)")

CPU model: Intel(R) Xeon(R) Platinum 8375C CPU @ 2.90GHz, instruction set [SSE2|AVX|AVX2|AVX512]
Thread count: 16 physical cores, 32 logical processors, using up to 32 threads

Non-default parameters:
TimeLimit  14400
MIPGap  0.001
Method  1
LPWarmStart  1
Heuristics  0.2
MIPFocus  1
NodefileStart  4
RINS  50
Symmetry  2
Cuts  2
CoverCuts  2
LogToConsole  0

Academic license 2812613 - for non-commercial use only - registered to no___@gatech.edu
Optimize a model with 196014 rows, 35900 columns and 61234630 nonzeros (Min)
Model fingerprint: 0x511d7867
Model has 35900 linear objective coefficients
Variable types: 0 continuous, 35900 integer (35900 binary)
Coefficient statistics:
  Matrix range     [1e+00, 1e+00]
  Objective range  [1e+00, 1e+00]
  Bounds range     [1e+00, 1e+00]
  RHS range        [1e+02, 1e+02]

Found heuristic solution: objective 17387.000000
Presolve removed 0 rows and 0 columns (presolve time = 7s)...
Presolve removed 0 rows and 0 columns (presolve time = 12s)...
Presolve removed 0 rows and 0 columns (presolve time = 16s)...
Presolve removed 0 rows and 0 columns (presolve time = 21s)...
Presolve removed 0 rows and 0 columns (presolve time = 27s)...
Presolve removed 0 rows and 0 columns (presolve time = 32s)...
Presolve removed 0 rows and 0 columns (presolve time = 35s)...
Presolve removed 0 rows and 0 columns (presolve time = 45s)...
Presolve removed 0 rows and 0 columns (presolve time = 50s)...
Presolve removed 0 rows and 0 columns (presolve time = 59s)...
Presolve removed 0 rows and 0 columns (presolve time = 60s)...
Presolve removed 0 rows and 0 columns (presolve time = 65s)...
Presolve removed 0 rows and 0 columns (presolve time = 71s)...
Presolve removed 0 rows and 0 columns (presolve time = 76s)...
Presolve removed 0 rows and 0 columns (presolve time = 81s)...
Presolve removed 0 rows and 0 columns (presolve time = 85s)...
Presolve removed 0 rows and 0 columns (presolve time = 90s)...
Presolve removed 0 rows and 0 columns (presolve time = 95s)...
Presolve removed 0 rows and 0 columns (presolve time = 104s)...
Presolve removed 0 rows and 0 columns (presolve time = 106s)...
Presolve removed 0 rows and 0 columns (presolve time = 120s)...
Presolve removed 0 rows and 0 columns (presolve time = 125s)...
Presolve removed 0 rows and 0 columns (presolve time = 130s)...
Presolve removed 0 rows and 0 columns (presolve time = 135s)...
Presolve removed 0 rows and 0 columns (presolve time = 140s)...
Presolve removed 0 rows and 0 columns (presolve time = 145s)...
Presolve removed 0 rows and 0 columns (presolve time = 150s)...
Presolve removed 0 rows and 0 columns (presolve time = 155s)...
Presolve removed 0 rows and 0 columns (presolve time = 160s)...
Presolve removed 0 rows and 0 columns (presolve time = 165s)...
Presolve removed 0 rows and 0 columns (presolve time = 170s)...
Presolve removed 0 rows and 0 columns (presolve time = 175s)...
Presolve removed 0 rows and 0 columns (presolve time = 180s)...
Presolve removed 0 rows and 0 columns (presolve time = 185s)...
Presolve removed 0 rows and 0 columns (presolve time = 190s)...
Presolve removed 0 rows and 0 columns (presolve time = 195s)...
Presolve removed 0 rows and 0 columns (presolve time = 200s)...
Presolve removed 0 rows and 0 columns (presolve time = 205s)...
Presolve removed 0 rows and 0 columns (presolve time = 210s)...
Presolve removed 0 rows and 0 columns (presolve time = 215s)...
Presolve removed 0 rows and 0 columns (presolve time = 220s)...
Presolve removed 0 rows and 0 columns (presolve time = 225s)...
Presolve removed 0 rows and 0 columns (presolve time = 230s)...
Presolve removed 0 rows and 0 columns (presolve time = 235s)...
Presolve removed 0 rows and 0 columns (presolve time = 240s)...
Presolve removed 0 rows and 0 columns (presolve time = 245s)...
Presolve removed 0 rows and 0 columns (presolve time = 250s)...
Presolve removed 0 rows and 0 columns (presolve time = 255s)...
Presolve removed 0 rows and 0 columns (presolve time = 260s)...
Presolve removed 0 rows and 0 columns (presolve time = 265s)...
Presolve removed 0 rows and 0 columns (presolve time = 270s)...
Presolve removed 0 rows and 0 columns (presolve time = 275s)...
Presolve removed 0 rows and 0 columns (presolve time = 280s)...
Presolve removed 0 rows and 0 columns (presolve time = 285s)...
Presolve removed 0 rows and 0 columns (presolve time = 290s)...
Presolve removed 0 rows and 0 columns (presolve time = 295s)...
Presolve removed 0 rows and 0 columns (presolve time = 300s)...
Presolve removed 0 rows and 0 columns (presolve time = 305s)...
Presolve removed 0 rows and 0 columns (presolve time = 310s)...
Presolve removed 0 rows and 0 columns (presolve time = 315s)...
Presolve removed 0 rows and 0 columns (presolve time = 320s)...
Presolve removed 0 rows and 0 columns (presolve time = 325s)...
Presolve removed 0 rows and 0 columns (presolve time = 330s)...
Presolve removed 0 rows and 0 columns (presolve time = 335s)...
Presolve removed 0 rows and 0 columns (presolve time = 340s)...
Presolve removed 0 rows and 0 columns (presolve time = 345s)...
Presolve removed 0 rows and 0 columns (presolve time = 350s)...
Presolve removed 0 rows and 0 columns (presolve time = 355s)...
Presolve removed 0 rows and 0 columns (presolve time = 360s)...
Presolve removed 0 rows and 0 columns (presolve time = 365s)...
Presolve removed 0 rows and 0 columns (presolve time = 370s)...
Presolve removed 0 rows and 0 columns (presolve time = 375s)...
Presolve removed 0 rows and 0 columns (presolve time = 380s)...
Presolve removed 0 rows and 0 columns (presolve time = 385s)...
Presolve removed 0 rows and 0 columns (presolve time = 390s)...
Presolve removed 0 rows and 0 columns (presolve time = 395s)...
Presolve removed 0 rows and 0 columns (presolve time = 400s)...
Presolve removed 0 rows and 0 columns (presolve time = 405s)...
Presolve removed 0 rows and 0 columns (presolve time = 410s)...
Presolve removed 0 rows and 0 columns (presolve time = 415s)...
Presolve removed 0 rows and 0 columns (presolve time = 420s)...
Presolve removed 0 rows and 0 columns (presolve time = 425s)...
Presolve removed 0 rows and 0 columns (presolve time = 430s)...
Presolve removed 0 rows and 0 columns (presolve time = 435s)...
Presolve removed 0 rows and 0 columns (presolve time = 440s)...
Presolve removed 0 rows and 0 columns (presolve time = 445s)...
Presolve removed 0 rows and 0 columns (presolve time = 450s)...
Presolve removed 0 rows and 0 columns (presolve time = 455s)...
Presolve removed 0 rows and 0 columns (presolve time = 460s)...
Presolve removed 0 rows and 0 columns (presolve time = 465s)...
Presolve removed 0 rows and 0 columns (presolve time = 470s)...
Presolve removed 0 rows and 0 columns (presolve time = 475s)...
Presolve removed 0 rows and 0 columns (presolve time = 480s)...
Presolve removed 0 rows and 0 columns (presolve time = 485s)...
Presolve removed 0 rows and 0 columns (presolve time = 490s)...
Presolve removed 0 rows and 0 columns (presolve time = 495s)...
Presolve removed 0 rows and 0 columns (presolve time = 500s)...
Presolve removed 0 rows and 0 columns (presolve time = 505s)...
Presolve removed 0 rows and 0 columns (presolve time = 510s)...
Presolve removed 0 rows and 0 columns (presolve time = 515s)...
Presolve removed 0 rows and 0 columns (presolve time = 520s)...
Presolve removed 0 rows and 0 columns (presolve time = 525s)...
Presolve removed 0 rows and 0 columns (presolve time = 530s)...
Presolve removed 0 rows and 0 columns (presolve time = 535s)...
Presolve removed 0 rows and 0 columns (presolve time = 540s)...
Presolve removed 0 rows and 0 columns (presolve time = 545s)...
Presolve removed 0 rows and 0 columns (presolve time = 550s)...
Presolve removed 0 rows and 0 columns (presolve time = 555s)...
Presolve removed 0 rows and 0 columns (presolve time = 560s)...
Presolve removed 0 rows and 0 columns (presolve time = 565s)...
Presolve removed 0 rows and 0 columns (presolve time = 570s)...
Presolve removed 0 rows and 0 columns (presolve time = 575s)...
Presolve removed 0 rows and 0 columns (presolve time = 580s)...
Presolve removed 0 rows and 0 columns (presolve time = 585s)...
Presolve removed 0 rows and 0 columns (presolve time = 590s)...
Presolve removed 0 rows and 0 columns (presolve time = 595s)...
Presolve removed 0 rows and 0 columns (presolve time = 600s)...
Presolve removed 0 rows and 0 columns (presolve time = 605s)...
Presolve removed 0 rows and 0 columns (presolve time = 610s)...
Presolve removed 0 rows and 0 columns (presolve time = 615s)...
Presolve removed 0 rows and 0 columns (presolve time = 620s)...
Presolve removed 0 rows and 0 columns (presolve time = 625s)...
Presolve removed 0 rows and 0 columns (presolve time = 630s)...
Presolve removed 0 rows and 0 columns (presolve time = 635s)...
Presolve removed 0 rows and 0 columns (presolve time = 640s)...
Presolve removed 0 rows and 0 columns (presolve time = 645s)...
Presolve removed 0 rows and 0 columns (presolve time = 650s)...
Presolve removed 0 rows and 0 columns (presolve time = 655s)...
Presolve removed 0 rows and 0 columns (presolve time = 660s)...
Presolve removed 0 rows and 0 columns (presolve time = 665s)...
Presolve removed 0 rows and 0 columns (presolve time = 670s)...
Presolve removed 0 rows and 0 columns (presolve time = 675s)...
Presolve removed 0 rows and 0 columns (presolve time = 680s)...
Presolve removed 0 rows and 0 columns (presolve time = 685s)...
Presolve removed 0 rows and 0 columns (presolve time = 690s)...
Presolve removed 0 rows and 0 columns (presolve time = 695s)...
Presolve removed 0 rows and 0 columns (presolve time = 700s)...
Presolve removed 0 rows and 0 columns (presolve time = 705s)...
Presolve removed 0 rows and 0 columns (presolve time = 713s)...
Presolve time: 712.55s
Presolved: 196014 rows, 35900 columns, 61234630 nonzeros
Variable types: 0 continuous, 35900 integer (35900 binary)

Root simplex log...

Iteration    Objective       Primal Inf.    Dual Inf.      Time
       0   -0.0000000e+00   0.000000e+00   3.887500e+03    740s
      86    1.1543903e+04   0.000000e+00   0.000000e+00    740s
      86    1.1543903e+04   0.000000e+00   0.000000e+00    740s

Use crossover to convert LP symmetric solution to basic solution...

Root crossover log...

  192134 variables added to crossover basis                      745s
  193394 variables added to crossover basis                      750s
  194084 variables added to crossover basis                      755s
  194684 variables added to crossover basis                      760s
  195194 variables added to crossover basis                      765s
  195674 variables added to crossover basis                      770s

       0 DPushes remaining with DInf 0.0000000e+00               778s

     236 PPushes remaining with PInf 0.0000000e+00               778s
       0 PPushes remaining with PInf 0.0000000e+00               798s

  Push phase complete: Pinf 0.0000000e+00, Dinf 8.5429391e-10    798s


Root simplex log...

Iteration    Objective       Primal Inf.    Dual Inf.      Time
     325    1.1543903e+04   0.000000e+00   0.000000e+00    803s
Crossover time: 62.67 seconds (113.42 work units)

Root relaxation: objective 1.154390e+04, 325 iterations, 85.40 seconds (135.32 work units)

    Nodes    |    Current Node    |     Objective Bounds      |     Work
 Expl Unexpl |  Obj  Depth IntInf | Incumbent    BestBd   Gap | It/Node Time

     0     0 11543.9031    0 7184 17387.0000 11543.9031  33.6%     - 1148s
H    0     0                    14971.000000 11543.9031  22.9%     - 1148s
H    0     0                    12537.000000 11543.9031  7.92%     - 1149s
H    0     0                    12067.000000 11543.9031  4.33%     - 1149s
H    0     0                    11915.000000 11543.9031  3.11%     - 1416s
     0     0 11543.9031    0 7184 11915.0000 11543.9031  3.11%     - 2551s
     0     0 11543.9031    0 7184 11915.0000 11543.9031  3.11%     - 2944s
H    0     2                    11731.000000 11543.9031  1.59%     - 11031s
     0     2 11543.9031    0 7184 11731.0000 11543.9031  1.59%     - 11031s
     1     3 11543.9031    1 7463 11731.0000 11543.9031  1.59%  2901 14411s

Explored 2 nodes (7267 simplex iterations) in 14412.07 seconds (41805.79 work units)
Thread count was 32 (of 32 available processors)

Solution count 6: 11731 11915 12067 ... 17387

Time limit reached
Best objective 1.173100000000e+04, best bound 1.154400000000e+04, gap 1.5941%

User-callback calls 648720, time in user-callback 1.55 sec
