
Gurobi 13.0.2 (linux64) logging started Sat Jul 18 10:59:22 2026

Set parameter LogFile to value "/tmp/sweep_20260716_013919_north-korea_alt400km_s50_i2_v6_gurobi.log"
Set parameter Method to value 1
Set parameter NodefileStart to value 4
Set parameter RINS to value 50
Gurobi Optimizer version 13.0.2 build v13.0.2rc1 (linux64 - "Debian GNU/Linux 13 (trixie)")

CPU model: Intel(R) Xeon(R) Platinum 8375C CPU @ 2.90GHz, instruction set [SSE2|AVX|AVX2|AVX512]
Thread count: 16 physical cores, 32 logical processors, using up to 32 threads

Non-default parameters:
TimeLimit  14400
MIPGap  0.001
Method  1
LPWarmStart  1
Heuristics  0.2
MIPFocus  1
NodefileStart  4
RINS  50
Symmetry  2
Cuts  2
CoverCuts  2
LogToConsole  0

Academic license 2812613 - for non-commercial use only - registered to no___@gatech.edu
Optimize a model with 2872 rows, 35900 columns and 728052 nonzeros (Min)
Model fingerprint: 0x50006843
Model has 35900 linear objective coefficients
Variable types: 0 continuous, 35900 integer (35900 binary)
Coefficient statistics:
  Matrix range     [1e+00, 1e+00]
  Objective range  [1e+00, 1e+00]
  Bounds range     [1e+00, 1e+00]
  RHS range        [2e+01, 2e+01]

Found heuristic solution: objective 5494.0000000
Presolve time: 0.53s
Presolved: 2872 rows, 35900 columns, 728052 nonzeros
Variable types: 0 continuous, 35900 integer (35900 binary)

Root simplex log...

Iteration    Objective       Primal Inf.    Dual Inf.      Time
    6480    2.3921948e+03   1.582758e+05   0.000000e+00      5s
    9880    2.4594691e+03   2.802816e+04   0.000000e+00     10s
   12630    2.4971613e+03   3.761561e+04   0.000000e+00     15s
   15290    2.5368903e+03   4.234790e+04   0.000000e+00     20s
   17950    2.5517771e+03   1.055084e+05   0.000000e+00     25s
   20760    2.5635022e+03   5.398566e+04   0.000000e+00     30s
   23580    2.5642887e+03   3.425951e+04   0.000000e+00     35s
   26100    2.5642889e+03   8.232410e+03   0.000000e+00     40s
   28600    2.5642889e+03   2.273387e+03   0.000000e+00     45s
   31150    2.5642890e+03   4.647936e+03   0.000000e+00     50s
   33470    2.5642890e+03   2.534860e+02   0.000000e+00     55s
   35294    2.5642857e+03   0.000000e+00   0.000000e+00     59s

Root relaxation: objective 2.564286e+03, 35294 iterations, 58.87 seconds (135.80 work units)

    Nodes    |    Current Node    |     Objective Bounds      |     Work
 Expl Unexpl |  Obj  Depth IntInf | Incumbent    BestBd   Gap | It/Node Time

     0     0 2564.28571    0 1815 5494.00000 2564.28571  53.3%     -   81s
H    0     0                    2855.0000000 2564.28571  10.2%     -   81s
H    0     0                    2797.0000000 2564.28571  8.32%     -   81s
H    0     0                    2791.0000000 2564.28571  8.12%     -   81s
H    0     0                    2766.0000000 2564.28571  7.29%     -   91s
H    0     0                    2708.0000000 2564.28571  5.31%     -   91s
H    0     0                    2707.0000000 2564.28571  5.27%     -   91s
H    0     0                    2687.0000000 2564.28571  4.57%     -   91s
H    0     0                    2642.0000000 2564.28571  2.94%     -   91s
H    0     0                    2639.0000000 2564.28571  2.83%     -   91s
H    0     0                    2636.0000000 2564.28571  2.72%     -   92s
H    0     0                    2635.0000000 2564.28571  2.68%     -   92s
H    0     0                    2633.0000000 2564.28571  2.61%     -   95s
H    0     0                    2628.0000000 2564.28571  2.42%     -   99s
H    0     0                    2627.0000000 2564.28571  2.39%     -  102s
H    0     0                    2626.0000000 2564.28571  2.35%     -  110s
H    0     0                    2620.0000000 2564.28571  2.13%     -  113s
H    0     0                    2618.0000000 2564.28571  2.05%     -  116s
H    0     0                    2617.0000000 2564.28571  2.01%     -  122s
H    0     0                    2616.0000000 2564.28571  1.98%     -  126s
H    0     0                    2612.0000000 2564.28571  1.83%     -  157s
H    0     0                    2609.0000000 2564.28571  1.71%     -  163s
     0     0 2564.28571    0 1815 2609.00000 2564.28571  1.71%     -  190s
     0     0 2564.28571    0 1625 2609.00000 2564.28571  1.71%     -  284s
H    0     0                    2608.0000000 2564.28571  1.68%     -  429s
H    0     0                    2606.9999999 2564.28571  1.64%     -  429s
H    0     0                    2606.0000000 2564.28571  1.60%     -  434s
H    0     0                    2605.0000000 2564.28571  1.56%     -  434s
H    0     0                    2604.0000000 2564.28571  1.53%     -  453s
H    0     0                    2603.0000000 2564.28571  1.49%     -  453s
H    0     0                    2602.0000000 2564.28571  1.45%     -  492s
H    0     0                    2601.0000000 2564.28571  1.41%     -  492s
H    0     0                    2600.0000000 2564.28571  1.37%     -  590s
H    0     2                    2598.0000000 2564.28571  1.30%     -  791s
     0     2 2564.28571    0 1625 2598.00000 2564.28571  1.30%     -  791s
     1     4 2564.28571    1 1706 2598.00000 2564.28571  1.30% 26759  944s
H    2     4                    2596.0000000 2564.28571  1.22% 13380  944s
     2     4 2564.28571    1 1571 2596.00000 2564.28571  1.22% 14008  948s
H    3     8                    2595.0000000 2564.28571  1.18%  9338 1098s
     5     8 2564.28571    2 1559 2595.00000 2564.28571  1.18%  9581 1102s
H    7    16                    2594.0000000 2564.28571  1.15%  7012 1283s
    15    30     cutoff    4      2594.00000 2564.28571  1.15%  5680 1538s
H   17    30                    2592.0000000 2564.28571  1.07%  5365 1538s
H   23    30                    2591.0000000 2564.28571  1.03%  4797 1538s
    23    30 2564.28571    4 1436 2591.00000 2564.28571  1.03%  4804 1541s
    25    30 2564.28571    4 1552 2591.00000 2564.28571  1.03%  4726 1547s
    26    30 2564.28571    4 1644 2591.00000 2564.28571  1.03%  4822 1550s
    31    46 2564.28571    5 1436 2591.00000 2564.28571  1.03%  4563 1576s
H   47    92                    2590.0000000 2564.28571  0.99%  3291 1693s
H   49    92                    2588.0000000 2564.28571  0.92%  3188 1693s
H   84    92                    2587.0000000 2564.28571  0.88%  2092 1693s
    94    93 2564.28571    5 1625 2587.00000 2564.28571  0.88%  1915 2050s
    96    94 2564.28571    7 1815 2587.00000 2564.28571  0.88%  1875 2262s
    97    95 2564.28571    5 1644 2587.00000 2564.28571  0.88%  1856 2957s
    98    96 2564.28571    8 1586 2587.00000 2564.28571  0.88%  1837 3237s
    99    96 2564.28571    7 1537 2587.00000 2564.28571  0.88%  1818 3577s
   100    97 2564.28571    8 1537 2587.00000 2564.28571  0.88%  1800 3645s
   101    98 2564.35714    9 1537 2587.00000 2564.35714  0.88%  1782 4402s
   103   100 2564.35714    9 1625 2587.00000 2564.35714  0.88%  3218 4495s
   105   101 2564.35714    8 1815 2587.00000 2564.35714  0.88%  3156 4707s
   106   102 2564.35714    8 1644 2587.00000 2564.35714  0.88%  3127 5330s
H  106    96                    2586.0000000 2564.35714  0.84%  3127 5376s
   107    97 2564.35714    5 1575 2586.00000 2564.35714  0.84%  3097 5390s
   108    97 2564.35714    7 1575 2586.00000 2564.35714  0.84%  3069 5484s
H  108    92                    2585.0000000 2564.35714  0.80%  3069 5731s
   109    93 2564.35714    8 1575 2585.00000 2564.35714  0.80%  3041 6196s
   111    96 2564.35714    8 1625 2585.00000 2564.35714  0.80%  3939 6284s
   113    97 2564.35714    6 1815 2585.00000 2564.35714  0.80%  3869 6498s
H  113    92                    2584.0000000 2564.35714  0.76%  3869 7212s
   114    93 2564.35714    6 1646 2584.00000 2564.35714  0.76%  3835 7215s
   115    94 2564.35714    8 1603 2584.00000 2564.35714  0.76%  3802 7401s
   116    94 2564.35714    8 1560 2584.00000 2564.35714  0.76%  3769 7485s
   117    95 2564.35714    7 1549 2584.00000 2564.35714  0.76%  3737 7746s
   118    96 2564.35714    8 1549 2584.00000 2564.35714  0.76%  3705 7831s
   119    96 2564.35714    9 1549 2584.00000 2564.35714  0.76%  3674 8818s
   121    99 2564.35714    8 1625 2584.00000 2564.35714  0.76%  4875 9057s
   123   100 2564.35714    5 1815 2584.00000 2564.35714  0.76%  4796 9470s
   124   101 2564.35714    8 1652 2584.00000 2564.35714  0.76%  4757 9589s
   125   102 2564.35714    9 1652 2584.00000 2564.35714  0.76%  4719 10282s
H  126    97                    2583.0000000 2564.35714  0.72%  5777 10576s
   127    98 2564.35714    8 1625 2583.00000 2564.35714  0.72%  5731 11091s
   129    99 2564.35714    5 1815 2583.00000 2564.35714  0.72%  5642 11526s
   130   100 2564.35714    9 1706 2583.00000 2564.35714  0.72%  5599 11676s
   131   101 2564.35714    8 1706 2583.00000 2564.35714  0.72%  5556 12419s
   133   103 2564.35714    5 1625 2583.00000 2564.35714  0.72%  6583 13272s
   135   104 2564.35714    8 1815 2583.00000 2564.35714  0.72%  6485 13707s
   136   105 2564.35714    8 1706 2583.00000 2564.35714  0.72%  6438 13852s

Explored 136 nodes (1156635 simplex iterations) in 14400.06 seconds (32696.49 work units)
Thread count was 32 (of 32 available processors)

Solution count 10: 2583 2584 2585 ... 2594

Time limit reached
Best objective 2.583000000000e+03, best bound 2.565000000000e+03, gap 0.6969%

User-callback calls 2704003, time in user-callback 6.99 sec
