
Gurobi 13.0.2 (linux64) logging started Sun Jun 28 09:15:49 2026

Set parameter LogFile to value "/tmp/sweep_20260626_235454_china_alt550km_s20_i6_v6_gurobi.log"
Set parameter Method to value 1
Set parameter NodefileStart to value 4
Set parameter RINS to value 50
Gurobi Optimizer version 13.0.2 build v13.0.2rc1 (linux64 - "Debian GNU/Linux 13 (trixie)")

CPU model: Intel(R) Xeon(R) Platinum 8375C CPU @ 2.90GHz, instruction set [SSE2|AVX|AVX2|AVX512]
Thread count: 16 physical cores, 32 logical processors, using up to 32 threads

Non-default parameters:
TimeLimit  10800
MIPGap  0.01
Method  1
LPWarmStart  1
Heuristics  0.2
MIPFocus  1
NodefileStart  4
RINS  50
Symmetry  2
Cuts  2
CoverCuts  2
LogToConsole  0

Academic license 2812613 - for non-commercial use only - registered to no___@gatech.edu
Optimize a model with 196014 rows, 35900 columns and 27892146 nonzeros (Min)
Model fingerprint: 0xbdf9ae84
Model has 35900 linear objective coefficients
Variable types: 0 continuous, 35900 integer (35900 binary)
Coefficient statistics:
  Matrix range     [1e+00, 1e+00]
  Objective range  [1e+00, 1e+00]
  Bounds range     [1e+00, 1e+00]
  RHS range        [4e+00, 4e+00]

Found heuristic solution: objective 3268.0000000
Presolve removed 0 rows and 0 columns (presolve time = 5s)...
Presolve removed 0 rows and 0 columns (presolve time = 11s)...
Presolve removed 0 rows and 0 columns (presolve time = 17s)...
Presolve removed 0 rows and 0 columns (presolve time = 21s)...
Presolve removed 0 rows and 0 columns (presolve time = 25s)...
Presolve removed 0 rows and 0 columns (presolve time = 30s)...
Presolve removed 0 rows and 0 columns (presolve time = 37s)...
Presolve removed 0 rows and 0 columns (presolve time = 41s)...
Presolve removed 0 rows and 0 columns (presolve time = 45s)...
Presolve removed 0 rows and 0 columns (presolve time = 51s)...
Presolve removed 0 rows and 0 columns (presolve time = 58s)...
Presolve removed 0 rows and 0 columns (presolve time = 60s)...
Presolve removed 0 rows and 0 columns (presolve time = 65s)...
Presolve removed 0 rows and 0 columns (presolve time = 70s)...
Presolve removed 0 rows and 0 columns (presolve time = 75s)...
Presolve removed 0 rows and 0 columns (presolve time = 80s)...
Presolve removed 0 rows and 0 columns (presolve time = 85s)...
Presolve removed 0 rows and 0 columns (presolve time = 90s)...
Presolve removed 0 rows and 0 columns (presolve time = 95s)...
Presolve removed 0 rows and 0 columns (presolve time = 100s)...
Presolve removed 0 rows and 0 columns (presolve time = 105s)...
Presolve removed 0 rows and 0 columns (presolve time = 110s)...
Presolve removed 0 rows and 0 columns (presolve time = 115s)...
Presolve removed 0 rows and 0 columns (presolve time = 120s)...
Presolve removed 0 rows and 0 columns (presolve time = 125s)...
Presolve removed 0 rows and 0 columns (presolve time = 130s)...
Presolve removed 0 rows and 0 columns (presolve time = 135s)...
Presolve removed 0 rows and 0 columns (presolve time = 140s)...
Presolve removed 0 rows and 0 columns (presolve time = 145s)...
Presolve removed 0 rows and 0 columns (presolve time = 150s)...
Presolve removed 0 rows and 0 columns (presolve time = 155s)...
Presolve removed 0 rows and 0 columns (presolve time = 160s)...
Presolve removed 0 rows and 0 columns (presolve time = 165s)...
Presolve removed 0 rows and 0 columns (presolve time = 170s)...
Presolve removed 0 rows and 0 columns (presolve time = 175s)...
Presolve removed 0 rows and 0 columns (presolve time = 180s)...
Presolve removed 0 rows and 0 columns (presolve time = 185s)...
Presolve removed 0 rows and 0 columns (presolve time = 190s)...
Presolve removed 0 rows and 0 columns (presolve time = 195s)...
Presolve removed 0 rows and 0 columns (presolve time = 200s)...
Presolve removed 0 rows and 0 columns (presolve time = 205s)...
Presolve removed 0 rows and 0 columns (presolve time = 210s)...
Presolve removed 0 rows and 0 columns (presolve time = 215s)...
Presolve removed 0 rows and 0 columns (presolve time = 220s)...
Presolve removed 0 rows and 0 columns (presolve time = 225s)...
Presolve removed 0 rows and 0 columns (presolve time = 230s)...
Presolve removed 0 rows and 0 columns (presolve time = 235s)...
Presolve removed 0 rows and 0 columns (presolve time = 240s)...
Presolve removed 0 rows and 0 columns (presolve time = 245s)...
Presolve removed 0 rows and 0 columns (presolve time = 250s)...
Presolve removed 0 rows and 0 columns (presolve time = 255s)...
Presolve removed 0 rows and 0 columns (presolve time = 260s)...
Presolve removed 0 rows and 0 columns (presolve time = 265s)...
Presolve removed 0 rows and 0 columns (presolve time = 270s)...
Presolve removed 0 rows and 0 columns (presolve time = 275s)...
Presolve removed 0 rows and 0 columns (presolve time = 280s)...
Presolve removed 0 rows and 0 columns (presolve time = 285s)...
Presolve removed 0 rows and 0 columns (presolve time = 290s)...
Presolve removed 0 rows and 0 columns (presolve time = 295s)...
Presolve removed 0 rows and 0 columns (presolve time = 300s)...
Presolve removed 0 rows and 0 columns (presolve time = 305s)...
Presolve removed 0 rows and 0 columns (presolve time = 310s)...
Presolve time: 313.94s
Presolved: 196014 rows, 35900 columns, 27892146 nonzeros
Variable types: 0 continuous, 35900 integer (35900 binary)

Root simplex log...

Iteration    Objective       Primal Inf.    Dual Inf.      Time
       0   -0.0000000e+00   0.000000e+00   1.092000e+03    326s
      69    1.0247588e+03   0.000000e+00   0.000000e+00    326s
      69    1.0247588e+03   0.000000e+00   0.000000e+00    326s

Use crossover to convert LP symmetric solution to basic solution...

Root crossover log...

  185106 variables added to crossover basis                      330s
  186066 variables added to crossover basis                      335s
  186516 variables added to crossover basis                      340s
  187956 variables added to crossover basis                      345s
  189366 variables added to crossover basis                      350s
  190116 variables added to crossover basis                      355s
  190626 variables added to crossover basis                      360s
  191046 variables added to crossover basis                      365s
  191796 variables added to crossover basis                      370s
  192666 variables added to crossover basis                      375s
  193506 variables added to crossover basis                      380s
  194136 variables added to crossover basis                      385s
  194706 variables added to crossover basis                      390s
  195156 variables added to crossover basis                      395s
  195606 variables added to crossover basis                      400s

       0 DPushes remaining with DInf 0.0000000e+00               523s

       0 PPushes remaining with PInf 0.0000000e+00               524s

  Push phase complete: Pinf 0.0000000e+00, Dinf 8.5751383e-09    524s


Root simplex log...

Iteration    Objective       Primal Inf.    Dual Inf.      Time
      72    1.0247588e+03   0.000000e+00   0.000000e+00    567s
Crossover time: 240.97 seconds (515.78 work units)

Root relaxation: objective 1.024759e+03, 72 iterations, 250.82 seconds (525.65 work units)

    Nodes    |    Current Node    |     Objective Bounds      |     Work
 Expl Unexpl |  Obj  Depth IntInf | Incumbent    BestBd   Gap | It/Node Time

     0     0 1024.75876    0 15078 3268.00000 1024.75876  68.6%     -  692s
H    0     0                    2154.0000000 1024.75876  52.4%     -  692s
H    0     0                    1930.0000000 1024.75876  46.9%     -  692s
H    0     0                    1890.0000000 1024.75876  45.8%     -  782s
H    0     0                    1803.0000000 1024.75876  43.2%     -  783s
H    0     0                    1787.0000000 1024.75876  42.7%     -  783s
H    0     0                    1770.0000000 1024.75876  42.1%     -  783s
H    0     0                    1768.0000000 1024.75876  42.0%     -  783s
H    0     0                    1760.0000000 1024.75876  41.8%     -  813s
H    0     0                    1758.0000000 1024.75876  41.7%     -  845s
H    0     0                    1757.0000000 1024.75876  41.7%     -  845s
H    0     0                    1756.0000000 1024.75876  41.6%     -  858s
H    0     0                    1752.0000000 1024.75876  41.5%     -  870s
H    0     0                    1751.0000000 1024.75876  41.5%     -  871s
H    0     0                    1744.0000000 1024.75876  41.2%     -  884s
H    0     0                    1740.0000000 1024.75876  41.1%     -  917s
H    0     0                    1730.0000000 1024.75876  40.8%     -  947s
H    0     0                    1727.0000000 1024.75876  40.7%     - 1003s
H    0     0                    1726.0000000 1024.75876  40.6%     - 1036s
     0     0 1024.75876    0 15078 1726.00000 1024.75876  40.6%     - 3005s
H    0     2                    1703.0000000 1024.75876  39.8%     - 10812s
     0     2 1024.75876    0 15078 1703.00000 1024.75876  39.8%     - 10812s

Explored 1 nodes (72 simplex iterations) in 10812.58 seconds (28510.15 work units)
Thread count was 32 (of 32 available processors)

Solution count 10: 1703 1726 1727 ... 1757

Time limit reached
Best objective 1.703000000000e+03, best bound 1.025000000000e+03, gap 39.8121%

User-callback calls 434661, time in user-callback 1.36 sec
