
Gurobi 13.0.2 (linux64) logging started Mon Jul 13 12:21:51 2026

Set parameter LogFile to value "/tmp/sweep_20260709_012313_china_alt550km_s35_i4_v10_gurobi.log"
Set parameter Method to value 1
Set parameter NodefileStart to value 4
Set parameter RINS to value 50
Gurobi Optimizer version 13.0.2 build v13.0.2rc1 (linux64 - "Debian GNU/Linux 13 (trixie)")

CPU model: Intel(R) Xeon(R) Platinum 8375C CPU @ 2.90GHz, instruction set [SSE2|AVX|AVX2|AVX512]
Thread count: 16 physical cores, 32 logical processors, using up to 32 threads

Non-default parameters:
TimeLimit  14400
MIPGap  0.001
Method  1
LPWarmStart  1
Heuristics  0.2
MIPFocus  1
NodefileStart  4
RINS  50
Symmetry  2
Cuts  2
CoverCuts  2
LogToConsole  0

Academic license 2812613 - for non-commercial use only - registered to no___@gatech.edu
Optimize a model with 196014 rows, 17950 columns and 37184502 nonzeros (Min)
Model fingerprint: 0x9ea4b719
Model has 17950 linear objective coefficients
Variable types: 0 continuous, 17950 integer (17950 binary)
Coefficient statistics:
  Matrix range     [1e+00, 1e+00]
  Objective range  [1e+00, 1e+00]
  Bounds range     [1e+00, 1e+00]
  RHS range        [9e+00, 9e+00]

Found heuristic solution: objective 1900.0000000
Presolve removed 0 rows and 0 columns (presolve time = 7s)...
Presolve removed 0 rows and 0 columns (presolve time = 12s)...
Presolve removed 0 rows and 0 columns (presolve time = 16s)...
Presolve removed 0 rows and 0 columns (presolve time = 20s)...
Presolve removed 0 rows and 0 columns (presolve time = 27s)...
Presolve removed 0 rows and 0 columns (presolve time = 30s)...
Presolve removed 0 rows and 0 columns (presolve time = 35s)...
Presolve removed 0 rows and 0 columns (presolve time = 42s)...
Presolve removed 0 rows and 0 columns (presolve time = 45s)...
Presolve removed 0 rows and 0 columns (presolve time = 50s)...
Presolve removed 0 rows and 0 columns (presolve time = 55s)...
Presolve removed 0 rows and 0 columns (presolve time = 61s)...
Presolve removed 0 rows and 0 columns (presolve time = 67s)...
Presolve removed 0 rows and 0 columns (presolve time = 71s)...
Presolve time: 70.68s
Presolved: 196014 rows, 17950 columns, 37184502 nonzeros
Variable types: 0 continuous, 17950 integer (17950 binary)

Root simplex log...

Iteration    Objective       Primal Inf.    Dual Inf.      Time
       0   -0.0000000e+00   0.000000e+00   2.457000e+03     87s
      43    1.0459535e+03   0.000000e+00   0.000000e+00     87s
      43    1.0459535e+03   0.000000e+00   0.000000e+00     87s

Use crossover to convert LP symmetric solution to basic solution...

Root crossover log...

  191024 variables added to crossover basis                       90s
  194204 variables added to crossover basis                       95s
  195464 variables added to crossover basis                      100s

       0 DPushes remaining with DInf 0.0000000e+00               107s

       0 PPushes remaining with PInf 0.0000000e+00               107s

  Push phase complete: Pinf 0.0000000e+00, Dinf 6.6713635e-10    107s


Root simplex log...

Iteration    Objective       Primal Inf.    Dual Inf.      Time
      46    1.0459535e+03   0.000000e+00   0.000000e+00    112s
Crossover time: 24.39 seconds (42.81 work units)

Root relaxation: objective 1.045954e+03, 46 iterations, 37.60 seconds (55.96 work units)

    Nodes    |    Current Node    |     Objective Bounds      |     Work
 Expl Unexpl |  Obj  Depth IntInf | Incumbent    BestBd   Gap | It/Node Time

     0     0 1045.95351    0 7180 1900.00000 1045.95351  44.9%     -  120s
H    0     0                    1436.0000000 1045.95351  27.2%     -  120s
H    0     0                    1367.0000000 1045.95351  23.5%     -  120s
H    0     0                    1366.0000000 1045.95351  23.4%     -  181s
H    0     0                    1365.0000000 1045.95351  23.4%     -  181s
H    0     0                    1364.0000000 1045.95351  23.3%     -  197s
H    0     0                    1363.0000000 1045.95351  23.3%     -  211s
     0     0 1045.95351    0 7180 1363.00000 1045.95351  23.3%     -  531s
H    0     0                    1357.0000000 1045.95351  22.9%     - 1361s
H    0     2                    1283.0000000 1045.95351  18.5%     - 1887s
     0     2 1045.95351    0 7180 1283.00000 1045.95351  18.5%     - 1887s

Explored 1 nodes (46 simplex iterations) in 14400.61 seconds (58057.99 work units)
Thread count was 32 (of 32 available processors)

Solution count 9: 1283 1357 1363 ... 1900

Time limit reached
Best objective 1.283000000000e+03, best bound 1.046000000000e+03, gap 18.4723%

User-callback calls 191250, time in user-callback 0.61 sec
