
Gurobi 13.0.2 (linux64) logging started Fri Jul 17 14:06:13 2026

Set parameter LogFile to value "/tmp/sweep_20260716_013919_north-korea_alt400km_s1_i4_v10_gurobi.log"
Set parameter Method to value 1
Set parameter NodefileStart to value 4
Set parameter RINS to value 50
Gurobi Optimizer version 13.0.2 build v13.0.2rc1 (linux64 - "Debian GNU/Linux 13 (trixie)")

CPU model: Intel(R) Xeon(R) Platinum 8375C CPU @ 2.90GHz, instruction set [SSE2|AVX|AVX2|AVX512]
Thread count: 16 physical cores, 32 logical processors, using up to 32 threads

Non-default parameters:
TimeLimit  14400
MIPGap  0.001
Method  1
LPWarmStart  1
Heuristics  0.2
MIPFocus  1
NodefileStart  4
RINS  50
Symmetry  2
Cuts  2
CoverCuts  2
LogToConsole  0

Academic license 2812613 - for non-commercial use only - registered to no___@gatech.edu
Optimize a model with 2872 rows, 7180 columns and 314484 nonzeros (Min)
Model fingerprint: 0xcc5be35f
Model has 7180 linear objective coefficients
Variable types: 0 continuous, 7180 integer (7180 binary)
Coefficient statistics:
  Matrix range     [1e+00, 1e+00]
  Objective range  [1e+00, 1e+00]
  Bounds range     [1e+00, 1e+00]
  RHS range        [1e+00, 1e+00]

Found heuristic solution: objective 92.0000000
Presolve removed 0 rows and 2872 columns
Presolve time: 0.35s
Presolved: 2872 rows, 4308 columns, 209656 nonzeros
Variable types: 0 continuous, 4308 integer (4308 binary)

Root simplex log...

Iteration    Objective       Primal Inf.    Dual Inf.      Time
    8635    5.5932852e+01   1.001462e+03   0.000000e+00      5s
   12525    5.7094750e+01   4.122815e+03   0.000000e+00     10s
   15555    5.7652238e+01   3.843276e+03   0.000000e+00     15s
   18255    5.8060534e+01   3.271353e+04   0.000000e+00     20s
   20765    5.8321124e+01   4.059142e+03   0.000000e+00     25s
   23245    5.8575002e+01   1.902394e+03   0.000000e+00     30s
   25755    5.8793902e+01   5.486479e+03   0.000000e+00     35s
   28215    5.9024880e+01   9.640204e+02   0.000000e+00     40s
   30875    5.9335256e+01   3.800589e+03   0.000000e+00     45s
   33975    5.9456998e+01   4.638064e+03   0.000000e+00     50s
   37315    5.9526692e+01   3.359239e+02   0.000000e+00     55s
   40445    5.9560398e+01   5.061907e+03   0.000000e+00     60s
   43295    5.9581767e+01   6.651677e+03   0.000000e+00     65s
   45905    5.9596764e+01   1.473551e+03   0.000000e+00     70s
   48505    5.9606304e+01   5.725720e+03   0.000000e+00     75s
   50805    5.9613405e+01   4.218230e+02   0.000000e+00     80s
   52905    5.9619072e+01   5.354981e+02   0.000000e+00     85s
   54805    5.9623440e+01   1.184208e+03   0.000000e+00     90s
   56705    5.9628434e+01   9.864478e+01   0.000000e+00     95s
   58375    5.9633866e+01   4.170699e+02   0.000000e+00    100s
   60055    5.9640156e+01   1.194091e+03   0.000000e+00    105s
   61665    5.9648786e+01   2.031230e+03   0.000000e+00    110s
   63215    5.9662932e+01   1.861898e+03   0.000000e+00    115s
   64795    5.9689877e+01   1.247717e+03   0.000000e+00    120s
   66495    5.9702351e+01   1.552171e+04   0.000000e+00    125s
   68325    5.9710469e+01   7.772930e+02   0.000000e+00    130s
   70215    5.9717610e+01   9.362457e+02   0.000000e+00    135s
   72025    5.9722762e+01   1.943206e+03   0.000000e+00    140s
   73805    5.9727017e+01   8.112756e+02   0.000000e+00    145s
   75505    5.9729881e+01   4.486860e+02   0.000000e+00    150s
   77055    5.9738068e+01   6.308494e+03   0.000000e+00    155s
   78535    5.9752368e+01   4.003805e+04   0.000000e+00    160s
   80045    5.9759693e+01   9.883481e+02   0.000000e+00    165s
   81645    5.9763938e+01   3.849407e+03   0.000000e+00    170s
   83505    5.9766486e+01   7.363613e+02   0.000000e+00    175s
   85305    5.9768201e+01   2.465605e+02   0.000000e+00    180s
   87005    5.9769484e+01   3.371420e+03   0.000000e+00    185s
   88535    5.9771951e+01   2.553243e+03   0.000000e+00    190s
Warning: Markowitz tolerance tightened to 0.03125
   89885    5.9823015e+01   2.589198e+05   0.000000e+00    195s
   91205    5.9830840e+01   9.684810e+04   0.000000e+00    200s
   92565    5.9832591e+01   8.686557e+04   0.000000e+00    205s
   93965    5.9833103e+01   3.601351e+04   0.000000e+00    210s
   95405    5.9833264e+01   9.078519e+03   0.000000e+00    215s
   96935    5.9833333e+01   3.452428e+04   0.000000e+00    220s
   98545    5.9833366e+01   1.565093e+03   0.000000e+00    225s
  100335    5.9833384e+01   9.113593e+02   0.000000e+00    230s
  102335    5.9833395e+01   4.847316e+02   0.000000e+00    235s
  104335    5.9833399e+01   2.415331e+02   0.000000e+00    240s
  106235    5.9833402e+01   2.122793e+02   0.000000e+00    245s
  107885    5.9833404e+01   2.928780e+01   0.000000e+00    250s
  109085    5.9833333e+01   0.000000e+00   0.000000e+00    255s

Root relaxation: objective 5.983333e+01, 109085 iterations, 254.33 seconds (562.61 work units)

    Nodes    |    Current Node    |     Objective Bounds      |     Work
 Expl Unexpl |  Obj  Depth IntInf | Incumbent    BestBd   Gap | It/Node Time

     0     0   59.83333    0 1990   92.00000   59.83333  35.0%     -  313s
H    0     0                      91.0000000   59.83333  34.2%     -  314s
H    0     0                      90.0000000   59.83333  33.5%     -  314s
H    0     0                      89.0000000   59.83333  32.8%     -  314s
H    0     0                      88.0000000   59.83333  32.0%     -  314s
H    0     0                      87.0000000   59.83333  31.2%     -  314s
H    0     0                      86.0000000   59.83333  30.4%     -  314s
H    0     0                      85.0000000   59.83333  29.6%     -  315s
H    0     0                      84.0000000   59.83333  28.8%     -  315s
H    0     0                      83.0000000   59.83333  27.9%     -  315s
H    0     0                      82.0000000   59.83333  27.0%     -  315s
H    0     0                      81.0000000   59.83333  26.1%     -  315s
H    0     0                      80.0000000   59.83333  25.2%     -  315s
H    0     0                      79.0000000   59.83333  24.3%     -  315s
H    0     0                      78.0000000   59.83333  23.3%     -  316s
H    0     0                      77.0000000   59.83333  22.3%     -  426s
     0     0   59.83333    0 1984   77.00000   59.83333  22.3%     -  457s
H    0     0                      76.0000000   59.83333  21.3%     -  469s
     0     0   59.83333    0 1970   76.00000   59.83333  21.3%     -  535s
     0     0   59.83333    0 2017   76.00000   59.83333  21.3%     -  655s
     0     0   59.83333    0 1932   76.00000   59.83333  21.3%     -  814s
H    0     0                      75.0000000   59.83333  20.2%     -  842s
     0     0   59.83333    0 1946   75.00000   59.83333  20.2%     -  845s
H    0     0                      74.0000000   59.83333  19.1%     -  944s
     0     0   59.83333    0 1935   74.00000   59.83333  19.1%     -  971s
     0     0   59.83333    0 1935   74.00000   59.83333  19.1%     - 1075s
     0     0   59.83333    0 1920   74.00000   59.83333  19.1%     - 1143s
     0     0   59.83333    0 1990   74.00000   59.83333  19.1%     - 1281s
     0     0   59.83333    0 1945   74.00000   59.83333  19.1%     - 1494s
H    0     0                      73.0000000   59.83333  18.0%     - 1526s
     0     0   59.83333    0 1971   73.00000   59.83333  18.0%     - 1526s
H    0     0                      72.0000000   59.83333  16.9%     - 1665s
     0     0   59.83333    0 2018   72.00000   59.83333  16.9%     - 1697s
     0     0   59.83333    0 1948   72.00000   59.83333  16.9%     - 1915s
H    0     0                      71.0000000   59.83333  15.7%     - 2762s
H    0     0                      70.0000000   59.83333  14.5%     - 2808s
H    0     0                      69.0000000   59.83333  13.3%     - 2972s
     0     2   59.83333    0 1909   69.00000   59.83333  13.3%     - 3129s
     1     3   59.83333    1 1638   69.00000   59.83333  13.3%  2107 3174s
     2     4   60.37852    2 1426   69.00000   59.83333  13.3%  3578 3239s
     3     6   61.27342    3 1384   69.00000   59.83333  13.3%  4975 3343s
     7    12   61.36247    4 1392   69.00000   60.09092  12.9%  5111 3469s
    13    24   61.46013    5 1393   69.00000   60.14181  12.8%  8004 3627s
    25    40   61.62032    6 1396   69.00000   60.18395  12.8% 11346 4084s
H   32    40                      66.0000000   60.18404  8.81% 12423 4084s
    41    72   61.71337    7 1403   66.00000   60.23775  8.73% 12736 4233s
    73    96   61.72683    8 1397   66.00000   60.23785  8.73%  9632 4355s
    97   115   61.73501    9 1398   66.00000   60.23785  8.73%  8536 4498s
   117   116   60.89193    9 1948   66.00000   60.23785  8.73%  7820 5354s
   119   117   61.14478   11 1990   66.00000   60.23785  8.73%  7688 5808s
   120   118   62.78560    7 1983   66.00000   60.23785  8.73%  7624 6090s
   121   119   62.41049   11 1961   66.00000   60.23785  8.73%  7561 6305s
   122   119   60.82632    6 1930   66.00000   60.23785  8.73%  7499 6626s
   123   120   60.93357   10 1969   66.00000   60.23785  8.73%  7438 6816s
   124   121   60.89193    9 1950   66.00000   60.23785  8.73%  7378 7231s
   125   121   60.88018    8 2026   66.00000   60.23785  8.73%  7319 7425s
   126   122   60.91522   10 1970   66.00000   60.23785  8.73%  7261 7862s
   127   123   60.78250    8 2034   66.00000   60.23785  8.73%  7204 8080s
   128   123   60.44352    5 2020   66.00000   60.23785  8.73%  7148 8393s
   129   124   60.93644   14 2020   66.00000   60.23785  8.73%  7092 9828s
   131   127   60.44352    5 1948   66.00000   60.23785  8.73% 10010 11067s
   133   128   61.62046    7 1990   66.00000   60.23785  8.73%  9859 11515s
   134   129   60.56459    9 1946   66.00000   60.23785  8.73%  9786 11767s
   135   130   60.45195    6 1932   66.00000   60.23785  8.73%  9713 11989s
   136   130   61.75689   17 1962   66.00000   60.23785  8.73%  9642 12307s
   137   131   60.27249    7 2019   66.00000   60.23785  8.73%  9571 12590s
   138   132   60.48929    8 1938   66.00000   60.23785  8.73%  9502 12977s
   139   132   61.34400   10 2007   66.00000   60.23785  8.73%  9434 13265s
   140   133   60.93644   14 2010   66.00000   60.23785  8.73%  9366 13758s
   141   134   60.93357   10 2068   66.00000   60.23785  8.73%  9300 14070s

Cutting planes:
  MIR: 104
  Flow cover: 995

Explored 141 nodes (2028534 simplex iterations) in 14400.14 seconds (24448.78 work units)
Thread count was 32 (of 32 available processors)

Solution count 10: 66 69 70 ... 77

Time limit reached
Best objective 6.600000000000e+01, best bound 6.100000000000e+01, gap 7.5758%

User-callback calls 1450657, time in user-callback 2.75 sec
