
Gurobi 13.0.2 (linux64) logging started Fri Jul 17 01:54:10 2026

Set parameter LogFile to value "/tmp/sweep_20260716_013919_north-korea_alt260km_s75_i2_v4_gurobi.log"
Set parameter Method to value 1
Set parameter NodefileStart to value 4
Set parameter RINS to value 50
Gurobi Optimizer version 13.0.2 build v13.0.2rc1 (linux64 - "Debian GNU/Linux 13 (trixie)")

CPU model: Intel(R) Xeon(R) Platinum 8375C CPU @ 2.90GHz, instruction set [SSE2|AVX|AVX2|AVX512]
Thread count: 16 physical cores, 32 logical processors, using up to 32 threads

Non-default parameters:
TimeLimit  14400
MIPGap  0.001
Method  1
LPWarmStart  1
Heuristics  0.2
MIPFocus  1
NodefileStart  4
RINS  50
Symmetry  2
Cuts  2
CoverCuts  2
LogToConsole  0

Academic license 2812613 - for non-commercial use only - registered to no___@gatech.edu
Optimize a model with 1436 rows, 21540 columns and 147908 nonzeros (Min)
Model fingerprint: 0x6b554226
Model has 21540 linear objective coefficients
Variable types: 0 continuous, 21540 integer (21540 binary)
Coefficient statistics:
  Matrix range     [1e+00, 1e+00]
  Objective range  [1e+00, 1e+00]
  Bounds range     [1e+00, 1e+00]
  RHS range        [4e+01, 4e+01]

Found heuristic solution: objective 10958.000000
Presolve removed 0 rows and 8616 columns
Presolve time: 0.09s
Presolved: 1436 rows, 12924 columns, 91904 nonzeros
Variable types: 0 continuous, 12924 integer (9334 binary)

Root simplex log...

Iteration    Objective       Primal Inf.    Dual Inf.      Time
   13533    5.8465740e+03   1.598947e+03   0.000000e+00      5s
   15631    5.8465714e+03   0.000000e+00   0.000000e+00      6s

Root relaxation: objective 5.846571e+03, 15631 iterations, 6.25 seconds (12.13 work units)

    Nodes    |    Current Node    |     Objective Bounds      |     Work
 Expl Unexpl |  Obj  Depth IntInf | Incumbent    BestBd   Gap | It/Node Time

     0     0 5846.57143    0 1345 10958.0000 5846.57143  46.6%     -    8s
H    0     0                    6399.0000000 5846.57143  8.63%     -    8s
H    0     0                    6257.0000000 5846.57143  6.56%     -    8s
H    0     0                    5999.0000000 5846.57143  2.54%     -    8s
H    0     0                    5991.0000000 5846.57143  2.41%     -    8s
H    0     0                    5968.0000000 5846.57143  2.03%     -    8s
H    0     0                    5950.0000000 5846.57143  1.74%     -    8s
H    0     0                    5949.0000000 5846.57143  1.72%     -    8s
H    0     0                    5941.0000000 5846.57143  1.59%     -    8s
H    0     0                    5940.0000000 5846.57143  1.57%     -    8s
H    0     0                    5937.0000000 5846.57143  1.52%     -    8s
H    0     0                    5936.0000000 5846.57143  1.51%     -    8s
H    0     0                    5935.0000000 5846.57143  1.49%     -    8s
H    0     0                    5934.0000000 5846.57143  1.47%     -    8s
H    0     0                    5926.0000000 5846.57143  1.34%     -    8s
H    0     0                    5913.0000000 5846.57143  1.12%     -    8s
H    0     0                    5905.0000000 5846.57143  0.99%     -    8s
H    0     0                    5904.0000000 5846.57143  0.97%     -    8s
H    0     0                    5903.0000000 5846.57143  0.96%     -    9s
H    0     0                    5902.0000000 5846.57143  0.94%     -    9s
H    0     0                    5899.0000000 5846.57143  0.89%     -    9s
H    0     0                    5897.0000000 5846.57143  0.86%     -    9s
H    0     0                    5896.0000000 5846.57143  0.84%     -    9s
H    0     0                    5894.0000000 5846.57143  0.80%     -    9s
H    0     0                    5893.0000000 5846.57143  0.79%     -    9s
H    0     0                    5892.0000000 5846.57143  0.77%     -    9s
H    0     0                    5891.0000000 5846.57143  0.75%     -    9s
H    0     0                    5890.0000000 5846.57143  0.74%     -    9s
H    0     0                    5889.0000000 5846.57143  0.72%     -    9s
H    0     0                    5888.0000000 5846.57143  0.70%     -    9s
H    0     0                    5887.0000000 5846.57143  0.69%     -    9s
H    0     0                    5886.0000000 5846.57143  0.67%     -    9s
H    0     0                    5885.0000000 5846.57143  0.65%     -   10s
H    0     0                    5884.0000000 5846.57143  0.64%     -   10s
H    0     0                    5882.0000000 5846.57143  0.60%     -   10s
H    0     0                    5881.0000000 5846.57143  0.59%     -   10s
     0     0 5846.57143    0 1345 5881.00000 5846.57143  0.59%     -   30s
     0     0 5846.57143    0 1345 5881.00000 5846.57143  0.59%     -   32s
H    0     0                    5880.0000000 5846.57143  0.57%     -   50s
H    0     0                    5879.0000000 5846.57143  0.55%     -   50s
H    0     0                    5877.0000000 5846.57143  0.52%     -   51s
     0     2 5846.57143    0 1345 5877.00000 5846.57143  0.52%     -   63s
     1     4 5846.57143    1 1431 5877.00000 5846.57143  0.52%  2534   65s
     3     7 5846.57143    2 1378 5877.00000 5846.57143  0.52%   910   70s
     6    14 5846.57143    3 1436 5877.00000 5846.57143  0.52%   507   80s
    13    26 5846.57143    4 1433 5877.00000 5846.57143  0.52%   278   88s
    22    26 5846.57143    4 1403 5877.00000 5846.57143  0.52%   288   90s
    27    42 5846.57143    5 1428 5877.00000 5846.57143  0.52%   256   98s
    43    58 5846.57143    6 1434 5877.00000 5846.57143  0.52%   256  109s
H   59    81                    5876.0000000 5846.57143  0.50%   217  128s
H   78    81                    5872.0000000 5846.57143  0.43%   190  128s
H   82   385                    5871.0000000 5846.57143  0.42%   185  153s
H  331   385                    5870.0000000 5846.57143  0.40%   108  153s
   386   625 5846.57143   20 1435 5870.00000 5846.57143  0.40%   103  193s
H  475   625                    5869.0000000 5846.57143  0.38%  97.3  193s
   626  1061 5846.57143   30 1436 5869.00000 5846.57143  0.38%  94.3  256s
  1062  1743 5846.57143   44 1436 5869.00000 5846.57143  0.38%  96.8  360s
H 1140  1743                    5867.0000000 5846.57143  0.35%  95.4  360s
  1744  2523 5846.57143   69 1433 5867.00000 5846.57143  0.35%   107  468s
H 1979  2523                    5866.0000000 5846.57143  0.33%   105  468s
  2524  3776 5846.57143  104 1428 5866.00000 5846.57143  0.33%   109  579s
  3777  3816 5847.88266  150 1386 5866.00000 5846.57143  0.33%   130  672s
  3817  4410 5847.93720  151 1385 5866.00000 5846.57143  0.33%   132  773s
  4411  5128 5848.52442  169 1373 5866.00000 5846.57143  0.33%   146  879s
  5129  5604 5849.70177  195 1339 5866.00000 5846.57143  0.33%   156  986s
  5611  6367 5850.31400  208 1337 5866.00000 5846.57143  0.33%   164 1094s
  6374  6850 5851.47415  231 1322 5866.00000 5846.57143  0.33%   169 1204s
H 6830  6826                    5865.0000000 5846.57143  0.31%   172 1204s
  6857  7374 5852.32480  250 1311 5865.00000 5846.57143  0.31%   173 1324s
  7461  8089 5853.47301  272 1303 5865.00000 5846.57143  0.31%   173 1437s
  8186  8492 5854.82886  298 1295 5865.00000 5846.57143  0.31%   172 1556s
  8624  9274 5855.29787  307 1278 5865.00000 5846.57143  0.31%   171 1678s
  9406 10099 5856.86814  338 1248 5865.00000 5846.57143  0.31%   169 1802s
 10232 10100 5846.57143  294 1345 5865.00000 5846.57143  0.31%   168 1875s
 10234 10101 5846.78274  118 1345 5865.00000 5846.57143  0.31%   168 1888s
 10235 10102 5853.71401  312 1346 5865.00000 5846.57143  0.31%   168 1916s
 10236 10103 5846.57143  230 1346 5865.00000 5846.57143  0.31%   168 1926s
 10237 10103 5846.71428  222 1346 5865.00000 5846.71428  0.31%   168 2040s
 10240 10110 5846.71428   13 1436 5865.00000 5846.71428  0.31%   172 2047s
 10244 10116 5846.71428   14 1396 5865.00000 5846.71428  0.31%   172 2052s
 10251 10127 5846.71428   15 1403 5865.00000 5846.71428  0.31%   172 2056s
 10282 10229 5846.71428   17 1407 5865.00000 5846.71428  0.31%   172 2065s
 10379 10213 5846.71428   21 1405 5865.00000 5846.71428  0.31%   171 2070s
 10395 10224 5846.71428   21 1406 5865.00000 5846.71428  0.31%   171 2079s
 10411 10234 5846.71428   21 1412 5865.00000 5846.71428  0.31%   171 2085s
 10427 10245 5846.71428   21 1411 5865.00000 5846.71428  0.31%   171 2094s
 10443 10256 5846.71428   22 1404 5865.00000 5846.71428  0.31%   171 2110s
 10459 10266 5846.71428   22 1414 5865.00000 5846.71428  0.31%   171 2125s
 10475 10302 5846.71428   22 1408 5865.00000 5846.71428  0.31%   171 2140s
 10516 10354 5846.71428   22 1413 5865.00000 5846.71428  0.31%   170 2163s
 10582 10492 5846.71428   23 1413 5865.00000 5846.71428  0.31%   170 2199s
 10742 10593 5846.71428   28 1413 5865.00000 5846.71428  0.31%   169 2267s
 10896 10707 5846.71428   28 1411 5865.00000 5846.71428  0.31%   168 2356s
 11061 11694 5846.71428   31 1413 5865.00000 5846.71428  0.31%   168 2481s
 12103 12689 5846.71428   62 1427 5865.00000 5846.71428  0.31%   164 2622s
 13446 12522 5846.71428   80 1423 5865.00000 5846.71428  0.31%   163 2733s
 13726 13038 5846.71428   83 1416 5865.00000 5846.71428  0.31%   164 2862s
 14336 13286 5846.71428   96 1424 5865.00000 5846.71428  0.31%   164 2995s
H14351 12775                    5864.0000000 5846.71428  0.29%   164 2995s
 14787 13754 5846.71428   98 1424 5864.00000 5846.71428  0.29%   167 3128s
 15911 14089 5846.71428  121 1425 5864.00000 5846.71428  0.29%   171 3254s
 16701 14184 5846.71428  135 1424 5864.00000 5846.71428  0.29%   171 3383s
 17059 15315 5846.71428  141 1422 5864.00000 5846.71428  0.29%   170 3516s
 18310 15665 5846.71428  175 1418 5864.00000 5846.71428  0.29%   168 3638s
 19083 15875 5846.71428  189 1415 5864.00000 5846.71428  0.29%   167 3765s
 19604 16532 5846.71428  195 1415 5864.00000 5846.71428  0.29%   166 3893s
 20435 16349 5846.71428  210 1411 5864.00000 5846.71428  0.29%   165 4022s
 20529 17130 5846.71428  210 1414 5864.00000 5846.71428  0.29%   164 4169s
 21341 17452 5846.71428  220 1414 5864.00000 5846.71428  0.29%   163 4315s
 21934 17786 5846.71428  229 1403 5864.00000 5846.71428  0.29%   162 4486s
 22466 18570 5846.71428  250 1404 5864.00000 5846.71428  0.29%   162 4680s
 23427 18983 5846.71428  255 1405 5864.00000 5846.71428  0.29%   160 4854s
 24160 19515 5846.71428  275 1399 5864.00000 5846.71428  0.29%   160 5035s
 24994 19289 5846.71428  281 1400 5864.00000 5846.71428  0.29%   159 5211s
 25046 19908 5846.71428  283 1392 5864.00000 5846.71428  0.29%   159 5395s
 25682 20370 5846.71428  294 1406 5864.00000 5846.71428  0.29%   159 5589s
 26356 20939 5846.71428  304 1398 5864.00000 5846.71428  0.29%   158 5808s
 27164 21375 5846.71428  313 1402 5864.00000 5846.71428  0.29%   158 5999s
 27933 22157 5846.71428  312 1403 5864.00000 5846.71428  0.29%   159 6198s
 29027 22946 5846.71428  356 1392 5864.00000 5846.71428  0.29%   158 6388s
 30215 24025 5846.71428  373 1387 5864.00000 5846.71428  0.29%   159 6568s
 31742 24672 5846.71428  402 1380 5864.00000 5846.71428  0.29%   159 6745s
 32898 25236 5846.71428  425 1355 5864.00000 5846.71428  0.29%   160 6948s
 33847 24935 5846.71428  439 1354 5864.00000 5846.71428  0.29%   161 7137s
 33863 25705 5846.71428  440 1349 5864.00000 5846.71428  0.29%   161 7316s
 34659 26683 5846.71428  457 1345 5864.00000 5846.71428  0.29%   161 7502s
 36067 27360 5846.71428  493 1334 5864.00000 5846.71428  0.29%   162 7698s
 37214 28283 5846.71428  512 1302 5864.00000 5846.71428  0.29%   164 7911s
 38519 29697 5847.15694  536 1294 5864.00000 5846.71428  0.29%   168 8117s
 40412 31366 5848.78520  584 1255 5864.00000 5846.71428  0.29%   176 8321s
 42331 31832 5850.39489  637 1239 5864.00000 5846.71428  0.29%   179 8560s
 42839 36796 5850.71413  645 1244 5864.00000 5846.71428  0.29%   180 9175s
 48284 36817 5853.15869  718 1215 5864.00000 5846.71428  0.29%   184 9419s
 48305 37343 5853.13739  717 1224 5864.00000 5846.71428  0.29%   184 9689s
 48885 37624 5853.21508  719 1225 5864.00000 5846.71428  0.29%   184 10002s
 49256 38937 5853.60344  727 1214 5864.00000 5846.71428  0.29%   184 10251s
 50622 40782 5854.60467  753 1206 5864.00000 5846.71428  0.29%   184 10606s
 52573 42490 5857.02763  814 1168 5864.00000 5846.71428  0.29%   186 10907s
 54281 44247 5858.35708  845 1149 5864.00000 5846.71428  0.29%   187 11149s
 56182 45989 5860.66148  896 1165 5864.00000 5846.71428  0.29%   189 11387s
 58083 47584 5862.09830  930 1139 5864.00000 5846.71428  0.29%   190 11628s
 59890 48755 5846.71428   42 1426 5864.00000 5846.71428  0.29%   191 11862s
 61130 50811 5846.71428   64 1426 5864.00000 5846.71428  0.29%   191 12097s
 63266 53118 5846.71428  101 1420 5864.00000 5846.71428  0.29%   190 12379s
 65919 53134 5846.71428  158 1420 5864.00000 5846.71428  0.29%   189 12630s
 65935 53923 5846.71428  159 1423 5864.00000 5846.71428  0.29%   189 12816s
 66782 55053 5846.71428  182 1421 5864.00000 5846.71428  0.29%   188 13026s
 67916 56819 5846.71428  198 1411 5864.00000 5846.71428  0.29%   187 13261s
 69726 56835 5846.71428  225 1418 5864.00000 5846.71428  0.29%   186 13566s
 69742 57683 5846.71428  227 1418 5864.00000 5846.71428  0.29%   186 13793s
 70590 59251 5846.71428  244 1408 5864.00000 5846.71428  0.29%   186 14044s
 72166 61308 5846.71428  281 1403 5864.00000 5846.71428  0.29%   188 14288s
 74425 62108 5846.71428  323 1406 5864.00000 5846.71428  0.29%   190 14400s

Cutting planes:
  MIR: 1

Explored 75316 nodes (14337089 simplex iterations) in 14400.15 seconds (49876.79 work units)
Thread count was 32 (of 32 available processors)

Solution count 10: 5864 5865 5866 ... 5877

Time limit reached
Best objective 5.864000000000e+03, best bound 5.847000000000e+03, gap 0.2899%

User-callback calls 3568748, time in user-callback 14.90 sec
