
Gurobi 13.0.2 (linux64) logging started Mon Jul 20 01:32:12 2026

Set parameter LogFile to value "/tmp/sweep_20260716_013919_north-korea_alt550km_s50_i2_v4_gurobi.log"
Set parameter Method to value 1
Set parameter NodefileStart to value 4
Set parameter RINS to value 50
Gurobi Optimizer version 13.0.2 build v13.0.2rc1 (linux64 - "Debian GNU/Linux 13 (trixie)")

CPU model: Intel(R) Xeon(R) Platinum 8375C CPU @ 2.90GHz, instruction set [SSE2|AVX|AVX2|AVX512]
Thread count: 16 physical cores, 32 logical processors, using up to 32 threads

Non-default parameters:
TimeLimit  14400
MIPGap  0.001
Method  1
LPWarmStart  1
Heuristics  0.2
MIPFocus  1
NodefileStart  4
RINS  50
Symmetry  2
Cuts  2
CoverCuts  2
LogToConsole  0

Academic license 2812613 - for non-commercial use only - registered to no___@gatech.edu
Optimize a model with 1436 rows, 17950 columns and 98366 nonzeros (Min)
Model fingerprint: 0x8b722f2b
Model has 17950 linear objective coefficients
Variable types: 0 continuous, 17950 integer (17950 binary)
Coefficient statistics:
  Matrix range     [1e+00, 1e+00]
  Objective range  [1e+00, 1e+00]
  Bounds range     [1e+00, 1e+00]
  RHS range        [2e+01, 2e+01]

Found heuristic solution: objective 7507.0000000
Presolve removed 0 rows and 7898 columns
Presolve time: 0.06s
Presolved: 1436 rows, 10052 columns, 58876 nonzeros
Variable types: 0 continuous, 10052 integer (7180 binary)

Root simplex log...

Iteration    Objective       Primal Inf.    Dual Inf.      Time
   21880    5.4747522e+03   6.059707e+02   0.000000e+00      5s
   23002    5.4747500e+03   0.000000e+00   0.000000e+00      5s

Root relaxation: objective 5.474750e+03, 23002 iterations, 5.36 seconds (9.43 work units)

    Nodes    |    Current Node    |     Objective Bounds      |     Work
 Expl Unexpl |  Obj  Depth IntInf | Incumbent    BestBd   Gap | It/Node Time

     0     0 5474.75000    0 1237 7507.00000 5474.75000  27.1%     -    7s
H    0     0                    6071.0000000 5474.75000  9.82%     -    7s
H    0     0                    5855.0000000 5474.75000  6.49%     -    7s
H    0     0                    5606.0000000 5474.75000  2.34%     -    7s
H    0     0                    5589.0000000 5474.75000  2.04%     -    7s
H    0     0                    5587.0000000 5474.75000  2.01%     -    7s
H    0     0                    5582.0000000 5474.75000  1.92%     -    7s
H    0     0                    5580.0000000 5474.75000  1.89%     -    7s
H    0     0                    5578.0000000 5474.75000  1.85%     -    7s
H    0     0                    5537.0000000 5474.75000  1.12%     -    7s
H    0     0                    5536.0000000 5474.75000  1.11%     -    7s
H    0     0                    5530.0000000 5474.75000  1.00%     -    7s
H    0     0                    5527.0000000 5474.75000  0.95%     -    7s
H    0     0                    5526.0000000 5474.75000  0.93%     -    7s
H    0     0                    5522.0000000 5474.75000  0.86%     -    7s
H    0     0                    5521.0000000 5474.75000  0.84%     -    7s
H    0     0                    5520.0000000 5474.75000  0.82%     -    7s
H    0     0                    5519.0000000 5474.75000  0.80%     -    7s
H    0     0                    5518.0000000 5474.75000  0.78%     -    7s
H    0     0                    5515.0000000 5474.75000  0.73%     -    7s
H    0     0                    5514.0000000 5474.75000  0.71%     -    7s
H    0     0                    5513.0000000 5474.75000  0.69%     -    7s
H    0     0                    5512.0000000 5474.75000  0.68%     -    7s
H    0     0                    5511.0000000 5474.75000  0.66%     -    7s
H    0     0                    5508.0000000 5474.75000  0.60%     -    7s
H    0     0                    5507.0000000 5474.75000  0.59%     -    7s
H    0     0                    5506.0000000 5474.75000  0.57%     -    7s
     0     0 5474.75000    0 1341 5506.00000 5474.75000  0.57%     -   11s
H    0     0                    5505.0000000 5474.75000  0.55%     -   19s
H    0     0                    5504.0000000 5474.75000  0.53%     -   19s
H    0     0                    5503.0000000 5474.75000  0.51%     -   21s
H    0     0                    5502.0000000 5474.75000  0.50%     -   22s
H    0     0                    5501.0000000 5474.75000  0.48%     -   22s
H    0     0                    5500.0000000 5474.75000  0.46%     -   22s
     0     0 5474.75000    0 1328 5500.00000 5474.75000  0.46%     -   22s
     0     0 5474.75000    0 1324 5500.00000 5474.75000  0.46%     -   24s
     0     0 5474.75000    0 1229 5500.00000 5474.75000  0.46%     -   28s
H    0     0                    5499.0000000 5474.75000  0.44%     -   28s
     0     0 5474.75000    0 1256 5499.00000 5474.75000  0.44%     -   28s
     0     0 5474.75000    0 1351 5499.00000 5474.75000  0.44%     -   33s
     0     0 5474.75000    0 1234 5499.00000 5474.75000  0.44%     -   38s
     0     0 5474.75000    0 1277 5499.00000 5474.75000  0.44%     -   38s
     0     0 5474.75000    0 1277 5499.00000 5474.75000  0.44%     -   42s
     0     0 5474.75000    0 1177 5499.00000 5474.75000  0.44%     -   47s
H    0     0                    5498.0000000 5474.75000  0.42%     -   71s
H    0     2                    5497.0000000 5474.75000  0.40%     -   74s
     0     2 5474.75000    0 1177 5497.00000 5474.75000  0.40%     -   74s
     1     4 5474.75000    1 1348 5497.00000 5474.75000  0.40%  1887   75s
     3     8 5474.75000    2 1392 5497.00000 5474.75000  0.40%  1643   81s
     7    14     cutoff    3      5497.00000 5474.75000  0.40%   823   86s
H    8    14                    5496.0000000 5474.75000  0.39%   720   86s
    15    28 5474.75000    4 1367 5496.00000 5474.75000  0.39%   553   94s
H   18    28                    5495.0000000 5474.75000  0.37%   512   94s
H   23    28                    5493.0000000 5474.75000  0.33%   484   94s
    23    28 5474.75000    4 1373 5493.00000 5474.75000  0.33%   505   95s
    29    44 5474.75000    5 1326 5493.00000 5474.75000  0.33%  1041  104s
    45    60 5474.75000    6 1330 5493.00000 5474.75000  0.33%  1198  113s
    61    76 5474.75000    7 1332 5493.00000 5474.75000  0.33%   946  126s
H   76    76                    5492.0000000 5474.75000  0.31%   789  126s
    77    92 5474.75000    7 1339 5492.00000 5474.75000  0.31%   783  147s
    93   108 5474.75000    8 1345 5492.00000 5474.75000  0.31%   671  180s
   109   559 5474.75000    8 1354 5492.00000 5474.75000  0.31%   589  222s
   560  1071 5474.75000   22 1345 5492.00000 5474.75000  0.31%   181  263s
  1072  1395 5474.75000   41 1330 5492.00000 5474.75000  0.31%   128  331s
H 1131  1395                    5491.0000000 5474.75000  0.30%   126  331s
H 1367  1395                    5489.9999997 5474.75000  0.28%   116  331s
  1396  2204 5474.75000   41 1332 5490.00000 5474.75000  0.28%   115  416s
  2205  3351 5474.75000   65 1326 5490.00000 5474.75000  0.28%   102  502s
  3352  4222 5474.75000   89 1311 5490.00000 5474.75000  0.28%   108  577s
  4223  4717 5474.75000   89 1306 5490.00000 5474.75000  0.28%   138  651s
  4718  5220 5474.75000  100 1310 5490.00000 5474.75000  0.28%   145  725s
  5221  5707 5474.75000  115 1297 5490.00000 5474.75000  0.28%   165  803s
H 5251  5707                    5489.0000000 5474.75000  0.26%   165  803s
  5708  6565 5474.75000  130 1290 5489.00000 5474.75000  0.26%   191  886s
  6566  6611 5474.75000  154 1268 5489.00000 5474.75000  0.26%   241  967s
  6612  7363 5474.75000  155 1278 5489.00000 5474.75000  0.26%   241 1049s
  7364  8150 5474.75000  177 1248 5489.00000 5474.75000  0.26%   300 1135s
H 7416  8150                    5488.0000000 5474.75000  0.24%   300 1135s
  8151  8980 5474.75000  205 1230 5488.00000 5474.75000  0.24%   352 1217s
  8981  9633 5474.75000  228 1195 5488.00000 5474.75000  0.24%   390 1300s
  9634 10100 5474.87816  239 1145 5488.00000 5474.75000  0.24%   409 1385s
 10101 10878 5474.97056  258 1147 5488.00000 5474.75000  0.24%   421 1483s
 10928 10879 5475.76382  346 1177 5488.00000 5474.75000  0.24%   436 1523s
 10930 10880 5474.75000   64 1237 5488.00000 5474.75000  0.24%   436 1533s
 10931 10881 5477.72004  412 1239 5488.00000 5474.75000  0.24%   436 1549s
 10932 10882 5474.75000   37 1283 5488.00000 5474.75000  0.24%   436 1552s
 10933 10882 5474.75000  150 1241 5488.00000 5474.75000  0.24%   436 1564s
 10934 10883 5475.72807   99 1265 5488.00000 5474.75000  0.24%   436 1570s
 10935 10884 5476.54894  359 1280 5488.00000 5474.75000  0.24%   436 1581s
 10936 10884 5475.79605  287 1283 5488.00000 5474.75000  0.24%   436 1586s
 10937 10885 5478.91430  509 1341 5488.00000 5474.75000  0.24%   436 1597s
 10938 10886 5474.75000   80 1341 5488.00000 5474.75000  0.24%   436 1604s
 10939 10886 5476.03551  333 1296 5488.00000 5474.75000  0.24%   436 1617s
 10940 10887 5474.87500   31 1296 5488.00000 5474.87500  0.24%   436 1682s
 10941 10890 5474.87500   13 1289 5488.00000 5474.87500  0.24%   446 1690s
 10957 10913 5474.87500   17 1371 5488.00000 5474.87500  0.24%   446 1695s
 11070 10989 5474.87500   19 1378 5488.00000 5474.87500  0.24%   443 1701s
 11102 11010 5474.87500   20 1370 5488.00000 5474.87500  0.24%   442 1716s
 11118 11021 5474.87500   20 1369 5488.00000 5474.87500  0.24%   442 1728s
 11134 11031 5474.87500   21 1373 5488.00000 5474.87500  0.24%   441 1743s
 11150 11042 5474.87500   21 1365 5488.00000 5474.87500  0.24%   441 1761s
 11166 11053 5474.87500   22 1369 5488.00000 5474.87500  0.24%   440 1777s
 11182 11225 5474.87500   22 1362 5488.00000 5474.87500  0.24%   440 1796s
 11360 11346 5474.87500   32 1365 5488.00000 5474.87500  0.24%   434 1830s
 11540 11525 5474.87500   32 1359 5488.00000 5474.87500  0.24%   429 1899s
 11779 12154 5474.87500   38 1367 5488.00000 5474.87500  0.24%   422 2010s
 12488 12963 5474.87500   63 1338 5488.00000 5474.87500  0.24%   403 2144s
 13533 13595 5474.87500   95 1317 5488.00000 5474.87500  0.24%   378 2266s
 14513 14650 5474.87500  115 1294 5488.00000 5474.87500  0.24%   361 2385s
 15895 14423 5474.87500  159 1258 5488.00000 5474.87500  0.24%   345 2485s
 16129 15297 5474.87500  162 1249 5488.00000 5474.87500  0.24%   345 2595s
 17081 15346 5474.87500  198 1208 5488.00000 5474.87500  0.24%   341 2692s
 17447 15938 5474.87500  201 1200 5488.00000 5474.87500  0.24%   343 2796s
 18161 16843 5474.87500  228 1164 5488.00000 5474.87500  0.24%   344 2902s
 19304 16882 5475.21399  273 1146 5488.00000 5474.87500  0.24%   359 3002s
 19724 17847 5475.21320  273 1129 5488.00000 5474.87500  0.24%   368 3106s
 20829 17681 5476.09682  316 1125 5488.00000 5474.87500  0.24%   378 3207s
 21031 18572 5476.37476  327 1120 5488.00000 5474.87500  0.24%   382 3305s
 22038 18632 5476.96753  362 1154 5488.00000 5474.87500  0.24%   389 3418s
 22433 20925 5477.07330  369 1123 5488.00000 5474.87500  0.24%   396 3634s
 24992 20149 5479.29516  462 1137 5488.00000 5474.87500  0.24%   420 3722s
 25069 21198 5479.32628  462 1114 5488.00000 5474.87500  0.24%   422 3809s
 26144 21459 5480.30677  503 1122 5488.00000 5474.87500  0.24%   436 3893s
 26763 22496 5480.59954  515 1137 5488.00000 5474.87500  0.24%   442 3977s
 28006 22097 5481.88487  559 1135 5488.00000 5474.87500  0.24%   451 4068s
 28022 22164 5481.89500  560 1137 5488.00000 5474.87500  0.24%   451 4158s
 28094 22274 5481.89577  560 1137 5488.00000 5474.87500  0.24%   451 4244s
 28228 22484 5481.92378  561 1142 5488.00000 5474.87500  0.24%   451 4336s
 28483 22646 5481.91438  561 1126 5488.00000 5474.87500  0.24%   450 4428s
 28730 22732 5481.94387  562 1143 5488.00000 5474.87500  0.24%   450 4519s
 28898 22949 5481.95335  562 1149 5488.00000 5474.87500  0.24%   449 4614s
 29171 23786 5481.95497  563 1148 5488.00000 5474.87500  0.24%   449 4712s
 30099 24197 5483.18360  597 1150 5488.00000 5474.87500  0.24%   447 4808s
 30837 24823 5484.70939  637 1134 5488.00000 5474.87500  0.24%   446 4903s
 31797 25507 5485.89496  669 1150 5488.00000 5474.87500  0.24%   444 5001s
 32854 26473 5486.78835  696 1138 5488.00000 5474.87500  0.24%   443 5120s
 34239 27093 5475.45221  342 1156 5488.00000 5474.87500  0.24%   440 5221s
 35320 27922 5476.34086  404 1152 5488.00000 5474.87500  0.24%   438 5336s
 36524 28426 5477.99149  482 1139 5488.00000 5474.87500  0.24%   436 5448s
 37473 29693 5478.99279  530 1126 5488.00000 5474.87500  0.24%   434 5563s
 39070 30735 5481.68101  658 1158 5488.00000 5474.87500  0.24%   432 5676s
 40765 31729 5484.42709  778 1165 5488.00000 5474.87500  0.24%   430 5787s
 42600 32886 5474.87500  299 1122 5488.00000 5474.87500  0.24%   429 5942s
 44544 34055 5476.58050  423 1153 5488.00000 5474.87500  0.24%   428 6051s
 46093 35096 5478.71769  530 1167 5488.00000 5474.87500  0.24%   427 6158s
 47168 35582 5480.16000  588 1161 5488.00000 5474.87500  0.24%   426 6279s
 47690 36198 5480.74139  614 1158 5488.00000 5474.87500  0.24%   425 6412s
 48366 38139 5482.06910  675 1189 5488.00000 5474.87500  0.24%   425 6556s
 50552 40262 5485.03456  810 1185 5488.00000 5474.87500  0.24%   423 6695s
 52924 41913     cutoff  892      5488.00000 5474.87500  0.24%   420 6824s
 54770 43640 5475.68706  351 1149 5488.00000 5474.87500  0.24%   418 6952s
 56497 44987 5478.03703  482 1130 5488.00000 5474.87500  0.24%   416 7079s
 57472 44987 5486.24051  885 1193 5488.00000 5474.87500  0.24%   415 7080s
 57992 45213 5480.19373  586 1152 5488.00000 5474.87500  0.24%   414 7213s
 58232 45684 5480.48654  601 1152 5488.00000 5474.87500  0.24%   414 7344s
 58809 47283 5481.99771  670 1167 5488.00000 5474.87500  0.24%   414 7485s
 60599 48791 5485.20454  812 1160 5488.00000 5474.87500  0.24%   414 7623s
 62163 50716 5486.99795  878 1161 5488.00000 5474.87500  0.24%   413 7759s
 64258 53447 5476.07393  366 1136 5488.00000 5474.87500  0.24%   411 7931s
 67217 53463 5479.65594  559 1125 5488.00000 5474.87500  0.24%   410 8049s
 67233 53714 5479.68982  560 1125 5488.00000 5474.87500  0.24%   410 8155s
 67484 54358 5479.71252  561 1134 5488.00000 5474.87500  0.24%   410 8284s
 68128 55178 5479.71882  562 1140 5488.00000 5474.87500  0.24%   410 8432s
 69036 56183 5479.72621  563 1136 5488.00000 5474.87500  0.24%   409 8578s
 70045 57663 5479.73370  564 1141 5488.00000 5474.87500  0.24%   409 8739s
 71671 59524 5479.74696  565 1153 5488.00000 5474.87500  0.24%   408 8896s
 73656 61512 5479.76115  566 1142 5488.00000 5474.87500  0.24%   407 9045s
 75811 63590 5480.61805  611 1159 5488.00000 5474.87500  0.24%   407 9189s
 77959 65794 5484.38136  751 1139 5488.00000 5474.87500  0.24%   406 9322s
 80415 67784 5474.95823  311 1118 5488.00000 5474.87500  0.24%   406 9446s
 82508 68698 5475.70480  341 1128 5488.00000 5474.87500  0.24%   406 9571s
 83476 70397 5475.90184  354 1128 5488.00000 5474.87500  0.24%   405 9695s
 85281 72505 5476.55390  393 1117 5488.00000 5474.87500  0.24%   405 9861s
 87546 73914 5477.18447  423 1129 5488.00000 5474.87500  0.24%   405 9981s
 88955 75969 5478.57702  467 1163 5488.00000 5474.87500  0.24%   404 10102s
 91132 77287 5479.72127  509 1120 5488.00000 5474.87500  0.24%   404 10212s
 92534 78886 5481.05500  556 1144 5488.00000 5474.87500  0.24%   403 10325s
 94183 80180 5481.58663  574 1138 5488.00000 5474.87500  0.24%   403 10440s
 95643 81395 5482.44382  604 1154 5488.00000 5474.87500  0.24%   403 10556s
 96912 83252 5483.52277  631 1149 5488.00000 5474.87500  0.24%   402 10671s
 98976 84770 5484.61312  668 1171 5488.00000 5474.87500  0.24%   402 10784s
 100583 86115 5485.38985  690 1156 5488.00000 5474.87500  0.24%   401 10895s
 101932 87524 5486.14482  706 1162 5488.00000 5474.87500  0.24%   401 11010s
 103816 89024 5475.02539  313 1130 5488.00000 5474.87500  0.24%   401 11123s
 105434 90376 5477.24147  430 1153 5488.00000 5474.87500  0.24%   401 11235s
 106806 92573 5480.10542  547 1132 5488.00000 5474.87500  0.24%   401 11390s
 109382 92589 5484.12803  692 1145 5488.00000 5474.87500  0.24%   401 11519s
 109398 92667 5484.14139  693 1144 5488.00000 5474.87500  0.24%   401 11619s
 109530 93393 5484.26013  696 1140 5488.00000 5474.87500  0.24%   401 11743s
 110286 94399 5486.91752  796 1168 5488.00000 5474.87500  0.24%   401 11889s
 111370 95751 5475.66132  365 1143 5488.00000 5474.87500  0.24%   400 12037s
 112899 97013 5478.10062  496 1177 5488.00000 5474.87500  0.24%   400 12189s
 114277 98696 5480.04880  598 1152 5488.00000 5474.87500  0.24%   400 12341s
 116172 100580 5483.04019  722 1181 5488.00000 5474.87500  0.24%   400 12488s
 118056 102704 5485.98579  851 1192 5488.00000 5474.87500  0.24%   400 12632s
 120256 103789 5477.05033  429 1187 5488.00000 5474.87500  0.24%   400 12777s
 121453 105823 5477.66015  474 1177 5488.00000 5474.87500  0.24%   400 12916s
 123715 107838 5480.69539  659 1221 5488.00000 5474.87500  0.24%   400 13047s
 125898 109385 5483.96597  845 1212 5488.00000 5474.87500  0.24%   399 13173s
 127445 111134 5486.05732  948 1203 5488.00000 5474.87500  0.24%   399 13325s
 129288 112766 5475.83178  349 1157 5488.00000 5474.87500  0.24%   399 13458s
 131000 114131 5478.23972  462 1157 5488.00000 5474.87500  0.24%   399 13587s
 132617 116044 5479.36905  513 1177 5488.00000 5474.87500  0.24%   399 13720s
 134700 117450 5481.96318  647 1142 5488.00000 5474.87500  0.24%   399 13841s
 136116 119036 5484.00385  748 1178 5488.00000 5474.87500  0.24%   399 13966s
 137768 120636 5486.15807  833 1203 5488.00000 5474.87500  0.24%   398 14087s
 139694 121880     cutoff  870      5488.00000 5474.87500  0.24%   398 14207s
 141229 123399 5476.49651  403 1131 5488.00000 5474.87500  0.24%   398 14327s
 142826 124257 5478.58857  525 1148 5488.00000 5474.87500  0.24%   397 14400s

Cutting planes:
  MIR: 133
  StrongCG: 7
  Flow cover: 257
  Zero half: 29

Explored 143712 nodes (57167098 simplex iterations) in 14400.04 seconds (45299.03 work units)
Thread count was 32 (of 32 available processors)

Solution count 10: 5488 5489 5490 ... 5498

Time limit reached
Best objective 5.488000000000e+03, best bound 5.475000000000e+03, gap 0.2369%

User-callback calls 3557052, time in user-callback 15.92 sec
