
Gurobi 13.0.2 (linux64) logging started Mon Jun 29 13:47:33 2026

Set parameter LogFile to value "/tmp/sweep_20260629_013743_china_alt550km_s50_i6_v6_gurobi.log"
Set parameter Method to value 1
Set parameter NodefileStart to value 4
Set parameter RINS to value 50
Gurobi Optimizer version 13.0.2 build v13.0.2rc1 (linux64 - "Debian GNU/Linux 13 (trixie)")

CPU model: Intel(R) Xeon(R) Platinum 8375C CPU @ 2.90GHz, instruction set [SSE2|AVX|AVX2|AVX512]
Thread count: 16 physical cores, 32 logical processors, using up to 32 threads

Non-default parameters:
TimeLimit  10800
MIPGap  0.01
Method  1
LPWarmStart  1
Heuristics  0.2
MIPFocus  1
NodefileStart  4
RINS  50
Symmetry  2
Cuts  2
CoverCuts  2
LogToConsole  0

Academic license 2812613 - for non-commercial use only - registered to no___@gatech.edu
Optimize a model with 196014 rows, 35900 columns and 27882812 nonzeros (Min)
Model fingerprint: 0xd132bb9c
Model has 35900 linear objective coefficients
Variable types: 0 continuous, 35900 integer (35900 binary)
Coefficient statistics:
  Matrix range     [1e+00, 1e+00]
  Objective range  [1e+00, 1e+00]
  Bounds range     [1e+00, 1e+00]
  RHS range        [9e+00, 9e+00]

Found heuristic solution: objective 7898.0000000
Presolve removed 0 rows and 0 columns (presolve time = 6s)...
Presolve removed 0 rows and 0 columns (presolve time = 11s)...
Presolve removed 0 rows and 0 columns (presolve time = 16s)...
Presolve removed 0 rows and 0 columns (presolve time = 21s)...
Presolve removed 0 rows and 0 columns (presolve time = 26s)...
Presolve removed 0 rows and 0 columns (presolve time = 30s)...
Presolve removed 0 rows and 0 columns (presolve time = 35s)...
Presolve removed 0 rows and 0 columns (presolve time = 40s)...
Presolve removed 0 rows and 0 columns (presolve time = 45s)...
Presolve removed 0 rows and 0 columns (presolve time = 50s)...
Presolve removed 0 rows and 0 columns (presolve time = 56s)...
Presolve removed 0 rows and 0 columns (presolve time = 65s)...
Presolve removed 0 rows and 0 columns (presolve time = 70s)...
Presolve removed 0 rows and 0 columns (presolve time = 75s)...
Presolve removed 0 rows and 0 columns (presolve time = 80s)...
Presolve removed 0 rows and 0 columns (presolve time = 85s)...
Presolve removed 0 rows and 0 columns (presolve time = 90s)...
Presolve removed 0 rows and 0 columns (presolve time = 95s)...
Presolve removed 0 rows and 0 columns (presolve time = 100s)...
Presolve removed 0 rows and 0 columns (presolve time = 105s)...
Presolve removed 0 rows and 0 columns (presolve time = 110s)...
Presolve removed 0 rows and 0 columns (presolve time = 115s)...
Presolve removed 0 rows and 0 columns (presolve time = 120s)...
Presolve removed 0 rows and 0 columns (presolve time = 125s)...
Presolve removed 0 rows and 0 columns (presolve time = 130s)...
Presolve removed 0 rows and 0 columns (presolve time = 135s)...
Presolve removed 0 rows and 0 columns (presolve time = 140s)...
Presolve removed 0 rows and 0 columns (presolve time = 145s)...
Presolve removed 0 rows and 0 columns (presolve time = 150s)...
Presolve removed 0 rows and 0 columns (presolve time = 155s)...
Presolve removed 0 rows and 0 columns (presolve time = 160s)...
Presolve removed 0 rows and 0 columns (presolve time = 165s)...
Presolve removed 0 rows and 0 columns (presolve time = 170s)...
Presolve removed 0 rows and 0 columns (presolve time = 175s)...
Presolve removed 0 rows and 0 columns (presolve time = 180s)...
Presolve removed 0 rows and 0 columns (presolve time = 185s)...
Presolve removed 0 rows and 0 columns (presolve time = 190s)...
Presolve removed 0 rows and 0 columns (presolve time = 195s)...
Presolve removed 0 rows and 0 columns (presolve time = 200s)...
Presolve removed 0 rows and 0 columns (presolve time = 205s)...
Presolve removed 0 rows and 0 columns (presolve time = 210s)...
Presolve removed 0 rows and 0 columns (presolve time = 215s)...
Presolve removed 0 rows and 0 columns (presolve time = 220s)...
Presolve removed 0 rows and 0 columns (presolve time = 225s)...
Presolve removed 0 rows and 0 columns (presolve time = 230s)...
Presolve removed 0 rows and 0 columns (presolve time = 235s)...
Presolve removed 0 rows and 0 columns (presolve time = 240s)...
Presolve removed 0 rows and 0 columns (presolve time = 245s)...
Presolve removed 0 rows and 0 columns (presolve time = 250s)...
Presolve removed 0 rows and 0 columns (presolve time = 255s)...
Presolve removed 0 rows and 0 columns (presolve time = 260s)...
Presolve removed 0 rows and 0 columns (presolve time = 265s)...
Presolve removed 0 rows and 0 columns (presolve time = 270s)...
Presolve removed 0 rows and 0 columns (presolve time = 275s)...
Presolve removed 0 rows and 0 columns (presolve time = 280s)...
Presolve removed 0 rows and 0 columns (presolve time = 285s)...
Presolve removed 0 rows and 0 columns (presolve time = 290s)...
Presolve removed 0 rows and 0 columns (presolve time = 295s)...
Presolve removed 0 rows and 0 columns (presolve time = 300s)...
Presolve removed 0 rows and 0 columns (presolve time = 305s)...
Presolve removed 0 rows and 0 columns (presolve time = 310s)...
Presolve removed 0 rows and 0 columns (presolve time = 315s)...
Presolve time: 318.31s
Presolved: 196014 rows, 35900 columns, 27882812 nonzeros
Variable types: 0 continuous, 35900 integer (35900 binary)

Root simplex log...

Iteration    Objective       Primal Inf.    Dual Inf.      Time
       0   -0.0000000e+00   0.000000e+00   2.457000e+03    331s
      88    2.2956663e+03   0.000000e+00   0.000000e+00    331s
      88    2.2956663e+03   0.000000e+00   0.000000e+00    331s

Use crossover to convert LP symmetric solution to basic solution...

Root crossover log...

  182772 variables added to crossover basis                      335s
  184242 variables added to crossover basis                      340s
  185262 variables added to crossover basis                      345s
  187452 variables added to crossover basis                      350s
  188292 variables added to crossover basis                      355s
  188952 variables added to crossover basis                      360s
  189702 variables added to crossover basis                      365s
  190332 variables added to crossover basis                      370s
  190872 variables added to crossover basis                      375s
  191262 variables added to crossover basis                      380s
  191652 variables added to crossover basis                      385s
  191982 variables added to crossover basis                      390s
  192282 variables added to crossover basis                      395s
  192582 variables added to crossover basis                      400s
  192852 variables added to crossover basis                      405s
  193092 variables added to crossover basis                      410s
  193332 variables added to crossover basis                      415s
  193602 variables added to crossover basis                      420s
  193842 variables added to crossover basis                      425s
  194052 variables added to crossover basis                      430s
  194292 variables added to crossover basis                      435s
  194502 variables added to crossover basis                      440s
  194712 variables added to crossover basis                      445s
  194952 variables added to crossover basis                      451s
  195132 variables added to crossover basis                      455s
  195342 variables added to crossover basis                      460s
  195552 variables added to crossover basis                      465s
  195762 variables added to crossover basis                      470s
  195972 variables added to crossover basis                      475s

       0 DPushes remaining with DInf 0.0000000e+00               863s

       0 PPushes remaining with PInf 0.0000000e+00               864s

  Push phase complete: Pinf 0.0000000e+00, Dinf 1.5604556e-08    864s


Root simplex log...

Iteration    Objective       Primal Inf.    Dual Inf.      Time
      91    2.2956663e+03   0.000000e+00   0.000000e+00   1014s
Crossover time: 682.76 seconds (2318.65 work units)

Root relaxation: objective 2.295666e+03, 91 iterations, 693.14 seconds (2328.52 work units)

    Nodes    |    Current Node    |     Objective Bounds      |     Work
 Expl Unexpl |  Obj  Depth IntInf | Incumbent    BestBd   Gap | It/Node Time

     0     0 2295.66625    0 17232 7898.00000 2295.66625  70.9%     - 1424s
H    0     0                    3590.0000000 2295.66625  36.1%     - 1424s
H    0     0                    3371.0000000 2295.66625  31.9%     - 1424s
H    0     0                    3152.0000000 2295.66625  27.2%     - 1476s
H    0     0                    3060.0000000 2295.66625  25.0%     - 1476s
H    0     0                    3042.0000000 2295.66625  24.5%     - 1476s
H    0     0                    3033.0000000 2295.66625  24.3%     - 1476s
H    0     0                    3029.0000000 2295.66625  24.2%     - 1476s
H    0     0                    3028.0000000 2295.66625  24.2%     - 1476s
H    0     0                    3026.0000000 2295.66625  24.1%     - 1485s
H    0     0                    3023.0000000 2295.66625  24.1%     - 1489s
H    0     0                    3022.0000000 2295.66625  24.0%     - 1489s
H    0     0                    3019.0000000 2295.66625  24.0%     - 1492s
H    0     0                    3017.0000000 2295.66625  23.9%     - 1492s
H    0     0                    3016.0000000 2295.66625  23.9%     - 1496s
H    0     0                    3012.0000000 2295.66625  23.8%     - 1500s
H    0     0                    3011.0000000 2295.66625  23.8%     - 1500s
H    0     0                    3010.0000000 2295.66625  23.7%     - 1517s
H    0     0                    3005.0000000 2295.66625  23.6%     - 1517s
H    0     0                    3003.0000000 2295.66625  23.6%     - 1520s
H    0     0                    3001.0000000 2295.66625  23.5%     - 1520s
H    0     0                    3000.0000000 2295.66625  23.5%     - 1523s
H    0     0                    2999.0000000 2295.66625  23.5%     - 1527s
H    0     0                    2998.0000000 2295.66625  23.4%     - 1528s
H    0     0                    2997.0000000 2295.66625  23.4%     - 1532s
H    0     0                    2996.0000000 2295.66625  23.4%     - 1533s
H    0     0                    2995.0000000 2295.66625  23.4%     - 1540s
H    0     0                    2994.0000000 2295.66625  23.3%     - 1542s
H    0     0                    2993.0000000 2295.66625  23.3%     - 1549s
H    0     0                    2992.0000000 2295.66625  23.3%     - 1589s
H    0     0                    2991.0000000 2295.66625  23.2%     - 1607s
H    0     0                    2985.0000000 2295.66625  23.1%     - 1648s
H    0     0                    2984.0000000 2295.66625  23.1%     - 1658s
H    0     0                    2983.0000000 2295.66625  23.0%     - 1671s
H    0     0                    2982.0000000 2295.66625  23.0%     - 1675s
H    0     0                    2973.0000000 2295.66625  22.8%     - 1687s
H    0     0                    2972.0000000 2295.66625  22.8%     - 1764s
H    0     0                    2971.0000000 2295.66625  22.7%     - 1871s
     0     0 2295.66625    0 17232 2971.00000 2295.66625  22.7%     - 6376s

Explored 1 nodes (91 simplex iterations) in 10800.43 seconds (25490.33 work units)
Thread count was 32 (of 32 available processors)

Solution count 10: 2971 2972 2973 ... 2993

Time limit reached
Best objective 2.971000000000e+03, best bound 2.296000000000e+03, gap 22.7196%

User-callback calls 231123, time in user-callback 0.68 sec
