
Gurobi 13.0.2 (linux64) logging started Fri Jun 26 05:18:05 2026

Set parameter LogFile to value "/tmp/sweep_20260625_231022_china_alt400km_s50_i6_v5_gurobi.log"
Set parameter Method to value 1
Set parameter NodefileStart to value 4
Set parameter RINS to value 50
Gurobi Optimizer version 13.0.2 build v13.0.2rc1 (linux64 - "Debian GNU/Linux 13 (trixie)")

CPU model: Intel(R) Xeon(R) Platinum 8375C CPU @ 2.90GHz, instruction set [SSE2|AVX|AVX2|AVX512]
Thread count: 16 physical cores, 32 logical processors, using up to 32 threads

Non-default parameters:
TimeLimit  21600
MIPGap  0.01
Method  1
LPWarmStart  1
Heuristics  0.2
MIPFocus  1
NodefileStart  4
RINS  50
Symmetry  2
Cuts  2
CoverCuts  2
LogToConsole  0

Academic license 2812613 - for non-commercial use only - registered to no___@gatech.edu
Optimize a model with 392028 rows, 57440 columns and 81188568 nonzeros (Min)
Model fingerprint: 0x09dd1bc7
Model has 57440 linear objective coefficients
Variable types: 0 continuous, 57440 integer (57440 binary)
Coefficient statistics:
  Matrix range     [1e+00, 1e+00]
  Objective range  [1e+00, 1e+00]
  Bounds range     [1e+00, 1e+00]
  RHS range        [9e+00, 9e+00]

Found heuristic solution: objective 6176.0000000
Presolve removed 0 rows and 0 columns (presolve time = 11s)...
Presolve removed 0 rows and 0 columns (presolve time = 22s)...
Presolve removed 0 rows and 0 columns (presolve time = 29s)...
Presolve removed 0 rows and 0 columns (presolve time = 37s)...
Presolve removed 0 rows and 0 columns (presolve time = 48s)...
Presolve removed 0 rows and 0 columns (presolve time = 58s)...
Presolve removed 0 rows and 0 columns (presolve time = 60s)...
Presolve removed 0 rows and 0 columns (presolve time = 76s)...
Presolve removed 0 rows and 0 columns (presolve time = 85s)...
Presolve removed 0 rows and 0 columns (presolve time = 85s)...
Presolve removed 0 rows and 0 columns (presolve time = 93s)...
Presolve removed 0 rows and 0 columns (presolve time = 101s)...
Presolve removed 0 rows and 0 columns (presolve time = 105s)...
Presolve removed 0 rows and 0 columns (presolve time = 111s)...
Presolve removed 0 rows and 0 columns (presolve time = 115s)...
Presolve removed 0 rows and 0 columns (presolve time = 120s)...
Presolve removed 0 rows and 0 columns (presolve time = 125s)...
Presolve removed 0 rows and 0 columns (presolve time = 130s)...
Presolve removed 0 rows and 0 columns (presolve time = 135s)...
Presolve removed 0 rows and 0 columns (presolve time = 140s)...
Presolve removed 0 rows and 0 columns (presolve time = 152s)...
Presolve removed 0 rows and 0 columns (presolve time = 155s)...
Presolve removed 0 rows and 0 columns (presolve time = 161s)...
Presolve removed 0 rows and 0 columns (presolve time = 169s)...
Presolve removed 0 rows and 0 columns (presolve time = 170s)...
Presolve removed 0 rows and 0 columns (presolve time = 175s)...
Presolve removed 0 rows and 0 columns (presolve time = 180s)...
Presolve removed 0 rows and 0 columns (presolve time = 185s)...
Presolve removed 0 rows and 0 columns (presolve time = 190s)...
Presolve removed 0 rows and 0 columns (presolve time = 205s)...
Presolve removed 0 rows and 0 columns (presolve time = 205s)...
Presolve removed 0 rows and 0 columns (presolve time = 230s)...
Presolve removed 0 rows and 0 columns (presolve time = 235s)...
Presolve removed 0 rows and 0 columns (presolve time = 240s)...
Presolve removed 0 rows and 0 columns (presolve time = 245s)...
Presolve removed 0 rows and 0 columns (presolve time = 250s)...
Presolve removed 0 rows and 0 columns (presolve time = 255s)...
Presolve removed 0 rows and 0 columns (presolve time = 260s)...
Presolve removed 0 rows and 0 columns (presolve time = 265s)...
Presolve removed 0 rows and 0 columns (presolve time = 270s)...
Presolve removed 0 rows and 0 columns (presolve time = 275s)...
Presolve removed 0 rows and 0 columns (presolve time = 280s)...
Presolve removed 0 rows and 0 columns (presolve time = 285s)...
Presolve removed 0 rows and 0 columns (presolve time = 290s)...
Presolve removed 0 rows and 0 columns (presolve time = 295s)...
Presolve removed 0 rows and 0 columns (presolve time = 300s)...
Presolve removed 0 rows and 0 columns (presolve time = 305s)...
Presolve removed 0 rows and 0 columns (presolve time = 310s)...
Presolve removed 0 rows and 0 columns (presolve time = 315s)...
Presolve removed 0 rows and 0 columns (presolve time = 320s)...
Presolve removed 0 rows and 0 columns (presolve time = 325s)...
Presolve removed 0 rows and 0 columns (presolve time = 330s)...
Presolve removed 0 rows and 0 columns (presolve time = 335s)...
Presolve removed 0 rows and 0 columns (presolve time = 340s)...
Presolve removed 0 rows and 0 columns (presolve time = 345s)...
Presolve removed 0 rows and 0 columns (presolve time = 350s)...
Presolve removed 0 rows and 0 columns (presolve time = 355s)...
Presolve removed 0 rows and 0 columns (presolve time = 360s)...
Presolve removed 0 rows and 0 columns (presolve time = 365s)...
Presolve removed 0 rows and 0 columns (presolve time = 370s)...
Presolve removed 0 rows and 0 columns (presolve time = 375s)...
Presolve removed 0 rows and 0 columns (presolve time = 380s)...
Presolve removed 0 rows and 0 columns (presolve time = 385s)...
Presolve removed 0 rows and 0 columns (presolve time = 390s)...
Presolve removed 0 rows and 0 columns (presolve time = 395s)...
Presolve removed 0 rows and 0 columns (presolve time = 400s)...
Presolve removed 0 rows and 0 columns (presolve time = 405s)...
Presolve removed 0 rows and 0 columns (presolve time = 410s)...
Presolve removed 0 rows and 0 columns (presolve time = 415s)...
Presolve removed 0 rows and 0 columns (presolve time = 420s)...
Presolve removed 0 rows and 0 columns (presolve time = 425s)...
Presolve removed 0 rows and 0 columns (presolve time = 430s)...
Presolve removed 0 rows and 0 columns (presolve time = 435s)...
Presolve removed 0 rows and 0 columns (presolve time = 440s)...
Presolve removed 0 rows and 0 columns (presolve time = 445s)...
Presolve removed 0 rows and 0 columns (presolve time = 450s)...
Presolve removed 0 rows and 0 columns (presolve time = 455s)...
Presolve removed 0 rows and 0 columns (presolve time = 460s)...
Presolve removed 0 rows and 0 columns (presolve time = 465s)...
Presolve removed 0 rows and 0 columns (presolve time = 470s)...
Presolve removed 0 rows and 0 columns (presolve time = 475s)...
Presolve removed 0 rows and 0 columns (presolve time = 480s)...
Presolve removed 0 rows and 0 columns (presolve time = 485s)...
Presolve removed 0 rows and 0 columns (presolve time = 490s)...
Presolve removed 0 rows and 0 columns (presolve time = 495s)...
Presolve removed 0 rows and 0 columns (presolve time = 500s)...
Presolve removed 0 rows and 0 columns (presolve time = 505s)...
Presolve removed 0 rows and 0 columns (presolve time = 510s)...
Presolve removed 0 rows and 0 columns (presolve time = 515s)...
Presolve removed 0 rows and 0 columns (presolve time = 520s)...
Presolve removed 0 rows and 0 columns (presolve time = 525s)...
Presolve removed 0 rows and 0 columns (presolve time = 530s)...
Presolve removed 0 rows and 0 columns (presolve time = 535s)...
Presolve removed 0 rows and 0 columns (presolve time = 540s)...
Presolve removed 0 rows and 0 columns (presolve time = 545s)...
Presolve removed 0 rows and 0 columns (presolve time = 550s)...
Presolve removed 0 rows and 0 columns (presolve time = 555s)...
Presolve removed 0 rows and 0 columns (presolve time = 560s)...
Presolve removed 0 rows and 0 columns (presolve time = 565s)...
Presolve removed 0 rows and 0 columns (presolve time = 570s)...
Presolve removed 0 rows and 0 columns (presolve time = 575s)...
Presolve removed 0 rows and 0 columns (presolve time = 580s)...
Presolve removed 0 rows and 0 columns (presolve time = 585s)...
Presolve removed 0 rows and 0 columns (presolve time = 590s)...
Presolve removed 0 rows and 0 columns (presolve time = 595s)...
Presolve removed 0 rows and 0 columns (presolve time = 600s)...
Presolve removed 0 rows and 0 columns (presolve time = 605s)...
Presolve removed 0 rows and 0 columns (presolve time = 610s)...
Presolve removed 0 rows and 0 columns (presolve time = 615s)...
Presolve removed 0 rows and 0 columns (presolve time = 620s)...
Presolve removed 0 rows and 0 columns (presolve time = 625s)...
Presolve removed 0 rows and 0 columns (presolve time = 630s)...
Presolve removed 0 rows and 0 columns (presolve time = 635s)...
Presolve removed 0 rows and 0 columns (presolve time = 640s)...
Presolve removed 0 rows and 0 columns (presolve time = 645s)...
Presolve removed 0 rows and 0 columns (presolve time = 650s)...
Presolve removed 0 rows and 0 columns (presolve time = 655s)...
Presolve removed 0 rows and 0 columns (presolve time = 660s)...
Presolve removed 0 rows and 0 columns (presolve time = 665s)...
Presolve removed 0 rows and 0 columns (presolve time = 670s)...
Presolve removed 0 rows and 0 columns (presolve time = 675s)...
Presolve removed 0 rows and 0 columns (presolve time = 680s)...
Presolve removed 0 rows and 0 columns (presolve time = 685s)...
Presolve removed 0 rows and 0 columns (presolve time = 690s)...
Presolve removed 0 rows and 0 columns (presolve time = 695s)...
Presolve removed 0 rows and 0 columns (presolve time = 700s)...
Presolve removed 0 rows and 0 columns (presolve time = 705s)...
Presolve removed 0 rows and 0 columns (presolve time = 710s)...
Presolve removed 0 rows and 0 columns (presolve time = 715s)...
Presolve removed 0 rows and 0 columns (presolve time = 720s)...
Presolve removed 0 rows and 0 columns (presolve time = 725s)...
Presolve removed 0 rows and 0 columns (presolve time = 730s)...
Presolve removed 0 rows and 0 columns (presolve time = 735s)...
Presolve removed 0 rows and 0 columns (presolve time = 740s)...
Presolve removed 0 rows and 0 columns (presolve time = 745s)...
Presolve removed 0 rows and 0 columns (presolve time = 750s)...
Presolve removed 0 rows and 0 columns (presolve time = 755s)...
Presolve removed 0 rows and 0 columns (presolve time = 760s)...
Presolve removed 0 rows and 0 columns (presolve time = 765s)...
Presolve removed 0 rows and 0 columns (presolve time = 770s)...
Presolve removed 0 rows and 0 columns (presolve time = 775s)...
Presolve removed 0 rows and 0 columns (presolve time = 780s)...
Presolve removed 0 rows and 0 columns (presolve time = 785s)...
Presolve removed 0 rows and 0 columns (presolve time = 790s)...
Presolve removed 0 rows and 0 columns (presolve time = 795s)...
Presolve removed 0 rows and 0 columns (presolve time = 800s)...
Presolve removed 0 rows and 0 columns (presolve time = 805s)...
Presolve removed 0 rows and 0 columns (presolve time = 810s)...
Presolve removed 0 rows and 0 columns (presolve time = 815s)...
Presolve removed 0 rows and 0 columns (presolve time = 820s)...
Presolve removed 0 rows and 0 columns (presolve time = 825s)...
Presolve removed 0 rows and 0 columns (presolve time = 830s)...
Presolve removed 0 rows and 0 columns (presolve time = 835s)...
Presolve removed 0 rows and 0 columns (presolve time = 840s)...
Presolve removed 0 rows and 0 columns (presolve time = 845s)...
Presolve removed 0 rows and 0 columns (presolve time = 850s)...
Presolve removed 0 rows and 0 columns (presolve time = 855s)...
Presolve removed 0 rows and 0 columns (presolve time = 860s)...
Presolve removed 0 rows and 0 columns (presolve time = 865s)...
Presolve removed 0 rows and 0 columns (presolve time = 870s)...
Presolve removed 0 rows and 0 columns (presolve time = 875s)...
Presolve removed 0 rows and 0 columns (presolve time = 880s)...
Presolve removed 0 rows and 0 columns (presolve time = 885s)...
Presolve removed 0 rows and 0 columns (presolve time = 890s)...
Presolve removed 0 rows and 0 columns (presolve time = 895s)...
Presolve removed 0 rows and 0 columns (presolve time = 900s)...
Presolve removed 0 rows and 0 columns (presolve time = 905s)...
Presolve removed 0 rows and 0 columns (presolve time = 910s)...
Presolve removed 0 rows and 0 columns (presolve time = 915s)...
Presolve removed 0 rows and 0 columns (presolve time = 920s)...
Presolve removed 0 rows and 0 columns (presolve time = 925s)...
Presolve removed 0 rows and 0 columns (presolve time = 930s)...
Presolve removed 0 rows and 0 columns (presolve time = 935s)...
Presolve removed 0 rows and 0 columns (presolve time = 940s)...
Presolve removed 0 rows and 0 columns (presolve time = 945s)...
Presolve removed 0 rows and 0 columns (presolve time = 950s)...
Presolve removed 0 rows and 0 columns (presolve time = 955s)...
Presolve removed 0 rows and 0 columns (presolve time = 960s)...
Presolve removed 0 rows and 0 columns (presolve time = 965s)...
Presolve removed 0 rows and 0 columns (presolve time = 970s)...
Presolve removed 0 rows and 0 columns (presolve time = 975s)...
Presolve removed 0 rows and 0 columns (presolve time = 980s)...
Presolve removed 0 rows and 0 columns (presolve time = 985s)...
Presolve removed 0 rows and 0 columns (presolve time = 990s)...
Presolve removed 0 rows and 0 columns (presolve time = 995s)...
Presolve removed 0 rows and 0 columns (presolve time = 1000s)...
Presolve removed 0 rows and 0 columns (presolve time = 1005s)...
Presolve removed 0 rows and 0 columns (presolve time = 1010s)...
Presolve removed 0 rows and 0 columns (presolve time = 1015s)...
Presolve removed 0 rows and 0 columns (presolve time = 1020s)...
Presolve removed 0 rows and 0 columns (presolve time = 1025s)...
Presolve removed 0 rows and 0 columns (presolve time = 1030s)...
Presolve removed 0 rows and 0 columns (presolve time = 1035s)...
Presolve removed 0 rows and 0 columns (presolve time = 1040s)...
Presolve removed 0 rows and 0 columns (presolve time = 1045s)...
Presolve removed 0 rows and 0 columns (presolve time = 1050s)...
Presolve removed 0 rows and 0 columns (presolve time = 1055s)...
Presolve removed 0 rows and 0 columns (presolve time = 1060s)...
Presolve removed 0 rows and 0 columns (presolve time = 1065s)...
Presolve removed 0 rows and 0 columns (presolve time = 1070s)...
Presolve removed 0 rows and 0 columns (presolve time = 1075s)...
Presolve removed 0 rows and 0 columns (presolve time = 1080s)...
Presolve removed 0 rows and 0 columns (presolve time = 1085s)...
Presolve removed 0 rows and 0 columns (presolve time = 1090s)...
Presolve removed 0 rows and 0 columns (presolve time = 1095s)...
Presolve removed 0 rows and 0 columns (presolve time = 1100s)...
Presolve removed 0 rows and 0 columns (presolve time = 1105s)...
Presolve removed 0 rows and 0 columns (presolve time = 1110s)...
Presolve removed 0 rows and 0 columns (presolve time = 1115s)...
Presolve removed 0 rows and 0 columns (presolve time = 1120s)...
Presolve removed 0 rows and 0 columns (presolve time = 1125s)...
Presolve removed 0 rows and 0 columns (presolve time = 1130s)...
Presolve removed 0 rows and 0 columns (presolve time = 1135s)...
Presolve removed 0 rows and 0 columns (presolve time = 1140s)...
Presolve removed 0 rows and 0 columns (presolve time = 1145s)...
Presolve removed 0 rows and 0 columns (presolve time = 1150s)...
Presolve removed 0 rows and 0 columns (presolve time = 1155s)...
Presolve removed 0 rows and 0 columns (presolve time = 1160s)...
Presolve removed 0 rows and 0 columns (presolve time = 1165s)...
Presolve removed 0 rows and 0 columns (presolve time = 1170s)...
Presolve removed 0 rows and 0 columns (presolve time = 1175s)...
Presolve removed 0 rows and 0 columns (presolve time = 1180s)...
Presolve removed 0 rows and 0 columns (presolve time = 1185s)...
Presolve removed 0 rows and 0 columns (presolve time = 1190s)...
Presolve removed 0 rows and 0 columns (presolve time = 1204s)...
Presolve time: 1204.31s
Presolved: 392028 rows, 57440 columns, 81188568 nonzeros
Variable types: 0 continuous, 57440 integer (57440 binary)

Root simplex log...

Iteration    Objective       Primal Inf.    Dual Inf.      Time
       0   -0.0000000e+00   0.000000e+00   2.466000e+03   1250s
      71    2.6998945e+03   0.000000e+00   0.000000e+00   1250s
      71    2.6998945e+03   0.000000e+00   0.000000e+00   1250s

Use crossover to convert LP symmetric solution to basic solution...

Root crossover log...

  367616 variables added to crossover basis                     1259s
  372236 variables added to crossover basis                     1260s
  373796 variables added to crossover basis                     1265s
  374846 variables added to crossover basis                     1270s
  375866 variables added to crossover basis                     1275s
  376526 variables added to crossover basis                     1280s
  377006 variables added to crossover basis                     1285s
  377396 variables added to crossover basis                     1290s
  377756 variables added to crossover basis                     1295s
  378146 variables added to crossover basis                     1300s
  378476 variables added to crossover basis                     1305s
  378776 variables added to crossover basis                     1310s
  379046 variables added to crossover basis                     1315s
  379286 variables added to crossover basis                     1320s
  379526 variables added to crossover basis                     1325s
  379766 variables added to crossover basis                     1331s
  379976 variables added to crossover basis                     1336s
  380186 variables added to crossover basis                     1341s
  380366 variables added to crossover basis                     1345s
  380606 variables added to crossover basis                     1350s
  380816 variables added to crossover basis                     1355s
  381026 variables added to crossover basis                     1360s
  381236 variables added to crossover basis                     1365s
  381446 variables added to crossover basis                     1371s
  381626 variables added to crossover basis                     1375s
  381806 variables added to crossover basis                     1380s
  381986 variables added to crossover basis                     1386s
  382136 variables added to crossover basis                     1390s
  382316 variables added to crossover basis                     1396s
  382466 variables added to crossover basis                     1400s
  382616 variables added to crossover basis                     1405s
  382766 variables added to crossover basis                     1410s
  382916 variables added to crossover basis                     1416s
  383066 variables added to crossover basis                     1421s
  383186 variables added to crossover basis                     1425s
  383336 variables added to crossover basis                     1430s
  383546 variables added to crossover basis                     1436s
  383756 variables added to crossover basis                     1441s
  383966 variables added to crossover basis                     1446s
  384146 variables added to crossover basis                     1451s
  384296 variables added to crossover basis                     1455s
  384476 variables added to crossover basis                     1460s
  384626 variables added to crossover basis                     1465s
  384776 variables added to crossover basis                     1470s
  384926 variables added to crossover basis                     1475s
  385076 variables added to crossover basis                     1480s
  385376 variables added to crossover basis                     1485s
  385706 variables added to crossover basis                     1490s
  385946 variables added to crossover basis                     1495s
  386216 variables added to crossover basis                     1500s
  386456 variables added to crossover basis                     1505s
  386696 variables added to crossover basis                     1510s
  386936 variables added to crossover basis                     1516s
  387146 variables added to crossover basis                     1521s
  387326 variables added to crossover basis                     1525s
  387536 variables added to crossover basis                     1530s
  387716 variables added to crossover basis                     1536s
  387896 variables added to crossover basis                     1541s
  388046 variables added to crossover basis                     1545s
  388196 variables added to crossover basis                     1550s
  388376 variables added to crossover basis                     1556s
  388526 variables added to crossover basis                     1561s
  388676 variables added to crossover basis                     1565s
  388826 variables added to crossover basis                     1570s
  388976 variables added to crossover basis                     1575s
  389126 variables added to crossover basis                     1580s
  389276 variables added to crossover basis                     1586s
  389426 variables added to crossover basis                     1591s
  389546 variables added to crossover basis                     1595s
  389696 variables added to crossover basis                     1601s
  389816 variables added to crossover basis                     1605s
  389966 variables added to crossover basis                     1611s
  390086 variables added to crossover basis                     1615s
  390236 variables added to crossover basis                     1620s
  390386 variables added to crossover basis                     1626s
  390506 variables added to crossover basis                     1631s
  390626 variables added to crossover basis                     1636s
  390746 variables added to crossover basis                     1640s
  390866 variables added to crossover basis                     1645s
  391016 variables added to crossover basis                     1651s
  391136 variables added to crossover basis                     1656s
  391256 variables added to crossover basis                     1661s
  391376 variables added to crossover basis                     1665s
  391496 variables added to crossover basis                     1671s
  391616 variables added to crossover basis                     1675s
  391736 variables added to crossover basis                     1681s
  391886 variables added to crossover basis                     1686s
  392006 variables added to crossover basis                     1690s

       0 DPushes remaining with DInf 0.0000000e+00              2949s

       0 PPushes remaining with PInf 0.0000000e+00              2951s

  Push phase complete: Pinf 0.0000000e+00, Dinf 3.7999849e-08   2952s


Root simplex log...

Iteration    Objective       Primal Inf.    Dual Inf.      Time
      74    2.6998945e+03   0.000000e+00   0.000000e+00   3356s
Crossover time: 2105.54 seconds (5495.43 work units)

Root relaxation: objective 2.699894e+03, 74 iterations, 2143.59 seconds (5524.66 work units)

    Nodes    |    Current Node    |     Objective Bounds      |     Work
 Expl Unexpl |  Obj  Depth IntInf | Incumbent    BestBd   Gap | It/Node Time

     0     0 2699.89446    0 24412 6176.00000 2699.89446  56.3%     - 5045s
H    0     0                    4308.0000000 2699.89446  37.3%     - 5046s
H    0     0                    4272.0000000 2699.89446  36.8%     - 6902s
H    0     0                    3970.0000000 2699.89446  32.0%     - 6902s
H    0     0                    3882.0000000 2699.89446  30.5%     - 6904s
H    0     0                    3879.0000000 2699.89446  30.4%     - 6905s
H    0     0                    3873.0000000 2699.89446  30.3%     - 6905s
H    0     0                    3869.0000000 2699.89446  30.2%     - 7893s
H    0     0                    3865.0000000 2699.89446  30.1%     - 7894s
H    0     0                    3862.0000000 2699.89446  30.1%     - 8455s
H    0     0                    3860.0000000 2699.89446  30.1%     - 8455s
H    0     0                    3859.0000000 2699.89446  30.0%     - 9003s
H    0     0                    3840.0000000 2699.89446  29.7%     - 10516s
H    0     0                    3839.0000000 2699.89446  29.7%     - 10516s
H    0     0                    3834.0000000 2699.89446  29.6%     - 10540s
H    0     0                    3830.0000000 2699.89446  29.5%     - 10653s

Explored 1 nodes (74 simplex iterations) in 21601.20 seconds (30971.75 work units)
Thread count was 32 (of 32 available processors)

Solution count 10: 3830 3834 3839 ... 3873

Time limit reached
Best objective 3.830000000000e+03, best bound 2.700000000000e+03, gap 29.5039%

User-callback calls 187820, time in user-callback 0.99 sec
