
Gurobi 13.0.2 (linux64) logging started Sat Jun 27 06:05:49 2026

Set parameter LogFile to value "/tmp/sweep_20260626_235454_china_alt260km_s10_i6_v10_gurobi.log"
Set parameter Method to value 1
Set parameter NodefileStart to value 4
Set parameter RINS to value 50
Gurobi Optimizer version 13.0.2 build v13.0.2rc1 (linux64 - "Debian GNU/Linux 13 (trixie)")

CPU model: Intel(R) Xeon(R) Platinum 8375C CPU @ 2.90GHz, instruction set [SSE2|AVX|AVX2|AVX512]
Thread count: 16 physical cores, 32 logical processors, using up to 32 threads

Non-default parameters:
TimeLimit  10800
MIPGap  0.01
Method  1
LPWarmStart  1
Heuristics  0.2
MIPFocus  1
NodefileStart  4
RINS  50
Symmetry  2
Cuts  2
CoverCuts  2
LogToConsole  0

Academic license 2812613 - for non-commercial use only - registered to no___@gatech.edu
Optimize a model with 196014 rows, 17950 columns and 25031634 nonzeros (Min)
Model fingerprint: 0x5f9e9c2a
Model has 17950 linear objective coefficients
Variable types: 0 continuous, 17950 integer (17950 binary)
Coefficient statistics:
  Matrix range     [1e+00, 1e+00]
  Objective range  [1e+00, 1e+00]
  Bounds range     [1e+00, 1e+00]
  RHS range        [2e+00, 2e+00]

Found heuristic solution: objective 718.0000000
Presolve removed 0 rows and 0 columns (presolve time = 6s)...
Presolve removed 0 rows and 0 columns (presolve time = 11s)...
Presolve removed 0 rows and 0 columns (presolve time = 16s)...
Presolve removed 0 rows and 0 columns (presolve time = 20s)...
Presolve removed 0 rows and 0 columns (presolve time = 25s)...
Presolve removed 0 rows and 0 columns (presolve time = 30s)...
Presolve removed 0 rows and 0 columns (presolve time = 36s)...
Presolve removed 0 rows and 0 columns (presolve time = 41s)...
Presolve time: 42.91s
Presolved: 196014 rows, 17950 columns, 25031634 nonzeros
Variable types: 0 continuous, 17950 integer (17950 binary)

Root simplex log...

Iteration    Objective       Primal Inf.    Dual Inf.      Time
       0   -0.0000000e+00   0.000000e+00   6.340000e+02     53s
      53    3.5303680e+02   0.000000e+00   0.000000e+00     53s
      53    3.5303680e+02   0.000000e+00   0.000000e+00     53s

Use crossover to convert LP symmetric solution to basic solution...

Root crossover log...

  193308 variables added to crossover basis                       60s
  194688 variables added to crossover basis                       65s
  195648 variables added to crossover basis                       70s

       0 DPushes remaining with DInf 0.0000000e+00                76s

       0 PPushes remaining with PInf 0.0000000e+00                77s

  Push phase complete: Pinf 0.0000000e+00, Dinf 2.1572167e-09     77s


Root simplex log...

Iteration    Objective       Primal Inf.    Dual Inf.      Time
      56    3.5303680e+02   0.000000e+00   0.000000e+00     81s
Crossover time: 27.08 seconds (50.60 work units)

Root relaxation: objective 3.530368e+02, 56 iterations, 35.62 seconds (59.39 work units)

    Nodes    |    Current Node    |     Objective Bounds      |     Work
 Expl Unexpl |  Obj  Depth IntInf | Incumbent    BestBd   Gap | It/Node Time

     0     0  353.03680    0 8616  718.00000  353.03680  50.8%     -   88s
H    0     0                     714.0000000  353.03680  50.6%     -  102s
H    0     0                     713.0000000  353.03680  50.5%     -  103s
H    0     0                     708.0000000  353.03680  50.1%     -  118s
H    0     0                     707.0000000  353.03680  50.1%     -  128s
H    0     0                     706.0000000  353.03680  50.0%     -  128s
H    0     0                     702.0000000  353.03680  49.7%     -  160s
H    0     0                     698.0000000  353.03680  49.4%     -  180s
     0     0  353.03680    0 8616  698.00000  353.03680  49.4%     -  495s
H    0     0                     694.0000000  353.03680  49.1%     - 1301s
H    0     0                     691.0000000  353.03680  48.9%     - 1308s
H    0     0                     690.0000000  353.03680  48.8%     - 1313s
H    0     2                     675.0000000  353.03680  47.7%     - 2167s
     0     2  353.03680    0 8616  675.00000  353.03680  47.7%     - 2167s

Explored 1 nodes (56 simplex iterations) in 10800.43 seconds (44418.15 work units)
Thread count was 32 (of 32 available processors)

Solution count 10: 675 690 691 ... 713

Time limit reached
Best objective 6.750000000000e+02, best bound 3.540000000000e+02, gap 47.5556%

User-callback calls 174040, time in user-callback 0.60 sec
