
Gurobi 13.0.2 (linux64) logging started Fri Jul 10 13:48:12 2026

Set parameter LogFile to value "/tmp/sweep_20260709_012313_china_alt260km_s100_i2_v10_gurobi.log"
Set parameter Method to value 1
Set parameter NodefileStart to value 4
Set parameter RINS to value 50
Gurobi Optimizer version 13.0.2 build v13.0.2rc1 (linux64 - "Debian GNU/Linux 13 (trixie)")

CPU model: Intel(R) Xeon(R) Platinum 8375C CPU @ 2.90GHz, instruction set [SSE2|AVX|AVX2|AVX512]
Thread count: 16 physical cores, 32 logical processors, using up to 32 threads

Non-default parameters:
TimeLimit  14400
MIPGap  0.001
Method  1
LPWarmStart  1
Heuristics  0.2
MIPFocus  1
NodefileStart  4
RINS  50
Symmetry  2
Cuts  2
CoverCuts  2
LogToConsole  0

Academic license 2812613 - for non-commercial use only - registered to no___@gatech.edu
Optimize a model with 196014 rows, 35900 columns and 40945386 nonzeros (Min)
Model fingerprint: 0xa6f23cd0
Model has 35900 linear objective coefficients
Variable types: 0 continuous, 35900 integer (35900 binary)
Coefficient statistics:
  Matrix range     [1e+00, 1e+00]
  Objective range  [1e+00, 1e+00]
  Bounds range     [1e+00, 1e+00]
  RHS range        [5e+01, 5e+01]

Found heuristic solution: objective 15219.000000
Presolve removed 0 rows and 0 columns (presolve time = 5s)...
Presolve removed 0 rows and 0 columns (presolve time = 10s)...
Presolve removed 0 rows and 0 columns (presolve time = 16s)...
Presolve removed 0 rows and 0 columns (presolve time = 20s)...
Presolve removed 0 rows and 0 columns (presolve time = 26s)...
Presolve removed 0 rows and 0 columns (presolve time = 32s)...
Presolve removed 0 rows and 0 columns (presolve time = 35s)...
Presolve removed 0 rows and 0 columns (presolve time = 40s)...
Presolve removed 0 rows and 0 columns (presolve time = 45s)...
Presolve removed 0 rows and 0 columns (presolve time = 53s)...
Presolve removed 0 rows and 0 columns (presolve time = 56s)...
Presolve removed 0 rows and 0 columns (presolve time = 60s)...
Presolve removed 0 rows and 0 columns (presolve time = 65s)...
Presolve removed 0 rows and 0 columns (presolve time = 73s)...
Presolve removed 0 rows and 0 columns (presolve time = 83s)...
Presolve removed 0 rows and 0 columns (presolve time = 85s)...
Presolve removed 0 rows and 0 columns (presolve time = 90s)...
Presolve removed 0 rows and 0 columns (presolve time = 95s)...
Presolve removed 0 rows and 0 columns (presolve time = 100s)...
Presolve removed 0 rows and 0 columns (presolve time = 105s)...
Presolve removed 0 rows and 0 columns (presolve time = 110s)...
Presolve removed 0 rows and 0 columns (presolve time = 115s)...
Presolve removed 0 rows and 0 columns (presolve time = 120s)...
Presolve removed 0 rows and 0 columns (presolve time = 125s)...
Presolve removed 0 rows and 0 columns (presolve time = 130s)...
Presolve removed 0 rows and 0 columns (presolve time = 135s)...
Presolve removed 0 rows and 0 columns (presolve time = 140s)...
Presolve removed 0 rows and 0 columns (presolve time = 145s)...
Presolve removed 0 rows and 0 columns (presolve time = 150s)...
Presolve removed 0 rows and 0 columns (presolve time = 155s)...
Presolve removed 0 rows and 0 columns (presolve time = 160s)...
Presolve removed 0 rows and 0 columns (presolve time = 165s)...
Presolve removed 0 rows and 0 columns (presolve time = 170s)...
Presolve removed 0 rows and 0 columns (presolve time = 175s)...
Presolve removed 0 rows and 0 columns (presolve time = 180s)...
Presolve removed 0 rows and 0 columns (presolve time = 185s)...
Presolve removed 0 rows and 0 columns (presolve time = 190s)...
Presolve removed 0 rows and 0 columns (presolve time = 195s)...
Presolve removed 0 rows and 0 columns (presolve time = 200s)...
Presolve removed 0 rows and 0 columns (presolve time = 205s)...
Presolve removed 0 rows and 0 columns (presolve time = 210s)...
Presolve removed 0 rows and 0 columns (presolve time = 215s)...
Presolve removed 0 rows and 0 columns (presolve time = 220s)...
Presolve removed 0 rows and 0 columns (presolve time = 225s)...
Presolve removed 0 rows and 0 columns (presolve time = 230s)...
Presolve removed 0 rows and 0 columns (presolve time = 235s)...
Presolve removed 0 rows and 0 columns (presolve time = 240s)...
Presolve removed 0 rows and 0 columns (presolve time = 245s)...
Presolve removed 0 rows and 0 columns (presolve time = 250s)...
Presolve removed 0 rows and 0 columns (presolve time = 255s)...
Presolve removed 0 rows and 0 columns (presolve time = 260s)...
Presolve removed 0 rows and 0 columns (presolve time = 265s)...
Presolve removed 0 rows and 0 columns (presolve time = 270s)...
Presolve removed 0 rows and 0 columns (presolve time = 275s)...
Presolve removed 0 rows and 0 columns (presolve time = 280s)...
Presolve removed 0 rows and 0 columns (presolve time = 285s)...
Presolve removed 0 rows and 0 columns (presolve time = 290s)...
Presolve removed 0 rows and 0 columns (presolve time = 295s)...
Presolve removed 0 rows and 0 columns (presolve time = 300s)...
Presolve removed 0 rows and 0 columns (presolve time = 305s)...
Presolve removed 0 rows and 0 columns (presolve time = 310s)...
Presolve removed 0 rows and 0 columns (presolve time = 315s)...
Presolve removed 0 rows and 0 columns (presolve time = 320s)...
Presolve removed 0 rows and 0 columns (presolve time = 325s)...
Presolve removed 0 rows and 0 columns (presolve time = 330s)...
Presolve removed 0 rows and 0 columns (presolve time = 335s)...
Presolve removed 0 rows and 0 columns (presolve time = 340s)...
Presolve removed 0 rows and 0 columns (presolve time = 345s)...
Presolve removed 0 rows and 0 columns (presolve time = 350s)...
Presolve removed 0 rows and 0 columns (presolve time = 355s)...
Presolve removed 0 rows and 0 columns (presolve time = 360s)...
Presolve removed 0 rows and 0 columns (presolve time = 365s)...
Presolve removed 0 rows and 0 columns (presolve time = 370s)...
Presolve removed 0 rows and 0 columns (presolve time = 375s)...
Presolve removed 0 rows and 0 columns (presolve time = 380s)...
Presolve removed 0 rows and 0 columns (presolve time = 385s)...
Presolve removed 0 rows and 0 columns (presolve time = 390s)...
Presolve removed 0 rows and 0 columns (presolve time = 395s)...
Presolve removed 0 rows and 0 columns (presolve time = 400s)...
Presolve removed 0 rows and 0 columns (presolve time = 405s)...
Presolve removed 0 rows and 0 columns (presolve time = 410s)...
Presolve removed 0 rows and 0 columns (presolve time = 415s)...
Presolve removed 0 rows and 0 columns (presolve time = 422s)...
Presolve time: 421.63s
Presolved: 196014 rows, 35900 columns, 40945386 nonzeros
Variable types: 0 continuous, 35900 integer (35900 binary)

Root simplex log...

Iteration    Objective       Primal Inf.    Dual Inf.      Time
       0   -0.0000000e+00   0.000000e+00   1.375000e+04    439s
     116    8.4234926e+03   0.000000e+00   0.000000e+00    439s
     116    8.4234926e+03   0.000000e+00   0.000000e+00    439s

Use crossover to convert LP symmetric solution to basic solution...

Root crossover log...

  186034 variables added to crossover basis                      445s
  187624 variables added to crossover basis                      450s
  188614 variables added to crossover basis                      455s
  189574 variables added to crossover basis                      460s
  190474 variables added to crossover basis                      465s
  191284 variables added to crossover basis                      470s
  192034 variables added to crossover basis                      475s
  192574 variables added to crossover basis                      480s
  193024 variables added to crossover basis                      485s
  193414 variables added to crossover basis                      490s
  193774 variables added to crossover basis                      495s
  194134 variables added to crossover basis                      500s
  194464 variables added to crossover basis                      505s
  194794 variables added to crossover basis                      510s
  195124 variables added to crossover basis                      515s
  195424 variables added to crossover basis                      520s
  195724 variables added to crossover basis                      525s

       0 DPushes remaining with DInf 0.0000000e+00               713s

       0 PPushes remaining with PInf 0.0000000e+00               714s

  Push phase complete: Pinf 0.0000000e+00, Dinf 4.7010042e-09    714s


Root simplex log...

Iteration    Objective       Primal Inf.    Dual Inf.      Time
     119    8.4234926e+03   0.000000e+00   0.000000e+00    774s
Crossover time: 334.84 seconds (656.03 work units)

Root relaxation: objective 8.423493e+03, 119 iterations, 349.10 seconds (670.58 work units)

    Nodes    |    Current Node    |     Objective Bounds      |     Work
 Expl Unexpl |  Obj  Depth IntInf | Incumbent    BestBd   Gap | It/Node Time

     0     0 8423.49258    0 14360 15219.0000 8423.49258  44.7%     -  960s
H    0     0                    10770.000000 8423.49258  21.8%     -  960s
H    0     0                    10270.000000 8423.49258  18.0%     -  961s
H    0     0                    10269.000000 8423.49258  18.0%     -  961s
H    0     0                    10243.000000 8423.49258  17.8%     -  993s
H    0     0                    10156.000000 8423.49258  17.1%     -  994s
H    0     0                    10139.000000 8423.49258  16.9%     -  994s
H    0     0                    10128.000000 8423.49258  16.8%     -  994s
H    0     0                    10103.000000 8423.49258  16.6%     -  994s
H    0     0                    10099.000000 8423.49258  16.6%     -  995s
H    0     0                    10084.000000 8423.49258  16.5%     -  995s
H    0     0                    10081.000000 8423.49258  16.4%     -  995s
H    0     0                    10079.000000 8423.49258  16.4%     - 1001s
H    0     0                    10078.000000 8423.49258  16.4%     - 1001s
H    0     0                    10073.000000 8423.49258  16.4%     - 1022s
H    0     0                    10072.000000 8423.49258  16.4%     - 1057s
H    0     0                    10070.000000 8423.49258  16.4%     - 1080s
H    0     0                    10069.000000 8423.49258  16.3%     - 1098s
H    0     0                    9388.0000000 8423.49258  10.3%     - 1153s
H    0     0                    9087.0000000 8423.49258  7.30%     - 1154s
H    0     0                    9081.0000000 8423.49258  7.24%     - 1482s
H    0     0                    9078.0000000 8423.49258  7.21%     - 1532s
H    0     0                    9073.0000000 8423.49258  7.16%     - 1583s
H    0     0                    9066.0000000 8423.49258  7.09%     - 1678s
H    0     0                    9065.0000000 8423.49258  7.08%     - 1678s
H    0     0                    9063.0000000 8423.49258  7.06%     - 1693s
H    0     0                    9062.0000000 8423.49258  7.05%     - 1720s
     0     0 8423.49258    0 14360 9062.00000 8423.49258  7.05%     - 3767s
H    0     0                    9058.0000000 8423.49258  7.00%     - 9198s
H    0     0                    9057.0000000 8423.49258  6.99%     - 9201s
H    0     0                    9055.0000000 8423.49258  6.97%     - 9226s
H    0     2                    9043.0000000 8423.49258  6.85%     - 10319s
     0     2 8423.49258    0 14360 9043.00000 8423.49258  6.85%     - 10319s

Explored 1 nodes (119 simplex iterations) in 14400.84 seconds (45309.37 work units)
Thread count was 32 (of 32 available processors)

Solution count 10: 9043 9055 9057 ... 9078

Time limit reached
Best objective 9.043000000000e+03, best bound 8.424000000000e+03, gap 6.8451%

User-callback calls 264340, time in user-callback 0.91 sec
