
Gurobi 13.0.2 (linux64) logging started Tue Jun 23 16:26:27 2026

Set parameter LogFile to value "/tmp/sweep_20260623_041454_china_alt400km_s20_i4_v5_gurobi.log"
Set parameter Method to value 1
Set parameter NodefileStart to value 4
Set parameter RINS to value 50
Gurobi Optimizer version 13.0.2 build v13.0.2rc1 (linux64 - "Debian GNU/Linux 13 (trixie)")

CPU model: Intel(R) Xeon(R) Platinum 8375C CPU @ 2.90GHz, instruction set [SSE2|AVX|AVX2|AVX512]
Thread count: 16 physical cores, 32 logical processors, using up to 32 threads

Non-default parameters:
TimeLimit  21600
MIPGap  0.01
Method  1
LPWarmStart  1
Heuristics  0.2
MIPFocus  1
NodefileStart  4
RINS  50
Symmetry  2
Cuts  2
CoverCuts  2
LogToConsole  0

Academic license 2812613 - for non-commercial use only - registered to no___@gatech.edu
Optimize a model with 392028 rows, 71800 columns and 94452900 nonzeros (Min)
Model fingerprint: 0xc7db3869
Model has 71800 linear objective coefficients
Variable types: 0 continuous, 71800 integer (71800 binary)
Coefficient statistics:
  Matrix range     [1e+00, 1e+00]
  Objective range  [1e+00, 1e+00]
  Bounds range     [1e+00, 1e+00]
  RHS range        [5e+00, 5e+00]

Found heuristic solution: objective 3686.0000000
Presolve removed 0 rows and 0 columns (presolve time = 13s)...
Presolve removed 0 rows and 0 columns (presolve time = 15s)...
Presolve removed 0 rows and 0 columns (presolve time = 24s)...
Presolve removed 0 rows and 0 columns (presolve time = 32s)...
Presolve removed 0 rows and 0 columns (presolve time = 41s)...
Presolve removed 0 rows and 0 columns (presolve time = 53s)...
Presolve removed 0 rows and 0 columns (presolve time = 64s)...
Presolve removed 0 rows and 0 columns (presolve time = 65s)...
Presolve removed 0 rows and 0 columns (presolve time = 84s)...
Presolve removed 0 rows and 0 columns (presolve time = 94s)...
Presolve removed 0 rows and 0 columns (presolve time = 103s)...
Presolve removed 0 rows and 0 columns (presolve time = 112s)...
Presolve removed 0 rows and 0 columns (presolve time = 115s)...
Presolve removed 0 rows and 0 columns (presolve time = 120s)...
Presolve removed 0 rows and 0 columns (presolve time = 125s)...
Presolve removed 0 rows and 0 columns (presolve time = 130s)...
Presolve removed 0 rows and 0 columns (presolve time = 135s)...
Presolve removed 0 rows and 0 columns (presolve time = 140s)...
Presolve removed 0 rows and 0 columns (presolve time = 145s)...
Presolve removed 0 rows and 0 columns (presolve time = 150s)...
Presolve removed 0 rows and 0 columns (presolve time = 155s)...
Presolve removed 0 rows and 0 columns (presolve time = 160s)...
Presolve removed 0 rows and 0 columns (presolve time = 172s)...
Presolve removed 0 rows and 0 columns (presolve time = 175s)...
Presolve removed 0 rows and 0 columns (presolve time = 182s)...
Presolve removed 0 rows and 0 columns (presolve time = 191s)...
Presolve removed 0 rows and 0 columns (presolve time = 195s)...
Presolve removed 0 rows and 0 columns (presolve time = 200s)...
Presolve removed 0 rows and 0 columns (presolve time = 205s)...
Presolve removed 0 rows and 0 columns (presolve time = 210s)...
Presolve removed 0 rows and 0 columns (presolve time = 215s)...
Presolve removed 0 rows and 0 columns (presolve time = 220s)...
Presolve removed 0 rows and 0 columns (presolve time = 234s)...
Presolve removed 0 rows and 0 columns (presolve time = 237s)...
Presolve removed 0 rows and 0 columns (presolve time = 264s)...
Presolve removed 0 rows and 0 columns (presolve time = 265s)...
Presolve removed 0 rows and 0 columns (presolve time = 270s)...
Presolve removed 0 rows and 0 columns (presolve time = 275s)...
Presolve removed 0 rows and 0 columns (presolve time = 280s)...
Presolve removed 0 rows and 0 columns (presolve time = 285s)...
Presolve removed 0 rows and 0 columns (presolve time = 290s)...
Presolve removed 0 rows and 0 columns (presolve time = 295s)...
Presolve removed 0 rows and 0 columns (presolve time = 300s)...
Presolve removed 0 rows and 0 columns (presolve time = 305s)...
Presolve removed 0 rows and 0 columns (presolve time = 310s)...
Presolve removed 0 rows and 0 columns (presolve time = 315s)...
Presolve removed 0 rows and 0 columns (presolve time = 320s)...
Presolve removed 0 rows and 0 columns (presolve time = 325s)...
Presolve removed 0 rows and 0 columns (presolve time = 330s)...
Presolve removed 0 rows and 0 columns (presolve time = 335s)...
Presolve removed 0 rows and 0 columns (presolve time = 340s)...
Presolve removed 0 rows and 0 columns (presolve time = 345s)...
Presolve removed 0 rows and 0 columns (presolve time = 350s)...
Presolve removed 0 rows and 0 columns (presolve time = 355s)...
Presolve removed 0 rows and 0 columns (presolve time = 360s)...
Presolve removed 0 rows and 0 columns (presolve time = 365s)...
Presolve removed 0 rows and 0 columns (presolve time = 370s)...
Presolve removed 0 rows and 0 columns (presolve time = 375s)...
Presolve removed 0 rows and 0 columns (presolve time = 380s)...
Presolve removed 0 rows and 0 columns (presolve time = 385s)...
Presolve removed 0 rows and 0 columns (presolve time = 390s)...
Presolve removed 0 rows and 0 columns (presolve time = 395s)...
Presolve removed 0 rows and 0 columns (presolve time = 400s)...
Presolve removed 0 rows and 0 columns (presolve time = 405s)...
Presolve removed 0 rows and 0 columns (presolve time = 410s)...
Presolve removed 0 rows and 0 columns (presolve time = 415s)...
Presolve removed 0 rows and 0 columns (presolve time = 420s)...
Presolve removed 0 rows and 0 columns (presolve time = 425s)...
Presolve removed 0 rows and 0 columns (presolve time = 430s)...
Presolve removed 0 rows and 0 columns (presolve time = 435s)...
Presolve removed 0 rows and 0 columns (presolve time = 440s)...
Presolve removed 0 rows and 0 columns (presolve time = 445s)...
Presolve removed 0 rows and 0 columns (presolve time = 450s)...
Presolve removed 0 rows and 0 columns (presolve time = 455s)...
Presolve removed 0 rows and 0 columns (presolve time = 460s)...
Presolve removed 0 rows and 0 columns (presolve time = 465s)...
Presolve removed 0 rows and 0 columns (presolve time = 470s)...
Presolve removed 0 rows and 0 columns (presolve time = 475s)...
Presolve removed 0 rows and 0 columns (presolve time = 480s)...
Presolve removed 0 rows and 0 columns (presolve time = 485s)...
Presolve removed 0 rows and 0 columns (presolve time = 490s)...
Presolve removed 0 rows and 0 columns (presolve time = 495s)...
Presolve removed 0 rows and 0 columns (presolve time = 500s)...
Presolve removed 0 rows and 0 columns (presolve time = 505s)...
Presolve removed 0 rows and 0 columns (presolve time = 510s)...
Presolve removed 0 rows and 0 columns (presolve time = 515s)...
Presolve removed 0 rows and 0 columns (presolve time = 520s)...
Presolve removed 0 rows and 0 columns (presolve time = 525s)...
Presolve removed 0 rows and 0 columns (presolve time = 530s)...
Presolve removed 0 rows and 0 columns (presolve time = 535s)...
Presolve removed 0 rows and 0 columns (presolve time = 540s)...
Presolve removed 0 rows and 0 columns (presolve time = 545s)...
Presolve removed 0 rows and 0 columns (presolve time = 550s)...
Presolve removed 0 rows and 0 columns (presolve time = 555s)...
Presolve removed 0 rows and 0 columns (presolve time = 560s)...
Presolve removed 0 rows and 0 columns (presolve time = 565s)...
Presolve removed 0 rows and 0 columns (presolve time = 570s)...
Presolve removed 0 rows and 0 columns (presolve time = 575s)...
Presolve removed 0 rows and 0 columns (presolve time = 580s)...
Presolve removed 0 rows and 0 columns (presolve time = 585s)...
Presolve removed 0 rows and 0 columns (presolve time = 590s)...
Presolve removed 0 rows and 0 columns (presolve time = 595s)...
Presolve removed 0 rows and 0 columns (presolve time = 600s)...
Presolve removed 0 rows and 0 columns (presolve time = 605s)...
Presolve removed 0 rows and 0 columns (presolve time = 610s)...
Presolve removed 0 rows and 0 columns (presolve time = 615s)...
Presolve removed 0 rows and 0 columns (presolve time = 620s)...
Presolve removed 0 rows and 0 columns (presolve time = 625s)...
Presolve removed 0 rows and 0 columns (presolve time = 630s)...
Presolve removed 0 rows and 0 columns (presolve time = 635s)...
Presolve removed 0 rows and 0 columns (presolve time = 640s)...
Presolve removed 0 rows and 0 columns (presolve time = 645s)...
Presolve removed 0 rows and 0 columns (presolve time = 650s)...
Presolve removed 0 rows and 0 columns (presolve time = 655s)...
Presolve removed 0 rows and 0 columns (presolve time = 660s)...
Presolve removed 0 rows and 0 columns (presolve time = 665s)...
Presolve removed 0 rows and 0 columns (presolve time = 670s)...
Presolve removed 0 rows and 0 columns (presolve time = 675s)...
Presolve removed 0 rows and 0 columns (presolve time = 680s)...
Presolve removed 0 rows and 0 columns (presolve time = 685s)...
Presolve removed 0 rows and 0 columns (presolve time = 690s)...
Presolve removed 0 rows and 0 columns (presolve time = 695s)...
Presolve removed 0 rows and 0 columns (presolve time = 700s)...
Presolve removed 0 rows and 0 columns (presolve time = 705s)...
Presolve removed 0 rows and 0 columns (presolve time = 710s)...
Presolve removed 0 rows and 0 columns (presolve time = 715s)...
Presolve removed 0 rows and 0 columns (presolve time = 720s)...
Presolve removed 0 rows and 0 columns (presolve time = 725s)...
Presolve removed 0 rows and 0 columns (presolve time = 730s)...
Presolve removed 0 rows and 0 columns (presolve time = 735s)...
Presolve removed 0 rows and 0 columns (presolve time = 740s)...
Presolve removed 0 rows and 0 columns (presolve time = 745s)...
Presolve removed 0 rows and 0 columns (presolve time = 750s)...
Presolve removed 0 rows and 0 columns (presolve time = 755s)...
Presolve removed 0 rows and 0 columns (presolve time = 760s)...
Presolve removed 0 rows and 0 columns (presolve time = 765s)...
Presolve removed 0 rows and 0 columns (presolve time = 770s)...
Presolve removed 0 rows and 0 columns (presolve time = 775s)...
Presolve removed 0 rows and 0 columns (presolve time = 780s)...
Presolve removed 0 rows and 0 columns (presolve time = 785s)...
Presolve removed 0 rows and 0 columns (presolve time = 790s)...
Presolve removed 0 rows and 0 columns (presolve time = 795s)...
Presolve removed 0 rows and 0 columns (presolve time = 800s)...
Presolve removed 0 rows and 0 columns (presolve time = 805s)...
Presolve removed 0 rows and 0 columns (presolve time = 810s)...
Presolve removed 0 rows and 0 columns (presolve time = 815s)...
Presolve removed 0 rows and 0 columns (presolve time = 820s)...
Presolve removed 0 rows and 0 columns (presolve time = 825s)...
Presolve removed 0 rows and 0 columns (presolve time = 830s)...
Presolve removed 0 rows and 0 columns (presolve time = 835s)...
Presolve removed 0 rows and 0 columns (presolve time = 840s)...
Presolve removed 0 rows and 0 columns (presolve time = 845s)...
Presolve removed 0 rows and 0 columns (presolve time = 850s)...
Presolve removed 0 rows and 0 columns (presolve time = 855s)...
Presolve removed 0 rows and 0 columns (presolve time = 860s)...
Presolve removed 0 rows and 0 columns (presolve time = 865s)...
Presolve removed 0 rows and 0 columns (presolve time = 870s)...
Presolve removed 0 rows and 0 columns (presolve time = 875s)...
Presolve removed 0 rows and 0 columns (presolve time = 880s)...
Presolve removed 0 rows and 0 columns (presolve time = 885s)...
Presolve removed 0 rows and 0 columns (presolve time = 890s)...
Presolve removed 0 rows and 0 columns (presolve time = 895s)...
Presolve removed 0 rows and 0 columns (presolve time = 900s)...
Presolve removed 0 rows and 0 columns (presolve time = 905s)...
Presolve removed 0 rows and 0 columns (presolve time = 910s)...
Presolve removed 0 rows and 0 columns (presolve time = 915s)...
Presolve removed 0 rows and 0 columns (presolve time = 920s)...
Presolve removed 0 rows and 0 columns (presolve time = 925s)...
Presolve removed 0 rows and 0 columns (presolve time = 930s)...
Presolve removed 0 rows and 0 columns (presolve time = 935s)...
Presolve removed 0 rows and 0 columns (presolve time = 940s)...
Presolve removed 0 rows and 0 columns (presolve time = 945s)...
Presolve removed 0 rows and 0 columns (presolve time = 950s)...
Presolve removed 0 rows and 0 columns (presolve time = 955s)...
Presolve removed 0 rows and 0 columns (presolve time = 960s)...
Presolve removed 0 rows and 0 columns (presolve time = 965s)...
Presolve removed 0 rows and 0 columns (presolve time = 970s)...
Presolve removed 0 rows and 0 columns (presolve time = 975s)...
Presolve removed 0 rows and 0 columns (presolve time = 980s)...
Presolve removed 0 rows and 0 columns (presolve time = 985s)...
Presolve removed 0 rows and 0 columns (presolve time = 990s)...
Presolve removed 0 rows and 0 columns (presolve time = 995s)...
Presolve removed 0 rows and 0 columns (presolve time = 1000s)...
Presolve removed 0 rows and 0 columns (presolve time = 1005s)...
Presolve removed 0 rows and 0 columns (presolve time = 1010s)...
Presolve removed 0 rows and 0 columns (presolve time = 1015s)...
Presolve removed 0 rows and 0 columns (presolve time = 1020s)...
Presolve removed 0 rows and 0 columns (presolve time = 1025s)...
Presolve removed 0 rows and 0 columns (presolve time = 1030s)...
Presolve removed 0 rows and 0 columns (presolve time = 1035s)...
Presolve removed 0 rows and 0 columns (presolve time = 1040s)...
Presolve removed 0 rows and 0 columns (presolve time = 1045s)...
Presolve removed 0 rows and 0 columns (presolve time = 1050s)...
Presolve removed 0 rows and 0 columns (presolve time = 1055s)...
Presolve removed 0 rows and 0 columns (presolve time = 1060s)...
Presolve removed 0 rows and 0 columns (presolve time = 1065s)...
Presolve removed 0 rows and 0 columns (presolve time = 1070s)...
Presolve removed 0 rows and 0 columns (presolve time = 1075s)...
Presolve removed 0 rows and 0 columns (presolve time = 1080s)...
Presolve removed 0 rows and 0 columns (presolve time = 1085s)...
Presolve removed 0 rows and 0 columns (presolve time = 1090s)...
Presolve removed 0 rows and 0 columns (presolve time = 1095s)...
Presolve removed 0 rows and 0 columns (presolve time = 1100s)...
Presolve removed 0 rows and 0 columns (presolve time = 1105s)...
Presolve removed 0 rows and 0 columns (presolve time = 1110s)...
Presolve removed 0 rows and 0 columns (presolve time = 1115s)...
Presolve removed 0 rows and 0 columns (presolve time = 1120s)...
Presolve removed 0 rows and 0 columns (presolve time = 1125s)...
Presolve removed 0 rows and 0 columns (presolve time = 1130s)...
Presolve removed 0 rows and 0 columns (presolve time = 1135s)...
Presolve removed 0 rows and 0 columns (presolve time = 1140s)...
Presolve removed 0 rows and 0 columns (presolve time = 1145s)...
Presolve removed 0 rows and 0 columns (presolve time = 1150s)...
Presolve removed 0 rows and 0 columns (presolve time = 1155s)...
Presolve removed 0 rows and 0 columns (presolve time = 1160s)...
Presolve removed 0 rows and 0 columns (presolve time = 1165s)...
Presolve removed 0 rows and 0 columns (presolve time = 1170s)...
Presolve removed 0 rows and 0 columns (presolve time = 1175s)...
Presolve removed 0 rows and 0 columns (presolve time = 1180s)...
Presolve removed 0 rows and 0 columns (presolve time = 1185s)...
Presolve removed 0 rows and 0 columns (presolve time = 1190s)...
Presolve removed 0 rows and 0 columns (presolve time = 1195s)...
Presolve removed 0 rows and 0 columns (presolve time = 1200s)...
Presolve removed 0 rows and 0 columns (presolve time = 1205s)...
Presolve removed 0 rows and 0 columns (presolve time = 1210s)...
Presolve removed 0 rows and 0 columns (presolve time = 1215s)...
Presolve removed 0 rows and 0 columns (presolve time = 1220s)...
Presolve removed 0 rows and 0 columns (presolve time = 1225s)...
Presolve removed 0 rows and 0 columns (presolve time = 1230s)...
Presolve removed 0 rows and 0 columns (presolve time = 1235s)...
Presolve removed 0 rows and 0 columns (presolve time = 1240s)...
Presolve removed 0 rows and 0 columns (presolve time = 1245s)...
Presolve removed 0 rows and 0 columns (presolve time = 1250s)...
Presolve removed 0 rows and 0 columns (presolve time = 1255s)...
Presolve removed 0 rows and 0 columns (presolve time = 1260s)...
Presolve removed 0 rows and 0 columns (presolve time = 1265s)...
Presolve removed 0 rows and 0 columns (presolve time = 1270s)...
Presolve removed 0 rows and 0 columns (presolve time = 1275s)...
Presolve removed 0 rows and 0 columns (presolve time = 1281s)...
Presolve removed 0 rows and 0 columns (presolve time = 1294s)...
Presolve time: 1293.82s
Presolved: 392028 rows, 71800 columns, 94452900 nonzeros
Variable types: 0 continuous, 71800 integer (71800 binary)

Root simplex log...

Iteration    Objective       Primal Inf.    Dual Inf.      Time
       0   -0.0000000e+00   0.000000e+00   1.365000e+03   1346s
      83    1.4873649e+03   0.000000e+00   0.000000e+00   1346s
      83    1.4873649e+03   0.000000e+00   0.000000e+00   1346s

Use crossover to convert LP symmetric solution to basic solution...

Root crossover log...

  361872 variables added to crossover basis                     1357s
  369012 variables added to crossover basis                     1360s
  369822 variables added to crossover basis                     1365s
  370482 variables added to crossover basis                     1370s
  370992 variables added to crossover basis                     1375s
  371742 variables added to crossover basis                     1380s
  372522 variables added to crossover basis                     1385s
  373152 variables added to crossover basis                     1390s
  373602 variables added to crossover basis                     1395s
  373962 variables added to crossover basis                     1400s
  374292 variables added to crossover basis                     1405s
  374592 variables added to crossover basis                     1410s
  374892 variables added to crossover basis                     1415s
  375162 variables added to crossover basis                     1421s
  375402 variables added to crossover basis                     1425s
  375612 variables added to crossover basis                     1430s
  375822 variables added to crossover basis                     1435s
  376032 variables added to crossover basis                     1440s
  376212 variables added to crossover basis                     1445s
  376422 variables added to crossover basis                     1451s
  376572 variables added to crossover basis                     1455s
  376752 variables added to crossover basis                     1460s
  376932 variables added to crossover basis                     1466s
  377082 variables added to crossover basis                     1470s
  377232 variables added to crossover basis                     1475s
  377412 variables added to crossover basis                     1481s
  377562 variables added to crossover basis                     1486s
  377712 variables added to crossover basis                     1491s
  377832 variables added to crossover basis                     1495s
  377982 variables added to crossover basis                     1500s
  378132 variables added to crossover basis                     1506s
  378252 variables added to crossover basis                     1510s
  378402 variables added to crossover basis                     1516s
  378552 variables added to crossover basis                     1521s
  378732 variables added to crossover basis                     1526s
  378942 variables added to crossover basis                     1530s
  379152 variables added to crossover basis                     1535s
  379362 variables added to crossover basis                     1540s
  379542 variables added to crossover basis                     1545s
  379722 variables added to crossover basis                     1550s
  379902 variables added to crossover basis                     1555s
  380082 variables added to crossover basis                     1561s
  380232 variables added to crossover basis                     1566s
  380412 variables added to crossover basis                     1571s
  380562 variables added to crossover basis                     1576s
  380742 variables added to crossover basis                     1581s
  380952 variables added to crossover basis                     1586s
  381162 variables added to crossover basis                     1590s
  381372 variables added to crossover basis                     1596s
  381552 variables added to crossover basis                     1601s
  381732 variables added to crossover basis                     1605s
  381882 variables added to crossover basis                     1610s
  382062 variables added to crossover basis                     1615s
  382212 variables added to crossover basis                     1620s
  382362 variables added to crossover basis                     1625s
  382512 variables added to crossover basis                     1630s
  382662 variables added to crossover basis                     1635s
  382842 variables added to crossover basis                     1640s
  383022 variables added to crossover basis                     1645s
  383202 variables added to crossover basis                     1650s
  383382 variables added to crossover basis                     1655s
  383562 variables added to crossover basis                     1661s
  383712 variables added to crossover basis                     1666s
  383862 variables added to crossover basis                     1670s
  384012 variables added to crossover basis                     1675s
  384162 variables added to crossover basis                     1680s
  384312 variables added to crossover basis                     1686s
  384432 variables added to crossover basis                     1690s
  384582 variables added to crossover basis                     1696s
  384702 variables added to crossover basis                     1700s
  384822 variables added to crossover basis                     1705s
  384942 variables added to crossover basis                     1710s
  385062 variables added to crossover basis                     1715s
  385182 variables added to crossover basis                     1720s
  385302 variables added to crossover basis                     1725s
  385422 variables added to crossover basis                     1730s
  385542 variables added to crossover basis                     1736s
  385662 variables added to crossover basis                     1741s
  385752 variables added to crossover basis                     1746s
  385872 variables added to crossover basis                     1751s
  385962 variables added to crossover basis                     1755s
  386082 variables added to crossover basis                     1761s
  386202 variables added to crossover basis                     1766s
  386292 variables added to crossover basis                     1771s
  386382 variables added to crossover basis                     1776s
  386472 variables added to crossover basis                     1780s
  386562 variables added to crossover basis                     1785s
  386682 variables added to crossover basis                     1791s
  386772 variables added to crossover basis                     1796s
  386862 variables added to crossover basis                     1800s
  386952 variables added to crossover basis                     1805s
  387072 variables added to crossover basis                     1811s
  387162 variables added to crossover basis                     1817s
  387222 variables added to crossover basis                     1820s
  387312 variables added to crossover basis                     1825s
  387402 variables added to crossover basis                     1830s
  387492 variables added to crossover basis                     1835s
  387582 variables added to crossover basis                     1841s
  387672 variables added to crossover basis                     1846s
  387762 variables added to crossover basis                     1851s
  387852 variables added to crossover basis                     1857s
  387912 variables added to crossover basis                     1860s
  388002 variables added to crossover basis                     1866s
  388092 variables added to crossover basis                     1871s
  388182 variables added to crossover basis                     1877s
  388242 variables added to crossover basis                     1881s
  388332 variables added to crossover basis                     1886s
  388422 variables added to crossover basis                     1892s
  388482 variables added to crossover basis                     1896s
  388572 variables added to crossover basis                     1901s
  388662 variables added to crossover basis                     1906s
  388752 variables added to crossover basis                     1911s
  388812 variables added to crossover basis                     1915s
  388902 variables added to crossover basis                     1921s
  388992 variables added to crossover basis                     1926s
  389052 variables added to crossover basis                     1930s
  389142 variables added to crossover basis                     1936s
  389232 variables added to crossover basis                     1942s
  389292 variables added to crossover basis                     1946s
  389352 variables added to crossover basis                     1950s
  389442 variables added to crossover basis                     1956s
  389532 variables added to crossover basis                     1962s
  389592 variables added to crossover basis                     1966s
  389682 variables added to crossover basis                     1972s
  389742 variables added to crossover basis                     1976s
  389832 variables added to crossover basis                     1982s
  389892 variables added to crossover basis                     1986s
  389952 variables added to crossover basis                     1990s
  390042 variables added to crossover basis                     1996s
  390102 variables added to crossover basis                     2000s
  390192 variables added to crossover basis                     2006s
  390252 variables added to crossover basis                     2010s
  390342 variables added to crossover basis                     2016s
  390402 variables added to crossover basis                     2021s
  390492 variables added to crossover basis                     2027s
  390552 variables added to crossover basis                     2030s
  390642 variables added to crossover basis                     2036s
  390702 variables added to crossover basis                     2040s
  390792 variables added to crossover basis                     2046s
  390882 variables added to crossover basis                     2052s
  390942 variables added to crossover basis                     2056s
  391002 variables added to crossover basis                     2060s
  391092 variables added to crossover basis                     2067s
  391152 variables added to crossover basis                     2071s
  391212 variables added to crossover basis                     2075s
  391302 variables added to crossover basis                     2082s
  391362 variables added to crossover basis                     2086s
  391452 variables added to crossover basis                     2091s
  391512 variables added to crossover basis                     2095s
  391602 variables added to crossover basis                     2101s
  391692 variables added to crossover basis                     2107s
  391752 variables added to crossover basis                     2111s
  391842 variables added to crossover basis                     2116s
  391902 variables added to crossover basis                     2120s
  391992 variables added to crossover basis                     2126s

       0 DPushes remaining with DInf 0.0000000e+00              4427s

       0 PPushes remaining with PInf 0.0000000e+00              4429s

  Push phase complete: Pinf 0.0000000e+00, Dinf 6.7902315e-08   4432s


Root simplex log...

Iteration    Objective       Primal Inf.    Dual Inf.      Time
      86    1.4873649e+03   0.000000e+00   0.000000e+00   5082s
Crossover time: 3734.91 seconds (9855.86 work units)

Root relaxation: objective 1.487365e+03, 86 iterations, 3778.06 seconds (9889.98 work units)

    Nodes    |    Current Node    |     Objective Bounds      |     Work
 Expl Unexpl |  Obj  Depth IntInf | Incumbent    BestBd   Gap | It/Node Time

     0     0 1487.36493    0 30156 3686.00000 1487.36493  59.6%     - 8162s
H    0     0                    2872.0000000 1487.36493  48.2%     - 8162s
H    0     0                    2871.0000000 1487.36493  48.2%     - 21002s
H    0     0                    2724.0000000 1487.36493  45.4%     - 21004s
H    0     0                    2699.0000000 1487.36493  44.9%     - 21004s
H    0     0                    2677.0000000 1487.36493  44.4%     - 21006s
H    0     0                    2670.0000000 1487.36493  44.3%     - 21006s

Explored 1 nodes (86 simplex iterations) in 21603.03 seconds (44501.49 work units)
Thread count was 32 (of 32 available processors)

Solution count 7: 2670 2677 2699 ... 3686

Time limit reached
Best objective 2.670000000000e+03, best bound 1.488000000000e+03, gap 44.2697%

User-callback calls 81020, time in user-callback 0.64 sec
