
Gurobi 13.0.2 (linux64) logging started Sat Jul 11 18:20:12 2026

Set parameter LogFile to value "/tmp/sweep_20260709_012313_china_alt400km_s35_i4_v6_gurobi.log"
Set parameter Method to value 1
Set parameter NodefileStart to value 4
Set parameter RINS to value 50
Gurobi Optimizer version 13.0.2 build v13.0.2rc1 (linux64 - "Debian GNU/Linux 13 (trixie)")

CPU model: Intel(R) Xeon(R) Platinum 8375C CPU @ 2.90GHz, instruction set [SSE2|AVX|AVX2|AVX512]
Thread count: 16 physical cores, 32 logical processors, using up to 32 threads

Non-default parameters:
TimeLimit  14400
MIPGap  0.001
Method  1
LPWarmStart  1
Heuristics  0.2
MIPFocus  1
NodefileStart  4
RINS  50
Symmetry  2
Cuts  2
CoverCuts  2
LogToConsole  0

Academic license 2812613 - for non-commercial use only - registered to no___@gatech.edu
Optimize a model with 392028 rows, 35900 columns and 78988616 nonzeros (Min)
Model fingerprint: 0x97d638d9
Model has 35900 linear objective coefficients
Variable types: 0 continuous, 35900 integer (35900 binary)
Coefficient statistics:
  Matrix range     [1e+00, 1e+00]
  Objective range  [1e+00, 1e+00]
  Bounds range     [1e+00, 1e+00]
  RHS range        [9e+00, 9e+00]

Found heuristic solution: objective 3313.0000000
Presolve removed 0 rows and 0 columns (presolve time = 10s)...
Presolve removed 0 rows and 0 columns (presolve time = 10s)...
Presolve removed 0 rows and 0 columns (presolve time = 18s)...
Presolve removed 0 rows and 0 columns (presolve time = 24s)...
Presolve removed 0 rows and 0 columns (presolve time = 30s)...
Presolve removed 0 rows and 0 columns (presolve time = 39s)...
Presolve removed 0 rows and 0 columns (presolve time = 47s)...
Presolve removed 0 rows and 0 columns (presolve time = 50s)...
Presolve removed 0 rows and 0 columns (presolve time = 65s)...
Presolve removed 0 rows and 0 columns (presolve time = 72s)...
Presolve removed 0 rows and 0 columns (presolve time = 78s)...
Presolve removed 0 rows and 0 columns (presolve time = 85s)...
Presolve removed 0 rows and 0 columns (presolve time = 85s)...
Presolve removed 0 rows and 0 columns (presolve time = 90s)...
Presolve removed 0 rows and 0 columns (presolve time = 102s)...
Presolve removed 0 rows and 0 columns (presolve time = 105s)...
Presolve removed 0 rows and 0 columns (presolve time = 110s)...
Presolve removed 0 rows and 0 columns (presolve time = 117s)...
Presolve removed 0 rows and 0 columns (presolve time = 120s)...
Presolve removed 0 rows and 0 columns (presolve time = 125s)...
Presolve removed 0 rows and 0 columns (presolve time = 130s)...
Presolve removed 0 rows and 0 columns (presolve time = 135s)...
Presolve removed 0 rows and 0 columns (presolve time = 147s)...
Presolve removed 0 rows and 0 columns (presolve time = 150s)...
Presolve removed 0 rows and 0 columns (presolve time = 163s)...
Presolve removed 0 rows and 0 columns (presolve time = 173s)...
Presolve time: 172.99s
Presolved: 392028 rows, 35900 columns, 78988616 nonzeros
Variable types: 0 continuous, 35900 integer (35900 binary)

Root simplex log...

Iteration    Objective       Primal Inf.    Dual Inf.      Time
       0   -0.0000000e+00   0.000000e+00   2.457000e+03    213s
      44    2.0459214e+03   0.000000e+00   0.000000e+00    213s
      44    2.0459214e+03   0.000000e+00   0.000000e+00    213s

Use crossover to convert LP symmetric solution to basic solution...

Root crossover log...

  373360 variables added to crossover basis                      221s
  378700 variables added to crossover basis                      225s
  379720 variables added to crossover basis                      230s
  380380 variables added to crossover basis                      235s
  380920 variables added to crossover basis                      240s
  381340 variables added to crossover basis                      245s
  381730 variables added to crossover basis                      250s
  382270 variables added to crossover basis                      255s
  382750 variables added to crossover basis                      260s
  383140 variables added to crossover basis                      265s
  383500 variables added to crossover basis                      270s
  383860 variables added to crossover basis                      275s
  384400 variables added to crossover basis                      280s
  384850 variables added to crossover basis                      285s
  385240 variables added to crossover basis                      290s
  385600 variables added to crossover basis                      295s
  385960 variables added to crossover basis                      300s
  386500 variables added to crossover basis                      305s
  386980 variables added to crossover basis                      310s
  387340 variables added to crossover basis                      315s
  387640 variables added to crossover basis                      321s
  387910 variables added to crossover basis                      325s
  388180 variables added to crossover basis                      330s
  388450 variables added to crossover basis                      335s
  388690 variables added to crossover basis                      340s
  388960 variables added to crossover basis                      345s
  389200 variables added to crossover basis                      351s
  389410 variables added to crossover basis                      355s
  389650 variables added to crossover basis                      360s
  389860 variables added to crossover basis                      365s
  390040 variables added to crossover basis                      370s
  390250 variables added to crossover basis                      376s
  390430 variables added to crossover basis                      381s
  390610 variables added to crossover basis                      385s
  390820 variables added to crossover basis                      390s
  391000 variables added to crossover basis                      395s
  391180 variables added to crossover basis                      400s
  391360 variables added to crossover basis                      405s
  391540 variables added to crossover basis                      411s
  391690 variables added to crossover basis                      415s
  391900 variables added to crossover basis                      420s

       0 DPushes remaining with DInf 0.0000000e+00              1020s

       0 PPushes remaining with PInf 0.0000000e+00              1021s

  Push phase complete: Pinf 0.0000000e+00, Dinf 1.2588462e-08   1022s


Root simplex log...

Iteration    Objective       Primal Inf.    Dual Inf.      Time
      47    2.0459214e+03   0.000000e+00   0.000000e+00   1216s
Crossover time: 1002.35 seconds (2235.41 work units)

Root relaxation: objective 2.045921e+03, 47 iterations, 1035.10 seconds (2263.78 work units)

    Nodes    |    Current Node    |     Objective Bounds      |     Work
 Expl Unexpl |  Obj  Depth IntInf | Incumbent    BestBd   Gap | It/Node Time

     0     0 2045.92138    0 18668 3313.00000 2045.92138  38.2%     - 1830s
H    0     0                    2872.0000000 2045.92138  28.8%     - 1831s
H    0     0                    2839.0000000 2045.92138  27.9%     - 2269s
H    0     0                    2781.0000000 2045.92138  26.4%     - 2270s
H    0     0                    2731.0000000 2045.92138  25.1%     - 2270s
H    0     0                    2707.0000000 2045.92138  24.4%     - 2271s
H    0     0                    2703.0000000 2045.92138  24.3%     - 2271s
H    0     0                    2697.0000000 2045.92138  24.1%     - 2272s
H    0     0                    2694.0000000 2045.92138  24.1%     - 2447s
H    0     0                    2690.0000000 2045.92138  23.9%     - 2447s
H    0     0                    2689.0000000 2045.92138  23.9%     - 2522s
H    0     0                    2686.0000000 2045.92138  23.8%     - 2572s
H    0     0                    2685.0000000 2045.92138  23.8%     - 2572s
H    0     0                    2677.0000000 2045.92138  23.6%     - 2684s
H    0     0                    2674.0000000 2045.92138  23.5%     - 2684s
H    0     0                    2672.0000000 2045.92138  23.4%     - 2892s
H    0     0                    2671.0000000 2045.92138  23.4%     - 2907s
H    0     0                    2669.0000000 2045.92138  23.3%     - 2995s
H    0     0                    2668.0000000 2045.92138  23.3%     - 3097s
H    0     0                    2666.0000000 2045.92138  23.3%     - 3097s
H    0     0                    2665.0000000 2045.92138  23.2%     - 3256s
H    0     0                    2663.0000000 2045.92138  23.2%     - 3527s
H    0     0                    2662.0000000 2045.92138  23.1%     - 3527s
H    0     0                    2660.0000000 2045.92138  23.1%     - 3680s
H    0     0                    2659.0000000 2045.92138  23.1%     - 3680s
     0     0 2045.92138    0 18668 2659.00000 2045.92138  23.1%     - 8044s

Explored 1 nodes (47 simplex iterations) in 14401.01 seconds (30257.98 work units)
Thread count was 32 (of 32 available processors)

Solution count 10: 2659 2660 2662 ... 2672

Time limit reached
Best objective 2.659000000000e+03, best bound 2.046000000000e+03, gap 23.0538%

User-callback calls 292162, time in user-callback 0.98 sec
