
Gurobi 13.0.2 (linux64) logging started Mon Jul 20 11:23:11 2026

Set parameter LogFile to value "/tmp/sweep_20260716_013919_north-korea_alt550km_s100_i6_v4_gurobi.log"
Set parameter Method to value 1
Set parameter NodefileStart to value 4
Set parameter RINS to value 50
Gurobi Optimizer version 13.0.2 build v13.0.2rc1 (linux64 - "Debian GNU/Linux 13 (trixie)")

CPU model: Intel(R) Xeon(R) Platinum 8375C CPU @ 2.90GHz, instruction set [SSE2|AVX|AVX2|AVX512]
Thread count: 16 physical cores, 32 logical processors, using up to 32 threads

Non-default parameters:
TimeLimit  14400
MIPGap  0.001
Method  1
LPWarmStart  1
Heuristics  0.2
MIPFocus  1
NodefileStart  4
RINS  50
Symmetry  2
Cuts  2
CoverCuts  2
LogToConsole  0

Academic license 2812613 - for non-commercial use only - registered to no___@gatech.edu
Optimize a model with 1436 rows, 28720 columns and 141446 nonzeros (Min)
Model fingerprint: 0xdb17524c
Model has 28720 linear objective coefficients
Variable types: 0 continuous, 28720 integer (28720 binary)
Coefficient statistics:
  Matrix range     [1e+00, 1e+00]
  Objective range  [1e+00, 1e+00]
  Bounds range     [1e+00, 1e+00]
  RHS range        [2e+01, 2e+01]

Found heuristic solution: objective 6462.0000000
Presolve removed 0 rows and 15078 columns
Presolve time: 0.09s
Presolved: 1436 rows, 13642 columns, 72518 nonzeros
Variable types: 0 continuous, 13642 integer (9334 binary)

Root simplex log...

Iteration    Objective       Primal Inf.    Dual Inf.      Time
   14609    3.4647108e+03   6.700399e+02   0.000000e+00      5s
   20359    3.4703333e+03   0.000000e+00   0.000000e+00      9s

Root relaxation: objective 3.470333e+03, 20359 iterations, 8.79 seconds (16.98 work units)

    Nodes    |    Current Node    |     Objective Bounds      |     Work
 Expl Unexpl |  Obj  Depth IntInf | Incumbent    BestBd   Gap | It/Node Time

     0     0 3470.33333    0 1433 6462.00000 3470.33333  46.3%     -   10s
H    0     0                    3996.0000000 3470.33333  13.2%     -   10s
H    0     0                    3944.0000000 3470.33333  12.0%     -   10s
H    0     0                    3721.0000000 3470.33333  6.74%     -   10s
H    0     0                    3668.0000000 3470.33333  5.39%     -   10s
H    0     0                    3644.0000000 3470.33333  4.77%     -   10s
H    0     0                    3622.0000000 3470.33333  4.19%     -   10s
H    0     0                    3612.0000000 3470.33333  3.92%     -   10s
H    0     0                    3611.0000000 3470.33333  3.90%     -   10s
H    0     0                    3609.0000000 3470.33333  3.84%     -   11s
H    0     0                    3606.0000000 3470.33333  3.76%     -   11s
H    0     0                    3597.0000000 3470.33333  3.52%     -   11s
H    0     0                    3573.0000000 3470.33333  2.87%     -   11s
H    0     0                    3563.0000000 3470.33333  2.60%     -   11s
H    0     0                    3562.0000000 3470.33333  2.57%     -   11s
H    0     0                    3561.0000000 3470.33333  2.55%     -   11s
H    0     0                    3559.0000000 3470.33333  2.49%     -   11s
H    0     0                    3555.0000000 3470.33333  2.38%     -   11s
H    0     0                    3553.0000000 3470.33333  2.33%     -   11s
H    0     0                    3551.0000000 3470.33333  2.27%     -   11s
H    0     0                    3550.0000000 3470.33333  2.24%     -   11s
H    0     0                    3549.0000000 3470.33333  2.22%     -   11s
H    0     0                    3547.0000000 3470.33333  2.16%     -   11s
H    0     0                    3541.0000000 3470.33333  2.00%     -   11s
H    0     0                    3540.0000000 3470.33333  1.97%     -   11s
H    0     0                    3539.0000000 3470.33333  1.94%     -   11s
H    0     0                    3538.0000000 3470.33333  1.91%     -   11s
H    0     0                    3537.0000000 3470.33333  1.88%     -   11s
H    0     0                    3536.0000000 3470.33333  1.86%     -   12s
H    0     0                    3535.0000000 3470.33333  1.83%     -   12s
H    0     0                    3533.0000000 3470.33333  1.77%     -   12s
H    0     0                    3532.0000000 3470.33333  1.75%     -   12s
H    0     0                    3531.0000000 3470.33333  1.72%     -   12s
     0     0 3470.33333    0 1520 3531.00000 3470.33333  1.72%     -   20s
H    0     0                    3530.0000000 3470.33333  1.69%     -   37s
H    0     0                    3529.0000000 3470.33333  1.66%     -   37s
H    0     0                    3528.0000000 3470.33333  1.63%     -   42s
H    0     0                    3527.0000000 3470.33333  1.61%     -   43s
H    0     0                    3526.0000000 3470.33333  1.58%     -   43s
H    0     0                    3525.0000000 3470.33333  1.55%     -   44s
H    0     0                    3524.0000000 3470.33333  1.52%     -   45s
H    0     0                    3523.0000000 3470.33333  1.49%     -   46s
     0     0 3470.33333    0 1498 3523.00000 3470.33333  1.49%     -   52s
     0     0 3470.33333    0 1469 3523.00000 3470.33333  1.49%     -   57s
     0     0 3470.33333    0 1469 3523.00000 3470.33333  1.49%     -   61s
     0     0 3470.33333    0 1447 3523.00000 3470.33333  1.49%     -   64s
     0     0 3470.33333    0 1465 3523.00000 3470.33333  1.49%     -   73s
     0     0 3470.33333    0 1465 3523.00000 3470.33333  1.49%     -   76s
     0     0 3470.33333    0 1462 3523.00000 3470.33333  1.49%     -   82s
     0     0 3470.33333    0 1462 3523.00000 3470.33333  1.49%     -   85s
     0     0 3470.33333    0 1447 3523.00000 3470.33333  1.49%     -   89s
     0     0 3470.33333    0 1447 3523.00000 3470.33333  1.49%     -   96s
     0     0 3470.33333    0 1447 3523.00000 3470.33333  1.49%     -  100s
H    0     0                    3522.0000000 3470.33333  1.47%     -  194s
H    0     0                    3521.0000000 3470.33333  1.44%     -  194s
H    0     0                    3520.0000000 3470.33333  1.41%     -  195s
H    0     0                    3519.0000000 3470.33333  1.38%     -  195s
     0     2 3470.33333    0 1439 3519.00000 3470.33333  1.38%     -  206s
     1     3 3470.33333    1 1437 3519.00000 3470.33333  1.38%   280  214s
     2     4 3470.33333    2 1480 3519.00000 3470.33333  1.38%   396  224s
     5     8 3470.33333    3 1455 3519.00000 3470.33333  1.38%  1096  232s
     9    16 3470.33333    4 1448 3519.00000 3470.33333  1.38%   767  243s
    17    32 3470.33333    5 1464 3519.00000 3470.33333  1.38%   552  258s
    33    49 3470.33333    6 1475 3519.00000 3470.33333  1.38%   504  283s
    50    65 3470.33333    7 1458 3519.00000 3470.33333  1.38%  1825  311s
H   66   152                    3518.0000000 3470.33333  1.35%  1460  362s
H   73   152                    3517.0000000 3470.33333  1.33%  1374  362s
H   89   152                    3516.0000000 3470.33333  1.30%  1233  362s
   154   153 3470.33333    9 1447 3516.00000 3470.33333  1.30%  1069  453s
   156   154 3470.33333   11 1433 3516.00000 3470.33333  1.30%  1055  471s
   157   155 3470.33333   11 1469 3516.00000 3470.33333  1.30%  1048  514s
   158   156 3470.33333    9 1500 3516.00000 3470.33333  1.30%  1042  527s
   159   156 3470.33333   13 1486 3516.00000 3470.33333  1.30%  1035  543s
   160   157 3470.33333   10 1494 3516.00000 3470.33333  1.30%  1029  554s
   161   158 3470.33333    8 1493 3516.00000 3470.33333  1.30%  1022  570s
   162   158 3470.33333    9 1464 3516.00000 3470.33333  1.30%  1016  582s
   163   159 3470.33333    8 1492 3516.00000 3470.33333  1.30%  1010  598s
   164   160 3470.33333   11 1466 3516.00000 3470.33333  1.30%  1004  610s
   165   160 3470.33333    6 1457 3516.00000 3470.33333  1.30%   997  634s
   166   161 3470.53333   10 1457 3516.00000 3470.53333  1.29%   991  936s
   168   164 3470.53333   11 1447 3516.00000 3470.53333  1.29%  1483 1062s
   170   165 3470.53333    6 1433 3516.00000 3470.53333  1.29%  1466 1080s
   171   166 3470.53333   12 1459 3516.00000 3470.53333  1.29%  1457 1132s
   172   167 3470.53333   11 1484 3516.00000 3470.53333  1.29%  1449 1140s
   173   167 3470.53333    9 1480 3516.00000 3470.53333  1.29%  1440 1163s
   174   168 3470.53333    6 1507 3516.00000 3470.53333  1.29%  1432 1179s
   175   169 3470.53333   14 1496 3516.00000 3470.53333  1.29%  1424 1197s
   176   169 3470.53333   11 1471 3516.00000 3470.53333  1.29%  1416 1211s
   177   170 3470.53333   12 1452 3516.00000 3470.53333  1.29%  1408 1231s
   178   171 3470.53333    7 1459 3516.00000 3470.53333  1.29%  1400 1243s
   179   171 3470.53333    6 1468 3516.00000 3470.53333  1.29%  1392 1267s
   180   172 3470.53333   12 1468 3516.00000 3470.53333  1.29%  1384 1598s
   182   175 3470.53333    8 1447 3516.00000 3470.53333  1.29%  1965 1716s
   184   176 3470.53333    8 1433 3516.00000 3470.53333  1.29%  1944 1734s
   185   177 3470.53333   11 1471 3516.00000 3470.53333  1.29%  1934 1780s
   186   178 3470.53333   12 1494 3516.00000 3470.53333  1.29%  1923 1790s
   187   178 3470.53333    6 1499 3516.00000 3470.53333  1.29%  1913 1809s
   188   179 3470.53333   10 1484 3516.00000 3470.53333  1.29%  1903 1823s
   189   180 3470.53333   10 1492 3516.00000 3470.53333  1.29%  1893 1841s
   190   180 3470.53333   12 1467 3516.00000 3470.53333  1.29%  1883 1854s
   191   181 3470.53333    9 1476 3516.00000 3470.53333  1.29%  1873 1870s
   192   182 3470.53333    7 1459 3516.00000 3470.53333  1.29%  1863 1884s
   193   182 3470.53333   11 1465 3516.00000 3470.53333  1.29%  1853 1899s
   194   183 3470.53333    8 1465 3516.00000 3470.53333  1.29%  1844 2191s
   196   186 3470.53333   10 1447 3516.00000 3470.53333  1.29%  2200 2298s
   198   187 3470.53333    8 1433 3516.00000 3470.53333  1.29%  2178 2316s
   199   188 3470.53333   11 1468 3516.00000 3470.53333  1.29%  2167 2366s
   200   189 3470.53333    8 1492 3516.00000 3470.53333  1.29%  2156 2378s
   201   189 3470.53333   14 1496 3516.00000 3470.53333  1.29%  2145 2396s
   202   190 3470.53333   13 1488 3516.00000 3470.53333  1.29%  2135 2410s
   203   191 3470.53333   12 1473 3516.00000 3470.53333  1.29%  2124 2429s
   204   191 3470.53333   12 1476 3516.00000 3470.53333  1.29%  2114 2443s
   205   192 3470.53333   11 1449 3516.00000 3470.53333  1.29%  2104 2463s
   206   193 3470.53333   11 1471 3516.00000 3470.53333  1.29%  2093 2476s
   207   193 3470.53333    8 1482 3516.00000 3470.53333  1.29%  2083 2504s
   208   194 3470.53333   12 1482 3516.00000 3470.53333  1.29%  2073 2824s
   210   197 3470.53333    7 1447 3516.00000 3470.53333  1.29%  2597 2944s
   212   198 3470.53333   10 1433 3516.00000 3470.53333  1.29%  2572 2962s
   213   199 3470.53333   11 1459 3516.00000 3470.53333  1.29%  2560 3015s
   214   200 3470.53333   11 1488 3516.00000 3470.53333  1.29%  2548 3026s
   215   200 3470.53333   10 1490 3516.00000 3470.53333  1.29%  2536 3048s
   216   201 3470.53333   11 1521 3516.00000 3470.53333  1.29%  2524 3064s
   217   202 3470.53333   13 1502 3516.00000 3470.53333  1.29%  2513 3082s
   218   202 3470.53333   13 1500 3516.00000 3470.53333  1.29%  2501 3097s
   219   203 3470.53333   11 1486 3516.00000 3470.53333  1.29%  2490 3114s
   220   204 3470.53333    8 1470 3516.00000 3470.53333  1.29%  2479 3128s
   221   204 3470.53333   12 1477 3516.00000 3470.53333  1.29%  2467 3144s
   222   205 3470.53333   11 1477 3516.00000 3470.53333  1.29%  2456 3438s
   224   208 3470.53333   11 1447 3516.00000 3470.53333  1.29%  2825 3530s
   226   209 3470.53333   12 1433 3516.00000 3470.53333  1.29%  2800 3548s
   227   210 3470.53333   11 1471 3516.00000 3470.53333  1.29%  2788 3594s
   228   211 3470.53333   10 1497 3516.00000 3470.53333  1.29%  2776 3606s
   229   211 3470.53333   11 1491 3516.00000 3470.53333  1.29%  2764 3628s
   230   212 3470.53333   11 1520 3516.00000 3470.53333  1.29%  2752 3643s
   231   213 3470.53333    7 1507 3516.00000 3470.53333  1.29%  2740 3661s
   232   213 3470.53333    8 1497 3516.00000 3470.53333  1.29%  2728 3675s
   233   214 3470.53333   10 1487 3516.00000 3470.53333  1.29%  2716 3693s
   234   215 3470.53333   10 1460 3516.00000 3470.53333  1.29%  2705 3707s
   235   215 3470.53333   10 1473 3516.00000 3470.53333  1.29%  2693 3725s
   236   216 3470.53333   13 1473 3516.00000 3470.53333  1.29%  2682 4057s
   238   219 3470.53333    8 1447 3516.00000 3470.53333  1.29%  3047 4146s
   240   220 3470.53333    6 1433 3516.00000 3470.53333  1.29%  3022 4164s
   241   221 3470.53333    9 1467 3516.00000 3470.53333  1.29%  3009 4207s
   242   222 3470.53333    9 1494 3516.00000 3470.53333  1.29%  2997 4217s
   243   222 3470.53333    8 1478 3516.00000 3470.53333  1.29%  2984 4240s
   244   223 3470.53333    7 1521 3516.00000 3470.53333  1.29%  2972 4257s
   245   224 3470.53333   12 1506 3516.00000 3470.53333  1.29%  2960 4276s
   246   224 3470.53333   10 1492 3516.00000 3470.53333  1.29%  2948 4288s
   247   225 3470.53333   10 1468 3516.00000 3470.53333  1.29%  2936 4306s
   248   226 3470.53333    8 1484 3516.00000 3470.53333  1.29%  2924 4320s
   249   226 3470.53333   15 1456 3516.00000 3470.53333  1.29%  2913 4347s
   250   227 3470.53333   12 1456 3516.00000 3470.53333  1.29%  2901 4651s
   252   230 3470.53333   12 1447 3516.00000 3470.53333  1.29%  3323 4784s
   254   231 3470.53333    9 1433 3516.00000 3470.53333  1.29%  3296 4802s
   255   232 3470.53333   11 1459 3516.00000 3470.53333  1.29%  3283 4854s
   256   233 3470.53333   11 1487 3516.00000 3470.53333  1.29%  3271 4865s
   257   233 3470.53333   11 1498 3516.00000 3470.53333  1.29%  3258 4883s
   258   234 3470.53333    9 1514 3516.00000 3470.53333  1.29%  3245 4896s
   259   235 3470.53333   13 1496 3516.00000 3470.53333  1.29%  3233 4914s
   260   235 3470.53333   10 1469 3516.00000 3470.53333  1.29%  3220 4928s
   261   236 3470.53333    8 1484 3516.00000 3470.53333  1.29%  3208 4944s
   262   237 3470.53333    9 1477 3516.00000 3470.53333  1.29%  3196 4957s
   263   237 3470.53333    8 1458 3516.00000 3470.53333  1.29%  3184 4980s
   264   238 3470.53333   11 1458 3516.00000 3470.53333  1.29%  3171 5287s
   266   241 3470.53333   10 1447 3516.00000 3470.53333  1.29%  3478 5404s
   268   242 3470.53333   11 1433 3516.00000 3470.53333  1.29%  3453 5421s
   269   243 3470.53333   11 1471 3516.00000 3470.53333  1.29%  3440 5467s
   270   244 3470.53333    6 1492 3516.00000 3470.53333  1.29%  3427 5478s
   271   244 3470.53333   12 1495 3516.00000 3470.53333  1.29%  3414 5499s
   272   245 3470.53333   11 1528 3516.00000 3470.53333  1.29%  3402 5514s
   273   246 3470.53333    9 1509 3516.00000 3470.53333  1.29%  3389 5532s
   274   246 3470.53333    6 1502 3516.00000 3470.53333  1.29%  3377 5546s
   275   247 3470.53333   14 1492 3516.00000 3470.53333  1.29%  3365 5563s
   276   248 3470.53333   11 1476 3516.00000 3470.53333  1.29%  3352 5577s
   277   248 3470.53333   12 1441 3516.00000 3470.53333  1.29%  3340 5601s
   278   249 3470.53333    7 1441 3516.00000 3470.53333  1.29%  3328 5909s
   280   252 3470.53333   12 1447 3516.00000 3470.53333  1.29%  3682 6019s
   282   253 3470.53333    8 1433 3516.00000 3470.53333  1.29%  3655 6037s
   283   254 3470.53333   13 1471 3516.00000 3470.53333  1.29%  3643 6083s
   284   255 3470.53333    8 1496 3516.00000 3470.53333  1.29%  3630 6096s
   285   255 3470.53333   11 1484 3516.00000 3470.53333  1.29%  3617 6118s
   286   256 3470.53333   12 1514 3516.00000 3470.53333  1.29%  3604 6133s
   287   257 3470.53333    6 1508 3516.00000 3470.53333  1.29%  3592 6150s
   288   257 3470.53333   10 1493 3516.00000 3470.53333  1.29%  3579 6164s
   289   258 3470.53333   10 1492 3516.00000 3470.53333  1.29%  3567 6182s
   290   259 3470.53333   12 1455 3516.00000 3470.53333  1.29%  3555 6196s
   291   259 3470.53333    9 1479 3516.00000 3470.53333  1.29%  3542 6211s
   292   260 3470.53333    7 1479 3516.00000 3470.53333  1.29%  3530 6512s
   294   263 3470.53333    8 1447 3516.00000 3470.53333  1.29%  3810 6592s
   296   264 3470.53333   10 1433 3516.00000 3470.53333  1.29%  3784 6610s
   297   265 3470.53333    9 1459 3516.00000 3470.53333  1.29%  3771 6663s
   298   266 3470.53333    8 1489 3516.00000 3470.53333  1.29%  3758 6672s
   299   266 3470.53333   11 1499 3516.00000 3470.53333  1.29%  3746 6689s
   300   267 3470.53333    8 1488 3516.00000 3470.53333  1.29%  3733 6702s
   301   268 3470.53333   14 1484 3516.00000 3470.53333  1.29%  3721 6719s
   302   268 3470.53333   13 1466 3516.00000 3470.53333  1.29%  3709 6732s
   303   269 3470.53333   12 1470 3516.00000 3470.53333  1.29%  3696 6750s
   304   270 3470.53333   12 1455 3516.00000 3470.53333  1.29%  3684 6764s
   305   270 3470.53333   11 1447 3516.00000 3470.53333  1.29%  3672 6787s
   306   271 3470.53333   11 1447 3516.00000 3470.53333  1.29%  3660 7087s
   308   274 3470.53333   12 1447 3516.00000 3470.53333  1.29%  3917 7190s
   310   275 3470.53333    7 1433 3516.00000 3470.53333  1.29%  3891 7208s
   311   276 3470.53333    7 1471 3516.00000 3470.53333  1.29%  3879 7254s
   312   277 3470.53333   10 1484 3516.00000 3470.53333  1.29%  3866 7264s
   313   277 3470.53333   11 1496 3516.00000 3470.53333  1.29%  3854 7284s
   314   278 3470.53333   11 1518 3516.00000 3470.53333  1.29%  3842 7299s
   315   279 3470.53333   10 1514 3516.00000 3470.53333  1.29%  3830 7317s
   316   279 3470.53333   11 1496 3516.00000 3470.53333  1.29%  3818 7332s
   317   280 3470.53333   13 1488 3516.00000 3470.53333  1.29%  3806 7350s
   318   281 3470.53333   13 1473 3516.00000 3470.53333  1.29%  3794 7363s
   319   281 3470.53333   11 1478 3516.00000 3470.53333  1.29%  3782 7380s
   320   282 3470.53333    8 1478 3516.00000 3470.53333  1.29%  3770 7671s
   322   285 3470.53333   11 1447 3516.00000 3470.53333  1.29%  4028 7771s
   324   286 3470.53333   11 1433 3516.00000 3470.53333  1.29%  4003 7789s
   325   287 3470.53333   10 1462 3516.00000 3470.53333  1.29%  3990 7833s
   326   288 3470.53333   12 1492 3516.00000 3470.53333  1.29%  3978 7845s
   327   288 3470.53333   11 1485 3516.00000 3470.53333  1.29%  3966 7867s
   328   289 3470.53333   10 1520 3516.00000 3470.53333  1.29%  3954 7883s
   329   290 3470.53333   11 1507 3516.00000 3470.53333  1.29%  3942 7902s
   330   290 3470.53333   11 1496 3516.00000 3470.53333  1.29%  3930 7917s
   331   291 3470.53333    7 1493 3516.00000 3470.53333  1.29%  3918 7934s
   332   292 3470.53333    8 1478 3516.00000 3470.53333  1.29%  3906 7946s
   333   292 3470.53333   10 1451 3516.00000 3470.53333  1.29%  3895 7972s
   334   293 3470.53333   10 1451 3516.00000 3470.53333  1.29%  3883 8285s
   336   296 3470.53333   13 1447 3516.00000 3470.53333  1.29%  4172 8409s
   338   297 3470.53333    8 1433 3516.00000 3470.53333  1.29%  4147 8427s
   339   298 3470.53333   12 1459 3516.00000 3470.53333  1.29%  4135 8479s
   340   299 3470.53333    6 1493 3516.00000 3470.53333  1.29%  4123 8491s
   341   299 3470.53333    9 1495 3516.00000 3470.53333  1.29%  4111 8513s
   342   300 3470.53333    9 1516 3516.00000 3470.53333  1.29%  4099 8528s
   343   301 3470.53333    8 1501 3516.00000 3470.53333  1.29%  4087 8545s
   344   301 3470.53333    7 1494 3516.00000 3470.53333  1.29%  4075 8559s
   345   302 3470.53333   12 1488 3516.00000 3470.53333  1.29%  4063 8575s
   346   303 3470.53333   10 1461 3516.00000 3470.53333  1.29%  4051 8589s
   347   303 3470.53333   10 1452 3516.00000 3470.53333  1.29%  4039 8611s
   348   304 3470.53333    8 1452 3516.00000 3470.53333  1.29%  4028 8926s
   350   307 3470.53333   12 1447 3516.00000 3470.53333  1.29%  4290 9037s
   352   308 3470.53333   12 1433 3516.00000 3470.53333  1.29%  4265 9056s
   353   309 3470.53333   10 1459 3516.00000 3470.53333  1.29%  4253 9107s
   354   310 3470.53333    9 1490 3516.00000 3470.53333  1.29%  4241 9118s
   355   310 3470.53333   11 1481 3516.00000 3470.53333  1.29%  4229 9139s
   356   311 3470.53333   11 1519 3516.00000 3470.53333  1.29%  4217 9153s
   357   312 3470.53333   11 1510 3516.00000 3470.53333  1.29%  4206 9170s
   358   312 3470.53333    9 1479 3516.00000 3470.53333  1.29%  4194 9184s
   359   313 3470.53333   13 1486 3516.00000 3470.53333  1.29%  4182 9202s
   360   314 3470.53333   10 1461 3516.00000 3470.53333  1.29%  4171 9215s
   361   314 3470.53333    8 1461 3516.00000 3470.53333  1.29%  4159 9233s
   362   315 3470.53333    9 1461 3516.00000 3470.53333  1.29%  4148 9539s
   364   318 3470.53333   11 1447 3516.00000 3470.53333  1.29%  4362 9639s
   366   319 3470.53333   10 1433 3516.00000 3470.53333  1.29%  4338 9658s
   367   320 3470.53333    9 1473 3516.00000 3470.53333  1.29%  4326 9711s
   368   321 3470.53333   11 1515 3516.00000 3470.53333  1.29%  4314 9725s
   369   321 3470.53333   11 1503 3516.00000 3470.53333  1.29%  4303 9744s
   370   322 3470.53333    6 1472 3516.00000 3470.53333  1.29%  4291 9761s
   371   323 3470.53333   12 1508 3516.00000 3470.53333  1.29%  4279 9784s
   372   323 3470.53333   11 1502 3516.00000 3470.53333  1.29%  4268 9799s
   373   324 3470.53333    9 1489 3516.00000 3470.53333  1.29%  4256 9816s
   374   325 3470.53333    6 1488 3516.00000 3470.53333  1.29%  4245 9830s
   375   325 3470.53333   14 1471 3516.00000 3470.53333  1.29%  4234 9849s
   376   326 3470.53333   11 1471 3516.00000 3470.53333  1.29%  4222 10171s
   378   329 3470.53333    7 1447 3516.00000 3470.53333  1.29%  4438 10264s
   380   330 3470.53333   12 1433 3516.00000 3470.53333  1.29%  4414 10282s
   381   331 3470.53333   11 1475 3516.00000 3470.53333  1.29%  4403 10331s
   382   332 3470.53333    8 1497 3516.00000 3470.53333  1.29%  4391 10346s
   383   332 3470.53333   13 1491 3516.00000 3470.53333  1.29%  4380 10369s
   384   333 3470.53333    8 1504 3516.00000 3470.53333  1.29%  4368 10381s
   385   334 3470.53333   11 1489 3516.00000 3470.53333  1.29%  4357 10399s
   386   334 3470.53333   12 1458 3516.00000 3470.53333  1.29%  4346 10413s
   387   335 3470.53333    6 1446 3516.00000 3470.53333  1.29%  4335 10433s
   388   336 3470.53333   10 1454 3516.00000 3470.53333  1.29%  4323 10446s
   389   336 3470.53333   10 1468 3516.00000 3470.53333  1.29%  4312 10472s
   390   337 3470.53333   12 1468 3516.00000 3470.53333  1.29%  4301 10787s
   392   340 3470.53333    7 1447 3516.00000 3470.53333  1.29%  4562 10893s
   394   341 3470.53333    8 1433 3516.00000 3470.53333  1.29%  4539 10911s
   395   342 3470.53333    6 1471 3516.00000 3470.53333  1.29%  4527 10957s
   396   343 3470.53333   10 1497 3516.00000 3470.53333  1.29%  4516 10973s
   397   343 3470.53333    9 1488 3516.00000 3470.53333  1.29%  4504 10990s
   398   344 3470.53333    8 1465 3516.00000 3470.53333  1.29%  4493 11004s
   399   345 3470.53333   11 1491 3516.00000 3470.53333  1.29%  4482 11021s
   400   345 3470.53333    8 1474 3516.00000 3470.53333  1.29%  4471 11035s
   401   346 3470.53333   14 1481 3516.00000 3470.53333  1.29%  4459 11051s
   402   347 3470.53333   13 1462 3516.00000 3470.53333  1.29%  4448 11065s
   403   347 3470.53333   12 1446 3516.00000 3470.53333  1.29%  4437 11087s
   404   348 3470.53333   12 1446 3516.00000 3470.53333  1.29%  4426 11401s
   406   351 3470.53333   11 1447 3516.00000 3470.53333  1.29%  4611 11514s
   408   352 3470.53333   12 1433 3516.00000 3470.53333  1.29%  4588 11532s
   409   353 3470.53333   11 1459 3516.00000 3470.53333  1.29%  4577 11584s
   410   354 3470.53333    7 1490 3516.00000 3470.53333  1.29%  4566 11595s
   411   354 3470.53333    7 1480 3516.00000 3470.53333  1.29%  4555 11617s
   412   355 3470.53333   10 1509 3516.00000 3470.53333  1.29%  4544 11631s
   413   356 3470.53333   11 1501 3516.00000 3470.53333  1.29%  4533 11649s
   414   356 3470.53333   11 1473 3516.00000 3470.53333  1.29%  4522 11662s
   415   357 3470.53333   10 1450 3516.00000 3470.53333  1.29%  4511 11682s
   416   358 3470.53333   11 1452 3516.00000 3470.53333  1.29%  4500 11694s
   417   358 3470.53333   13 1471 3516.00000 3470.53333  1.29%  4489 11721s
   418   359 3470.53333   13 1471 3516.00000 3470.53333  1.29%  4478 12076s
   420   362 3470.53333    8 1447 3516.00000 3470.53333  1.29%  4738 12184s
   422   363 3470.53333   11 1433 3516.00000 3470.53333  1.29%  4716 12202s
   423   364 3470.53333   12 1471 3516.00000 3470.53333  1.29%  4704 12248s
   424   365 3470.53333   11 1502 3516.00000 3470.53333  1.29%  4693 12259s
   425   365 3470.53333   10 1481 3516.00000 3470.53333  1.29%  4682 12281s
   426   366 3470.53333   12 1515 3516.00000 3470.53333  1.29%  4671 12296s
   427   367 3470.53333   11 1495 3516.00000 3470.53333  1.29%  4660 12315s
   428   367 3470.53333   10 1480 3516.00000 3470.53333  1.29%  4649 12329s
   429   368 3470.53333   11 1475 3516.00000 3470.53333  1.29%  4639 12348s
   430   369 3470.53333   11 1455 3516.00000 3470.53333  1.29%  4628 12361s
   431   369 3470.53333    7 1475 3516.00000 3470.53333  1.29%  4617 12377s
   432   370 3470.53333    8 1475 3516.00000 3470.53333  1.29%  4606 12668s
   434   373 3470.53333   10 1447 3516.00000 3470.53333  1.29%  4792 12765s
   436   374 3470.53333   13 1433 3516.00000 3470.53333  1.29%  4770 12783s
   437   375 3470.53333   12 1466 3516.00000 3470.53333  1.29%  4759 12831s
   438   376 3470.53333    8 1504 3516.00000 3470.53333  1.29%  4749 12843s
   439   376 3470.53333   12 1514 3516.00000 3470.53333  1.29%  4738 12861s
   440   377 3470.53333    6 1511 3516.00000 3470.53333  1.29%  4727 12875s
   441   378 3470.53333    9 1490 3516.00000 3470.53333  1.29%  4716 12893s
   442   378 3470.53333    9 1466 3516.00000 3470.53333  1.29%  4706 12907s
   443   379 3470.53333    8 1485 3516.00000 3470.53333  1.29%  4695 12922s
   444   380 3470.53333    7 1468 3516.00000 3470.53333  1.29%  4684 12936s
   445   380 3470.53333   12 1474 3516.00000 3470.53333  1.29%  4674 12952s
   446   381 3470.53333   10 1474 3516.00000 3470.53333  1.29%  4663 13247s
   448   384 3470.53333    8 1447 3516.00000 3470.53333  1.29%  4812 13346s
   450   385 3470.53333   12 1433 3516.00000 3470.53333  1.29%  4791 13364s
   451   386 3470.53333    8 1465 3516.00000 3470.53333  1.29%  4780 13418s
   452   387 3470.53333   12 1488 3516.00000 3470.53333  1.29%  4769 13426s
   453   387 3470.53333   10 1500 3516.00000 3470.53333  1.29%  4759 13445s
   454   388 3470.53333    9 1491 3516.00000 3470.53333  1.29%  4748 13458s
   455   389 3470.53333   11 1454 3516.00000 3470.53333  1.29%  4738 13477s
   456   389 3470.53333   11 1467 3516.00000 3470.53333  1.29%  4728 13490s
   457   390 3470.53333   11 1460 3516.00000 3470.53333  1.29%  4717 13512s
   458   391 3470.53333    9 1483 3516.00000 3470.53333  1.29%  4707 13525s
   459   391 3470.53333   13 1484 3516.00000 3470.53333  1.29%  4697 13554s
   460   392 3470.53333   10 1484 3516.00000 3470.53333  1.29%  4686 13878s
   462   395 3470.53333    9 1447 3516.00000 3470.53333  1.29%  4914 13986s
   464   396 3470.53333   11 1433 3516.00000 3470.53333  1.29%  4893 14004s
   465   397 3470.53333    6 1459 3516.00000 3470.53333  1.29%  4883 14056s
   466   398 3470.53333   10 1488 3516.00000 3470.53333  1.29%  4872 14066s
   467   398 3470.53333    9 1484 3516.00000 3470.53333  1.29%  4862 14087s
   468   399 3470.53333   11 1510 3516.00000 3470.53333  1.29%  4851 14102s
   469   400 3470.53333   11 1497 3516.00000 3470.53333  1.29%  4841 14120s
   470   400 3470.53333    6 1474 3516.00000 3470.53333  1.29%  4831 14133s
   471   401 3470.53333   12 1493 3516.00000 3470.53333  1.29%  4820 14151s
   472   402 3470.53333   11 1459 3516.00000 3470.53333  1.29%  4810 14163s
   473   402 3470.53333    9 1484 3516.00000 3470.53333  1.29%  4800 14179s

Cutting planes:
  MIR: 27
  Flow cover: 40
  Zero half: 2

Explored 473 nodes (2421524 simplex iterations) in 14400.01 seconds (28282.45 work units)
Thread count was 32 (of 32 available processors)

Solution count 10: 3516 3517 3518 ... 3525

Time limit reached
Best objective 3.516000000000e+03, best bound 3.471000000000e+03, gap 1.2799%

User-callback calls 2666741, time in user-callback 5.94 sec
