
Gurobi 13.0.2 (linux64) logging started Sun Jul 19 14:10:29 2026

Set parameter LogFile to value "/tmp/sweep_20260716_013919_north-korea_alt550km_s10_i6_v10_gurobi.log"
Set parameter Method to value 1
Set parameter NodefileStart to value 4
Set parameter RINS to value 50
Gurobi Optimizer version 13.0.2 build v13.0.2rc1 (linux64 - "Debian GNU/Linux 13 (trixie)")

CPU model: Intel(R) Xeon(R) Platinum 8375C CPU @ 2.90GHz, instruction set [SSE2|AVX|AVX2|AVX512]
Thread count: 16 physical cores, 32 logical processors, using up to 32 threads

Non-default parameters:
TimeLimit  14400
MIPGap  0.001
Method  1
LPWarmStart  1
Heuristics  0.2
MIPFocus  1
NodefileStart  4
RINS  50
Symmetry  2
Cuts  2
CoverCuts  2
LogToConsole  0

Academic license 2812613 - for non-commercial use only - registered to no___@gatech.edu
Optimize a model with 1436 rows, 7180 columns and 159396 nonzeros (Min)
Model fingerprint: 0x9e947008
Model has 7180 linear objective coefficients
Variable types: 0 continuous, 7180 integer (7180 binary)
Coefficient statistics:
  Matrix range     [1e+00, 1e+00]
  Objective range  [1e+00, 1e+00]
  Bounds range     [1e+00, 1e+00]
  RHS range        [2e+00, 2e+00]

Found heuristic solution: objective 222.0000000
Presolve removed 0 rows and 1436 columns
Presolve time: 0.16s
Presolved: 1436 rows, 5744 columns, 132830 nonzeros
Variable types: 0 continuous, 5744 integer (5026 binary)

Root simplex log...

Iteration    Objective       Primal Inf.    Dual Inf.      Time
    9522    1.1516454e+02   7.117814e+02   0.000000e+00      5s
   13582    1.1622155e+02   6.570259e+02   0.000000e+00     10s
   15066    1.1643243e+02   0.000000e+00   0.000000e+00     13s

Root relaxation: objective 1.164324e+02, 15066 iterations, 12.45 seconds (25.83 work units)

    Nodes    |    Current Node    |     Objective Bounds      |     Work
 Expl Unexpl |  Obj  Depth IntInf | Incumbent    BestBd   Gap | It/Node Time

     0     0  116.43243    0 1436  222.00000  116.43243  47.6%     -   12s
H    0     0                     221.0000000  116.43243  47.3%     -   12s
H    0     0                     208.0000000  116.43243  44.0%     -   12s
H    0     0                     200.0000000  116.43243  41.8%     -   12s
H    0     0                     199.0000000  116.43243  41.5%     -   12s
H    0     0                     182.0000000  116.43243  36.0%     -   12s
H    0     0                     175.0000000  116.43243  33.5%     -   12s
H    0     0                     173.0000000  116.43243  32.7%     -   12s
H    0     0                     172.0000000  116.43243  32.3%     -   13s
H    0     0                     171.0000000  116.43243  31.9%     -   13s
H    0     0                     169.0000000  116.43243  31.1%     -   14s
H    0     0                     167.0000000  116.43243  30.3%     -   14s
H    0     0                     166.0000000  116.43243  29.9%     -   14s
H    0     0                     165.0000000  116.43243  29.4%     -   14s
H    0     0                     164.0000000  116.43243  29.0%     -   14s
H    0     0                     163.0000000  116.43243  28.6%     -   14s
H    0     0                     162.0000000  116.43243  28.1%     -   15s
H    0     0                     161.0000000  116.43243  27.7%     -   15s
H    0     0                     160.0000000  116.43243  27.2%     -   22s
     0     0  116.43243    0 1436  160.00000  116.43243  27.2%     -   34s
H    0     0                     159.0000000  116.43243  26.8%     -   50s
H    0     0                     158.0000000  116.43243  26.3%     -   55s
H    0     0                     156.0000000  116.43243  25.4%     -   58s
H    0     0                     155.0000000  116.43243  24.9%     -   59s
H    0     0                     154.0000000  116.43243  24.4%     -   59s
H    0     0                     153.0000000  116.43243  23.9%     -   62s
H    0     0                     150.0000000  116.43243  22.4%     -   62s
H    0     0                     148.0000000  116.43243  21.3%     -   62s
H    0     0                     147.0000000  116.43243  20.8%     -   62s
H    0     0                     146.0000000  116.43243  20.3%     -   62s
H    0     0                     145.0000000  116.43243  19.7%     -   63s
H    0     0                     144.0000000  116.43243  19.1%     -   67s
     0     2  116.43243    0 1436  144.00000  116.43243  19.1%     -   67s
     1     3  116.87983    1 1367  144.00000  116.43571  19.1%   376   77s
     2     5  117.10809    2 1340  144.00000  116.43571  19.1%   610   86s
H    4     9                     143.0000000  116.43571  18.6%   323   96s
H    8    17                     142.0000000  116.43571  18.0%   378  109s
    16    33  117.15749    5 1329  142.00000  116.43571  18.0%   524  133s
    28    33  117.66047    5 1265  142.00000  116.43571  18.0%   696  135s
    33    34  116.90851    6 1436  142.00000  116.43571  18.0%   736  163s
    35    35  117.08267    6 1436  142.00000  116.43571  18.0%   693  209s
    36    36  117.66086    6 1436  142.00000  116.43571  18.0%   674  210s
H   36    34                     141.0000000  116.47297  17.4%   674  256s
H   36    32                     140.0000000  116.47297  16.8%   674  262s
    37    33  117.15765    6 1436  140.00000  116.47297  16.8%   656  267s
    39    35  117.08267    6 1436  140.00000  116.47297  16.8%  1009  299s
    41    36  117.15765    6 1436  140.00000  116.47297  16.8%   959  344s
    42    37  117.15786    6 1436  140.00000  116.47297  16.8%   937  346s
    43    38  116.90722    6 1436  140.00000  116.47297  16.8%   915  408s
    45    40  117.44683    6 1436  140.00000  116.47297  16.8%  1209  449s
    47    41  117.15786    6 1436  140.00000  116.47297  16.8%  1158  504s
    48    42  117.50385    6 1436  140.00000  116.47297  16.8%  1133  518s
    49    43  117.50647    6 1436  140.00000  116.47297  16.8%  1110  595s
    51    45  117.31064    6 1436  140.00000  116.47297  16.8%  1362  646s
    53    46  117.31064    6 1436  140.00000  116.47297  16.8%  1311  704s
    54    47  117.50385    6 1436  140.00000  116.47297  16.8%  1286  719s
    55    48  117.08259    6 1436  140.00000  116.47297  16.8%  1263  799s
    57    50  117.15786    6 1436  140.00000  116.47297  16.8%  1483  862s
    59    51  117.24376    6 1436  140.00000  116.47297  16.8%  1433  923s
    60    52  117.08259    6 1436  140.00000  116.47297  16.8%  1409  935s
H   60    49                     139.0000000  116.47297  16.2%  1409  988s
H   60    46                     138.0000000  116.47297  15.6%  1409 1013s
H   60    44                     137.0000000  116.47297  15.0%  1409 1013s
H   60    42                     136.0000000  116.47297  14.4%  1409 1014s
H   60    40                     135.0000000  116.47297  13.7%  1409 1014s
H   60    37                     134.0000000  116.47297  13.1%  1409 1020s
H   60    36                     133.0000000  116.47297  12.4%  1409 1029s
H   62    36                     132.0000000  116.47297  11.8%  1606 1059s
H   62    34                     131.0000000  116.47297  11.1%  1606 1069s
    63    35  117.24376    6 1436  131.00000  116.47297  11.1%  1581 1099s
    65    36  117.50398    6 1436  131.00000  116.47297  11.1%  1532 1138s
    66    37  117.05834    6 1434  131.00000  116.47297  11.1%  1509 1189s
    67    38  117.32142    6 1391  131.00000  116.52514  11.0%  1487 1210s
    68    38  117.50506    6 1390  131.00000  116.52864  11.0%  1465 1227s
    69    39  117.05834    6 1353  131.00000  116.67316  10.9%  1444 1255s
    70    40  117.24376    6 1363  131.00000  116.79544  10.8%  1423 1280s
    71    40  117.31064    6 1387  131.00000  116.90143  10.8%  1403 1306s
H   71    37                     130.0000000  116.98533  10.0%  1403 1311s
    72    38  117.24376    6 1414  130.00000  116.98533  10.0%  1383 1334s
    73    39  117.66071    6 1415  130.00000  117.05847  10.0%  1364 1360s
H   73    37                     129.0000000  117.07620  9.24%  1364 1451s
H   73    35                     128.0000000  117.07620  8.53%  1364 1489s
H   73    33                     127.0000000  117.07620  7.81%  1364 1497s
    76    36  117.66071    6 1436  127.00000  117.07620  7.81%  1647 1594s
    78    37  117.65313    6 1436  127.00000  117.07620  7.81%  1605 1637s
    79    38  117.44615    6 1373  127.00000  117.07620  7.81%  1584 1677s
    80    39  117.07620    6 1359  127.00000  117.07620  7.81%  1565 1702s
    81    39  117.27388    6 1389  127.00000  117.07620  7.81%  1545 1734s
H   81    36                     126.0000000  117.07620  7.08%  1545 1761s
    83    38  117.32115    6 1421  126.00000  117.07620  7.08%  1508 1800s
    84    38  117.44615    6 1435  126.00000  117.10517  7.06%  1490 1836s
    85    39  117.27388    6 1436  126.00000  117.16253  7.01%  1473 1874s
    86    40  117.50385    6 1438  126.00000  117.22412  6.96%  1455 1908s
    87    40  117.31064    6 1440  126.00000  117.28136  6.92%  1439 1920s
    88    41  117.34448    6 1440  126.00000  117.34448  6.87%  1422 2178s
    90    44  117.75650    6 1436  126.00000  117.34448  6.87%  1764 2313s
    92    45  117.50506    6 1436  126.00000  117.34448  6.87%  1725 2354s
    93    46  117.55217    6 1374  126.00000  117.34448  6.87%  1707 2387s
    94    47  117.34448    6 1377  126.00000  117.34448  6.87%  1689 2410s
    95    47  117.34448    6 1387  126.00000  117.34448  6.87%  1671 2437s
    96    48  117.75654    6 1405  126.00000  117.34448  6.87%  1653 2469s
    97    49  117.34448    6 1434  126.00000  117.34448  6.87%  1636 2505s
    98    49  117.65138    6 1425  126.00000  117.34448  6.87%  1620 2537s
    99    50  117.44683    6 1436  126.00000  117.34448  6.87%  1603 2577s
   100    51  117.34448    6 1430  126.00000  117.34448  6.87%  1587 2616s
   101    51  117.34448    6 1437  126.00000  117.34448  6.87%  1572 2651s
   102    52  117.50647    6 1437  126.00000  117.35223  6.86%  1556 2928s
   104    55  117.66086    6 1436  126.00000  117.35223  6.86%  1844 3097s
   106    56  117.55352    6 1436  126.00000  117.35223  6.86%  1809 3139s
   107    57  117.35223    6 1380  126.00000  117.35223  6.86%  1792 3172s
   108    58  117.50385    6 1359  126.00000  117.35223  6.86%  1776 3189s
   109    58  117.35223    1 1380  126.00000  117.35223  6.86%  1759 3218s
   110    59  117.35223    6 1404  126.00000  117.35223  6.86%  1743 3250s
   111    60  117.35223    1 1427  126.00000  117.35223  6.86%  1728 3291s
   112    60  117.50506    6 1432  126.00000  117.35223  6.86%  1712 3329s
   113    61  117.55182    6 1437  126.00000  117.35223  6.86%  1697 3362s
   114    62  117.50506    6 1439  126.00000  117.35223  6.86%  1682 3396s
   115    62  117.65313    6 1437  126.00000  117.35223  6.86%  1667 3430s
   116    63  117.36004    6 1437  126.00000  117.36004  6.86%  1653 3720s
   118    66  117.44615    6 1436  126.00000  117.36004  6.86%  1910 3918s
   120    67  117.36004    6 1436  126.00000  117.36004  6.86%  1878 3955s
   121    68  117.36004    6 1380  126.00000  117.36004  6.86%  1863 3991s
   122    69  117.50385    6 1362  126.00000  117.36004  6.86%  1848 4009s
   123    69  117.36004    6 1381  126.00000  117.36004  6.86%  1833 4039s
   124    70  117.36004    6 1417  126.00000  117.36004  6.86%  1818 4073s
   125    71  117.65138    6 1436  126.00000  117.36004  6.86%  1803 4111s
   126    71  117.50506    6 1429  126.00000  117.36004  6.86%  1789 4152s
   127    72  117.36004    6 1437  126.00000  117.36004  6.86%  1775 4193s
   128    73  117.36004    6 1442  126.00000  117.36004  6.86%  1761 4233s
   129    73  117.36004    6 1439  126.00000  117.36004  6.86%  1747 4272s
   130    74  117.36004    6 1439  126.00000  117.36004  6.86%  1734 4584s
   132    77  117.66086    6 1436  126.00000  117.36004  6.86%  1951 4828s
   134    78  117.75650    6 1436  126.00000  117.36004  6.86%  1922 4866s
   135    79  117.36004    6 1416  126.00000  117.36004  6.86%  1907 4905s
   136    80  117.66086    6 1343  126.00000  117.36004  6.86%  1893 4919s
   137    80  117.36004    6 1360  126.00000  117.36004  6.86%  1880 4946s
   138    81  117.36004    6 1375  126.00000  117.36004  6.86%  1866 4974s
   139    82  117.36004    6 1404  126.00000  117.36004  6.86%  1852 5005s
   140    82  117.55182    6 1418  126.00000  117.36004  6.86%  1839 5040s
   141    83  117.36004    6 1425  126.00000  117.36004  6.86%  1826 5075s
   142    84  117.36004    6 1428  126.00000  117.36004  6.86%  1813 5113s
   143    84  117.36004    6 1428  126.00000  117.36004  6.86%  1801 5143s
   144    85  117.65313    6 1428  126.00000  117.36004  6.86%  1788 5471s
   146    88  117.36004    6 1436  126.00000  117.36004  6.86%  1974 5496s
   148    89  117.50385    6 1436  126.00000  117.36004  6.86%  1947 5535s
   149    90  117.50647    6 1436  126.00000  117.36004  6.86%  1934 5578s
   150    91  117.65138    6 1375  126.00000  117.36004  6.86%  1921 5593s
   151    91  117.36004    6 1368  126.00000  117.36004  6.86%  1909 5625s
   152    92  117.50647    6 1364  126.00000  117.36004  6.86%  1896 5655s
   153    93  117.36004    6 1390  126.00000  117.36004  6.86%  1884 5688s
   154    93  117.50385    6 1407  126.00000  117.36004  6.86%  1871 5715s
   155    94  117.36004    6 1423  126.00000  117.36004  6.86%  1859 5746s
   156    95  117.50398    6 1424  126.00000  117.36004  6.86%  1847 5779s
   157    95  117.36004    6 1434  126.00000  117.36004  6.86%  1836 5812s
   158    96  117.36004    6 1434  126.00000  117.36004  6.86%  1824 6154s
   160    99  117.36004    6 1436  126.00000  117.36004  6.86%  1984 6438s
   162   100  117.36004    6 1436  126.00000  117.36004  6.86%  1960 6475s
   163   101  117.36004    6 1436  126.00000  117.36004  6.86%  1948 6512s
   164   102  117.50647    6 1369  126.00000  117.36004  6.86%  1936 6531s
   165   102  117.50398    6 1368  126.00000  117.36004  6.86%  1924 6554s
   166   103  117.36004    6 1382  126.00000  117.36004  6.86%  1913 6578s
   167   104  117.36004    6 1397  126.00000  117.36004  6.86%  1901 6611s
   168   104  117.50506    6 1391  126.00000  117.36004  6.86%  1890 6639s
   169   105  117.36004    6 1404  126.00000  117.36004  6.86%  1879 6674s
   170   106  117.36004    6 1419  126.00000  117.36004  6.86%  1868 6707s
   171   106  117.36004    6 1413  126.00000  117.36004  6.86%  1857 6736s
   172   107  117.36004    6 1413  126.00000  117.36004  6.86%  1846 7066s
   174   110  117.36004    6 1436  126.00000  117.36004  6.86%  1991 7090s
   176   111  117.66071    6 1436  126.00000  117.36004  6.86%  1968 7133s
   177   112  117.50385    6 1436  126.00000  117.36004  6.86%  1957 7179s
   178   113  117.65313    6 1371  126.00000  117.36004  6.86%  1946 7194s
   179   113  117.44615    6 1370  126.00000  117.36004  6.86%  1935 7218s
   180   114  117.36004    6 1365  126.00000  117.36004  6.86%  1924 7245s
   181   115  117.36004    6 1386  126.00000  117.36004  6.86%  1914 7274s
   182   115  117.36004    6 1401  126.00000  117.36004  6.86%  1903 7308s
   183   116  117.36004    6 1410  126.00000  117.36004  6.86%  1893 7341s
   184   117  117.44615    6 1414  126.00000  117.36004  6.86%  1883 7374s
   185   117  117.36004    6 1424  126.00000  117.36004  6.86%  1872 7407s
   186   118  117.50385    6 1424  126.00000  117.36004  6.86%  1862 7734s
   188   121  117.36004    6 1436  126.00000  117.36004  6.86%  2002 7758s
   190   122  117.75650    6 1436  126.00000  117.36004  6.86%  1981 7802s
   191   123  117.36004    6 1436  126.00000  117.36004  6.86%  1971 7837s
   192   124  117.50506    6 1369  126.00000  117.36004  6.86%  1960 7851s
   193   124  117.55217    6 1371  126.00000  117.36004  6.86%  1950 7881s
   194   125  117.36004    6 1365  126.00000  117.36004  6.86%  1940 7908s
   195   126  117.36004    6 1403  126.00000  117.36004  6.86%  1930 7940s
   196   126  117.75654    6 1397  126.00000  117.36004  6.86%  1920 7969s
   197   127  117.36004    6 1411  126.00000  117.36004  6.86%  1911 8001s
   198   128  117.65138    6 1418  126.00000  117.36004  6.86%  1901 8031s
   199   128  117.44683    6 1419  126.00000  117.36004  6.86%  1891 8058s
   200   129  117.36004    6 1419  126.00000  117.36004  6.86%  1882 8398s
   202   132  117.50647    6 1436  126.00000  117.36004  6.86%  2008 8421s
   204   133  117.66086    6 1436  126.00000  117.36004  6.86%  1989 8460s
   205   134  117.50398    6 1436  126.00000  117.36004  6.86%  1979 8512s
   206   135  117.55352    6 1370  126.00000  117.36004  6.86%  1969 8526s
   207   135  117.36004    6 1364  126.00000  117.36004  6.86%  1960 8548s
   208   136  117.50385    6 1362  126.00000  117.36004  6.86%  1951 8575s
   209   137  117.36004    1 1383  126.00000  117.36004  6.86%  1941 8609s
   210   137  117.36004    6 1383  126.00000  117.36004  6.86%  1932 8634s
   211   138  117.36004    1 1413  126.00000  117.36004  6.86%  1923 8669s
   212   139  117.50506    6 1417  126.00000  117.36004  6.86%  1914 8705s
   213   139  117.55182    6 1423  126.00000  117.36004  6.86%  1905 8742s
   214   140  117.50506    6 1423  126.00000  117.36004  6.86%  1896 9069s
   216   143  117.36004    6 1436  126.00000  117.36004  6.86%  2016 9093s
   218   144  117.44615    6 1436  126.00000  117.36004  6.86%  1997 9137s
   219   145  117.55352    6 1436  126.00000  117.36004  6.86%  1988 9172s
   220   146  117.36004    6 1369  126.00000  117.36004  6.86%  1979 9191s
   221   146  117.36004    6 1362  126.00000  117.36004  6.86%  1970 9218s
   222   147  117.50385    6 1360  126.00000  117.36004  6.86%  1961 9245s
   223   148  117.36004    6 1369  126.00000  117.36004  6.86%  1952 9277s
   224   148  117.36004    6 1385  126.00000  117.36004  6.86%  1944 9306s
   225   149  117.65138    6 1404  126.00000  117.36004  6.86%  1935 9335s
   226   150  117.50506    6 1412  126.00000  117.36004  6.86%  1926 9370s
   227   150  117.36004    6 1416  126.00000  117.36004  6.86%  1918 9406s
   228   151  117.36004    6 1416  126.00000  117.36004  6.86%  1910 9744s
   230   154  117.36004    6 1436  126.00000  117.36004  6.86%  2021 9769s
   232   155  117.66086    6 1436  126.00000  117.36004  6.86%  2004 9809s
   233   156  117.36004    6 1436  126.00000  117.36004  6.86%  1995 9844s
   234   157  117.75650    6 1373  126.00000  117.36004  6.86%  1987 9861s
   235   157  117.36004    6 1353  126.00000  117.36004  6.86%  1978 9885s
   236   158  117.66086    6 1369  126.00000  117.36004  6.86%  1970 9916s
   237   159  117.36004    6 1384  126.00000  117.36004  6.86%  1962 9945s
   238   159  117.36004    6 1404  126.00000  117.36004  6.86%  1953 9974s
   239   160  117.36004    6 1396  126.00000  117.36004  6.86%  1945 10005s
   240   161  117.55182    6 1414  126.00000  117.36004  6.86%  1937 10039s
   241   161  117.36004    6 1408  126.00000  117.36004  6.86%  1929 10065s
   242   162  117.36004    6 1408  126.00000  117.36004  6.86%  1921 10409s
   244   165  117.65313    6 1436  126.00000  117.36004  6.86%  2026 10664s
   246   166  117.36004    6 1436  126.00000  117.36004  6.86%  2010 10705s
   247   167  117.36004    6 1436  126.00000  117.36004  6.86%  2001 10747s
   248   168  117.50385    6 1352  126.00000  117.36004  6.86%  1993 10765s
   249   168  117.50647    6 1371  126.00000  117.36004  6.86%  1985 10795s
   250   169  117.65138    6 1376  126.00000  117.36004  6.86%  1977 10818s
   251   170  117.36004    6 1387  126.00000  117.36004  6.86%  1969 10844s
   252   170  117.50647    6 1404  126.00000  117.36004  6.86%  1962 10878s
   253   171  117.36004    6 1409  126.00000  117.36004  6.86%  1954 10913s
   254   172  117.50385    6 1422  126.00000  117.36004  6.86%  1946 10949s
   255   172  117.36004    6 1429  126.00000  117.36004  6.86%  1939 10980s
   256   173  117.50398    6 1429  126.00000  117.36004  6.86%  1931 11323s
   258   176  117.36004    6 1436  126.00000  117.36004  6.86%  2030 11348s
   260   177  117.36004    6 1436  126.00000  117.36004  6.86%  2015 11388s
   261   178  117.36004    6 1436  126.00000  117.36004  6.86%  2007 11427s
   262   179  117.36004    6 1358  126.00000  117.36004  6.86%  1999 11442s
   263   179  117.36004    6 1363  126.00000  117.36004  6.86%  1992 11466s
   264   180  117.50647    6 1378  126.00000  117.36004  6.86%  1984 11494s
   265   181  117.50398    6 1394  126.00000  117.36004  6.86%  1977 11527s
   266   181  117.36004    6 1407  126.00000  117.36004  6.86%  1969 11559s
   267   182  117.36004    6 1398  126.00000  117.36004  6.86%  1962 11590s
   268   183  117.50506    6 1410  126.00000  117.36004  6.86%  1954 11620s
   269   183  117.36004    6 1413  126.00000  117.36004  6.86%  1947 11644s
   270   184  117.36004    6 1413  126.00000  117.36004  6.86%  1940 11980s
   272   187  117.36004    6 1436  126.00000  117.36004  6.86%  2035 12005s
   274   188  117.36004    6 1436  126.00000  117.36004  6.86%  2020 12045s
   275   189  117.36004    6 1436  126.00000  117.36004  6.86%  2013 12085s
   276   190  117.66071    6 1354  126.00000  117.36004  6.86%  2005 12100s
   277   190  117.50385    6 1367  126.00000  117.36004  6.86%  1998 12126s
   278   191  117.65313    6 1385  126.00000  117.36004  6.86%  1991 12151s
   279   192  117.44615    6 1402  126.00000  117.36004  6.86%  1984 12186s
   280   192  117.36004    6 1413  126.00000  117.36004  6.86%  1977 12227s
   281   193  117.36004    6 1425  126.00000  117.36004  6.86%  1970 12260s
   282   194  117.36004    6 1412  126.00000  117.36004  6.86%  1963 12294s
   283   194  117.36004    6 1425  126.00000  117.36004  6.86%  1956 12324s
   284   195  117.44615    6 1425  126.00000  117.36004  6.86%  1949 12659s
   286   198  117.50385    6 1436  126.00000  117.36004  6.86%  2041 12682s
   288   199  117.36004    6 1436  126.00000  117.36004  6.86%  2027 12718s
   289   200  117.36004    6 1436  126.00000  117.36004  6.86%  2020 12752s
   290   201  117.75650    6 1346  126.00000  117.36004  6.86%  2013 12770s
   291   201  117.36004    6 1363  126.00000  117.36004  6.86%  2006 12795s
   292   202  117.50506    6 1362  126.00000  117.36004  6.86%  1999 12819s
   293   203  117.55217    6 1392  126.00000  117.36004  6.86%  1992 12845s
   294   203  117.36004    6 1402  126.00000  117.36004  6.86%  1985 12878s
   295   204  117.36004    6 1414  126.00000  117.36004  6.86%  1979 12913s
   296   205  117.75654    6 1420  126.00000  117.36004  6.86%  1972 12950s
   297   205  117.36004    6 1425  126.00000  117.36004  6.86%  1965 12986s
   298   206  117.65138    6 1425  126.00000  117.36004  6.86%  1959 13311s
   300   209  117.36004    6 1436  126.00000  117.36004  6.86%  2045 13334s
   302   210  117.50647    6 1436  126.00000  117.36004  6.86%  2031 13377s
   303   211  117.50385    6 1436  126.00000  117.36004  6.86%  2025 13416s
   304   212  117.66086    6 1350  126.00000  117.36004  6.86%  2018 13433s
   305   212  117.50398    6 1370  126.00000  117.36004  6.86%  2011 13461s
   306   213  117.55352    6 1368  126.00000  117.36004  6.86%  2005 13485s
   307   214  117.36004    6 1382  126.00000  117.36004  6.86%  1998 13520s
   308   214  117.50385    6 1408  126.00000  117.36004  6.86%  1992 13551s
   309   215  117.36004    1 1413  126.00000  117.36004  6.86%  1985 13590s
   310   216  117.36004    6 1421  126.00000  117.36004  6.86%  1979 13626s
   311   216  117.36004    1 1431  126.00000  117.36004  6.86%  1973 13652s
   312   217  117.50506    6 1431  126.00000  117.36004  6.86%  1966 13983s
   314   220  117.50506    6 1436  126.00000  117.36004  6.86%  2050 14008s
   316   221  117.36004    6 1436  126.00000  117.36004  6.86%  2037 14046s
   317   222  117.50647    6 1436  126.00000  117.36004  6.86%  2031 14085s
   318   223  117.44615    6 1366  126.00000  117.36004  6.86%  2024 14099s
   319   223  117.55352    6 1363  126.00000  117.36004  6.86%  2018 14127s
   320   224  117.36004    6 1367  126.00000  117.36004  6.86%  2012 14154s
   321   225  117.36004    6 1387  126.00000  117.36004  6.86%  2005 14191s
   322   225  117.50385    6 1401  126.00000  117.36004  6.86%  1999 14225s
   323   226  117.36004    6 1410  126.00000  117.36004  6.86%  1993 14258s
   324   227  117.36004    6 1409  126.00000  117.36004  6.86%  1987 14291s
   325   227  117.65138    6 1426  126.00000  117.36004  6.86%  1981 14321s

Cutting planes:
  MIR: 583

Explored 325 nodes (688071 simplex iterations) in 14400.04 seconds (27531.15 work units)
Thread count was 32 (of 32 available processors)

Solution count 10: 126 127 128 ... 135

Time limit reached
Best objective 1.260000000000e+02, best bound 1.180000000000e+02, gap 6.3492%

User-callback calls 2255825, time in user-callback 7.64 sec
