
Gurobi 13.0.2 (linux64) logging started Tue Jul 14 23:43:01 2026

Set parameter LogFile to value "/tmp/sweep_20260714_232842_china_alt400km_s75_i2_v10_gurobi.log"
Set parameter Method to value 1
Set parameter NodefileStart to value 4
Set parameter RINS to value 50
Gurobi Optimizer version 13.0.2 build v13.0.2rc1 (linux64 - "Debian GNU/Linux 13 (trixie)")

CPU model: Intel(R) Xeon(R) Platinum 8375C CPU @ 2.90GHz, instruction set [SSE2|AVX|AVX2|AVX512]
Thread count: 16 physical cores, 32 logical processors, using up to 32 threads

Non-default parameters:
TimeLimit  14400
MIPGap  0.001
Method  1
LPWarmStart  1
Heuristics  0.2
MIPFocus  1
NodefileStart  4
RINS  50
Symmetry  2
Cuts  2
CoverCuts  2
LogToConsole  0

Academic license 2812613 - for non-commercial use only - registered to no___@gatech.edu
Optimize a model with 392028 rows, 50260 columns and 207214800 nonzeros (Min)
Model fingerprint: 0x6ee99fa1
Model has 50260 linear objective coefficients
Variable types: 0 continuous, 50260 integer (50260 binary)
Coefficient statistics:
  Matrix range     [1e+00, 1e+00]
  Objective range  [1e+00, 1e+00]
  Bounds range     [1e+00, 1e+00]
  RHS range        [4e+01, 4e+01]

Found heuristic solution: objective 6401.0000000
Presolve removed 0 rows and 0 columns (presolve time = 8s)...
Presolve removed 0 rows and 0 columns (presolve time = 10s)...
Presolve removed 0 rows and 0 columns (presolve time = 27s)...
Presolve removed 0 rows and 0 columns (presolve time = 31s)...
Presolve removed 0 rows and 0 columns (presolve time = 49s)...
Presolve removed 0 rows and 0 columns (presolve time = 66s)...
Presolve removed 0 rows and 0 columns (presolve time = 85s)...
Presolve removed 0 rows and 0 columns (presolve time = 86s)...
Presolve removed 0 rows and 0 columns (presolve time = 110s)...
Presolve removed 0 rows and 0 columns (presolve time = 138s)...
Presolve removed 0 rows and 0 columns (presolve time = 140s)...
Presolve removed 0 rows and 0 columns (presolve time = 145s)...
Presolve removed 0 rows and 0 columns (presolve time = 150s)...
Presolve removed 0 rows and 0 columns (presolve time = 155s)...
Presolve removed 0 rows and 0 columns (presolve time = 160s)...
Presolve removed 0 rows and 0 columns (presolve time = 165s)...
Presolve removed 0 rows and 0 columns (presolve time = 170s)...
Presolve removed 0 rows and 0 columns (presolve time = 175s)...
Presolve removed 0 rows and 0 columns (presolve time = 180s)...
Presolve removed 0 rows and 0 columns (presolve time = 216s)...
Presolve removed 0 rows and 0 columns (presolve time = 236s)...
Presolve removed 0 rows and 0 columns (presolve time = 255s)...
Presolve removed 0 rows and 0 columns (presolve time = 273s)...
Presolve removed 0 rows and 0 columns (presolve time = 275s)...
Presolve removed 0 rows and 0 columns (presolve time = 280s)...
Presolve removed 0 rows and 0 columns (presolve time = 285s)...
Presolve removed 0 rows and 0 columns (presolve time = 290s)...
Presolve removed 0 rows and 0 columns (presolve time = 298s)...
Presolve removed 0 rows and 0 columns (presolve time = 322s)...
Presolve removed 0 rows and 0 columns (presolve time = 325s)...
Presolve removed 0 rows and 0 columns (presolve time = 330s)...
Presolve removed 0 rows and 0 columns (presolve time = 338s)...
Presolve removed 0 rows and 0 columns (presolve time = 342s)...
Presolve removed 0 rows and 0 columns (presolve time = 360s)...
Presolve removed 0 rows and 0 columns (presolve time = 365s)...
Presolve removed 0 rows and 0 columns (presolve time = 370s)...
Presolve removed 0 rows and 0 columns (presolve time = 375s)...
Presolve removed 0 rows and 0 columns (presolve time = 380s)...
Presolve removed 0 rows and 0 columns (presolve time = 385s)...
Presolve removed 0 rows and 0 columns (presolve time = 390s)...
Presolve removed 0 rows and 0 columns (presolve time = 395s)...
Presolve removed 0 rows and 0 columns (presolve time = 400s)...
Presolve removed 0 rows and 0 columns (presolve time = 405s)...
Presolve removed 0 rows and 0 columns (presolve time = 410s)...
Presolve removed 0 rows and 0 columns (presolve time = 415s)...
Presolve removed 0 rows and 0 columns (presolve time = 420s)...
Presolve removed 0 rows and 0 columns (presolve time = 425s)...
Presolve removed 0 rows and 0 columns (presolve time = 430s)...
Presolve removed 0 rows and 0 columns (presolve time = 435s)...
Presolve removed 0 rows and 0 columns (presolve time = 440s)...
Presolve removed 0 rows and 0 columns (presolve time = 471s)...
Presolve removed 0 rows and 0 columns (presolve time = 477s)...
Presolve removed 0 rows and 0 columns (presolve time = 536s)...
Presolve removed 0 rows and 0 columns (presolve time = 540s)...
Presolve removed 0 rows and 0 columns (presolve time = 545s)...
Presolve removed 0 rows and 0 columns (presolve time = 550s)...
Presolve removed 0 rows and 0 columns (presolve time = 555s)...
Presolve removed 0 rows and 0 columns (presolve time = 560s)...
Presolve removed 0 rows and 0 columns (presolve time = 565s)...
Presolve removed 0 rows and 0 columns (presolve time = 570s)...
Presolve removed 0 rows and 0 columns (presolve time = 575s)...
Presolve removed 0 rows and 0 columns (presolve time = 580s)...
Presolve removed 0 rows and 0 columns (presolve time = 585s)...
Presolve removed 0 rows and 0 columns (presolve time = 590s)...
Presolve removed 0 rows and 0 columns (presolve time = 595s)...
Presolve removed 0 rows and 0 columns (presolve time = 600s)...
Presolve removed 0 rows and 0 columns (presolve time = 605s)...
Presolve removed 0 rows and 0 columns (presolve time = 610s)...
Presolve removed 0 rows and 0 columns (presolve time = 615s)...
Presolve removed 0 rows and 0 columns (presolve time = 620s)...
Presolve removed 0 rows and 0 columns (presolve time = 625s)...
Presolve removed 0 rows and 0 columns (presolve time = 630s)...
Presolve removed 0 rows and 0 columns (presolve time = 635s)...
Presolve removed 0 rows and 0 columns (presolve time = 640s)...
Presolve removed 0 rows and 0 columns (presolve time = 645s)...
Presolve removed 0 rows and 0 columns (presolve time = 650s)...
Presolve removed 0 rows and 0 columns (presolve time = 655s)...
Presolve removed 0 rows and 0 columns (presolve time = 660s)...
Presolve removed 0 rows and 0 columns (presolve time = 665s)...
Presolve removed 0 rows and 0 columns (presolve time = 670s)...
Presolve removed 0 rows and 0 columns (presolve time = 675s)...
Presolve removed 0 rows and 0 columns (presolve time = 680s)...
Presolve removed 0 rows and 0 columns (presolve time = 685s)...
Presolve removed 0 rows and 0 columns (presolve time = 690s)...
Presolve removed 0 rows and 0 columns (presolve time = 695s)...
Presolve removed 0 rows and 0 columns (presolve time = 700s)...
Presolve removed 0 rows and 0 columns (presolve time = 705s)...
Presolve removed 0 rows and 0 columns (presolve time = 710s)...
Presolve removed 0 rows and 0 columns (presolve time = 715s)...
Presolve removed 0 rows and 0 columns (presolve time = 720s)...
Presolve removed 0 rows and 0 columns (presolve time = 725s)...
Presolve removed 0 rows and 0 columns (presolve time = 730s)...
Presolve removed 0 rows and 0 columns (presolve time = 735s)...
Presolve removed 0 rows and 0 columns (presolve time = 740s)...
Presolve removed 0 rows and 0 columns (presolve time = 745s)...
Presolve removed 0 rows and 0 columns (presolve time = 750s)...
Presolve removed 0 rows and 0 columns (presolve time = 755s)...
Presolve removed 0 rows and 0 columns (presolve time = 760s)...
Presolve removed 0 rows and 0 columns (presolve time = 765s)...
Presolve removed 0 rows and 0 columns (presolve time = 770s)...
Presolve removed 0 rows and 0 columns (presolve time = 775s)...
Presolve removed 0 rows and 0 columns (presolve time = 780s)...
Presolve removed 0 rows and 0 columns (presolve time = 785s)...
Presolve removed 0 rows and 0 columns (presolve time = 790s)...
Presolve removed 0 rows and 0 columns (presolve time = 795s)...
Presolve removed 0 rows and 0 columns (presolve time = 800s)...
Presolve removed 0 rows and 0 columns (presolve time = 805s)...
Presolve removed 0 rows and 0 columns (presolve time = 810s)...
Presolve removed 0 rows and 0 columns (presolve time = 815s)...
Presolve removed 0 rows and 0 columns (presolve time = 820s)...
Presolve removed 0 rows and 0 columns (presolve time = 825s)...
Presolve removed 0 rows and 0 columns (presolve time = 830s)...
Presolve removed 0 rows and 0 columns (presolve time = 835s)...
Presolve removed 0 rows and 0 columns (presolve time = 840s)...
Presolve removed 0 rows and 0 columns (presolve time = 845s)...
Presolve removed 0 rows and 0 columns (presolve time = 850s)...
Presolve removed 0 rows and 0 columns (presolve time = 855s)...
Presolve removed 0 rows and 0 columns (presolve time = 860s)...
Presolve removed 0 rows and 0 columns (presolve time = 865s)...
Presolve removed 0 rows and 0 columns (presolve time = 870s)...
Presolve removed 0 rows and 0 columns (presolve time = 875s)...
Presolve removed 0 rows and 0 columns (presolve time = 880s)...
Presolve removed 0 rows and 0 columns (presolve time = 885s)...
Presolve removed 0 rows and 0 columns (presolve time = 890s)...
Presolve removed 0 rows and 0 columns (presolve time = 895s)...
Presolve removed 0 rows and 0 columns (presolve time = 900s)...
Presolve removed 0 rows and 0 columns (presolve time = 905s)...
Presolve removed 0 rows and 0 columns (presolve time = 910s)...
Presolve removed 0 rows and 0 columns (presolve time = 915s)...
Presolve removed 0 rows and 0 columns (presolve time = 920s)...
Presolve removed 0 rows and 0 columns (presolve time = 925s)...
Presolve removed 0 rows and 0 columns (presolve time = 930s)...
Presolve removed 0 rows and 0 columns (presolve time = 935s)...
Presolve removed 0 rows and 0 columns (presolve time = 940s)...
Presolve removed 0 rows and 0 columns (presolve time = 945s)...
Presolve removed 0 rows and 0 columns (presolve time = 950s)...
Presolve removed 0 rows and 0 columns (presolve time = 955s)...
Presolve removed 0 rows and 0 columns (presolve time = 960s)...
Presolve removed 0 rows and 0 columns (presolve time = 965s)...
Presolve removed 0 rows and 0 columns (presolve time = 970s)...
Presolve removed 0 rows and 0 columns (presolve time = 975s)...
Presolve removed 0 rows and 0 columns (presolve time = 980s)...
Presolve removed 0 rows and 0 columns (presolve time = 985s)...
Presolve removed 0 rows and 0 columns (presolve time = 990s)...
Presolve removed 0 rows and 0 columns (presolve time = 995s)...
Presolve removed 0 rows and 0 columns (presolve time = 1000s)...
Presolve removed 0 rows and 0 columns (presolve time = 1005s)...
Presolve removed 0 rows and 0 columns (presolve time = 1010s)...
Presolve removed 0 rows and 0 columns (presolve time = 1015s)...
Presolve removed 0 rows and 0 columns (presolve time = 1020s)...
Presolve removed 0 rows and 0 columns (presolve time = 1025s)...
Presolve removed 0 rows and 0 columns (presolve time = 1030s)...
Presolve removed 0 rows and 0 columns (presolve time = 1035s)...
Presolve removed 0 rows and 0 columns (presolve time = 1040s)...
Presolve removed 0 rows and 0 columns (presolve time = 1045s)...
Presolve removed 0 rows and 0 columns (presolve time = 1050s)...
Presolve removed 0 rows and 0 columns (presolve time = 1055s)...
Presolve removed 0 rows and 0 columns (presolve time = 1060s)...
Presolve removed 0 rows and 0 columns (presolve time = 1065s)...
Presolve removed 0 rows and 0 columns (presolve time = 1070s)...
Presolve removed 0 rows and 0 columns (presolve time = 1075s)...
Presolve removed 0 rows and 0 columns (presolve time = 1080s)...
Presolve removed 0 rows and 0 columns (presolve time = 1085s)...
Presolve removed 0 rows and 0 columns (presolve time = 1090s)...
Presolve removed 0 rows and 0 columns (presolve time = 1095s)...
Presolve removed 0 rows and 0 columns (presolve time = 1100s)...
Presolve removed 0 rows and 0 columns (presolve time = 1105s)...
Presolve removed 0 rows and 0 columns (presolve time = 1110s)...
Presolve removed 0 rows and 0 columns (presolve time = 1115s)...
Presolve removed 0 rows and 0 columns (presolve time = 1120s)...
Presolve removed 0 rows and 0 columns (presolve time = 1125s)...
Presolve removed 0 rows and 0 columns (presolve time = 1130s)...
Presolve removed 0 rows and 0 columns (presolve time = 1135s)...
Presolve removed 0 rows and 0 columns (presolve time = 1140s)...
Presolve removed 0 rows and 0 columns (presolve time = 1145s)...
Presolve removed 0 rows and 0 columns (presolve time = 1150s)...
Presolve removed 0 rows and 0 columns (presolve time = 1155s)...
Presolve removed 0 rows and 0 columns (presolve time = 1160s)...
Presolve removed 0 rows and 0 columns (presolve time = 1165s)...
Presolve removed 0 rows and 0 columns (presolve time = 1170s)...
Presolve removed 0 rows and 0 columns (presolve time = 1175s)...
Presolve removed 0 rows and 0 columns (presolve time = 1180s)...
Presolve removed 0 rows and 0 columns (presolve time = 1185s)...
Presolve removed 0 rows and 0 columns (presolve time = 1190s)...
Presolve removed 0 rows and 0 columns (presolve time = 1195s)...
Presolve removed 0 rows and 0 columns (presolve time = 1200s)...
Presolve removed 0 rows and 0 columns (presolve time = 1205s)...
Presolve removed 0 rows and 0 columns (presolve time = 1210s)...
Presolve removed 0 rows and 0 columns (presolve time = 1215s)...
Presolve removed 0 rows and 0 columns (presolve time = 1220s)...
Presolve removed 0 rows and 0 columns (presolve time = 1225s)...
Presolve removed 0 rows and 0 columns (presolve time = 1230s)...
Presolve removed 0 rows and 0 columns (presolve time = 1235s)...
Presolve removed 0 rows and 0 columns (presolve time = 1240s)...
Presolve removed 0 rows and 0 columns (presolve time = 1245s)...
Presolve removed 0 rows and 0 columns (presolve time = 1250s)...
Presolve removed 0 rows and 0 columns (presolve time = 1255s)...
Presolve removed 0 rows and 0 columns (presolve time = 1260s)...
Presolve removed 0 rows and 0 columns (presolve time = 1265s)...
Presolve removed 0 rows and 0 columns (presolve time = 1270s)...
Presolve removed 0 rows and 0 columns (presolve time = 1275s)...
Presolve removed 0 rows and 0 columns (presolve time = 1280s)...
Presolve removed 0 rows and 0 columns (presolve time = 1285s)...
Presolve removed 0 rows and 0 columns (presolve time = 1290s)...
Presolve removed 0 rows and 0 columns (presolve time = 1295s)...
Presolve removed 0 rows and 0 columns (presolve time = 1300s)...
Presolve removed 0 rows and 0 columns (presolve time = 1305s)...
Presolve removed 0 rows and 0 columns (presolve time = 1310s)...
Presolve removed 0 rows and 0 columns (presolve time = 1315s)...
Presolve removed 0 rows and 0 columns (presolve time = 1320s)...
Presolve removed 0 rows and 0 columns (presolve time = 1325s)...
Presolve removed 0 rows and 0 columns (presolve time = 1330s)...
Presolve removed 0 rows and 0 columns (presolve time = 1335s)...
Presolve removed 0 rows and 0 columns (presolve time = 1340s)...
Presolve removed 0 rows and 0 columns (presolve time = 1345s)...
Presolve removed 0 rows and 0 columns (presolve time = 1350s)...
Presolve removed 0 rows and 0 columns (presolve time = 1355s)...
Presolve removed 0 rows and 0 columns (presolve time = 1360s)...
Presolve removed 0 rows and 0 columns (presolve time = 1365s)...
Presolve removed 0 rows and 0 columns (presolve time = 1370s)...
Presolve removed 0 rows and 0 columns (presolve time = 1375s)...
Presolve removed 0 rows and 0 columns (presolve time = 1380s)...
Presolve removed 0 rows and 0 columns (presolve time = 1385s)...
Presolve removed 0 rows and 0 columns (presolve time = 1390s)...
Presolve removed 0 rows and 0 columns (presolve time = 1395s)...
Presolve removed 0 rows and 0 columns (presolve time = 1400s)...
Presolve removed 0 rows and 0 columns (presolve time = 1405s)...
Presolve removed 0 rows and 0 columns (presolve time = 1410s)...
Presolve removed 0 rows and 0 columns (presolve time = 1415s)...
Presolve removed 0 rows and 0 columns (presolve time = 1420s)...
Presolve removed 0 rows and 0 columns (presolve time = 1425s)...
Presolve removed 0 rows and 0 columns (presolve time = 1430s)...
Presolve removed 0 rows and 0 columns (presolve time = 1435s)...
Presolve removed 0 rows and 0 columns (presolve time = 1440s)...
Presolve removed 0 rows and 0 columns (presolve time = 1445s)...
Presolve removed 0 rows and 0 columns (presolve time = 1450s)...
Presolve removed 0 rows and 0 columns (presolve time = 1455s)...
Presolve removed 0 rows and 0 columns (presolve time = 1460s)...
Presolve removed 0 rows and 0 columns (presolve time = 1465s)...
Presolve removed 0 rows and 0 columns (presolve time = 1470s)...
Presolve removed 0 rows and 0 columns (presolve time = 1475s)...
Presolve removed 0 rows and 0 columns (presolve time = 1480s)...
Presolve removed 0 rows and 0 columns (presolve time = 1485s)...
Presolve removed 0 rows and 0 columns (presolve time = 1490s)...
Presolve removed 0 rows and 0 columns (presolve time = 1495s)...
Presolve removed 0 rows and 0 columns (presolve time = 1500s)...
Presolve removed 0 rows and 0 columns (presolve time = 1505s)...
Presolve removed 0 rows and 0 columns (presolve time = 1510s)...
Presolve removed 0 rows and 0 columns (presolve time = 1515s)...
Presolve removed 0 rows and 0 columns (presolve time = 1520s)...
Presolve removed 0 rows and 0 columns (presolve time = 1525s)...
Presolve removed 0 rows and 0 columns (presolve time = 1530s)...
Presolve removed 0 rows and 0 columns (presolve time = 1535s)...
Presolve removed 0 rows and 0 columns (presolve time = 1540s)...
Presolve removed 0 rows and 0 columns (presolve time = 1545s)...
Presolve removed 0 rows and 0 columns (presolve time = 1550s)...
Presolve removed 0 rows and 0 columns (presolve time = 1555s)...
Presolve removed 0 rows and 0 columns (presolve time = 1560s)...
Presolve removed 0 rows and 0 columns (presolve time = 1565s)...
Presolve removed 0 rows and 0 columns (presolve time = 1570s)...
Presolve removed 0 rows and 0 columns (presolve time = 1575s)...
Presolve removed 0 rows and 0 columns (presolve time = 1580s)...
Presolve removed 0 rows and 0 columns (presolve time = 1585s)...
Presolve removed 0 rows and 0 columns (presolve time = 1590s)...
Presolve removed 0 rows and 0 columns (presolve time = 1595s)...
Presolve removed 0 rows and 0 columns (presolve time = 1600s)...
Presolve removed 0 rows and 0 columns (presolve time = 1605s)...
Presolve removed 0 rows and 0 columns (presolve time = 1610s)...
Presolve removed 0 rows and 0 columns (presolve time = 1615s)...
Presolve removed 0 rows and 0 columns (presolve time = 1620s)...
Presolve removed 0 rows and 0 columns (presolve time = 1625s)...
Presolve removed 0 rows and 0 columns (presolve time = 1630s)...
Presolve removed 0 rows and 0 columns (presolve time = 1635s)...
Presolve removed 0 rows and 0 columns (presolve time = 1640s)...
Presolve removed 0 rows and 0 columns (presolve time = 1645s)...
Presolve removed 0 rows and 0 columns (presolve time = 1650s)...
Presolve removed 0 rows and 0 columns (presolve time = 1655s)...
Presolve removed 0 rows and 0 columns (presolve time = 1660s)...
Presolve removed 0 rows and 0 columns (presolve time = 1665s)...
Presolve removed 0 rows and 0 columns (presolve time = 1670s)...
Presolve removed 0 rows and 0 columns (presolve time = 1675s)...
Presolve removed 0 rows and 0 columns (presolve time = 1680s)...
Presolve removed 0 rows and 0 columns (presolve time = 1685s)...
Presolve removed 0 rows and 0 columns (presolve time = 1690s)...
Presolve removed 0 rows and 0 columns (presolve time = 1695s)...
Presolve removed 0 rows and 0 columns (presolve time = 1700s)...
Presolve removed 0 rows and 0 columns (presolve time = 1705s)...
Presolve removed 0 rows and 0 columns (presolve time = 1710s)...
Presolve removed 0 rows and 0 columns (presolve time = 1715s)...
Presolve removed 0 rows and 0 columns (presolve time = 1720s)...
Presolve removed 0 rows and 0 columns (presolve time = 1725s)...
Presolve removed 0 rows and 0 columns (presolve time = 1730s)...
Presolve removed 0 rows and 0 columns (presolve time = 1735s)...
Presolve removed 0 rows and 0 columns (presolve time = 1740s)...
Presolve removed 0 rows and 0 columns (presolve time = 1745s)...
Presolve removed 0 rows and 0 columns (presolve time = 1750s)...
Presolve removed 0 rows and 0 columns (presolve time = 1755s)...
Presolve removed 0 rows and 0 columns (presolve time = 1760s)...
Presolve removed 0 rows and 0 columns (presolve time = 1765s)...
Presolve removed 0 rows and 0 columns (presolve time = 1770s)...
Presolve removed 0 rows and 0 columns (presolve time = 1775s)...
Presolve removed 0 rows and 0 columns (presolve time = 1780s)...
Presolve removed 0 rows and 0 columns (presolve time = 1785s)...
Presolve removed 0 rows and 0 columns (presolve time = 1790s)...
Presolve removed 0 rows and 0 columns (presolve time = 1795s)...
Presolve removed 0 rows and 0 columns (presolve time = 1800s)...
Presolve removed 0 rows and 0 columns (presolve time = 1805s)...
Presolve removed 0 rows and 0 columns (presolve time = 1810s)...
Presolve removed 0 rows and 0 columns (presolve time = 1815s)...
Presolve removed 0 rows and 0 columns (presolve time = 1820s)...
Presolve removed 0 rows and 0 columns (presolve time = 1825s)...
Presolve removed 0 rows and 0 columns (presolve time = 1830s)...
Presolve removed 0 rows and 0 columns (presolve time = 1835s)...
Presolve removed 0 rows and 0 columns (presolve time = 1840s)...
Presolve removed 0 rows and 0 columns (presolve time = 1845s)...
Presolve removed 0 rows and 0 columns (presolve time = 1850s)...
Presolve removed 0 rows and 0 columns (presolve time = 1855s)...
Presolve removed 0 rows and 0 columns (presolve time = 1860s)...
Presolve removed 0 rows and 0 columns (presolve time = 1865s)...
Presolve removed 0 rows and 0 columns (presolve time = 1870s)...
Presolve removed 0 rows and 0 columns (presolve time = 1875s)...
Presolve removed 0 rows and 0 columns (presolve time = 1880s)...
Presolve removed 0 rows and 0 columns (presolve time = 1885s)...
Presolve removed 0 rows and 0 columns (presolve time = 1890s)...
Presolve removed 0 rows and 0 columns (presolve time = 1895s)...
Presolve removed 0 rows and 0 columns (presolve time = 1900s)...
Presolve removed 0 rows and 0 columns (presolve time = 1905s)...
Presolve removed 0 rows and 0 columns (presolve time = 1910s)...
Presolve removed 0 rows and 0 columns (presolve time = 1915s)...
Presolve removed 0 rows and 0 columns (presolve time = 1920s)...
Presolve removed 0 rows and 0 columns (presolve time = 1925s)...
Presolve removed 0 rows and 0 columns (presolve time = 1930s)...
Presolve removed 0 rows and 0 columns (presolve time = 1935s)...
Presolve removed 0 rows and 0 columns (presolve time = 1940s)...
Presolve removed 0 rows and 0 columns (presolve time = 1945s)...
Presolve removed 0 rows and 0 columns (presolve time = 1950s)...
Presolve removed 0 rows and 0 columns (presolve time = 1955s)...
Presolve removed 0 rows and 0 columns (presolve time = 1960s)...
Presolve removed 0 rows and 0 columns (presolve time = 1965s)...
Presolve removed 0 rows and 0 columns (presolve time = 1970s)...
Presolve removed 0 rows and 0 columns (presolve time = 1975s)...
Presolve removed 0 rows and 0 columns (presolve time = 1980s)...
Presolve removed 0 rows and 0 columns (presolve time = 1985s)...
Presolve removed 0 rows and 0 columns (presolve time = 1990s)...
Presolve removed 0 rows and 0 columns (presolve time = 1995s)...
Presolve removed 0 rows and 0 columns (presolve time = 2000s)...
Presolve removed 0 rows and 0 columns (presolve time = 2005s)...
Presolve removed 0 rows and 0 columns (presolve time = 2010s)...
Presolve removed 0 rows and 0 columns (presolve time = 2015s)...
Presolve removed 0 rows and 0 columns (presolve time = 2020s)...
Presolve removed 0 rows and 0 columns (presolve time = 2025s)...
Presolve removed 0 rows and 0 columns (presolve time = 2030s)...
Presolve removed 0 rows and 0 columns (presolve time = 2035s)...
Presolve removed 0 rows and 0 columns (presolve time = 2040s)...
Presolve removed 0 rows and 0 columns (presolve time = 2045s)...
Presolve removed 0 rows and 0 columns (presolve time = 2050s)...
Presolve removed 0 rows and 0 columns (presolve time = 2055s)...
Presolve removed 0 rows and 0 columns (presolve time = 2060s)...
Presolve removed 0 rows and 0 columns (presolve time = 2065s)...
Presolve removed 0 rows and 0 columns (presolve time = 2070s)...
Presolve removed 0 rows and 0 columns (presolve time = 2075s)...
Presolve removed 0 rows and 0 columns (presolve time = 2080s)...
Presolve removed 0 rows and 0 columns (presolve time = 2085s)...
Presolve removed 0 rows and 0 columns (presolve time = 2090s)...
Presolve removed 0 rows and 0 columns (presolve time = 2095s)...
Presolve removed 0 rows and 0 columns (presolve time = 2100s)...
Presolve removed 0 rows and 0 columns (presolve time = 2105s)...
Presolve removed 0 rows and 0 columns (presolve time = 2110s)...
Presolve removed 0 rows and 0 columns (presolve time = 2115s)...
Presolve removed 0 rows and 0 columns (presolve time = 2120s)...
Presolve removed 0 rows and 0 columns (presolve time = 2125s)...
Presolve removed 0 rows and 0 columns (presolve time = 2130s)...
Presolve removed 0 rows and 0 columns (presolve time = 2135s)...
Presolve removed 0 rows and 0 columns (presolve time = 2140s)...
Presolve removed 0 rows and 0 columns (presolve time = 2145s)...
Presolve removed 0 rows and 0 columns (presolve time = 2150s)...
Presolve removed 0 rows and 0 columns (presolve time = 2155s)...
Presolve removed 0 rows and 0 columns (presolve time = 2160s)...
Presolve removed 0 rows and 0 columns (presolve time = 2165s)...
Presolve removed 0 rows and 0 columns (presolve time = 2170s)...
Presolve removed 0 rows and 0 columns (presolve time = 2175s)...
Presolve removed 0 rows and 0 columns (presolve time = 2180s)...
Presolve removed 0 rows and 0 columns (presolve time = 2185s)...
Presolve removed 0 rows and 0 columns (presolve time = 2190s)...
Presolve removed 0 rows and 0 columns (presolve time = 2195s)...
Presolve removed 0 rows and 0 columns (presolve time = 2200s)...
Presolve removed 0 rows and 0 columns (presolve time = 2205s)...
Presolve removed 0 rows and 0 columns (presolve time = 2210s)...
Presolve removed 0 rows and 0 columns (presolve time = 2215s)...
Presolve removed 0 rows and 0 columns (presolve time = 2220s)...
Presolve removed 0 rows and 0 columns (presolve time = 2225s)...
Presolve removed 0 rows and 0 columns (presolve time = 2230s)...
Presolve removed 0 rows and 0 columns (presolve time = 2235s)...
Presolve removed 0 rows and 0 columns (presolve time = 2240s)...
Presolve removed 0 rows and 0 columns (presolve time = 2245s)...
Presolve removed 0 rows and 0 columns (presolve time = 2250s)...
Presolve removed 0 rows and 0 columns (presolve time = 2255s)...
Presolve removed 0 rows and 0 columns (presolve time = 2260s)...
Presolve removed 0 rows and 0 columns (presolve time = 2265s)...
Presolve removed 0 rows and 0 columns (presolve time = 2270s)...
Presolve removed 0 rows and 0 columns (presolve time = 2275s)...
Presolve removed 0 rows and 0 columns (presolve time = 2280s)...
Presolve removed 0 rows and 0 columns (presolve time = 2285s)...
Presolve removed 0 rows and 0 columns (presolve time = 2290s)...
Presolve removed 0 rows and 0 columns (presolve time = 2295s)...
Presolve removed 0 rows and 0 columns (presolve time = 2300s)...
Presolve removed 0 rows and 0 columns (presolve time = 2305s)...
Presolve removed 0 rows and 0 columns (presolve time = 2310s)...
Presolve removed 0 rows and 0 columns (presolve time = 2315s)...
Presolve removed 0 rows and 0 columns (presolve time = 2320s)...
Presolve removed 0 rows and 0 columns (presolve time = 2325s)...
Presolve removed 0 rows and 0 columns (presolve time = 2330s)...
Presolve removed 0 rows and 0 columns (presolve time = 2335s)...
Presolve removed 0 rows and 0 columns (presolve time = 2340s)...
Presolve removed 0 rows and 0 columns (presolve time = 2345s)...
Presolve removed 0 rows and 0 columns (presolve time = 2350s)...
Presolve removed 0 rows and 0 columns (presolve time = 2355s)...
Presolve removed 0 rows and 0 columns (presolve time = 2360s)...
Presolve removed 0 rows and 0 columns (presolve time = 2365s)...
Presolve removed 0 rows and 0 columns (presolve time = 2370s)...
Presolve removed 0 rows and 0 columns (presolve time = 2375s)...
Presolve removed 0 rows and 0 columns (presolve time = 2380s)...
Presolve removed 0 rows and 0 columns (presolve time = 2385s)...
Presolve removed 0 rows and 0 columns (presolve time = 2390s)...
Presolve removed 0 rows and 0 columns (presolve time = 2395s)...
Presolve removed 0 rows and 0 columns (presolve time = 2400s)...
Presolve removed 0 rows and 0 columns (presolve time = 2405s)...
Presolve removed 0 rows and 0 columns (presolve time = 2410s)...
Presolve removed 0 rows and 0 columns (presolve time = 2415s)...
Presolve removed 0 rows and 0 columns (presolve time = 2420s)...
Presolve removed 0 rows and 0 columns (presolve time = 2425s)...
Presolve removed 0 rows and 0 columns (presolve time = 2430s)...
Presolve removed 0 rows and 0 columns (presolve time = 2435s)...
Presolve removed 0 rows and 0 columns (presolve time = 2440s)...
Presolve removed 0 rows and 0 columns (presolve time = 2445s)...
Presolve removed 0 rows and 0 columns (presolve time = 2450s)...
Presolve removed 0 rows and 0 columns (presolve time = 2455s)...
Presolve removed 0 rows and 0 columns (presolve time = 2460s)...
Presolve removed 0 rows and 0 columns (presolve time = 2465s)...
Presolve removed 0 rows and 0 columns (presolve time = 2470s)...
Presolve removed 0 rows and 0 columns (presolve time = 2475s)...
Presolve removed 0 rows and 0 columns (presolve time = 2480s)...
Presolve removed 0 rows and 0 columns (presolve time = 2485s)...
Presolve removed 0 rows and 0 columns (presolve time = 2490s)...
Presolve removed 0 rows and 0 columns (presolve time = 2495s)...
Presolve removed 0 rows and 0 columns (presolve time = 2500s)...
Presolve removed 0 rows and 0 columns (presolve time = 2505s)...
Presolve removed 0 rows and 0 columns (presolve time = 2510s)...
Presolve removed 0 rows and 0 columns (presolve time = 2515s)...
Presolve removed 0 rows and 0 columns (presolve time = 2520s)...
Presolve removed 0 rows and 0 columns (presolve time = 2525s)...
Presolve removed 0 rows and 0 columns (presolve time = 2530s)...
Presolve removed 0 rows and 0 columns (presolve time = 2535s)...
Presolve removed 0 rows and 0 columns (presolve time = 2540s)...
Presolve removed 0 rows and 0 columns (presolve time = 2545s)...
Presolve removed 0 rows and 0 columns (presolve time = 2550s)...
Presolve removed 0 rows and 0 columns (presolve time = 2555s)...
Presolve removed 0 rows and 0 columns (presolve time = 2560s)...
Presolve removed 0 rows and 0 columns (presolve time = 2565s)...
Presolve removed 0 rows and 0 columns (presolve time = 2570s)...
Presolve removed 0 rows and 0 columns (presolve time = 2575s)...
Presolve removed 0 rows and 0 columns (presolve time = 2580s)...
Presolve removed 0 rows and 0 columns (presolve time = 2585s)...
Presolve removed 0 rows and 0 columns (presolve time = 2590s)...
Presolve removed 0 rows and 0 columns (presolve time = 2595s)...
Presolve removed 0 rows and 0 columns (presolve time = 2600s)...
Presolve removed 0 rows and 0 columns (presolve time = 2605s)...
Presolve removed 0 rows and 0 columns (presolve time = 2610s)...
Presolve removed 0 rows and 0 columns (presolve time = 2615s)...
Presolve removed 0 rows and 0 columns (presolve time = 2620s)...
Presolve removed 0 rows and 0 columns (presolve time = 2625s)...
Presolve removed 0 rows and 0 columns (presolve time = 2630s)...
Presolve removed 0 rows and 0 columns (presolve time = 2635s)...
Presolve removed 0 rows and 0 columns (presolve time = 2640s)...
Presolve removed 0 rows and 0 columns (presolve time = 2645s)...
Presolve removed 0 rows and 0 columns (presolve time = 2650s)...
Presolve removed 0 rows and 0 columns (presolve time = 2655s)...
Presolve removed 0 rows and 0 columns (presolve time = 2660s)...
Presolve removed 0 rows and 0 columns (presolve time = 2665s)...
Presolve removed 0 rows and 0 columns (presolve time = 2670s)...
Presolve removed 0 rows and 0 columns (presolve time = 2675s)...
Presolve removed 0 rows and 0 columns (presolve time = 2680s)...
Presolve removed 0 rows and 0 columns (presolve time = 2685s)...
Presolve removed 0 rows and 0 columns (presolve time = 2690s)...
Presolve removed 0 rows and 0 columns (presolve time = 2695s)...
Presolve removed 0 rows and 0 columns (presolve time = 2700s)...
Presolve removed 0 rows and 0 columns (presolve time = 2705s)...
Presolve removed 0 rows and 0 columns (presolve time = 2710s)...
Presolve removed 0 rows and 0 columns (presolve time = 2715s)...
Presolve removed 0 rows and 0 columns (presolve time = 2720s)...
Presolve removed 0 rows and 0 columns (presolve time = 2725s)...
Presolve removed 0 rows and 0 columns (presolve time = 2730s)...
Presolve removed 0 rows and 0 columns (presolve time = 2735s)...
Presolve removed 0 rows and 0 columns (presolve time = 2740s)...
Presolve removed 0 rows and 0 columns (presolve time = 2745s)...
Presolve removed 0 rows and 0 columns (presolve time = 2750s)...
Presolve removed 0 rows and 0 columns (presolve time = 2755s)...
Presolve removed 0 rows and 0 columns (presolve time = 2760s)...
Presolve removed 0 rows and 0 columns (presolve time = 2765s)...
Presolve removed 0 rows and 0 columns (presolve time = 2770s)...
Presolve removed 0 rows and 0 columns (presolve time = 2775s)...
Presolve removed 0 rows and 0 columns (presolve time = 2780s)...
Presolve removed 0 rows and 0 columns (presolve time = 2785s)...
Presolve removed 0 rows and 0 columns (presolve time = 2790s)...
Presolve removed 0 rows and 0 columns (presolve time = 2795s)...
Presolve removed 0 rows and 0 columns (presolve time = 2800s)...
Presolve removed 0 rows and 0 columns (presolve time = 2805s)...
Presolve removed 0 rows and 0 columns (presolve time = 2810s)...
Presolve removed 0 rows and 0 columns (presolve time = 2815s)...
Presolve removed 0 rows and 0 columns (presolve time = 2820s)...
Presolve removed 0 rows and 0 columns (presolve time = 2825s)...
Presolve removed 0 rows and 0 columns (presolve time = 2830s)...
Presolve removed 0 rows and 0 columns (presolve time = 2835s)...
Presolve removed 0 rows and 0 columns (presolve time = 2840s)...
Presolve removed 0 rows and 0 columns (presolve time = 2845s)...
Presolve removed 0 rows and 0 columns (presolve time = 2850s)...
Presolve removed 0 rows and 0 columns (presolve time = 2855s)...
Presolve removed 0 rows and 0 columns (presolve time = 2860s)...
Presolve removed 0 rows and 0 columns (presolve time = 2865s)...
Presolve removed 0 rows and 0 columns (presolve time = 2870s)...
Presolve removed 0 rows and 0 columns (presolve time = 2875s)...
Presolve removed 0 rows and 0 columns (presolve time = 2880s)...
Presolve removed 0 rows and 0 columns (presolve time = 2885s)...
Presolve removed 0 rows and 0 columns (presolve time = 2890s)...
Presolve removed 0 rows and 0 columns (presolve time = 2895s)...
Presolve removed 0 rows and 0 columns (presolve time = 2900s)...
Presolve removed 0 rows and 0 columns (presolve time = 2905s)...
Presolve removed 0 rows and 0 columns (presolve time = 2910s)...
Presolve removed 0 rows and 0 columns (presolve time = 2915s)...
Presolve removed 0 rows and 0 columns (presolve time = 2920s)...
Presolve removed 0 rows and 0 columns (presolve time = 2925s)...
Presolve removed 0 rows and 0 columns (presolve time = 2930s)...
Presolve removed 0 rows and 0 columns (presolve time = 2935s)...
Presolve removed 0 rows and 0 columns (presolve time = 2940s)...
Presolve removed 0 rows and 0 columns (presolve time = 2945s)...
Presolve removed 0 rows and 0 columns (presolve time = 2950s)...
Presolve removed 0 rows and 0 columns (presolve time = 2955s)...
Presolve removed 0 rows and 0 columns (presolve time = 2960s)...
Presolve removed 0 rows and 0 columns (presolve time = 2965s)...
Presolve removed 0 rows and 0 columns (presolve time = 2970s)...
Presolve removed 0 rows and 0 columns (presolve time = 2975s)...
Presolve removed 0 rows and 0 columns (presolve time = 2980s)...
Presolve removed 0 rows and 0 columns (presolve time = 2985s)...
Presolve removed 0 rows and 0 columns (presolve time = 2990s)...
Presolve removed 0 rows and 0 columns (presolve time = 2995s)...
Presolve removed 0 rows and 0 columns (presolve time = 3000s)...
Presolve removed 0 rows and 0 columns (presolve time = 3005s)...
Presolve removed 0 rows and 0 columns (presolve time = 3010s)...
Presolve removed 0 rows and 0 columns (presolve time = 3015s)...
Presolve removed 0 rows and 0 columns (presolve time = 3020s)...
Presolve removed 0 rows and 0 columns (presolve time = 3025s)...
Presolve removed 0 rows and 0 columns (presolve time = 3030s)...
Presolve removed 0 rows and 0 columns (presolve time = 3035s)...
Presolve removed 0 rows and 0 columns (presolve time = 3040s)...
Presolve removed 0 rows and 0 columns (presolve time = 3045s)...
Presolve removed 0 rows and 0 columns (presolve time = 3050s)...
Presolve removed 0 rows and 0 columns (presolve time = 3055s)...
Presolve removed 0 rows and 0 columns (presolve time = 3060s)...
Presolve removed 0 rows and 0 columns (presolve time = 3065s)...
Presolve removed 0 rows and 0 columns (presolve time = 3070s)...
Presolve removed 0 rows and 0 columns (presolve time = 3075s)...
Presolve removed 0 rows and 0 columns (presolve time = 3080s)...
Presolve removed 0 rows and 0 columns (presolve time = 3085s)...
Presolve removed 0 rows and 0 columns (presolve time = 3090s)...
Presolve removed 0 rows and 0 columns (presolve time = 3095s)...
Presolve removed 0 rows and 0 columns (presolve time = 3100s)...
Presolve removed 0 rows and 0 columns (presolve time = 3105s)...
Presolve removed 0 rows and 0 columns (presolve time = 3110s)...
Presolve removed 0 rows and 0 columns (presolve time = 3115s)...
Presolve removed 0 rows and 0 columns (presolve time = 3120s)...
Presolve removed 0 rows and 0 columns (presolve time = 3125s)...
Presolve removed 0 rows and 0 columns (presolve time = 3130s)...
Presolve removed 0 rows and 0 columns (presolve time = 3135s)...
Presolve removed 0 rows and 0 columns (presolve time = 3140s)...
Presolve removed 0 rows and 0 columns (presolve time = 3145s)...
Presolve removed 0 rows and 0 columns (presolve time = 3150s)...
Presolve removed 0 rows and 0 columns (presolve time = 3155s)...
Presolve removed 0 rows and 0 columns (presolve time = 3160s)...
Presolve removed 0 rows and 0 columns (presolve time = 3165s)...
Presolve removed 0 rows and 0 columns (presolve time = 3170s)...
Presolve removed 0 rows and 0 columns (presolve time = 3175s)...
Presolve removed 0 rows and 0 columns (presolve time = 3180s)...
Presolve removed 0 rows and 0 columns (presolve time = 3185s)...
Presolve removed 0 rows and 0 columns (presolve time = 3190s)...
Presolve removed 0 rows and 0 columns (presolve time = 3195s)...
Presolve removed 0 rows and 0 columns (presolve time = 3200s)...
Presolve removed 0 rows and 0 columns (presolve time = 3205s)...
Presolve removed 0 rows and 0 columns (presolve time = 3210s)...
Presolve removed 0 rows and 0 columns (presolve time = 3215s)...
Presolve removed 0 rows and 0 columns (presolve time = 3220s)...
Presolve removed 0 rows and 0 columns (presolve time = 3225s)...
Presolve removed 0 rows and 0 columns (presolve time = 3230s)...
Presolve removed 0 rows and 0 columns (presolve time = 3235s)...
Presolve removed 0 rows and 0 columns (presolve time = 3240s)...
Presolve removed 0 rows and 0 columns (presolve time = 3245s)...
Presolve removed 0 rows and 0 columns (presolve time = 3250s)...
Presolve removed 0 rows and 0 columns (presolve time = 3255s)...
Presolve removed 0 rows and 0 columns (presolve time = 3260s)...
Presolve removed 0 rows and 0 columns (presolve time = 3265s)...
Presolve removed 0 rows and 0 columns (presolve time = 3270s)...
Presolve removed 0 rows and 0 columns (presolve time = 3275s)...
Presolve removed 0 rows and 0 columns (presolve time = 3280s)...
Presolve removed 0 rows and 0 columns (presolve time = 3285s)...
Presolve removed 0 rows and 0 columns (presolve time = 3290s)...
Presolve removed 0 rows and 0 columns (presolve time = 3295s)...
Presolve removed 0 rows and 0 columns (presolve time = 3300s)...
Presolve removed 0 rows and 0 columns (presolve time = 3330s)...
Presolve time: 3329.55s
Presolved: 392028 rows, 50260 columns, 207214800 nonzeros
Variable types: 0 continuous, 50260 integer (50260 binary)

Root simplex log...

Iteration    Objective       Primal Inf.    Dual Inf.      Time
       0   -0.0000000e+00   0.000000e+00   2.593500e+03   3439s
      73    4.0401799e+03   0.000000e+00   0.000000e+00   3439s
      73    4.0401799e+03   0.000000e+00   0.000000e+00   3439s

Use crossover to convert LP symmetric solution to basic solution...

Root crossover log...

  373360 variables added to crossover basis                     3455s
  375850 variables added to crossover basis                     3460s
  376240 variables added to crossover basis                     3465s
  376480 variables added to crossover basis                     3470s
  376690 variables added to crossover basis                     3475s
  376870 variables added to crossover basis                     3480s
  377050 variables added to crossover basis                     3486s
  377200 variables added to crossover basis                     3490s
  377350 variables added to crossover basis                     3495s
  377500 variables added to crossover basis                     3501s
  377620 variables added to crossover basis                     3505s
  377770 variables added to crossover basis                     3511s
  377890 variables added to crossover basis                     3516s
  378010 variables added to crossover basis                     3521s
  378100 variables added to crossover basis                     3525s
  378220 variables added to crossover basis                     3530s
  378340 variables added to crossover basis                     3536s
  378430 variables added to crossover basis                     3540s
  378550 variables added to crossover basis                     3546s
  378640 variables added to crossover basis                     3551s
  378730 variables added to crossover basis                     3555s
  378820 variables added to crossover basis                     3560s
  378910 variables added to crossover basis                     3565s
  379030 variables added to crossover basis                     3572s
  379120 variables added to crossover basis                     3577s
  379180 variables added to crossover basis                     3580s
  379270 variables added to crossover basis                     3585s
  379360 variables added to crossover basis                     3591s
  379450 variables added to crossover basis                     3596s
  379540 variables added to crossover basis                     3602s
  379600 variables added to crossover basis                     3605s
  379690 variables added to crossover basis                     3611s
  379780 variables added to crossover basis                     3617s
  379840 variables added to crossover basis                     3620s
  379930 variables added to crossover basis                     3626s
  379990 variables added to crossover basis                     3630s
  380080 variables added to crossover basis                     3636s
  380140 variables added to crossover basis                     3640s
  380230 variables added to crossover basis                     3647s
  380290 variables added to crossover basis                     3651s
  380380 variables added to crossover basis                     3657s
  380440 variables added to crossover basis                     3661s
  380500 variables added to crossover basis                     3666s
  380590 variables added to crossover basis                     3672s
  380650 variables added to crossover basis                     3676s
  380710 variables added to crossover basis                     3681s
  380770 variables added to crossover basis                     3685s
  380860 variables added to crossover basis                     3692s
  380920 variables added to crossover basis                     3697s
  380980 variables added to crossover basis                     3701s
  381040 variables added to crossover basis                     3706s
  381100 variables added to crossover basis                     3710s
  381160 variables added to crossover basis                     3715s
  381250 variables added to crossover basis                     3722s
  381310 variables added to crossover basis                     3727s
  381370 variables added to crossover basis                     3732s
  381430 variables added to crossover basis                     3737s
  381490 variables added to crossover basis                     3742s
  381550 variables added to crossover basis                     3746s
  381610 variables added to crossover basis                     3751s
  381670 variables added to crossover basis                     3756s
  381730 variables added to crossover basis                     3761s
  381790 variables added to crossover basis                     3767s
  381850 variables added to crossover basis                     3772s
  381910 variables added to crossover basis                     3777s
  381970 variables added to crossover basis                     3782s
  382030 variables added to crossover basis                     3787s
  382090 variables added to crossover basis                     3792s
  382150 variables added to crossover basis                     3797s
  382180 variables added to crossover basis                     3800s
  382240 variables added to crossover basis                     3805s
  382300 variables added to crossover basis                     3810s
  382360 variables added to crossover basis                     3815s
  382420 variables added to crossover basis                     3820s
  382480 variables added to crossover basis                     3826s
  382540 variables added to crossover basis                     3831s
  382600 variables added to crossover basis                     3836s
  382660 variables added to crossover basis                     3841s
  382720 variables added to crossover basis                     3846s
  382780 variables added to crossover basis                     3852s
  382840 variables added to crossover basis                     3857s
  382870 variables added to crossover basis                     3860s
  382930 variables added to crossover basis                     3866s
  382990 variables added to crossover basis                     3871s
  383050 variables added to crossover basis                     3877s
  383110 variables added to crossover basis                     3882s
  383170 variables added to crossover basis                     3888s
  383200 variables added to crossover basis                     3890s
  383260 variables added to crossover basis                     3896s
  383320 variables added to crossover basis                     3901s
  383380 variables added to crossover basis                     3907s
  383440 variables added to crossover basis                     3912s
  383470 variables added to crossover basis                     3915s
  383530 variables added to crossover basis                     3921s
  383590 variables added to crossover basis                     3927s
  383620 variables added to crossover basis                     3930s
  383680 variables added to crossover basis                     3936s
  383740 variables added to crossover basis                     3942s
  383770 variables added to crossover basis                     3945s
  383830 variables added to crossover basis                     3951s
  383890 variables added to crossover basis                     3957s
  383920 variables added to crossover basis                     3960s
  383980 variables added to crossover basis                     3966s
  384040 variables added to crossover basis                     3972s
  384070 variables added to crossover basis                     3975s
  384130 variables added to crossover basis                     3981s
  384190 variables added to crossover basis                     3988s
  384220 variables added to crossover basis                     3991s
  384280 variables added to crossover basis                     3997s
  384310 variables added to crossover basis                     4000s
  384370 variables added to crossover basis                     4006s
  384430 variables added to crossover basis                     4013s
  384460 variables added to crossover basis                     4016s
  384520 variables added to crossover basis                     4022s
  384550 variables added to crossover basis                     4025s
  384610 variables added to crossover basis                     4031s
  384670 variables added to crossover basis                     4038s
  384700 variables added to crossover basis                     4041s
  384760 variables added to crossover basis                     4047s
  384790 variables added to crossover basis                     4051s
  384850 variables added to crossover basis                     4057s
  384880 variables added to crossover basis                     4060s
  384940 variables added to crossover basis                     4067s
  384970 variables added to crossover basis                     4070s
  385030 variables added to crossover basis                     4077s
  385090 variables added to crossover basis                     4083s
  385120 variables added to crossover basis                     4087s
  385180 variables added to crossover basis                     4093s
  385210 variables added to crossover basis                     4097s
  385270 variables added to crossover basis                     4103s
  385300 variables added to crossover basis                     4107s
  385360 variables added to crossover basis                     4113s
  385390 variables added to crossover basis                     4117s
  385450 variables added to crossover basis                     4123s
  385480 variables added to crossover basis                     4127s
  385510 variables added to crossover basis                     4130s
  385570 variables added to crossover basis                     4137s
  385600 variables added to crossover basis                     4140s
  385660 variables added to crossover basis                     4147s
  385690 variables added to crossover basis                     4150s
  385750 variables added to crossover basis                     4157s
  385780 variables added to crossover basis                     4161s
  385840 variables added to crossover basis                     4168s
  385870 variables added to crossover basis                     4171s
  385930 variables added to crossover basis                     4178s
  385960 variables added to crossover basis                     4181s
  386020 variables added to crossover basis                     4188s
  386050 variables added to crossover basis                     4192s
  386080 variables added to crossover basis                     4195s
  386140 variables added to crossover basis                     4202s
  386170 variables added to crossover basis                     4206s
  386230 variables added to crossover basis                     4213s
  386260 variables added to crossover basis                     4216s
  386320 variables added to crossover basis                     4223s
  386350 variables added to crossover basis                     4227s
  386380 variables added to crossover basis                     4230s
  386440 variables added to crossover basis                     4237s
  386470 variables added to crossover basis                     4240s
  386530 variables added to crossover basis                     4248s
  386560 variables added to crossover basis                     4251s
  386620 variables added to crossover basis                     4258s
  386650 variables added to crossover basis                     4261s
  386710 variables added to crossover basis                     4268s
  386740 variables added to crossover basis                     4271s
  386800 variables added to crossover basis                     4278s
  386830 variables added to crossover basis                     4281s
  386890 variables added to crossover basis                     4288s
  386920 variables added to crossover basis                     4291s
  386980 variables added to crossover basis                     4298s
  387010 variables added to crossover basis                     4302s
  387040 variables added to crossover basis                     4305s
  387100 variables added to crossover basis                     4312s
  387130 variables added to crossover basis                     4316s
  387190 variables added to crossover basis                     4323s
  387220 variables added to crossover basis                     4327s
  387250 variables added to crossover basis                     4330s
  387310 variables added to crossover basis                     4337s
  387340 variables added to crossover basis                     4341s
  387400 variables added to crossover basis                     4348s
  387430 variables added to crossover basis                     4352s
  387490 variables added to crossover basis                     4358s
  387520 variables added to crossover basis                     4362s
  387550 variables added to crossover basis                     4365s
  387610 variables added to crossover basis                     4372s
  387640 variables added to crossover basis                     4376s
  387700 variables added to crossover basis                     4383s
  387730 variables added to crossover basis                     4386s
  387760 variables added to crossover basis                     4390s
  387820 variables added to crossover basis                     4398s
  387850 variables added to crossover basis                     4401s
  387910 variables added to crossover basis                     4409s
  387940 variables added to crossover basis                     4412s
  387970 variables added to crossover basis                     4416s
  388030 variables added to crossover basis                     4424s
  388060 variables added to crossover basis                     4427s
  388090 variables added to crossover basis                     4431s
  388150 variables added to crossover basis                     4439s
  388180 variables added to crossover basis                     4442s
  388210 variables added to crossover basis                     4446s
  388270 variables added to crossover basis                     4454s
  388300 variables added to crossover basis                     4457s
  388330 variables added to crossover basis                     4461s
  388360 variables added to crossover basis                     4465s
  388420 variables added to crossover basis                     4473s
  388450 variables added to crossover basis                     4476s
  388480 variables added to crossover basis                     4480s
  388540 variables added to crossover basis                     4488s
  388570 variables added to crossover basis                     4492s
  388600 variables added to crossover basis                     4495s
  388660 variables added to crossover basis                     4503s
  388690 variables added to crossover basis                     4507s
  388720 variables added to crossover basis                     4511s
  388780 variables added to crossover basis                     4518s
  388810 variables added to crossover basis                     4522s
  388840 variables added to crossover basis                     4526s
  388900 variables added to crossover basis                     4533s
  388930 variables added to crossover basis                     4537s
  388960 variables added to crossover basis                     4541s
  389020 variables added to crossover basis                     4549s
  389050 variables added to crossover basis                     4553s
  389080 variables added to crossover basis                     4556s
  389110 variables added to crossover basis                     4560s
  389170 variables added to crossover basis                     4568s
  389200 variables added to crossover basis                     4571s
  389230 variables added to crossover basis                     4575s
  389290 variables added to crossover basis                     4582s
  389320 variables added to crossover basis                     4586s
  389380 variables added to crossover basis                     4593s
  389410 variables added to crossover basis                     4596s
  389470 variables added to crossover basis                     4603s
  389500 variables added to crossover basis                     4606s
  389560 variables added to crossover basis                     4612s
  389590 variables added to crossover basis                     4616s
  389650 variables added to crossover basis                     4622s
  389680 variables added to crossover basis                     4625s
  389740 variables added to crossover basis                     4632s
  389770 variables added to crossover basis                     4636s
  389830 variables added to crossover basis                     4642s
  389860 variables added to crossover basis                     4646s
  389920 variables added to crossover basis                     4653s
  389950 variables added to crossover basis                     4657s
  389980 variables added to crossover basis                     4660s
  390040 variables added to crossover basis                     4667s
  390070 variables added to crossover basis                     4671s
  390130 variables added to crossover basis                     4678s
  390160 variables added to crossover basis                     4681s
  390220 variables added to crossover basis                     4688s
  390250 variables added to crossover basis                     4691s
  390310 variables added to crossover basis                     4698s
  390340 variables added to crossover basis                     4701s
  390400 variables added to crossover basis                     4708s
  390430 variables added to crossover basis                     4711s
  390490 variables added to crossover basis                     4718s
  390520 variables added to crossover basis                     4721s
  390580 variables added to crossover basis                     4729s
  390610 variables added to crossover basis                     4732s
  390640 variables added to crossover basis                     4736s
  390700 variables added to crossover basis                     4743s
  390730 variables added to crossover basis                     4747s
  390760 variables added to crossover basis                     4750s
  390820 variables added to crossover basis                     4758s
  390850 variables added to crossover basis                     4761s
  390910 variables added to crossover basis                     4768s
  390940 variables added to crossover basis                     4771s
  391000 variables added to crossover basis                     4778s
  391030 variables added to crossover basis                     4781s
  391090 variables added to crossover basis                     4788s
  391120 variables added to crossover basis                     4791s
  391180 variables added to crossover basis                     4798s
  391210 variables added to crossover basis                     4802s
  391240 variables added to crossover basis                     4805s
  391300 variables added to crossover basis                     4812s
  391330 variables added to crossover basis                     4816s
  391390 variables added to crossover basis                     4823s
  391420 variables added to crossover basis                     4827s
  391450 variables added to crossover basis                     4830s
  391510 variables added to crossover basis                     4838s
  391540 variables added to crossover basis                     4841s
  391600 variables added to crossover basis                     4848s
  391630 variables added to crossover basis                     4852s
  391660 variables added to crossover basis                     4855s
  391720 variables added to crossover basis                     4862s
  391750 variables added to crossover basis                     4865s
  391810 variables added to crossover basis                     4872s
  391840 variables added to crossover basis                     4875s
  391900 variables added to crossover basis                     4882s
  391930 variables added to crossover basis                     4885s
  391990 variables added to crossover basis                     4892s
  392020 variables added to crossover basis                     4896s

       0 DPushes remaining with DInf 0.0000000e+00              5464s

       0 PPushes remaining with PInf 0.0000000e+00              5466s

  Push phase complete: Pinf 0.0000000e+00, Dinf 8.1625449e-09   5467s


Root simplex log...

Iteration    Objective       Primal Inf.    Dual Inf.      Time
      76    4.0401799e+03   0.000000e+00   0.000000e+00   5774s
Crossover time: 2332.75 seconds (6160.58 work units)

Root relaxation: objective 4.040180e+03, 76 iterations, 2424.14 seconds (6236.29 work units)

    Nodes    |    Current Node    |     Objective Bounds      |     Work
 Expl Unexpl |  Obj  Depth IntInf | Incumbent    BestBd   Gap | It/Node Time

     0     0 4040.17990    0 18668 6401.00000 4040.17990  36.9%     - 6521s
H    0     0                    5703.0000000 4040.17990  29.2%     - 6522s
H    0     0                    5509.0000000 4040.17990  26.7%     - 6523s
H    0     0                    5505.0000000 4040.17990  26.6%     - 12568s
H    0     0                    5447.0000000 4040.17990  25.8%     - 12570s
H    0     0                    5437.0000000 4040.17990  25.7%     - 12571s
H    0     0                    5431.0000000 4040.17990  25.6%     - 12572s
H    0     0                    5416.0000000 4040.17990  25.4%     - 12575s
H    0     0                    5414.0000000 4040.17990  25.4%     - 12602s
H    0     0                    5413.0000000 4040.17990  25.4%     - 12662s

Explored 1 nodes (76 simplex iterations) in 14403.35 seconds (23110.72 work units)
Thread count was 32 (of 32 available processors)

Solution count 10: 5413 5414 5416 ... 6401

Time limit reached
Best objective 5.413000000000e+03, best bound 4.041000000000e+03, gap 25.3464%

User-callback calls 153091, time in user-callback 0.69 sec
