
Gurobi 13.0.2 (linux64) logging started Sat Jul 11 22:23:11 2026

Set parameter LogFile to value "/tmp/sweep_20260709_012313_china_alt400km_s50_i1_v10_gurobi.log"
Set parameter Method to value 1
Set parameter NodefileStart to value 4
Set parameter RINS to value 50
Gurobi Optimizer version 13.0.2 build v13.0.2rc1 (linux64 - "Debian GNU/Linux 13 (trixie)")

CPU model: Intel(R) Xeon(R) Platinum 8375C CPU @ 2.90GHz, instruction set [SSE2|AVX|AVX2|AVX512]
Thread count: 16 physical cores, 32 logical processors, using up to 32 threads

Non-default parameters:
TimeLimit  14400
MIPGap  0.001
Method  1
LPWarmStart  1
Heuristics  0.2
MIPFocus  1
NodefileStart  4
RINS  50
Symmetry  2
Cuts  2
CoverCuts  2
LogToConsole  0

Academic license 2812613 - for non-commercial use only - registered to no___@gatech.edu
Optimize a model with 392028 rows, 43080 columns and 185187996 nonzeros (Min)
Model fingerprint: 0xc76651f6
Model has 43080 linear objective coefficients
Variable types: 0 continuous, 43080 integer (43080 binary)
Coefficient statistics:
  Matrix range     [1e+00, 1e+00]
  Objective range  [1e+00, 1e+00]
  Bounds range     [1e+00, 1e+00]
  RHS range        [5e+01, 5e+01]

Found heuristic solution: objective 7997.0000000
Presolve removed 0 rows and 0 columns (presolve time = 7s)...
Presolve removed 0 rows and 0 columns (presolve time = 23s)...
Presolve removed 0 rows and 0 columns (presolve time = 26s)...
Presolve removed 0 rows and 0 columns (presolve time = 41s)...
Presolve removed 0 rows and 0 columns (presolve time = 54s)...
Presolve removed 0 rows and 0 columns (presolve time = 56s)...
Presolve removed 0 rows and 0 columns (presolve time = 69s)...
Presolve removed 0 rows and 0 columns (presolve time = 71s)...
Presolve removed 0 rows and 0 columns (presolve time = 90s)...
Presolve removed 0 rows and 0 columns (presolve time = 113s)...
Presolve removed 0 rows and 0 columns (presolve time = 115s)...
Presolve removed 0 rows and 0 columns (presolve time = 120s)...
Presolve removed 0 rows and 0 columns (presolve time = 125s)...
Presolve removed 0 rows and 0 columns (presolve time = 130s)...
Presolve removed 0 rows and 0 columns (presolve time = 135s)...
Presolve removed 0 rows and 0 columns (presolve time = 140s)...
Presolve removed 0 rows and 0 columns (presolve time = 172s)...
Presolve removed 0 rows and 0 columns (presolve time = 188s)...
Presolve removed 0 rows and 0 columns (presolve time = 203s)...
Presolve removed 0 rows and 0 columns (presolve time = 217s)...
Presolve removed 0 rows and 0 columns (presolve time = 220s)...
Presolve removed 0 rows and 0 columns (presolve time = 225s)...
Presolve removed 0 rows and 0 columns (presolve time = 230s)...
Presolve removed 0 rows and 0 columns (presolve time = 237s)...
Presolve removed 0 rows and 0 columns (presolve time = 256s)...
Presolve removed 0 rows and 0 columns (presolve time = 260s)...
Presolve removed 0 rows and 0 columns (presolve time = 265s)...
Presolve removed 0 rows and 0 columns (presolve time = 271s)...
Presolve removed 0 rows and 0 columns (presolve time = 289s)...
Presolve removed 0 rows and 0 columns (presolve time = 290s)...
Presolve removed 0 rows and 0 columns (presolve time = 295s)...
Presolve removed 0 rows and 0 columns (presolve time = 300s)...
Presolve removed 0 rows and 0 columns (presolve time = 305s)...
Presolve removed 0 rows and 0 columns (presolve time = 310s)...
Presolve removed 0 rows and 0 columns (presolve time = 315s)...
Presolve removed 0 rows and 0 columns (presolve time = 320s)...
Presolve removed 0 rows and 0 columns (presolve time = 325s)...
Presolve removed 0 rows and 0 columns (presolve time = 330s)...
Presolve removed 0 rows and 0 columns (presolve time = 335s)...
Presolve removed 0 rows and 0 columns (presolve time = 340s)...
Presolve removed 0 rows and 0 columns (presolve time = 345s)...
Presolve removed 0 rows and 0 columns (presolve time = 350s)...
Presolve removed 0 rows and 0 columns (presolve time = 355s)...
Presolve removed 0 rows and 0 columns (presolve time = 377s)...
Presolve removed 0 rows and 0 columns (presolve time = 382s)...
Presolve removed 0 rows and 0 columns (presolve time = 430s)...
Presolve removed 0 rows and 0 columns (presolve time = 435s)...
Presolve removed 0 rows and 0 columns (presolve time = 440s)...
Presolve removed 0 rows and 0 columns (presolve time = 445s)...
Presolve removed 0 rows and 0 columns (presolve time = 450s)...
Presolve removed 0 rows and 0 columns (presolve time = 455s)...
Presolve removed 0 rows and 0 columns (presolve time = 460s)...
Presolve removed 0 rows and 0 columns (presolve time = 465s)...
Presolve removed 0 rows and 0 columns (presolve time = 470s)...
Presolve removed 0 rows and 0 columns (presolve time = 475s)...
Presolve removed 0 rows and 0 columns (presolve time = 480s)...
Presolve removed 0 rows and 0 columns (presolve time = 485s)...
Presolve removed 0 rows and 0 columns (presolve time = 490s)...
Presolve removed 0 rows and 0 columns (presolve time = 495s)...
Presolve removed 0 rows and 0 columns (presolve time = 500s)...
Presolve removed 0 rows and 0 columns (presolve time = 505s)...
Presolve removed 0 rows and 0 columns (presolve time = 510s)...
Presolve removed 0 rows and 0 columns (presolve time = 515s)...
Presolve removed 0 rows and 0 columns (presolve time = 520s)...
Presolve removed 0 rows and 0 columns (presolve time = 525s)...
Presolve removed 0 rows and 0 columns (presolve time = 530s)...
Presolve removed 0 rows and 0 columns (presolve time = 535s)...
Presolve removed 0 rows and 0 columns (presolve time = 540s)...
Presolve removed 0 rows and 0 columns (presolve time = 545s)...
Presolve removed 0 rows and 0 columns (presolve time = 550s)...
Presolve removed 0 rows and 0 columns (presolve time = 555s)...
Presolve removed 0 rows and 0 columns (presolve time = 560s)...
Presolve removed 0 rows and 0 columns (presolve time = 565s)...
Presolve removed 0 rows and 0 columns (presolve time = 570s)...
Presolve removed 0 rows and 0 columns (presolve time = 575s)...
Presolve removed 0 rows and 0 columns (presolve time = 580s)...
Presolve removed 0 rows and 0 columns (presolve time = 585s)...
Presolve removed 0 rows and 0 columns (presolve time = 590s)...
Presolve removed 0 rows and 0 columns (presolve time = 595s)...
Presolve removed 0 rows and 0 columns (presolve time = 600s)...
Presolve removed 0 rows and 0 columns (presolve time = 605s)...
Presolve removed 0 rows and 0 columns (presolve time = 610s)...
Presolve removed 0 rows and 0 columns (presolve time = 615s)...
Presolve removed 0 rows and 0 columns (presolve time = 620s)...
Presolve removed 0 rows and 0 columns (presolve time = 625s)...
Presolve removed 0 rows and 0 columns (presolve time = 630s)...
Presolve removed 0 rows and 0 columns (presolve time = 635s)...
Presolve removed 0 rows and 0 columns (presolve time = 640s)...
Presolve removed 0 rows and 0 columns (presolve time = 645s)...
Presolve removed 0 rows and 0 columns (presolve time = 650s)...
Presolve removed 0 rows and 0 columns (presolve time = 655s)...
Presolve removed 0 rows and 0 columns (presolve time = 660s)...
Presolve removed 0 rows and 0 columns (presolve time = 665s)...
Presolve removed 0 rows and 0 columns (presolve time = 670s)...
Presolve removed 0 rows and 0 columns (presolve time = 675s)...
Presolve removed 0 rows and 0 columns (presolve time = 680s)...
Presolve removed 0 rows and 0 columns (presolve time = 685s)...
Presolve removed 0 rows and 0 columns (presolve time = 690s)...
Presolve removed 0 rows and 0 columns (presolve time = 695s)...
Presolve removed 0 rows and 0 columns (presolve time = 700s)...
Presolve removed 0 rows and 0 columns (presolve time = 705s)...
Presolve removed 0 rows and 0 columns (presolve time = 710s)...
Presolve removed 0 rows and 0 columns (presolve time = 715s)...
Presolve removed 0 rows and 0 columns (presolve time = 720s)...
Presolve removed 0 rows and 0 columns (presolve time = 725s)...
Presolve removed 0 rows and 0 columns (presolve time = 730s)...
Presolve removed 0 rows and 0 columns (presolve time = 735s)...
Presolve removed 0 rows and 0 columns (presolve time = 740s)...
Presolve removed 0 rows and 0 columns (presolve time = 745s)...
Presolve removed 0 rows and 0 columns (presolve time = 750s)...
Presolve removed 0 rows and 0 columns (presolve time = 755s)...
Presolve removed 0 rows and 0 columns (presolve time = 760s)...
Presolve removed 0 rows and 0 columns (presolve time = 765s)...
Presolve removed 0 rows and 0 columns (presolve time = 770s)...
Presolve removed 0 rows and 0 columns (presolve time = 775s)...
Presolve removed 0 rows and 0 columns (presolve time = 780s)...
Presolve removed 0 rows and 0 columns (presolve time = 785s)...
Presolve removed 0 rows and 0 columns (presolve time = 790s)...
Presolve removed 0 rows and 0 columns (presolve time = 795s)...
Presolve removed 0 rows and 0 columns (presolve time = 800s)...
Presolve removed 0 rows and 0 columns (presolve time = 805s)...
Presolve removed 0 rows and 0 columns (presolve time = 810s)...
Presolve removed 0 rows and 0 columns (presolve time = 815s)...
Presolve removed 0 rows and 0 columns (presolve time = 820s)...
Presolve removed 0 rows and 0 columns (presolve time = 825s)...
Presolve removed 0 rows and 0 columns (presolve time = 830s)...
Presolve removed 0 rows and 0 columns (presolve time = 835s)...
Presolve removed 0 rows and 0 columns (presolve time = 840s)...
Presolve removed 0 rows and 0 columns (presolve time = 845s)...
Presolve removed 0 rows and 0 columns (presolve time = 850s)...
Presolve removed 0 rows and 0 columns (presolve time = 855s)...
Presolve removed 0 rows and 0 columns (presolve time = 860s)...
Presolve removed 0 rows and 0 columns (presolve time = 865s)...
Presolve removed 0 rows and 0 columns (presolve time = 870s)...
Presolve removed 0 rows and 0 columns (presolve time = 875s)...
Presolve removed 0 rows and 0 columns (presolve time = 880s)...
Presolve removed 0 rows and 0 columns (presolve time = 885s)...
Presolve removed 0 rows and 0 columns (presolve time = 890s)...
Presolve removed 0 rows and 0 columns (presolve time = 895s)...
Presolve removed 0 rows and 0 columns (presolve time = 900s)...
Presolve removed 0 rows and 0 columns (presolve time = 905s)...
Presolve removed 0 rows and 0 columns (presolve time = 910s)...
Presolve removed 0 rows and 0 columns (presolve time = 915s)...
Presolve removed 0 rows and 0 columns (presolve time = 920s)...
Presolve removed 0 rows and 0 columns (presolve time = 925s)...
Presolve removed 0 rows and 0 columns (presolve time = 930s)...
Presolve removed 0 rows and 0 columns (presolve time = 935s)...
Presolve removed 0 rows and 0 columns (presolve time = 940s)...
Presolve removed 0 rows and 0 columns (presolve time = 945s)...
Presolve removed 0 rows and 0 columns (presolve time = 950s)...
Presolve removed 0 rows and 0 columns (presolve time = 955s)...
Presolve removed 0 rows and 0 columns (presolve time = 960s)...
Presolve removed 0 rows and 0 columns (presolve time = 965s)...
Presolve removed 0 rows and 0 columns (presolve time = 970s)...
Presolve removed 0 rows and 0 columns (presolve time = 975s)...
Presolve removed 0 rows and 0 columns (presolve time = 980s)...
Presolve removed 0 rows and 0 columns (presolve time = 985s)...
Presolve removed 0 rows and 0 columns (presolve time = 990s)...
Presolve removed 0 rows and 0 columns (presolve time = 995s)...
Presolve removed 0 rows and 0 columns (presolve time = 1000s)...
Presolve removed 0 rows and 0 columns (presolve time = 1005s)...
Presolve removed 0 rows and 0 columns (presolve time = 1010s)...
Presolve removed 0 rows and 0 columns (presolve time = 1015s)...
Presolve removed 0 rows and 0 columns (presolve time = 1020s)...
Presolve removed 0 rows and 0 columns (presolve time = 1025s)...
Presolve removed 0 rows and 0 columns (presolve time = 1030s)...
Presolve removed 0 rows and 0 columns (presolve time = 1035s)...
Presolve removed 0 rows and 0 columns (presolve time = 1040s)...
Presolve removed 0 rows and 0 columns (presolve time = 1045s)...
Presolve removed 0 rows and 0 columns (presolve time = 1050s)...
Presolve removed 0 rows and 0 columns (presolve time = 1055s)...
Presolve removed 0 rows and 0 columns (presolve time = 1060s)...
Presolve removed 0 rows and 0 columns (presolve time = 1065s)...
Presolve removed 0 rows and 0 columns (presolve time = 1070s)...
Presolve removed 0 rows and 0 columns (presolve time = 1075s)...
Presolve removed 0 rows and 0 columns (presolve time = 1080s)...
Presolve removed 0 rows and 0 columns (presolve time = 1085s)...
Presolve removed 0 rows and 0 columns (presolve time = 1090s)...
Presolve removed 0 rows and 0 columns (presolve time = 1095s)...
Presolve removed 0 rows and 0 columns (presolve time = 1100s)...
Presolve removed 0 rows and 0 columns (presolve time = 1105s)...
Presolve removed 0 rows and 0 columns (presolve time = 1110s)...
Presolve removed 0 rows and 0 columns (presolve time = 1115s)...
Presolve removed 0 rows and 0 columns (presolve time = 1120s)...
Presolve removed 0 rows and 0 columns (presolve time = 1125s)...
Presolve removed 0 rows and 0 columns (presolve time = 1130s)...
Presolve removed 0 rows and 0 columns (presolve time = 1135s)...
Presolve removed 0 rows and 0 columns (presolve time = 1140s)...
Presolve removed 0 rows and 0 columns (presolve time = 1145s)...
Presolve removed 0 rows and 0 columns (presolve time = 1150s)...
Presolve removed 0 rows and 0 columns (presolve time = 1155s)...
Presolve removed 0 rows and 0 columns (presolve time = 1160s)...
Presolve removed 0 rows and 0 columns (presolve time = 1165s)...
Presolve removed 0 rows and 0 columns (presolve time = 1170s)...
Presolve removed 0 rows and 0 columns (presolve time = 1175s)...
Presolve removed 0 rows and 0 columns (presolve time = 1180s)...
Presolve removed 0 rows and 0 columns (presolve time = 1185s)...
Presolve removed 0 rows and 0 columns (presolve time = 1190s)...
Presolve removed 0 rows and 0 columns (presolve time = 1195s)...
Presolve removed 0 rows and 0 columns (presolve time = 1200s)...
Presolve removed 0 rows and 0 columns (presolve time = 1205s)...
Presolve removed 0 rows and 0 columns (presolve time = 1210s)...
Presolve removed 0 rows and 0 columns (presolve time = 1215s)...
Presolve removed 0 rows and 0 columns (presolve time = 1220s)...
Presolve removed 0 rows and 0 columns (presolve time = 1225s)...
Presolve removed 0 rows and 0 columns (presolve time = 1230s)...
Presolve removed 0 rows and 0 columns (presolve time = 1235s)...
Presolve removed 0 rows and 0 columns (presolve time = 1240s)...
Presolve removed 0 rows and 0 columns (presolve time = 1245s)...
Presolve removed 0 rows and 0 columns (presolve time = 1250s)...
Presolve removed 0 rows and 0 columns (presolve time = 1255s)...
Presolve removed 0 rows and 0 columns (presolve time = 1260s)...
Presolve removed 0 rows and 0 columns (presolve time = 1265s)...
Presolve removed 0 rows and 0 columns (presolve time = 1270s)...
Presolve removed 0 rows and 0 columns (presolve time = 1275s)...
Presolve removed 0 rows and 0 columns (presolve time = 1280s)...
Presolve removed 0 rows and 0 columns (presolve time = 1285s)...
Presolve removed 0 rows and 0 columns (presolve time = 1290s)...
Presolve removed 0 rows and 0 columns (presolve time = 1295s)...
Presolve removed 0 rows and 0 columns (presolve time = 1300s)...
Presolve removed 0 rows and 0 columns (presolve time = 1305s)...
Presolve removed 0 rows and 0 columns (presolve time = 1310s)...
Presolve removed 0 rows and 0 columns (presolve time = 1315s)...
Presolve removed 0 rows and 0 columns (presolve time = 1320s)...
Presolve removed 0 rows and 0 columns (presolve time = 1325s)...
Presolve removed 0 rows and 0 columns (presolve time = 1330s)...
Presolve removed 0 rows and 0 columns (presolve time = 1335s)...
Presolve removed 0 rows and 0 columns (presolve time = 1340s)...
Presolve removed 0 rows and 0 columns (presolve time = 1345s)...
Presolve removed 0 rows and 0 columns (presolve time = 1350s)...
Presolve removed 0 rows and 0 columns (presolve time = 1355s)...
Presolve removed 0 rows and 0 columns (presolve time = 1360s)...
Presolve removed 0 rows and 0 columns (presolve time = 1365s)...
Presolve removed 0 rows and 0 columns (presolve time = 1370s)...
Presolve removed 0 rows and 0 columns (presolve time = 1375s)...
Presolve removed 0 rows and 0 columns (presolve time = 1380s)...
Presolve removed 0 rows and 0 columns (presolve time = 1385s)...
Presolve removed 0 rows and 0 columns (presolve time = 1390s)...
Presolve removed 0 rows and 0 columns (presolve time = 1395s)...
Presolve removed 0 rows and 0 columns (presolve time = 1400s)...
Presolve removed 0 rows and 0 columns (presolve time = 1405s)...
Presolve removed 0 rows and 0 columns (presolve time = 1410s)...
Presolve removed 0 rows and 0 columns (presolve time = 1415s)...
Presolve removed 0 rows and 0 columns (presolve time = 1420s)...
Presolve removed 0 rows and 0 columns (presolve time = 1425s)...
Presolve removed 0 rows and 0 columns (presolve time = 1430s)...
Presolve removed 0 rows and 0 columns (presolve time = 1435s)...
Presolve removed 0 rows and 0 columns (presolve time = 1440s)...
Presolve removed 0 rows and 0 columns (presolve time = 1445s)...
Presolve removed 0 rows and 0 columns (presolve time = 1450s)...
Presolve removed 0 rows and 0 columns (presolve time = 1455s)...
Presolve removed 0 rows and 0 columns (presolve time = 1460s)...
Presolve removed 0 rows and 0 columns (presolve time = 1465s)...
Presolve removed 0 rows and 0 columns (presolve time = 1470s)...
Presolve removed 0 rows and 0 columns (presolve time = 1475s)...
Presolve removed 0 rows and 0 columns (presolve time = 1480s)...
Presolve removed 0 rows and 0 columns (presolve time = 1485s)...
Presolve removed 0 rows and 0 columns (presolve time = 1490s)...
Presolve removed 0 rows and 0 columns (presolve time = 1495s)...
Presolve removed 0 rows and 0 columns (presolve time = 1500s)...
Presolve removed 0 rows and 0 columns (presolve time = 1505s)...
Presolve removed 0 rows and 0 columns (presolve time = 1510s)...
Presolve removed 0 rows and 0 columns (presolve time = 1515s)...
Presolve removed 0 rows and 0 columns (presolve time = 1520s)...
Presolve removed 0 rows and 0 columns (presolve time = 1525s)...
Presolve removed 0 rows and 0 columns (presolve time = 1530s)...
Presolve removed 0 rows and 0 columns (presolve time = 1535s)...
Presolve removed 0 rows and 0 columns (presolve time = 1540s)...
Presolve removed 0 rows and 0 columns (presolve time = 1545s)...
Presolve removed 0 rows and 0 columns (presolve time = 1550s)...
Presolve removed 0 rows and 0 columns (presolve time = 1555s)...
Presolve removed 0 rows and 0 columns (presolve time = 1560s)...
Presolve removed 0 rows and 0 columns (presolve time = 1565s)...
Presolve removed 0 rows and 0 columns (presolve time = 1570s)...
Presolve removed 0 rows and 0 columns (presolve time = 1575s)...
Presolve removed 0 rows and 0 columns (presolve time = 1580s)...
Presolve removed 0 rows and 0 columns (presolve time = 1585s)...
Presolve removed 0 rows and 0 columns (presolve time = 1590s)...
Presolve removed 0 rows and 0 columns (presolve time = 1595s)...
Presolve removed 0 rows and 0 columns (presolve time = 1600s)...
Presolve removed 0 rows and 0 columns (presolve time = 1605s)...
Presolve removed 0 rows and 0 columns (presolve time = 1610s)...
Presolve removed 0 rows and 0 columns (presolve time = 1615s)...
Presolve removed 0 rows and 0 columns (presolve time = 1620s)...
Presolve removed 0 rows and 0 columns (presolve time = 1625s)...
Presolve removed 0 rows and 0 columns (presolve time = 1630s)...
Presolve removed 0 rows and 0 columns (presolve time = 1635s)...
Presolve removed 0 rows and 0 columns (presolve time = 1640s)...
Presolve removed 0 rows and 0 columns (presolve time = 1645s)...
Presolve removed 0 rows and 0 columns (presolve time = 1650s)...
Presolve removed 0 rows and 0 columns (presolve time = 1655s)...
Presolve removed 0 rows and 0 columns (presolve time = 1660s)...
Presolve removed 0 rows and 0 columns (presolve time = 1665s)...
Presolve removed 0 rows and 0 columns (presolve time = 1670s)...
Presolve removed 0 rows and 0 columns (presolve time = 1675s)...
Presolve removed 0 rows and 0 columns (presolve time = 1680s)...
Presolve removed 0 rows and 0 columns (presolve time = 1685s)...
Presolve removed 0 rows and 0 columns (presolve time = 1690s)...
Presolve removed 0 rows and 0 columns (presolve time = 1695s)...
Presolve removed 0 rows and 0 columns (presolve time = 1700s)...
Presolve removed 0 rows and 0 columns (presolve time = 1705s)...
Presolve removed 0 rows and 0 columns (presolve time = 1710s)...
Presolve removed 0 rows and 0 columns (presolve time = 1715s)...
Presolve removed 0 rows and 0 columns (presolve time = 1720s)...
Presolve removed 0 rows and 0 columns (presolve time = 1725s)...
Presolve removed 0 rows and 0 columns (presolve time = 1730s)...
Presolve removed 0 rows and 0 columns (presolve time = 1735s)...
Presolve removed 0 rows and 0 columns (presolve time = 1740s)...
Presolve removed 0 rows and 0 columns (presolve time = 1745s)...
Presolve removed 0 rows and 0 columns (presolve time = 1750s)...
Presolve removed 0 rows and 0 columns (presolve time = 1755s)...
Presolve removed 0 rows and 0 columns (presolve time = 1760s)...
Presolve removed 0 rows and 0 columns (presolve time = 1765s)...
Presolve removed 0 rows and 0 columns (presolve time = 1770s)...
Presolve removed 0 rows and 0 columns (presolve time = 1775s)...
Presolve removed 0 rows and 0 columns (presolve time = 1780s)...
Presolve removed 0 rows and 0 columns (presolve time = 1785s)...
Presolve removed 0 rows and 0 columns (presolve time = 1790s)...
Presolve removed 0 rows and 0 columns (presolve time = 1795s)...
Presolve removed 0 rows and 0 columns (presolve time = 1800s)...
Presolve removed 0 rows and 0 columns (presolve time = 1805s)...
Presolve removed 0 rows and 0 columns (presolve time = 1810s)...
Presolve removed 0 rows and 0 columns (presolve time = 1815s)...
Presolve removed 0 rows and 0 columns (presolve time = 1820s)...
Presolve removed 0 rows and 0 columns (presolve time = 1825s)...
Presolve removed 0 rows and 0 columns (presolve time = 1830s)...
Presolve removed 0 rows and 0 columns (presolve time = 1835s)...
Presolve removed 0 rows and 0 columns (presolve time = 1840s)...
Presolve removed 0 rows and 0 columns (presolve time = 1845s)...
Presolve removed 0 rows and 0 columns (presolve time = 1850s)...
Presolve removed 0 rows and 0 columns (presolve time = 1855s)...
Presolve removed 0 rows and 0 columns (presolve time = 1860s)...
Presolve removed 0 rows and 0 columns (presolve time = 1865s)...
Presolve removed 0 rows and 0 columns (presolve time = 1870s)...
Presolve removed 0 rows and 0 columns (presolve time = 1875s)...
Presolve removed 0 rows and 0 columns (presolve time = 1880s)...
Presolve removed 0 rows and 0 columns (presolve time = 1885s)...
Presolve removed 0 rows and 0 columns (presolve time = 1890s)...
Presolve removed 0 rows and 0 columns (presolve time = 1895s)...
Presolve removed 0 rows and 0 columns (presolve time = 1900s)...
Presolve removed 0 rows and 0 columns (presolve time = 1905s)...
Presolve removed 0 rows and 0 columns (presolve time = 1910s)...
Presolve removed 0 rows and 0 columns (presolve time = 1915s)...
Presolve removed 0 rows and 0 columns (presolve time = 1920s)...
Presolve removed 0 rows and 0 columns (presolve time = 1925s)...
Presolve removed 0 rows and 0 columns (presolve time = 1930s)...
Presolve removed 0 rows and 0 columns (presolve time = 1935s)...
Presolve removed 0 rows and 0 columns (presolve time = 1940s)...
Presolve removed 0 rows and 0 columns (presolve time = 1945s)...
Presolve removed 0 rows and 0 columns (presolve time = 1950s)...
Presolve removed 0 rows and 0 columns (presolve time = 1955s)...
Presolve removed 0 rows and 0 columns (presolve time = 1960s)...
Presolve removed 0 rows and 0 columns (presolve time = 1965s)...
Presolve removed 0 rows and 0 columns (presolve time = 1970s)...
Presolve removed 0 rows and 0 columns (presolve time = 1975s)...
Presolve removed 0 rows and 0 columns (presolve time = 1980s)...
Presolve removed 0 rows and 0 columns (presolve time = 1985s)...
Presolve removed 0 rows and 0 columns (presolve time = 1990s)...
Presolve removed 0 rows and 0 columns (presolve time = 1995s)...
Presolve removed 0 rows and 0 columns (presolve time = 2000s)...
Presolve removed 0 rows and 0 columns (presolve time = 2005s)...
Presolve removed 0 rows and 0 columns (presolve time = 2010s)...
Presolve removed 0 rows and 0 columns (presolve time = 2015s)...
Presolve removed 0 rows and 0 columns (presolve time = 2020s)...
Presolve removed 0 rows and 0 columns (presolve time = 2025s)...
Presolve removed 0 rows and 0 columns (presolve time = 2030s)...
Presolve removed 0 rows and 0 columns (presolve time = 2035s)...
Presolve removed 0 rows and 0 columns (presolve time = 2040s)...
Presolve removed 0 rows and 0 columns (presolve time = 2045s)...
Presolve removed 0 rows and 0 columns (presolve time = 2050s)...
Presolve removed 0 rows and 0 columns (presolve time = 2055s)...
Presolve removed 0 rows and 0 columns (presolve time = 2060s)...
Presolve removed 0 rows and 0 columns (presolve time = 2065s)...
Presolve removed 0 rows and 0 columns (presolve time = 2070s)...
Presolve removed 0 rows and 0 columns (presolve time = 2075s)...
Presolve removed 0 rows and 0 columns (presolve time = 2080s)...
Presolve removed 0 rows and 0 columns (presolve time = 2085s)...
Presolve removed 0 rows and 0 columns (presolve time = 2090s)...
Presolve removed 0 rows and 0 columns (presolve time = 2095s)...
Presolve removed 0 rows and 0 columns (presolve time = 2100s)...
Presolve removed 0 rows and 0 columns (presolve time = 2105s)...
Presolve removed 0 rows and 0 columns (presolve time = 2110s)...
Presolve removed 0 rows and 0 columns (presolve time = 2115s)...
Presolve removed 0 rows and 0 columns (presolve time = 2120s)...
Presolve removed 0 rows and 0 columns (presolve time = 2125s)...
Presolve removed 0 rows and 0 columns (presolve time = 2130s)...
Presolve removed 0 rows and 0 columns (presolve time = 2135s)...
Presolve removed 0 rows and 0 columns (presolve time = 2140s)...
Presolve removed 0 rows and 0 columns (presolve time = 2145s)...
Presolve removed 0 rows and 0 columns (presolve time = 2150s)...
Presolve removed 0 rows and 0 columns (presolve time = 2155s)...
Presolve removed 0 rows and 0 columns (presolve time = 2160s)...
Presolve removed 0 rows and 0 columns (presolve time = 2165s)...
Presolve removed 0 rows and 0 columns (presolve time = 2170s)...
Presolve removed 0 rows and 0 columns (presolve time = 2175s)...
Presolve removed 0 rows and 0 columns (presolve time = 2180s)...
Presolve removed 0 rows and 0 columns (presolve time = 2185s)...
Presolve removed 0 rows and 0 columns (presolve time = 2190s)...
Presolve removed 0 rows and 0 columns (presolve time = 2195s)...
Presolve removed 0 rows and 0 columns (presolve time = 2200s)...
Presolve removed 0 rows and 0 columns (presolve time = 2205s)...
Presolve removed 0 rows and 0 columns (presolve time = 2210s)...
Presolve removed 0 rows and 0 columns (presolve time = 2215s)...
Presolve removed 0 rows and 0 columns (presolve time = 2220s)...
Presolve removed 0 rows and 0 columns (presolve time = 2225s)...
Presolve removed 0 rows and 0 columns (presolve time = 2230s)...
Presolve removed 0 rows and 0 columns (presolve time = 2235s)...
Presolve removed 0 rows and 0 columns (presolve time = 2240s)...
Presolve removed 0 rows and 0 columns (presolve time = 2245s)...
Presolve removed 0 rows and 0 columns (presolve time = 2250s)...
Presolve removed 0 rows and 0 columns (presolve time = 2255s)...
Presolve removed 0 rows and 0 columns (presolve time = 2260s)...
Presolve removed 0 rows and 0 columns (presolve time = 2265s)...
Presolve removed 0 rows and 0 columns (presolve time = 2270s)...
Presolve removed 0 rows and 0 columns (presolve time = 2275s)...
Presolve removed 0 rows and 0 columns (presolve time = 2280s)...
Presolve removed 0 rows and 0 columns (presolve time = 2285s)...
Presolve removed 0 rows and 0 columns (presolve time = 2290s)...
Presolve removed 0 rows and 0 columns (presolve time = 2295s)...
Presolve removed 0 rows and 0 columns (presolve time = 2300s)...
Presolve removed 0 rows and 0 columns (presolve time = 2305s)...
Presolve removed 0 rows and 0 columns (presolve time = 2310s)...
Presolve removed 0 rows and 0 columns (presolve time = 2315s)...
Presolve removed 0 rows and 0 columns (presolve time = 2320s)...
Presolve removed 0 rows and 0 columns (presolve time = 2325s)...
Presolve removed 0 rows and 0 columns (presolve time = 2330s)...
Presolve removed 0 rows and 0 columns (presolve time = 2335s)...
Presolve removed 0 rows and 0 columns (presolve time = 2340s)...
Presolve removed 0 rows and 0 columns (presolve time = 2345s)...
Presolve removed 0 rows and 0 columns (presolve time = 2350s)...
Presolve removed 0 rows and 0 columns (presolve time = 2355s)...
Presolve removed 0 rows and 0 columns (presolve time = 2360s)...
Presolve removed 0 rows and 0 columns (presolve time = 2365s)...
Presolve removed 0 rows and 0 columns (presolve time = 2370s)...
Presolve removed 0 rows and 0 columns (presolve time = 2375s)...
Presolve removed 0 rows and 0 columns (presolve time = 2380s)...
Presolve removed 0 rows and 0 columns (presolve time = 2385s)...
Presolve removed 0 rows and 0 columns (presolve time = 2390s)...
Presolve removed 0 rows and 0 columns (presolve time = 2395s)...
Presolve removed 0 rows and 0 columns (presolve time = 2400s)...
Presolve removed 0 rows and 0 columns (presolve time = 2405s)...
Presolve removed 0 rows and 0 columns (presolve time = 2410s)...
Presolve removed 0 rows and 0 columns (presolve time = 2415s)...
Presolve removed 0 rows and 0 columns (presolve time = 2420s)...
Presolve removed 0 rows and 0 columns (presolve time = 2425s)...
Presolve removed 0 rows and 0 columns (presolve time = 2430s)...
Presolve removed 0 rows and 0 columns (presolve time = 2435s)...
Presolve removed 0 rows and 0 columns (presolve time = 2440s)...
Presolve removed 0 rows and 0 columns (presolve time = 2445s)...
Presolve removed 0 rows and 0 columns (presolve time = 2450s)...
Presolve removed 0 rows and 0 columns (presolve time = 2455s)...
Presolve removed 0 rows and 0 columns (presolve time = 2460s)...
Presolve removed 0 rows and 0 columns (presolve time = 2465s)...
Presolve removed 0 rows and 0 columns (presolve time = 2470s)...
Presolve removed 0 rows and 0 columns (presolve time = 2475s)...
Presolve removed 0 rows and 0 columns (presolve time = 2480s)...
Presolve removed 0 rows and 0 columns (presolve time = 2485s)...
Presolve removed 0 rows and 0 columns (presolve time = 2490s)...
Presolve removed 0 rows and 0 columns (presolve time = 2495s)...
Presolve removed 0 rows and 0 columns (presolve time = 2500s)...
Presolve removed 0 rows and 0 columns (presolve time = 2505s)...
Presolve removed 0 rows and 0 columns (presolve time = 2510s)...
Presolve removed 0 rows and 0 columns (presolve time = 2515s)...
Presolve removed 0 rows and 0 columns (presolve time = 2520s)...
Presolve removed 0 rows and 0 columns (presolve time = 2525s)...
Presolve removed 0 rows and 0 columns (presolve time = 2530s)...
Presolve removed 0 rows and 0 columns (presolve time = 2535s)...
Presolve removed 0 rows and 0 columns (presolve time = 2540s)...
Presolve removed 0 rows and 0 columns (presolve time = 2545s)...
Presolve removed 0 rows and 0 columns (presolve time = 2550s)...
Presolve removed 0 rows and 0 columns (presolve time = 2555s)...
Presolve removed 0 rows and 0 columns (presolve time = 2560s)...
Presolve removed 0 rows and 0 columns (presolve time = 2565s)...
Presolve removed 0 rows and 0 columns (presolve time = 2570s)...
Presolve removed 0 rows and 0 columns (presolve time = 2575s)...
Presolve removed 0 rows and 0 columns (presolve time = 2580s)...
Presolve removed 0 rows and 0 columns (presolve time = 2585s)...
Presolve removed 0 rows and 0 columns (presolve time = 2590s)...
Presolve removed 0 rows and 0 columns (presolve time = 2595s)...
Presolve removed 0 rows and 0 columns (presolve time = 2600s)...
Presolve removed 0 rows and 0 columns (presolve time = 2605s)...
Presolve removed 0 rows and 0 columns (presolve time = 2610s)...
Presolve removed 0 rows and 0 columns (presolve time = 2615s)...
Presolve removed 0 rows and 0 columns (presolve time = 2620s)...
Presolve removed 0 rows and 0 columns (presolve time = 2625s)...
Presolve removed 0 rows and 0 columns (presolve time = 2630s)...
Presolve removed 0 rows and 0 columns (presolve time = 2635s)...
Presolve removed 0 rows and 0 columns (presolve time = 2640s)...
Presolve removed 0 rows and 0 columns (presolve time = 2645s)...
Presolve removed 0 rows and 0 columns (presolve time = 2669s)...
Presolve time: 2669.22s
Presolved: 392028 rows, 43080 columns, 185187996 nonzeros
Variable types: 0 continuous, 43080 integer (43080 binary)

Root simplex log...

Iteration    Objective       Primal Inf.    Dual Inf.      Time
       0   -0.0000000e+00   0.000000e+00   3.412500e+03   2762s
      37    5.2891979e+03   0.000000e+00   0.000000e+00   2762s
      37    5.2891979e+03   0.000000e+00   0.000000e+00   2762s

Use crossover to convert LP symmetric solution to basic solution...

Root crossover log...

  377668 variables added to crossover basis                     2774s
  379048 variables added to crossover basis                     2775s
  379708 variables added to crossover basis                     2780s
  380098 variables added to crossover basis                     2785s
  380398 variables added to crossover basis                     2790s
  380638 variables added to crossover basis                     2795s
  380878 variables added to crossover basis                     2800s
  381088 variables added to crossover basis                     2806s
  381268 variables added to crossover basis                     2810s
  381448 variables added to crossover basis                     2815s
  381628 variables added to crossover basis                     2821s
  381778 variables added to crossover basis                     2825s
  381928 variables added to crossover basis                     2830s
  382078 variables added to crossover basis                     2835s
  382228 variables added to crossover basis                     2841s
  382348 variables added to crossover basis                     2845s
  382498 variables added to crossover basis                     2851s
  382618 variables added to crossover basis                     2855s
  382738 variables added to crossover basis                     2860s
  382888 variables added to crossover basis                     2866s
  383008 variables added to crossover basis                     2871s
  383098 variables added to crossover basis                     2875s
  383218 variables added to crossover basis                     2880s
  383338 variables added to crossover basis                     2886s
  383458 variables added to crossover basis                     2891s
  383548 variables added to crossover basis                     2895s
  383668 variables added to crossover basis                     2901s
  383758 variables added to crossover basis                     2905s
  383878 variables added to crossover basis                     2911s
  383968 variables added to crossover basis                     2915s
  384088 variables added to crossover basis                     2921s
  384178 variables added to crossover basis                     2926s
  384268 variables added to crossover basis                     2931s
  384358 variables added to crossover basis                     2935s
  384478 variables added to crossover basis                     2942s
  384568 variables added to crossover basis                     2946s
  384658 variables added to crossover basis                     2951s
  384748 variables added to crossover basis                     2956s
  384838 variables added to crossover basis                     2961s
  384928 variables added to crossover basis                     2966s
  385018 variables added to crossover basis                     2971s
  385108 variables added to crossover basis                     2976s
  385198 variables added to crossover basis                     2981s
  385288 variables added to crossover basis                     2986s
  385378 variables added to crossover basis                     2992s
  385438 variables added to crossover basis                     2995s
  385528 variables added to crossover basis                     3001s
  385618 variables added to crossover basis                     3006s
  385708 variables added to crossover basis                     3011s
  385798 variables added to crossover basis                     3017s
  385858 variables added to crossover basis                     3020s
  385948 variables added to crossover basis                     3026s
  386038 variables added to crossover basis                     3032s
  386098 variables added to crossover basis                     3035s
  386188 variables added to crossover basis                     3041s
  386278 variables added to crossover basis                     3047s
  386338 variables added to crossover basis                     3050s
  386428 variables added to crossover basis                     3056s
  386488 variables added to crossover basis                     3060s
  386578 variables added to crossover basis                     3066s
  386668 variables added to crossover basis                     3072s
  386728 variables added to crossover basis                     3076s
  386818 variables added to crossover basis                     3082s
  386878 variables added to crossover basis                     3086s
  386968 variables added to crossover basis                     3091s
  387028 variables added to crossover basis                     3095s
  387118 variables added to crossover basis                     3101s
  387178 variables added to crossover basis                     3106s
  387268 variables added to crossover basis                     3112s
  387328 variables added to crossover basis                     3116s
  387418 variables added to crossover basis                     3122s
  387478 variables added to crossover basis                     3126s
  387538 variables added to crossover basis                     3130s
  387628 variables added to crossover basis                     3136s
  387688 variables added to crossover basis                     3141s
  387778 variables added to crossover basis                     3147s
  387838 variables added to crossover basis                     3151s
  387898 variables added to crossover basis                     3155s
  387988 variables added to crossover basis                     3162s
  388048 variables added to crossover basis                     3166s
  388108 variables added to crossover basis                     3170s
  388198 variables added to crossover basis                     3176s
  388258 variables added to crossover basis                     3181s
  388318 variables added to crossover basis                     3185s
  388408 variables added to crossover basis                     3191s
  388468 variables added to crossover basis                     3196s
  388528 variables added to crossover basis                     3200s
  388618 variables added to crossover basis                     3207s
  388678 variables added to crossover basis                     3211s
  388738 variables added to crossover basis                     3215s
  388828 variables added to crossover basis                     3222s
  388888 variables added to crossover basis                     3226s
  388948 variables added to crossover basis                     3231s
  389008 variables added to crossover basis                     3235s
  389098 variables added to crossover basis                     3242s
  389158 variables added to crossover basis                     3246s
  389218 variables added to crossover basis                     3251s
  389278 variables added to crossover basis                     3255s
  389368 variables added to crossover basis                     3262s
  389428 variables added to crossover basis                     3267s
  389488 variables added to crossover basis                     3271s
  389548 variables added to crossover basis                     3276s
  389608 variables added to crossover basis                     3280s
  389698 variables added to crossover basis                     3287s
  389758 variables added to crossover basis                     3291s
  389818 variables added to crossover basis                     3296s
  389878 variables added to crossover basis                     3301s
  389938 variables added to crossover basis                     3305s
  390028 variables added to crossover basis                     3312s
  390088 variables added to crossover basis                     3317s
  390148 variables added to crossover basis                     3321s
  390208 variables added to crossover basis                     3326s
  390268 variables added to crossover basis                     3330s
  390358 variables added to crossover basis                     3337s
  390418 variables added to crossover basis                     3342s
  390478 variables added to crossover basis                     3347s
  390538 variables added to crossover basis                     3351s
  390598 variables added to crossover basis                     3356s
  390658 variables added to crossover basis                     3360s
  390718 variables added to crossover basis                     3365s
  390808 variables added to crossover basis                     3372s
  390868 variables added to crossover basis                     3377s
  390928 variables added to crossover basis                     3381s
  390988 variables added to crossover basis                     3386s
  391048 variables added to crossover basis                     3391s
  391108 variables added to crossover basis                     3395s
  391168 variables added to crossover basis                     3400s
  391258 variables added to crossover basis                     3407s
  391318 variables added to crossover basis                     3412s
  391378 variables added to crossover basis                     3416s
  391438 variables added to crossover basis                     3421s
  391498 variables added to crossover basis                     3426s
  391558 variables added to crossover basis                     3430s
  391618 variables added to crossover basis                     3435s
  391708 variables added to crossover basis                     3442s
  391768 variables added to crossover basis                     3447s
  391828 variables added to crossover basis                     3452s
  391888 variables added to crossover basis                     3456s
  391948 variables added to crossover basis                     3461s
  392008 variables added to crossover basis                     3466s

       0 DPushes remaining with DInf 0.0000000e+00              3599s

       0 PPushes remaining with PInf 0.0000000e+00              3601s

  Push phase complete: Pinf 0.0000000e+00, Dinf 4.7590998e-09   3602s


Root simplex log...

Iteration    Objective       Primal Inf.    Dual Inf.      Time
      40    5.2891979e+03   0.000000e+00   0.000000e+00   3740s
Crossover time: 977.12 seconds (2519.58 work units)

Root relaxation: objective 5.289198e+03, 40 iterations, 1053.74 seconds (2587.09 work units)

    Nodes    |    Current Node    |     Objective Bounds      |     Work
 Expl Unexpl |  Obj  Depth IntInf | Incumbent    BestBd   Gap | It/Node Time

     0     0 5289.19793    0 14360 7997.00000 5289.19793  33.9%     - 4092s
H    0     0                    7180.0000000 5289.19793  26.3%     - 4093s
H    0     0                    6880.0000000 5289.19793  23.1%     - 4094s
H    0     0                    6879.0000000 5289.19793  23.1%     - 4095s
H    0     0                    6878.0000000 5289.19793  23.1%     - 4104s
H    0     0                    5875.0000000 5289.19793  10.0%     - 4209s
H    0     0                    5851.0000000 5289.19793  9.60%     - 4210s
H    0     0                    5841.0000000 5289.19793  9.45%     - 4211s
H    0     0                    5837.0000000 5289.19793  9.38%     - 4211s
H    0     0                    5836.0000000 5289.19793  9.37%     - 4243s
H    0     0                    5833.0000000 5289.19793  9.32%     - 4244s
H    0     0                    5829.0000000 5289.19793  9.26%     - 4273s
H    0     0                    5820.0000000 5289.19793  9.12%     - 4322s
H    0     0                    5818.0000000 5289.19793  9.09%     - 4361s
H    0     0                    5813.0000000 5289.19793  9.01%     - 4393s
H    0     0                    5809.0000000 5289.19793  8.95%     - 4393s
H    0     0                    5808.0000000 5289.19793  8.93%     - 4474s
H    0     0                    5807.0000000 5289.19793  8.92%     - 4475s
H    0     0                    5806.0000000 5289.19793  8.90%     - 4577s
H    0     0                    5805.0000000 5289.19793  8.89%     - 4673s
H    0     0                    5804.0000000 5289.19793  8.87%     - 4762s
H    0     0                    5802.0000000 5289.19793  8.84%     - 4765s
H    0     0                    5793.0000000 5289.19793  8.70%     - 5478s
H    0     0                    5781.0000000 5289.19793  8.51%     - 5921s
H    0     0                    5780.0000000 5289.19793  8.49%     - 6643s
     0     0 5289.19793    0 14360 5780.00000 5289.19793  8.49%     - 10567s

Explored 1 nodes (40 simplex iterations) in 14402.30 seconds (26894.50 work units)
Thread count was 32 (of 32 available processors)

Solution count 10: 5780 5781 5793 ... 5809

Time limit reached
Best objective 5.780000000000e+03, best bound 5.290000000000e+03, gap 8.4775%

User-callback calls 276724, time in user-callback 1.22 sec
