
Gurobi 13.0.2 (linux64) logging started Mon Jul 20 02:30:04 2026

Set parameter LogFile to value "/tmp/sweep_20260716_013919_north-korea_alt550km_s50_i2_v6_gurobi.log"
Set parameter Method to value 1
Set parameter NodefileStart to value 4
Set parameter RINS to value 50
Gurobi Optimizer version 13.0.2 build v13.0.2rc1 (linux64 - "Debian GNU/Linux 13 (trixie)")

CPU model: Intel(R) Xeon(R) Platinum 8375C CPU @ 2.90GHz, instruction set [SSE2|AVX|AVX2|AVX512]
Thread count: 16 physical cores, 32 logical processors, using up to 32 threads

Non-default parameters:
TimeLimit  14400
MIPGap  0.001
Method  1
LPWarmStart  1
Heuristics  0.2
MIPFocus  1
NodefileStart  4
RINS  50
Symmetry  2
Cuts  2
CoverCuts  2
LogToConsole  0

Academic license 2812613 - for non-commercial use only - registered to no___@gatech.edu
Optimize a model with 1436 rows, 17950 columns and 180936 nonzeros (Min)
Model fingerprint: 0xa98f724c
Model has 17950 linear objective coefficients
Variable types: 0 continuous, 17950 integer (17950 binary)
Coefficient statistics:
  Matrix range     [1e+00, 1e+00]
  Objective range  [1e+00, 1e+00]
  Bounds range     [1e+00, 1e+00]
  RHS range        [2e+01, 2e+01]

Found heuristic solution: objective 4510.0000000
Presolve removed 0 rows and 7180 columns
Presolve time: 0.12s
Presolved: 1436 rows, 10770 columns, 119188 nonzeros
Variable types: 0 continuous, 10770 integer (8616 binary)

Root simplex log...

Iteration    Objective       Primal Inf.    Dual Inf.      Time
   12069    2.5053440e+03   2.517543e+03   0.000000e+00      5s
   20359    2.5130019e+03   2.581667e+01   0.000000e+00     10s
   20554    2.5130000e+03   0.000000e+00   0.000000e+00     10s

Root relaxation: objective 2.513000e+03, 20554 iterations, 10.02 seconds (20.62 work units)

    Nodes    |    Current Node    |     Objective Bounds      |     Work
 Expl Unexpl |  Obj  Depth IntInf | Incumbent    BestBd   Gap | It/Node Time

     0     0 2513.00000    0  940 4510.00000 2513.00000  44.3%     -   12s
H    0     0                    3394.0000000 2513.00000  26.0%     -   12s
H    0     0                    3260.0000000 2513.00000  22.9%     -   12s
H    0     0                    2648.0000000 2513.00000  5.10%     -   12s
H    0     0                    2608.0000000 2513.00000  3.64%     -   13s
H    0     0                    2585.0000000 2513.00000  2.79%     -   13s
H    0     0                    2584.0000000 2513.00000  2.75%     -   13s
H    0     0                    2581.0000000 2513.00000  2.63%     -   13s
H    0     0                    2573.0000000 2513.00000  2.33%     -   13s
H    0     0                    2571.0000000 2513.00000  2.26%     -   13s
H    0     0                    2570.0000000 2513.00000  2.22%     -   13s
H    0     0                    2569.0000000 2513.00000  2.18%     -   13s
H    0     0                    2560.0000000 2513.00000  1.84%     -   14s
H    0     0                    2559.0000000 2513.00000  1.80%     -   14s
H    0     0                    2558.0000000 2513.00000  1.76%     -   14s
H    0     0                    2557.0000000 2513.00000  1.72%     -   14s
H    0     0                    2555.0000000 2513.00000  1.64%     -   14s
H    0     0                    2553.0000000 2513.00000  1.57%     -   14s
H    0     0                    2552.0000000 2513.00000  1.53%     -   14s
H    0     0                    2551.0000000 2513.00000  1.49%     -   14s
H    0     0                    2549.0000000 2513.00000  1.41%     -   14s
H    0     0                    2548.0000000 2513.00000  1.37%     -   15s
H    0     0                    2546.0000000 2513.00000  1.30%     -   15s
H    0     0                    2545.0000000 2513.00000  1.26%     -   15s
H    0     0                    2544.0000000 2513.00000  1.22%     -   15s
H    0     0                    2543.0000000 2513.00000  1.18%     -   15s
H    0     0                    2542.0000000 2513.00000  1.14%     -   15s
H    0     0                    2541.0000000 2513.00000  1.10%     -   15s
H    0     0                    2540.0000000 2513.00000  1.06%     -   18s
     0     0 2513.00000    0  976 2540.00000 2513.00000  1.06%     -   19s
H    0     0                    2539.0000000 2513.00000  1.02%     -   29s
H    0     0                    2538.0000000 2513.00000  0.99%     -   29s
H    0     0                    2537.0000000 2513.00000  0.95%     -   30s
H    0     0                    2536.0000000 2513.00000  0.91%     -   31s
H    0     0                    2535.0000000 2513.00000  0.87%     -   32s
     0     0 2513.00000    0  976 2535.00000 2513.00000  0.87%     -   35s
     0     0 2513.00000    0  874 2535.00000 2513.00000  0.87%     -   41s
     0     2 2513.00000    0  842 2535.00000 2513.00000  0.87%     -   57s
     1     3 2513.00000    1  943 2535.00000 2513.00000  0.87%   777   61s
*    4     2               1    2513.0000000 2513.00000  0.00%  1555   64s

Explored 5 nodes (45562 simplex iterations) in 64.38 seconds (130.33 work units)
Thread count was 32 (of 32 available processors)

Solution count 10: 2513 2535 2536 ... 2543

Optimal solution found (tolerance 1.00e-03)
Best objective 2.513000000000e+03, best bound 2.513000000000e+03, gap 0.0000%

User-callback calls 13910, time in user-callback 0.03 sec
