
Gurobi 13.0.2 (linux64) logging started Sun Jun 28 09:15:34 2026

Set parameter LogFile to value "/tmp/sweep_20260626_235454_china_alt550km_s20_i6_v5_gurobi.log"
Set parameter Method to value 1
Set parameter NodefileStart to value 4
Set parameter RINS to value 50
Gurobi Optimizer version 13.0.2 build v13.0.2rc1 (linux64 - "Debian GNU/Linux 13 (trixie)")

CPU model: Intel(R) Xeon(R) Platinum 8375C CPU @ 2.90GHz, instruction set [SSE2|AVX|AVX2|AVX512]
Thread count: 16 physical cores, 32 logical processors, using up to 32 threads

Non-default parameters:
TimeLimit  10800
MIPGap  0.01
Method  1
LPWarmStart  1
Heuristics  0.2
MIPFocus  1
NodefileStart  4
RINS  50
Symmetry  2
Cuts  2
CoverCuts  2
LogToConsole  0

Academic license 2812613 - for non-commercial use only - registered to no___@gatech.edu
Optimize a model with 196014 rows, 35900 columns and 19481494 nonzeros (Min)
Model fingerprint: 0x1f9985ec
Model has 35900 linear objective coefficients
Variable types: 0 continuous, 35900 integer (35900 binary)
Coefficient statistics:
  Matrix range     [1e+00, 1e+00]
  Objective range  [1e+00, 1e+00]
  Bounds range     [1e+00, 1e+00]
  RHS range        [4e+00, 4e+00]

Found heuristic solution: objective 5026.0000000
Presolve removed 0 rows and 0 columns (presolve time = 6s)...
Presolve removed 0 rows and 0 columns (presolve time = 11s)...
Presolve removed 0 rows and 0 columns (presolve time = 16s)...
Presolve removed 0 rows and 0 columns (presolve time = 20s)...
Presolve removed 0 rows and 0 columns (presolve time = 25s)...
Presolve removed 0 rows and 0 columns (presolve time = 30s)...
Presolve removed 0 rows and 0 columns (presolve time = 35s)...
Presolve removed 0 rows and 0 columns (presolve time = 41s)...
Presolve removed 0 rows and 0 columns (presolve time = 46s)...
Presolve removed 0 rows and 0 columns (presolve time = 50s)...
Presolve removed 0 rows and 0 columns (presolve time = 55s)...
Presolve removed 0 rows and 0 columns (presolve time = 60s)...
Presolve removed 0 rows and 0 columns (presolve time = 65s)...
Presolve removed 0 rows and 0 columns (presolve time = 70s)...
Presolve removed 0 rows and 0 columns (presolve time = 75s)...
Presolve removed 0 rows and 0 columns (presolve time = 80s)...
Presolve removed 0 rows and 0 columns (presolve time = 85s)...
Presolve removed 0 rows and 0 columns (presolve time = 90s)...
Presolve removed 0 rows and 0 columns (presolve time = 95s)...
Presolve removed 0 rows and 0 columns (presolve time = 100s)...
Presolve removed 0 rows and 0 columns (presolve time = 105s)...
Presolve removed 0 rows and 0 columns (presolve time = 110s)...
Presolve removed 0 rows and 0 columns (presolve time = 115s)...
Presolve removed 0 rows and 0 columns (presolve time = 120s)...
Presolve removed 0 rows and 0 columns (presolve time = 125s)...
Presolve removed 0 rows and 0 columns (presolve time = 130s)...
Presolve removed 0 rows and 0 columns (presolve time = 135s)...
Presolve removed 0 rows and 0 columns (presolve time = 140s)...
Presolve removed 0 rows and 0 columns (presolve time = 145s)...
Presolve removed 0 rows and 0 columns (presolve time = 150s)...
Presolve removed 0 rows and 0 columns (presolve time = 155s)...
Presolve removed 0 rows and 0 columns (presolve time = 160s)...
Presolve removed 0 rows and 0 columns (presolve time = 165s)...
Presolve removed 0 rows and 0 columns (presolve time = 170s)...
Presolve removed 0 rows and 0 columns (presolve time = 175s)...
Presolve removed 0 rows and 0 columns (presolve time = 180s)...
Presolve removed 0 rows and 0 columns (presolve time = 185s)...
Presolve removed 0 rows and 0 columns (presolve time = 190s)...
Presolve removed 0 rows and 0 columns (presolve time = 195s)...
Presolve removed 0 rows and 0 columns (presolve time = 200s)...
Presolve removed 0 rows and 0 columns (presolve time = 205s)...
Presolve removed 0 rows and 0 columns (presolve time = 210s)...
Presolve removed 0 rows and 0 columns (presolve time = 215s)...
Presolve removed 0 rows and 0 columns (presolve time = 220s)...
Presolve removed 0 rows and 0 columns (presolve time = 225s)...
Presolve removed 0 rows and 0 columns (presolve time = 230s)...
Presolve removed 0 rows and 0 columns (presolve time = 235s)...
Presolve removed 0 rows and 0 columns (presolve time = 240s)...
Presolve time: 243.17s
Presolved: 196014 rows, 35900 columns, 19481494 nonzeros
Variable types: 0 continuous, 35900 integer (35900 binary)

Root simplex log...

Iteration    Objective       Primal Inf.    Dual Inf.      Time
       0   -0.0000000e+00   0.000000e+00   1.120000e+03    253s
     102    1.5133382e+03   0.000000e+00   0.000000e+00    253s
     102    1.5133382e+03   0.000000e+00   0.000000e+00    253s

Use crossover to convert LP symmetric solution to basic solution...

Root crossover log...

  184514 variables added to crossover basis                      260s
  185624 variables added to crossover basis                      265s
  186314 variables added to crossover basis                      270s
  186884 variables added to crossover basis                      275s
  187334 variables added to crossover basis                      280s
  187874 variables added to crossover basis                      285s
  188504 variables added to crossover basis                      290s
  189014 variables added to crossover basis                      295s
  189974 variables added to crossover basis                      300s
  190304 variables added to crossover basis                      305s
  190604 variables added to crossover basis                      310s
  190874 variables added to crossover basis                      315s
  191144 variables added to crossover basis                      320s
  191384 variables added to crossover basis                      325s
  191714 variables added to crossover basis                      330s
  192284 variables added to crossover basis                      335s
  192794 variables added to crossover basis                      340s
  193214 variables added to crossover basis                      345s
  193574 variables added to crossover basis                      350s
  193934 variables added to crossover basis                      355s
  194264 variables added to crossover basis                      360s
  194564 variables added to crossover basis                      365s
  194864 variables added to crossover basis                      370s
  195164 variables added to crossover basis                      375s
  195464 variables added to crossover basis                      380s
  195734 variables added to crossover basis                      385s

       0 DPushes remaining with DInf 0.0000000e+00               757s

       0 PPushes remaining with PInf 0.0000000e+00               757s

  Push phase complete: Pinf 0.0000000e+00, Dinf 1.1652045e-08    758s


Root simplex log...

Iteration    Objective       Primal Inf.    Dual Inf.      Time
     105    1.5133382e+03   0.000000e+00   0.000000e+00    874s
Crossover time: 620.79 seconds (1334.78 work units)

Root relaxation: objective 1.513338e+03, 105 iterations, 628.54 seconds (1341.65 work units)

    Nodes    |    Current Node    |     Objective Bounds      |     Work
 Expl Unexpl |  Obj  Depth IntInf | Incumbent    BestBd   Gap | It/Node Time

     0     0 1513.33818    0 17950 5026.00000 1513.33818  69.9%     - 1290s
H    0     0                    2154.0000000 1513.33818  29.7%     - 1291s
     0     0 1513.33818    0 17950 2154.00000 1513.33818  29.7%     - 4550s

Explored 1 nodes (105 simplex iterations) in 10800.39 seconds (23395.81 work units)
Thread count was 32 (of 32 available processors)

Solution count 2: 2154 5026 

Time limit reached
Best objective 2.154000000000e+03, best bound 1.514000000000e+03, gap 29.7122%

User-callback calls 124730, time in user-callback 0.44 sec
