
Gurobi 13.0.2 (linux64) logging started Fri Jul 10 05:45:13 2026

Set parameter LogFile to value "/tmp/sweep_20260709_012313_china_alt260km_s50_i6_v10_gurobi.log"
Set parameter Method to value 1
Set parameter NodefileStart to value 4
Set parameter RINS to value 50
Gurobi Optimizer version 13.0.2 build v13.0.2rc1 (linux64 - "Debian GNU/Linux 13 (trixie)")

CPU model: Intel(R) Xeon(R) Platinum 8375C CPU @ 2.90GHz, instruction set [SSE2|AVX|AVX2|AVX512]
Thread count: 16 physical cores, 32 logical processors, using up to 32 threads

Non-default parameters:
TimeLimit  14400
MIPGap  0.001
Method  1
LPWarmStart  1
Heuristics  0.2
MIPFocus  1
NodefileStart  4
RINS  50
Symmetry  2
Cuts  2
CoverCuts  2
LogToConsole  0

Academic license 2812613 - for non-commercial use only - registered to no___@gatech.edu
Optimize a model with 196014 rows, 21540 columns and 28674766 nonzeros (Min)
Model fingerprint: 0x5df5d055
Model has 21540 linear objective coefficients
Variable types: 0 continuous, 21540 integer (21540 binary)
Coefficient statistics:
  Matrix range     [1e+00, 1e+00]
  Objective range  [1e+00, 1e+00]
  Bounds range     [1e+00, 1e+00]
  RHS range        [9e+00, 9e+00]

Found heuristic solution: objective 2703.0000000
Presolve removed 0 rows and 0 columns (presolve time = 7s)...
Presolve removed 0 rows and 0 columns (presolve time = 12s)...
Presolve removed 0 rows and 0 columns (presolve time = 16s)...
Presolve removed 0 rows and 0 columns (presolve time = 20s)...
Presolve removed 0 rows and 0 columns (presolve time = 25s)...
Presolve removed 0 rows and 0 columns (presolve time = 31s)...
Presolve removed 0 rows and 0 columns (presolve time = 35s)...
Presolve removed 0 rows and 0 columns (presolve time = 40s)...
Presolve removed 0 rows and 0 columns (presolve time = 46s)...
Presolve removed 0 rows and 0 columns (presolve time = 50s)...
Presolve removed 0 rows and 0 columns (presolve time = 57s)...
Presolve removed 0 rows and 0 columns (presolve time = 66s)...
Presolve removed 0 rows and 0 columns (presolve time = 70s)...
Presolve removed 0 rows and 0 columns (presolve time = 75s)...
Presolve removed 0 rows and 0 columns (presolve time = 80s)...
Presolve removed 0 rows and 0 columns (presolve time = 85s)...
Presolve removed 0 rows and 0 columns (presolve time = 90s)...
Presolve removed 0 rows and 0 columns (presolve time = 95s)...
Presolve removed 0 rows and 0 columns (presolve time = 100s)...
Presolve removed 0 rows and 0 columns (presolve time = 105s)...
Presolve removed 0 rows and 0 columns (presolve time = 110s)...
Presolve removed 0 rows and 0 columns (presolve time = 115s)...
Presolve removed 0 rows and 0 columns (presolve time = 120s)...
Presolve removed 0 rows and 0 columns (presolve time = 125s)...
Presolve removed 0 rows and 0 columns (presolve time = 130s)...
Presolve removed 0 rows and 0 columns (presolve time = 135s)...
Presolve removed 0 rows and 0 columns (presolve time = 140s)...
Presolve removed 0 rows and 0 columns (presolve time = 145s)...
Presolve removed 0 rows and 0 columns (presolve time = 150s)...
Presolve removed 0 rows and 0 columns (presolve time = 155s)...
Presolve removed 0 rows and 0 columns (presolve time = 160s)...
Presolve removed 0 rows and 0 columns (presolve time = 165s)...
Presolve removed 0 rows and 0 columns (presolve time = 170s)...
Presolve removed 0 rows and 0 columns (presolve time = 175s)...
Presolve removed 0 rows and 0 columns (presolve time = 180s)...
Presolve removed 0 rows and 0 columns (presolve time = 185s)...
Presolve removed 0 rows and 0 columns (presolve time = 190s)...
Presolve removed 0 rows and 0 columns (presolve time = 195s)...
Presolve removed 0 rows and 0 columns (presolve time = 200s)...
Presolve removed 0 rows and 0 columns (presolve time = 205s)...
Presolve removed 0 rows and 0 columns (presolve time = 210s)...
Presolve removed 0 rows and 0 columns (presolve time = 215s)...
Presolve removed 0 rows and 0 columns (presolve time = 220s)...
Presolve removed 0 rows and 0 columns (presolve time = 225s)...
Presolve removed 0 rows and 0 columns (presolve time = 230s)...
Presolve removed 0 rows and 0 columns (presolve time = 235s)...
Presolve removed 0 rows and 0 columns (presolve time = 240s)...
Presolve removed 0 rows and 0 columns (presolve time = 245s)...
Presolve removed 0 rows and 0 columns (presolve time = 250s)...
Presolve removed 0 rows and 0 columns (presolve time = 255s)...
Presolve removed 0 rows and 0 columns (presolve time = 260s)...
Presolve removed 0 rows and 0 columns (presolve time = 265s)...
Presolve removed 0 rows and 0 columns (presolve time = 270s)...
Presolve removed 0 rows and 0 columns (presolve time = 275s)...
Presolve removed 0 rows and 0 columns (presolve time = 280s)...
Presolve removed 0 rows and 0 columns (presolve time = 285s)...
Presolve removed 0 rows and 0 columns (presolve time = 290s)...
Presolve removed 0 rows and 0 columns (presolve time = 295s)...
Presolve removed 0 rows and 0 columns (presolve time = 300s)...
Presolve removed 0 rows and 0 columns (presolve time = 305s)...
Presolve removed 0 rows and 0 columns (presolve time = 310s)...
Presolve removed 0 rows and 0 columns (presolve time = 315s)...
Presolve removed 0 rows and 0 columns (presolve time = 320s)...
Presolve removed 0 rows and 0 columns (presolve time = 325s)...
Presolve removed 0 rows and 0 columns (presolve time = 330s)...
Presolve removed 0 rows and 0 columns (presolve time = 335s)...
Presolve removed 0 rows and 0 columns (presolve time = 340s)...
Presolve removed 0 rows and 0 columns (presolve time = 345s)...
Presolve removed 0 rows and 0 columns (presolve time = 350s)...
Presolve removed 0 rows and 0 columns (presolve time = 355s)...
Presolve removed 0 rows and 0 columns (presolve time = 360s)...
Presolve removed 0 rows and 0 columns (presolve time = 365s)...
Presolve removed 0 rows and 0 columns (presolve time = 370s)...
Presolve removed 0 rows and 0 columns (presolve time = 375s)...
Presolve removed 0 rows and 0 columns (presolve time = 380s)...
Presolve removed 0 rows and 0 columns (presolve time = 385s)...
Presolve removed 0 rows and 0 columns (presolve time = 390s)...
Presolve removed 0 rows and 0 columns (presolve time = 395s)...
Presolve removed 0 rows and 0 columns (presolve time = 400s)...
Presolve removed 0 rows and 0 columns (presolve time = 405s)...
Presolve removed 0 rows and 0 columns (presolve time = 410s)...
Presolve removed 0 rows and 0 columns (presolve time = 415s)...
Presolve removed 0 rows and 0 columns (presolve time = 420s)...
Presolve removed 0 rows and 0 columns (presolve time = 425s)...
Presolve removed 0 rows and 0 columns (presolve time = 430s)...
Presolve removed 0 rows and 0 columns (presolve time = 435s)...
Presolve removed 0 rows and 0 columns (presolve time = 440s)...
Presolve removed 0 rows and 0 columns (presolve time = 445s)...
Presolve removed 0 rows and 0 columns (presolve time = 450s)...
Presolve removed 0 rows and 0 columns (presolve time = 455s)...
Presolve removed 0 rows and 0 columns (presolve time = 460s)...
Presolve removed 0 rows and 0 columns (presolve time = 465s)...
Presolve time: 469.42s
Presolved: 196014 rows, 21540 columns, 28674766 nonzeros
Variable types: 0 continuous, 21540 integer (21540 binary)

Root simplex log...

Iteration    Objective       Primal Inf.    Dual Inf.      Time
       0   -0.0000000e+00   0.000000e+00   2.727000e+03    484s
      85    1.5649518e+03   0.000000e+00   0.000000e+00    484s
      85    1.5649518e+03   0.000000e+00   0.000000e+00    484s

Use crossover to convert LP symmetric solution to basic solution...

Root crossover log...

  187140 variables added to crossover basis                      490s
  188280 variables added to crossover basis                      495s
  189660 variables added to crossover basis                      500s
  190410 variables added to crossover basis                      505s
  190950 variables added to crossover basis                      510s
  191550 variables added to crossover basis                      515s
  192090 variables added to crossover basis                      520s
  192540 variables added to crossover basis                      525s
  192930 variables added to crossover basis                      530s
  193290 variables added to crossover basis                      535s
  193620 variables added to crossover basis                      540s
  193950 variables added to crossover basis                      545s
  194250 variables added to crossover basis                      550s
  194520 variables added to crossover basis                      555s
  194790 variables added to crossover basis                      560s
  195090 variables added to crossover basis                      566s
  195360 variables added to crossover basis                      571s
  195600 variables added to crossover basis                      575s
  195870 variables added to crossover basis                      580s

       0 DPushes remaining with DInf 0.0000000e+00               638s

       0 PPushes remaining with PInf 0.0000000e+00               638s

  Push phase complete: Pinf 0.0000000e+00, Dinf 4.0903949e-09    639s


Root simplex log...

Iteration    Objective       Primal Inf.    Dual Inf.      Time
      88    1.5649518e+03   0.000000e+00   0.000000e+00    665s
Crossover time: 180.99 seconds (272.40 work units)

Root relaxation: objective 1.564952e+03, 88 iterations, 193.27 seconds (282.50 work units)

    Nodes    |    Current Node    |     Objective Bounds      |     Work
 Expl Unexpl |  Obj  Depth IntInf | Incumbent    BestBd   Gap | It/Node Time

     0     0 1564.95182    0 12924 2703.00000 1564.95182  42.1%     -  731s
H    0     0                    2154.0000000 1564.95182  27.3%     -  731s
H    0     0                    2099.0000000 1564.95182  25.4%     -  808s
H    0     0                    2096.0000000 1564.95182  25.3%     -  808s
H    0     0                    2090.0000000 1564.95182  25.1%     -  808s
H    0     0                    2089.0000000 1564.95182  25.1%     -  808s
H    0     0                    2086.0000000 1564.95182  25.0%     -  832s
H    0     0                    2085.0000000 1564.95182  24.9%     -  832s
H    0     0                    2084.0000000 1564.95182  24.9%     -  850s
H    0     0                    2083.0000000 1564.95182  24.9%     -  872s
H    0     0                    2082.0000000 1564.95182  24.8%     -  873s
H    0     0                    2081.0000000 1564.95182  24.8%     -  892s
H    0     0                    2080.0000000 1564.95182  24.8%     -  909s
H    0     0                    2071.0000000 1564.95182  24.4%     -  931s
H    0     0                    2070.0000000 1564.95182  24.4%     - 1338s
H    0     0                    2069.0000000 1564.95182  24.4%     - 1394s
     0     0 1564.95182    0 12924 2069.00000 1564.95182  24.4%     - 2688s
H    0     0                    2068.0000000 1564.95182  24.3%     - 5899s
H    0     0                    2067.0000000 1564.95182  24.3%     - 5904s
H    0     0                    2066.0000000 1564.95182  24.3%     - 5911s
H    0     0                    2063.0000000 1564.95182  24.1%     - 5917s
H    0     0                    2062.0000000 1564.95182  24.1%     - 5941s
H    0     0                    2061.0000000 1564.95182  24.1%     - 5996s
H    0     2                    2054.0000000 1564.95182  23.8%     - 10047s
     0     2 1564.95182    0 12924 2054.00000 1564.95182  23.8%     - 10047s

Explored 1 nodes (88 simplex iterations) in 14400.70 seconds (44651.95 work units)
Thread count was 32 (of 32 available processors)

Solution count 10: 2054 2061 2062 ... 2071

Time limit reached
Best objective 2.054000000000e+03, best bound 1.565000000000e+03, gap 23.8072%

User-callback calls 705130, time in user-callback 2.38 sec
