
Gurobi 13.0.2 (linux64) logging started Sat Jul 18 06:53:44 2026

Set parameter LogFile to value "/tmp/sweep_20260716_013919_north-korea_alt400km_s35_i4_v5_gurobi.log"
Set parameter Method to value 1
Set parameter NodefileStart to value 4
Set parameter RINS to value 50
Gurobi Optimizer version 13.0.2 build v13.0.2rc1 (linux64 - "Debian GNU/Linux 13 (trixie)")

CPU model: Intel(R) Xeon(R) Platinum 8375C CPU @ 2.90GHz, instruction set [SSE2|AVX|AVX2|AVX512]
Thread count: 16 physical cores, 32 logical processors, using up to 32 threads

Non-default parameters:
TimeLimit  14400
MIPGap  0.001
Method  1
LPWarmStart  1
Heuristics  0.2
MIPFocus  1
NodefileStart  4
RINS  50
Symmetry  2
Cuts  2
CoverCuts  2
LogToConsole  0

Academic license 2812613 - for non-commercial use only - registered to no___@gatech.edu
Optimize a model with 2872 rows, 28720 columns and 481060 nonzeros (Min)
Model fingerprint: 0xe96b6d01
Model has 28720 linear objective coefficients
Variable types: 0 continuous, 28720 integer (28720 binary)
Coefficient statistics:
  Matrix range     [1e+00, 1e+00]
  Objective range  [1e+00, 1e+00]
  Bounds range     [1e+00, 1e+00]
  RHS range        [9e+00, 9e+00]

Found heuristic solution: objective 2720.0000000
Presolve removed 0 rows and 2872 columns
Presolve time: 0.46s
Presolved: 2872 rows, 25848 columns, 449468 nonzeros
Variable types: 0 continuous, 25848 integer (24412 binary)

Root simplex log...

Iteration    Objective       Primal Inf.    Dual Inf.      Time
    8333    1.0420188e+03   1.987479e+04   0.000000e+00      5s
   12573    1.0645818e+03   4.735267e+04   0.000000e+00     10s
   15993    1.0728191e+03   3.228747e+03   0.000000e+00     15s
   18973    1.0758767e+03   7.636959e+03   0.000000e+00     20s
   21853    1.0768844e+03   1.755584e+03   0.000000e+00     25s
   22783    1.0770000e+03   0.000000e+00   0.000000e+00     27s

Root relaxation: objective 1.077000e+03, 22783 iterations, 26.36 seconds (56.44 work units)

    Nodes    |    Current Node    |     Objective Bounds      |     Work
 Expl Unexpl |  Obj  Depth IntInf | Incumbent    BestBd   Gap | It/Node Time

*    0     0               0    1077.0000000 1077.00000  0.00%     -   26s

Explored 1 nodes (22783 simplex iterations) in 26.89 seconds (57.18 work units)
Thread count was 32 (of 32 available processors)

Solution count 2: 1077 2720 

Optimal solution found (tolerance 1.00e-03)
Best objective 1.077000000000e+03, best bound 1.077000000000e+03, gap 0.0000%

User-callback calls 731, time in user-callback 0.00 sec
