
Gurobi 13.0.2 (linux64) logging started Sun Jul 12 07:50:03 2026

Set parameter LogFile to value "/tmp/sweep_20260709_012313_china_alt400km_s75_i4_v5_gurobi.log"
Set parameter Method to value 1
Set parameter NodefileStart to value 4
Set parameter RINS to value 50
Gurobi Optimizer version 13.0.2 build v13.0.2rc1 (linux64 - "Debian GNU/Linux 13 (trixie)")

CPU model: Intel(R) Xeon(R) Platinum 8375C CPU @ 2.90GHz, instruction set [SSE2|AVX|AVX2|AVX512]
Thread count: 16 physical cores, 32 logical processors, using up to 32 threads

Non-default parameters:
TimeLimit  14400
MIPGap  0.001
Method  1
LPWarmStart  1
Heuristics  0.2
MIPFocus  1
NodefileStart  4
RINS  50
Symmetry  2
Cuts  2
CoverCuts  2
LogToConsole  0

Academic license 2812613 - for non-commercial use only - registered to no___@gatech.edu
Optimize a model with 392028 rows, 57440 columns and 81191440 nonzeros (Min)
Model fingerprint: 0x358e0140
Model has 57440 linear objective coefficients
Variable types: 0 continuous, 57440 integer (57440 binary)
Coefficient statistics:
  Matrix range     [1e+00, 1e+00]
  Objective range  [1e+00, 1e+00]
  Bounds range     [1e+00, 1e+00]
  RHS range        [2e+01, 2e+01]

Found heuristic solution: objective 11488.000000
Presolve removed 0 rows and 0 columns (presolve time = 9s)...
Presolve removed 0 rows and 0 columns (presolve time = 10s)...
Presolve removed 0 rows and 0 columns (presolve time = 18s)...
Presolve removed 0 rows and 0 columns (presolve time = 23s)...
Presolve removed 0 rows and 0 columns (presolve time = 30s)...
Presolve removed 0 rows and 0 columns (presolve time = 30s)...
Presolve removed 0 rows and 0 columns (presolve time = 38s)...
Presolve removed 0 rows and 0 columns (presolve time = 46s)...
Presolve removed 0 rows and 0 columns (presolve time = 60s)...
Presolve removed 0 rows and 0 columns (presolve time = 67s)...
Presolve removed 0 rows and 0 columns (presolve time = 74s)...
Presolve removed 0 rows and 0 columns (presolve time = 80s)...
Presolve removed 0 rows and 0 columns (presolve time = 80s)...
Presolve removed 0 rows and 0 columns (presolve time = 85s)...
Presolve removed 0 rows and 0 columns (presolve time = 90s)...
Presolve removed 0 rows and 0 columns (presolve time = 95s)...
Presolve removed 0 rows and 0 columns (presolve time = 100s)...
Presolve removed 0 rows and 0 columns (presolve time = 105s)...
Presolve removed 0 rows and 0 columns (presolve time = 110s)...
Presolve removed 0 rows and 0 columns (presolve time = 115s)...
Presolve removed 0 rows and 0 columns (presolve time = 126s)...
Presolve removed 0 rows and 0 columns (presolve time = 130s)...
Presolve removed 0 rows and 0 columns (presolve time = 141s)...
Presolve removed 0 rows and 0 columns (presolve time = 145s)...
Presolve removed 0 rows and 0 columns (presolve time = 150s)...
Presolve removed 0 rows and 0 columns (presolve time = 155s)...
Presolve removed 0 rows and 0 columns (presolve time = 160s)...
Presolve removed 0 rows and 0 columns (presolve time = 171s)...
Presolve removed 0 rows and 0 columns (presolve time = 195s)...
Presolve removed 0 rows and 0 columns (presolve time = 195s)...
Presolve removed 0 rows and 0 columns (presolve time = 200s)...
Presolve removed 0 rows and 0 columns (presolve time = 205s)...
Presolve removed 0 rows and 0 columns (presolve time = 210s)...
Presolve removed 0 rows and 0 columns (presolve time = 215s)...
Presolve removed 0 rows and 0 columns (presolve time = 220s)...
Presolve removed 0 rows and 0 columns (presolve time = 225s)...
Presolve removed 0 rows and 0 columns (presolve time = 230s)...
Presolve removed 0 rows and 0 columns (presolve time = 235s)...
Presolve removed 0 rows and 0 columns (presolve time = 240s)...
Presolve removed 0 rows and 0 columns (presolve time = 245s)...
Presolve removed 0 rows and 0 columns (presolve time = 250s)...
Presolve removed 0 rows and 0 columns (presolve time = 255s)...
Presolve removed 0 rows and 0 columns (presolve time = 260s)...
Presolve removed 0 rows and 0 columns (presolve time = 265s)...
Presolve removed 0 rows and 0 columns (presolve time = 270s)...
Presolve removed 0 rows and 0 columns (presolve time = 275s)...
Presolve removed 0 rows and 0 columns (presolve time = 280s)...
Presolve removed 0 rows and 0 columns (presolve time = 285s)...
Presolve removed 0 rows and 0 columns (presolve time = 290s)...
Presolve removed 0 rows and 0 columns (presolve time = 295s)...
Presolve removed 0 rows and 0 columns (presolve time = 300s)...
Presolve removed 0 rows and 0 columns (presolve time = 305s)...
Presolve removed 0 rows and 0 columns (presolve time = 310s)...
Presolve removed 0 rows and 0 columns (presolve time = 315s)...
Presolve removed 0 rows and 0 columns (presolve time = 320s)...
Presolve removed 0 rows and 0 columns (presolve time = 325s)...
Presolve removed 0 rows and 0 columns (presolve time = 330s)...
Presolve removed 0 rows and 0 columns (presolve time = 335s)...
Presolve removed 0 rows and 0 columns (presolve time = 340s)...
Presolve removed 0 rows and 0 columns (presolve time = 345s)...
Presolve removed 0 rows and 0 columns (presolve time = 350s)...
Presolve removed 0 rows and 0 columns (presolve time = 355s)...
Presolve removed 0 rows and 0 columns (presolve time = 360s)...
Presolve removed 0 rows and 0 columns (presolve time = 365s)...
Presolve removed 0 rows and 0 columns (presolve time = 370s)...
Presolve removed 0 rows and 0 columns (presolve time = 375s)...
Presolve removed 0 rows and 0 columns (presolve time = 380s)...
Presolve removed 0 rows and 0 columns (presolve time = 385s)...
Presolve removed 0 rows and 0 columns (presolve time = 390s)...
Presolve removed 0 rows and 0 columns (presolve time = 395s)...
Presolve removed 0 rows and 0 columns (presolve time = 400s)...
Presolve removed 0 rows and 0 columns (presolve time = 405s)...
Presolve removed 0 rows and 0 columns (presolve time = 410s)...
Presolve removed 0 rows and 0 columns (presolve time = 415s)...
Presolve removed 0 rows and 0 columns (presolve time = 420s)...
Presolve removed 0 rows and 0 columns (presolve time = 425s)...
Presolve removed 0 rows and 0 columns (presolve time = 430s)...
Presolve removed 0 rows and 0 columns (presolve time = 435s)...
Presolve removed 0 rows and 0 columns (presolve time = 440s)...
Presolve removed 0 rows and 0 columns (presolve time = 445s)...
Presolve removed 0 rows and 0 columns (presolve time = 450s)...
Presolve removed 0 rows and 0 columns (presolve time = 455s)...
Presolve removed 0 rows and 0 columns (presolve time = 460s)...
Presolve removed 0 rows and 0 columns (presolve time = 465s)...
Presolve removed 0 rows and 0 columns (presolve time = 470s)...
Presolve removed 0 rows and 0 columns (presolve time = 475s)...
Presolve removed 0 rows and 0 columns (presolve time = 480s)...
Presolve removed 0 rows and 0 columns (presolve time = 485s)...
Presolve removed 0 rows and 0 columns (presolve time = 490s)...
Presolve removed 0 rows and 0 columns (presolve time = 495s)...
Presolve removed 0 rows and 0 columns (presolve time = 500s)...
Presolve removed 0 rows and 0 columns (presolve time = 505s)...
Presolve removed 0 rows and 0 columns (presolve time = 510s)...
Presolve removed 0 rows and 0 columns (presolve time = 515s)...
Presolve removed 0 rows and 0 columns (presolve time = 520s)...
Presolve removed 0 rows and 0 columns (presolve time = 525s)...
Presolve removed 0 rows and 0 columns (presolve time = 530s)...
Presolve removed 0 rows and 0 columns (presolve time = 535s)...
Presolve removed 0 rows and 0 columns (presolve time = 540s)...
Presolve removed 0 rows and 0 columns (presolve time = 545s)...
Presolve removed 0 rows and 0 columns (presolve time = 550s)...
Presolve removed 0 rows and 0 columns (presolve time = 555s)...
Presolve removed 0 rows and 0 columns (presolve time = 560s)...
Presolve removed 0 rows and 0 columns (presolve time = 565s)...
Presolve removed 0 rows and 0 columns (presolve time = 570s)...
Presolve removed 0 rows and 0 columns (presolve time = 575s)...
Presolve removed 0 rows and 0 columns (presolve time = 580s)...
Presolve removed 0 rows and 0 columns (presolve time = 585s)...
Presolve removed 0 rows and 0 columns (presolve time = 590s)...
Presolve removed 0 rows and 0 columns (presolve time = 595s)...
Presolve removed 0 rows and 0 columns (presolve time = 600s)...
Presolve removed 0 rows and 0 columns (presolve time = 605s)...
Presolve removed 0 rows and 0 columns (presolve time = 610s)...
Presolve removed 0 rows and 0 columns (presolve time = 615s)...
Presolve removed 0 rows and 0 columns (presolve time = 620s)...
Presolve removed 0 rows and 0 columns (presolve time = 625s)...
Presolve removed 0 rows and 0 columns (presolve time = 630s)...
Presolve removed 0 rows and 0 columns (presolve time = 635s)...
Presolve removed 0 rows and 0 columns (presolve time = 640s)...
Presolve removed 0 rows and 0 columns (presolve time = 645s)...
Presolve removed 0 rows and 0 columns (presolve time = 650s)...
Presolve removed 0 rows and 0 columns (presolve time = 655s)...
Presolve removed 0 rows and 0 columns (presolve time = 660s)...
Presolve removed 0 rows and 0 columns (presolve time = 665s)...
Presolve removed 0 rows and 0 columns (presolve time = 670s)...
Presolve removed 0 rows and 0 columns (presolve time = 675s)...
Presolve removed 0 rows and 0 columns (presolve time = 680s)...
Presolve removed 0 rows and 0 columns (presolve time = 685s)...
Presolve removed 0 rows and 0 columns (presolve time = 690s)...
Presolve removed 0 rows and 0 columns (presolve time = 695s)...
Presolve removed 0 rows and 0 columns (presolve time = 700s)...
Presolve removed 0 rows and 0 columns (presolve time = 705s)...
Presolve removed 0 rows and 0 columns (presolve time = 710s)...
Presolve removed 0 rows and 0 columns (presolve time = 715s)...
Presolve removed 0 rows and 0 columns (presolve time = 720s)...
Presolve removed 0 rows and 0 columns (presolve time = 725s)...
Presolve removed 0 rows and 0 columns (presolve time = 730s)...
Presolve removed 0 rows and 0 columns (presolve time = 735s)...
Presolve removed 0 rows and 0 columns (presolve time = 740s)...
Presolve removed 0 rows and 0 columns (presolve time = 745s)...
Presolve removed 0 rows and 0 columns (presolve time = 750s)...
Presolve removed 0 rows and 0 columns (presolve time = 755s)...
Presolve removed 0 rows and 0 columns (presolve time = 760s)...
Presolve removed 0 rows and 0 columns (presolve time = 765s)...
Presolve removed 0 rows and 0 columns (presolve time = 770s)...
Presolve removed 0 rows and 0 columns (presolve time = 775s)...
Presolve removed 0 rows and 0 columns (presolve time = 780s)...
Presolve removed 0 rows and 0 columns (presolve time = 785s)...
Presolve removed 0 rows and 0 columns (presolve time = 790s)...
Presolve removed 0 rows and 0 columns (presolve time = 795s)...
Presolve removed 0 rows and 0 columns (presolve time = 800s)...
Presolve removed 0 rows and 0 columns (presolve time = 805s)...
Presolve removed 0 rows and 0 columns (presolve time = 810s)...
Presolve removed 0 rows and 0 columns (presolve time = 815s)...
Presolve removed 0 rows and 0 columns (presolve time = 820s)...
Presolve removed 0 rows and 0 columns (presolve time = 825s)...
Presolve removed 0 rows and 0 columns (presolve time = 830s)...
Presolve removed 0 rows and 0 columns (presolve time = 835s)...
Presolve removed 0 rows and 0 columns (presolve time = 840s)...
Presolve removed 0 rows and 0 columns (presolve time = 845s)...
Presolve removed 0 rows and 0 columns (presolve time = 850s)...
Presolve removed 0 rows and 0 columns (presolve time = 855s)...
Presolve removed 0 rows and 0 columns (presolve time = 860s)...
Presolve removed 0 rows and 0 columns (presolve time = 865s)...
Presolve removed 0 rows and 0 columns (presolve time = 870s)...
Presolve removed 0 rows and 0 columns (presolve time = 875s)...
Presolve removed 0 rows and 0 columns (presolve time = 880s)...
Presolve removed 0 rows and 0 columns (presolve time = 885s)...
Presolve removed 0 rows and 0 columns (presolve time = 890s)...
Presolve removed 0 rows and 0 columns (presolve time = 895s)...
Presolve removed 0 rows and 0 columns (presolve time = 900s)...
Presolve removed 0 rows and 0 columns (presolve time = 905s)...
Presolve removed 0 rows and 0 columns (presolve time = 910s)...
Presolve removed 0 rows and 0 columns (presolve time = 915s)...
Presolve removed 0 rows and 0 columns (presolve time = 920s)...
Presolve removed 0 rows and 0 columns (presolve time = 925s)...
Presolve removed 0 rows and 0 columns (presolve time = 930s)...
Presolve removed 0 rows and 0 columns (presolve time = 935s)...
Presolve removed 0 rows and 0 columns (presolve time = 940s)...
Presolve removed 0 rows and 0 columns (presolve time = 945s)...
Presolve removed 0 rows and 0 columns (presolve time = 950s)...
Presolve removed 0 rows and 0 columns (presolve time = 955s)...
Presolve removed 0 rows and 0 columns (presolve time = 960s)...
Presolve removed 0 rows and 0 columns (presolve time = 965s)...
Presolve removed 0 rows and 0 columns (presolve time = 970s)...
Presolve removed 0 rows and 0 columns (presolve time = 975s)...
Presolve removed 0 rows and 0 columns (presolve time = 980s)...
Presolve removed 0 rows and 0 columns (presolve time = 985s)...
Presolve removed 0 rows and 0 columns (presolve time = 995s)...
Presolve time: 995.41s
Presolved: 392028 rows, 57440 columns, 81191440 nonzeros
Variable types: 0 continuous, 57440 integer (57440 binary)

Root simplex log...

Iteration    Objective       Primal Inf.    Dual Inf.      Time
       0   -0.0000000e+00   0.000000e+00   5.187000e+03   1036s
      91    5.7897465e+03   0.000000e+00   0.000000e+00   1036s
      91    5.7897465e+03   0.000000e+00   0.000000e+00   1036s

Use crossover to convert LP symmetric solution to basic solution...

Root crossover log...

  370488 variables added to crossover basis                     1043s
  374958 variables added to crossover basis                     1045s
  376968 variables added to crossover basis                     1050s
  377778 variables added to crossover basis                     1055s
  378348 variables added to crossover basis                     1060s
  378858 variables added to crossover basis                     1065s
  379278 variables added to crossover basis                     1070s
  379668 variables added to crossover basis                     1075s
  379998 variables added to crossover basis                     1080s
  380298 variables added to crossover basis                     1085s
  380598 variables added to crossover basis                     1090s
  380928 variables added to crossover basis                     1095s
  381378 variables added to crossover basis                     1100s
  381738 variables added to crossover basis                     1105s
  382098 variables added to crossover basis                     1110s
  382398 variables added to crossover basis                     1115s
  382698 variables added to crossover basis                     1120s
  382968 variables added to crossover basis                     1125s
  383328 variables added to crossover basis                     1130s
  385128 variables added to crossover basis                     1135s
  385548 variables added to crossover basis                     1140s
  385848 variables added to crossover basis                     1145s
  386118 variables added to crossover basis                     1150s
  386358 variables added to crossover basis                     1156s
  386568 variables added to crossover basis                     1160s
  386778 variables added to crossover basis                     1165s
  386988 variables added to crossover basis                     1170s
  387168 variables added to crossover basis                     1175s
  387378 variables added to crossover basis                     1180s
  387558 variables added to crossover basis                     1185s
  387768 variables added to crossover basis                     1191s
  387948 variables added to crossover basis                     1196s
  388128 variables added to crossover basis                     1201s
  388278 variables added to crossover basis                     1205s
  388458 variables added to crossover basis                     1211s
  388608 variables added to crossover basis                     1215s
  388758 variables added to crossover basis                     1220s
  388938 variables added to crossover basis                     1226s
  389088 variables added to crossover basis                     1231s
  389238 variables added to crossover basis                     1236s
  389388 variables added to crossover basis                     1241s
  389538 variables added to crossover basis                     1246s
  389658 variables added to crossover basis                     1250s
  389808 variables added to crossover basis                     1255s
  389958 variables added to crossover basis                     1261s
  390078 variables added to crossover basis                     1265s
  390228 variables added to crossover basis                     1271s
  390348 variables added to crossover basis                     1275s
  390498 variables added to crossover basis                     1281s
  390618 variables added to crossover basis                     1285s
  390768 variables added to crossover basis                     1291s
  390888 variables added to crossover basis                     1295s
  391038 variables added to crossover basis                     1301s
  391158 variables added to crossover basis                     1306s
  391278 variables added to crossover basis                     1310s
  391428 variables added to crossover basis                     1316s
  391548 variables added to crossover basis                     1321s
  391668 variables added to crossover basis                     1325s
  391818 variables added to crossover basis                     1331s
  391938 variables added to crossover basis                     1335s

       0 DPushes remaining with DInf 0.0000000e+00              2057s

       0 PPushes remaining with PInf 0.0000000e+00              2059s

  Push phase complete: Pinf 0.0000000e+00, Dinf 4.3432489e-08   2060s


Root simplex log...

Iteration    Objective       Primal Inf.    Dual Inf.      Time
      94    5.7897465e+03   0.000000e+00   0.000000e+00   2302s
Crossover time: 1265.24 seconds (3926.45 work units)

Root relaxation: objective 5.789746e+03, 94 iterations, 1298.64 seconds (3955.69 work units)

    Nodes    |    Current Node    |     Objective Bounds      |     Work
 Expl Unexpl |  Obj  Depth IntInf | Incumbent    BestBd   Gap | It/Node Time

     0     0 5789.74647    0 21540 11488.0000 5789.74647  49.6%     - 3353s
H    0     0                    7180.0000000 5789.74647  19.4%     - 3353s
H    0     0                    6967.0000000 5789.74647  16.9%     - 3397s
H    0     0                    6902.0000000 5789.74647  16.1%     - 3397s
H    0     0                    6901.0000000 5789.74647  16.1%     - 3397s
H    0     0                    6869.0000000 5789.74647  15.7%     - 3398s
H    0     0                    6868.0000000 5789.74647  15.7%     - 3398s
H    0     0                    6860.0000000 5789.74647  15.6%     - 3412s
H    0     0                    6859.0000000 5789.74647  15.6%     - 3413s
H    0     0                    6854.0000000 5789.74647  15.5%     - 3426s
H    0     0                    6852.0000000 5789.74647  15.5%     - 3427s
H    0     0                    6851.0000000 5789.74647  15.5%     - 3443s
H    0     0                    6850.0000000 5789.74647  15.5%     - 3447s
H    0     0                    6849.0000000 5789.74647  15.5%     - 3451s
H    0     0                    6844.0000000 5789.74647  15.4%     - 3451s
H    0     0                    6843.0000000 5789.74647  15.4%     - 3454s
H    0     0                    6842.0000000 5789.74647  15.4%     - 3454s
H    0     0                    6841.0000000 5789.74647  15.4%     - 3457s
H    0     0                    6840.0000000 5789.74647  15.4%     - 3458s
H    0     0                    6839.0000000 5789.74647  15.3%     - 3479s
H    0     0                    6838.0000000 5789.74647  15.3%     - 3482s
H    0     0                    6837.0000000 5789.74647  15.3%     - 3485s
H    0     0                    6836.0000000 5789.74647  15.3%     - 3489s
H    0     0                    6835.0000000 5789.74647  15.3%     - 3489s
H    0     0                    6834.0000000 5789.74647  15.3%     - 3518s
H    0     0                    6617.0000000 5789.74647  12.5%     - 3554s
H    0     0                    6615.0000000 5789.74647  12.5%     - 4064s
H    0     0                    6610.0000000 5789.74647  12.4%     - 4233s
H    0     0                    6608.0000000 5789.74647  12.4%     - 4302s
H    0     0                    6594.0000000 5789.74647  12.2%     - 4606s
H    0     0                    6593.0000000 5789.74647  12.2%     - 4741s
H    0     0                    6592.0000000 5789.74647  12.2%     - 4893s
H    0     0                    6590.0000000 5789.74647  12.1%     - 5173s
H    0     0                    6589.0000000 5789.74647  12.1%     - 5385s
H    0     0                    6588.0000000 5789.74647  12.1%     - 6171s
H    0     0                    6584.0000000 5789.74647  12.1%     - 6666s
     0     0 5789.74647    0 21540 6584.00000 5789.74647  12.1%     - 14159s

Explored 1 nodes (94 simplex iterations) in 14401.07 seconds (29397.11 work units)
Thread count was 32 (of 32 available processors)

Solution count 10: 6584 6588 6589 ... 6615

Time limit reached
Best objective 6.584000000000e+03, best bound 5.790000000000e+03, gap 12.0595%

User-callback calls 443333, time in user-callback 1.72 sec
