
Gurobi 13.0.2 (linux64) logging started Sat Jul 18 23:45:09 2026

Set parameter LogFile to value "/tmp/sweep_20260716_013919_north-korea_alt400km_s100_i4_v5_gurobi.log"
Set parameter Method to value 1
Set parameter NodefileStart to value 4
Set parameter RINS to value 50
Gurobi Optimizer version 13.0.2 build v13.0.2rc1 (linux64 - "Debian GNU/Linux 13 (trixie)")

CPU model: Intel(R) Xeon(R) Platinum 8375C CPU @ 2.90GHz, instruction set [SSE2|AVX|AVX2|AVX512]
Thread count: 16 physical cores, 32 logical processors, using up to 32 threads

Non-default parameters:
TimeLimit  14400
MIPGap  0.001
Method  1
LPWarmStart  1
Heuristics  0.2
MIPFocus  1
NodefileStart  4
RINS  50
Symmetry  2
Cuts  2
CoverCuts  2
LogToConsole  0

Academic license 2812613 - for non-commercial use only - registered to no___@gatech.edu
Optimize a model with 2872 rows, 57440 columns and 761080 nonzeros (Min)
Model fingerprint: 0x33e8808f
Model has 57440 linear objective coefficients
Variable types: 0 continuous, 57440 integer (57440 binary)
Coefficient statistics:
  Matrix range     [1e+00, 1e+00]
  Objective range  [1e+00, 1e+00]
  Bounds range     [1e+00, 1e+00]
  RHS range        [2e+01, 2e+01]

Found heuristic solution: objective 9044.0000000
Presolve removed 0 rows and 10052 columns
Presolve time: 0.86s
Presolved: 2872 rows, 47388 columns, 659124 nonzeros
Variable types: 0 continuous, 47388 integer (40208 binary)

Root simplex log...

Iteration    Objective       Primal Inf.    Dual Inf.      Time
    6872    2.9590954e+03   1.359782e+04   0.000000e+00      5s
   10402    3.0339007e+03   2.275547e+04   0.000000e+00     10s
   13312    3.0626453e+03   1.191669e+04   0.000000e+00     15s
   15822    3.0814023e+03   1.744683e+04   0.000000e+00     20s
   18272    3.1002401e+03   7.091115e+04   0.000000e+00     25s
   21042    3.1153633e+03   1.555138e+05   0.000000e+00     30s
   24282    3.1278231e+03   1.915472e+05   0.000000e+00     35s
   27472    3.1328236e+03   1.004577e+04   0.000000e+00     40s
   30232    3.1330966e+03   7.197540e+03   0.000000e+00     45s
   32792    3.1330966e+03   1.514826e+03   0.000000e+00     50s
   35392    3.1330967e+03   2.815366e+03   0.000000e+00     55s
   37852    3.1330967e+03   7.182934e+01   0.000000e+00     60s
   38614    3.1330909e+03   0.000000e+00   0.000000e+00     62s

Root relaxation: objective 3.133091e+03, 38614 iterations, 60.87 seconds (133.65 work units)

    Nodes    |    Current Node    |     Objective Bounds      |     Work
 Expl Unexpl |  Obj  Depth IntInf | Incumbent    BestBd   Gap | It/Node Time

     0     0 3133.09091    0 1904 9044.00000 3133.09091  65.4%     -   86s
H    0     0                    5032.0000000 3133.09091  37.7%     -   86s
H    0     0                    4748.0000000 3133.09091  34.0%     -   86s
H    0     0                    3431.0000000 3133.09091  8.68%     -   86s
H    0     0                    3359.0000000 3133.09091  6.73%     -   98s
H    0     0                    3296.0000000 3133.09091  4.94%     -   98s
H    0     0                    3295.0000000 3133.09091  4.91%     -   98s
H    0     0                    3286.0000000 3133.09091  4.65%     -   98s
H    0     0                    3236.0000000 3133.09091  3.18%     -   98s
H    0     0                    3226.0000000 3133.09091  2.88%     -   98s
H    0     0                    3220.0000000 3133.09091  2.70%     -   98s
H    0     0                    3211.0000000 3133.09091  2.43%     -  103s
H    0     0                    3209.0000000 3133.09091  2.37%     -  108s
H    0     0                    3208.0000000 3133.09091  2.34%     -  108s
H    0     0                    3207.0000000 3133.09091  2.30%     -  113s
H    0     0                    3205.0000000 3133.09091  2.24%     -  122s
H    0     0                    3204.0000000 3133.09091  2.21%     -  132s
H    0     0                    3203.0000000 3133.09091  2.18%     -  132s
H    0     0                    3200.0000000 3133.09091  2.09%     -  161s
     0     0 3133.09091    0 1904 3200.00000 3133.09091  2.09%     -  199s
     0     0 3133.09091    0 1734 3200.00000 3133.09091  2.09%     -  280s
H    0     0                    3199.0000000 3133.09091  2.06%     -  452s
H    0     0                    3198.0000000 3133.09091  2.03%     -  490s
H    0     0                    3197.0000000 3133.09091  2.00%     -  490s
H    0     0                    3196.0000000 3133.09091  1.97%     -  503s
H    0     0                    3195.0000000 3133.09091  1.94%     -  503s
H    0     0                    3185.0000000 3133.09091  1.63%     -  518s
H    0     0                    3184.0000000 3133.09091  1.60%     -  518s
H    0     0                    3180.0000000 3133.09091  1.48%     -  542s
H    0     0                    3178.0000000 3133.09091  1.41%     -  542s
H    0     0                    3175.0000000 3133.09091  1.32%     -  579s
H    0     0                    3174.0000000 3133.09091  1.29%     -  579s
H    0     0                    3173.0000000 3133.09091  1.26%     -  579s
H    0     0                    3172.0000000 3133.09091  1.23%     -  611s
H    0     0                    3171.0000000 3133.09091  1.20%     -  611s
H    0     0                    3170.0000000 3133.09091  1.16%     -  614s
H    0     0                    3169.0000000 3133.09091  1.13%     -  621s
H    0     0                    3168.0000000 3133.09091  1.10%     -  629s
H    0     0                    3167.0000000 3133.09091  1.07%     -  649s
     0     2 3133.09091    0 1706 3167.00000 3133.09091  1.07%     -  920s
H    1     3                    3164.0000000 3133.09091  0.98%   0.0 1153s
     1     3 3133.09091    1 1615 3164.00000 3133.09091  0.98%  1634 1158s
H    2     5                    3161.0000000 3133.09091  0.88%   817 1506s
     2     5 3133.09091    2 1586 3161.00000 3133.09091  0.88%  1286 1512s
H    4    10                    3159.0000000 3133.09091  0.82%   944 1960s
     6    10 3133.09091    3 1605 3159.00000 3133.09091  0.82%  1278 1965s
     7    10 3133.09091    3 1602 3159.00000 3133.09091  0.82%  1293 1970s
     9    20 3133.09091    4 1553 3159.00000 3133.09091  0.82%  2943 2596s
H   19    34                    3157.0000000 3133.09091  0.76%  3458 3215s
    35    50 3133.09091    6 1719 3157.00000 3133.09091  0.76%  6105 3802s
    39    50 3133.09091    6 1683 3157.00000 3133.09091  0.76%  5592 3807s
H   47    50                    3156.0000000 3133.09091  0.73%  4865 3807s
    51    66 3133.09091    7 1739 3156.00000 3133.09091  0.73%  4603 4365s
    68    67 3133.09091    8 1734 3156.00000 3133.09091  0.73%  3771 4745s
    70    68 3133.09091    6 1904 3156.00000 3133.09091  0.73%  3663 5131s
    71    69 3133.09091    7 1768 3156.00000 3133.09091  0.73%  3612 5233s
H   71    65                    3155.0000000 3133.09091  0.69%  3612 5826s
    72    66 3133.18182    7 1768 3155.00000 3133.18182  0.69%  3561 6278s
    74    68 3133.18182    7 1734 3155.00000 3133.18182  0.69%  5270 6956s
    76    69 3133.18182    8 1904 3155.00000 3133.18182  0.69%  5131 7358s
    77    70 3133.18182    8 1686 3155.00000 3133.18182  0.69%  5064 7459s
    78    71 3133.18182    8 1686 3155.00000 3133.18182  0.69%  4999 8290s
    80    73 3133.18182    8 1734 3155.00000 3133.18182  0.69%  6492 8374s
    82    74 3133.18182    7 1904 3155.00000 3133.18182  0.69%  6334 8778s
    83    75 3141.33095    5 1686 3155.00000 3133.18182  0.69%  6257 8881s
    84    76 3141.32702    4 1686 3155.00000 3133.18182  0.69%  6183 9714s
    86    78 3133.18182    5 1734 3155.00000 3133.18182  0.69%  7544 9799s
    88    79 3133.18182    8 1904 3155.00000 3133.18182  0.69%  7372 10199s
    89    80 3133.18182    8 1686 3155.00000 3133.18182  0.69%  7290 10301s
    90    81 3133.18182    6 1686 3155.00000 3133.18182  0.69%  7209 11133s
    92    83 3133.18182    8 1734 3155.00000 3133.18182  0.69%  8459 11216s
    94    84 3133.18182    7 1904 3155.00000 3133.18182  0.69%  8279 11616s
    95    85 3133.18182    6 1686 3155.00000 3133.18182  0.69%  8191 11717s
    96    86 3133.18182    8 1686 3155.00000 3133.18182  0.69%  8106 12551s
    98    88 3133.18182    6 1734 3155.00000 3133.18182  0.69%  9261 12636s
   100    89 3133.18182    8 1904 3155.00000 3133.18182  0.69%  9076 13036s
   101    90 3133.18182    6 1686 3155.00000 3133.18182  0.69%  8986 13137s
   102    91 3133.18182    7 1686 3155.00000 3133.18182  0.69%  8898 13976s
   104    93 3133.18182    8 1734 3155.00000 3133.18182  0.69%  9971 14060s

Explored 105 nodes (1221018 simplex iterations) in 14400.03 seconds (36303.48 work units)
Thread count was 32 (of 32 available processors)

Solution count 10: 3155 3156 3157 ... 3170

Time limit reached
Best objective 3.155000000000e+03, best bound 3.134000000000e+03, gap 0.6656%

User-callback calls 2181780, time in user-callback 6.70 sec
