
Gurobi 13.0.2 (linux64) logging started Sun Jul 12 16:59:06 2026

Set parameter LogFile to value "/tmp/sweep_20260709_012313_china_alt550km_s1_i1_v5_gurobi.log"
Set parameter Method to value 1
Set parameter NodefileStart to value 4
Set parameter RINS to value 50
Gurobi Optimizer version 13.0.2 build v13.0.2rc1 (linux64 - "Debian GNU/Linux 13 (trixie)")

CPU model: Intel(R) Xeon(R) Platinum 8375C CPU @ 2.90GHz, instruction set [SSE2|AVX|AVX2|AVX512]
Thread count: 16 physical cores, 32 logical processors, using up to 32 threads

Non-default parameters:
TimeLimit  14400
MIPGap  0.001
Method  1
LPWarmStart  1
Heuristics  0.2
MIPFocus  1
NodefileStart  4
RINS  50
Symmetry  2
Cuts  2
CoverCuts  2
LogToConsole  0

Academic license 2812613 - for non-commercial use only - registered to no___@gatech.edu
Optimize a model with 196014 rows, 7180 columns and 4959944 nonzeros (Min)
Model fingerprint: 0x44460033
Model has 7180 linear objective coefficients
Variable types: 0 continuous, 7180 integer (7180 binary)
Coefficient statistics:
  Matrix range     [1e+00, 1e+00]
  Objective range  [1e+00, 1e+00]
  Bounds range     [1e+00, 1e+00]
  RHS range        [1e+00, 1e+00]

Found heuristic solution: objective 1305.0000000
Presolve removed 191706 rows and 718 columns
Presolve time: 2.46s
Presolved: 4308 rows, 6462 columns, 81852 nonzeros
Variable types: 0 continuous, 6462 integer (6462 binary)
Performing another presolve...
Presolve removed 0 rows and 718 columns
Presolve time: 0.06s
Warning: Markowitz tolerance tightened to 0.125

Root simplex log...

Iteration    Objective       Primal Inf.    Dual Inf.      Time
    7336    1.0100875e+03   1.842974e+04   0.000000e+00      5s
   14366    1.0306333e+03   6.121617e+03   0.000000e+00     10s
   19736    1.0378612e+03   1.099170e+04   0.000000e+00     15s
   24236    1.0411326e+03   4.357407e+03   0.000000e+00     20s
   28536    1.0430871e+03   2.311715e+03   0.000000e+00     25s
   31203    1.0443636e+03   0.000000e+00   0.000000e+00     28s

Root relaxation: objective 1.044364e+03, 31203 iterations, 25.33 seconds (49.89 work units)
Total elapsed time = 28.17s (DegenMoves)

    Nodes    |    Current Node    |     Objective Bounds      |     Work
 Expl Unexpl |  Obj  Depth IntInf | Incumbent    BestBd   Gap | It/Node Time

     0     0 1044.36364    0 2154 1305.00000 1044.36364  20.0%     -   28s
H    0     0                    1304.0000000 1044.36364  19.9%     -   28s
H    0     0                    1285.0000000 1044.36364  18.7%     -   28s
H    0     0                    1259.0000000 1044.36364  17.0%     -   28s
H    0     0                    1194.0000000 1044.36364  12.5%     -   28s
H    0     0                    1187.0000000 1044.36364  12.0%     -   28s
H    0     0                    1184.0000000 1044.36364  11.8%     -   28s
H    0     0                    1167.0000000 1044.36364  10.5%     -   48s
H    0     0                    1165.0000000 1044.36364  10.4%     -   48s
H    0     0                    1164.0000000 1044.36364  10.3%     -   48s
H    0     0                    1160.0000000 1044.36364  10.0%     -   48s
H    0     0                    1159.0000000 1044.36364  9.89%     -   48s
H    0     0                    1158.0000000 1044.36364  9.81%     -   48s
H    0     0                    1156.0000000 1044.36364  9.66%     -   48s
H    0     0                    1155.0000000 1044.36364  9.58%     -   48s
H    0     0                    1143.0000000 1044.36364  8.63%     -   48s
H    0     0                    1140.0000000 1044.36364  8.39%     -   48s
H    0     0                    1137.0000000 1044.36364  8.15%     -   48s
H    0     0                    1136.0000000 1044.36364  8.07%     -   48s
H    0     0                    1134.0000000 1044.36364  7.90%     -   48s
H    0     0                    1132.0000000 1044.36364  7.74%     -   48s
H    0     0                    1130.0000000 1044.36364  7.58%     -   48s
H    0     0                    1129.0000000 1044.36364  7.50%     -   48s
H    0     0                    1128.0000000 1044.36364  7.41%     -   48s
H    0     0                    1124.0000000 1044.36364  7.09%     -   48s
H    0     0                    1122.0000000 1044.36364  6.92%     -   48s
H    0     0                    1120.0000000 1044.36364  6.75%     -   48s
H    0     0                    1119.0000000 1044.36364  6.67%     -   48s
H    0     0                    1116.0000000 1044.36364  6.42%     -   48s
H    0     0                    1115.0000000 1044.36364  6.34%     -   48s
H    0     0                    1113.0000000 1044.36364  6.17%     -   48s
H    0     0                    1112.0000000 1044.36364  6.08%     -   48s
H    0     0                    1111.0000000 1044.36364  6.00%     -   48s
H    0     0                    1110.0000000 1044.36364  5.91%     -   48s
H    0     0                    1109.0000000 1044.36364  5.83%     -   48s
     0     0 1047.52356    0 2212 1109.00000 1047.52356  5.54%     -   56s
H    0     0                    1108.0000000 1047.52356  5.46%     -   56s
H    0     0                    1106.0000000 1047.52356  5.29%     -   56s
H    0     0                    1105.0000000 1047.52356  5.20%     -   56s
H    0     0                    1104.0000000 1047.52356  5.12%     -   56s
H    0     0                    1102.0000000 1049.30655  4.78%     -   63s
H    0     0                    1100.0000000 1049.30655  4.61%     -   63s
H    0     0                    1099.0000000 1049.30655  4.52%     -   63s
H    0     0                    1098.0000000 1049.30655  4.43%     -   63s
H    0     0                    1097.0000000 1049.30655  4.35%     -   63s
H    0     0                    1095.0000000 1049.30655  4.17%     -   63s
H    0     0                    1094.0000000 1049.30655  4.09%     -   63s
H    0     0                    1093.0000000 1049.30655  4.00%     -   63s
H    0     0                    1092.0000000 1049.30655  3.91%     -   63s
     0     0 1049.38462    0 2164 1092.00000 1049.38462  3.90%     -   67s
     0     0 1049.38462    0 2160 1092.00000 1049.38462  3.90%     -   68s
     0     0 1049.38462    0 2154 1092.00000 1049.38462  3.90%     -   76s
     0     0 1049.38462    0 2154 1092.00000 1049.38462  3.90%     -   83s
     0     0 1049.38462    0 2154 1092.00000 1049.38462  3.90%     -   83s
H    0     0                    1091.0000000 1049.38462  3.81%     -  120s
H    0     0                    1084.0000000 1049.38462  3.19%     -  120s
H    0     0                    1082.0000000 1049.38462  3.01%     -  121s
H    0     0                    1081.0000000 1049.38462  2.92%     -  125s
H    0     0                    1080.0000000 1049.38462  2.83%     -  125s
     0     2 1049.38462    0 2154 1080.00000 1049.38462  2.83%     -  224s
     1     3 1049.77723    1 2175 1080.00000 1049.38462  2.83%   406  263s
     2     5 1050.01802    2 2183 1080.00000 1049.38462  2.83%   552  298s
     4     9 1050.10065    3 2184 1080.00000 1049.38462  2.83%   423  336s
     8    17 1050.22679    4 2192 1080.00000 1049.38462  2.83%   528  377s
    16    33 1050.35778    5 2188 1080.00000 1049.38462  2.83%   691  431s
    32    49 1050.42452    6 2192 1080.00000 1049.38462  2.83%  1052  450s
    48    67 1050.48049    7 2196 1080.00000 1049.38462  2.83%   923  462s
    66    83 1050.61135    9 2200 1080.00000 1049.38462  2.83%   832  477s
    82    99 1050.67214   10 2208 1080.00000 1049.38462  2.83%   780  491s
    98   115 1050.76258   11 2216 1080.00000 1049.38462  2.83%   782  505s
   114   131 1050.84053   12 2228 1080.00000 1049.38462  2.83%   813  518s
   130   147 1050.89001   13 2235 1080.00000 1049.38462  2.83%   812  556s
   146   163 1050.93192   14 2228 1080.00000 1049.38462  2.83%   819  580s
   162   179 1051.00265   15 2240 1080.00000 1049.38462  2.83%   884  627s
   178   195 1051.05836   16 2231 1080.00000 1049.38462  2.83%   874  666s
   194   211 1051.13463   17 2253 1080.00000 1049.38462  2.83%   868  704s
   210   227 1051.17068   18 2258 1080.00000 1049.38462  2.83%   870  728s
   226   243 1051.23983   19 2270 1080.00000 1049.38462  2.83%   874  748s
   242   259 1051.42231   20 2254 1080.00000 1049.38462  2.83%   919  787s
   258   275 1051.48500   21 2262 1080.00000 1049.38462  2.83%   920  841s
   274   291 1051.73939   21 2238 1080.00000 1049.38462  2.83%   932  853s
   290   307 1051.84481   22 2250 1080.00000 1049.38462  2.83%   942  867s
   306   323 1051.92848   22 2194 1080.00000 1049.38462  2.83%   950  879s
   322   339 1052.01875   23 2216 1080.00000 1049.38462  2.83%   982  895s
   338   355 1052.14940   23 2203 1080.00000 1049.38462  2.83%   991  908s
   354   371 1052.28795   24 2194 1080.00000 1049.38462  2.83%   987  920s
   370   387 1052.44664   24 2192 1080.00000 1049.38462  2.83%   997  934s
   386   403 1052.54905   25 2200 1080.00000 1049.38462  2.83%  1001  946s
   402   419 1052.68260   26 2197 1080.00000 1049.38462  2.83%  1030  958s
   418   435 1052.78902   26 2196 1080.00000 1049.38462  2.83%  1033  971s
   434   451 1052.89056   27 2198 1080.00000 1049.38462  2.83%  1040  987s
   450   467 1052.91333   27 2179 1080.00000 1049.38462  2.83%  1043 1001s
   466   483 1053.00764   28 2183 1080.00000 1049.38462  2.83%  1054 1042s
   482   513 1053.27709   28 2151 1080.00000 1049.38462  2.83%  1085 1057s
   512   529 1053.35392   29 2168 1080.00000 1049.38462  2.83%  1094 1075s
   528   547 1053.51741   29 2171 1080.00000 1049.38462  2.83%  1097 1094s
   546   578 1053.66569   30 2158 1080.00000 1049.38462  2.83%  1100 1119s
   577   629 1053.75597   31 2168 1080.00000 1049.38462  2.83%  1128 1151s
   628   687 1053.80597   31 2136 1080.00000 1049.38462  2.83%  1139 1188s
   686   734 1053.88194   32 2155 1080.00000 1049.38462  2.83%  1144 1230s
   733   789 1054.02298   32 2140 1080.00000 1049.38462  2.83%  1182 1269s
   788   850 1054.11653   33 2139 1080.00000 1049.38462  2.83%  1195 1310s
   849   872 1054.24920   33 2116 1080.00000 1049.38462  2.83%  1210 1356s
   871   910 1054.36458   34 2122 1080.00000 1049.38462  2.83%  1234 1387s
   909   926 1055.70588   41 2083 1080.00000 1049.38462  2.83%  1237 1432s
   925  1007 1055.82683   42 2093 1080.00000 1049.38462  2.83%  1238 1518s
  1006  1061 1057.35844   49 2033 1080.00000 1049.38462  2.83%  1243 1553s
  1060  1130 1058.68320   56 1990 1080.00000 1049.38462  2.83%  1248 1615s
  1129  1225 1060.33794   65 1974 1080.00000 1049.38462  2.83%  1278 1672s
  1224  1334 1062.08864   75 1895 1080.00000 1049.38462  2.83%  1278 1702s
  1333  1350 1064.05656   85 1871 1080.00000 1049.38462  2.83%  1273 1766s
  1349  1366 1064.22104   86 1860 1080.00000 1049.38462  2.83%  1272 1798s
  1365  1382 1064.52133   87 1841 1080.00000 1049.38462  2.83%  1271 1884s
  1381  1419 1064.65802   88 1822 1080.00000 1049.38462  2.83%  1271 1984s
  1418  1484 1064.79553   89 1833 1080.00000 1049.38462  2.83%  1272 2011s
  1483  1550 1065.32872   91 1818 1080.00000 1049.38462  2.83%  1268 2042s
  1549  1566 1067.77408  102 1709 1080.00000 1049.38462  2.83%  1268 2101s
  1565  1582 1067.65456  103 1731 1080.00000 1049.38462  2.83%  1269 2165s
  1581  1604 1067.75439  103 1700 1080.00000 1049.38462  2.83%  1269 2218s
  1603  1639 1067.84444  104 1710 1080.00000 1049.38462  2.83%  1265 2263s
  1638  1655 1067.96487  105 1713 1080.00000 1049.38462  2.83%  1262 2316s
  1654  1675 1068.04309  105 1719 1080.00000 1049.38462  2.83%  1260 2454s
  1674  1691 1068.06863  106 1728 1080.00000 1049.38462  2.83%  1259 2492s
  1690  1707 1068.18063  106 1730 1080.00000 1049.38462  2.83%  1259 2538s
  1706  1723 1068.34452  107 1740 1080.00000 1049.38462  2.83%  1259 2607s
  1722  1739 1068.40933  107 1700 1080.00000 1049.38462  2.83%  1260 2669s
  1738  1755 1068.59964  108 1688 1080.00000 1049.38462  2.83%  1258 2719s
  1754  1797 1068.57365  108 1702 1080.00000 1049.38462  2.83%  1258 2772s
  1796  1829 1068.64675  109 1701 1080.00000 1049.38462  2.83%  1260 2822s
  1828  1866 1068.86159  110 1717 1080.00000 1049.38462  2.83%  1260 2896s
  1865  1960 1070.66689  119 1620 1080.00000 1049.38462  2.83%  1259 2967s
  1959  2113 1072.59110  127 1595 1080.00000 1049.38462  2.83%  1256 3012s
  2112  2189 1072.70018  128 1606 1080.00000 1049.38462  2.83%  1252 3063s
  2188  2248 1075.55662  141 1522 1080.00000 1049.38462  2.83%  1251 3113s
  2247  2291 1075.69863  142 1519 1080.00000 1049.38462  2.83%  1250 3171s
  2290  2328 1076.30785  145 1485 1080.00000 1049.38462  2.83%  1248 3225s
  2327  2399 1076.48206  146 1480 1080.00000 1049.38462  2.83%  1249 3281s
  2398  2415 1076.70422  147 1411 1080.00000 1049.38462  2.83%  1247 3355s
  2414  2431 1076.78842  148 1412 1080.00000 1049.38462  2.83%  1247 3449s
  2430  2509 1077.03717  148 1408 1080.00000 1049.38462  2.83%  1246 3556s
  2508  2543 1077.24241  149 1384 1080.00000 1049.38462  2.83%  1246 3674s
  2542  2607 1077.19945  149 1410 1080.00000 1049.38462  2.83%  1243 3749s
  2606  2659 1077.34167  150 1391 1080.00000 1049.38462  2.83%  1241 3810s
  2658  2716 1077.46978  151 1391 1080.00000 1049.38462  2.83%  1238 3870s
  2715  2900 1077.54092  152 1412 1080.00000 1049.38462  2.83%  1238 3935s
  2903  3019 1077.68874  152 1416 1080.00000 1049.38462  2.83%  1228 4034s
  2927  3019 1050.58983    7 2203 1080.00000 1049.38462  2.83%  1224 4035s
  3094  3107 1051.00976   11 2232 1080.00000 1049.38462  2.83%  1211 4134s
  3148  3107 1050.50898    6 2190 1080.00000 1049.38462  2.83%  1207 4135s
  3224  3163 1051.09785   12 2230 1080.00000 1049.38462  2.83%  1204 4219s
  3324  3305 1051.35558   13 2235 1080.00000 1049.38462  2.83%  1199 4316s
  3504  3462 1051.46606   14 2232 1080.00000 1049.38462  2.83%  1189 4407s
  3661  3599 1051.55669   15 2245 1080.00000 1049.38462  2.83%  1187 4503s
  3838  3679 1053.26971   24 2219 1080.00000 1049.38462  2.83%  1181 4614s
  4010  3679 1072.84841  217 2087 1080.00000 1049.38462  2.83%  1171 4616s
  4045  3690 1055.27851   37 2143 1080.00000 1049.38462  2.83%  1170 4786s
  4066  3703 1055.45015   38 2138 1080.00000 1049.38462  2.83%  1169 4978s
  4086  3704 1052.62465   15 2154 1080.00000 1049.38462  2.83%  1167 5413s
  4088  3705 1053.52552   19 2154 1080.00000 1049.38462  2.83%  1166 5499s
  4089  3706 1065.19476   78 2232 1080.00000 1049.38462  2.83%  1166 5509s
  4090  3707 1066.61305   91 2225 1080.00000 1049.46876  2.83%  1166 5533s
  4091  3707 1053.14665   23 2207 1080.00000 1049.65146  2.81%  1165 5536s
  4093  3709 1057.80279   39 2196 1080.00000 1049.65606  2.81%  1165 5571s
  4094  3709 1057.07747   39 2487 1080.00000 1051.02222  2.68%  1165 5581s
  4095  3710 1052.89597   19 2475 1080.00000 1051.15291  2.67%  1164 5585s
  4097  3711 1056.92884   37 2485 1080.00000 1051.15823  2.67%  1164 5667s
  4098  3712 1052.86778   28 2657 1080.00000 1051.92078  2.60%  1163 5680s
  4099  3713 1064.66611  171 2669 1080.00000 1052.14393  2.58%  1163 5686s
  4102  3715 1065.80767   85 2705 1080.00000 1052.20005  2.57%  1162 5690s
  4104  3716 1067.02501   93 2710 1080.00000 1052.20028  2.57%  1162 5827s
  4105  3717 1052.75620   22 2804 1080.00000 1052.75620  2.52%  1162 5840s
  4107  3718 1054.56522   42 2842 1080.00000 1052.92066  2.51%  1161 5846s
  4113  3722 1058.17090   96 2872 1080.00000 1052.93281  2.51%  1159 5961s
  4114  3723 1057.19850   46 2848 1080.00000 1053.16300  2.48%  1159 5968s
  4118  3726 1075.24768  140 2154 1080.00000 1053.16300  2.48%  1180 6054s
  4119  3727 1068.73430  182 2347 1080.00000 1053.16300  2.48%  1180 6067s
  4120  3728 1057.67621   43 2509 1080.00000 1053.16300  2.48%  1180 6101s
  4121  3728 1053.16305   13 2635 1080.00000 1053.16305  2.48%  1179 6123s
  4122  3729 1061.78290   75 2723 1080.00000 1053.16305  2.48%  1179 6154s
  4123  3730 1062.47071  126 2773 1080.00000 1053.16305  2.48%  1179 6181s
  4124  3730 1053.59117   24 2806 1080.00000 1053.16305  2.48%  1179 6191s
  4126  3732 1078.60540  151 2825 1080.00000 1053.17832  2.48%  1178 6196s
  4128  3733 1056.46503   43 2838 1080.00000 1053.18090  2.48%  1177 6293s
  4129  3734 1055.72861   39 2814 1080.00000 1053.32924  2.47%  1177 6299s
  4130  3734 1067.30743   92 2822 1080.00000 1053.36545  2.47%  1177 6302s
  4132  3736 1062.76768   63 2826 1080.00000 1053.38224  2.46%  1176 6305s
  4136  3738 1076.76800  151 2843 1080.00000 1053.38345  2.46%  1175 6406s
  4137  3739 1060.04540   72 2844 1080.00000 1053.54047  2.45%  1175 6414s
  4138  3740 1056.58992   41 2839 1080.00000 1053.57261  2.45%  1175 6417s
  4141  3742 1074.16521  130 2855 1080.00000 1053.58830  2.45%  1174 6420s
  4146  3745 1057.12378   44 2866 1080.00000 1053.58972  2.45%  1172 6533s
  4147  3746 1055.65118   35 2898 1080.00000 1053.72351  2.43%  1172 6543s
  4148  3746 1057.80279   39 2887 1080.00000 1053.75926  2.43%  1172 6547s
  4150  3748 1078.14760  156 2914 1080.00000 1053.78309  2.43%  1171 6551s
  4156  3752 1069.18707  117 2931 1080.00000 1053.78842  2.43%  1169 6651s
  4157  3752 1057.47491   41 2930 1080.00000 1053.93640  2.41%  1169 6662s
  4161  3756 1076.48243  147 2154 1080.00000 1053.93640  2.41%  1198 6746s
  4162  3757 1053.93640   14 2373 1080.00000 1053.93640  2.41%  1197 6759s
  4163  3758 1053.93640   39 2471 1080.00000 1053.93640  2.41%  1197 6794s
  4164  3758 1053.93640   14 2596 1080.00000 1053.93640  2.41%  1197 6819s
  4165  3759 1072.93174  120 2728 1080.00000 1053.93642  2.41%  1196 6849s
  4166  3760 1064.25178   92 2805 1080.00000 1053.93642  2.41%  1196 6888s
  4167  3760 1068.80045  183 2814 1080.00000 1053.93642  2.41%  1196 6913s
  4168  3761 1053.93642   16 2838 1080.00000 1053.93642  2.41%  1195 6928s
  4169  3762 1078.60540  151 2862 1080.00000 1053.93642  2.41%  1195 6932s
  4170  3762 1055.75347   32 2899 1080.00000 1053.94315  2.41%  1195 6935s
  4175  3766 1053.94860    8 2919 1080.00000 1053.94860  2.41%  1193 7044s
  4176  3766 1061.83267   58 2910 1080.00000 1054.14359  2.39%  1193 7057s
  4177  3767 1057.35730   65 2903 1080.00000 1054.23324  2.39%  1193 7066s
  4178  3768 1066.78438  197 2889 1080.00000 1054.26263  2.38%  1193 7070s
  4183  3771 1066.45780   85 2924 1080.00000 1054.27748  2.38%  1191 7075s
  4184  3772 1063.43023   81 2925 1080.00000 1054.27748  2.38%  1191 7195s
  4185  3772 1064.05695   86 2933 1080.00000 1054.47231  2.36%  1191 7209s
  4186  3773 1054.54975   15 2966 1080.00000 1054.54975  2.36%  1190 7217s
  4187  3774 1071.46351  129 2952 1080.00000 1054.57935  2.35%  1190 7222s
  4189  3775 1065.19476   78 2957 1080.00000 1054.59373  2.35%  1189 7226s
  4194  3778 1057.07747   39 2965 1080.00000 1054.59553  2.35%  1188 7358s
  4195  3779 1054.77029   19 2967 1080.00000 1054.77029  2.34%  1188 7373s
  4196  3780 1062.88695   71 2939 1080.00000 1054.84105  2.33%  1188 7381s
  4197  3780 1056.92884   37 2948 1080.00000 1054.87114  2.33%  1187 7385s
  4199  3782 1064.66611  171 2954 1080.00000 1054.88718  2.33%  1187 7390s
  4204  3785 1067.02501   93 2963 1080.00000 1054.88962  2.33%  1185 7501s
  4205  3786 1055.05467   22 2954 1080.00000 1055.05467  2.31%  1185 7513s
  4209  3789 1062.71000   70 2154 1080.00000 1055.05467  2.31%  1223 7596s
  4210  3790 1055.05467   15 2315 1080.00000 1055.05467  2.31%  1222 7608s
  4211  3791 1060.21334   49 2422 1080.00000 1055.05467  2.31%  1222 7645s
  4212  3791 1055.05467   13 2624 1080.00000 1055.05467  2.31%  1222 7675s
  4213  3792 1058.17090   96 2736 1080.00000 1055.05472  2.31%  1221 7712s
  4214  3793 1057.19850   46 2805 1080.00000 1055.05472  2.31%  1221 7750s
  4215  3793 1055.05472   32 2829 1080.00000 1055.05472  2.31%  1221 7786s
  4216  3794 1055.05472   11 2898 1080.00000 1055.05472  2.31%  1221 7809s
  4217  3795 1074.91749  136 2933 1080.00000 1055.05472  2.31%  1220 7816s
  4219  3796 1068.73430  182 2942 1080.00000 1055.06050  2.31%  1220 7820s
  4222  3798 1061.78290   75 2944 1080.00000 1055.06172  2.31%  1219 7922s
  4223  3799 1062.47071  126 2941 1080.00000 1055.25238  2.29%  1218 7934s
  4224  3799 1055.33184   24 2936 1080.00000 1055.33184  2.28%  1218 7940s
  4226  3801 1078.60540  151 2935 1080.00000 1055.36608  2.28%  1218 7945s
  4230  3803 1067.30743   92 2953 1080.00000 1055.37047  2.28%  1216 8045s
  4231  3804 1055.57806   29 2907 1080.00000 1055.54656  2.26%  1216 8054s
  4232  3805 1062.76768   63 2886 1080.00000 1055.62771  2.26%  1216 8059s
  4233  3805 1060.31266   66 2896 1080.00000 1055.65660  2.25%  1216 8062s
  4235  3807 1076.71452  145 2918 1080.00000 1055.67242  2.25%  1215 8065s
  4240  3810 1062.34911   83 2926 1080.00000 1055.67463  2.25%  1214 8170s
  4241  3811 1074.16521  130 2873 1080.00000 1055.77353  2.24%  1213 8176s
  4242  3811 1068.73430  182 2849 1080.00000 1055.81362  2.24%  1213 8180s
  4246  3814 1057.12378   44 2849 1080.00000 1055.82664  2.24%  1212 8287s
  4247  3815 1055.85451   35 2855 1080.00000 1055.85451  2.24%  1212 8290s
  4251  3818 1070.80762  112 2154 1080.00000 1055.85451  2.24%  1247 8374s
  4252  3819 1067.24992   92 2315 1080.00000 1055.85451  2.24%  1247 8388s
  4253  3820 1056.79732   34 2360 1080.00000 1055.85451  2.24%  1247 8425s
  4254  3820 1065.01864   88 2506 1080.00000 1055.85451  2.24%  1246 8452s
  4255  3821 1060.79761  135 2645 1080.00000 1055.85451  2.24%  1246 8484s
  4256  3822 1069.18707  117 2709 1080.00000 1055.85451  2.24%  1246 8518s
  4257  3822 1057.47491   41 2753 1080.00000 1055.85451  2.24%  1246 8556s
  4258  3823 1057.63394   89 2802 1080.00000 1055.85451  2.24%  1245 8569s
  4259  3824 1066.15363   91 2831 1080.00000 1055.85451  2.24%  1245 8575s
  4263  3826 1055.85496   39 2852 1080.00000 1055.85496  2.24%  1244 8662s
  4264  3827 1055.87549   14 2852 1080.00000 1055.87549  2.23%  1244 8665s
H 4265  3636                    1079.0000000 1055.88235  2.14%  1243 8779s
  4267  3637 1068.80045  183 2861 1079.00000 1055.88235  2.14%  1243 8784s
  4268  3638 1055.88235   16 2858 1079.00000 1055.88235  2.14%  1242 8891s
  4269  3638 1078.60540  151 2867 1079.00000 1055.88235  2.14%  1242 8895s
  4270  3639 1055.88235   32 2862 1079.00000 1055.88235  2.14%  1242 8987s
  4271  3640 1063.76082   71 2872 1079.00000 1055.88235  2.14%  1242 9093s
H 4271  3457                    1078.0000000 1055.94593  2.05%  1242 9774s
  4272  3457 1073.81208  133 2872 1078.00000 1055.94593  2.05%  1241 10084s
  4273  3460 1056.08274   51 2838 1078.00000 1055.94593  2.05%  1276 10101s
  4274  3462 1056.24660   52 2806 1078.00000 1055.94593  2.05%  1276 10106s
  4276  3465 1056.28839   53 2800 1078.00000 1055.94593  2.05%  1276 10115s
  4280  3472 1056.36194   54 2796 1078.00000 1055.94593  2.05%  1277 10127s
  4288  3485 1056.43021   55 2799 1078.00000 1055.94593  2.05%  1279 10145s
  4304  3496 1056.51147   56 2802 1078.00000 1055.94593  2.05%  1289 10167s
  4320  3506 1056.58299   57 2803 1078.00000 1055.94593  2.05%  1292 10181s
  4336  3517 1056.65134   58 2820 1078.00000 1055.94593  2.05%  1293 10195s
  4352  3538 1056.75795   58 2783 1078.00000 1055.94593  2.05%  1295 10213s
  4378  3545 1056.95538   59 2734 1078.00000 1055.94593  2.05%  1308 10226s
  4394  3556 1057.03649   60 2737 1078.00000 1055.94593  2.05%  1311 10239s
  4410  3566 1057.16236   60 2715 1078.00000 1055.94593  2.05%  1315 10253s
  4426  3577 1057.22298   61 2714 1078.00000 1055.94593  2.05%  1318 10266s
  4442  3588 1057.36048   61 2678 1078.00000 1055.94593  2.05%  1323 10279s
  4458  3598 1057.46797   62 2683 1078.00000 1055.94593  2.05%  1332 10292s
  4474  3609 1057.58210   62 2679 1078.00000 1055.94593  2.05%  1338 10306s
  4490  3621 1057.76841   63 2650 1078.00000 1055.94593  2.05%  1342 10321s
  4507  3632 1057.67380   63 2688 1078.00000 1055.94593  2.05%  1348 10338s
  4524  3645 1057.81399   64 2670 1078.00000 1055.94593  2.05%  1359 10353s
  4543  3655 1057.90368   64 2615 1078.00000 1055.94593  2.05%  1365 10368s
  4559  3667 1057.99864   65 2606 1078.00000 1055.94593  2.05%  1369 10381s
  4576  3678 1058.04210   65 2608 1078.00000 1055.94593  2.05%  1374 10394s
  4593  3698 1058.10075   66 2610 1078.00000 1055.94593  2.05%  1378 10414s
  4619  3706 1058.19259   67 2615 1078.00000 1055.94593  2.05%  1393 10427s
  4635  3716 1058.21055   67 2590 1078.00000 1055.94593  2.05%  1397 10440s
  4651  3727 1058.38309   68 2559 1078.00000 1055.94593  2.05%  1401 10453s
  4667  3738 1058.33764   68 2615 1078.00000 1055.94593  2.05%  1406 10465s
  4683  3748 1058.49994   69 2526 1078.00000 1055.94593  2.05%  1411 10478s
  4699  3759 1058.50192   69 2570 1078.00000 1055.94593  2.05%  1415 10491s
  4715  3770 1058.56318   70 2545 1078.00000 1055.94593  2.05%  1420 10506s
  4731  3782 1058.80579   70 2524 1078.00000 1055.94593  2.05%  1431 10524s
  4749  3793 1059.00039   71 2522 1078.00000 1055.94593  2.05%  1436 10552s
  4766  3819 1058.89044   71 2509 1078.00000 1055.94593  2.05%  1440 10571s
  4797  3824 1059.25542   73 2505 1078.00000 1055.94593  2.05%  1448 10590s
  4813  3835 1059.31497   73 2532 1078.00000 1055.94593  2.05%  1452 10609s
  4829  3846 1059.37790   74 2518 1078.00000 1055.94593  2.05%  1456 10628s
  4845  3857 1059.49519   74 2516 1078.00000 1055.94593  2.05%  1466 10649s
  4862  3868 1059.58857   75 2516 1078.00000 1055.94593  2.05%  1470 10686s
  4878  3878 1059.67208   75 2497 1078.00000 1055.94593  2.05%  1473 10706s
  4894  3889 1059.75148   76 2497 1078.00000 1055.94593  2.05%  1479 10727s
  4910  3916 1059.80953   76 2469 1078.00000 1055.94593  2.05%  1483 10751s
  4942  3921 1059.87673   77 2479 1078.00000 1055.94593  2.05%  1490 10777s
  4958  3932 1059.98275   77 2441 1078.00000 1055.94593  2.05%  1493 10800s
  4974  3942 1060.05545   78 2434 1078.00000 1055.94593  2.05%  1497 10831s
  4990  3953 1060.10957   78 2438 1078.00000 1055.94593  2.05%  1507 10856s
  5006  3964 1060.22920   79 2416 1078.00000 1055.94593  2.05%  1511 10885s
  5022  3996 1060.35058   79 2424 1078.00000 1055.94593  2.05%  1514 10914s
  5060  4057 1060.75574   81 2375 1078.00000 1055.94593  2.05%  1522 10945s
  5133  4048 1061.17016   83 2332 1078.00000 1055.94593  2.05%  1539 10975s
  5149  4059 1061.38399   84 2284 1078.00000 1055.94593  2.05%  1543 11007s
  5165  4070 1061.37388   84 2342 1078.00000 1055.94593  2.05%  1546 11049s
  5181  4080 1061.53932   85 2304 1078.00000 1055.94593  2.05%  1549 11083s
  5197  4091 1061.62744   85 2301 1078.00000 1055.94593  2.05%  1553 11127s
  5213  4107 1061.64371   86 2295 1078.00000 1055.94593  2.05%  1556 11162s
  5234  4117 1061.77229   86 2289 1078.00000 1055.94593  2.05%  1560 11211s
  5251  4127 1061.89253   87 2284 1078.00000 1055.94593  2.05%  1563 11246s
  5267  4139 1062.00024   87 2269 1078.00000 1055.94593  2.05%  1567 11293s
  5284  4155 1062.11615   88 2249 1078.00000 1055.94593  2.05%  1570 11330s
  5306  4185 1062.14398   88 2259 1078.00000 1055.94593  2.05%  1573 11372s
  5343  4197 1062.72815   92 2226 1078.00000 1055.94593  2.05%  1580 11415s
  5368  4247 1062.83785   93 2197 1078.00000 1055.94593  2.05%  1585 11463s
  5426  4326 1062.85698   93 2221 1078.00000 1055.94593  2.05%  1594 11511s
  5524  4309 1063.73652   98 2160 1078.00000 1055.94593  2.05%  1611 11558s
  5540  4335 1063.85034   98 2115 1078.00000 1055.94593  2.05%  1614 11722s
  5571  4385 1064.11186   99 2090 1078.00000 1055.94593  2.05%  1619 11773s
  5632  4381 1064.41758  101 2060 1078.00000 1055.94593  2.05%  1628 11829s
  5648  4421 1064.61964  102 2048 1078.00000 1055.94593  2.05%  1630 11883s
  5693  4429 1064.79277  103 2083 1078.00000 1055.94593  2.05%  1639 11938s
  5716  4450 1064.86552  104 2088 1078.00000 1055.94593  2.05%  1643 11989s
  5745  4456 1065.02436  104 2086 1078.00000 1055.94593  2.05%  1645 12042s
  5761  4487 1065.11286  105 2058 1078.00000 1055.94593  2.05%  1648 12095s
  5797  4524 1065.20158  105 2044 1078.00000 1055.94593  2.05%  1652 12174s
  5846  4529 1065.60506  107 2030 1078.00000 1055.94593  2.05%  1659 12261s
  5867  4572 1065.67258  108 2018 1078.00000 1055.94593  2.05%  1662 12347s
  5917  4586 1065.65785  108 2002 1078.00000 1055.94593  2.05%  1666 12430s
  5948  4598 1065.76458  109 1980 1078.00000 1055.94593  2.05%  1669 12501s
  5970  4606 1065.76047  109 2021 1078.00000 1055.94593  2.05%  1670 12607s
  5986  4621 1065.82539  110 1972 1078.00000 1055.94593  2.05%  1672 12678s
  6006  4630 1066.03441  110 1958 1078.00000 1055.94593  2.05%  1674 12747s
  6022  4646 1066.10668  111 1944 1078.00000 1055.94593  2.05%  1675 12850s
  6043  4683 1066.19385  111 1957 1078.00000 1055.94593  2.05%  1676 12922s
  6087  4684 1066.36720  112 1942 1078.00000 1055.94593  2.05%  1679 13009s
  6103  4787 1066.29623  112 1945 1078.00000 1055.94593  2.05%  1681 13148s
  6211  4767 1066.46759  113 1967 1078.00000 1055.94593  2.05%  1687 13224s
  6227  4814 1066.54540  113 1900 1078.00000 1055.94593  2.05%  1688 13331s
  6279  4812 1066.60983  114 1924 1078.00000 1055.94593  2.05%  1691 13484s
  6295  4828 1066.72652  114 1903 1078.00000 1055.94593  2.05%  1693 13568s
  6316  4976 1066.81375  115 1905 1078.00000 1055.94593  2.05%  1694 13664s
  6471  4940 1068.41360  122 1855 1078.00000 1055.94593  2.05%  1702 13753s
  6487  4954 1068.58132  123 1823 1078.00000 1055.94593  2.05%  1703 13846s
  6506  5158 1068.51481  123 1859 1078.00000 1055.94593  2.05%  1704 13941s
  6740  5094 1068.67682  124 1839 1078.00000 1055.94593  2.05%  1712 14043s
  6758  5101 1068.87867  124 1818 1078.00000 1055.94593  2.05%  1712 14141s
  6775  5264 1069.06460  125 1797 1078.00000 1055.94593  2.05%  1713 14249s
  6980  5320 1070.15703  131 1771 1078.00000 1055.94593  2.05%  1721 14354s
  7138  5422 1071.45274  137 1682 1078.00000 1055.94593  2.05%  1724 14400s

Cutting planes:
  MIR: 917
  Flow cover: 1118

Explored 7303 nodes (12664802 simplex iterations) in 14400.05 seconds (30114.78 work units)
Thread count was 32 (of 32 available processors)

Solution count 10: 1078 1079 1080 ... 1094

Time limit reached
Best objective 1.078000000000e+03, best bound 1.056000000000e+03, gap 2.0408%

User-callback calls 3827062, time in user-callback 7.43 sec
