
Gurobi 13.0.2 (linux64) logging started Sat Jul 11 02:08:00 2026

Set parameter LogFile to value "/tmp/sweep_20260709_012313_china_alt400km_s10_i4_v10_gurobi.log"
Set parameter Method to value 1
Set parameter NodefileStart to value 4
Set parameter RINS to value 50
Gurobi Optimizer version 13.0.2 build v13.0.2rc1 (linux64 - "Debian GNU/Linux 13 (trixie)")

CPU model: Intel(R) Xeon(R) Platinum 8375C CPU @ 2.90GHz, instruction set [SSE2|AVX|AVX2|AVX512]
Thread count: 16 physical cores, 32 logical processors, using up to 32 threads

Non-default parameters:
TimeLimit  14400
MIPGap  0.001
Method  1
LPWarmStart  1
Heuristics  0.2
MIPFocus  1
NodefileStart  4
RINS  50
Symmetry  2
Cuts  2
CoverCuts  2
LogToConsole  0

Academic license 2812613 - for non-commercial use only - registered to no___@gatech.edu
Optimize a model with 392028 rows, 21540 columns and 104075536 nonzeros (Min)
Model fingerprint: 0x8427d4bb
Model has 21540 linear objective coefficients
Variable types: 0 continuous, 21540 integer (21540 binary)
Coefficient statistics:
  Matrix range     [1e+00, 1e+00]
  Objective range  [1e+00, 1e+00]
  Bounds range     [1e+00, 1e+00]
  RHS range        [3e+00, 3e+00]

Found heuristic solution: objective 691.0000000
Presolve removed 0 rows and 0 columns (presolve time = 11s)...
Presolve removed 0 rows and 0 columns (presolve time = 20s)...
Presolve removed 0 rows and 0 columns (presolve time = 26s)...
Presolve removed 0 rows and 0 columns (presolve time = 34s)...
Presolve removed 0 rows and 0 columns (presolve time = 43s)...
Presolve removed 0 rows and 0 columns (presolve time = 55s)...
Presolve removed 0 rows and 0 columns (presolve time = 55s)...
Presolve removed 0 rows and 0 columns (presolve time = 60s)...
Presolve removed 0 rows and 0 columns (presolve time = 65s)...
Presolve removed 0 rows and 0 columns (presolve time = 82s)...
Presolve removed 0 rows and 0 columns (presolve time = 90s)...
Presolve removed 0 rows and 0 columns (presolve time = 90s)...
Presolve removed 0 rows and 0 columns (presolve time = 97s)...
Presolve removed 0 rows and 0 columns (presolve time = 104s)...
Presolve removed 0 rows and 0 columns (presolve time = 105s)...
Presolve removed 0 rows and 0 columns (presolve time = 110s)...
Presolve removed 0 rows and 0 columns (presolve time = 123s)...
Presolve removed 0 rows and 0 columns (presolve time = 125s)...
Presolve removed 0 rows and 0 columns (presolve time = 131s)...
Presolve removed 0 rows and 0 columns (presolve time = 140s)...
Presolve removed 0 rows and 0 columns (presolve time = 140s)...
Presolve removed 0 rows and 0 columns (presolve time = 145s)...
Presolve removed 0 rows and 0 columns (presolve time = 150s)...
Presolve removed 0 rows and 0 columns (presolve time = 155s)...
Presolve removed 0 rows and 0 columns (presolve time = 160s)...
Presolve removed 0 rows and 0 columns (presolve time = 165s)...
Presolve removed 0 rows and 0 columns (presolve time = 170s)...
Presolve removed 0 rows and 0 columns (presolve time = 175s)...
Presolve removed 0 rows and 0 columns (presolve time = 186s)...
Presolve removed 0 rows and 0 columns (presolve time = 205s)...
Presolve removed 0 rows and 0 columns (presolve time = 216s)...
Presolve time: 215.78s
Presolved: 392028 rows, 21540 columns, 104075536 nonzeros
Variable types: 0 continuous, 21540 integer (21540 binary)

Root simplex log...

Iteration    Objective       Primal Inf.    Dual Inf.      Time
       0   -0.0000000e+00   0.000000e+00   2.062500e+02    264s
       7    3.8011765e+02   0.000000e+00   0.000000e+00    264s
       7    3.8011765e+02   0.000000e+00   0.000000e+00    264s

Use crossover to convert LP symmetric solution to basic solution...

Root crossover log...

       0 DPushes remaining with DInf 0.0000000e+00               271s

    1436 PPushes remaining with PInf 0.0000000e+00               271s
     765 PPushes remaining with PInf 0.0000000e+00               296s
       0 PPushes remaining with PInf 0.0000000e+00               331s

  Push phase complete: Pinf 0.0000000e+00, Dinf 8.9098996e-09    332s


Root simplex log...

Iteration    Objective       Primal Inf.    Dual Inf.      Time
    1446    3.8011765e+02   0.000000e+00   0.000000e+00    337s
Crossover time: 72.41 seconds (110.47 work units)

Root relaxation: objective 3.801176e+02, 1446 iterations, 111.47 seconds (147.97 work units)

    Nodes    |    Current Node    |     Objective Bounds      |     Work
 Expl Unexpl |  Obj  Depth IntInf | Incumbent    BestBd   Gap | It/Node Time

     0     0  380.11765    0 4308  691.00000  380.11765  45.0%     -  781s
H    0     0                     690.0000000  380.11765  44.9%     - 1329s
H    0     0                     645.0000000  380.11765  41.1%     - 1329s
H    0     0                     618.0000000  380.11765  38.5%     - 1330s
H    0     0                     612.0000000  380.11765  37.9%     - 1332s
H    0     0                     610.0000000  380.11765  37.7%     - 1477s
H    0     0                     606.0000000  380.11765  37.3%     - 1485s
H    0     0                     603.0000000  380.11765  37.0%     - 1575s
H    0     0                     596.0000000  380.11765  36.2%     - 1575s
H    0     0                     584.0000000  380.11765  34.9%     - 1576s
H    0     0                     581.0000000  380.11765  34.6%     - 1703s
H    0     0                     579.0000000  380.11765  34.3%     - 1704s

Cutting planes:
  Lift-and-project: 1

Explored 1 nodes (5334 simplex iterations) in 46388.89 seconds (74434.22 work units)
Thread count was 32 (of 32 available processors)

Solution count 10: 579 581 584 ... 645

Time limit reached
Best objective 5.790000000000e+02, best bound 3.810000000000e+02, gap 34.1969%

User-callback calls 56157, time in user-callback 0.22 sec
