
Gurobi 13.0.2 (linux64) logging started Fri Jul 17 09:51:15 2026

Set parameter LogFile to value "/tmp/sweep_20260716_013919_north-korea_alt260km_s100_i6_v5_gurobi.log"
Set parameter Method to value 1
Set parameter NodefileStart to value 4
Set parameter RINS to value 50
Gurobi Optimizer version 13.0.2 build v13.0.2rc1 (linux64 - "Debian GNU/Linux 13 (trixie)")

CPU model: Intel(R) Xeon(R) Platinum 8375C CPU @ 2.90GHz, instruction set [SSE2|AVX|AVX2|AVX512]
Thread count: 16 physical cores, 32 logical processors, using up to 32 threads

Non-default parameters:
TimeLimit  14400
MIPGap  0.001
Method  1
LPWarmStart  1
Heuristics  0.2
MIPFocus  1
NodefileStart  4
RINS  50
Symmetry  2
Cuts  2
CoverCuts  2
LogToConsole  0

Academic license 2812613 - for non-commercial use only - registered to no___@gatech.edu
Optimize a model with 1436 rows, 28720 columns and 250582 nonzeros (Min)
Model fingerprint: 0x1bbda252
Model has 28720 linear objective coefficients
Variable types: 0 continuous, 28720 integer (28720 binary)
Coefficient statistics:
  Matrix range     [1e+00, 1e+00]
  Objective range  [1e+00, 1e+00]
  Bounds range     [1e+00, 1e+00]
  RHS range        [2e+01, 2e+01]

Found heuristic solution: objective 4168.0000000
Presolve removed 0 rows and 12924 columns
Presolve time: 0.20s
Presolved: 1436 rows, 15796 columns, 152934 nonzeros
Variable types: 0 continuous, 15796 integer (10052 binary)

Root simplex log...

Iteration    Objective       Primal Inf.    Dual Inf.      Time
   10913    1.5982710e+03   1.901183e+02   0.000000e+00      5s
   11614    1.5991818e+03   0.000000e+00   0.000000e+00      6s

Root relaxation: objective 1.599182e+03, 11614 iterations, 5.46 seconds (10.15 work units)

    Nodes    |    Current Node    |     Objective Bounds      |     Work
 Expl Unexpl |  Obj  Depth IntInf | Incumbent    BestBd   Gap | It/Node Time

     0     0 1599.18182    0 1436 4168.00000 1599.18182  61.6%     -    5s
H    0     0                    3430.0000000 1599.18182  53.4%     -    5s
H    0     0                    3230.0000000 1599.18182  50.5%     -    5s
H    0     0                    1926.0000000 1599.18182  17.0%     -    5s
H    0     0                    1742.0000000 1599.18182  8.20%     -    6s
H    0     0                    1722.0000000 1599.18182  7.13%     -    6s
H    0     0                    1721.0000000 1599.18182  7.08%     -    6s
H    0     0                    1696.0000000 1599.18182  5.71%     -    6s
H    0     0                    1692.0000000 1599.18182  5.49%     -    6s
H    0     0                    1690.0000000 1599.18182  5.37%     -    7s
H    0     0                    1686.0000000 1599.18182  5.15%     -    7s
H    0     0                    1685.0000000 1599.18182  5.09%     -    7s
H    0     0                    1684.0000000 1599.18182  5.04%     -    7s
H    0     0                    1680.0000000 1599.18182  4.81%     -    8s
H    0     0                    1679.0000000 1599.18182  4.75%     -    9s
H    0     0                    1678.0000000 1599.18182  4.70%     -   10s
H    0     0                    1677.0000000 1599.18182  4.64%     -   10s
H    0     0                    1676.0000000 1599.18182  4.58%     -   10s
H    0     0                    1675.0000000 1599.18182  4.53%     -   10s
H    0     0                    1674.0000000 1599.18182  4.47%     -   10s
H    0     0                    1673.0000000 1599.18182  4.41%     -   10s
H    0     0                    1672.0000000 1599.18182  4.36%     -   11s
H    0     0                    1671.0000000 1599.18182  4.30%     -   11s
     0     0 1599.22062    0 1436 1671.00000 1599.22062  4.30%     -   31s
H    0     0                    1662.0000000 1599.22062  3.78%     -   34s
H    0     0                    1659.0000000 1599.22062  3.60%     -   34s
H    0     0                    1658.0000000 1599.22062  3.55%     -   35s
H    0     0                    1657.0000000 1599.22062  3.49%     -   35s
H    0     0                    1655.0000000 1599.22062  3.37%     -   36s
H    0     0                    1654.0000000 1599.22062  3.31%     -   37s
H    0     0                    1653.0000000 1599.22062  3.25%     -   38s
H    0     0                    1652.0000000 1599.22062  3.19%     -   44s
H    0     0                    1633.0000000 1599.22062  2.07%     -   51s
H    0     0                    1631.0000000 1599.22062  1.95%     -   51s
H    0     0                    1630.0000000 1599.22062  1.89%     -   57s
H    0     0                    1628.0000000 1599.22062  1.77%     -   57s
H    0     0                    1627.0000000 1599.22062  1.71%     -   58s
H    0     0                    1626.0000000 1599.22062  1.65%     -   58s
H    0     0                    1625.0000000 1599.22062  1.59%     -   58s
H    0     0                    1622.0000000 1599.22062  1.40%     -   59s
H    0     0                    1621.0000000 1599.22062  1.34%     -   59s
H    0     0                    1620.0000000 1599.22062  1.28%     -   59s
H    0     0                    1619.0000000 1599.22062  1.22%     -   80s
H    0     2                    1618.0000000 1599.22062  1.16%     -   98s
     0     2 1599.22062    0 1436 1618.00000 1599.22062  1.16%     -   98s
     1     3 1599.27024    1 1434 1618.00000 1599.22062  1.16%   4.0  116s
     2     4 1599.30870    2 1432 1618.00000 1599.22062  1.16%   6.0  144s
     5     8 1599.35681    3 1432 1618.00000 1599.31358  1.15%  16.2  163s
     9    16 1599.37430    4 1430 1618.00000 1599.34244  1.15%  12.4  180s
    17    32 1599.39647    5 1430 1618.00000 1599.37981  1.15%  11.9  191s
    33   192 1599.39893    6 1429 1618.00000 1599.39893  1.15%  12.8  197s
   409   425 1600.08093   24 1404 1618.00000 1599.40265  1.15%  55.3  200s
   442   457 1600.19009   26 1410 1618.00000 1599.40265  1.15%  59.5  207s
   458   473 1600.18998   26 1401 1618.00000 1599.40265  1.15%  61.0  210s
   490   505 1600.20862   27 1398 1618.00000 1599.40265  1.15%  64.4  218s
   506   521 1600.23591   28 1394 1618.00000 1599.40265  1.15%  65.9  222s
   522   539 1600.22138   28 1405 1618.00000 1599.40265  1.15%  66.8  226s
   540   557 1600.28208   29 1392 1618.00000 1599.40265  1.15%  68.1  230s
   574   589 1600.29682   30 1396 1618.00000 1599.40265  1.15%  71.6  239s
   590   605 1600.41204   31 1393 1618.00000 1599.40265  1.15%  73.3  243s
   606   621 1600.37039   31 1399 1618.00000 1599.40265  1.15%  74.5  248s
   622   637 1600.44687   32 1391 1618.00000 1599.40265  1.15%  75.7  254s
   638   660 1600.45418   32 1388 1618.00000 1599.40265  1.15%  77.1  258s
   661   686 1600.47550   33 1392 1618.00000 1599.40265  1.15%  78.5  263s
   687   713 1600.55860   34 1381 1618.00000 1599.40265  1.15%  80.0  271s
   714   742 1600.58161   35 1387 1618.00000 1599.40265  1.15%  82.2  275s
   743   762 1600.59085   35 1378 1618.00000 1599.40265  1.15%  83.8  280s
   763   782 1600.59741   36 1375 1618.00000 1599.40265  1.15%  84.7  285s
   807   822 1600.70749   39 1380 1618.00000 1599.40265  1.15%  87.9  294s
   823   838 1600.71917   40 1372 1618.00000 1599.40265  1.15%  89.0  299s
   839   854 1600.75132   41 1379 1618.00000 1599.40265  1.15%  89.8  307s
   855   873 1600.80888   42 1374 1618.00000 1599.40265  1.15%  90.7  312s
   874   902 1600.79135   42 1370 1618.00000 1599.40265  1.15%  91.8  317s
   903   938 1600.84022   43 1378 1618.00000 1599.40265  1.15%  94.1  322s
   939   977 1600.85999   43 1373 1618.00000 1599.40265  1.15%  96.3  329s
   978  1027 1600.88112   44 1376 1618.00000 1599.40265  1.15%  98.5  336s
  1087  1154 1600.93807   45 1371 1618.00000 1599.40265  1.15%   105  344s
  1155  1234 1601.17322   50 1367 1618.00000 1599.40265  1.15%   108  349s
  1235  1325 1601.28567   54 1364 1618.00000 1599.40265  1.15%   114  351s
  1408  1423 1601.68675   63 1338 1618.00000 1599.40265  1.15%   120  355s
  1424  1439 1601.65664   63 1345 1618.00000 1599.40265  1.15%   120  360s
  1456  1480 1601.72869   64 1341 1618.00000 1599.40265  1.15%   121  368s
  1481  1496 1601.77461   65 1341 1618.00000 1599.40265  1.15%   122  374s
  1497  1512 1601.80544   65 1322 1618.00000 1599.40265  1.15%   123  383s
  1513  1541 1601.83035   66 1340 1618.00000 1599.40265  1.15%   124  391s
  1542  1573 1601.79825   66 1351 1618.00000 1599.40265  1.15%   125  398s
  1574  1589 1601.91793   67 1337 1618.00000 1599.40265  1.15%   126  402s
  1590  1611 1601.96046   68 1336 1618.00000 1599.40265  1.15%   128  407s
  1612  1640 1601.95399   68 1335 1618.00000 1599.40265  1.15%   129  411s
  1641  1665 1601.98836   69 1345 1618.00000 1599.40265  1.15%   129  416s
  1666  1681 1601.99368   69 1330 1618.00000 1599.40265  1.15%   131  422s
  1682  1697 1602.05691   70 1328 1618.00000 1599.40265  1.15%   131  427s
  1698  1713 1602.07299   71 1331 1618.00000 1599.40265  1.15%   131  438s
  1714  1729 1602.10607   72 1331 1618.00000 1599.40265  1.15%   133  443s
  1730  1745 1602.14717   73 1329 1618.00000 1599.40265  1.15%   133  448s
H 1741  1745                    1617.0000000 1599.40265  1.09%   134  448s
  1746  1825 1602.19592   73 1330 1617.00000 1599.40265  1.09%   134  453s
  1826  1841 1602.34876   77 1316 1617.00000 1599.40265  1.09%   138  456s
  1842  1857 1602.31943   77 1319 1617.00000 1599.40265  1.09%   138  460s
  1874  1889 1602.37976   79 1326 1617.00000 1599.40265  1.09%   140  468s
  1890  1905 1602.40278   79 1323 1617.00000 1599.40265  1.09%   141  472s
  1906  1921 1602.41463   80 1327 1617.00000 1599.40265  1.09%   142  476s
  1922  1937 1602.50480   80 1330 1617.00000 1599.40265  1.09%   142  481s
  1938  1953 1602.48490   81 1315 1617.00000 1599.40265  1.09%   144  485s
  1954  1969 1602.48246   81 1321 1617.00000 1599.40265  1.09%   144  490s
  1986  2001 1602.53518   83 1326 1617.00000 1599.40265  1.09%   146  499s
  2002  2017 1602.56645   84 1319 1617.00000 1599.40265  1.09%   146  505s
  2018  2033 1602.56804   84 1318 1617.00000 1599.40265  1.09%   147  510s
  2050  2065 1602.64124   86 1320 1617.00000 1599.40265  1.09%   149  519s
  2066  2081 1602.67492   87 1312 1617.00000 1599.40265  1.09%   149  531s
  2082  2097 1602.69953   88 1313 1617.00000 1599.40265  1.09%   150  540s
  2098  2113 1602.75472   88 1314 1617.00000 1599.40265  1.09%   151  548s
  2114  2129 1602.81478   89 1305 1617.00000 1599.40265  1.09%   152  565s
  2130  2145 1602.78823   89 1317 1617.00000 1599.40265  1.09%   152  586s
  2146  2161 1602.84964   90 1314 1617.00000 1599.40265  1.09%   153  595s
  2162  2177 1602.85650   90 1305 1617.00000 1599.40265  1.09%   154  611s
  2178  2193 1602.90974   91 1305 1617.00000 1599.40265  1.09%   154  628s
  2194  2209 1602.87218   91 1309 1617.00000 1599.40265  1.09%   155  644s
  2210  2225 1602.91641   92 1300 1617.00000 1599.40265  1.09%   156  661s
  2226  2241 1603.03227   92 1314 1617.00000 1599.40265  1.09%   156  671s
  2242  2257 1602.96239   93 1313 1617.00000 1599.40265  1.09%   157  688s
  2258  2273 1602.93537   93 1292 1617.00000 1599.40265  1.09%   157  705s
  2274  2289 1602.97401   94 1308 1617.00000 1599.40265  1.09%   158  718s
  2290  2305 1602.99253   94 1304 1617.00000 1599.40265  1.09%   159  731s
  2306  2321 1603.00370   95 1309 1617.00000 1599.40265  1.09%   160  741s
  2322  2337 1603.06337   96 1306 1617.00000 1599.40265  1.09%   161  753s
  2338  2353 1603.08619   97 1303 1617.00000 1599.40265  1.09%   162  763s
  2354  2369 1603.09462   97 1308 1617.00000 1599.40265  1.09%   162  776s
  2370  2385 1603.19053   98 1300 1617.00000 1599.40265  1.09%   163  788s
  2386  2401 1603.12846   98 1312 1617.00000 1599.40265  1.09%   163  800s
  2402  2417 1603.22152   99 1296 1617.00000 1599.40265  1.09%   164  812s
  2418  2436 1603.24332  100 1304 1617.00000 1599.40265  1.09%   165  822s
  2437  2459 1603.28537  101 1299 1617.00000 1599.40265  1.09%   166  835s
  2460  2475 1603.31534  102 1297 1617.00000 1599.40265  1.09%   166  847s
  2476  2491 1603.32769  102 1292 1617.00000 1599.40265  1.09%   166  859s
  2492  2509 1603.34150  103 1287 1617.00000 1599.40265  1.09%   167  873s
  2510  2547 1603.39676  103 1300 1617.00000 1599.40265  1.09%   168  887s
  2548  2571 1603.37115  104 1302 1617.00000 1599.40265  1.09%   169  899s
  2572  2654 1603.40673  105 1290 1617.00000 1599.40265  1.09%   170  910s
  2655  2909 1603.47780  106 1291 1617.00000 1599.40265  1.09%   174  921s
  2910  2997 1603.91862  118 1260 1617.00000 1599.40265  1.09%   182  937s
  2998  3017 1604.29799  123 1262 1617.00000 1599.40265  1.09%   186  946s
  3018  3265 1604.33012  124 1269 1617.00000 1599.40265  1.09%   187  958s
  3266  3281 1604.87783  137 1263 1617.00000 1599.40265  1.09%   192  970s
  3282  3337 1604.94394  137 1255 1617.00000 1599.40265  1.09%   193  982s
  3338  3377 1604.90654  138 1257 1617.00000 1599.40265  1.09%   195  994s
  3378  3393 1604.91569  138 1263 1617.00000 1599.40265  1.09%   195 1005s
  3394  3421 1604.97497  139 1247 1617.00000 1599.40265  1.09%   196 1015s
  3422  3534 1604.95799  139 1260 1617.00000 1599.40265  1.09%   196 1027s
  3535  3700 1605.16147  142 1238 1617.00000 1599.40265  1.09%   198 1042s
  3701  3719 1605.57195  153 1226 1617.00000 1599.40265  1.09%   204 1054s
  3720  3851 1605.57586  153 1233 1617.00000 1599.40265  1.09%   204 1069s
  3852  3902 1605.60528  154 1223 1617.00000 1599.40265  1.09%   208 1083s
  3903  3943 1605.61780  154 1231 1617.00000 1599.40265  1.09%   209 1099s
  3944  4025 1605.63168  155 1230 1617.00000 1599.40265  1.09%   209 1111s
  4026  4065 1605.78286  159 1232 1617.00000 1599.40265  1.09%   210 1125s
  4066  4135 1605.83134  160 1238 1617.00000 1599.40265  1.09%   211 1139s
  4136  4151 1605.82362  160 1238 1617.00000 1599.40265  1.09%   213 1158s
  4152  4167 1605.88700  161 1235 1617.00000 1599.40265  1.09%   213 1181s
  4168  4243 1605.84587  161 1237 1617.00000 1599.40265  1.09%   214 1204s
  4244  4292 1605.96081  162 1228 1617.00000 1599.40265  1.09%   215 1231s
  4293  4323 1605.92486  162 1227 1617.00000 1599.40265  1.09%   216 1257s
  4324  4477 1605.95844  163 1226 1617.00000 1599.40265  1.09%   216 1284s
  4478  4603 1606.39246  171 1220 1617.00000 1599.40265  1.09%   218 1303s
  4604  4801 1607.00841  184 1205 1617.00000 1599.40265  1.09%   219 1319s
  4802  5113 1607.05426  185 1199 1617.00000 1599.40265  1.09%   223 1338s
  5114  5330 1607.08812  186 1197 1617.00000 1599.40265  1.09%   226 1353s
  5331  5432 1607.69174  199 1194 1617.00000 1599.40265  1.09%   228 1374s
  5433  5544 1607.97838  207 1194 1617.00000 1599.40265  1.09%   229 1390s
  5545  5640 1608.16296  211 1183 1617.00000 1599.40265  1.09%   230 1411s
  5641  5656 1608.31884  214 1178 1617.00000 1599.40265  1.09%   231 1433s
  5657  5759 1608.27640  214 1181 1617.00000 1599.40265  1.09%   231 1455s
  5760  6383 1608.71102  227 1173 1617.00000 1599.40265  1.09%   232 1477s
  6384  6431 1609.65670  254 1128 1617.00000 1599.40265  1.09%   236 1500s
  6432  6502 1609.68336  255 1138 1617.00000 1599.40265  1.09%   237 1523s
  6517  6963 1610.08143  266 1123 1617.00000 1599.40265  1.09%   238 1547s
  7020  7069 1610.09706  267 1119 1617.00000 1599.40265  1.09%   246 1571s
  7126  7263 1610.12947  267 1112 1617.00000 1599.40265  1.09%   246 1595s
  7320  7279 1610.59341  282 1127 1617.00000 1599.40265  1.09%   247 1626s
  7336  7351 1610.61388  283 1119 1617.00000 1599.40265  1.09%   247 1654s
  7408  7544 1611.19311  292 1112 1617.00000 1599.40265  1.09%   247 1696s
  7601  8038 1611.15602  292 1119 1617.00000 1599.40265  1.09%   248 1722s
  8123  8324 1612.50283  322 1109 1617.00000 1599.40265  1.09%   250 1751s
  8409  8607 1612.43496  323 1104 1617.00000 1599.40265  1.09%   250 1779s
  8692  8751 1613.36289  346 1089 1617.00000 1599.40265  1.09%   251 1810s
  8836  8900 1613.55534  352 1088 1617.00000 1599.40265  1.09%   252 1842s
  8985  9076 1613.54015  352 1085 1617.00000 1599.40265  1.09%   253 1873s
  9161  9465 1614.00202  361 1105 1617.00000 1599.40265  1.09%   253 1902s
  9564  9900 1615.37281  385 1084 1617.00000 1599.40265  1.09%   253 1935s
  9999  9931 1615.46393  386 1071 1617.00000 1599.40265  1.09%   254 1971s
 10030 10103 1615.46345  387 1077 1617.00000 1599.40265  1.09%   254 2003s
 10209 10104 1606.26673  169 1436 1617.00000 1599.40265  1.09%   254 2060s
 10211 10105 1608.85842  246 1436 1617.00000 1599.40265  1.09%   254 2094s
 10212 10106 1607.00063  187 1436 1617.00000 1599.40265  1.09%   253 2097s
 10213 10107 1601.14528   45 1436 1617.00000 1599.45454  1.09%   253 2158s
 10214 10109 1599.45454   14 1434 1617.00000 1599.45454  1.09%   255 2163s
 10215 10110 1599.45454   15 1432 1617.00000 1599.45454  1.09%   255 2168s
 10218 10113 1599.45454   16 1432 1617.00000 1599.45454  1.09%   255 2173s
 10222 10120 1599.45454   17 1430 1617.00000 1599.45454  1.09%   255 2178s
 10230 10133 1599.45454   18 1430 1617.00000 1599.45454  1.09%   255 2183s
 10246 10200 1599.45454   19 1429 1617.00000 1599.45454  1.09%   254 2188s
 10318 10192 1599.45454   20 1431 1617.00000 1599.45454  1.09%   253 2192s
 10334 10202 1599.45454   20 1427 1617.00000 1599.45454  1.09%   252 2198s
 10350 10213 1599.47641   21 1430 1617.00000 1599.45454  1.09%   252 2204s
 10366 10224 1599.48309   21 1430 1617.00000 1599.45454  1.09%   252 2211s
 10382 10234 1599.51686   22 1430 1617.00000 1599.45454  1.09%   252 2216s
 10398 10245 1599.50874   22 1428 1617.00000 1599.45454  1.09%   251 2222s
 10414 10256 1599.56278   23 1423 1617.00000 1599.45454  1.09%   251 2230s
 10430 10266 1599.55975   23 1429 1617.00000 1599.45454  1.09%   251 2239s
 10446 10277 1599.59635   24 1425 1617.00000 1599.45454  1.09%   250 2248s
 10462 10288 1599.59849   24 1421 1617.00000 1599.45454  1.09%   250 2261s
 10478 10298 1599.60825   25 1421 1617.00000 1599.45454  1.09%   250 2278s
 10494 10321 1599.69332   25 1422 1617.00000 1599.45454  1.09%   249 2292s
 10522 10381 1599.82114   29 1412 1617.00000 1599.45454  1.09%   249 2304s
 10591 10430 1599.75850   29 1417 1617.00000 1599.45454  1.09%   248 2314s
 10663 10533 1599.88964   30 1410 1617.00000 1599.45454  1.09%   247 2325s
 10790 10518 1599.86725   30 1411 1617.00000 1599.45454  1.09%   246 2333s
 10818 10551 1599.93313   31 1406 1617.00000 1599.45454  1.09%   245 2344s
 10860 10564 1599.92862   31 1415 1617.00000 1599.45454  1.09%   245 2356s
 10887 10584 1599.95437   32 1403 1617.00000 1599.45454  1.09%   245 2364s
 10916 10634 1600.30108   39 1381 1617.00000 1599.45454  1.09%   245 2373s
 10976 10689 1600.29024   39 1384 1617.00000 1599.45454  1.09%   244 2380s
 11051 10778 1600.32509   40 1386 1617.00000 1599.45454  1.09%   244 2390s
 11165 10770 1600.32335   40 1386 1617.00000 1599.45454  1.09%   244 2398s
 11195 10816 1600.39724   41 1386 1617.00000 1599.45454  1.09%   244 2406s
 11251 10932 1600.35649   41 1384 1617.00000 1599.45454  1.09%   244 2417s
 11385 11043 1600.41906   42 1387 1617.00000 1599.45454  1.09%   244 2423s
 11541 11007 1600.39265   42 1386 1617.00000 1599.45454  1.09%   243 2432s
 11557 11019 1600.47348   43 1380 1617.00000 1599.45454  1.09%   243 2440s
 11574 11111 1600.46609   43 1385 1617.00000 1599.45454  1.09%   243 2452s
 11672 11223 1600.86281   51 1376 1617.00000 1599.45454  1.09%   244 2460s
 11817 11365 1601.34759   61 1352 1617.00000 1599.45454  1.09%   244 2479s
 12007 11365 1601.80782   71 1354 1617.00000 1599.45454  1.09%   245 2487s
 12070 11427 1601.83526   72 1343 1617.00000 1599.45454  1.09%   245 2507s
 12153 11415 1601.82132   72 1339 1617.00000 1599.45454  1.09%   245 2519s
 12169 11471 1601.86532   73 1333 1617.00000 1599.45454  1.09%   245 2530s
 12230 11466 1601.85123   73 1331 1617.00000 1599.45454  1.09%   246 2540s
 12246 11477 1601.89002   74 1331 1617.00000 1599.45454  1.09%   246 2548s
 12262 11553 1601.89430   74 1334 1617.00000 1599.45454  1.09%   246 2561s
 12343 11582 1601.91279   75 1327 1617.00000 1599.45454  1.09%   246 2569s
 12399 11587 1601.93054   75 1337 1617.00000 1599.45454  1.09%   246 2578s
 12423 11595 1601.97585   76 1326 1617.00000 1599.45454  1.09%   246 2599s
 12439 11628 1602.00905   77 1328 1617.00000 1599.45454  1.09%   246 2608s
 12477 11677 1602.07422   77 1328 1617.00000 1599.45454  1.09%   246 2621s
 12539 11672 1602.04393   78 1331 1617.00000 1599.45454  1.09%   247 2630s
 12555 11700 1602.06428   78 1330 1617.00000 1599.45454  1.09%   247 2644s
 12588 11752 1602.08960   79 1322 1617.00000 1599.45454  1.09%   247 2657s
 12651 11953 1602.43978   85 1322 1617.00000 1599.45454  1.09%   247 2669s
 12873 12151 1602.44911   86 1315 1617.00000 1599.45454  1.09%   249 2680s
 13145 12076 1602.43965   86 1321 1617.00000 1599.45454  1.09%   249 2695s
 13161 12094 1602.50172   87 1311 1617.00000 1599.45454  1.09%   249 2708s
 13184 12137 1602.47636   87 1317 1617.00000 1599.45454  1.09%   249 2726s
 13235 12202 1602.53553   88 1310 1617.00000 1599.45454  1.09%   250 2742s
 13317 12332 1602.93272   96 1302 1617.00000 1599.45454  1.09%   250 2757s
 13474 12456 1602.94055   96 1301 1617.00000 1599.45454  1.09%   251 2772s
 13650 12413 1602.98103   97 1292 1617.00000 1599.45454  1.09%   253 2785s
 13666 12442 1602.97191   97 1292 1617.00000 1599.45454  1.09%   253 2801s
 13700 12446 1603.01698   98 1290 1617.00000 1599.45454  1.09%   253 2817s
 13716 12457 1603.02152   98 1295 1617.00000 1599.45454  1.09%   253 2834s
 13732 12512 1603.08306   99 1289 1617.00000 1599.45454  1.09%   253 2856s
 13792 12508 1603.05372   99 1298 1617.00000 1599.45454  1.09%   253 2878s
 13808 12689 1603.17081  100 1302 1617.00000 1599.45454  1.09%   253 2896s
 13995 12678 1603.10987  100 1289 1617.00000 1599.45454  1.09%   255 2921s
 14046 12705 1603.26432  103 1301 1617.00000 1599.45454  1.09%   255 2936s
 14090 12716 1603.32197  104 1281 1617.00000 1599.45454  1.09%   255 2953s
 14116 12764 1603.29785  104 1295 1617.00000 1599.45454  1.09%   255 2968s
 14172 13007 1603.38135  105 1282 1617.00000 1599.45454  1.09%   255 2987s
 14434 13055 1603.97574  119 1278 1617.00000 1599.45454  1.09%   257 3007s
 14569 13119 1603.98258  120 1275 1617.00000 1599.45454  1.09%   257 3026s
 14678 13161 1604.00243  120 1280 1617.00000 1599.45454  1.09%   258 3046s
 14757 13473 1604.00644  121 1275 1617.00000 1599.45454  1.09%   258 3067s
 15095 13421 1604.86135  143 1253 1617.00000 1599.45454  1.09%   260 3085s
 15156 13505 1604.86032  144 1259 1617.00000 1599.45454  1.09%   260 3105s
 15260 13486 1604.81981  144 1255 1617.00000 1599.45454  1.09%   260 3132s
 15276 13641 1604.88688  145 1248 1617.00000 1599.45454  1.09%   260 3159s
 15436 13652 1604.89206  145 1251 1617.00000 1599.45454  1.09%   260 3186s
 15500 13646 1604.93769  146 1252 1617.00000 1599.45454  1.09%   261 3210s
 15516 13657 1604.92053  146 1254 1617.00000 1599.45454  1.09%   261 3233s
 15532 13875 1604.93781  147 1257 1617.00000 1599.45454  1.09%   261 3257s
 15755 14080 1605.01477  147 1259 1617.00000 1599.45454  1.09%   261 3283s
 16035 14091 1605.72629  170 1228 1617.00000 1599.45454  1.09%   261 3310s
 16156 14066 1605.72761  171 1219 1617.00000 1599.45454  1.09%   262 3345s
 16173 14141 1605.76327  171 1224 1617.00000 1599.45454  1.09%   262 3380s
 16270 14300 1605.78738  172 1225 1617.00000 1599.45454  1.09%   262 3410s
 16461 14651 1605.75543  172 1216 1617.00000 1599.45454  1.09%   264 3440s
 16876 14769 1606.69667  191 1215 1617.00000 1599.45454  1.09%   266 3467s
 17132 14879 1607.19536  199 1212 1617.00000 1599.45454  1.09%   266 3497s
 17328 14918 1607.58563  208 1209 1617.00000 1599.45454  1.09%   267 3527s
 17432 15133 1607.68462  211 1203 1617.00000 1599.45454  1.09%   267 3558s
 17682 15245 1608.02731  221 1186 1617.00000 1599.45454  1.09%   268 3587s
 17877 15446 1608.16994  222 1188 1617.00000 1599.45454  1.09%   270 3623s
 18143 15424 1608.53983  234 1196 1617.00000 1599.45454  1.09%   271 3659s
 18210 15967 1608.65859  236 1191 1617.00000 1599.45454  1.09%   271 3693s
 18815 15933 1609.48389  257 1191 1617.00000 1599.45454  1.09%   272 3732s
 18983 15893 1609.60821  257 1189 1617.00000 1599.45454  1.09%   273 3780s
 18999 15908 1609.49932  258 1200 1617.00000 1599.45454  1.09%   273 3837s
 19019 16230 1609.50832  258 1188 1617.00000 1599.45454  1.09%   273 3877s
 19348 16157 1610.18886  274 1182 1617.00000 1599.45454  1.09%   273 3920s
 19384 16161 1610.28096  275 1173 1617.00000 1599.45454  1.09%   273 3962s
 19400 16171 1610.27475  275 1174 1617.00000 1599.45454  1.09%   273 4004s
 19416 16566 1610.31332  276 1180 1617.00000 1599.45454  1.09%   273 4044s
 19816 16843 1610.91692  292 1147 1617.00000 1599.45454  1.09%   273 4086s
 20226 17106 1611.56093  309 1127 1617.00000 1599.45454  1.09%   274 4129s
 20626 17381 1611.98049  322 1115 1617.00000 1599.45454  1.09%   274 4193s
 21034 17515 1612.51713  335 1106 1617.00000 1599.45454  1.09%   275 4263s
 21344 17472 1612.55752  336 1108 1617.00000 1599.45454  1.09%   275 4362s
 21405 18563 1612.63242  339 1104 1617.00000 1599.45454  1.09%   275 4460s
 22566 18760 1613.44048  362 1104 1617.00000 1599.45454  1.09%   275 4519s
 23150 18746 1614.25951  384 1096 1617.00000 1599.45454  1.09%   275 4582s
 23331 19340 1614.92008  395 1082 1617.00000 1599.45454  1.09%   276 4648s
 24080 19854 1600.75524   53 1396 1617.00000 1599.45454  1.09%   275 4712s
 24878 20231 1601.52599   74 1380 1617.00000 1599.45454  1.09%   275 4776s
 25521 20033 1602.37735   97 1358 1617.00000 1599.45454  1.09%   275 4860s
 25537 20305 1602.42254   98 1352 1617.00000 1599.45454  1.09%   275 4930s
 25816 20818 1602.85180  112 1351 1617.00000 1599.45454  1.09%   274 5002s
 26561 21258 1603.94192  147 1319 1617.00000 1599.45454  1.09%   273 5073s
 27316 21759 1605.22383  187 1277 1617.00000 1599.45454  1.09%   271 5145s
 28139 22302 1606.56798  222 1264 1617.00000 1599.45454  1.09%   270 5220s
 29007 22852 1608.76888  281 1229 1617.00000 1599.45454  1.09%   269 5298s
 29914 23474 1610.65493  339 1182 1617.00000 1599.45454  1.09%   267 5376s
 30838 23240 1613.96435  426 1122 1617.00000 1599.45454  1.09%   267 5483s
 30912 24205 1613.99303  427 1122 1617.00000 1599.45454  1.09%   267 5568s
 32041 24370 1599.87288   28 1421 1617.00000 1599.45454  1.09%   265 5656s
 32582 25058 1600.25755   38 1416 1617.00000 1599.45454  1.09%   265 5745s
 33465 25701 1603.11835  107 1343 1617.00000 1599.45454  1.09%   264 5839s
 34571 26249 1604.34385  143 1333 1617.00000 1599.45454  1.09%   263 5936s
 35580 26103 1606.75920  215 1265 1617.00000 1599.45454  1.09%   261 6061s
 35770 27036 1607.61541  236 1252 1617.00000 1599.45454  1.09%   261 6164s
 36766 27960 1608.51332  267 1256 1617.00000 1599.45454  1.09%   261 6273s
 38022 28623 1611.81539  352 1201 1617.00000 1599.45454  1.09%   260 6384s
 38305 28529 1611.47300  359 1177 1617.00000 1599.45454  1.09%   261 6385s
 39135 29324 1614.72413  431 1140 1617.00000 1599.45454  1.09%   260 6501s
 40440 29946 1599.80298   27 1421 1617.00000 1599.45454  1.09%   260 6621s
 41575 30538 1602.30212   88 1354 1617.00000 1599.45454  1.09%   259 6790s
 42261 31880 1603.82133  134 1332 1617.00000 1599.45454  1.09%   259 7090s
 43689 34860 1606.92863  224 1243 1617.00000 1599.45454  1.09%   257 7370s
 46739 35883 1613.77775  404 1158 1617.00000 1599.45454  1.09%   258 7575s
 47901 38438 1600.86804   51 1391 1617.00000 1599.45611  1.08%   257 7781s
 50740 39366 1605.96003  201 1265 1617.00000 1599.47660  1.08%   256 7971s
 51718 41496 1608.02463  262 1206 1617.00000 1599.48023  1.08%   255 8163s
 53983 43008 1612.39815  395 1141 1617.00000 1599.48023  1.08%   254 8341s
 55531 44648 1601.39638   69 1375 1617.00000 1599.48023  1.08%   253 8521s
 57433 45415 1605.87851  189 1283 1617.00000 1599.48023  1.08%   252 8706s
 58252 47990 1606.98497  226 1267 1617.00000 1599.48344  1.08%   251 8885s
 60879 49318 1612.64623  375 1158 1617.00000 1599.48344  1.08%   249 9053s
 62235 50284 1615.95853  449 1112 1617.00000 1599.48344  1.08%   249 9260s
 63287 53647 1601.37496   68 1380 1617.00000 1599.48344  1.08%   248 9551s
 67010 55588 1607.89632  256 1236 1617.00000 1599.48344  1.08%   245 9700s
 68951 56515 1614.01591  394 1148 1617.00000 1599.48344  1.08%   245 9859s
 69968 58534 1599.97138   34 1421 1617.00000 1599.48344  1.08%   245 10013s
 72195 59844 1604.99854  167 1287 1617.00000 1599.48344  1.08%   244 10154s
 73715 60524 1606.71411  223 1258 1617.00000 1599.48344  1.08%   243 10303s
 74441 61015 1608.04201  259 1246 1617.00000 1599.50900  1.08%   243 10467s
 74992 62578 1610.20262  319 1199 1617.00000 1599.50900  1.08%   242 10625s
 76555 64521 1614.35579  428 1139 1617.00000 1599.50900  1.08%   242 10790s
 78687 65849 1600.82904   51 1396 1617.00000 1599.50900  1.08%   242 10946s
 80135 66337 1602.84842  115 1350 1617.00000 1599.50900  1.08%   241 11112s
 80701 68379 1603.53537  134 1341 1617.00000 1599.51017  1.08%   241 11274s
 82825 70416 1608.44186  284 1221 1617.00000 1599.51017  1.08%   240 11461s
 84946 71685 1612.47190  410 1151 1617.00000 1599.51017  1.08%   239 11605s
 86289 72072 1600.10056   32 1413 1617.00000 1599.51017  1.08%   240 11769s
 86718 72678 1601.09382   56 1386 1617.00000 1599.51017  1.08%   239 11953s
 87398 74359 1601.84198   72 1371 1617.00000 1599.52723  1.08%   239 12157s
 89194 76255 1603.22470  111 1338 1617.00000 1599.52723  1.08%   238 12347s
 91090 77132 1604.51600  147 1316 1617.00000 1599.52723  1.08%   238 12542s
 92041 79181 1605.21767  168 1295 1617.00000 1599.52723  1.08%   238 12736s
 94148 81343 1606.17813  191 1286 1617.00000 1599.52723  1.08%   237 12921s
 96433 82471 1607.16085  213 1270 1617.00000 1599.52723  1.08%   237 13105s
 97663 84474 1607.66581  227 1251 1617.00000 1599.53217  1.08%   237 13286s
 99845 86083 1608.82506  258 1242 1617.00000 1599.53217  1.08%   236 13455s
 101582 87722 1609.91409  281 1230 1617.00000 1599.53488  1.08%   236 13621s
 103221 87939 1611.77333  315 1200 1617.00000 1599.53488  1.08%   236 13806s
 103438 89868 1611.97341  318 1204 1617.00000 1599.53488  1.08%   236 13992s
 105602 91541 1612.72104  341 1178 1617.00000 1599.53488  1.08%   237 14133s
 107373 92784 1613.37960  353 1167 1617.00000 1599.54022  1.08%   236 14265s
 108664 93223 1614.19506  375 1170 1617.00000 1599.54022  1.08%   236 14400s

Explored 109125 nodes (25736845 simplex iterations) in 14400.05 seconds (48775.44 work units)
Thread count was 32 (of 32 available processors)

Solution count 10: 1617 1618 1619 ... 1628

Time limit reached
Best objective 1.617000000000e+03, best bound 1.600000000000e+03, gap 1.0513%

User-callback calls 3667377, time in user-callback 17.71 sec
