
Gurobi 13.0.2 (linux64) logging started Fri Jul 17 00:36:09 2026

Set parameter LogFile to value "/tmp/sweep_20260716_013919_north-korea_alt260km_s75_i1_v4_gurobi.log"
Set parameter Method to value 1
Set parameter NodefileStart to value 4
Set parameter RINS to value 50
Gurobi Optimizer version 13.0.2 build v13.0.2rc1 (linux64 - "Debian GNU/Linux 13 (trixie)")

CPU model: Intel(R) Xeon(R) Platinum 8375C CPU @ 2.90GHz, instruction set [SSE2|AVX|AVX2|AVX512]
Thread count: 16 physical cores, 32 logical processors, using up to 32 threads

Non-default parameters:
TimeLimit  14400
MIPGap  0.001
Method  1
LPWarmStart  1
Heuristics  0.2
MIPFocus  1
NodefileStart  4
RINS  50
Symmetry  2
Cuts  2
CoverCuts  2
LogToConsole  0

Academic license 2812613 - for non-commercial use only - registered to no___@gatech.edu
Optimize a model with 1436 rows, 21540 columns and 147908 nonzeros (Min)
Model fingerprint: 0x8249f9d3
Model has 21540 linear objective coefficients
Variable types: 0 continuous, 21540 integer (21540 binary)
Coefficient statistics:
  Matrix range     [1e+00, 1e+00]
  Objective range  [1e+00, 1e+00]
  Bounds range     [1e+00, 1e+00]
  RHS range        [8e+01, 8e+01]

Found heuristic solution: objective 18286.000000
Presolve removed 0 rows and 8616 columns
Presolve time: 0.09s
Presolved: 1436 rows, 12924 columns, 91904 nonzeros
Variable types: 0 continuous, 12924 integer (9334 binary)

Root simplex log...

Iteration    Objective       Primal Inf.    Dual Inf.      Time
   16822    1.3881336e+04   1.459072e+03   0.000000e+00      5s
   17805    1.3881333e+04   0.000000e+00   0.000000e+00      5s

Root relaxation: objective 1.388133e+04, 17805 iterations, 5.34 seconds (9.96 work units)

    Nodes    |    Current Node    |     Objective Bounds      |     Work
 Expl Unexpl |  Obj  Depth IntInf | Incumbent    BestBd   Gap | It/Node Time

     0     0 13881.3333    0 1283 18286.0000 13881.3333  24.1%     -    7s
H    0     0                    14682.000000 13881.3333  5.45%     -    7s
H    0     0                    14430.000000 13881.3333  3.80%     -    7s
H    0     0                    13957.000000 13881.3333  0.54%     -    7s
H    0     0                    13954.000000 13881.3333  0.52%     -    7s
H    0     0                    13952.000000 13881.3333  0.51%     -    7s
H    0     0                    13945.000000 13881.3333  0.46%     -    7s
H    0     0                    13944.000000 13881.3333  0.45%     -    7s
H    0     0                    13943.000000 13881.3333  0.44%     -    7s
H    0     0                    13942.000000 13881.3333  0.44%     -    7s
H    0     0                    13935.000000 13881.3333  0.39%     -    8s
H    0     0                    13934.000000 13881.3333  0.38%     -    8s
H    0     0                    13927.000000 13881.3333  0.33%     -    8s
H    0     0                    13919.000000 13881.3333  0.27%     -    8s
H    0     0                    13918.000000 13881.3333  0.26%     -    8s
H    0     0                    13917.000000 13881.3333  0.26%     -    9s
H    0     0                    13916.000000 13881.3333  0.25%     -    9s
H    0     0                    13914.000000 13881.3333  0.23%     -    9s
H    0     0                    13913.000000 13881.3333  0.23%     -    9s
H    0     0                    13911.000000 13881.3333  0.21%     -    9s
H    0     0                    13910.000000 13881.3333  0.21%     -    9s
H    0     0                    13909.000000 13881.3333  0.20%     -    9s
H    0     0                    13908.000000 13881.3333  0.19%     -    9s
H    0     0                    13906.000000 13881.3333  0.18%     -    9s
H    0     0                    13905.000000 13881.3333  0.17%     -    9s
H    0     0                    13904.000000 13881.3333  0.16%     -    9s
H    0     0                    13903.000000 13881.3333  0.16%     -    9s
H    0     0                    13902.000000 13881.3333  0.15%     -   10s
H    0     0                    13901.000000 13881.3333  0.14%     -   10s
H    0     0                    13898.000000 13881.3333  0.12%     -   10s
H    0     0                    13896.000000 13881.3333  0.11%     -   10s
H    0     0                    13895.000000 13881.3333  0.10%     -   10s

Explored 1 nodes (23428 simplex iterations) in 10.67 seconds (18.33 work units)
Thread count was 32 (of 32 available processors)

Solution count 10: 13895 13896 13898 ... 13908

Optimal solution found (tolerance 1.00e-03)
Best objective 1.389500000000e+04, best bound 1.388200000000e+04, gap 0.0936%

User-callback calls 2430, time in user-callback 0.01 sec
