
Gurobi 13.0.2 (linux64) logging started Mon Jul 20 06:49:59 2026

Set parameter LogFile to value "/tmp/sweep_20260716_013919_north-korea_alt550km_s75_i4_v6_gurobi.log"
Set parameter Method to value 1
Set parameter NodefileStart to value 4
Set parameter RINS to value 50
Gurobi Optimizer version 13.0.2 build v13.0.2rc1 (linux64 - "Debian GNU/Linux 13 (trixie)")

CPU model: Intel(R) Xeon(R) Platinum 8375C CPU @ 2.90GHz, instruction set [SSE2|AVX|AVX2|AVX512]
Thread count: 16 physical cores, 32 logical processors, using up to 32 threads

Non-default parameters:
TimeLimit  14400
MIPGap  0.001
Method  1
LPWarmStart  1
Heuristics  0.2
MIPFocus  1
NodefileStart  4
RINS  50
Symmetry  2
Cuts  2
CoverCuts  2
LogToConsole  0

Academic license 2812613 - for non-commercial use only - registered to no___@gatech.edu
Optimize a model with 1436 rows, 21540 columns and 208938 nonzeros (Min)
Model fingerprint: 0xaece5e0a
Model has 21540 linear objective coefficients
Variable types: 0 continuous, 21540 integer (21540 binary)
Coefficient statistics:
  Matrix range     [1e+00, 1e+00]
  Objective range  [1e+00, 1e+00]
  Bounds range     [1e+00, 1e+00]
  RHS range        [2e+01, 2e+01]

Found heuristic solution: objective 3774.0000000
Presolve removed 0 rows and 9334 columns
Presolve time: 0.13s
Presolved: 1436 rows, 12206 columns, 129958 nonzeros
Variable types: 0 continuous, 12206 integer (10052 binary)

Root simplex log...

Iteration    Objective       Primal Inf.    Dual Inf.      Time
   12716    1.8921114e+03   3.074373e+03   0.000000e+00      5s
   19964    1.8975714e+03   0.000000e+00   0.000000e+00     10s

Root relaxation: objective 1.897571e+03, 19964 iterations, 9.48 seconds (19.13 work units)

    Nodes    |    Current Node    |     Objective Bounds      |     Work
 Expl Unexpl |  Obj  Depth IntInf | Incumbent    BestBd   Gap | It/Node Time

     0     0 1897.57143    0 1134 3774.00000 1897.57143  49.7%     -   13s
H    0     0                    2990.0000000 1897.57143  36.5%     -   13s
H    0     0                    2761.0000000 1897.57143  31.3%     -   13s
H    0     0                    2028.0000000 1897.57143  6.43%     -   13s
H    0     0                    1986.0000000 1897.57143  4.45%     -   13s
H    0     0                    1979.0000000 1897.57143  4.11%     -   13s
H    0     0                    1965.0000000 1897.57143  3.43%     -   13s
H    0     0                    1962.0000000 1897.57143  3.28%     -   13s
H    0     0                    1960.0000000 1897.57143  3.19%     -   13s
H    0     0                    1958.0000000 1897.57143  3.09%     -   13s
H    0     0                    1957.0000000 1897.57143  3.04%     -   14s
H    0     0                    1956.0000000 1897.57143  2.99%     -   14s
H    0     0                    1954.0000000 1897.57143  2.89%     -   14s
H    0     0                    1953.0000000 1897.57143  2.84%     -   14s
H    0     0                    1952.0000000 1897.57143  2.79%     -   14s
H    0     0                    1947.0000000 1897.57143  2.54%     -   15s
H    0     0                    1942.0000000 1897.57143  2.29%     -   15s
H    0     0                    1941.0000000 1897.57143  2.24%     -   15s
H    0     0                    1940.0000000 1897.57143  2.19%     -   15s
H    0     0                    1938.0000000 1897.57143  2.09%     -   15s
H    0     0                    1937.0000000 1897.57143  2.04%     -   16s
H    0     0                    1936.0000000 1897.57143  1.98%     -   16s
H    0     0                    1935.0000000 1897.57143  1.93%     -   16s
H    0     0                    1930.0000000 1897.57143  1.68%     -   16s
H    0     0                    1929.0000000 1897.57143  1.63%     -   16s
H    0     0                    1928.0000000 1897.57143  1.58%     -   16s
H    0     0                    1927.0000000 1897.57143  1.53%     -   16s
H    0     0                    1926.0000000 1897.57143  1.48%     -   16s
H    0     0                    1925.0000000 1897.57143  1.42%     -   16s
H    0     0                    1924.0000000 1897.57143  1.37%     -   16s
H    0     0                    1923.0000000 1897.57143  1.32%     -   16s
     0     0 1897.57143    0 1116 1923.00000 1897.57143  1.32%     -   22s
H    0     0                    1922.0000000 1897.57143  1.27%     -   35s
H    0     0                    1921.0000000 1897.57143  1.22%     -   39s
H    0     0                    1920.0000000 1897.57143  1.17%     -   40s
     0     0 1897.57143    0 1116 1920.00000 1897.57143  1.17%     -   46s
     0     0 1897.57143    0 1026 1920.00000 1897.57143  1.17%     -   58s
     0     2 1897.57143    0 1026 1920.00000 1897.57143  1.17%     -   82s
     1     4 1897.57143    1  718 1920.00000 1897.57143  1.17%  5650   85s
     3     7 1897.57143    2 1066 1920.00000 1897.57143  1.17%  2542   91s
     6    14 1897.57143    3 1177 1920.00000 1897.57143  1.17%  1598   97s
    13    26 1897.57143    4 1202 1920.00000 1897.57143  1.17%  1389  103s
    27    41 1897.57143    5 1166 1920.00000 1897.57143  1.17%  2320  114s
    36    41 1897.57143    5 1117 1920.00000 1897.57143  1.17%  1910  115s
    42    57 1897.57143    6 1129 1920.00000 1897.57143  1.17%  1717  126s
    58    73 1897.57143    7 1188 1920.00000 1897.57143  1.17%  1423  144s
    74   147 1897.57143    8 1157 1920.00000 1897.57143  1.17%  1232  172s
H  127   147                    1919.0000000 1897.57143  1.12%   935  172s
   148   195 1897.57143   12 1145 1919.00000 1897.57143  1.12%   906  199s
H  156   195                    1907.0000000 1897.57143  0.49%   884  199s
H  183   195                    1906.0000000 1897.57143  0.44%   839  199s
   196   280 1897.57143   13 1154 1906.00000 1897.57143  0.44%   818  253s
H  200   280                    1904.0000000 1897.57143  0.34%   809  253s
   281   600 1897.57143   16 1181 1904.00000 1897.57143  0.34%   709  325s
   601   989 1897.57143   28 1150 1904.00000 1897.57143  0.34%   630  454s
   990  1038 1897.57143   29 1202 1904.00000 1897.57143  0.34%   492  583s
H 1004  1038                    1903.0000000 1897.57143  0.29%   489  583s
  1039  2271 1897.57143   29 1148 1903.00000 1897.57143  0.29%   481  724s
  2272  3239 1897.57143   64 1099 1903.00000 1897.57143  0.29%   449  864s
  3175  3239 1897.57143  106 1100 1903.00000 1897.57143  0.29%   436  866s
  3283  3815 1897.57143   81 1087 1903.00000 1897.57143  0.29%   441 1004s
  3859  4896 1897.57143  121 1103 1903.00000 1897.57143  0.29%   470 1153s
  4940  5185 1897.57143  145 1111 1903.00000 1897.57143  0.29%   484 1299s
  5229  5657 1897.57143  181 1030 1903.00000 1897.57143  0.29%   487 1442s
  5701  6754 1897.57143  223  921 1903.00000 1897.57143  0.29%   487 1590s
  6798  7318 1897.57143  265 1034 1903.00000 1897.57143  0.29%   480 1733s
  7362  8342 1897.57143  297  967 1903.00000 1897.57143  0.29%   482 1880s
  8386  9040 1897.65048  319 1111 1903.00000 1897.57143  0.29%   475 2023s
  9129  9917 1897.88578  358 1084 1903.00000 1897.57143  0.29%   464 2175s
 10031 10737 1898.30634  403 1059 1903.00000 1897.57143  0.29%   457 2320s
 10852 10738 1897.57143  279 1026 1903.00000 1897.57143  0.29%   445 2437s
 10854 10739 1897.57143  278 1134 1903.00000 1897.57143  0.29%   445 2460s
 10855 10740 1897.57143  308 1064 1903.00000 1897.57143  0.29%   445 2473s
 10856 10741 1897.71428  148 1064 1903.00000 1897.71428  0.28%   445 2552s
 10857 10744 1897.71428   14  718 1903.00000 1897.71428  0.28%   451 2561s
 10859 10747 1897.71428   15 1174 1903.00000 1897.71428  0.28%   451 2565s
 10869 10762 1897.71428   17 1180 1903.00000 1897.71428  0.28%   451 2572s
 10883 10774 1897.71428   18 1172 1903.00000 1897.71428  0.28%   456 2575s
 10899 10795 1897.71428   19 1174 1903.00000 1897.71428  0.28%   456 2583s
 10926 10809 1897.71428   20 1205 1903.00000 1897.71428  0.28%   456 2591s
 10949 10819 1897.71428   20 1139 1903.00000 1897.71428  0.28%   457 2599s
 10966 10832 1897.71428   21 1093 1903.00000 1897.71428  0.28%   457 2612s
 10985 10888 1897.71428   22 1158 1903.00000 1897.71428  0.28%   457 2621s
 11047 10901 1897.71428   26 1119 1903.00000 1897.71428  0.28%   456 2635s
 11081 10963 1897.71428   28 1170 1903.00000 1897.71428  0.28%   457 2655s
 11154 11041 1897.71428   29 1137 1903.00000 1897.71428  0.28%   455 2685s
 11257 11179 1897.71428   29 1181 1903.00000 1897.71428  0.28%   452 2716s
 11429 11411 1897.71428   30 1186 1903.00000 1897.71428  0.28%   447 2741s
 11718 11683 1897.71428   30 1192 1903.00000 1897.71428  0.28%   448 2785s
 12087 12017 1897.71428   43 1176 1903.00000 1897.71428  0.28%   444 2840s
 12544 12235 1897.71428   50 1104 1903.00000 1897.71428  0.28%   435 2899s
 12946 12388 1897.71428   51 1108 1903.00000 1897.71428  0.28%   430 2965s
 13261 12797 1897.71428   53 1110 1903.00000 1897.71428  0.28%   427 3049s
 13803 13361 1897.71428   73 1147 1903.00000 1897.71428  0.28%   431 3158s
 14591 13118 1897.71428   82 1109 1903.00000 1897.71428  0.28%   443 3283s
 14610 13630 1897.71428   83 1077 1903.00000 1897.71428  0.28%   443 3402s
 15129 14157 1897.71428  103 1095 1903.00000 1897.71428  0.28%   450 3527s
 15839 14686 1897.71428  121 1135 1903.00000 1897.71428  0.28%   460 3660s
 16604 15323 1897.71428  152 1061 1903.00000 1897.71428  0.28%   471 3803s
 17496 15595 1897.71428  176  994 1903.00000 1897.71428  0.28%   478 3931s
 18066 16235 1897.71428  192 1013 1903.00000 1897.71428  0.28%   480 4062s
 18896 16202 1897.71428  230 1033 1903.00000 1897.71428  0.28%   484 4195s
 19139 17167 1897.71428  242  965 1903.00000 1897.71428  0.28%   485 4331s
 20185 17692 1897.71428  273  959 1903.00000 1897.71428  0.28%   483 4466s
 21059 18559 1897.71428  281  969 1903.00000 1897.71428  0.28%   478 4619s
 22239 18425 1897.71428  326 1009 1903.00000 1897.71428  0.28%   479 4730s
 22570 18778 1897.71428  332 1096 1903.00000 1897.71428  0.28%   478 4859s
 23033 19108 1897.78876  348 1081 1903.00000 1897.71428  0.28%   477 5006s
 23557 19556 1897.86593  357 1104 1903.00000 1897.71428  0.28%   474 5163s
 24180 20204 1897.99907  379 1069 1903.00000 1897.71428  0.28%   473 5318s
 25036 20715 1898.24023  414 1054 1903.00000 1897.71428  0.28%   471 5477s
 25832 20868 1898.85064  447 1021 1903.00000 1897.71428  0.28%   470 5639s
 26250 21699 1899.10564  456 1025 1903.00000 1897.71428  0.28%   470 5804s
 27221 22599 1899.48721  482 1038 1903.00000 1897.71428  0.28%   469 5964s
 28476 22652 1899.95792  522 1047 1903.00000 1897.71428  0.28%   466 6119s
 28948 22988 1900.26205  542 1012 1903.00000 1897.71428  0.28%   465 6279s
 29441 23412 1900.26907  543 1023 1903.00000 1897.71428  0.28%   467 6438s
 30029 23496 1900.32264  548 1018 1903.00000 1897.71428  0.28%   466 6606s
 30309 23990 1900.42486  558  998 1903.00000 1897.71428  0.28%   465 6787s
 30897 24946 1901.06937  604  983 1903.00000 1897.71428  0.28%   463 6956s
 32057 26237     cutoff  656      1903.00000 1897.71428  0.28%   459 7136s
 33997 26034 1897.71428   49 1150 1903.00000 1897.71428  0.28%   451 7306s
 34471 27328 1897.71428   59 1138 1903.00000 1897.71428  0.28%   447 7480s
 35982 28041 1897.71428  139 1105 1903.00000 1897.71428  0.28%   444 7650s
 37199 28679 1897.71428  208 1069 1903.00000 1897.71428  0.28%   445 7825s
 38242 28850 1897.71428  238 1046 1903.00000 1897.71428  0.28%   445 8018s
 38761 30722 1897.71428  267 1051 1903.00000 1897.71428  0.28%   445 8209s
 40806 32192 1898.34981  407 1122 1903.00000 1897.71428  0.28%   439 8394s
 43003 33303 1899.71258  502 1089 1903.00000 1897.71428  0.28%   430 8621s
 45132 33486 1901.98775  638 1042 1903.00000 1897.71428  0.28%   424 8778s
 45374 34677 1897.71428   36 1129 1903.00000 1897.71428  0.28%   424 8959s
 46641 35635 1897.71428   47 1121 1903.00000 1897.71428  0.28%   423 9143s
 47729 36085 1897.71428   74 1098 1903.00000 1897.71428  0.28%   424 9355s
 48199 37480 1897.71428   83 1077 1903.00000 1897.71428  0.28%   424 9585s
 49636 39170 1897.71428  114 1037 1903.00000 1897.71428  0.28%   427 9820s
 51342 40411 1897.71428  155 1003 1903.00000 1897.71428  0.28%   430 10069s
 52583 41277 1897.71428  178 1004 1903.00000 1897.71428  0.28%   427 10316s
 53469 43556 1897.71428  199  899 1903.00000 1897.71428  0.28%   427 10580s
 55748 44161 1897.71428  258  929 1903.00000 1897.71428  0.28%   427 10839s
 56401 46511 1897.71428  273  951 1903.00000 1897.71428  0.28%   426 11102s
 58861 48288 1897.71428  314  930 1903.00000 1897.71428  0.28%   426 11355s
 60638 49035 1897.71428  353 1044 1903.00000 1897.71428  0.28%   428 11600s
 61385 50015 1897.71428  353 1038 1903.00000 1897.71428  0.28%   430 11859s
 62429 52111 1897.71428  356 1038 1903.00000 1897.71428  0.28%   428 12121s
 64632 53380 1897.95653  414 1059 1903.00000 1897.71428  0.28%   425 12403s
 65974 55689 1898.48429  463 1049 1903.00000 1897.71428  0.28%   422 12731s
 68420 57635 1900.08183  580  906 1903.00000 1897.71428  0.28%   421 12981s
 70366 58293 1901.77911  639  970 1903.00000 1897.71428  0.28%   420 13224s
 71058 60607 1897.71428   53 1194 1903.00000 1897.71428  0.28%   418 13481s
 73372 62634 1897.71428  108 1006 1903.00000 1897.71428  0.28%   414 13728s
 75469 64572 1897.71428  152 1100 1903.00000 1897.71428  0.28%   409 13957s
 77467 65071 1897.71428  207  966 1903.00000 1897.71428  0.28%   406 14197s
 77966 66801 1897.71428  204 1027 1903.00000 1897.71428  0.28%   405 14400s

Explored 79825 nodes (32215876 simplex iterations) in 14400.08 seconds (51822.58 work units)
Thread count was 32 (of 32 available processors)

Solution count 10: 1903 1904 1906 ... 1924

Time limit reached
Best objective 1.903000000000e+03, best bound 1.898000000000e+03, gap 0.2627%

User-callback calls 2790641, time in user-callback 14.23 sec
