
Gurobi 13.0.2 (linux64) logging started Sat Jul 18 18:53:46 2026

Set parameter LogFile to value "/tmp/sweep_20260716_013919_north-korea_alt400km_s75_i4_v10_gurobi.log"
Set parameter Method to value 1
Set parameter NodefileStart to value 4
Set parameter RINS to value 50
Gurobi Optimizer version 13.0.2 build v13.0.2rc1 (linux64 - "Debian GNU/Linux 13 (trixie)")

CPU model: Intel(R) Xeon(R) Platinum 8375C CPU @ 2.90GHz, instruction set [SSE2|AVX|AVX2|AVX512]
Thread count: 16 physical cores, 32 logical processors, using up to 32 threads

Non-default parameters:
TimeLimit  14400
MIPGap  0.001
Method  1
LPWarmStart  1
Heuristics  0.2
MIPFocus  1
NodefileStart  4
RINS  50
Symmetry  2
Cuts  2
CoverCuts  2
LogToConsole  0

Academic license 2812613 - for non-commercial use only - registered to no___@gatech.edu
Optimize a model with 2872 rows, 43080 columns and 1573856 nonzeros (Min)
Model fingerprint: 0x090c5078
Model has 43080 linear objective coefficients
Variable types: 0 continuous, 43080 integer (43080 binary)
Coefficient statistics:
  Matrix range     [1e+00, 1e+00]
  Objective range  [1e+00, 1e+00]
  Bounds range     [1e+00, 1e+00]
  RHS range        [2e+01, 2e+01]

Found heuristic solution: objective 2313.0000000
Presolve removed 0 rows and 1436 columns
Presolve time: 3.05s
Presolved: 2872 rows, 41644 columns, 1533648 nonzeros
Variable types: 0 continuous, 41644 integer (40208 binary)

Root simplex log...

Iteration    Objective       Primal Inf.    Dual Inf.      Time
    3277    9.8357967e+02   2.950503e+04   0.000000e+00      5s
    6547    1.0529353e+03   2.708206e+04   0.000000e+00     10s
    8617    1.0707441e+03   1.002277e+04   0.000000e+00     15s
   10177    1.0816417e+03   8.389588e+03   0.000000e+00     20s
   11527    1.0878194e+03   1.159772e+04   0.000000e+00     25s
   12637    1.0919409e+03   9.978857e+03   0.000000e+00     30s
   13637    1.0953135e+03   9.002637e+03   0.000000e+00     35s
   14637    1.0979716e+03   2.462253e+04   0.000000e+00     40s
   15497    1.1002329e+03   1.081262e+04   0.000000e+00     45s
   16297    1.1022189e+03   7.195794e+03   0.000000e+00     50s
   17057    1.1037134e+03   6.685598e+03   0.000000e+00     55s
   17777    1.1048955e+03   8.837063e+03   0.000000e+00     60s
   18497    1.1061700e+03   2.862304e+04   0.000000e+00     65s
   19177    1.1072363e+03   6.701977e+03   0.000000e+00     70s
   19897    1.1082674e+03   1.576445e+04   0.000000e+00     75s
   20587    1.1092633e+03   2.012116e+04   0.000000e+00     80s
   21277    1.1100479e+03   2.353672e+04   0.000000e+00     85s
   21917    1.1107009e+03   1.948365e+04   0.000000e+00     90s
   22597    1.1114175e+03   1.936243e+04   0.000000e+00     95s
   23237    1.1119617e+03   6.150349e+03   0.000000e+00    100s
   23837    1.1125841e+03   3.672044e+04   0.000000e+00    105s
   24437    1.1131391e+03   1.118887e+04   0.000000e+00    110s
   25037    1.1136748e+03   1.488273e+04   0.000000e+00    115s
   25637    1.1141982e+03   1.175700e+04   0.000000e+00    120s
   26197    1.1146234e+03   1.135699e+04   0.000000e+00    125s
   26757    1.1150791e+03   6.805889e+03   0.000000e+00    130s
   27277    1.1154172e+03   1.670992e+04   0.000000e+00    135s
   27837    1.1157864e+03   8.789256e+03   0.000000e+00    140s
   28357    1.1161025e+03   5.093484e+03   0.000000e+00    145s
   28877    1.1164151e+03   5.382625e+03   0.000000e+00    150s
   29397    1.1167049e+03   8.913264e+03   0.000000e+00    155s
   29917    1.1169858e+03   1.252765e+04   0.000000e+00    160s
   30397    1.1172491e+03   8.375663e+03   0.000000e+00    165s
   30917    1.1175045e+03   1.064400e+04   0.000000e+00    170s
   31397    1.1177214e+03   2.741917e+04   0.000000e+00    175s
   31877    1.1179238e+03   9.039219e+03   0.000000e+00    180s
   32362    1.1181431e+03   1.351614e+04   0.000000e+00    185s
   32842    1.1183349e+03   7.608698e+03   0.000000e+00    190s
   33282    1.1184841e+03   4.550729e+03   0.000000e+00    195s
   33801    1.1186733e+03   5.994134e+03   0.000000e+00    201s
   34251    1.1188233e+03   6.241562e+03   0.000000e+00    205s
   34721    1.1189575e+03   3.977757e+03   0.000000e+00    210s
   35179    1.1191292e+03   4.313184e+03   0.000000e+00    215s
   35661    1.1192818e+03   8.572092e+03   0.000000e+00    220s
   36167    1.1194610e+03   2.341354e+04   0.000000e+00    226s
   36631    1.1195799e+03   3.978897e+03   0.000000e+00    230s
   37101    1.1197074e+03   1.375202e+04   0.000000e+00    235s
   37572    1.1198318e+03   1.086769e+04   0.000000e+00    240s
   38089    1.1199811e+03   5.938985e+03   0.000000e+00    246s
   38556    1.1200941e+03   6.545736e+03   0.000000e+00    250s
   39026    1.1202083e+03   4.572259e+03   0.000000e+00    255s
   39490    1.1203559e+03   1.209160e+04   0.000000e+00    260s
   39953    1.1205291e+03   1.080358e+04   0.000000e+00    266s
   40352    1.1206824e+03   1.019373e+04   0.000000e+00    270s
   40820    1.1210563e+03   4.171034e+04   0.000000e+00    275s
   41283    1.1211527e+03   2.479048e+04   0.000000e+00    280s
   41752    1.1212077e+03   1.924864e+04   0.000000e+00    285s
   42225    1.1212626e+03   9.988904e+03   0.000000e+00    291s
   42624    1.1212627e+03   2.218041e+04   0.000000e+00    295s
   43094    1.1212628e+03   8.970996e+03   0.000000e+00    300s
   43558    1.1212629e+03   1.419017e+04   0.000000e+00    305s
   44022    1.1212629e+03   4.796074e+03   0.000000e+00    310s
   44485    1.1212629e+03   8.725460e+03   0.000000e+00    315s
   44950    1.1212630e+03   5.756285e+03   0.000000e+00    320s
   45410    1.1212630e+03   4.662120e+04   0.000000e+00    326s
   45874    1.1212630e+03   1.793538e+03   0.000000e+00    330s
   46338    1.1212630e+03   7.597509e+03   0.000000e+00    335s
   46796    1.1212630e+03   1.175149e+03   0.000000e+00    340s
   47255    1.1212630e+03   1.717323e+03   0.000000e+00    345s
   47845    1.1212630e+03   2.857348e+02   0.000000e+00    351s
   48375    1.1212630e+03   1.121556e+01   0.000000e+00    356s
   48454    1.1212603e+03   0.000000e+00   0.000000e+00    357s

Root relaxation: objective 1.121260e+03, 48454 iterations, 354.02 seconds (846.26 work units)

    Nodes    |    Current Node    |     Objective Bounds      |     Work
 Expl Unexpl |  Obj  Depth IntInf | Incumbent    BestBd   Gap | It/Node Time

     0     0 1121.26027    0 2868 2313.00000 1121.26027  51.5%     -  411s
H    0     0                    2226.0000000 1121.26027  49.6%     -  411s
H    0     0                    2110.0000000 1121.26027  46.9%     -  411s
H    0     0                    1536.0000000 1121.26027  27.0%     -  411s
H    0     0                    1320.0000000 1121.26027  15.1%     -  419s
H    0     0                    1269.0000000 1121.26027  11.6%     -  419s
H    0     0                    1268.0000000 1121.26027  11.6%     -  419s
H    0     0                    1216.0000000 1121.26027  7.79%     -  419s
H    0     0                    1189.0000000 1121.26027  5.70%     -  419s
H    0     0                    1183.0000000 1121.26027  5.22%     -  420s
H    0     0                    1182.0000000 1121.26027  5.14%     -  431s
H    0     0                    1180.0000000 1121.26027  4.98%     -  435s
H    0     0                    1179.0000000 1121.26027  4.90%     -  435s
H    0     0                    1178.0000000 1121.26027  4.82%     -  435s
H    0     0                    1177.0000000 1121.26027  4.74%     -  439s
H    0     0                    1176.0000000 1121.26027  4.65%     -  439s
H    0     0                    1175.0000000 1121.26027  4.57%     -  442s
H    0     0                    1174.0000000 1121.26027  4.49%     -  445s
H    0     0                    1173.0000000 1121.26027  4.41%     -  509s
     0     0 1121.26027    0 2868 1173.00000 1121.26027  4.41%     -  947s
     0     0 1121.26027    0 2868 1173.00000 1121.26027  4.41%     - 1029s
H    0     0                    1171.9999994 1121.26027  4.33%     - 3182s
H    0     0                    1171.0000000 1121.26027  4.25%     - 3189s
H    0     0                    1169.0000000 1121.26027  4.08%     - 3258s
H    0     0                    1167.0000000 1121.26027  3.92%     - 3285s
H    0     0                    1166.0000000 1121.26027  3.84%     - 3347s
H    0     0                    1165.0000000 1121.26027  3.75%     - 3389s
H    0     0                    1164.0000000 1121.26027  3.67%     - 3443s
H    0     0                    1163.0000000 1121.26027  3.59%     - 3443s
H    0     0                    1162.0000000 1121.26027  3.51%     - 3579s
H    0     0                    1161.0000000 1121.26027  3.42%     - 3726s
     0     2 1121.26027    0 2868 1161.00000 1121.26027  3.42%     - 3848s
     1     3 1121.26027    1 2872 1161.00000 1121.26027  3.42%   476 3997s
     2     5 1121.26027    2 2871 1161.00000 1121.26027  3.42%   439 4532s
     4     9 1121.26027    3 2872 1161.00000 1121.26027  3.42%   341 5290s
     6     9 1121.26027    3 2871 1161.00000 1121.26027  3.42%   324 5296s
     8    18 1121.26027    4 2872 1161.00000 1121.26027  3.42%   308 6235s
H   10    18                    1160.0000000 1121.26027  3.34%   277 6235s
    12    18 1121.26027    4 2872 1160.00000 1121.26027  3.34%   299 6241s
    13    18 1121.26027    4 2872 1160.00000 1121.26027  3.34%   302 6247s
    15    18 1121.26027    4 2872 1160.00000 1121.26027  3.34%   301 6258s
    17    34 1121.26027    5 2872 1160.00000 1121.26027  3.34%   293 7152s
H   27    34                    1159.0000000 1121.26027  3.26%  1261 7157s
    27    34 1121.26027    5 2872 1159.00000 1121.26027  3.26%  1273 7163s
    28    34 1121.26027    5 2872 1159.00000 1121.26027  3.26%  1249 7169s
    29    34 1121.26027    5 2871 1159.00000 1121.26027  3.26%  1231 7174s
    33    35 1121.26027    6 2872 1159.00000 1121.26027  3.26%  2997 7927s
    34    51 1121.26027    7 2871 1159.00000 1121.26027  3.26%  2916 9079s
    35    51 1121.26027    6 2872 1159.00000 1121.26027  3.26%  2837 9085s
    37    51 1121.26027    6 2872 1159.00000 1121.26027  3.26%  2743 9096s
    41    51 1121.26027    6 2871 1159.00000 1121.26027  3.26%  2690 9118s
H   50    67                    1158.0000000 1121.26027  3.17%  2488 10777s
    66   179 1121.26027    9 2871 1158.00000 1121.26027  3.17%  1963 13924s

Explored 178 nodes (221338 simplex iterations) in 14400.31 seconds (33001.20 work units)
Thread count was 32 (of 32 available processors)

Solution count 10: 1158 1159 1160 ... 1167

Time limit reached
Best objective 1.158000000000e+03, best bound 1.122000000000e+03, gap 3.1088%

User-callback calls 3067160, time in user-callback 7.88 sec
