
Gurobi 13.0.2 (linux64) logging started Sun Jul 19 21:09:42 2026

Set parameter LogFile to value "/tmp/sweep_20260716_013919_north-korea_alt550km_s35_i2_v6_gurobi.log"
Set parameter Method to value 1
Set parameter NodefileStart to value 4
Set parameter RINS to value 50
Gurobi Optimizer version 13.0.2 build v13.0.2rc1 (linux64 - "Debian GNU/Linux 13 (trixie)")

CPU model: Intel(R) Xeon(R) Platinum 8375C CPU @ 2.90GHz, instruction set [SSE2|AVX|AVX2|AVX512]
Thread count: 16 physical cores, 32 logical processors, using up to 32 threads

Non-default parameters:
TimeLimit  14400
MIPGap  0.001
Method  1
LPWarmStart  1
Heuristics  0.2
MIPFocus  1
NodefileStart  4
RINS  50
Symmetry  2
Cuts  2
CoverCuts  2
LogToConsole  0

Academic license 2812613 - for non-commercial use only - registered to no___@gatech.edu
Optimize a model with 1436 rows, 14360 columns and 152216 nonzeros (Min)
Model fingerprint: 0x65b49d9d
Model has 14360 linear objective coefficients
Variable types: 0 continuous, 14360 integer (14360 binary)
Coefficient statistics:
  Matrix range     [1e+00, 1e+00]
  Objective range  [1e+00, 1e+00]
  Bounds range     [1e+00, 1e+00]
  RHS range        [2e+01, 2e+01]

Found heuristic solution: objective 3274.0000000
Presolve removed 0 rows and 4308 columns
Presolve time: 0.10s
Presolved: 1436 rows, 10052 columns, 113444 nonzeros
Variable types: 0 continuous, 10052 integer (8616 binary)

Root simplex log...

Iteration    Objective       Primal Inf.    Dual Inf.      Time
   12930    1.7907525e+03   3.005279e+03   0.000000e+00      5s
   21490    1.7950009e+03   2.359755e+03   0.000000e+00     10s
   23032    1.7950000e+03   0.000000e+00   0.000000e+00     11s

Root relaxation: objective 1.795000e+03, 23032 iterations, 10.86 seconds (22.24 work units)

    Nodes    |    Current Node    |     Objective Bounds      |     Work
 Expl Unexpl |  Obj  Depth IntInf | Incumbent    BestBd   Gap | It/Node Time

     0     0 1795.00000    0 1357 3274.00000 1795.00000  45.2%     -   16s
H    0     0                    3068.0000000 1795.00000  41.5%     -   16s
H    0     0                    2731.0000000 1795.00000  34.3%     -   16s
H    0     0                    1894.0000000 1795.00000  5.23%     -   16s
H    0     0                    1856.0000000 1795.00000  3.29%     -   16s
H    0     0                    1854.0000000 1795.00000  3.18%     -   16s
H    0     0                    1853.0000000 1795.00000  3.13%     -   16s
H    0     0                    1852.0000000 1795.00000  3.08%     -   16s
H    0     0                    1850.0000000 1795.00000  2.97%     -   16s
H    0     0                    1849.0000000 1795.00000  2.92%     -   16s
H    0     0                    1848.0000000 1795.00000  2.87%     -   17s
H    0     0                    1847.0000000 1795.00000  2.82%     -   17s
H    0     0                    1836.0000000 1795.00000  2.23%     -   17s
H    0     0                    1823.0000000 1795.00000  1.54%     -   17s
H    0     0                    1820.0000000 1795.00000  1.37%     -   17s
H    0     0                    1816.0000000 1795.00000  1.16%     -   17s
H    0     0                    1814.0000000 1795.00000  1.05%     -   17s
H    0     0                    1813.0000000 1795.00000  0.99%     -   18s
H    0     0                    1812.0000000 1795.00000  0.94%     -   18s
H    0     0                    1811.0000000 1795.00000  0.88%     -   18s
H    0     0                    1810.0000000 1795.00000  0.83%     -   18s
H    0     0                    1809.0000000 1795.00000  0.77%     -   19s
     0     0 1795.00000    0 1360 1809.00000 1795.00000  0.77%     -   25s
H    0     0                    1808.0000000 1795.00000  0.72%     -   30s
H    0     0                    1807.0000000 1795.00000  0.66%     -   34s
H    0     0                    1806.0000000 1795.00000  0.61%     -   37s
H    0     0                    1805.0000000 1795.00000  0.55%     -   41s
     0     0 1795.00000    0 1360 1805.00000 1795.00000  0.55%     -   48s
     0     0 1795.00000    0 1343 1805.00000 1795.00000  0.55%     -   54s
H    0     0                    1804.0000000 1795.00000  0.50%     -   71s
H    0     0                    1803.0000000 1795.00000  0.44%     -   77s
     0     2 1795.00000    0 1333 1803.00000 1795.00000  0.44%     -   87s
     1     3 1795.00000    1 1357 1803.00000 1795.00000  0.44%  1718   95s
     2     4 1795.00000    2 1354 1803.00000 1795.00000  0.44%  1327  102s
     5     8 1795.00000    3 1359 1803.00000 1795.00000  0.44%   890  108s
     9    16 1795.00000    4 1365 1803.00000 1795.00000  0.44%  1052  117s
    17    32 1795.00000    5 1345 1803.00000 1795.00000  0.44%  1482  127s
    33    48 1795.00000    6 1350 1803.00000 1795.00000  0.44%  4091  145s
    49    68 1795.00000    7 1342 1803.00000 1795.00000  0.44%  3036  170s
    69   160 1795.00000    7 1333 1803.00000 1795.00000  0.44%  2446  208s
   162   161 1795.00000    8 1343 1803.00000 1795.00000  0.44%  1553  282s
   164   162 1795.00000   12 1357 1803.00000 1795.00000  0.44%  1534  308s
   165   163 1795.00000    9 1344 1803.00000 1795.00000  0.44%  1525  315s
H  165   154                    1802.0000000 1795.00000  0.39%  1525  383s
H  165   147                    1801.0000000 1795.00000  0.33%  1525  408s
   166   148 1795.00000    9 1344 1801.00000 1795.00000  0.33%  1516  410s
H  167   141                    1800.0000000 1795.00000  0.28%  1784  471s
   168   142 1795.00000    8 1343 1800.00000 1795.00000  0.28%  1773  504s
   170   143 1795.00000   12 1357 1800.00000 1795.00000  0.28%  1752  529s
   171   144 1795.00000    9 1336 1800.00000 1795.00000  0.28%  1742  537s
   172   145 1795.00000    8 1336 1800.00000 1795.00000  0.28%  1732  637s
   174   147 1795.00000    9 1343 1800.00000 1795.00000  0.28%  1986  648s
   176   148 1795.00000   10 1357 1800.00000 1795.00000  0.28%  1964  674s
   177   149 1795.00000    6 1336 1800.00000 1795.00000  0.28%  1953  682s
   178   150 1795.00000   11 1336 1800.00000 1795.00000  0.28%  1942  787s
   180   152 1795.00000    7 1343 1800.00000 1795.00000  0.28%  2186  798s
   182   153 1795.00000    6 1357 1800.00000 1795.00000  0.28%  2162  824s
   183   154 1795.00000   14 1336 1800.00000 1795.00000  0.28%  2150  832s
   184   155 1795.00000    8 1336 1800.00000 1795.00000  0.28%  2138  940s
   186   157 1795.00000   11 1343 1800.00000 1795.00000  0.28%  2372  952s
   188   158 1795.00000   12 1357 1800.00000 1795.00000  0.28%  2347  977s
   189   159 1795.00000    8 1336 1800.00000 1795.00000  0.28%  2334  985s
   190   160 1795.00000    9 1336 1800.00000 1795.00000  0.28%  2322 1103s
   192   162 1795.00000    6 1343 1800.00000 1795.00000  0.28%  2546 1189s
   194   163 1795.00000    8 1357 1800.00000 1795.00000  0.28%  2520 1215s
   195   164 1795.00000   12 1336 1800.00000 1795.00000  0.28%  2507 1223s
   196   165 1795.00000    8 1336 1800.00000 1795.00000  0.28%  2494 1346s
   198   167 1795.00000   10 1343 1800.00000 1795.00000  0.28%  2710 1432s
   200   168 1795.00000    7 1357 1800.00000 1795.00000  0.28%  2683 1458s
   201   169 1795.00000   12 1336 1800.00000 1795.00000  0.28%  2670 1466s
   202   170 1795.00000    8 1336 1800.00000 1795.00000  0.28%  2657 1595s
   204   172 1795.00000    8 1343 1800.00000 1795.00000  0.28%  2865 1606s
   206   173 1795.00000   12 1357 1800.00000 1795.00000  0.28%  2837 1631s
   207   174 1795.00000   12 1336 1800.00000 1795.00000  0.28%  2823 1639s
   208   175 1795.00000    8 1336 1800.00000 1795.00000  0.28%  2810 1777s
   210   177 1795.00000    9 1343 1800.00000 1795.00000  0.28%  3010 1789s
   212   178 1795.00000   18 1357 1800.00000 1795.00000  0.28%  2982 1814s
   213   179 1795.00000   11 1336 1800.00000 1795.00000  0.28%  2968 1822s
   214   180 1795.00000   18 1336 1800.00000 1795.00000  0.28%  2954 1971s
   216   182 1795.00000   11 1343 1800.00000 1795.00000  0.28%  3148 2056s
   218   183 1795.00000    9 1357 1800.00000 1795.00000  0.28%  3119 2081s
   219   184 1795.00000    8 1336 1800.00000 1795.00000  0.28%  3105 2089s
   220   185 1795.00000    6 1336 1800.00000 1795.00000  0.28%  3091 2244s
   222   187 1795.00000   11 1343 1800.00000 1795.00000  0.28%  3278 2256s
   224   188 1795.00000   14 1357 1800.00000 1795.00000  0.28%  3249 2281s
   225   189 1795.00000    8 1336 1800.00000 1795.00000  0.28%  3234 2289s
   226   190 1795.00000    9 1336 1800.00000 1795.00000  0.28%  3220 2444s
   228   192 1795.00000    9 1343 1800.00000 1795.00000  0.28%  3401 2529s
   230   193 1795.00000    7 1357 1800.00000 1795.00000  0.28%  3372 2554s
   231   194 1795.00000   16 1336 1800.00000 1795.00000  0.28%  3357 2562s
   232   195 1795.00000    9 1336 1800.00000 1795.00000  0.28%  3343 2717s
   234   197 1795.00000    9 1343 1800.00000 1795.00000  0.28%  3518 2802s
   236   198 1795.00000   11 1357 1800.00000 1795.00000  0.28%  3488 2828s
   237   199 1795.00000    6 1336 1800.00000 1795.00000  0.28%  3474 2836s
   238   200 1795.00000    9 1336 1800.00000 1795.00000  0.28%  3459 2991s
   240   202 1795.00000   14 1343 1800.00000 1795.00000  0.28%  3629 3002s
   242   203 1795.00000    9 1357 1800.00000 1795.00000  0.28%  3599 3027s
   243   204 1795.00000   12 1336 1800.00000 1795.00000  0.28%  3584 3035s
   244   205 1795.00000    9 1336 1800.00000 1795.00000  0.28%  3570 3191s
   246   207 1795.00000    8 1343 1800.00000 1795.00000  0.28%  3735 3277s
   248   208 1795.00000   11 1357 1800.00000 1795.00000  0.28%  3705 3302s
   249   209 1795.00000   12 1336 1800.00000 1795.00000  0.28%  3690 3310s
   250   210 1795.00000    9 1336 1800.00000 1795.00000  0.28%  3675 3467s
   252   212 1795.00000    8 1343 1800.00000 1795.00000  0.28%  3835 3478s
   254   213 1795.00000   11 1357 1800.00000 1795.00000  0.28%  3805 3504s
   255   214 1795.00000   11 1336 1800.00000 1795.00000  0.28%  3790 3512s
   256   215 1795.00000    9 1336 1800.00000 1795.00000  0.28%  3775 3668s
   258   217 1795.00000   10 1343 1800.00000 1795.00000  0.28%  3931 3679s
   260   218 1795.00000    6 1357 1800.00000 1795.00000  0.28%  3901 3704s
   261   219 1795.00000    8 1336 1800.00000 1795.00000  0.28%  3886 3713s
   262   220 1795.00000    8 1336 1800.00000 1795.00000  0.28%  3871 3868s
   264   222 1795.00000   12 1343 1800.00000 1795.00000  0.28%  4023 3879s
   266   223 1795.00000    9 1357 1800.00000 1795.00000  0.28%  3993 3905s
   267   224 1795.00000   11 1336 1800.00000 1795.00000  0.28%  3978 3913s
   268   225 1795.00000    8 1336 1800.00000 1795.00000  0.28%  3963 4068s
   270   227 1795.00000   12 1343 1800.00000 1795.00000  0.28%  4110 4079s
   272   228 1795.00000    8 1357 1800.00000 1795.00000  0.28%  4080 4104s
   273   229 1795.00000   13 1336 1800.00000 1795.00000  0.28%  4065 4112s
   274   230 1795.00000    9 1336 1800.00000 1795.00000  0.28%  4050 4268s
   276   232 1795.00000   10 1343 1800.00000 1795.00000  0.28%  4194 4279s
   278   233 1795.00000   11 1357 1800.00000 1795.00000  0.28%  4164 4305s
   279   234 1795.00000    9 1336 1800.00000 1795.00000  0.28%  4149 4313s
   280   235 1795.00000    7 1336 1800.00000 1795.00000  0.28%  4134 4468s
   282   237 1795.00000    6 1343 1800.00000 1795.00000  0.28%  4274 4553s
   284   238 1795.00000    8 1357 1800.00000 1795.00000  0.28%  4244 4578s
   285   239 1795.00000    6 1336 1800.00000 1795.00000  0.28%  4229 4586s
   286   240 1795.00000   11 1336 1800.00000 1795.00000  0.28%  4214 4742s
   288   242 1795.00000   12 1343 1800.00000 1795.00000  0.28%  4351 4826s
   290   243 1795.00000    9 1357 1800.00000 1795.00000  0.28%  4321 4852s
   291   244 1795.00000   14 1336 1800.00000 1795.00000  0.28%  4306 4859s
   292   245 1795.00000    6 1336 1800.00000 1795.00000  0.28%  4291 5015s
   294   247 1795.00000    8 1343 1800.00000 1795.00000  0.28%  4424 5026s
   296   248 1795.00000    8 1357 1800.00000 1795.00000  0.28%  4395 5051s
   297   249 1795.00000    9 1336 1800.00000 1795.00000  0.28%  4380 5059s
   298   250 1795.00000   10 1336 1800.00000 1795.00000  0.28%  4365 5214s
   300   252 1795.00000    7 1343 1800.00000 1795.00000  0.28%  4495 5225s
   302   253 1795.00000    8 1357 1800.00000 1795.00000  0.28%  4465 5250s
   303   254 1795.00000   10 1336 1800.00000 1795.00000  0.28%  4451 5258s
   304   255 1795.00000    8 1336 1800.00000 1795.00000  0.28%  4436 5413s
   306   257 1795.00000   12 1343 1800.00000 1795.00000  0.28%  4563 5498s
   308   258 1795.00000    8 1357 1800.00000 1795.00000  0.28%  4533 5523s
   309   259 1795.00000   10 1336 1800.00000 1795.00000  0.28%  4519 5531s
   310   260 1795.00000    9 1336 1800.00000 1795.00000  0.28%  4504 5686s
   312   262 1795.00000   18 1343 1800.00000 1795.00000  0.28%  4628 5771s
   314   263 1795.00000   18 1357 1800.00000 1795.00000  0.28%  4599 5796s
   315   264 1795.00000    9 1336 1800.00000 1795.00000  0.28%  4584 5804s
   316   265 1795.00000   11 1336 1800.00000 1795.00000  0.28%  4570 5959s
   318   267 1795.00000    9 1343 1800.00000 1795.00000  0.28%  4691 5970s
   320   268 1795.00000    6 1357 1800.00000 1795.00000  0.28%  4662 5995s
   321   269 1795.00000   12 1336 1800.00000 1795.00000  0.28%  4647 6003s
   322   270 1795.00000   11 1336 1800.00000 1795.00000  0.28%  4633 6159s
   324   272 1795.00000   14 1343 1800.00000 1795.00000  0.28%  4752 6244s
   326   273 1795.00000    9 1357 1800.00000 1795.00000  0.28%  4723 6269s
   327   274 1795.00000   12 1336 1800.00000 1795.00000  0.28%  4708 6277s
   328   275 1795.00000    9 1336 1800.00000 1795.00000  0.28%  4694 6432s
   330   277 1795.00000    7 1343 1800.00000 1795.00000  0.28%  4810 6443s
   332   278 1795.00000    9 1357 1800.00000 1795.00000  0.28%  4781 6468s
   333   279 1795.00000    8 1336 1800.00000 1795.00000  0.28%  4767 6476s
   334   280 1795.00000    9 1336 1800.00000 1795.00000  0.28%  4753 6631s
   336   282 1795.00000   11 1343 1800.00000 1795.00000  0.28%  4866 6643s
   338   283 1795.00000    9 1357 1800.00000 1795.00000  0.28%  4838 6668s
   339   284 1795.00000   11 1336 1800.00000 1795.00000  0.28%  4823 6676s
   340   285 1795.00000   14 1336 1800.00000 1795.00000  0.28%  4809 6831s
   342   287 1795.00000    9 1343 1800.00000 1795.00000  0.28%  4921 6915s
   344   288 1795.00000    9 1357 1800.00000 1795.00000  0.28%  4892 6941s
   345   289 1795.00000    9 1336 1800.00000 1795.00000  0.28%  4878 6948s
   346   290 1795.00000    8 1336 1800.00000 1795.00000  0.28%  4864 7104s
   348   292 1795.00000   11 1343 1800.00000 1795.00000  0.28%  4973 7188s
   350   293 1795.00000    9 1357 1800.00000 1795.00000  0.28%  4945 7213s
   351   294 1795.00000    6 1336 1800.00000 1795.00000  0.28%  4931 7221s
   352   295 1795.00000    8 1336 1800.00000 1795.00000  0.28%  4917 7377s
   354   297 1795.00000   11 1343 1800.00000 1795.00000  0.28%  5024 7388s
   356   298 1795.00000    9 1357 1800.00000 1795.00000  0.28%  4995 7414s
   357   299 1795.00000   10 1336 1800.00000 1795.00000  0.28%  4981 7422s
   358   300 1795.00000   10 1336 1800.00000 1795.00000  0.28%  4968 7578s
   360   302 1795.00000    6 1343 1800.00000 1795.00000  0.28%  5073 7664s
   362   303 1795.00000    8 1357 1800.00000 1795.00000  0.28%  5045 7689s
   363   304 1795.00000   12 1336 1800.00000 1795.00000  0.28%  5031 7697s
   364   305 1795.00000   12 1336 1800.00000 1795.00000  0.28%  5017 7854s
   366   307 1795.00000    9 1343 1800.00000 1795.00000  0.28%  5120 7865s
   368   308 1795.00000    8 1357 1800.00000 1795.00000  0.28%  5092 7890s
   369   309 1795.00000   11 1336 1800.00000 1795.00000  0.28%  5078 7898s
   370   310 1795.00000   12 1336 1800.00000 1795.00000  0.28%  5065 8054s
   372   312 1795.00000    8 1343 1800.00000 1795.00000  0.28%  5166 8140s
   374   313 1795.00000    9 1357 1800.00000 1795.00000  0.28%  5138 8165s
   375   314 1795.00000    6 1336 1800.00000 1795.00000  0.28%  5124 8173s
   376   315 1795.00000   10 1336 1800.00000 1795.00000  0.28%  5111 8329s
   378   317 1795.00000   11 1343 1800.00000 1795.00000  0.28%  5210 8340s
   380   318 1795.00000    7 1357 1800.00000 1795.00000  0.28%  5183 8366s
   381   319 1795.00000    8 1336 1800.00000 1795.00000  0.28%  5169 8374s
   382   320 1795.00000    6 1336 1800.00000 1795.00000  0.28%  5156 8530s
   384   322 1795.00000    8 1343 1800.00000 1795.00000  0.28%  5253 8541s
   386   323 1795.00000   11 1357 1800.00000 1795.00000  0.28%  5226 8566s
   387   324 1795.00000    8 1336 1800.00000 1795.00000  0.28%  5212 8574s
   388   325 1795.00000   12 1336 1800.00000 1795.00000  0.28%  5199 8730s
   390   327 1795.00000    9 1343 1800.00000 1795.00000  0.28%  5295 8816s
   392   328 1795.00000    6 1357 1800.00000 1795.00000  0.28%  5268 8841s
   393   329 1795.00000    9 1336 1800.00000 1795.00000  0.28%  5254 8849s
   394   330 1795.00000    8 1336 1800.00000 1795.00000  0.28%  5241 9005s
   396   332 1795.00000    8 1343 1800.00000 1795.00000  0.28%  5335 9016s
   398   333 1795.00000   10 1357 1800.00000 1795.00000  0.28%  5308 9042s
   399   334 1795.00000   12 1336 1800.00000 1795.00000  0.28%  5295 9050s
   400   335 1795.00000    7 1336 1800.00000 1795.00000  0.28%  5282 9205s
   402   337 1795.00000    8 1343 1800.00000 1795.00000  0.28%  5374 9291s
   404   338 1795.00000    8 1357 1800.00000 1795.00000  0.28%  5348 9316s
   405   339 1795.00000    9 1336 1800.00000 1795.00000  0.28%  5334 9324s
   406   340 1795.00000   12 1336 1800.00000 1795.00000  0.28%  5321 9480s
   408   342 1795.00000    8 1343 1800.00000 1795.00000  0.28%  5412 9491s
   410   343 1795.00000    9 1357 1800.00000 1795.00000  0.28%  5386 9517s
   411   344 1795.00000    6 1336 1800.00000 1795.00000  0.28%  5373 9525s
   412   345 1795.00000   18 1336 1800.00000 1795.00000  0.28%  5360 9680s
   414   347 1795.00000   18 1343 1800.00000 1795.00000  0.28%  5449 9691s
   416   348 1795.00000   11 1357 1800.00000 1795.00000  0.28%  5423 9716s
   417   349 1795.00000    8 1336 1800.00000 1795.00000  0.28%  5410 9724s
   418   350 1795.00000    9 1336 1800.00000 1795.00000  0.28%  5397 9879s
   420   352 1795.00000    6 1343 1800.00000 1795.00000  0.28%  5485 9964s
   422   353 1795.00000   11 1357 1800.00000 1795.00000  0.28%  5459 9989s
   423   354 1795.00000    8 1336 1800.00000 1795.00000  0.28%  5446 9997s
   424   355 1795.00000   14 1336 1800.00000 1795.00000  0.28%  5433 10153s
   426   357 1795.00000    9 1343 1800.00000 1795.00000  0.28%  5520 10237s
   428   358 1795.00000    9 1357 1800.00000 1795.00000  0.28%  5494 10263s
   429   359 1795.00000   11 1336 1800.00000 1795.00000  0.28%  5481 10271s
   430   360 1795.00000    7 1336 1800.00000 1795.00000  0.28%  5469 10426s
   432   362 1795.00000    9 1343 1800.00000 1795.00000  0.28%  5554 10437s
   434   363 1795.00000    9 1357 1800.00000 1795.00000  0.28%  5528 10462s
   435   364 1795.00000    8 1336 1800.00000 1795.00000  0.28%  5515 10470s
   436   365 1795.00000   11 1336 1800.00000 1795.00000  0.28%  5503 10625s
   438   367 1795.00000    9 1343 1800.00000 1795.00000  0.28%  5587 10637s
   440   368 1795.00000   14 1357 1800.00000 1795.00000  0.28%  5561 10662s
   441   369 1795.00000    9 1336 1800.00000 1795.00000  0.28%  5549 10670s
   442   370 1795.00000    9 1336 1800.00000 1795.00000  0.28%  5536 10825s
   444   372 1795.00000    9 1343 1800.00000 1795.00000  0.28%  5619 10836s
   446   373 1795.00000    8 1357 1800.00000 1795.00000  0.28%  5594 10861s
   447   374 1795.00000   11 1336 1800.00000 1795.00000  0.28%  5581 10869s
   448   375 1795.00000   11 1336 1800.00000 1795.00000  0.28%  5569 11024s
   450   377 1795.00000    9 1343 1800.00000 1795.00000  0.28%  5650 11035s
   452   378 1795.00000    8 1357 1800.00000 1795.00000  0.28%  5625 11060s
   453   379 1795.00000   13 1336 1800.00000 1795.00000  0.28%  5613 11068s
   454   380 1795.00000   11 1336 1800.00000 1795.00000  0.28%  5600 11223s
   456   382 1795.00000    9 1343 1800.00000 1795.00000  0.28%  5680 11234s
   458   383 1795.00000   10 1357 1800.00000 1795.00000  0.28%  5656 11260s
   459   384 1795.00000   13 1336 1800.00000 1795.00000  0.28%  5643 11268s
   460   385 1795.00000    6 1336 1800.00000 1795.00000  0.28%  5631 11423s
   462   387 1795.00000    8 1343 1800.00000 1795.00000  0.28%  5710 11507s
   464   388 1795.00000   12 1357 1800.00000 1795.00000  0.28%  5685 11532s
   465   389 1795.00000    9 1336 1800.00000 1795.00000  0.28%  5673 11540s
   466   390 1795.00000    9 1336 1800.00000 1795.00000  0.28%  5661 11696s
   468   392 1795.00000    8 1343 1800.00000 1795.00000  0.28%  5739 11707s
   470   393 1795.00000   12 1357 1800.00000 1795.00000  0.28%  5714 11732s
   471   394 1795.00000    9 1336 1800.00000 1795.00000  0.28%  5702 11740s
   472   395 1795.00000    8 1336 1800.00000 1795.00000  0.28%  5690 11895s
   474   397 1795.00000    9 1343 1800.00000 1795.00000  0.28%  5767 11906s
   476   398 1795.00000   10 1357 1800.00000 1795.00000  0.28%  5743 11931s
   477   399 1795.00000    6 1336 1800.00000 1795.00000  0.28%  5731 11939s
   478   400 1795.00000   11 1336 1800.00000 1795.00000  0.28%  5719 12095s
   480   402 1795.00000    7 1343 1800.00000 1795.00000  0.28%  5794 12180s
   482   403 1795.00000    6 1357 1800.00000 1795.00000  0.28%  5770 12205s
   483   404 1795.00000   14 1336 1800.00000 1795.00000  0.28%  5758 12213s
   484   405 1795.00000    8 1336 1800.00000 1795.00000  0.28%  5746 12368s
   486   407 1795.00000   11 1343 1800.00000 1795.00000  0.28%  5821 12379s
   488   408 1795.00000   12 1357 1800.00000 1795.00000  0.28%  5797 12404s
   489   409 1795.00000    8 1336 1800.00000 1795.00000  0.28%  5785 12412s
   490   410 1795.00000    9 1336 1800.00000 1795.00000  0.28%  5774 12568s
   492   412 1795.00000    6 1343 1800.00000 1795.00000  0.28%  5847 12579s
   494   413 1795.00000    8 1357 1800.00000 1795.00000  0.28%  5824 12604s
   495   414 1795.00000   12 1336 1800.00000 1795.00000  0.28%  5812 12612s
   496   415 1795.00000    8 1336 1800.00000 1795.00000  0.28%  5800 12768s
   498   417 1795.00000   10 1343 1800.00000 1795.00000  0.28%  5873 12779s
   500   418 1795.00000    7 1357 1800.00000 1795.00000  0.28%  5849 12804s
   501   419 1795.00000   12 1336 1800.00000 1795.00000  0.28%  5837 12812s
   502   420 1795.00000    8 1336 1800.00000 1795.00000  0.28%  5826 12968s
   504   422 1795.00000    8 1343 1800.00000 1795.00000  0.28%  5897 13053s
   506   423 1795.00000   12 1357 1800.00000 1795.00000  0.28%  5874 13078s
   507   424 1795.00000   12 1336 1800.00000 1795.00000  0.28%  5863 13086s
   508   425 1795.00000    8 1336 1800.00000 1795.00000  0.28%  5851 13241s
   510   427 1795.00000    9 1343 1800.00000 1795.00000  0.28%  5922 13253s
   512   428 1795.00000   18 1357 1800.00000 1795.00000  0.28%  5899 13278s
   513   429 1795.00000   11 1336 1800.00000 1795.00000  0.28%  5887 13286s
   514   430 1795.00000   18 1336 1800.00000 1795.00000  0.28%  5876 13441s
   516   432 1795.00000   11 1343 1800.00000 1795.00000  0.28%  5945 13453s
   518   433 1795.00000    9 1357 1800.00000 1795.00000  0.28%  5922 13478s
   519   434 1795.00000    8 1336 1800.00000 1795.00000  0.28%  5911 13486s
   520   435 1795.00000    6 1336 1800.00000 1795.00000  0.28%  5900 13641s
   522   437 1795.00000   11 1343 1800.00000 1795.00000  0.28%  5969 13653s
   524   438 1795.00000   14 1357 1800.00000 1795.00000  0.28%  5946 13678s
   525   439 1795.00000    8 1336 1800.00000 1795.00000  0.28%  5934 13686s
   526   440 1795.00000    9 1336 1800.00000 1795.00000  0.28%  5923 13841s
   528   442 1795.00000    9 1343 1800.00000 1795.00000  0.28%  5991 13852s
   530   443 1795.00000    7 1357 1800.00000 1795.00000  0.28%  5969 13877s
   531   444 1795.00000   16 1336 1800.00000 1795.00000  0.28%  5957 13885s
   532   445 1795.00000    9 1336 1800.00000 1795.00000  0.28%  5946 14040s
   534   447 1795.00000    9 1343 1800.00000 1795.00000  0.28%  6013 14125s
   536   448 1795.00000   11 1357 1800.00000 1795.00000  0.28%  5991 14150s
   537   449 1795.00000    6 1336 1800.00000 1795.00000  0.28%  5980 14158s
   538   450 1795.00000    9 1336 1800.00000 1795.00000  0.28%  5969 14313s
   540   452 1795.00000   14 1343 1800.00000 1795.00000  0.28%  6035 14398s

Explored 541 nodes (3316398 simplex iterations) in 14400.00 seconds (36088.28 work units)
Thread count was 32 (of 32 available processors)

Solution count 10: 1800 1801 1802 ... 1809

Time limit reached
Best objective 1.800000000000e+03, best bound 1.795000000000e+03, gap 0.2778%

User-callback calls 2367484, time in user-callback 8.23 sec
