
Gurobi 13.0.2 (linux64) logging started Sat Jul 11 00:09:32 2026

Set parameter LogFile to value "/tmp/sweep_20260709_012313_china_alt400km_s10_i2_v4_gurobi.log"
Set parameter Method to value 1
Set parameter NodefileStart to value 4
Set parameter RINS to value 50
Gurobi Optimizer version 13.0.2 build v13.0.2rc1 (linux64 - "Debian GNU/Linux 13 (trixie)")

CPU model: Intel(R) Xeon(R) Platinum 8375C CPU @ 2.90GHz, instruction set [SSE2|AVX|AVX2|AVX512]
Thread count: 16 physical cores, 32 logical processors, using up to 32 threads

Non-default parameters:
TimeLimit  14400
MIPGap  0.001
Method  1
LPWarmStart  1
Heuristics  0.2
MIPFocus  1
NodefileStart  4
RINS  50
Symmetry  2
Cuts  2
CoverCuts  2
LogToConsole  0

Academic license 2812613 - for non-commercial use only - registered to no___@gatech.edu
Optimize a model with 392028 rows, 21540 columns and 24676224 nonzeros (Min)
Model fingerprint: 0x6d291608
Model has 21540 linear objective coefficients
Variable types: 0 continuous, 21540 integer (21540 binary)
Coefficient statistics:
  Matrix range     [1e+00, 1e+00]
  Objective range  [1e+00, 1e+00]
  Bounds range     [1e+00, 1e+00]
  RHS range        [5e+00, 5e+00]

Found heuristic solution: objective 3835.0000000
Presolve removed 0 rows and 0 columns (presolve time = 6s)...
Presolve removed 0 rows and 0 columns (presolve time = 10s)...
Presolve removed 0 rows and 0 columns (presolve time = 15s)...
Presolve removed 0 rows and 0 columns (presolve time = 22s)...
Presolve removed 0 rows and 0 columns (presolve time = 26s)...
Presolve removed 11488 rows and 0 columns (presolve time = 30s)...
Presolve removed 11488 rows and 0 columns (presolve time = 35s)...
Presolve removed 11488 rows and 0 columns (presolve time = 42s)...
Presolve removed 11488 rows and 0 columns (presolve time = 45s)...
Presolve removed 11488 rows and 0 columns (presolve time = 53s)...
Presolve removed 11488 rows and 0 columns (presolve time = 57s)...
Presolve removed 11488 rows and 0 columns (presolve time = 61s)...
Presolve removed 11488 rows and 0 columns (presolve time = 65s)...
Presolve removed 11488 rows and 0 columns (presolve time = 71s)...
Presolve removed 11488 rows and 0 columns (presolve time = 75s)...
Presolve removed 11488 rows and 0 columns (presolve time = 80s)...
Presolve removed 11488 rows and 0 columns (presolve time = 88s)...
Presolve removed 11488 rows and 0 columns (presolve time = 91s)...
Presolve removed 11488 rows and 0 columns
Presolve time: 90.84s
Presolved: 380540 rows, 21540 columns, 24443592 nonzeros
Variable types: 0 continuous, 21540 integer (21540 binary)

Root simplex log...

Iteration    Objective       Primal Inf.    Dual Inf.      Time
       0   -0.0000000e+00   0.000000e+00   2.195000e+03    104s
      13    2.6975706e+03   0.000000e+00   0.000000e+00    104s
      13    2.6975706e+03   0.000000e+00   0.000000e+00    104s

Use crossover to convert LP symmetric solution to basic solution...

Root crossover log...

  376634 variables added to crossover basis                      110s
  378704 variables added to crossover basis                      115s
  379904 variables added to crossover basis                      120s

       2 DPushes remaining with DInf 0.0000000e+00               125s
       0 DPushes remaining with DInf 0.0000000e+00               127s

       2 PPushes remaining with PInf 0.0000000e+00               127s
       0 PPushes remaining with PInf 0.0000000e+00               129s

  Push phase complete: Pinf 0.0000000e+00, Dinf 1.4655365e-09    129s


Root simplex log...

Iteration    Objective       Primal Inf.    Dual Inf.      Time
      20    2.6975706e+03   0.000000e+00   0.000000e+00    131s
Crossover time: 27.69 seconds (49.46 work units)

Root relaxation: objective 2.697571e+03, 20 iterations, 38.07 seconds (58.09 work units)

    Nodes    |    Current Node    |     Objective Bounds      |     Work
 Expl Unexpl |  Obj  Depth IntInf | Incumbent    BestBd   Gap | It/Node Time

     0     0 2697.57062    0 8616 3835.00000 2697.57062  29.7%     -  308s
H    0     0                    3766.0000000 2697.57062  28.4%     -  341s
H    0     0                    3713.0000000 2697.57062  27.3%     -  341s
H    0     0                    3712.0000000 2697.57062  27.3%     -  341s
H    0     0                    3684.0000000 2697.57062  26.8%     -  341s
H    0     0                    3683.0000000 2697.57062  26.8%     -  341s
H    0     0                    3681.0000000 2697.57062  26.7%     -  349s
H    0     0                    3679.0000000 2697.57062  26.7%     -  349s
H    0     0                    3676.0000000 2697.57062  26.6%     -  352s
H    0     0                    3675.0000000 2697.57062  26.6%     -  352s
H    0     0                    3672.0000000 2697.57062  26.5%     -  356s
H    0     0                    3671.0000000 2697.57062  26.5%     -  356s
H    0     0                    3664.0000000 2697.57062  26.4%     -  362s
H    0     0                    3659.0000000 2697.57062  26.3%     -  362s
H    0     0                    3657.0000000 2697.57062  26.2%     -  366s
H    0     0                    3656.0000000 2697.57062  26.2%     -  369s
H    0     0                    3645.0000000 2697.57062  26.0%     -  373s
H    0     0                    3641.0000000 2697.57062  25.9%     -  373s
H    0     0                    3639.0000000 2697.57062  25.9%     -  378s
H    0     0                    3634.0000000 2697.57062  25.8%     -  382s
H    0     0                    3631.0000000 2697.57062  25.7%     -  415s
H    0     0                    3630.0000000 2697.57062  25.7%     -  427s
H    0     0                    3629.0000000 2697.57062  25.7%     -  427s
H    0     0                    3628.0000000 2697.57062  25.6%     -  436s
H    0     0                    3627.0000000 2697.57062  25.6%     -  436s
H    0     0                    3626.0000000 2697.57062  25.6%     -  440s
H    0     0                    3625.0000000 2697.57062  25.6%     -  447s
H    0     0                    3624.0000000 2697.57062  25.6%     -  454s
H    0     0                    3623.0000000 2697.57062  25.5%     -  467s
H    0     0                    3584.0000000 2697.57062  24.7%     -  497s
H    0     0                    3530.0000000 2697.57062  23.6%     -  497s
H    0     0                    3522.0000000 2697.57062  23.4%     -  497s
H    0     0                    3487.0000000 2697.57062  22.6%     -  497s
H    0     0                    3477.0000000 2697.57062  22.4%     -  497s
H    0     0                    3469.0000000 2697.57062  22.2%     -  497s
H    0     0                    3467.0000000 2697.57062  22.2%     -  504s
H    0     0                    3465.0000000 2697.57062  22.1%     -  505s
H    0     0                    3463.0000000 2697.57062  22.1%     -  509s
H    0     0                    3462.0000000 2697.57062  22.1%     -  509s
H    0     0                    3461.0000000 2697.57062  22.1%     -  513s
H    0     0                    3459.0000000 2697.57062  22.0%     -  513s
H    0     0                    3457.0000000 2697.57062  22.0%     -  516s
H    0     0                    3455.0000000 2697.57062  21.9%     -  517s
H    0     0                    3450.0000000 2697.57062  21.8%     -  525s
H    0     0                    3447.0000000 2697.57062  21.7%     -  525s
H    0     0                    3446.0000000 2697.57062  21.7%     -  531s
H    0     0                    3445.0000000 2697.57062  21.7%     -  531s
H    0     0                    3444.0000000 2697.57062  21.7%     -  534s
H    0     0                    3443.0000000 2697.57062  21.7%     -  537s
H    0     0                    3440.0000000 2697.57062  21.6%     -  540s
H    0     0                    3438.0000000 2697.57062  21.5%     -  545s
H    0     0                    3435.0000000 2697.57062  21.5%     -  556s
H    0     0                    3434.0000000 2697.57062  21.4%     -  568s
H    0     0                    3433.0000000 2697.57062  21.4%     -  568s
H    0     0                    3432.0000000 2697.57062  21.4%     -  575s
H    0     0                    3431.0000000 2697.57062  21.4%     -  575s
H    0     0                    3430.0000000 2697.57062  21.4%     -  579s
H    0     0                    3429.0000000 2697.57062  21.3%     -  580s
H    0     0                    3428.0000000 2697.57062  21.3%     -  621s
H    0     0                    3427.0000000 2697.57062  21.3%     -  630s
H    0     0                    3426.0000000 2697.57062  21.3%     -  638s
H    0     0                    3425.0000000 2697.57062  21.2%     -  641s
H    0     0                    3416.0000000 2697.57062  21.0%     -  653s
     0     0 2698.31864    0 8572 3416.00000 2698.31864  21.0%     - 2840s
H    0     0                    3413.0000000 2698.31864  20.9%     - 2918s
H    0     0                    3411.0000000 2698.31864  20.9%     - 2918s
H    0     0                    3410.0000000 2698.31864  20.9%     - 2932s
H    0     0                    3409.0000000 2698.31864  20.8%     - 2932s
H    0     0                    3401.0000000 2698.31864  20.7%     - 2947s
H    0     0                    3398.0000000 2698.31864  20.6%     - 2947s
H    0     0                    3396.0000000 2698.31864  20.5%     - 2957s
H    0     0                    3395.0000000 2698.31864  20.5%     - 2957s
H    0     0                    3388.0000000 2698.31864  20.4%     - 2963s
H    0     0                    3387.0000000 2698.31864  20.3%     - 2963s
H    0     0                    3381.0000000 2698.31864  20.2%     - 2969s
H    0     0                    3380.0000000 2698.31864  20.2%     - 2969s
H    0     0                    3379.0000000 2698.31864  20.1%     - 2971s
H    0     0                    3378.0000000 2698.31864  20.1%     - 2971s
H    0     0                    3374.0000000 2698.31864  20.0%     - 2975s
H    0     0                    3371.0000000 2698.31864  20.0%     - 2979s
H    0     0                    3368.0000000 2698.31864  19.9%     - 2992s
H    0     0                    3367.0000000 2698.31864  19.9%     - 3001s
H    0     0                    3366.0000000 2698.31864  19.8%     - 3006s
H    0     0                    3365.0000000 2698.31864  19.8%     - 3016s
H    0     0                    3364.0000000 2698.31864  19.8%     - 3019s
H    0     0                    3363.0000000 2698.31864  19.8%     - 3037s
H    0     0                    3362.0000000 2698.31864  19.7%     - 3084s
H    0     0                    3361.0000000 2698.31864  19.7%     - 3119s
     0     0 2698.31864    0 8538 3361.00000 2698.31864  19.7%     - 6766s
     0     0 2698.31864    0 8538 3361.00000 2698.31864  19.7%     - 6942s
H    0     0                    3359.0000000 2698.31864  19.7%     - 10078s
H    0     0                    3358.0000000 2698.31864  19.6%     - 10104s
H    0     0                    3356.0000000 2698.31864  19.6%     - 10110s
H    0     0                    3355.0000000 2698.31864  19.6%     - 10121s
H    0     0                    3354.0000000 2698.31864  19.5%     - 10137s
H    0     0                    3353.0000000 2698.31864  19.5%     - 10141s
H    0     0                    3352.0000000 2698.31864  19.5%     - 10170s
H    0     0                    3351.0000000 2698.31864  19.5%     - 10178s
H    0     0                    3350.0000000 2698.31864  19.5%     - 10184s
H    0     0                    3349.0000000 2698.31864  19.4%     - 10188s
H    0     0                    3348.0000000 2698.31864  19.4%     - 10236s

Cutting planes:
  Zero half: 2

Explored 1 nodes (37851 simplex iterations) in 14400.28 seconds (25657.70 work units)
Thread count was 32 (of 32 available processors)

Solution count 10: 3348 3349 3350 ... 3358

Time limit reached
Best objective 3.348000000000e+03, best bound 2.699000000000e+03, gap 19.3847%

User-callback calls 284973, time in user-callback 1.28 sec
