
Gurobi 13.0.2 (linux64) logging started Mon Jun 22 13:26:50 2026

Set parameter LogFile to value "/tmp/sweep_20260621_182642_china_alt400km_s10_i4_v6_gurobi.log"
Set parameter Method to value 1
Set parameter NodefileStart to value 4
Set parameter RINS to value 50
Gurobi Optimizer version 13.0.2 build v13.0.2rc1 (linux64 - "Debian GNU/Linux 13 (trixie)")

CPU model: Intel(R) Xeon(R) Platinum 8375C CPU @ 2.90GHz, instruction set [SSE2|AVX|AVX2|AVX512]
Thread count: 8 physical cores, 16 logical processors, using up to 16 threads

Non-default parameters:
TimeLimit  21600
MIPGap  0.01
Method  1
LPWarmStart  1
Heuristics  0.2
MIPFocus  1
NodefileStart  4
RINS  50
Symmetry  2
Cuts  2
CoverCuts  2
LogToConsole  0

Academic license 2812613 - for non-commercial use only - registered to no___@gatech.edu
Optimize a model with 392028 rows, 35900 columns and 78908200 nonzeros (Min)
Model fingerprint: 0xcfae2818
Model has 35900 linear objective coefficients
Variable types: 0 continuous, 35900 integer (35900 binary)
Coefficient statistics:
  Matrix range     [1e+00, 1e+00]
  Objective range  [1e+00, 1e+00]
  Bounds range     [1e+00, 1e+00]
  RHS range        [3e+00, 3e+00]

Found heuristic solution: objective 1496.0000000
Presolve removed 0 rows and 0 columns (presolve time = 10s)...
Presolve removed 0 rows and 0 columns (presolve time = 11s)...
Presolve removed 0 rows and 0 columns (presolve time = 17s)...
Presolve removed 0 rows and 0 columns (presolve time = 23s)...
Presolve removed 0 rows and 0 columns (presolve time = 30s)...
Presolve removed 0 rows and 0 columns (presolve time = 30s)...
Presolve removed 0 rows and 0 columns (presolve time = 38s)...
Presolve removed 0 rows and 0 columns (presolve time = 46s)...
Presolve removed 0 rows and 0 columns (presolve time = 61s)...
Presolve removed 0 rows and 0 columns (presolve time = 68s)...
Presolve removed 0 rows and 0 columns (presolve time = 74s)...
Presolve removed 0 rows and 0 columns (presolve time = 81s)...
Presolve removed 0 rows and 0 columns (presolve time = 85s)...
Presolve removed 0 rows and 0 columns (presolve time = 98s)...
Presolve removed 0 rows and 0 columns (presolve time = 100s)...
Presolve removed 0 rows and 0 columns (presolve time = 106s)...
Presolve removed 0 rows and 0 columns (presolve time = 112s)...
Presolve removed 0 rows and 0 columns (presolve time = 115s)...
Presolve removed 0 rows and 0 columns (presolve time = 120s)...
Presolve removed 0 rows and 0 columns (presolve time = 125s)...
Presolve removed 0 rows and 0 columns (presolve time = 130s)...
Presolve removed 0 rows and 0 columns (presolve time = 135s)...
Presolve removed 0 rows and 0 columns (presolve time = 144s)...
Presolve removed 0 rows and 0 columns (presolve time = 145s)...
Presolve removed 0 rows and 0 columns (presolve time = 160s)...
Presolve removed 0 rows and 0 columns (presolve time = 170s)...
Presolve time: 169.59s
Presolved: 392028 rows, 35900 columns, 78908200 nonzeros
Variable types: 0 continuous, 35900 integer (35900 binary)

Root simplex log...

Iteration    Objective       Primal Inf.    Dual Inf.      Time
       0   -0.0000000e+00   0.000000e+00   8.250000e+02    209s
      12    7.1097684e+02   0.000000e+00   0.000000e+00    209s
      12    7.1097684e+02   0.000000e+00   0.000000e+00    209s

Use crossover to convert LP symmetric solution to basic solution...

Root crossover log...

  385336 variables added to crossover basis                      215s
  387916 variables added to crossover basis                      220s
  389266 variables added to crossover basis                      225s
  390526 variables added to crossover basis                      230s
  391366 variables added to crossover basis                      235s

       0 DPushes remaining with DInf 0.0000000e+00               246s

       0 PPushes remaining with PInf 0.0000000e+00               247s

  Push phase complete: Pinf 0.0000000e+00, Dinf 2.9862964e-09    247s


Root simplex log...

Iteration    Objective       Primal Inf.    Dual Inf.      Time
      15    7.1097684e+02   0.000000e+00   0.000000e+00    256s
Crossover time: 46.29 seconds (73.60 work units)

Root relaxation: objective 7.109768e+02, 15 iterations, 78.70 seconds (101.95 work units)

    Nodes    |    Current Node    |     Objective Bounds      |     Work
 Expl Unexpl |  Obj  Depth IntInf | Incumbent    BestBd   Gap | It/Node Time

     0     0  710.97684    0 10052 1496.00000  710.97684  52.5%     -  271s
H    0     0                    1326.0000000  710.97684  46.4%     -  271s
H    0     0                    1283.0000000  710.97684  44.6%     -  272s
H    0     0                    1282.0000000  710.97684  44.5%     -  450s
H    0     0                    1280.0000000  710.97684  44.5%     -  450s
H    0     0                    1256.0000000  710.97684  43.4%     -  451s
H    0     0                    1246.0000000  710.97684  42.9%     -  451s
H    0     0                    1225.0000000  710.97684  42.0%     -  452s
H    0     0                    1224.0000000  710.97684  41.9%     -  452s
H    0     0                    1222.0000000  710.97684  41.8%     -  499s
     0     0  710.97684    0 10052 1222.00000  710.97684  41.8%     - 1088s
H    0     0                    1221.0000000  710.97684  41.8%     - 2748s
H    0     0                    1217.0000000  710.97684  41.6%     - 2751s
H    0     0                    1216.0000000  710.97684  41.5%     - 2784s
H    0     0                    1215.0000000  710.97684  41.5%     - 2786s
H    0     0                    1210.0000000  710.97684  41.2%     - 2794s
     0     2  710.97684    0 10052 1210.00000  710.97684  41.2%     - 4984s

Explored 1 nodes (15 simplex iterations) in 21601.22 seconds (81041.02 work units)
Thread count was 16 (of 16 available processors)

Solution count 10: 1210 1215 1216 ... 1256

Time limit reached
Best objective 1.210000000000e+03, best bound 7.110000000000e+02, gap 41.2397%

User-callback calls 190617, time in user-callback 0.57 sec
