
Gurobi 13.0.2 (linux64) logging started Thu Jul 16 10:35:14 2026

Set parameter LogFile to value "/tmp/sweep_20260716_013919_north-korea_alt260km_s20_i1_v10_gurobi.log"
Set parameter Method to value 1
Set parameter NodefileStart to value 4
Set parameter RINS to value 50
Gurobi Optimizer version 13.0.2 build v13.0.2rc1 (linux64 - "Debian GNU/Linux 13 (trixie)")

CPU model: Intel(R) Xeon(R) Platinum 8375C CPU @ 2.90GHz, instruction set [SSE2|AVX|AVX2|AVX512]
Thread count: 16 physical cores, 32 logical processors, using up to 32 threads

Non-default parameters:
TimeLimit  14400
MIPGap  0.001
Method  1
LPWarmStart  1
Heuristics  0.2
MIPFocus  1
NodefileStart  4
RINS  50
Symmetry  2
Cuts  2
CoverCuts  2
LogToConsole  0

Academic license 2812613 - for non-commercial use only - registered to no___@gatech.edu
Optimize a model with 1436 rows, 10770 columns and 170166 nonzeros (Min)
Model fingerprint: 0xc94b4ff6
Model has 10770 linear objective coefficients
Variable types: 0 continuous, 10770 integer (10770 binary)
Coefficient statistics:
  Matrix range     [1e+00, 1e+00]
  Objective range  [1e+00, 1e+00]
  Bounds range     [1e+00, 1e+00]
  RHS range        [2e+01, 2e+01]

Found heuristic solution: objective 2278.0000000
Presolve removed 0 rows and 1436 columns
Presolve time: 0.13s
Presolved: 1436 rows, 9334 columns, 145036 nonzeros
Variable types: 0 continuous, 9334 integer (7898 binary)

Root relaxation: objective 1.436000e+03, 5364 iterations, 0.77 seconds (1.16 work units)

    Nodes    |    Current Node    |     Objective Bounds      |     Work
 Expl Unexpl |  Obj  Depth IntInf | Incumbent    BestBd   Gap | It/Node Time

*    0     0               0    1436.0000000 1436.00000  0.00%     -    0s

Explored 1 nodes (5364 simplex iterations) in 0.92 seconds (1.37 work units)
Thread count was 32 (of 32 available processors)

Solution count 2: 1436 2278 

Optimal solution found (tolerance 1.00e-03)
Best objective 1.436000000000e+03, best bound 1.436000000000e+03, gap 0.0000%

User-callback calls 326, time in user-callback 0.00 sec
