
Gurobi 13.0.2 (linux64) logging started Fri Jul 10 01:55:25 2026

Set parameter LogFile to value "/tmp/sweep_20260709_012313_china_alt260km_s50_i4_v6_gurobi.log"
Set parameter Method to value 1
Set parameter NodefileStart to value 4
Set parameter RINS to value 50
Gurobi Optimizer version 13.0.2 build v13.0.2rc1 (linux64 - "Debian GNU/Linux 13 (trixie)")

CPU model: Intel(R) Xeon(R) Platinum 8375C CPU @ 2.90GHz, instruction set [SSE2|AVX|AVX2|AVX512]
Thread count: 16 physical cores, 32 logical processors, using up to 32 threads

Non-default parameters:
TimeLimit  14400
MIPGap  0.001
Method  1
LPWarmStart  1
Heuristics  0.2
MIPFocus  1
NodefileStart  4
RINS  50
Symmetry  2
Cuts  2
CoverCuts  2
LogToConsole  0

Academic license 2812613 - for non-commercial use only - registered to no___@gatech.edu
Optimize a model with 196014 rows, 21540 columns and 24468004 nonzeros (Min)
Model fingerprint: 0x82416044
Model has 21540 linear objective coefficients
Variable types: 0 continuous, 21540 integer (21540 binary)
Coefficient statistics:
  Matrix range     [1e+00, 1e+00]
  Objective range  [1e+00, 1e+00]
  Bounds range     [1e+00, 1e+00]
  RHS range        [1e+01, 1e+01]

Found heuristic solution: objective 5038.0000000
Presolve removed 0 rows and 0 columns (presolve time = 6s)...
Presolve removed 0 rows and 0 columns (presolve time = 11s)...
Presolve removed 0 rows and 0 columns (presolve time = 16s)...
Presolve removed 0 rows and 0 columns (presolve time = 20s)...
Presolve removed 0 rows and 0 columns (presolve time = 25s)...
Presolve removed 0 rows and 0 columns (presolve time = 30s)...
Presolve removed 0 rows and 0 columns (presolve time = 37s)...
Presolve removed 0 rows and 0 columns (presolve time = 40s)...
Presolve removed 0 rows and 0 columns (presolve time = 45s)...
Presolve removed 0 rows and 0 columns (presolve time = 52s)...
Presolve removed 0 rows and 0 columns (presolve time = 55s)...
Presolve removed 0 rows and 0 columns (presolve time = 60s)...
Presolve removed 0 rows and 0 columns (presolve time = 65s)...
Presolve removed 0 rows and 0 columns (presolve time = 70s)...
Presolve removed 0 rows and 0 columns (presolve time = 75s)...
Presolve removed 0 rows and 0 columns (presolve time = 80s)...
Presolve removed 0 rows and 0 columns (presolve time = 85s)...
Presolve removed 0 rows and 0 columns (presolve time = 90s)...
Presolve removed 0 rows and 0 columns (presolve time = 95s)...
Presolve removed 0 rows and 0 columns (presolve time = 100s)...
Presolve removed 0 rows and 0 columns (presolve time = 105s)...
Presolve removed 0 rows and 0 columns (presolve time = 110s)...
Presolve removed 0 rows and 0 columns (presolve time = 115s)...
Presolve removed 0 rows and 0 columns (presolve time = 120s)...
Presolve removed 0 rows and 0 columns (presolve time = 125s)...
Presolve removed 0 rows and 0 columns (presolve time = 130s)...
Presolve removed 0 rows and 0 columns (presolve time = 135s)...
Presolve removed 0 rows and 0 columns (presolve time = 140s)...
Presolve removed 0 rows and 0 columns (presolve time = 145s)...
Presolve removed 0 rows and 0 columns (presolve time = 150s)...
Presolve removed 0 rows and 0 columns (presolve time = 155s)...
Presolve removed 0 rows and 0 columns (presolve time = 160s)...
Presolve removed 0 rows and 0 columns (presolve time = 165s)...
Presolve removed 0 rows and 0 columns (presolve time = 170s)...
Presolve removed 0 rows and 0 columns (presolve time = 175s)...
Presolve removed 0 rows and 0 columns (presolve time = 180s)...
Presolve removed 0 rows and 0 columns (presolve time = 185s)...
Presolve removed 0 rows and 0 columns (presolve time = 190s)...
Presolve removed 0 rows and 0 columns (presolve time = 195s)...
Presolve removed 0 rows and 0 columns (presolve time = 200s)...
Presolve removed 0 rows and 0 columns (presolve time = 205s)...
Presolve removed 0 rows and 0 columns (presolve time = 210s)...
Presolve removed 0 rows and 0 columns (presolve time = 215s)...
Presolve removed 0 rows and 0 columns (presolve time = 220s)...
Presolve removed 0 rows and 0 columns (presolve time = 225s)...
Presolve removed 0 rows and 0 columns (presolve time = 230s)...
Presolve removed 0 rows and 0 columns (presolve time = 235s)...
Presolve removed 0 rows and 0 columns (presolve time = 240s)...
Presolve removed 0 rows and 0 columns (presolve time = 245s)...
Presolve removed 0 rows and 0 columns (presolve time = 250s)...
Presolve removed 0 rows and 0 columns (presolve time = 255s)...
Presolve removed 0 rows and 0 columns (presolve time = 260s)...
Presolve removed 0 rows and 0 columns (presolve time = 265s)...
Presolve removed 0 rows and 0 columns (presolve time = 270s)...
Presolve time: 273.25s
Presolved: 196014 rows, 21540 columns, 24468004 nonzeros
Variable types: 0 continuous, 21540 integer (21540 binary)

Root simplex log...

Iteration    Objective       Primal Inf.    Dual Inf.      Time
       0   -0.0000000e+00   0.000000e+00   5.096000e+03    284s
      93    2.7303406e+03   0.000000e+00   0.000000e+00    284s
      93    2.7303406e+03   0.000000e+00   0.000000e+00    284s

Use crossover to convert LP symmetric solution to basic solution...

Root crossover log...

  189774 variables added to crossover basis                      290s
  191544 variables added to crossover basis                      295s
  192534 variables added to crossover basis                      300s
  193434 variables added to crossover basis                      305s
  194604 variables added to crossover basis                      310s
  195474 variables added to crossover basis                      315s

       0 DPushes remaining with DInf 0.0000000e+00               326s

       0 PPushes remaining with PInf 0.0000000e+00               326s

  Push phase complete: Pinf 0.0000000e+00, Dinf 4.5607131e-09    327s


Root simplex log...

Iteration    Objective       Primal Inf.    Dual Inf.      Time
      96    2.7303406e+03   0.000000e+00   0.000000e+00    333s
Crossover time: 48.32 seconds (86.70 work units)

Root relaxation: objective 2.730341e+03, 96 iterations, 57.38 seconds (95.30 work units)

    Nodes    |    Current Node    |     Objective Bounds      |     Work
 Expl Unexpl |  Obj  Depth IntInf | Incumbent    BestBd   Gap | It/Node Time

     0     0 2730.34057    0 10770 5038.00000 2730.34057  45.8%     -  345s
H    0     0                    3590.0000000 2730.34057  23.9%     -  346s
H    0     0                    3588.0000000 2730.34057  23.9%     -  446s
H    0     0                    3586.0000000 2730.34057  23.9%     -  450s
H    0     0                    3583.0000000 2730.34057  23.8%     -  453s
H    0     0                    3582.0000000 2730.34057  23.8%     -  453s
H    0     0                    3581.0000000 2730.34057  23.8%     -  456s
H    0     0                    3580.0000000 2730.34057  23.7%     -  456s
H    0     0                    3575.0000000 2730.34057  23.6%     -  460s
H    0     0                    3574.0000000 2730.34057  23.6%     -  460s
H    0     0                    3573.0000000 2730.34057  23.6%     -  462s
H    0     0                    3572.0000000 2730.34057  23.6%     -  470s
H    0     0                    3570.0000000 2730.34057  23.5%     -  471s
H    0     0                    3566.0000000 2730.34057  23.4%     -  473s
H    0     0                    3562.0000000 2730.34057  23.3%     -  475s
H    0     0                    3559.0000000 2730.34057  23.3%     -  475s
H    0     0                    3558.0000000 2730.34057  23.3%     -  477s
H    0     0                    3557.0000000 2730.34057  23.2%     -  478s
H    0     0                    3555.0000000 2730.34057  23.2%     -  478s
H    0     0                    3554.0000000 2730.34057  23.2%     -  481s
H    0     0                    3553.0000000 2730.34057  23.2%     -  481s
H    0     0                    3552.0000000 2730.34057  23.1%     -  483s
H    0     0                    3551.0000000 2730.34057  23.1%     -  483s
H    0     0                    3550.0000000 2730.34057  23.1%     -  485s
H    0     0                    3549.0000000 2730.34057  23.1%     -  485s
H    0     0                    3548.0000000 2730.34057  23.0%     -  487s
H    0     0                    3547.0000000 2730.34057  23.0%     -  487s
H    0     0                    3545.0000000 2730.34057  23.0%     -  489s
H    0     0                    3544.0000000 2730.34057  23.0%     -  498s
H    0     0                    3543.0000000 2730.34057  22.9%     -  509s
     0     0 2730.34057    0 10770 3543.00000 2730.34057  22.9%     - 1017s
H    0     0                    3542.0000000 2730.34057  22.9%     - 2376s
H    0     0                    3541.0000000 2730.34057  22.9%     - 2376s
H    0     2                    3084.0000000 2730.34057  11.5%     - 2516s
     0     2 2730.34057    0 10770 3084.00000 2730.34057  11.5%     - 2516s
     1     3 2730.38597    1 10832 3084.00000 2730.34523  11.5%  6221 10551s

Explored 2 nodes (6317 simplex iterations) in 14408.65 seconds (39371.70 work units)
Thread count was 32 (of 32 available processors)

Solution count 10: 3084 3541 3542 ... 3550

Time limit reached
Best objective 3.084000000000e+03, best bound 2.731000000000e+03, gap 11.4462%

User-callback calls 148570, time in user-callback 0.50 sec
