
Gurobi 13.0.2 (linux64) logging started Sat Jun 27 11:57:59 2026

Set parameter LogFile to value "/tmp/sweep_20260626_235454_china_alt260km_s20_i6_v6_gurobi.log"
Set parameter Method to value 1
Set parameter NodefileStart to value 4
Set parameter RINS to value 50
Gurobi Optimizer version 13.0.2 build v13.0.2rc1 (linux64 - "Debian GNU/Linux 13 (trixie)")

CPU model: Intel(R) Xeon(R) Platinum 8375C CPU @ 2.90GHz, instruction set [SSE2|AVX|AVX2|AVX512]
Thread count: 16 physical cores, 32 logical processors, using up to 32 threads

Non-default parameters:
TimeLimit  10800
MIPGap  0.01
Method  1
LPWarmStart  1
Heuristics  0.2
MIPFocus  1
NodefileStart  4
RINS  50
Symmetry  2
Cuts  2
CoverCuts  2
LogToConsole  0

Academic license 2812613 - for non-commercial use only - registered to no___@gatech.edu
Optimize a model with 196014 rows, 35900 columns and 34922802 nonzeros (Min)
Model fingerprint: 0x0f80592e
Model has 35900 linear objective coefficients
Variable types: 0 continuous, 35900 integer (35900 binary)
Coefficient statistics:
  Matrix range     [1e+00, 1e+00]
  Objective range  [1e+00, 1e+00]
  Bounds range     [1e+00, 1e+00]
  RHS range        [4e+00, 4e+00]

Found heuristic solution: objective 2700.0000000
Presolve removed 0 rows and 0 columns (presolve time = 6s)...
Presolve removed 0 rows and 0 columns (presolve time = 10s)...
Presolve removed 0 rows and 0 columns (presolve time = 16s)...
Presolve removed 0 rows and 0 columns (presolve time = 21s)...
Presolve removed 0 rows and 0 columns (presolve time = 26s)...
Presolve removed 0 rows and 0 columns (presolve time = 31s)...
Presolve removed 0 rows and 0 columns (presolve time = 35s)...
Presolve removed 0 rows and 0 columns (presolve time = 40s)...
Presolve removed 0 rows and 0 columns (presolve time = 45s)...
Presolve removed 0 rows and 0 columns (presolve time = 51s)...
Presolve removed 0 rows and 0 columns (presolve time = 55s)...
Presolve removed 0 rows and 0 columns (presolve time = 62s)...
Presolve removed 0 rows and 0 columns (presolve time = 71s)...
Presolve removed 0 rows and 0 columns (presolve time = 75s)...
Presolve removed 0 rows and 0 columns (presolve time = 80s)...
Presolve removed 0 rows and 0 columns (presolve time = 85s)...
Presolve removed 0 rows and 0 columns (presolve time = 90s)...
Presolve removed 0 rows and 0 columns (presolve time = 95s)...
Presolve removed 0 rows and 0 columns (presolve time = 100s)...
Presolve removed 0 rows and 0 columns (presolve time = 105s)...
Presolve removed 0 rows and 0 columns (presolve time = 110s)...
Presolve removed 0 rows and 0 columns (presolve time = 115s)...
Presolve removed 0 rows and 0 columns (presolve time = 120s)...
Presolve removed 0 rows and 0 columns (presolve time = 125s)...
Presolve removed 0 rows and 0 columns (presolve time = 130s)...
Presolve removed 0 rows and 0 columns (presolve time = 135s)...
Presolve removed 0 rows and 0 columns (presolve time = 140s)...
Presolve removed 0 rows and 0 columns (presolve time = 145s)...
Presolve removed 0 rows and 0 columns (presolve time = 150s)...
Presolve removed 0 rows and 0 columns (presolve time = 155s)...
Presolve removed 0 rows and 0 columns (presolve time = 160s)...
Presolve removed 0 rows and 0 columns (presolve time = 165s)...
Presolve removed 0 rows and 0 columns (presolve time = 170s)...
Presolve removed 0 rows and 0 columns (presolve time = 175s)...
Presolve removed 0 rows and 0 columns (presolve time = 180s)...
Presolve removed 0 rows and 0 columns (presolve time = 185s)...
Presolve removed 0 rows and 0 columns (presolve time = 190s)...
Presolve removed 0 rows and 0 columns (presolve time = 195s)...
Presolve removed 0 rows and 0 columns (presolve time = 200s)...
Presolve removed 0 rows and 0 columns (presolve time = 205s)...
Presolve removed 0 rows and 0 columns (presolve time = 210s)...
Presolve removed 0 rows and 0 columns (presolve time = 215s)...
Presolve removed 0 rows and 0 columns (presolve time = 220s)...
Presolve removed 0 rows and 0 columns (presolve time = 225s)...
Presolve removed 0 rows and 0 columns (presolve time = 230s)...
Presolve removed 0 rows and 0 columns (presolve time = 235s)...
Presolve removed 0 rows and 0 columns (presolve time = 240s)...
Presolve removed 0 rows and 0 columns (presolve time = 245s)...
Presolve removed 0 rows and 0 columns (presolve time = 250s)...
Presolve removed 0 rows and 0 columns (presolve time = 255s)...
Presolve removed 0 rows and 0 columns (presolve time = 260s)...
Presolve removed 0 rows and 0 columns (presolve time = 265s)...
Presolve removed 0 rows and 0 columns (presolve time = 270s)...
Presolve removed 0 rows and 0 columns (presolve time = 275s)...
Presolve removed 0 rows and 0 columns (presolve time = 280s)...
Presolve removed 0 rows and 0 columns (presolve time = 285s)...
Presolve removed 0 rows and 0 columns (presolve time = 290s)...
Presolve removed 0 rows and 0 columns (presolve time = 295s)...
Presolve removed 0 rows and 0 columns (presolve time = 300s)...
Presolve removed 0 rows and 0 columns (presolve time = 305s)...
Presolve removed 0 rows and 0 columns (presolve time = 310s)...
Presolve removed 0 rows and 0 columns (presolve time = 315s)...
Presolve removed 0 rows and 0 columns (presolve time = 320s)...
Presolve removed 0 rows and 0 columns (presolve time = 325s)...
Presolve removed 0 rows and 0 columns (presolve time = 330s)...
Presolve removed 0 rows and 0 columns (presolve time = 335s)...
Presolve removed 0 rows and 0 columns (presolve time = 340s)...
Presolve removed 0 rows and 0 columns (presolve time = 345s)...
Presolve removed 0 rows and 0 columns (presolve time = 350s)...
Presolve removed 0 rows and 0 columns (presolve time = 355s)...
Presolve removed 0 rows and 0 columns (presolve time = 360s)...
Presolve removed 0 rows and 0 columns (presolve time = 365s)...
Presolve removed 0 rows and 0 columns (presolve time = 370s)...
Presolve removed 0 rows and 0 columns (presolve time = 375s)...
Presolve removed 0 rows and 0 columns (presolve time = 382s)...
Presolve time: 382.01s
Presolved: 196014 rows, 35900 columns, 34922802 nonzeros
Variable types: 0 continuous, 35900 integer (35900 binary)

Root simplex log...

Iteration    Objective       Primal Inf.    Dual Inf.      Time
       0   -0.0000000e+00   0.000000e+00   1.120000e+03    397s
      93    8.1169736e+02   0.000000e+00   0.000000e+00    397s
      93    8.1169736e+02   0.000000e+00   0.000000e+00    397s

Use crossover to convert LP symmetric solution to basic solution...

Root crossover log...

  186330 variables added to crossover basis                      400s
  189600 variables added to crossover basis                      405s
  190830 variables added to crossover basis                      410s
  191670 variables added to crossover basis                      415s
  192570 variables added to crossover basis                      420s
  193200 variables added to crossover basis                      425s
  193710 variables added to crossover basis                      430s
  194160 variables added to crossover basis                      435s
  194580 variables added to crossover basis                      440s
  194970 variables added to crossover basis                      445s
  195360 variables added to crossover basis                      450s
  195750 variables added to crossover basis                      455s

       0 DPushes remaining with DInf 0.0000000e+00               487s

       0 PPushes remaining with PInf 0.0000000e+00               487s

  Push phase complete: Pinf 0.0000000e+00, Dinf 8.0925708e-09    488s


Root simplex log...

Iteration    Objective       Primal Inf.    Dual Inf.      Time
      96    8.1169736e+02   0.000000e+00   0.000000e+00    504s
Crossover time: 106.92 seconds (199.46 work units)

Root relaxation: objective 8.116974e+02, 96 iterations, 119.01 seconds (211.85 work units)

    Nodes    |    Current Node    |     Objective Bounds      |     Work
 Expl Unexpl |  Obj  Depth IntInf | Incumbent    BestBd   Gap | It/Node Time

     0     0  811.69736    0 12924 2700.00000  811.69736  69.9%     -  537s
H    0     0                    1436.0000000  811.69736  43.5%     -  537s
H    0     0                    1411.0000000  811.69736  42.5%     -  726s
H    0     0                    1405.0000000  811.69736  42.2%     -  726s
H    0     0                    1388.0000000  811.69736  41.5%     -  726s
H    0     0                    1385.0000000  811.69736  41.4%     -  726s
H    0     0                    1381.0000000  811.69736  41.2%     -  757s
H    0     0                    1380.0000000  811.69736  41.2%     -  757s
H    0     0                    1379.0000000  811.69736  41.1%     -  788s
H    0     0                    1377.0000000  811.69736  41.1%     -  802s
H    0     0                    1375.0000000  811.69736  41.0%     -  802s
H    0     0                    1361.0000000  811.69736  40.4%     -  836s
H    0     0                    1360.0000000  811.69736  40.3%     -  836s
     0     0  811.69736    0 12924 1360.00000  811.69736  40.3%     - 1796s
H    0     0                    1358.0000000  811.69736  40.2%     - 4308s
H    0     0                    1357.0000000  811.69736  40.2%     - 4313s
     0     2  811.69736    0 12924 1357.00000  811.69736  40.2%     - 7147s

Explored 1 nodes (96 simplex iterations) in 10800.78 seconds (38681.77 work units)
Thread count was 32 (of 32 available processors)

Solution count 10: 1357 1358 1360 ... 1385

Time limit reached
Best objective 1.357000000000e+03, best bound 8.120000000000e+02, gap 40.1621%

User-callback calls 389262, time in user-callback 1.18 sec
