
Gurobi 13.0.2 (linux64) logging started Fri Jun 26 23:59:28 2026

Set parameter LogFile to value "/tmp/sweep_20260626_235454_china_alt260km_s1_i1_v10_gurobi.log"
Set parameter Method to value 1
Set parameter NodefileStart to value 4
Set parameter RINS to value 50
Gurobi Optimizer version 13.0.2 build v13.0.2rc1 (linux64 - "Debian GNU/Linux 13 (trixie)")

CPU model: Intel(R) Xeon(R) Platinum 8375C CPU @ 2.90GHz, instruction set [SSE2|AVX|AVX2|AVX512]
Thread count: 16 physical cores, 32 logical processors, using up to 32 threads

Non-default parameters:
TimeLimit  10800
MIPGap  0.01
Method  1
LPWarmStart  1
Heuristics  0.2
MIPFocus  1
NodefileStart  4
RINS  50
Symmetry  2
Cuts  2
CoverCuts  2
LogToConsole  0

Academic license 2812613 - for non-commercial use only - registered to no___@gatech.edu
Optimize a model with 196014 rows, 7180 columns and 11215160 nonzeros (Min)
Model fingerprint: 0x73507c87
Model has 7180 linear objective coefficients
Variable types: 0 continuous, 7180 integer (7180 binary)
Coefficient statistics:
  Matrix range     [1e+00, 1e+00]
  Objective range  [1e+00, 1e+00]
  Bounds range     [1e+00, 1e+00]
  RHS range        [1e+00, 1e+00]

Found heuristic solution: objective 655.0000000
Presolve removed 0 rows and 0 columns (presolve time = 5s)...
Presolve removed 0 rows and 0 columns (presolve time = 10s)...
Presolve removed 0 rows and 0 columns (presolve time = 15s)...
Presolve removed 151498 rows and 0 columns (presolve time = 20s)...
Presolve removed 151498 rows and 0 columns (presolve time = 25s)...
Presolve removed 151498 rows and 0 columns (presolve time = 30s)...
Presolve removed 151498 rows and 0 columns (presolve time = 35s)...
Presolve removed 151498 rows and 0 columns (presolve time = 40s)...
Presolve removed 151498 rows and 0 columns (presolve time = 45s)...
Presolve removed 151498 rows and 0 columns
Presolve time: 49.43s
Presolved: 44516 rows, 7180 columns, 2150410 nonzeros
Variable types: 0 continuous, 7180 integer (7180 binary)

Root simplex log...

Iteration    Objective       Primal Inf.    Dual Inf.      Time
       0   -0.0000000e+00   0.000000e+00   6.300000e+01     51s
       1    3.5900000e+02   0.000000e+00   0.000000e+00     51s
       1    3.5900000e+02   0.000000e+00   0.000000e+00     51s

Use crossover to convert LP symmetric solution to basic solution...

Root crossover log...

       0 DPushes remaining with DInf 0.0000000e+00                51s

       1 PPushes remaining with PInf 0.0000000e+00                51s
       0 PPushes remaining with PInf 0.0000000e+00                51s

  Push phase complete: Pinf 0.0000000e+00, Dinf 0.0000000e+00     51s


Root simplex log...

Iteration    Objective       Primal Inf.    Dual Inf.      Time
       6    3.5900000e+02   0.000000e+00   0.000000e+00     51s
Crossover time: 0.14 seconds (0.09 work units)

Root relaxation: objective 3.590000e+02, 6 iterations, 0.79 seconds (0.81 work units)

    Nodes    |    Current Node    |     Objective Bounds      |     Work
 Expl Unexpl |  Obj  Depth IntInf | Incumbent    BestBd   Gap | It/Node Time

     0     0  359.00000    0  718  655.00000  359.00000  45.2%     -   51s
H    0     0                     654.0000000  359.00000  45.1%     -   51s
H    0     0                     594.0000000  359.00000  39.6%     -   51s
H    0     0                     547.0000000  359.00000  34.4%     -   51s
H    0     0                     546.0000000  359.00000  34.2%     -   51s
H    0     0                     545.0000000  359.00000  34.1%     -   51s
H    0     0                     530.0000000  359.00000  32.3%     -   51s
H    0     0                     519.0000000  359.00000  30.8%     -   51s
H    0     0                     512.0000000  359.00000  29.9%     -   51s
H    0     0                     497.0000000  359.00000  27.8%     -   51s
H    0     0                     494.0000000  359.00000  27.3%     -   51s
H    0     0                     493.0000000  359.00000  27.2%     -   51s
H    0     0                     492.0000000  359.00000  27.0%     -   51s
H    0     0                     490.0000000  359.00000  26.7%     -   51s
H    0     0                     489.0000000  359.00000  26.6%     -   51s
H    0     0                     488.0000000  359.00000  26.4%     -   51s
H    0     0                     486.0000000  359.00000  26.1%     -   51s
H    0     0                     485.0000000  359.00000  26.0%     -   52s
H    0     0                     484.0000000  359.00000  25.8%     -   52s
H    0     0                     467.0000000  359.00000  23.1%     -   52s
     0     0  359.50000    0  719  467.00000  359.50000  23.0%     -   59s
H    0     0                     465.0000000  359.50000  22.7%     -   60s
H    0     0                     463.0000000  359.50000  22.4%     -   60s
H    0     0                     460.0000000  359.50000  21.8%     -   60s
H    0     0                     453.0000000  359.50000  20.6%     -   60s
H    0     0                     447.0000000  359.50000  19.6%     -   60s
H    0     0                     443.0000000  359.50000  18.8%     -   60s
H    0     0                     438.0000000  359.50000  17.9%     -   60s
H    0     0                     435.0000000  359.50000  17.4%     -   61s
H    0     0                     434.0000000  359.50000  17.2%     -   61s
H    0     0                     433.0000000  359.50000  17.0%     -   61s
H    0     0                     432.0000000  359.50000  16.8%     -   61s
H    0     0                     430.0000000  359.50000  16.4%     -   61s
H    0     0                     429.0000000  359.50000  16.2%     -   62s
H    0     0                     427.0000000  359.50000  15.8%     -   62s
H    0     0                     426.0000000  359.50000  15.6%     -   62s
H    0     0                     424.0000000  359.50000  15.2%     -   63s
H    0     0                     423.0000000  359.50000  15.0%     -   67s
H    0     0                     422.0000000  359.50000  14.8%     -   69s
     0     0  359.99891    0  746  422.00000  359.99891  14.7%     -   77s
     0     0  360.08812    0  750  422.00000  360.08812  14.7%     -   77s
     0     0  361.22603    0  807  422.00000  361.22603  14.4%     -   88s
     0     0  361.37195    0  874  422.00000  361.37195  14.4%     -   90s
     0     0  361.39458    0  900  422.00000  361.39458  14.4%     -   91s
     0     0  361.39525    0  900  422.00000  361.39525  14.4%     -   92s
     0     0  361.39614    0  906  422.00000  361.39614  14.4%     -   92s
     0     0  361.39630    0  914  422.00000  361.39630  14.4%     -   93s
     0     0  362.04290    0  983  422.00000  362.04290  14.2%     -  104s
H    0     0                     421.0000000  362.04290  14.0%     -  104s
     0     0  362.14368    0 1000  421.00000  362.14368  14.0%     -  106s
     0     0  362.15736    0 1009  421.00000  362.15736  14.0%     -  107s
     0     0  362.16250    0 1008  421.00000  362.16250  14.0%     -  108s
     0     0  362.16341    0 1017  421.00000  362.16341  14.0%     -  109s
     0     0  362.16380    0 1017  421.00000  362.16380  14.0%     -  109s
     0     0  362.16398    0 1015  421.00000  362.16398  14.0%     -  109s
     0     0  362.56576    0 1006  421.00000  362.56576  13.9%     -  121s
     0     0  362.56576    0 1006  421.00000  362.56576  13.9%     -  121s
H    0     0                     415.0000000  362.60086  12.6%     -  221s
H    0     0                     413.0000000  362.60086  12.2%     -  222s
H    0     2                     412.0000000  362.60086  12.0%     -  224s
     0     2  362.60086    0 1006  412.00000  362.60086  12.0%     -  224s
     1     2     cutoff    1       412.00000  362.60086  12.0%   6.0  231s
     3     4  363.48198    2 1021  412.00000  362.96552  11.9%  1293  243s
     5     8  364.19537    3 1035  412.00000  363.44106  11.8%  1921  258s
     7     8  364.11296    3 1075  412.00000  363.48270  11.8%  2167  260s
     9    15  364.90275    4 1125  412.00000  364.08706  11.6%  2414  287s
    14    15  364.90938    4 1115  412.00000  364.19723  11.6%  2829  291s
    16    30  365.53136    5 1168  412.00000  364.20748  11.6%  3172  325s
    31    43  366.25220    6 1183  412.00000  365.11494  11.4%  4800  379s
H   40    43                     411.0000000  365.11494  11.2%  4734  379s
H   42    43                     410.0000000  365.11494  10.9%  4749  379s
    43    43  365.88000    5 1190  410.00000  365.11494  10.9%  4847  380s
    44    54  365.78358    5 1192  410.00000  365.42628  10.9%  4802  448s
    45    54  366.24240    6 1165  410.00000  365.44020  10.9%  4801  450s
    50    54  366.22768    6 1202  410.00000  365.44261  10.9%  4674  455s
    55    64  368.30517    7 1065  410.00000  365.44261  10.9%  4819  490s
    65    80  368.61855    8 1115  410.00000  365.44261  10.9%  5621  539s
    80    80  368.90763    8 1066  410.00000  365.44261  10.9%  5348  541s
    81    94  373.32109    9 1021  410.00000  365.44261  10.9%  5347  597s
    95   109  373.74217   10 1008  410.00000  365.44261  10.9%  5477  647s
   110   133  374.15198   11  994  410.00000  365.44261  10.9%  5140  698s
   134   157  374.56835   12 1018  410.00000  365.44261  10.9%  4664  744s
   158   181  374.91816   13  989  410.00000  365.44261  10.9%  4279  791s
   182   197  375.21055   14  994  410.00000  365.44261  10.9%  3982  833s
   198   219  375.56050   15  978  410.00000  365.44261  10.9%  3802  878s
   220   243  375.89046   16  997  410.00000  365.44261  10.9%  3594  917s
   244   259  376.34865   17 1013  410.00000  365.44261  10.9%  3406  955s
   260   289  376.79962   18 1010  410.00000  365.44261  10.9%  3298  990s
   290   342  378.70585   23  985  410.00000  365.44261  10.9%  3129 1020s
   343   358  380.56280   28  970  410.00000  365.44261  10.9%  2881 1046s
   359   374  381.02294   29  982  410.00000  365.44261  10.9%  2825 1071s
H  369   374                     409.0000000  365.44261  10.6%  2785 1071s
   375   452  381.36220   30  982  409.00000  365.44261  10.6%  2774 1098s
   453   546  383.07907   35  977  409.00000  365.44261  10.6%  2564 1117s
   547   621  385.36262   41  961  409.00000  365.44261  10.6%  2380 1135s
   622   715  386.82693   46  979  409.00000  365.44261  10.6%  2261 1153s
   716   829  389.67076   54  954  409.00000  365.44261  10.6%  2140 1171s
   830   949  392.42768   63  969  409.00000  365.44261  10.6%  2025 1188s
   950   965  395.75667   73  952  409.00000  365.44261  10.6%  1924 1213s
   966   981  396.14581   74  950  409.00000  365.44261  10.6%  1914 1236s
   982   997  396.52570   75  963  409.00000  365.44261  10.6%  1902 1262s
   998  1013  396.89850   76  922  409.00000  365.44261  10.6%  1893 1287s
  1014  1029  397.25069   77  930  409.00000  365.44261  10.6%  1883 1312s
  1030  1045  397.51474   78  934  409.00000  365.44261  10.6%  1872 1340s
  1046  1061  397.85108   79  920  409.00000  365.44261  10.6%  1864 1365s
  1062  1077  398.23366   80  924  409.00000  365.44261  10.6%  1855 1392s
  1078  1093  398.50624   81  926  409.00000  365.44261  10.6%  1847 1418s
  1094  1109  398.88922   82  925  409.00000  365.44261  10.6%  1839 1446s
  1110  1125  399.18912   83  931  409.00000  365.44261  10.6%  1831 1476s
  1126  1141  399.56716   84  922  409.00000  365.44261  10.6%  1822 1509s
  1142  1157  400.06369   85  914  409.00000  365.44261  10.6%  1814 1555s
  1158  1173  400.58707   86  921  409.00000  365.44261  10.6%  1806 1591s
  1174  1189  400.96542   87  924  409.00000  365.44261  10.6%  1798 1639s
  1190  1205  401.47657   88  916  409.00000  365.44261  10.6%  1789 1678s
  1206  1221  401.84083   89  897  409.00000  365.44261  10.6%  1782 1714s
H 1208  1221                     408.0000000  365.44261  10.4%  1780 1714s
  1222  1421  401.99501   90  909  408.00000  365.44261  10.4%  1776 1741s
  1424  1561  406.90918  106  916  408.00000  365.44261  10.4%  1696 1775s
  1624  1574  385.70060   42  998  408.00000  365.44261  10.4%  1623 1810s
  1641  1582  391.35382   43 1120  408.00000  365.44261  10.4%  1626 1847s
  1661  1608  391.65535   44 1121  408.00000  365.44261  10.4%  1686 1875s
  1687  1637  392.00494   45 1103  408.00000  365.44261  10.4%  1738 1907s
  1716  1665  392.33321   46 1096  408.00000  365.44261  10.4%  1771 1941s
  1744  1720  392.74353   47 1097  408.00000  365.44261  10.4%  1804 1978s
  1799  1788  394.82298   53 1078  408.00000  365.44261  10.4%  1818 2010s
  1875  1937  397.19219   61 1037  408.00000  365.44261  10.4%  1809 2045s
  2050  1953  402.01051   77 1000  408.00000  365.44261  10.4%  1760 2098s
  2066  1967  402.30234   78  991  408.00000  365.44261  10.4%  1759 2134s
  2084  1992  402.71852   79  990  408.00000  365.44261  10.4%  1758 2176s
  2109  2018  403.07137   80  993  408.00000  365.44261  10.4%  1754 2221s
  2139  2045  403.46242   81  983  408.00000  365.44261  10.4%  1747 2263s
  2166  2068  403.79902   82  975  408.00000  365.44261  10.4%  1742 2310s
  2196  2069  380.01874   27 1006  408.00000  365.44261  10.4%  1732 3048s
  2198  2070  391.77011   63  718  408.00000  365.44261  10.4%  1731 3062s
  2199  2071  397.24509   83 1083  408.00000  373.60759  8.43%  1730 3103s
  2200  2072  387.80608   48 1131  408.00000  373.96534  8.34%  1729 3107s
  2202  2073  392.78757   64 1129  408.00000  374.07470  8.32%  1727 3116s
  2203  2074  381.30047   31 1262  408.00000  378.02028  7.35%  1727 3151s
  2204  2074  389.25305   54 1275  408.00000  378.45439  7.24%  1726 3158s
  2205  2075  401.76578   80 1302  408.00000  378.52082  7.23%  1725 3161s
  2207  2076  388.49665   52 1315  408.00000  378.55136  7.22%  1724 3177s
  2208  2077  394.44984   70 1300  408.00000  380.22076  6.81%  1723 3211s
  2209  2078  385.67592   43 1301  408.00000  380.49104  6.74%  1722 3216s
  2211  2079  380.56897   19 1313  408.00000  380.56897  6.72%  1720 3235s
  2212  2080  386.43993   47 1313  408.00000  381.71744  6.44%  1720 3271s
  2213  2080  388.68713   53 1341  408.00000  381.91031  6.39%  1719 3276s
  2215  2082  398.61361   71 1366  408.00000  381.96099  6.38%  1717 3298s
  2216  2082  382.87373    7 1320  408.00000  382.87373  6.16%  1717 3310s
  2218  2085  392.97427   58 1006  408.00000  382.87373  6.16%  1742 3317s
  2220  2086  386.20718   45  718  408.00000  382.87373  6.16%  1740 3332s
  2221  2087  386.05929   46 1167  408.00000  382.87373  6.16%  1739 3379s
  2222  2088  382.87373    7 1240  408.00000  382.87373  6.16%  1739 3386s
  2224  2089  384.51036   41 1300  408.00000  382.87373  6.16%  1737 3391s
  2225  2090  382.87373   29 1306  408.00000  382.87373  6.16%  1736 3399s
  2226  2090  396.32308   59 1305  408.00000  383.84044  5.92%  1735 3428s
  2227  2091  387.05605   46 1293  408.00000  383.92981  5.90%  1735 3430s
  2229  2092  384.03607   40 1305  408.00000  383.95153  5.89%  1733 3447s
  2230  2093  384.79940    9 1301  408.00000  384.79940  5.69%  1732 3474s
  2231  2094  387.78766   50 1330  408.00000  384.92452  5.66%  1732 3478s
  2232  2094  389.67045   45 1342  408.00000  384.97600  5.64%  1731 3481s
  2234  2096  384.99914   39 1361  408.00000  384.99914  5.64%  1729 3501s
  2235  2096  398.36133   73 1318  408.00000  385.92991  5.41%  1728 3531s
  2236  2097  386.07206   31 1346  408.00000  386.07206  5.37%  1728 3535s
  2238  2098  393.28524   67 1388  408.00000  386.11164  5.36%  1726 3555s
  2239  2099  388.93804   53 1382  408.00000  386.78499  5.20%  1725 3579s
  2240  2100  387.04298   15 1382  408.00000  387.04298  5.14%  1725 3822s
  2241  2101     cutoff   25       408.00000  387.04298  5.14%  1747 3832s
  2243  2103  387.35809   26 1359  408.00000  387.04298  5.14%  1748 3843s
  2245  2106  387.63673   27 1365  408.00000  387.34250  5.06%  1748 3856s
  2249  2112  387.86801   28 1379  408.00000  387.60394  5.00%  1750 3870s
  2256  2124  388.14599   29 1404  408.00000  387.71720  4.97%  1752 3885s
  2271  2135  388.36512   30 1413  408.00000  387.98336  4.91%  1763 3899s
  2287  2147  388.56700   31 1395  408.00000  388.05972  4.89%  1765 3914s
  2304  2157  388.78788   32 1396  408.00000  388.05972  4.89%  1773 3928s
  2320  2168  388.81969   32 1377  408.00000  388.05972  4.89%  1775 3941s
  2336  2179  389.06020   33 1379  408.00000  388.05972  4.89%  1775 3954s
  2352  2188  389.13225   33 1371  408.00000  388.05972  4.89%  1780 3970s
  2367  2199  389.29105   34 1371  408.00000  388.05972  4.89%  1779 3982s
  2383  2210  389.38650   34 1353  408.00000  388.05972  4.89%  1779 3997s
  2399  2221  389.46987   35 1349  408.00000  388.05972  4.89%  1783 4009s
  2415  2231  389.53424   35 1350  408.00000  388.05972  4.89%  1782 4040s
  2431  2245  389.72714   36 1342  408.00000  388.05972  4.89%  1786 4068s
  2450  2255  389.75173   36 1348  408.00000  388.05972  4.89%  1783 4097s
  2466  2265  389.97853   37 1333  408.00000  388.05972  4.89%  1782 4125s
  2482  2277  390.02040   37 1336  408.00000  388.05972  4.89%  1785 4154s
  2499  2287  390.21837   38 1327  408.00000  388.05972  4.89%  1783 4193s
  2515  2300  390.35966   38 1329  408.00000  388.05972  4.89%  1783 4224s
  2533  2312  390.41468   39 1312  408.00000  388.05972  4.89%  1786 4268s
  2551  2322  390.50512   39 1313  408.00000  388.05972  4.89%  1785 4306s
  2567  2333  390.77752   40 1325  408.00000  388.05972  4.89%  1788 4337s
  2583  2343  390.78392   40 1307  408.00000  388.05972  4.89%  1787 4367s
  2599  2355  391.08070   41 1314  408.00000  388.05972  4.89%  1785 4407s
  2616  2368  391.08740   41 1314  408.00000  388.05972  4.89%  1788 4450s
  2635  2381  391.32553   42 1304  408.00000  388.05972  4.89%  1790 4493s
  2654  2391  391.39738   42 1300  408.00000  388.05972  4.89%  1787 4520s
  2670  2403  391.68918   43 1287  408.00000  388.05972  4.89%  1785 4567s
  2688  2418  391.62440   43 1295  408.00000  388.05972  4.89%  1783 4604s
  2709  2427  391.90444   44 1289  408.00000  388.05972  4.89%  1786 4634s
  2725  2438  391.86120   44 1298  408.00000  388.05972  4.89%  1784 4702s
  2741  2450  392.12897   45 1276  408.00000  388.05972  4.89%  1783 4750s
  2758  2465  392.16402   45 1278  408.00000  388.05972  4.89%  1784 4827s
  2779  2479  392.37817   46 1276  408.00000  388.05972  4.89%  1786 4927s
  2800  2488  392.48838   46 1280  408.00000  388.05972  4.89%  1789 4957s
  2816  2499  392.55595   47 1271  408.00000  388.05972  4.89%  1791 5027s
  2832  2509  392.69970   47 1256  408.00000  388.05972  4.89%  1792 5056s
  2848  2522  392.73439   48 1280  408.00000  388.05972  4.89%  1793 5110s
  2866  2537  392.81378   48 1265  408.00000  388.05972  4.89%  1793 5201s
  2887  2574  393.01030   49 1265  408.00000  388.05972  4.89%  1794 5256s
  2931  2575  393.74487   52 1251  408.00000  388.05972  4.89%  1797 5307s
  2947  2598  393.72789   52 1250  408.00000  388.05972  4.89%  1797 5353s
  2975  2640  394.04916   53 1240  408.00000  388.05972  4.89%  1798 5398s
  3026  2703  393.99620   53 1244  408.00000  388.05972  4.89%  1799 5443s
  3106  2815  394.23303   54 1244  408.00000  388.05972  4.89%  1798 5485s
  3245  2860  395.03511   57 1228  408.00000  388.05972  4.89%  1796 5525s
  3336  2845  395.59464   60 1219  408.00000  388.05972  4.89%  1794 5572s
  3352  2856  395.69904   60 1211  408.00000  388.05972  4.89%  1793 5609s
  3368  2867  395.83014   61 1205  408.00000  388.05972  4.89%  1793 5644s
  3384  2877  395.91352   61 1211  408.00000  388.05972  4.89%  1792 5685s
  3400  2888  396.10966   62 1206  408.00000  388.05972  4.89%  1792 5730s
  3416  2899  396.10213   62 1211  408.00000  388.05972  4.89%  1791 5767s
  3432  2909  396.34711   63 1213  408.00000  388.05972  4.89%  1790 5806s
  3448  2920  396.35231   63 1199  408.00000  388.05972  4.89%  1789 5845s
  3464  2953  396.46031   64 1203  408.00000  388.05972  4.89%  1788 5889s
  3520  3015  396.60678   64 1195  408.00000  388.05972  4.89%  1782 5937s
  3633  3058  396.69969   65 1198  408.00000  388.12193  4.87%  1766 5988s
  3758  3114  396.76954   65 1191  408.00000  388.12193  4.87%  1756 6040s
  3901  3230  397.00845   66 1200  408.00000  388.14654  4.87%  1750 6099s
  4103  3208  397.69371   69 1186  408.00000  388.16013  4.86%  1751 6162s
  4148  3263  397.76461   69 1190  408.00000  388.16013  4.86%  1753 6223s
  4218  3458  397.79698   70 1194  408.00000  388.16013  4.86%  1754 6284s
  4439  3570  399.45913   76 1178  408.00000  388.16013  4.86%  1750 6347s
  4692  3650  400.84883   82 1170  408.00000  388.16013  4.86%  1737 6408s
  4895  3667  402.38458   88 1122  408.00000  388.16057  4.86%  1730 6470s
  4991  3651  403.34633   91 1120  408.00000  388.16149  4.86%  1732 6534s
  5007  3656  403.50401   92 1125  408.00000  388.16149  4.86%  1731 6588s
  5028  3681  403.54659   92 1121  408.00000  388.16149  4.86%  1731 6645s
  5072  3689  403.69117   93 1115  408.00000  388.16149  4.86%  1727 6729s
  5104  3735  403.79821   93 1118  408.00000  388.20948  4.85%  1727 6844s
  5185  3795  404.24230   95 1107  408.00000  388.20948  4.85%  1724 6935s
  5365  3750  406.29276  103 1087  408.00000  388.21677  4.85%  1716 7027s
  5382  3761  406.17850  103 1078  408.00000  388.21677  4.85%  1717 7110s
  5403  3788  406.51753  104 1073  408.00000  388.21677  4.85%  1718 7190s
  5437  3818  406.70995  104 1079  408.00000  388.21677  4.85%  1719 7271s
  5496  3878  406.68192  105 1078  408.00000  388.21677  4.85%  1718 7369s
  5598  3950  390.33571   37 1302  408.00000  388.21677  4.85%  1715 7479s
  5732  4081  391.65033   44 1247  408.00000  388.21892  4.85%  1715 7635s
  5917  4203  393.71655   53 1227  408.00000  388.21892  4.85%  1718 7736s
  6171  4132  396.28060   64 1151  408.00000  388.21892  4.85%  1714 7855s
  6189  4226  396.26337   64 1163  408.00000  388.21892  4.85%  1715 7967s
  6299  4501  398.11485   71 1155  408.00000  388.25341  4.84%  1717 8078s
  6612  4792  401.14201   85 1111  408.00000  388.25341  4.84%  1716 8191s
  7116  4977  405.63193  102 1106  408.00000  388.28431  4.83%  1695 8309s
  7587  5154  391.06646   42 1252  408.00000  388.28431  4.83%  1683 8428s
  7979  5364  396.18936   64 1148  408.00000  388.28431  4.83%  1682 8552s
  8403  5631  403.76364   97 1004  408.00000  388.46609  4.79%  1675 8678s
  8956  5952  391.74574   45 1249  408.00000  388.46609  4.79%  1666 8810s
  9332  6434  397.00897   66 1183  408.00000  388.46609  4.79%  1674 8940s
  9873  6780  405.32712   99 1105  408.00000  388.46609  4.79%  1667 9078s
 10465  7276  391.11826   41 1277  408.00000  388.47722  4.78%  1653 9221s
 11019  7457  398.10712   70 1160  408.00000  388.47722  4.78%  1654 9362s
 11214  7821  401.60749   84 1103  408.00000  388.47722  4.78%  1652 9511s
 11791  7848  391.02279   42 1276  408.00000  388.47722  4.78%  1643 9687s
 11820  8253  391.20400   43 1264  408.00000  388.47722  4.78%  1645 9852s
 12287  8509  396.79385   66 1161  408.00000  388.69701  4.73%  1644 10005s
 12625  8706  406.42426  103 1069  408.00000  388.70198  4.73%  1643 10169s
 12866  8755  390.71923   40 1264  408.00000  388.71636  4.73%  1644 10314s
 12951  8921  390.97487   41 1270  408.00000  388.71636  4.73%  1643 10478s
 13177  9341  391.24572   42 1256  408.00000  388.71636  4.73%  1642 10657s
 13761  9670  391.45004   43 1260  408.00000  388.71636  4.73%  1632 10800s

Cutting planes:
  Flow cover: 256
  Zero half: 1834

Explored 14180 nodes (23177472 simplex iterations) in 10800.16 seconds (24246.93 work units)
Thread count was 32 (of 32 available processors)

Solution count 10: 408 409 410 ... 423

Time limit reached
Best objective 4.080000000000e+02, best bound 3.890000000000e+02, gap 4.6569%

User-callback calls 2036596, time in user-callback 5.47 sec
