
Gurobi 13.0.2 (linux64) logging started Thu Jul  9 21:42:01 2026

Set parameter LogFile to value "/tmp/sweep_20260709_012313_china_alt260km_s35_i4_v6_gurobi.log"
Set parameter Method to value 1
Set parameter NodefileStart to value 4
Set parameter RINS to value 50
Gurobi Optimizer version 13.0.2 build v13.0.2rc1 (linux64 - "Debian GNU/Linux 13 (trixie)")

CPU model: Intel(R) Xeon(R) Platinum 8375C CPU @ 2.90GHz, instruction set [SSE2|AVX|AVX2|AVX512]
Thread count: 16 physical cores, 32 logical processors, using up to 32 threads

Non-default parameters:
TimeLimit  14400
MIPGap  0.001
Method  1
LPWarmStart  1
Heuristics  0.2
MIPFocus  1
NodefileStart  4
RINS  50
Symmetry  2
Cuts  2
CoverCuts  2
LogToConsole  0

Academic license 2812613 - for non-commercial use only - registered to no___@gatech.edu
Optimize a model with 196014 rows, 17950 columns and 21341114 nonzeros (Min)
Model fingerprint: 0x8817bc0c
Model has 17950 linear objective coefficients
Variable types: 0 continuous, 17950 integer (17950 binary)
Coefficient statistics:
  Matrix range     [1e+00, 1e+00]
  Objective range  [1e+00, 1e+00]
  Bounds range     [1e+00, 1e+00]
  RHS range        [9e+00, 9e+00]

Found heuristic solution: objective 3117.0000000
Presolve removed 0 rows and 0 columns (presolve time = 5s)...
Presolve removed 0 rows and 0 columns (presolve time = 10s)...
Presolve removed 0 rows and 0 columns (presolve time = 15s)...
Presolve removed 0 rows and 0 columns (presolve time = 21s)...
Presolve removed 0 rows and 0 columns (presolve time = 25s)...
Presolve removed 0 rows and 0 columns (presolve time = 32s)...
Presolve removed 0 rows and 0 columns (presolve time = 35s)...
Presolve time: 37.50s
Presolved: 196014 rows, 17950 columns, 21341114 nonzeros
Variable types: 0 continuous, 17950 integer (17950 binary)

Root simplex log...

Iteration    Objective       Primal Inf.    Dual Inf.      Time
       0   -0.0000000e+00   0.000000e+00   3.501000e+03     47s
      42    1.9581205e+03   0.000000e+00   0.000000e+00     47s
      42    1.9581205e+03   0.000000e+00   0.000000e+00     47s

Use crossover to convert LP symmetric solution to basic solution...

Root crossover log...

  191902 variables added to crossover basis                       55s
  193012 variables added to crossover basis                       60s
  194062 variables added to crossover basis                       65s
  194812 variables added to crossover basis                       70s
  195472 variables added to crossover basis                       75s

       0 DPushes remaining with DInf 0.0000000e+00                85s

       0 PPushes remaining with PInf 0.0000000e+00                86s

  Push phase complete: Pinf 0.0000000e+00, Dinf 2.3658180e-09     86s


Root simplex log...

Iteration    Objective       Primal Inf.    Dual Inf.      Time
      45    1.9581205e+03   0.000000e+00   0.000000e+00     91s
Crossover time: 44.54 seconds (79.91 work units)

Root relaxation: objective 1.958121e+03, 45 iterations, 51.98 seconds (87.40 work units)

    Nodes    |    Current Node    |     Objective Bounds      |     Work
 Expl Unexpl |  Obj  Depth IntInf | Incumbent    BestBd   Gap | It/Node Time

     0     0 1958.12055    0 10052 3117.00000 1958.12055  37.2%     -  102s
H    0     0                    2872.0000000 1958.12055  31.8%     -  102s
H    0     0                    2871.0000000 1958.12055  31.8%     -  102s
H    0     0                    2834.0000000 1958.12055  30.9%     -  110s
H    0     0                    2760.0000000 1958.12055  29.1%     -  110s
H    0     0                    2735.0000000 1958.12055  28.4%     -  110s
H    0     0                    2718.0000000 1958.12055  28.0%     -  110s
H    0     0                    2682.0000000 1958.12055  27.0%     -  110s
H    0     0                    2672.0000000 1958.12055  26.7%     -  110s
H    0     0                    2668.0000000 1958.12055  26.6%     -  110s
H    0     0                    2666.0000000 1958.12055  26.6%     -  110s
H    0     0                    2665.0000000 1958.12055  26.5%     -  113s
H    0     0                    2664.0000000 1958.12055  26.5%     -  116s
H    0     0                    2663.0000000 1958.12055  26.5%     -  116s
H    0     0                    2661.0000000 1958.12055  26.4%     -  118s
H    0     0                    2660.0000000 1958.12055  26.4%     -  123s
H    0     0                    2653.0000000 1958.12055  26.2%     -  125s
H    0     0                    2652.0000000 1958.12055  26.2%     -  125s
H    0     0                    2651.0000000 1958.12055  26.1%     -  133s
H    0     0                    2650.0000000 1958.12055  26.1%     -  138s
H    0     0                    2643.0000000 1958.12055  25.9%     -  140s
H    0     0                    2642.0000000 1958.12055  25.9%     -  142s
H    0     0                    2641.0000000 1958.12055  25.9%     -  144s
H    0     0                    2640.0000000 1958.12055  25.8%     -  146s
H    0     0                    2639.0000000 1958.12055  25.8%     -  147s
H    0     0                    2638.0000000 1958.12055  25.8%     -  148s
H    0     0                    2598.0000000 1958.12055  24.6%     -  158s
H    0     0                    2584.0000000 1958.12055  24.2%     -  158s
H    0     0                    2535.0000000 1958.12055  22.8%     -  158s
H    0     0                    2523.0000000 1958.12055  22.4%     -  158s
H    0     0                    2517.0000000 1958.12055  22.2%     -  158s
H    0     0                    2516.0000000 1958.12055  22.2%     -  162s
H    0     0                    2514.0000000 1958.12055  22.1%     -  162s
H    0     0                    2513.0000000 1958.12055  22.1%     -  168s
H    0     0                    2512.0000000 1958.12055  22.0%     -  172s
H    0     0                    2502.0000000 1958.12055  21.7%     -  175s
H    0     0                    2499.0000000 1958.12055  21.6%     -  187s
H    0     0                    2498.0000000 1958.12055  21.6%     -  194s
H    0     0                    2497.0000000 1958.12055  21.6%     -  197s
H    0     0                    2496.0000000 1958.12055  21.5%     -  197s
H    0     0                    2495.0000000 1958.12055  21.5%     -  200s
H    0     0                    2494.0000000 1958.12055  21.5%     -  203s
H    0     0                    2493.0000000 1958.12055  21.5%     -  206s
H    0     0                    2492.0000000 1958.12055  21.4%     -  209s
H    0     0                    2491.0000000 1958.12055  21.4%     -  209s
     0     0 1958.12055    0 10052 2491.00000 1958.12055  21.4%     -  665s
H    0     0                    2490.0000000 1958.12055  21.4%     - 1805s
H    0     2                    2412.0000000 1958.12055  18.8%     - 1874s
     0     2 1958.12055    0 10052 2412.00000 1958.12055  18.8%     - 1874s

Explored 1 nodes (45 simplex iterations) in 14400.53 seconds (60367.05 work units)
Thread count was 32 (of 32 available processors)

Solution count 10: 2412 2490 2491 ... 2498

Time limit reached
Best objective 2.412000000000e+03, best bound 1.959000000000e+03, gap 18.7811%

User-callback calls 76119, time in user-callback 0.34 sec
