
Gurobi 13.0.2 (linux64) logging started Fri Jul 17 01:53:36 2026

Set parameter LogFile to value "/tmp/sweep_20260716_013919_north-korea_alt260km_s75_i1_v10_gurobi.log"
Set parameter Method to value 1
Set parameter NodefileStart to value 4
Set parameter RINS to value 50
Gurobi Optimizer version 13.0.2 build v13.0.2rc1 (linux64 - "Debian GNU/Linux 13 (trixie)")

CPU model: Intel(R) Xeon(R) Platinum 8375C CPU @ 2.90GHz, instruction set [SSE2|AVX|AVX2|AVX512]
Thread count: 16 physical cores, 32 logical processors, using up to 32 threads

Non-default parameters:
TimeLimit  14400
MIPGap  0.001
Method  1
LPWarmStart  1
Heuristics  0.2
MIPFocus  1
NodefileStart  4
RINS  50
Symmetry  2
Cuts  2
CoverCuts  2
LogToConsole  0

Academic license 2812613 - for non-commercial use only - registered to no___@gatech.edu
Optimize a model with 1436 rows, 21540 columns and 270686 nonzeros (Min)
Model fingerprint: 0x2dafea80
Model has 21540 linear objective coefficients
Variable types: 0 continuous, 21540 integer (21540 binary)
Coefficient statistics:
  Matrix range     [1e+00, 1e+00]
  Objective range  [1e+00, 1e+00]
  Bounds range     [1e+00, 1e+00]
  RHS range        [8e+01, 8e+01]

Found heuristic solution: objective 11300.000000
Presolve removed 0 rows and 5026 columns
Presolve time: 0.22s
Presolved: 1436 rows, 16514 columns, 215400 nonzeros
Variable types: 0 continuous, 16514 integer (12924 binary)

Root simplex log...

Iteration    Objective       Primal Inf.    Dual Inf.      Time
   10500    6.1717591e+03   3.699756e+03   0.000000e+00      5s
   11949    6.1748000e+03   0.000000e+00   0.000000e+00      6s

Root relaxation: objective 6.174800e+03, 11949 iterations, 6.21 seconds (12.16 work units)

    Nodes    |    Current Node    |     Objective Bounds      |     Work
 Expl Unexpl |  Obj  Depth IntInf | Incumbent    BestBd   Gap | It/Node Time

     0     0 6174.80000    0 1436 11300.0000 6174.80000  45.4%     -    6s
H    0     0                    7798.0000000 6174.80000  20.8%     -    6s
H    0     0                    6462.0000000 6174.80000  4.44%     -    6s
H    0     0                    6278.0000000 6174.80000  1.64%     -    6s
H    0     0                    6277.0000000 6174.80000  1.63%     -    6s
H    0     0                    6199.0000000 6174.80000  0.39%     -    8s
H    0     0                    6198.0000000 6174.80000  0.37%     -   13s
H    0     0                    6197.0000000 6174.80000  0.36%     -   14s
     0     0 6174.82938    0 1436 6197.00000 6174.82938  0.36%     -   32s
     0     2 6174.82938    0 1436 6197.00000 6174.82938  0.36%     -   79s
     1     3 6174.82938    1 1435 6197.00000 6174.82938  0.36%   1.0   99s
     2     4 6174.86897    2 1433 6197.00000 6174.85776  0.36%   2.0  129s
     5     8 6174.92726    3 1432 6197.00000 6174.87271  0.36%  47.8  150s
     9    16 6174.93630    4 1432 6197.00000 6174.88988  0.36%  29.0  165s
    17    32 6174.95809    5 1431 6197.00000 6174.94039  0.36%  19.3  170s
    33   103 6174.97502    6 1431 6197.00000 6174.95809  0.36%  15.0  186s
   104   119 6175.14007    9 1428 6197.00000 6174.95809  0.36%  15.0  203s
   120   184 6175.19110   10 1429 6197.00000 6174.95809  0.36%  15.8  227s
   185   314 6175.49852   15 1416 6197.00000 6174.95809  0.36%  19.6  258s
   316   315 6175.18626   11 1436 6197.00000 6174.95809  0.36%  24.5  316s
H  317   300                    6196.0000000 6174.95809  0.34%  24.4  334s
   318   300 6175.09763    7 1436 6196.00000 6174.95809  0.34%  24.3  374s
   319   301 6175.09763    7 1436 6196.00000 6174.95809  0.34%  24.3  377s
   320   302 6175.53596   17 1436 6196.00000 6175.00000  0.34%  24.2  437s
   322   304 6175.36657   15 1436 6196.00000 6175.00000  0.34%  61.1  512s
   324   305 6175.29869   13 1436 6196.00000 6175.00000  0.34%  60.8  570s
   326   307 6175.16024   11 1436 6196.00000 6175.00000  0.34%  60.4  637s
   328   309 6175.07910    9 1436 6196.00000 6175.00000  0.34%  96.5  723s
   330   310 6175.34404   12 1436 6196.00000 6175.00000  0.34%  95.9  780s
   332   312 6175.35093   12 1436 6196.00000 6175.00000  0.34%  95.3  846s
   334   314 6175.15365    9 1436 6196.00000 6175.00000  0.34%   130  924s
   336   315 6175.41532   16 1436 6196.00000 6175.00000  0.34%   130  983s
   337   316 6175.35401   12 1436 6196.00000 6175.00000  0.34%   129  986s
   338   317 6175.43336   15 1436 6196.00000 6175.00000  0.34%   129 1049s
   340   319 6175.30332   12 1436 6196.00000 6175.00000  0.34%   163 1134s
   342   320 6175.07607    7 1436 6196.00000 6175.00000  0.34%   162 1192s
   343   321 6175.32121   12 1436 6196.00000 6175.00000  0.34%   162 1195s
   344   322 6175.14001    9 1436 6196.00000 6175.00000  0.34%   161 1257s
   346   324 6175.31706   14 1436 6196.00000 6175.00000  0.34%   195 1340s
   348   325 6175.08427    9 1436 6196.00000 6175.00000  0.34%   194 1397s
   349   326 6175.21357   11 1436 6196.00000 6175.00000  0.34%   193 1401s
   350   327 6175.04208    6 1436 6196.00000 6175.00000  0.34%   193 1463s
   352   329 6175.45686   14 1436 6196.00000 6175.00000  0.34%   226 1554s
   354   330 6175.23474   12 1436 6196.00000 6175.00000  0.34%   224 1612s
   355   331 6175.51623   17 1436 6196.00000 6175.00000  0.34%   224 1616s
   356   332 6175.46388   17 1436 6196.00000 6175.00000  0.34%   223 1678s
   358   334 6175.09463    9 1436 6196.00000 6175.00000  0.34%   255 1764s
   360   335 6175.25674   12 1436 6196.00000 6175.00000  0.34%   254 1822s
   361   336 6175.44286   15 1436 6196.00000 6175.00000  0.34%   253 1825s
   362   337 6175.00000    6 1436 6196.00000 6175.00000  0.34%   252 1887s
   364   339 6175.11869    9 1436 6196.00000 6175.00000  0.34%   284 1963s
   366   340 6175.55409   16 1436 6196.00000 6175.00000  0.34%   282 2020s
   368   342 6175.05361    6 1436 6196.00000 6175.00000  0.34%   281 2086s
   370   344 6175.19020    8 1436 6196.00000 6175.00000  0.34%   312 2165s
   372   345 6175.19251   10 1436 6196.00000 6175.00000  0.34%   310 2223s
   373   346 6175.31706   14 1436 6196.00000 6175.00000  0.34%   309 2226s
   374   347 6175.36657   15 1436 6196.00000 6175.00000  0.34%   308 2288s
   376   349 6175.47685   15 1436 6196.00000 6175.00000  0.34%   338 2361s
   378   350 6175.47018   15 1436 6196.00000 6175.00000  0.34%   337 2418s
   379   351 6175.35129   13 1436 6196.00000 6175.00000  0.34%   336 2421s
   380   352 6175.35263   12 1436 6196.00000 6175.00000  0.34%   335 2483s
   382   354 6175.30458   14 1436 6196.00000 6175.00000  0.34%   364 2563s
   384   355 6175.17377    9 1436 6196.00000 6175.00000  0.34%   362 2621s
   386   357 6175.74958   23 1436 6196.00000 6175.00000  0.34%   361 2686s
   388   359 6175.38963   14 1436 6196.00000 6175.00000  0.34%   390 2759s
   390   360 6175.26081   11 1436 6196.00000 6175.00000  0.34%   388 2817s
   391   361 6175.26700   14 1436 6196.00000 6175.00000  0.34%   387 2820s
   392   362 6175.08427    9 1436 6196.00000 6175.00000  0.34%   386 2882s
   394   364 6175.23496   12 1436 6196.00000 6175.00000  0.34%   414 2967s
H  395   346                    6195.0000000 6175.00000  0.32%   413 2991s
   396   346 6175.34404   12 1436 6195.00000 6175.00000  0.32%   412 3024s
   397   347 6175.04023    6 1436 6195.00000 6175.00000  0.32%   411 3027s
   398   348 6175.16437   10 1436 6195.00000 6175.00000  0.32%   410 3073s
   400   350 6175.35801   15 1436 6195.00000 6175.00000  0.32%   438 3159s
   402   351 6175.32287   14 1436 6195.00000 6175.00000  0.32%   435 3217s
   403   352 6175.44286   15 1436 6195.00000 6175.00000  0.32%   434 3220s
   404   353 6175.44342   15 1436 6195.00000 6175.00000  0.32%   433 3282s
   406   355 6175.06290   10 1436 6195.00000 6175.00000  0.32%   461 3360s
   408   356 6175.36584   15 1436 6195.00000 6175.00000  0.32%   458 3417s
   409   357 6175.47433   16 1436 6195.00000 6175.00000  0.32%   457 3420s
   410   358 6175.16707    9 1436 6195.00000 6175.00000  0.32%   456 3482s
   412   360 6175.43232   15 1436 6195.00000 6175.00000  0.32%   483 3573s
   414   361 6175.04172    6 1436 6195.00000 6175.00000  0.32%   480 3630s
   416   363 6175.18626   11 1436 6195.00000 6175.00000  0.32%   478 3696s
   418   365 6175.09763    7 1436 6195.00000 6175.00000  0.32%   504 3775s
   420   366 6175.53596   17 1436 6195.00000 6175.00000  0.32%   502 3833s
   421   367 6175.36299   15 1436 6195.00000 6175.00000  0.32%   501 3836s
   422   368 6175.36657   15 1436 6195.00000 6175.00000  0.32%   500 3899s
   424   370 6175.29869   13 1436 6195.00000 6175.00000  0.32%   526 3983s
   426   371 6175.16024   11 1436 6195.00000 6175.00000  0.32%   523 4042s
   427   372 6175.51683   15 1436 6195.00000 6175.00000  0.32%   522 4045s
   428   373 6175.07910    9 1436 6195.00000 6175.00000  0.32%   521 4107s
   430   375 6175.34404   12 1436 6195.00000 6175.00000  0.32%   546 4190s
   432   376 6175.35093   12 1436 6195.00000 6175.00000  0.32%   543 4248s
   433   377 6175.17992   12 1436 6195.00000 6175.00000  0.32%   542 4251s
   434   378 6175.15365    9 1436 6195.00000 6175.00000  0.32%   541 4314s
   436   380 6175.41532   16 1436 6195.00000 6175.00000  0.32%   566 4397s
   438   381 6175.43336   15 1436 6195.00000 6175.00000  0.32%   563 4455s
   440   383 6175.30332   12 1436 6195.00000 6175.00000  0.32%   561 4520s
   442   385 6175.07607    7 1436 6195.00000 6175.00000  0.32%   585 4603s
   444   386 6175.14001    9 1436 6195.00000 6175.00000  0.32%   583 4661s
   446   388 6175.31706   14 1436 6195.00000 6175.00000  0.32%   580 4726s
   448   390 6175.08427    9 1436 6195.00000 6175.00000  0.32%   604 4805s
   450   391 6175.04208    6 1436 6195.00000 6175.00000  0.32%   601 4863s
   451   392 6175.05794    7 1436 6195.00000 6175.00000  0.32%   600 4866s
   452   393 6175.45686   14 1436 6195.00000 6175.00000  0.32%   599 4928s
   454   395 6175.23474   12 1436 6195.00000 6175.00000  0.32%   622 5005s
   456   396 6175.46388   17 1436 6195.00000 6175.00000  0.32%   620 5063s
   457   397 6175.02254    7 1436 6195.00000 6175.00000  0.32%   618 5066s
   458   398 6175.09463    9 1436 6195.00000 6175.00000  0.32%   617 5128s
   460   400 6175.25674   12 1436 6195.00000 6175.00000  0.32%   640 5207s
   462   401 6175.00000    6 1436 6195.00000 6175.00000  0.32%   637 5264s
   463   402 6175.33914   12 1436 6195.00000 6175.00000  0.32%   636 5267s
   464   403 6175.11869    9 1436 6195.00000 6175.00000  0.32%   635 5329s
   466   405 6175.55409   16 1436 6195.00000 6175.00000  0.32%   658 5412s
   468   406 6175.05361    6 1436 6195.00000 6175.00000  0.32%   655 5469s
   469   407 6175.00000    6 1436 6195.00000 6175.00000  0.32%   653 5472s
   470   408 6175.19020    8 1436 6195.00000 6175.00000  0.32%   652 5534s
   472   410 6175.19251   10 1436 6195.00000 6175.00000  0.32%   675 5627s
   474   411 6175.36657   15 1436 6195.00000 6175.00000  0.32%   672 5685s
   476   413 6175.47685   15 1436 6195.00000 6175.00000  0.32%   669 5749s
   478   415 6175.47018   15 1436 6195.00000 6175.00000  0.32%   691 5836s
   480   416 6175.35263   12 1436 6195.00000 6175.00000  0.32%   688 5893s
   481   417 6175.15901   11 1436 6195.00000 6175.00000  0.32%   687 5896s
   482   418 6175.30458   14 1436 6195.00000 6175.00000  0.32%   685 5958s
   484   420 6175.17377    9 1436 6195.00000 6175.00000  0.32%   707 6037s
   486   421 6175.74958   23 1436 6195.00000 6175.00000  0.32%   704 6095s
   488   423 6175.38963   14 1436 6195.00000 6175.00000  0.32%   701 6160s
   490   425 6175.26081   11 1436 6195.00000 6175.00000  0.32%   723 6238s
   492   426 6175.08427    9 1436 6195.00000 6175.00000  0.32%   720 6296s
   494   428 6175.23496   12 1436 6195.00000 6175.00000  0.32%   717 6361s
   496   430 6175.34404   12 1436 6195.00000 6175.00000  0.32%   738 6447s
   498   431 6175.16437   10 1436 6195.00000 6175.00000  0.32%   735 6504s
   499   432 6175.18234    8 1436 6195.00000 6175.00000  0.32%   734 6508s
   500   433 6175.35801   15 1436 6195.00000 6175.00000  0.32%   732 6570s
   502   435 6175.32287   14 1436 6195.00000 6175.00000  0.32%   753 6649s
   504   436 6175.44342   15 1436 6195.00000 6175.00000  0.32%   750 6707s
   505   437 6175.40272   13 1436 6195.00000 6175.00000  0.32%   749 6710s
   506   438 6175.06290   10 1436 6195.00000 6175.00000  0.32%   747 6772s
   508   440 6175.36584   15 1436 6195.00000 6175.00000  0.32%   768 6849s
   510   441 6175.16707    9 1436 6195.00000 6175.00000  0.32%   765 6906s
   511   442 6175.22570   11 1436 6195.00000 6175.00000  0.32%   763 6910s
   512   443 6175.43232   15 1436 6195.00000 6175.00000  0.32%   762 6971s
   514   445 6175.04172    6 1436 6195.00000 6175.00000  0.32%   782 7054s
   516   446 6175.18626   11 1436 6195.00000 6175.00000  0.32%   779 7111s
   518   448 6175.09763    7 1436 6195.00000 6175.00000  0.32%   776 7176s
   520   450 6175.53596   17 1436 6195.00000 6175.00000  0.32%   796 7270s
   522   451 6175.36657   15 1436 6195.00000 6175.00000  0.32%   793 7328s
   523   452 6175.06268    7 1436 6195.00000 6175.00000  0.32%   792 7331s
   524   453 6175.29869   13 1436 6195.00000 6175.00000  0.32%   790 7393s
   526   455 6175.16024   11 1436 6195.00000 6175.00000  0.32%   810 7471s
   528   456 6175.07910    9 1436 6195.00000 6175.00000  0.32%   807 7529s
   529   457 6175.05361    6 1436 6195.00000 6175.00000  0.32%   805 7533s
   530   458 6175.34404   12 1436 6195.00000 6175.00000  0.32%   804 7594s
   532   460 6175.35093   12 1436 6195.00000 6175.00000  0.32%   823 7673s
   534   461 6175.15365    9 1436 6195.00000 6175.00000  0.32%   820 7730s
   536   463 6175.41532   16 1436 6195.00000 6175.00000  0.32%   817 7795s
   538   465 6175.43336   15 1436 6195.00000 6175.00000  0.32%   836 7877s
   540   466 6175.30332   12 1436 6195.00000 6175.00000  0.32%   833 7935s
   542   468 6175.07607    7 1436 6195.00000 6175.00000  0.32%   830 8000s
   544   470 6175.14001    9 1436 6195.00000 6175.00000  0.32%   849 8074s
   546   471 6175.31706   14 1436 6195.00000 6175.00000  0.32%   846 8132s
   547   472 6175.16707    9 1436 6195.00000 6175.00000  0.32%   844 8135s
   548   473 6175.08427    9 1436 6195.00000 6175.00000  0.32%   843 8197s
   550   475 6175.04208    6 1436 6195.00000 6175.00000  0.32%   861 8276s
   552   476 6175.45686   14 1436 6195.00000 6175.00000  0.32%   858 8334s
   553   477 6175.45686   14 1436 6195.00000 6175.00000  0.32%   857 8337s
   554   478 6175.23474   12 1436 6195.00000 6175.00000  0.32%   855 8400s
   556   480 6175.46388   17 1436 6195.00000 6175.00000  0.32%   874 8478s
   558   481 6175.09463    9 1436 6195.00000 6175.00000  0.32%   870 8536s
   560   483 6175.25674   12 1436 6195.00000 6175.00000  0.32%   867 8601s
   562   485 6175.00000    6 1436 6195.00000 6175.00000  0.32%   885 8683s
   564   486 6175.11869    9 1436 6195.00000 6175.00000  0.32%   882 8741s
   566   488 6175.55409   16 1436 6195.00000 6175.00000  0.32%   879 8807s
   568   490 6175.05361    6 1436 6195.00000 6175.00000  0.32%   897 8881s
   570   491 6175.19020    8 1436 6195.00000 6175.00000  0.32%   894 8939s
   571   492 6175.06383    7 1436 6195.00000 6175.00000  0.32%   892 8942s
   572   493 6175.19251   10 1436 6195.00000 6175.00000  0.32%   891 9004s
   574   495 6175.36657   15 1436 6195.00000 6175.00000  0.32%   909 9080s
   576   496 6175.47685   15 1436 6195.00000 6175.00000  0.32%   905 9137s
   577   497 6175.04208    6 1436 6195.00000 6175.00000  0.32%   904 9141s
   578   498 6175.47018   15 1436 6195.00000 6175.00000  0.32%   902 9203s
   580   500 6175.35263   12 1436 6195.00000 6175.00000  0.32%   920 9280s
   582   501 6175.30458   14 1436 6195.00000 6175.00000  0.32%   917 9338s
   583   502 6175.48052   15 1436 6195.00000 6175.00000  0.32%   915 9342s
   584   503 6175.17377    9 1436 6195.00000 6175.00000  0.32%   914 9404s
   586   505 6175.74958   23 1436 6195.00000 6175.00000  0.32%   931 9486s
   588   506 6175.38963   14 1436 6195.00000 6175.00000  0.32%   928 9543s
   589   507 6175.43336   15 1436 6195.00000 6175.00000  0.32%   926 9547s
   590   508 6175.26081   11 1436 6195.00000 6175.00000  0.32%   924 9608s
   592   510 6175.08427    9 1436 6195.00000 6175.00000  0.32%   942 9689s
   594   511 6175.23496   12 1436 6195.00000 6175.00000  0.32%   938 9747s
   595   512 6175.52779   15 1436 6195.00000 6175.00000  0.32%   937 9750s
   596   513 6175.34404   12 1436 6195.00000 6175.00000  0.32%   935 9812s
   598   515 6175.16437   10 1436 6195.00000 6175.00000  0.32%   952 9900s
   600   516 6175.35801   15 1436 6195.00000 6175.00000  0.32%   949 9957s
   601   517 6175.17046    9 1436 6195.00000 6175.00000  0.32%   947 9960s
   602   518 6175.32287   14 1436 6195.00000 6175.00000  0.32%   946 10023s
   604   520 6175.44342   15 1436 6195.00000 6175.00000  0.32%   962 10104s
   606   521 6175.06290   10 1436 6195.00000 6175.00000  0.32%   959 10162s
   607   522 6175.25527   12 1436 6195.00000 6175.00000  0.32%   958 10165s
   608   523 6175.36584   15 1436 6195.00000 6175.00000  0.32%   956 10227s
   610   525 6175.16707    9 1436 6195.00000 6175.00000  0.32%   973 10307s
   612   526 6175.43232   15 1436 6195.00000 6175.00000  0.32%   969 10365s
   614   528 6175.04172    6 1436 6195.00000 6175.00000  0.32%   966 10431s
   616   530 6175.18626   11 1436 6195.00000 6175.00000  0.32%   982 10513s
   618   531 6175.09763    7 1436 6195.00000 6175.00000  0.32%   979 10571s
   620   533 6175.53596   17 1436 6195.00000 6175.00000  0.32%   976 10637s
   622   535 6175.36657   15 1436 6195.00000 6175.00000  0.32%   992 10720s
   624   536 6175.29869   13 1436 6195.00000 6175.00000  0.32%   989 10777s
   625   537 6175.22577   10 1436 6195.00000 6175.00000  0.32%   987 10781s
   626   538 6175.16024   11 1436 6195.00000 6175.00000  0.32%   986 10843s
   628   540 6175.07910    9 1436 6195.00000 6175.00000  0.32%  1002 10925s
   630   541 6175.34404   12 1436 6195.00000 6175.00000  0.32%   999 10983s
   631   542 6175.36299   15 1436 6195.00000 6175.00000  0.32%   997 10986s
   632   543 6175.35093   12 1436 6195.00000 6175.00000  0.32%   995 11048s
   634   545 6175.15365    9 1436 6195.00000 6175.00000  0.32%  1011 11127s
   636   546 6175.41532   16 1436 6195.00000 6175.00000  0.32%  1008 11185s
   638   548 6175.43336   15 1436 6195.00000 6175.00000  0.32%  1005 11251s
   640   550 6175.30332   12 1436 6195.00000 6175.00000  0.32%  1020 11331s
   642   551 6175.07607    7 1436 6195.00000 6175.00000  0.32%  1017 11389s
   643   552 6175.32121   12 1436 6195.00000 6175.00000  0.32%  1016 11392s
   644   553 6175.14001    9 1436 6195.00000 6175.00000  0.32%  1014 11454s
   646   555 6175.31706   14 1436 6195.00000 6175.00000  0.32%  1029 11535s
   648   556 6175.08427    9 1436 6195.00000 6175.00000  0.32%  1026 11594s
   649   557 6175.21357   11 1436 6195.00000 6175.00000  0.32%  1025 11597s
   650   558 6175.04208    6 1436 6195.00000 6175.00000  0.32%  1023 11659s
   652   560 6175.45686   14 1436 6195.00000 6175.00000  0.32%  1038 11749s
   654   561 6175.23474   12 1436 6195.00000 6175.00000  0.32%  1035 11808s
   655   562 6175.51623   17 1436 6195.00000 6175.00000  0.32%  1033 11811s
   656   563 6175.46388   17 1436 6195.00000 6175.00000  0.32%  1032 11873s
   658   565 6175.09463    9 1436 6195.00000 6175.00000  0.32%  1047 11949s
   660   566 6175.25674   12 1436 6195.00000 6175.00000  0.32%  1044 12006s
   661   567 6175.44286   15 1436 6195.00000 6175.00000  0.32%  1042 12010s
   662   568 6175.00000    6 1436 6195.00000 6175.00000  0.32%  1041 12071s
   664   570 6175.11869    9 1436 6195.00000 6175.00000  0.32%  1055 12152s
   666   571 6175.55409   16 1436 6195.00000 6175.00000  0.32%  1052 12211s
   668   573 6175.05361    6 1436 6195.00000 6175.00000  0.32%  1049 12276s
   670   575 6175.19020    8 1436 6195.00000 6175.00000  0.32%  1064 12363s
   672   576 6175.19251   10 1436 6195.00000 6175.00000  0.32%  1061 12421s
   673   577 6175.31706   14 1436 6195.00000 6175.00000  0.32%  1059 12425s
   674   578 6175.36657   15 1436 6195.00000 6175.00000  0.32%  1057 12487s
   676   580 6175.47685   15 1436 6195.00000 6175.00000  0.32%  1072 12568s
   678   581 6175.47018   15 1436 6195.00000 6175.00000  0.32%  1069 12626s
   680   583 6175.35263   12 1436 6195.00000 6175.00000  0.32%  1066 12690s
   682   585 6175.30458   14 1436 6195.00000 6175.00000  0.32%  1080 12770s
   684   586 6175.17377    9 1436 6195.00000 6175.00000  0.32%  1077 12828s
   685   587 6175.19768   11 1436 6195.00000 6175.00000  0.32%  1075 12831s
   686   588 6175.74958   23 1436 6195.00000 6175.00000  0.32%  1074 12893s
   688   590 6175.38963   14 1436 6195.00000 6175.00000  0.32%  1088 12974s
   690   591 6175.26081   11 1436 6195.00000 6175.00000  0.32%  1085 13031s
   691   592 6175.26700   14 1436 6195.00000 6175.00000  0.32%  1083 13035s
   692   593 6175.08427    9 1436 6195.00000 6175.00000  0.32%  1082 13097s
   694   595 6175.23496   12 1436 6195.00000 6175.00000  0.32%  1096 13174s
   696   596 6175.34404   12 1436 6195.00000 6175.00000  0.32%  1093 13231s
   697   597 6175.04023    6 1436 6195.00000 6175.00000  0.32%  1091 13235s
   698   598 6175.16437   10 1436 6195.00000 6175.00000  0.32%  1090 13297s
   700   600 6175.35801   15 1436 6195.00000 6175.00000  0.32%  1104 13377s
   702   601 6175.32287   14 1436 6195.00000 6175.00000  0.32%  1100 13435s
   704   603 6175.44342   15 1436 6195.00000 6175.00000  0.32%  1097 13501s
   706   605 6175.06290   10 1436 6195.00000 6175.00000  0.32%  1111 13583s
   708   606 6175.36584   15 1436 6195.00000 6175.00000  0.32%  1108 13642s
   709   607 6175.47433   16 1436 6195.00000 6175.00000  0.32%  1106 13645s
   710   608 6175.16707    9 1436 6195.00000 6175.00000  0.32%  1105 13708s
   712   610 6175.43232   15 1436 6195.00000 6175.00000  0.32%  1119 13791s
   714   611 6175.04172    6 1436 6195.00000 6175.00000  0.32%  1115 13850s
   716   613 6175.18626   11 1436 6195.00000 6175.00000  0.32%  1112 13915s
   718   615 6175.09763    7 1436 6195.00000 6175.00000  0.32%  1126 14000s
   720   616 6175.53596   17 1436 6195.00000 6175.00000  0.32%  1123 14058s
   721   617 6175.36299   15 1436 6195.00000 6175.00000  0.32%  1121 14062s
   722   618 6175.36657   15 1436 6195.00000 6175.00000  0.32%  1120 14124s
   724   620 6175.29869   13 1436 6195.00000 6175.00000  0.32%  1133 14206s
   726   621 6175.16024   11 1436 6195.00000 6175.00000  0.32%  1130 14263s
   727   622 6175.51683   15 1436 6195.00000 6175.00000  0.32%  1128 14267s
   728   623 6175.07910    9 1436 6195.00000 6175.00000  0.32%  1127 14328s

Explored 729 nodes (844169 simplex iterations) in 14400.02 seconds (31069.26 work units)
Thread count was 32 (of 32 available processors)

Solution count 10: 6195 6196 6197 ... 11300

Time limit reached
Best objective 6.195000000000e+03, best bound 6.175000000000e+03, gap 0.3228%

User-callback calls 3026214, time in user-callback 8.85 sec
