
Gurobi 13.0.2 (linux64) logging started Thu Jul 16 14:37:11 2026

Set parameter LogFile to value "/tmp/sweep_20260716_013919_north-korea_alt260km_s35_i1_v10_gurobi.log"
Set parameter Method to value 1
Set parameter NodefileStart to value 4
Set parameter RINS to value 50
Gurobi Optimizer version 13.0.2 build v13.0.2rc1 (linux64 - "Debian GNU/Linux 13 (trixie)")

CPU model: Intel(R) Xeon(R) Platinum 8375C CPU @ 2.90GHz, instruction set [SSE2|AVX|AVX2|AVX512]
Thread count: 16 physical cores, 32 logical processors, using up to 32 threads

Non-default parameters:
TimeLimit  14400
MIPGap  0.001
Method  1
LPWarmStart  1
Heuristics  0.2
MIPFocus  1
NodefileStart  4
RINS  50
Symmetry  2
Cuts  2
CoverCuts  2
LogToConsole  0

Academic license 2812613 - for non-commercial use only - registered to no___@gatech.edu
Optimize a model with 1436 rows, 14360 columns and 208938 nonzeros (Min)
Model fingerprint: 0x1e368462
Model has 14360 linear objective coefficients
Variable types: 0 continuous, 14360 integer (14360 binary)
Coefficient statistics:
  Matrix range     [1e+00, 1e+00]
  Objective range  [1e+00, 1e+00]
  Bounds range     [1e+00, 1e+00]
  RHS range        [4e+01, 4e+01]

Found heuristic solution: objective 4591.0000000
Presolve removed 0 rows and 718 columns
Presolve time: 0.17s
Presolved: 1436 rows, 13642 columns, 194578 nonzeros
Variable types: 0 continuous, 13642 integer (12924 binary)

Root simplex log...

Iteration    Objective       Primal Inf.    Dual Inf.      Time
   11850    2.6313100e+03   2.142518e+03   0.000000e+00      5s
   18750    2.6325512e+03   3.365755e+02   0.000000e+00     10s
   25560    2.6326718e+03   4.139931e+02   0.000000e+00     15s
   26892    2.6326667e+03   0.000000e+00   0.000000e+00     16s

Root relaxation: objective 2.632667e+03, 26892 iterations, 15.90 seconds (29.82 work units)

    Nodes    |    Current Node    |     Objective Bounds      |     Work
 Expl Unexpl |  Obj  Depth IntInf | Incumbent    BestBd   Gap | It/Node Time

     0     0 2632.66667    0  718 4591.00000 2632.66667  42.7%     -   20s
H    0     0                    2778.0000000 2632.66667  5.23%     -   20s
H    0     0                    2777.0000000 2632.66667  5.20%     -   20s
H    0     0                    2686.0000000 2632.66667  1.99%     -   20s
H    0     0                    2680.0000000 2632.66667  1.77%     -   20s
H    0     0                    2679.0000000 2632.66667  1.73%     -   20s
H    0     0                    2662.0000000 2632.66667  1.10%     -   20s
H    0     0                    2661.0000000 2632.66667  1.06%     -   23s
H    0     0                    2660.0000000 2632.66667  1.03%     -   24s
H    0     0                    2659.0000000 2632.66667  0.99%     -   25s
H    0     0                    2658.0000000 2632.66667  0.95%     -   25s
H    0     0                    2657.0000000 2632.66667  0.92%     -   26s
     0     0 2632.66667    0 1077 2657.00000 2632.66667  0.92%     -   32s
H    0     0                    2656.0000000 2632.66667  0.88%     -   51s
H    0     0                    2655.0000000 2632.66667  0.84%     -   53s
H    0     0                    2654.0000000 2632.66667  0.80%     -   56s
     0     0 2632.66667    0 1077 2654.00000 2632.66667  0.80%     -   81s
     0     0 2632.66667    0  718 2654.00000 2632.66667  0.80%     -   88s
     0     0 2632.66667    0 1077 2654.00000 2632.66667  0.80%     -  111s
     0     0 2632.66667    0 1077 2654.00000 2632.66667  0.80%     -  115s
     0     0 2632.70189    0 1395 2654.00000 2632.70189  0.80%     -  123s
     0     0 2632.70189    0 1394 2654.00000 2632.70189  0.80%     -  123s
     0     0 2632.75384    0 1433 2654.00000 2632.75384  0.80%     -  134s
     0     0 2632.75384    0 1433 2654.00000 2632.75384  0.80%     -  134s
     0     2 2632.75388    0 1433 2654.00000 2632.75388  0.80%     -  172s
     1     3 2632.75834    1 1423 2654.00000 2632.75834  0.80%  15.0  177s
     2     4 2632.76048    2 1422 2654.00000 2632.76048  0.80%  18.5  181s
     5     8 2632.79278    3 1430 2654.00000 2632.76051  0.80%   830  185s
     9    16 2632.85187    4 1421 2654.00000 2632.76254  0.80%   520  195s
    17    32 2632.90012    5 1424 2654.00000 2632.77624  0.80%   335  209s
    25    32 2632.83618    5 1429 2654.00000 2632.78886  0.80%   272  210s
    29    32 2632.91435    5 1406 2654.00000 2632.81519  0.80%   261  215s
    33    63 2632.95141    6 1427 2654.00000 2632.81519  0.80%   252  229s
    64    79 2633.03397    7 1418 2654.00000 2632.81522  0.80%   201  242s
    80    95 2633.08809    8 1408 2654.00000 2632.81522  0.80%   201  251s
    96   111 2633.08919    8 1416 2654.00000 2632.81522  0.80%   204  264s
   112   127 2633.15445    9 1411 2654.00000 2632.81522  0.80%   209  279s
H  120   127                    2653.0000000 2632.81522  0.76%   206  279s
   128   319 2633.17300   10 1400 2653.00000 2632.81522  0.76%   208  298s
H  200   319                    2652.0000000 2632.81522  0.72%   255  298s
   320   335 2633.47685   18 1400 2652.00000 2632.81522  0.72%   284  321s
H  322   335                    2651.0000000 2632.81522  0.69%   283  321s
   336   575 2633.48530   19 1399 2651.00000 2632.81522  0.69%   284  339s
H  516   575                    2650.0000000 2632.81522  0.65%   289  339s
   576   779 2633.86581   27 1378 2650.00000 2632.81522  0.65%   293  352s
   780   795 2634.17232   35 1374 2650.00000 2632.81522  0.65%   339  366s
   796   811 2634.20646   36 1364 2650.00000 2632.81522  0.65%   340  380s
   812   827 2634.22728   36 1370 2650.00000 2632.81522  0.65%   340  396s
H  819   827                    2649.0000000 2632.81522  0.61%   339  396s
   828   933 2634.32476   37 1373 2649.00000 2632.81522  0.61%   340  409s
   934  1193 2634.39335   40 1371 2649.00000 2632.81522  0.61%   340  420s
  1194  1209 2634.78616   51 1361 2649.00000 2632.81522  0.61%   345  433s
  1210  1225 2634.83462   52 1362 2649.00000 2632.81522  0.61%   346  446s
  1226  1241 2634.84644   53 1356 2649.00000 2632.81522  0.61%   347  460s
  1242  1257 2634.86876   53 1353 2649.00000 2632.81522  0.61%   347  474s
  1258  1273 2634.90187   54 1360 2649.00000 2632.81522  0.61%   347  490s
  1274  1298 2634.90903   54 1351 2649.00000 2632.81522  0.61%   348  504s
  1299  1315 2634.95949   55 1340 2649.00000 2632.81522  0.61%   352  519s
  1316  1375 2634.97996   55 1358 2649.00000 2632.81522  0.61%   352  533s
  1376  1434 2634.98798   56 1335 2649.00000 2632.81522  0.61%   353  548s
  1435  1557 2635.00021   56 1347 2649.00000 2632.81522  0.61%   356  562s
  1558  1606 2635.34732   64 1336 2649.00000 2632.81522  0.61%   364  576s
  1607  1631 2635.53231   69 1331 2649.00000 2632.81522  0.61%   364  591s
  1632  1647 2635.57610   70 1325 2649.00000 2632.81522  0.61%   364  611s
  1648  1663 2635.62773   70 1332 2649.00000 2632.81522  0.61%   365  628s
  1664  1679 2635.61224   71 1327 2649.00000 2632.81522  0.61%   366  645s
  1680  1695 2635.60048   71 1341 2649.00000 2632.81522  0.61%   367  661s
  1696  1711 2635.63979   72 1339 2649.00000 2632.81522  0.61%   367  676s
  1712  1727 2635.65944   72 1332 2649.00000 2632.81522  0.61%   367  696s
  1728  1743 2635.67578   73 1339 2649.00000 2632.81522  0.61%   368  712s
  1744  1759 2635.72955   74 1343 2649.00000 2632.81522  0.61%   369  730s
  1760  1775 2635.76092   75 1334 2649.00000 2632.81522  0.61%   369  747s
  1776  1791 2635.75105   75 1343 2649.00000 2632.81522  0.61%   369  766s
  1792  1807 2635.80916   76 1311 2649.00000 2632.81522  0.61%   370  783s
  1808  1823 2635.83320   77 1331 2649.00000 2632.81522  0.61%   371  804s
  1824  1839 2635.83125   77 1316 2649.00000 2632.81522  0.61%   371  828s
  1840  1855 2635.88634   78 1314 2649.00000 2632.81522  0.61%   372  851s
  1856  1871 2635.86499   78 1327 2649.00000 2632.81522  0.61%   372  873s
  1872  1887 2635.92154   79 1330 2649.00000 2632.81522  0.61%   373  892s
  1888  1903 2635.98259   79 1327 2649.00000 2632.81522  0.61%   375  915s
  1904  1919 2635.94417   80 1325 2649.00000 2632.81522  0.61%   375  935s
  1920  1935 2635.96437   81 1333 2649.00000 2632.81522  0.61%   375  962s
  1936  1984 2635.99031   82 1336 2649.00000 2632.81522  0.61%   376  979s
  1985  2000 2636.42637   89 1302 2649.00000 2632.81522  0.61%   378 1002s
  2001  2025 2636.48615   90 1302 2649.00000 2632.81522  0.61%   379 1022s
  2026  2109 2636.51502   91 1310 2649.00000 2632.81522  0.61%   380 1042s
  2110  2125 2636.56781   91 1328 2649.00000 2632.81522  0.61%   384 1062s
  2126  2141 2636.54786   92 1311 2649.00000 2632.81522  0.61%   384 1085s
  2142  2157 2636.59561   93 1304 2649.00000 2632.81522  0.61%   385 1109s
  2158  2177 2636.65003   93 1305 2649.00000 2632.81522  0.61%   385 1136s
  2178  2196 2636.62635   94 1305 2649.00000 2632.81522  0.61%   386 1165s
  2197  2212 2636.66415   94 1299 2649.00000 2632.81522  0.61%   386 1196s
  2213  2253 2636.67780   95 1303 2649.00000 2632.81522  0.61%   387 1224s
  2254  2269 2636.66392   95 1312 2649.00000 2632.81522  0.61%   389 1246s
  2270  2484 2636.70577   96 1293 2649.00000 2632.81522  0.61%   390 1266s
  2485  2500 2636.71886   97 1297 2649.00000 2632.81522  0.61%   396 1286s
  2501  2544 2636.75874   98 1300 2649.00000 2632.81522  0.61%   397 1306s
  2545  2560 2636.82856   99 1293 2649.00000 2632.81522  0.61%   401 1326s
  2561  2654 2636.79703   99 1297 2649.00000 2632.81522  0.61%   401 1350s
  2655  2670 2636.84316  100 1298 2649.00000 2632.81522  0.61%   403 1376s
  2671  2786 2636.88154  101 1300 2649.00000 2632.81522  0.61%   404 1401s
  2787  2893 2636.91786  102 1302 2649.00000 2632.81522  0.61%   408 1424s
  2894  2915 2636.91091  102 1291 2649.00000 2632.81522  0.61%   414 1450s
  2916  2931 2636.94802  103 1296 2649.00000 2632.81522  0.61%   414 1483s
  2932  2949 2636.97103  103 1298 2649.00000 2632.81522  0.61%   414 1518s
  2950  2965 2636.98290  104 1288 2649.00000 2632.81522  0.61%   414 1556s
  2966  3009 2637.01287  104 1284 2649.00000 2632.81522  0.61%   414 1591s
  3010  3063 2637.03257  105 1281 2649.00000 2632.81522  0.61%   415 1623s
  3064  3079 2637.17323  108 1283 2649.00000 2632.81522  0.61%   415 1652s
  3080  3166 2637.18654  109 1270 2649.00000 2632.81522  0.61%   416 1683s
  3167  3182 2637.19702  109 1284 2649.00000 2632.81522  0.61%   418 1714s
  3183  3312 2637.26003  110 1277 2649.00000 2632.81522  0.61%   418 1741s
  3313  3482 2637.75574  121 1247 2649.00000 2632.81522  0.61%   423 1775s
  3483  3498 2637.72447  121 1264 2649.00000 2632.81522  0.61%   425 1811s
  3499  3516 2637.80479  122 1237 2649.00000 2632.81522  0.61%   426 1851s
  3517  3662 2637.81693  122 1253 2649.00000 2632.81522  0.61%   427 1890s
  3663  3719 2638.60646  143 1252 2649.00000 2632.81522  0.61%   430 1925s
  3720  3735 2638.68474  143 1249 2649.00000 2632.81522  0.61%   431 1958s
  3736  3793 2638.63955  144 1245 2649.00000 2632.81522  0.61%   432 1994s
  3794  3845 2638.65368  144 1244 2649.00000 2632.81522  0.61%   432 2028s
  3846  3901 2638.70329  145 1246 2649.00000 2632.81522  0.61%   432 2064s
  3902  4018 2638.83951  149 1227 2649.00000 2632.81522  0.61%   433 2102s
  4019  4034 2638.88099  150 1224 2649.00000 2632.81522  0.61%   435 2151s
  4035  4095 2638.86337  150 1222 2649.00000 2632.81522  0.61%   435 2191s
  4096  4111 2638.92650  151 1218 2649.00000 2632.81522  0.61%   436 2239s
  4112  4427 2638.95421  152 1221 2649.00000 2632.81522  0.61%   436 2278s
  4428  4537 2639.19246  155 1218 2649.00000 2632.81522  0.61%   444 2321s
  4538  4703 2639.69225  169 1208 2649.00000 2632.81522  0.61%   445 2365s
  4704  5062 2639.96300  177 1207 2649.00000 2632.81522  0.61%   448 2408s
  5063  5554 2639.95470  177 1204 2649.00000 2632.81522  0.61%   458 2451s
  5555  5865 2640.98119  202 1207 2649.00000 2632.81522  0.61%   462 2497s
  5866  5881 2640.98393  202 1198 2649.00000 2632.81522  0.61%   467 2553s
  5882  5987 2641.00965  203 1204 2649.00000 2632.81522  0.61%   467 2609s
  5988  6135 2641.03428  203 1201 2649.00000 2632.81522  0.61%   468 2659s
  6136  6309 2641.03691  204 1192 2649.00000 2632.81522  0.61%   469 2709s
  6310  6808 2641.22179  213 1174 2649.00000 2632.81522  0.61%   470 2761s
  6823  7023 2641.46140  218 1168 2649.00000 2632.81522  0.61%   475 2815s
  7086  7235 2642.06657  236 1167 2649.00000 2632.81522  0.61%   475 2875s
  7298  7251 2642.40727  245 1166 2649.00000 2632.81522  0.61%   477 2936s
  7314  7303 2642.43167  246 1165 2649.00000 2632.81522  0.61%   476 3005s
  7366  7693 2642.43018  246 1163 2649.00000 2632.81522  0.61%   477 3066s
  7756  8352 2642.96446  263 1166 2649.00000 2632.81522  0.61%   479 3126s
  8421  8828 2644.02359  290 1132 2649.00000 2632.81522  0.61%   479 3188s
  8897  8890 2644.69365  308 1131 2649.00000 2632.81522  0.61%   479 3254s
  8959  9546 2644.72776  310 1124 2649.00000 2632.81522  0.61%   478 3323s
  9162  9546 2632.97947    8 1419 2649.00000 2632.81522  0.61%   478 3325s
  9629  9602 2645.72462  335 1116 2649.00000 2632.81522  0.61%   480 3398s
  9685  9618 2645.92440  342 1135 2649.00000 2632.81522  0.61%   480 3486s
  9701  9683 2645.89088  342 1118 2649.00000 2632.81522  0.61%   480 3592s
  9766 10089 2645.93160  343 1133 2649.00000 2632.81522  0.61%   480 3697s
 10172 10532 2647.04711  375 1080 2649.00000 2632.81522  0.61%   479 3771s
 10634 10533 2639.94505  175 1433 2649.00000 2632.81522  0.61%   479 3877s
 10636 10534 2640.52146  192  718 2649.00000 2632.81522  0.61%   479 3910s
 10637 10535 2634.49962   43 1392 2649.00000 2632.81522  0.61%   479 3951s
 10638 10536 2635.98949   80 1433 2649.00000 2632.81522  0.61%   479 3964s
 10644 10540 2634.67997   48 1433 2649.00000 2633.01551  0.60%   478 3970s
 10645 10540 2643.05942  267 1426 2649.00000 2633.05686  0.60%   478 3981s
 10661 10551 2642.32379  238 1433 2649.00000 2633.59695  0.58%   478 3985s
 10676 10561 2635.52732   69 1447 2649.00000 2633.71560  0.58%   477 3997s
 10677 10562 2643.66476  268 1446 2649.00000 2633.75643  0.58%   477 4009s
 10678 10562 2634.51570   46 1442 2649.00000 2633.79450  0.57%   477 4011s
 10685 10567 2642.67372  238 1452 2649.00000 2633.91080  0.57%   476 4015s
 10701 10578 2639.19269  161 1473 2649.00000 2633.97647  0.57%   476 4020s
 10707 10582 2634.00423   34 1477 2649.00000 2633.98583  0.57%   475 4032s
 10708 10582 2640.69016  196 1479 2649.00000 2634.01381  0.57%   475 4049s
 10709 10583 2646.13145  351 1480 2649.00000 2634.04162  0.56%   475 4052s
 10712 10585 2635.32332   69 1476 2649.00000 2634.10967  0.56%   475 4055s
 10720 10590 2634.55503   56 1487 2649.00000 2634.23888  0.56%   475 4060s
 10727 10595 2645.71084  339 1494 2649.00000 2634.30422  0.55%   475 4065s
 10737 10602 2634.49962   43 1508 2649.00000 2634.33397  0.55%   474 4070s
 10742 10606 2647.53008  484  718 2649.00000 2634.33397  0.55%   479 4103s
 10743 10607 2634.33397   13 1392 2649.00000 2634.33397  0.55%   479 4146s
 10744 10608 2634.67997   48 1435 2649.00000 2634.33397  0.55%   479 4159s
 10752 10613 2644.00025  299 1429 2649.00000 2634.33397  0.55%   479 4160s
 10773 10627 2634.33397   21 1432 2649.00000 2634.33397  0.55%   478 4165s
 10784 10634 2639.23276  152 1445 2649.00000 2634.33397  0.55%   477 4171s
 10793 10640 2642.79301  260 1457 2649.00000 2634.33397  0.55%   477 4175s
 10801 10646 2639.19269  161 1466 2649.00000 2634.33397  0.55%   477 4180s
 10808 10650 2640.69016  196 1473 2649.00000 2634.33403  0.55%   476 4185s
 10815 10655 2642.83235  244 1484 2649.00000 2634.33403  0.55%   476 4190s
 10825 10662 2641.20083  217 1500 2649.00000 2634.33403  0.55%   476 4195s
 10832 10666 2634.34649   21 1507 2649.00000 2634.34649  0.55%   475 4257s
 10833 10669 2634.34649   23 1505 2649.00000 2634.34649  0.55%   480 4260s
 10836 10673 2634.35420   25 1508 2649.00000 2634.34649  0.55%   480 4268s
 10841 10679 2634.37428   26 1504 2649.00000 2634.34649  0.55%   480 4270s
 10865 10735 2634.40665   28 1495 2649.00000 2634.35674  0.55%   480 4279s
 10913 10735 2634.41083   29 1494 2649.00000 2634.35674  0.55%   480 4287s
 10929 10746 2634.41948   29 1493 2649.00000 2634.35674  0.55%   480 4298s
 10945 10757 2634.43396   30 1494 2649.00000 2634.35674  0.55%   480 4316s
 10961 10789 2634.42671   30 1497 2649.00000 2634.35674  0.55%   480 4354s
 10999 10805 2634.49013   33 1486 2649.00000 2634.35674  0.55%   479 4395s
 11027 11041 2634.50944   34 1481 2649.00000 2634.35674  0.55%   479 4458s
 11273 11152 2634.51503   35 1482 2649.00000 2634.35674  0.55%   478 4529s
 11466 11581 2634.81319   49 1453 2649.00000 2634.35674  0.55%   480 4635s
 11959 11728 2635.11749   62 1430 2649.00000 2634.35674  0.55%   480 4723s
 12270 12120 2635.58848   77 1395 2649.00000 2634.35674  0.55%   480 4820s
 12766 11971 2636.04373   92 1378 2649.00000 2634.35674  0.55%   481 4899s
 12782 11993 2636.07324   93 1375 2649.00000 2634.35674  0.55%   481 4986s
 12810 12326 2636.08666   93 1381 2649.00000 2634.35674  0.55%   481 5065s
 13152 12280 2636.48996  105 1366 2649.00000 2634.35674  0.55%   480 5153s
 13220 12723 2636.56882  106 1360 2649.00000 2634.35674  0.55%   480 5255s
 13686 12598 2637.25349  122 1348 2649.00000 2634.35674  0.55%   480 5334s
 13716 12788 2637.27774  122 1340 2649.00000 2634.35674  0.55%   480 5417s
 13916 13289 2637.29983  123 1339 2649.00000 2634.35674  0.55%   479 5507s
 14484 13432 2637.87111  140 1322 2649.00000 2634.35674  0.55%   478 5586s
 14816 13866 2638.20664  149 1318 2649.00000 2634.35674  0.55%   479 5667s
 15361 14325 2638.87266  166 1299 2649.00000 2634.35674  0.55%   478 5740s
 16039 14324 2639.65977  186 1270 2649.00000 2634.35874  0.55%   478 5815s
 16304 14879 2639.96178  192 1249 2649.00000 2634.35874  0.55%   478 5898s
 16948 14714 2640.96499  213 1164 2649.00000 2634.35874  0.55%   479 5978s
 16997 14767 2641.06915  216 1177 2649.00000 2634.35874  0.55%   479 6060s
 17067 15288 2641.20607  220 1169 2649.00000 2634.35874  0.55%   479 6136s
 17611 15614 2641.69375  237 1163 2649.00000 2634.35874  0.55%   479 6216s
 18118 15963 2642.40217  257 1152 2649.00000 2634.35874  0.55%   480 6291s
 18636 16014 2642.95516  274 1133 2649.00000 2634.35874  0.55%   481 6369s
 18860 16537 2643.19126  281 1120 2649.00000 2634.35874  0.55%   481 6448s
 19458 16796 2643.91601  300 1151 2649.00000 2634.35874  0.55%   482 6528s
 19916 17072 2644.34824  313 1146 2649.00000 2634.35874  0.55%   483 6607s
 20345 17025 2644.99273  330 1135 2649.00000 2634.35874  0.55%   484 6678s
 20441 17009 2645.08073  333 1125 2649.00000 2634.35874  0.55%   484 6743s
 20457 17622 2645.11697  334 1121 2649.00000 2634.35874  0.55%   484 6816s
 21075 17432 2645.91602  356 1126 2649.00000 2634.35874  0.55%   485 6924s
 21091 19404 2645.94183  356 1118 2649.00000 2634.35874  0.55%   485 7281s
 23155 18789     cutoff  421      2649.00000 2634.35874  0.55%   488 7398s
 23260 19289 2634.40781   32 1490 2649.00000 2634.35874  0.55%   488 7493s
 23889 19139 2634.98375   73 1439 2649.00000 2634.36285  0.55%   488 7582s
 23949 19370 2635.00490   74 1440 2649.00000 2634.36285  0.55%   488 7679s
 24274 19795 2635.03864   75 1431 2649.00000 2634.36733  0.55%   488 7780s
 24853 20170 2635.25949   85 1430 2649.00000 2634.36733  0.55%   488 7892s
 25421 20393 2636.65122  133 1336 2649.00000 2634.36733  0.55%   488 8004s
 25834 20709 2637.10489  147 1341 2649.00000 2634.36733  0.55%   488 8134s
 26287 20729 2638.01837  174 1316 2649.00000 2634.36733  0.55%   488 8263s
 26458 21340 2638.53812  188 1308 2649.00000 2634.36733  0.55%   488 8395s
 27178 21667 2639.86538  227 1243 2649.00000 2634.36733  0.55%   487 8529s
 27871 22105 2641.38043  277 1139 2649.00000 2634.36733  0.55%   486 8671s
 28620 22350 2642.83605  326 1128 2649.00000 2634.36733  0.55%   485 8819s
 29137 22276 2643.93132  357 1110 2649.00000 2634.36733  0.55%   484 8968s
 29247 22932 2645.31822  400 1092 2649.00000 2634.36733  0.55%   484 9137s
 29992 23408 2647.30481  452 1077 2649.00000 2634.36733  0.55%   483 9314s
 30778 23354 2647.98372  479 1066 2649.00000 2634.36905  0.55%   482 9487s
 31089 23501 2634.50121   41 1481 2649.00000 2634.36905  0.55%   481 9669s
 31472 23849 2634.76030   53 1460 2649.00000 2634.36905  0.55%   480 9862s
 32040 23881 2634.77805   55 1457 2649.00000 2634.37390  0.55%   479 10055s
 32285 23981 2634.95236   66 1441 2649.00000 2634.37390  0.55%   479 10327s
 32487 24010 2635.31526   82 1431 2649.00000 2634.37393  0.55%   479 10573s
 32583 24741 2635.32005   83 1427 2649.00000 2634.37393  0.55%   479 10799s
 33346 25054 2636.83098  134 1358 2649.00000 2634.37393  0.55%   478 11034s
 33957 25467 2636.95738  139 1352 2649.00000 2634.37393  0.55%   478 11269s
 34714 26815 2638.46907  183 1292 2649.00000 2634.37554  0.55%   477 11513s
 36418 27129 2642.59564  298 1131 2649.00000 2634.37608  0.55%   476 11750s
 37348 27127 2645.10178  381 1075 2649.00000 2634.37608  0.55%   475 12018s
 37656 27977 2645.68704  401 1077 2649.00000 2634.37608  0.55%   475 12292s
 38846 28484 2647.93777  470 1054 2649.00000 2634.37812  0.55%   474 12558s
 39790 28186 2634.60824   43 1471 2649.00000 2634.37812  0.55%   473 12961s
 39806 29546 2634.61304   43 1474 2649.00000 2634.37812  0.55%   473 13240s
 41271 29472 2635.20051   69 1435 2649.00000 2634.37812  0.55%   473 13530s
 41711 31880 2635.44667   77 1420 2649.00000 2634.37812  0.55%   473 13881s
 44544 32124 2637.07686  128 1351 2649.00000 2634.37812  0.55%   471 14045s
 45268 32631 2637.29997  134 1349 2649.00000 2634.37812  0.55%   470 14244s
 45775 32955 2637.95438  149 1320 2649.00000 2634.37812  0.55%   470 14400s

Cutting planes:
  Lift-and-project: 88

Explored 46121 nodes (21735765 simplex iterations) in 14400.14 seconds (48244.28 work units)
Thread count was 32 (of 32 available processors)

Solution count 10: 2649 2650 2651 ... 2658

Time limit reached
Best objective 2.649000000000e+03, best bound 2.635000000000e+03, gap 0.5285%

User-callback calls 3303899, time in user-callback 13.21 sec
