
Gurobi 13.0.2 (linux64) logging started Thu Jul  9 21:53:47 2026

Set parameter LogFile to value "/tmp/sweep_20260709_012313_china_alt260km_s50_i1_v6_gurobi.log"
Set parameter Method to value 1
Set parameter NodefileStart to value 4
Set parameter RINS to value 50
Gurobi Optimizer version 13.0.2 build v13.0.2rc1 (linux64 - "Debian GNU/Linux 13 (trixie)")

CPU model: Intel(R) Xeon(R) Platinum 8375C CPU @ 2.90GHz, instruction set [SSE2|AVX|AVX2|AVX512]
Thread count: 16 physical cores, 32 logical processors, using up to 32 threads

Non-default parameters:
TimeLimit  14400
MIPGap  0.001
Method  1
LPWarmStart  1
Heuristics  0.2
MIPFocus  1
NodefileStart  4
RINS  50
Symmetry  2
Cuts  2
CoverCuts  2
LogToConsole  0

Academic license 2812613 - for non-commercial use only - registered to no___@gatech.edu
Optimize a model with 196014 rows, 21540 columns and 24302864 nonzeros (Min)
Model fingerprint: 0x78c08ca4
Model has 21540 linear objective coefficients
Variable types: 0 continuous, 21540 integer (21540 binary)
Coefficient statistics:
  Matrix range     [1e+00, 1e+00]
  Objective range  [1e+00, 1e+00]
  Bounds range     [1e+00, 1e+00]
  RHS range        [5e+01, 5e+01]

Found heuristic solution: objective 12092.000000
Presolve removed 0 rows and 0 columns (presolve time = 6s)...
Presolve removed 0 rows and 0 columns (presolve time = 10s)...
Presolve removed 0 rows and 0 columns (presolve time = 16s)...
Presolve removed 0 rows and 0 columns (presolve time = 21s)...
Presolve removed 0 rows and 0 columns (presolve time = 25s)...
Presolve removed 0 rows and 0 columns (presolve time = 30s)...
Presolve removed 0 rows and 0 columns (presolve time = 35s)...
Presolve removed 0 rows and 0 columns (presolve time = 40s)...
Presolve removed 0 rows and 0 columns (presolve time = 45s)...
Presolve removed 0 rows and 0 columns (presolve time = 51s)...
Presolve removed 0 rows and 0 columns (presolve time = 55s)...
Presolve removed 0 rows and 0 columns (presolve time = 60s)...
Presolve removed 0 rows and 0 columns (presolve time = 65s)...
Presolve removed 0 rows and 0 columns (presolve time = 70s)...
Presolve removed 0 rows and 0 columns (presolve time = 75s)...
Presolve removed 0 rows and 0 columns (presolve time = 80s)...
Presolve removed 0 rows and 0 columns (presolve time = 85s)...
Presolve removed 0 rows and 0 columns (presolve time = 90s)...
Presolve removed 0 rows and 0 columns (presolve time = 95s)...
Presolve removed 0 rows and 0 columns (presolve time = 100s)...
Presolve removed 0 rows and 0 columns (presolve time = 105s)...
Presolve removed 0 rows and 0 columns (presolve time = 110s)...
Presolve removed 0 rows and 0 columns (presolve time = 115s)...
Presolve removed 0 rows and 0 columns (presolve time = 120s)...
Presolve removed 0 rows and 0 columns (presolve time = 125s)...
Presolve removed 0 rows and 0 columns (presolve time = 130s)...
Presolve removed 0 rows and 0 columns (presolve time = 135s)...
Presolve removed 0 rows and 0 columns (presolve time = 140s)...
Presolve removed 0 rows and 0 columns (presolve time = 145s)...
Presolve removed 0 rows and 0 columns (presolve time = 150s)...
Presolve removed 0 rows and 0 columns (presolve time = 155s)...
Presolve removed 0 rows and 0 columns (presolve time = 160s)...
Presolve removed 0 rows and 0 columns (presolve time = 165s)...
Presolve removed 0 rows and 0 columns (presolve time = 170s)...
Presolve removed 0 rows and 0 columns (presolve time = 175s)...
Presolve removed 0 rows and 0 columns (presolve time = 180s)...
Presolve removed 0 rows and 0 columns (presolve time = 185s)...
Presolve removed 0 rows and 0 columns (presolve time = 190s)...
Presolve removed 0 rows and 0 columns (presolve time = 195s)...
Presolve removed 0 rows and 0 columns (presolve time = 200s)...
Presolve removed 0 rows and 0 columns (presolve time = 205s)...
Presolve removed 0 rows and 0 columns (presolve time = 210s)...
Presolve removed 0 rows and 0 columns (presolve time = 215s)...
Presolve removed 0 rows and 0 columns (presolve time = 220s)...
Presolve removed 0 rows and 0 columns (presolve time = 225s)...
Presolve removed 0 rows and 0 columns (presolve time = 230s)...
Presolve removed 0 rows and 0 columns (presolve time = 235s)...
Presolve removed 0 rows and 0 columns (presolve time = 240s)...
Presolve removed 0 rows and 0 columns (presolve time = 245s)...
Presolve removed 0 rows and 0 columns (presolve time = 250s)...
Presolve removed 0 rows and 0 columns (presolve time = 255s)...
Presolve removed 0 rows and 0 columns (presolve time = 260s)...
Presolve removed 0 rows and 0 columns (presolve time = 266s)...
Presolve time: 266.07s
Presolved: 196014 rows, 21540 columns, 24302864 nonzeros
Variable types: 0 continuous, 21540 integer (21540 binary)

Root simplex log...

Iteration    Objective       Primal Inf.    Dual Inf.      Time
       0   -0.0000000e+00   0.000000e+00   1.950000e+04    277s
      81    1.0277495e+04   0.000000e+00   0.000000e+00    277s
      81    1.0277495e+04   0.000000e+00   0.000000e+00    277s

Use crossover to convert LP symmetric solution to basic solution...

Root crossover log...

       0 DPushes remaining with DInf 0.0000000e+00               284s

       0 PPushes remaining with PInf 0.0000000e+00               284s

  Push phase complete: Pinf 0.0000000e+00, Dinf 1.0817066e-09    285s


Root simplex log...

Iteration    Objective       Primal Inf.    Dual Inf.      Time
      84    1.0277495e+04   0.000000e+00   0.000000e+00    287s
Crossover time: 9.68 seconds (17.45 work units)

Root relaxation: objective 1.027750e+04, 84 iterations, 18.43 seconds (26.00 work units)

    Nodes    |    Current Node    |     Objective Bounds      |     Work
 Expl Unexpl |  Obj  Depth IntInf | Incumbent    BestBd   Gap | It/Node Time

     0     0 10277.4952    0 6462 12092.0000 10277.4952  15.0%     -  292s
H    0     0                    11152.000000 10277.4952  7.84%     -  292s
H    0     0                    11045.000000 10277.4952  6.95%     -  293s
H    0     0                    10754.000000 10277.4952  4.43%     -  341s
H    0     0                    10727.000000 10277.4952  4.19%     -  365s
H    0     0                    10669.000000 10277.4952  3.67%     -  366s
H    0     0                    10650.000000 10277.4952  3.50%     -  366s
H    0     0                    10647.000000 10277.4952  3.47%     -  366s
H    0     0                    10643.000000 10277.4952  3.43%     -  366s
H    0     0                    10639.000000 10277.4952  3.40%     -  371s
H    0     0                    10635.000000 10277.4952  3.36%     -  376s
H    0     0                    10633.000000 10277.4952  3.34%     -  376s
H    0     0                    10631.000000 10277.4952  3.33%     -  384s
H    0     0                    10629.000000 10277.4952  3.31%     -  384s
H    0     0                    10628.000000 10277.4952  3.30%     -  389s
H    0     0                    10627.000000 10277.4952  3.29%     -  389s
H    0     0                    10623.000000 10277.4952  3.25%     -  394s
H    0     0                    10621.000000 10277.4952  3.23%     -  411s
H    0     0                    10620.000000 10277.4952  3.23%     -  411s
H    0     0                    10616.000000 10277.4952  3.19%     -  412s
     0     0 10277.4952    0 6462 10616.0000 10277.4952  3.19%     -  566s
H    0     0                    10612.000000 10277.4952  3.15%     - 1133s
H    0     0                    10611.000000 10277.4952  3.14%     - 1140s
H    0     0                    10610.000000 10277.4952  3.13%     - 1168s
H    0     0                    10607.000000 10277.4952  3.11%     - 1183s
     0     2 10277.4952    0 6462 10607.0000 10277.4952  3.11%     - 1257s
     1     3 10277.5107    1 6615 10607.0000 10277.4990  3.11%   514 2661s
H    2     5                    10592.000000 10277.4990  2.97%   257 4812s
H    4     9                    10587.000000 10277.4990  2.92%  2786 9828s
H    4     9                    10575.000000 10277.4990  2.81%  2786 9829s
H    8    17                    10571.000000 10277.4990  2.78%  4220 14407s
H    8    17                    10553.000000 10277.4990  2.61%  4220 14407s
H    9    17                    10552.000000 10277.4990  2.60%  4474 14407s

Explored 16 nodes (80292 simplex iterations) in 14408.45 seconds (30626.51 work units)
Thread count was 32 (of 32 available processors)

Solution count 10: 10552 10553 10571 ... 10612

Time limit reached
Best objective 1.055200000000e+04, best bound 1.027800000000e+04, gap 2.5967%

User-callback calls 5209147, time in user-callback 6.18 sec
