
Gurobi 13.0.2 (linux64) logging started Sun Jul 19 06:56:59 2026

Set parameter LogFile to value "/tmp/sweep_20260716_013919_north-korea_alt550km_s1_i6_v10_gurobi.log"
Set parameter Method to value 1
Set parameter NodefileStart to value 4
Set parameter RINS to value 50
Gurobi Optimizer version 13.0.2 build v13.0.2rc1 (linux64 - "Debian GNU/Linux 13 (trixie)")

CPU model: Intel(R) Xeon(R) Platinum 8375C CPU @ 2.90GHz, instruction set [SSE2|AVX|AVX2|AVX512]
Thread count: 16 physical cores, 32 logical processors, using up to 32 threads

Non-default parameters:
TimeLimit  14400
MIPGap  0.001
Method  1
LPWarmStart  1
Heuristics  0.2
MIPFocus  1
NodefileStart  4
RINS  50
Symmetry  2
Cuts  2
CoverCuts  2
LogToConsole  0

Academic license 2812613 - for non-commercial use only - registered to no___@gatech.edu
Optimize a model with 1436 rows, 3590 columns and 78262 nonzeros (Min)
Model fingerprint: 0x12b89bfd
Model has 3590 linear objective coefficients
Variable types: 0 continuous, 3590 integer (3590 binary)
Coefficient statistics:
  Matrix range     [1e+00, 1e+00]
  Objective range  [1e+00, 1e+00]
  Bounds range     [1e+00, 1e+00]
  RHS range        [1e+00, 1e+00]

Found heuristic solution: objective 124.0000000
Presolve removed 0 rows and 718 columns
Presolve time: 0.06s
Presolved: 1436 rows, 2872 columns, 59594 nonzeros
Variable types: 0 continuous, 2872 integer (2872 binary)

Root relaxation: objective 5.983333e+01, 6759 iterations, 1.59 seconds (3.01 work units)

    Nodes    |    Current Node    |     Objective Bounds      |     Work
 Expl Unexpl |  Obj  Depth IntInf | Incumbent    BestBd   Gap | It/Node Time

     0     0   59.83333    0  718  124.00000   59.83333  51.7%     -    1s
H    0     0                     123.0000000   59.83333  51.4%     -    1s
H    0     0                     104.0000000   59.83333  42.5%     -    1s
H    0     0                      97.0000000   59.83333  38.3%     -    1s
H    0     0                      96.0000000   59.83333  37.7%     -    1s
H    0     0                      95.0000000   59.83333  37.0%     -    1s
H    0     0                      94.0000000   59.83333  36.3%     -    1s
H    0     0                      93.0000000   59.83333  35.7%     -    1s
H    0     0                      92.0000000   59.83333  35.0%     -    1s
H    0     0                      91.0000000   59.83333  34.2%     -    1s
H    0     0                      90.0000000   59.83333  33.5%     -    1s
H    0     0                      88.0000000   59.83333  32.0%     -    3s
H    0     0                      87.0000000   59.83333  31.2%     -    3s
H    0     0                      86.0000000   59.83333  30.4%     -    3s
H    0     0                      85.0000000   59.83333  29.6%     -    3s
H    0     0                      84.0000000   59.83333  28.8%     -    3s
H    0     0                      83.0000000   59.83333  27.9%     -    3s
H    0     0                      82.0000000   59.83333  27.0%     -    3s
H    0     0                      81.0000000   59.83333  26.1%     -    3s
     0     0   59.91679    0  715   81.00000   59.91679  26.0%     -    3s
H    0     0                      80.0000000   59.91679  25.1%     -    5s
H    0     0                      79.0000000   59.91679  24.2%     -    5s
     0     0   59.91972    0  715   79.00000   59.91972  24.2%     -    6s
     0     0   59.92433    0  718   79.00000   59.92433  24.1%     -    6s
H    0     0                      78.0000000   59.93848  23.2%     -    7s
     0     0   59.93848    0  718   78.00000   59.93848  23.2%     -    7s
     0     0   59.93929    0  721   78.00000   59.93929  23.2%     -    7s
     0     0   59.94244    0  723   78.00000   59.94244  23.2%     -    8s
     0     0   59.94924    0  721   78.00000   59.94924  23.1%     -    8s
     0     0   59.95183    0  722   78.00000   59.95183  23.1%     -    8s
H    0     0                      77.0000000   59.95183  22.1%     -   14s
     0     2   59.95183    0  722   77.00000   59.95183  22.1%     -   22s
     1     3   60.35687    1  699   77.00000   59.95224  22.1%   352   27s
     2     5   60.70349    2  677   77.00000   59.95224  22.1%   288   33s
     4     9   60.72328    3  680   77.00000   59.95224  22.1%   168   40s
H   15    18                      76.0000000   59.95224  21.1%   184   44s
H   17    34                      74.0000000   60.52004  18.2%   230   46s
    51    69   61.05133    7  736   74.00000   60.58513  18.1%   466   52s
    70    85   61.07074    8  737   74.00000   60.58513  18.1%   432   55s
   102   117   61.12437   10  739   74.00000   60.58513  18.1%   405   61s
H  109   117                      73.0000000   60.58513  17.0%   396   61s
H  204   230                      72.0000000   60.58513  15.9%   345   63s
   310   363   61.36704   22  731   72.00000   60.58513  15.9%   311   65s
H  364   406                      71.0000000   60.58513  14.7%   304   65s
   643   658   61.73035   41  725   71.00000   60.58513  14.7%   253   70s
   710   725   61.84695   45  727   71.00000   60.58513  14.7%   249   75s
   745   762   61.88185   47  738   71.00000   60.58513  14.7%   246   80s
   805   823   61.94022   50  734   71.00000   60.58513  14.7%   242   85s
   866   886   61.99218   53  734   71.00000   60.58513  14.7%   237   91s
   910   973   62.04308   55  741   71.00000   60.58513  14.7%   235   96s
   999  1015   62.06531   57  739   71.00000   60.58513  14.7%   229  101s
  1032  1047   62.11359   59  732   71.00000   60.58513  14.7%   230  110s
  1064  1079   62.16439   61  721   71.00000   60.58513  14.7%   229  115s
  1118  1141   62.21684   64  730   71.00000   60.58513  14.7%   228  121s
  1172  1193   62.25545   66  724   71.00000   60.58513  14.7%   227  125s
  1222  1269   62.32744   68  713   71.00000   60.58513  14.7%   230  132s
H 1330  1331                      70.0000000   60.58513  13.4%   230  134s
  1332  1557   62.58955   84  713   70.00000   60.58513  13.4%   231  136s
  2033  2224   64.00547  116  694   70.00000   60.58513  13.4%   250  141s
  2301  2356   61.22388   11  750   70.00000   60.58513  13.4%   251  145s
  2417  2441   65.71159  141  635   70.00000   60.58513  13.4%   252  150s
  2472  2478   66.22317  160  634   70.00000   60.58513  13.4%   252  155s
  2509  2517   66.91868  174  598   70.00000   60.58513  13.4%   253  162s
H 2532  2484                      69.0000000   60.58513  12.2%   253  162s
  2548  2516   67.63404  188  583   69.00000   60.58513  12.2%   253  165s
  2616  2541   67.81250  192  601   69.00000   60.58513  12.2%   256  171s
  2632  2554   67.83961  193  603   69.00000   60.58513  12.2%   256  175s
  2667  2586   67.94363  195  599   69.00000   60.58513  12.2%   258  185s
  2683  2602   67.94363  196  599   69.00000   60.58513  12.2%   258  194s
  2699  2618   67.97296  197  595   69.00000   60.58513  12.2%   259  200s
H 2703  2481                      68.0000000   60.58513  10.9%   259  200s
  2723  2615   61.16232   13  782   68.00000   60.64507  10.8%   260  205s
  3015  2735   66.05387  134  722   68.00000   60.64507  10.8%   278  277s
  3017  2736   61.41924   27  718   68.00000   60.64507  10.8%   278  282s
  3018  2737   62.29443   81  715   68.00000   60.64507  10.8%   278  286s
  3027  2743   61.87483   49  769   68.00000   60.64507  10.8%   277  294s
  3028  2744   65.91946  153  772   68.00000   60.64507  10.8%   277  299s
  3029  2744   62.59979   56  782   68.00000   60.64507  10.8%   277  304s
H 3029  2606                      67.0000000   60.64507  9.48%   277  310s
  3031  2608   63.00891  102  794   67.00000   60.64507  9.48%   276  315s
  3032  2608   65.63548  157  792   67.00000   60.64507  9.48%   276  320s
  3033  2609   66.36867   90  797   67.00000   60.64507  9.48%   276  325s
  3034  2610   63.54425   88  797   67.00000   60.64507  9.48%   276  356s
  3035  2612   60.64507   13  743   67.00000   60.64507  9.48%   281  360s
  3036  2614   61.00340   14  744   67.00000   60.64507  9.48%   281  365s
  3038  2617   61.12965   15  755   67.00000   60.64507  9.48%   281  371s
  3051  2638   61.22791   17  787   67.00000   60.69762  9.41%   288  377s
  3110  2696   61.70129   20  784   67.00000   60.72451  9.37%   304  381s
  3147  2724   61.80047   21  760   67.00000   60.72451  9.37%   313  385s
  3215  2761   62.63495   23  719   67.00000   60.72451  9.37%   319  393s
  3247  2780   63.06674   24  698   67.00000   60.72451  9.37%   322  396s
  3276  2791   63.16525   25  696   67.00000   60.72451  9.37%   324  400s
  3297  2810   63.20304   26  669   67.00000   60.72451  9.37%   327  405s
  3341  2836   63.72593   28  609   67.00000   60.72451  9.37%   334  412s
  3364  2854   63.75572   28  626   67.00000   60.72451  9.37%   335  416s
  3389  2864   63.77888   29  605   67.00000   60.72451  9.37%   337  420s
  3430  2896   64.04924   30  604   67.00000   60.72451  9.37%   341  428s
  3453  2915   64.51241   30  585   67.00000   60.72451  9.37%   342  431s
  3484  2928   64.58430   31  583   67.00000   60.72451  9.37%   343  436s
  3551  2957   64.95687   32  579   67.00000   60.72451  9.37%   345  443s
  3591  2957   65.22270   32  559   67.00000   60.72451  9.37%   347  447s
  3628  2982   65.26991   33  558   67.00000   60.81987  9.22%   347  450s
  3675  3000   65.23385   33  552   67.00000   60.81987  9.22%   348  455s
  3723  3028   65.27393   34  558   67.00000   60.84347  9.19%   349  460s
  3852  3160   65.83727   37  544   67.00000   60.84347  9.19%   352  467s
  3965  3221   61.43168   39  810   67.00000   60.84347  9.19%   354  470s
  4191  3355   61.75715   42  772   67.00000   60.84347  9.19%   357  478s
  4311  3378   62.05178   44  755   67.00000   60.84347  9.19%   358  483s
  4374  3430   62.34339   46  714   67.00000   60.84347  9.19%   359  488s
  4447  3443   63.04315   50  695   67.00000   60.84347  9.19%   360  491s
  4484  3456   63.54513   52  664   67.00000   60.84347  9.19%   361  496s
  4510  3483   63.58252   53  658   67.00000   60.84347  9.19%   362  502s
  4545  3497   63.04499   51  696   67.00000   60.84347  9.19%   362  507s
  4571  3504   63.69477   53  653   67.00000   60.84347  9.19%   362  511s
  4587  3515   63.78067   54  648   67.00000   60.84347  9.19%   363  516s
  4603  3526   63.81876   55  646   67.00000   60.84347  9.19%   363  521s
  4619  3536   64.13798   56  637   67.00000   60.84347  9.19%   364  527s
  4635  3547   63.64751   54  653   67.00000   60.84347  9.19%   364  532s
  4651  3558   64.18642   57  637   67.00000   60.84347  9.19%   364  537s
  4667  3583   63.90453   56  643   67.00000   60.84347  9.19%   365  546s
  4698  3590   64.21720   58  648   67.00000   60.84347  9.19%   365  551s
  4715  3600   64.26693   59  638   67.00000   60.84347  9.19%   365  556s
  4731  3611   64.49134   58  610   67.00000   60.84347  9.19%   365  565s
  4747  3625   64.62390   60  626   67.00000   60.84347  9.19%   365  576s
  4774  3647   64.49134   59  610   67.00000   60.84347  9.19%   366  586s
  4805  3674   64.77195   60  597   67.00000   60.84347  9.19%   367  598s
  4843  3685   64.30545   60  649   67.00000   60.84347  9.19%   366  604s
  4866  3693   64.65130   61  624   67.00000   60.84347  9.19%   367  633s
  4882  3703   64.51775   61  633   67.00000   60.84347  9.19%   367  646s
  4899  3713   64.58624   62  643   67.00000   60.84347  9.19%   368  651s
  4915  3720   64.30926   61  642   67.00000   60.84347  9.19%   368  680s
  4935  3729   64.91263   62  618   67.00000   60.84347  9.19%   368  702s
  4951  3747   64.80281   63  636   67.00000   60.84347  9.19%   369  707s
  4974  3771   64.82848   64  639   67.00000   60.84347  9.19%   369  716s
  5006  3780   65.04674   64  620   67.00000   60.84347  9.19%   369  722s
  5026  3814   64.98780   62  608   67.00000   60.84347  9.19%   369  730s
  5066  3816   65.22244   65  603   67.00000   60.84347  9.19%   369  780s
  5082  3827   64.98213   65  613   67.00000   60.84347  9.19%   370  806s
  5098  3838   64.59329   63  642   67.00000   60.84347  9.19%   370  814s
  5114  3848   65.02930   66  610   67.00000   60.84347  9.19%   370  821s
  5130  3859   64.86083   65  642   67.00000   60.84347  9.19%   371  829s
  5146  3870   65.64559   66  595   67.00000   60.84347  9.19%   371  839s
  5162  3904   65.16654   66  628   67.00000   60.84347  9.19%   371  850s
  5202  3925   65.29571   66  593   67.00000   60.84347  9.19%   372  856s
  5236  3933   64.86083   66  643   67.00000   60.84347  9.19%   372  865s
  5255  3966   65.55648   68  609   67.00000   60.84347  9.19%   372  872s
  5323  3973   61.96826   56  763   67.00000   60.84347  9.19%   373  880s
  5354  3978   62.37863   64  734   67.00000   60.84347  9.19%   374  889s
  5380  4034   62.42844   65  719   67.00000   60.84347  9.19%   375  899s
  5444  4053   63.98462   83  642   67.00000   60.84347  9.19%   375  908s
  5495  4056   64.32104   90  640   67.00000   60.84347  9.19%   375  918s
  5539  4077   64.36758   91  640   67.00000   60.84347  9.19%   376  934s
  5580  4098   64.38131   92  642   67.00000   60.84347  9.19%   377  946s
  5637  4114   64.38234   93  642   67.00000   60.89301  9.11%   378  964s
  5679  4155   64.38638   94  643   67.00000   60.89301  9.11%   379  975s
  5740  4181   64.65865   95  603   67.00000   60.92124  9.07%   379  988s
  5786  4181   64.66867   96  600   67.00000   60.92124  9.07%   379 1001s
  5802  4192   64.67310   97  602   67.00000   60.92124  9.07%   380 1016s
  5818  4203   64.73682   98  599   67.00000   60.92124  9.07%   380 1030s
  5834  4213   64.77533   99  609   67.00000   60.92124  9.07%   380 1044s
  5850  4224   64.93373  100  593   67.00000   60.92124  9.07%   380 1056s
  5866  4235   64.93863  101  589   67.00000   60.92124  9.07%   380 1069s
  5882  4256   64.97202  102  593   67.00000   60.92124  9.07%   380 1094s
  5931  4277   65.15001  103  583   67.00000   60.92124  9.07%   383 1104s
  5968  4334   65.17281  104  581   67.00000   60.92124  9.07%   385 1118s
  6049  4326   65.24510  105  587   67.00000   60.92124  9.07%   388 1137s
  6068  4335   65.30442  107  581   67.00000   60.92124  9.07%   388 1151s
  6084  4351   65.75613  108  567   67.00000   60.92124  9.07%   388 1165s
  6117  4384   65.82917  109  569   67.00000   60.92124  9.07%   389 1180s
  6161  4436   65.82917  110  569   67.00000   60.92124  9.07%   389 1193s
  6256  4503   62.35530   66  785   67.00000   60.92124  9.07%   389 1209s
  6400  4471   62.36744   67  776   67.00000   60.92124  9.07%   393 1228s
  6416  4515   62.38494   68  785   67.00000   60.92124  9.07%   393 1246s
  6466  4560   62.38563   69  787   67.00000   60.92124  9.07%   393 1264s
  6527  4560   62.38563   70  787   67.00000   60.92124  9.07%   395 1283s
  6572  4569   62.42271   71  791   67.00000   60.92124  9.07%   395 1308s
  6604  4645   62.72117   72  765   67.00000   60.92124  9.07%   396 1334s
  6708  4757   62.74128   73  777   67.00000   60.92124  9.07%   397 1364s
  6879  4753   62.91458   74  744   67.00000   60.92124  9.07%   398 1384s
  6958  4794   62.92567   75  745   67.00000   60.92124  9.07%   400 1415s
  7035  4793   62.94032   76  739   67.00000   60.92124  9.07%   400 1438s
  7066  4855   62.96563   77  748   67.00000   60.92124  9.07%   401 1455s
  7166  5007   62.99558   78  730   67.00000   60.92124  9.07%   402 1475s
  7352  5014   64.33320  113  706   67.00000   60.92124  9.07%   402 1497s
  7463  5152   64.34504  114  704   67.00000   60.92124  9.07%   404 1522s
  7664  5149   64.54946  115  690   67.00000   60.92124  9.07%   407 1550s
  7752  5220   64.61001  116  681   67.00000   60.98424  8.98%   408 1575s
  7874  5195   64.65511  117  684   67.00000   60.98424  8.98%   409 1612s
  7890  5226   64.68315  118  687   67.00000   60.98424  8.98%   409 1640s
  7926  5275   65.20091  129  672   67.00000   60.98424  8.98%   409 1668s
  7989  5289   65.20091  130  672   67.00000   60.98424  8.98%   410 1699s
  8042  5310   65.28756  131  672   67.00000   61.01100  8.94%   409 1730s
  8101  5446   65.32240  132  668   67.00000   61.01100  8.94%   409 1761s
  8292  5420   65.97359  148  642   67.00000   61.01100  8.94%   412 1794s
  8340  5458   61.79533   59  806   67.00000   61.01100  8.94%   413 1826s
  8396  5505   61.79862   60  803   67.00000   61.01100  8.94%   413 1853s
  8470  5571   61.84754   61  811   67.00000   61.01100  8.94%   414 1884s
  8568  5635   61.89365   62  789   67.00000   61.01100  8.94%   414 1916s
  8691  5663   61.89365   63  789   67.00000   61.01100  8.94%   413 1953s
  8782  5718   61.91053   64  788   67.00000   61.01100  8.94%   413 1989s
  8867  5879   61.92398   65  792   67.00000   61.01100  8.94%   413 2023s
  9099  5823   61.95652   66  792   67.00000   61.01100  8.94%   412 2065s
  9120  5906   61.99122   68  807   67.00000   61.01100  8.94%   412 2101s
  9248  5885   62.00374   69  800   67.00000   61.01100  8.94%   412 2141s
  9270  5984   62.04828   70  807   67.00000   61.01100  8.94%   413 2178s
  9376  5989   62.05839   71  805   67.00000   61.01100  8.94%   412 2219s
  9416  6116   62.33634   72  775   67.00000   61.01100  8.94%   412 2259s
  9575  6274   62.47451   73  754   67.00000   61.01100  8.94%   413 2306s
  9820  6311   62.47451   74  753   67.00000   61.01100  8.94%   414 2351s
  9983  6353   64.55694  105  667   67.00000   61.01100  8.94%   415 2397s
 10084  6354   64.73672  106  628   67.00000   61.01100  8.94%   415 2438s
 10132  6529   64.85933  107  631   67.00000   61.01100  8.94%   415 2491s
 10361  6493   63.91869  105  701   67.00000   61.20357  8.65%   415 2541s
 10402  6524   63.96413  106  677   67.00000   61.20357  8.65%   415 2588s
 10446  6557   63.96413  107  677   67.00000   61.20357  8.65%   415 2640s
 10494  6629   63.99640  108  692   67.00000   61.20357  8.65%   415 2692s
 10608  6685   64.24872  115  689   67.00000   61.20357  8.65%   416 2740s
 10736  6772   64.26758  116  695   67.00000   61.20357  8.65%   416 2792s
 10878  6844   64.26788  117  697   67.00000   61.20357  8.65%   415 2847s
 11004  6920   65.42645  140  660   67.00000   61.20357  8.65%   415 2899s
 11092  7086   65.45254  141  663   67.00000   61.20357  8.65%   415 2958s
 11288  7102   62.76783  103  765   67.00000   61.20357  8.65%   415 3023s
 11304  7275   62.84237  104  775   67.00000   61.20357  8.65%   415 3096s
 11477  7556   62.84359  105  770   67.00000   61.20357  8.65%   413 3159s
 11816  7760   62.90929  106  770   67.00000   61.20357  8.65%   413 3224s
 12058  8000   64.09858  141  727   67.00000   61.20357  8.65%   413 3288s
 12326  8184   64.09962  142  727   67.00000   61.20357  8.65%   412 3360s
 12554  8525   64.76964  167  717   67.00000   61.20357  8.65%   414 3440s
 12937  8668   64.91096  168  718   67.00000   61.20357  8.65%   414 3509s
 13094  8720   64.91111  169  721   67.00000   61.20357  8.65%   414 3585s
 13146  8758   65.07349  176  730   67.00000   61.20357  8.65%   414 3665s
 13184  8976   65.08389  177  727   67.00000   61.20357  8.65%   414 3743s
 13414  9110   65.41912  194  720   67.00000   61.20357  8.65%   414 3823s
 13574  9426   65.42551  195  726   67.00000   61.20357  8.65%   415 3912s
 13902  9743   65.98836  213  709   67.00000   61.20357  8.65%   413 3994s
 14281  9995     cutoff  214        67.00000   61.22817  8.61%   414 4082s
 14563 10305   61.85913   43  783   67.00000   61.22817  8.61%   413 4168s
 14921 10607   61.85954   44  782   67.00000   61.22817  8.61%   413 4269s
 15267 10745   62.47652   74  762   67.00000   61.22817  8.61%   413 4364s
 15431 11025   62.52753   75  765   67.00000   61.22817  8.61%   414 4468s
 15725 11213   63.03650   95  750   67.00000   61.22817  8.61%   414 4577s
 15951 11534   63.05222   96  749   67.00000   61.22817  8.61%   415 4687s
 16288 11706   63.55246  107  720   67.00000   61.22817  8.61%   414 4801s
 16472 11974   63.90925  120  712   67.00000   61.22817  8.61%   414 4912s
 16740 12591   64.69336  149  718   67.00000   61.22817  8.61%   413 5032s
 17439 12617   63.68842  111  754   67.00000   61.22817  8.61%   412 5159s
 17473 12817   63.70174  112  750   67.00000   61.23929  8.60%   412 5290s
 17689 13060   64.45673  140  712   67.00000   61.23929  8.60%   411 5428s
 17998 13166   64.49717  141  713   67.00000   61.23929  8.60%   412 5568s
 18140 13316   64.55414  144  718   67.00000   61.23929  8.60%   412 5709s
 18290 13537   64.78934  155  711   67.00000   61.23929  8.60%   412 5848s
 18523 13950   65.23932  166  695   67.00000   61.23929  8.60%   411 5992s
 18990 14182   64.33679   68  659   67.00000   61.23929  8.60%   411 6148s
 19246 14394   65.68963  119  636   67.00000   61.33750  8.45%   411 6310s
 19514 14924   62.66896   49  750   67.00000   61.33750  8.45%   411 6484s
 20134 15236   63.87170   81  717   67.00000   61.33750  8.45%   410 6652s
 20474 15828   64.26193   98  711   67.00000   61.33750  8.45%   410 6876s
 21106 16749   65.27221  120  683   67.00000   61.33750  8.45%   409 7125s
 22129 17061   62.85033   72  744   67.00000   61.33750  8.45%   409 7351s
 22473 18013   63.25967   94  749   67.00000   61.33750  8.45%   409 7602s
 23621 18702   64.01304  122  705   67.00000   61.34996  8.43%   412 7836s
 24422 19447   64.52316   68  681   67.00000   61.34996  8.43%   411 8073s
 25253 20471   63.13539   47  725   67.00000   61.36235  8.41%   411 8323s
 26471 21121   62.47664   79  759   67.00000   61.41483  8.34%   411 8566s
 27201 22367   63.49357  109  741   67.00000   61.41483  8.34%   411 8824s
 28551 23392   61.91895   36  789   67.00000   61.41957  8.33%   409 9083s
 29701 24698   62.95676   86  766   67.00000   61.41957  8.33%   409 9353s
 31101 25796   63.02907   79  750   67.00000   61.41957  8.33%   408 9624s
 32319 26325   64.46963  129  726   67.00000   61.41957  8.33%   408 9929s
 32888 27276   65.58122  161  696   67.00000   61.41957  8.33%   408 10228s
 34057 28528   61.94855   40  784   67.00000   61.41957  8.33%   409 10533s
 35519 29773   62.75066   84  757   67.00000   61.41957  8.33%   410 10846s
 37063 30931   61.95325   37  782   67.00000   61.46570  8.26%   414 11170s
 38357 32489   61.84209   37  821   67.00000   61.47435  8.25%   414 11508s
 40242 33211   62.77850   81  743   67.00000   61.47435  8.25%   417 11856s
 41086 34526   64.41478  140  717   67.00000   61.47435  8.25%   417 12277s
 42647 35512   61.95817   30  778   67.00000   61.47435  8.25%   419 12703s
 43761 37404   64.28941   84  638   67.00000   61.47435  8.25%   420 13194s
 45815 37585   64.76853  158  725   67.00000   61.47435  8.25%   419 13656s
 46010 39569   64.79108  160  726   67.00000   61.47435  8.25%   419 14133s
 48412 40628   61.85900   54  819   67.00000   61.53712  8.15%   421 14400s

Cutting planes:
  Lift-and-project: 14
  Flow cover: 1119

Explored 49705 nodes (21024612 simplex iterations) in 14400.06 seconds (55082.11 work units)
Thread count was 32 (of 32 available processors)

Solution count 10: 67 68 69 ... 77

Time limit reached
Best objective 6.700000000000e+01, best bound 6.200000000000e+01, gap 7.4627%

User-callback calls 2614226, time in user-callback 10.76 sec
