
Gurobi 13.0.2 (linux64) logging started Wed Jul 22 14:13:52 2026

Set parameter LogFile to value "/tmp/sweep_20260721_030322_iran_alt400km_s75_i1_v5_gurobi.log"
Set parameter Method to value 1
Set parameter NodefileStart to value 4
Set parameter RINS to value 50
Gurobi Optimizer version 13.0.2 build v13.0.2rc1 (linux64 - "Debian GNU/Linux 13 (trixie)")

CPU model: Intel(R) Xeon(R) Platinum 8375C CPU @ 2.90GHz, instruction set [SSE2|AVX|AVX2|AVX512]
Thread count: 16 physical cores, 32 logical processors, using up to 32 threads

Non-default parameters:
TimeLimit  14400
MIPGap  0.001
Method  1
LPWarmStart  1
Heuristics  0.2
MIPFocus  1
NodefileStart  4
RINS  50
Symmetry  2
Cuts  2
CoverCuts  2
LogToConsole  0

Academic license 2812613 - for non-commercial use only - registered to no___@gatech.edu
Optimize a model with 63184 rows, 50260 columns and 13148016 nonzeros (Min)
Model fingerprint: 0x9f78b12b
Model has 50260 linear objective coefficients
Variable types: 0 continuous, 50260 integer (50260 binary)
Coefficient statistics:
  Matrix range     [1e+00, 1e+00]
  Objective range  [1e+00, 1e+00]
  Bounds range     [1e+00, 1e+00]
  RHS range        [8e+01, 8e+01]

Found heuristic solution: objective 28001.000000
Presolve removed 0 rows and 0 columns (presolve time = 5s)...
Presolve removed 0 rows and 0 columns (presolve time = 10s)...
Presolve removed 0 rows and 0 columns (presolve time = 15s)...
Presolve removed 0 rows and 0 columns (presolve time = 20s)...
Presolve removed 0 rows and 0 columns (presolve time = 26s)...
Presolve removed 0 rows and 0 columns (presolve time = 30s)...
Presolve removed 0 rows and 0 columns (presolve time = 35s)...
Presolve removed 0 rows and 0 columns (presolve time = 40s)...
Presolve removed 0 rows and 0 columns (presolve time = 45s)...
Presolve removed 0 rows and 0 columns (presolve time = 50s)...
Presolve removed 0 rows and 0 columns (presolve time = 55s)...
Presolve removed 0 rows and 0 columns (presolve time = 60s)...
Presolve removed 0 rows and 0 columns (presolve time = 65s)...
Presolve removed 0 rows and 0 columns (presolve time = 70s)...
Presolve removed 0 rows and 0 columns (presolve time = 75s)...
Presolve removed 0 rows and 0 columns (presolve time = 80s)...
Presolve removed 0 rows and 0 columns (presolve time = 85s)...
Presolve removed 0 rows and 0 columns (presolve time = 90s)...
Presolve removed 0 rows and 0 columns (presolve time = 95s)...
Presolve removed 0 rows and 0 columns (presolve time = 100s)...
Presolve removed 0 rows and 0 columns (presolve time = 105s)...
Presolve removed 0 rows and 0 columns (presolve time = 110s)...
Presolve removed 0 rows and 0 columns (presolve time = 115s)...
Presolve removed 0 rows and 0 columns (presolve time = 120s)...
Presolve removed 0 rows and 0 columns (presolve time = 125s)...
Presolve removed 0 rows and 0 columns (presolve time = 130s)...
Presolve time: 134.25s
Presolved: 63184 rows, 50260 columns, 13148016 nonzeros
Variable types: 0 continuous, 50260 integer (50260 binary)

Root simplex log...

Iteration    Objective       Primal Inf.    Dual Inf.      Time
       0    0.0000000e+00   4.738800e+06   0.000000e+00    136s
    2518    1.2295576e+04   2.129728e+06   0.000000e+00    140s
Warning: Markowitz tolerance tightened to 0.03125
    3533    1.2720722e+04   2.937239e+06   0.000000e+00    145s
    4548    1.3003873e+04   3.196578e+07   0.000000e+00    151s
Warning: Markowitz tolerance tightened to 0.125
    5273    1.3158181e+04   4.054383e+06   0.000000e+00    155s
    5998    1.3295052e+04   8.840269e+06   0.000000e+00    160s
    6723    1.3421824e+04   1.458464e+06   0.000000e+00    165s
    7433    1.3529086e+04   2.375358e+06   0.000000e+00    171s
    8093    1.3601828e+04   1.372889e+07   0.000000e+00    176s
    8603    1.3660574e+04   5.537052e+06   0.000000e+00    180s
    9223    1.3723057e+04   5.157131e+06   0.000000e+00    186s
    9703    1.3772635e+04   4.787729e+06   0.000000e+00    190s
   10303    1.3830798e+04   1.276519e+07   0.000000e+00    196s
   10783    1.3878769e+04   1.575132e+06   0.000000e+00    200s
   11373    1.3934536e+04   2.546625e+06   0.000000e+00    206s
   11833    1.3966713e+04   8.537826e+05   0.000000e+00    210s
   12383    1.4004980e+04   2.878391e+06   0.000000e+00    216s
   12823    1.4033606e+04   6.617907e+06   0.000000e+00    221s
   13263    1.4062973e+04   2.109467e+06   0.000000e+00    225s
   13703    1.4091242e+04   6.200540e+05   0.000000e+00    230s
   14213    1.4120864e+04   9.663093e+05   0.000000e+00    236s
   14623    1.4146814e+04   9.400052e+05   0.000000e+00    241s
   15043    1.4167893e+04   4.476402e+06   0.000000e+00    245s
   15443    1.4189379e+04   2.350927e+07   0.000000e+00    250s
   15843    1.4209316e+04   1.541522e+06   0.000000e+00    255s
   16343    1.4233608e+04   8.385171e+06   0.000000e+00    261s
   16743    1.4250131e+04   4.116323e+06   0.000000e+00    266s
   17143    1.4268090e+04   5.572532e+05   0.000000e+00    271s
   17543    1.4286988e+04   1.674842e+06   0.000000e+00    276s
   17843    1.4299558e+04   5.723839e+07   0.000000e+00    280s
   18313    1.4318996e+04   7.870639e+05   0.000000e+00    286s
   18603    1.4330929e+04   3.929072e+05   0.000000e+00    290s
   18973    1.4345463e+04   1.690511e+06   0.000000e+00    295s
   19343    1.4359345e+04   1.340657e+06   0.000000e+00    300s
   19713    1.4372000e+04   1.405503e+06   0.000000e+00    305s
   20083    1.4385823e+04   6.692850e+06   0.000000e+00    310s
   20453    1.4401008e+04   5.606029e+05   0.000000e+00    315s
   20823    1.4413631e+04   1.221825e+06   0.000000e+00    320s
   21183    1.4424664e+04   1.093375e+07   0.000000e+00    326s
   21543    1.4433663e+04   5.815907e+05   0.000000e+00    331s
   21813    1.4442565e+04   1.517752e+06   0.000000e+00    335s
   22173    1.4453522e+04   7.440281e+05   0.000000e+00    341s
   22533    1.4464211e+04   2.022136e+06   0.000000e+00    346s
   22803    1.4473313e+04   2.042043e+06   0.000000e+00    350s
   23163    1.4483656e+04   1.495631e+06   0.000000e+00    356s
   23433    1.4491080e+04   9.933123e+05   0.000000e+00    360s
   23793    1.4499786e+04   1.814888e+06   0.000000e+00    366s
   24053    1.4506775e+04   9.721848e+05   0.000000e+00    370s
   24413    1.4517337e+04   1.558415e+06   0.000000e+00    376s
   24683    1.4524673e+04   7.281556e+05   0.000000e+00    380s
   25023    1.4531939e+04   8.770453e+05   0.000000e+00    386s
   25283    1.4537710e+04   5.672699e+06   0.000000e+00    390s
   25653    1.4545996e+04   9.172973e+05   0.000000e+00    396s
   25943    1.4551789e+04   1.043032e+06   0.000000e+00    401s
   26243    1.4558472e+04   3.769988e+06   0.000000e+00    406s
   26493    1.4563999e+04   8.616255e+06   0.000000e+00    411s
   26813    1.4571448e+04   6.322794e+05   0.000000e+00    416s
   27083    1.4576769e+04   1.243174e+06   0.000000e+00    421s
   27423    1.4583611e+04   8.033570e+05   0.000000e+00    427s
   27673    1.4587967e+04   1.533797e+06   0.000000e+00    431s
   27923    1.4592562e+04   8.747994e+05   0.000000e+00    435s
   28293    1.4599652e+04   2.154674e+06   0.000000e+00    442s
   28543    1.4604010e+04   8.819530e+05   0.000000e+00    446s
   28783    1.4608556e+04   8.365402e+05   0.000000e+00    451s
   29033    1.4613027e+04   3.312205e+05   0.000000e+00    455s
   29283    1.4617715e+04   1.529149e+06   0.000000e+00    460s
   29673    1.4624685e+04   1.103818e+06   0.000000e+00    467s
   29913    1.4628552e+04   1.176863e+06   0.000000e+00    472s
   30163    1.4632587e+04   7.521421e+06   0.000000e+00    476s
   30403    1.4636730e+04   2.301955e+06   0.000000e+00    481s
   30643    1.4640793e+04   2.311813e+06   0.000000e+00    485s
   30883    1.4644933e+04   1.443766e+06   0.000000e+00    490s
   31243    1.4649928e+04   4.335285e+06   0.000000e+00    497s
   31483    1.4653316e+04   8.300644e+05   0.000000e+00    502s
   31713    1.4656509e+04   4.843997e+05   0.000000e+00    506s
   31953    1.4659592e+04   3.697960e+05   0.000000e+00    511s
   32193    1.4662881e+04   3.489152e+06   0.000000e+00    516s
   32433    1.4666108e+04   1.209274e+06   0.000000e+00    521s
   32673    1.4669069e+04   8.243483e+05   0.000000e+00    526s
   32913    1.4672784e+04   8.195420e+05   0.000000e+00    531s
   33153    1.4676032e+04   8.138826e+05   0.000000e+00    535s
   33373    1.4678520e+04   3.945264e+06   0.000000e+00    540s
   33723    1.4682694e+04   4.473866e+05   0.000000e+00    547s
   33943    1.4685306e+04   2.125241e+06   0.000000e+00    552s
   34173    1.4688572e+04   1.919924e+06   0.000000e+00    557s
   34393    1.4690933e+04   2.271420e+06   0.000000e+00    561s
   34623    1.4693320e+04   2.907505e+06   0.000000e+00    566s
   34843    1.4695727e+04   5.395096e+06   0.000000e+00    571s
   35073    1.4698205e+04   1.677190e+06   0.000000e+00    576s
   35293    1.4700727e+04   1.714966e+06   0.000000e+00    581s
   35523    1.4703091e+04   1.468578e+06   0.000000e+00    585s
   35743    1.4705302e+04   1.489500e+06   0.000000e+00    590s
   35963    1.4707591e+04   7.892510e+05   0.000000e+00    595s
   36203    1.4710512e+04   7.624609e+05   0.000000e+00    600s
   36543    1.4714123e+04   8.344373e+05   0.000000e+00    607s
   36763    1.4716488e+04   3.657574e+05   0.000000e+00    612s
   36983    1.4718634e+04   5.959350e+06   0.000000e+00    617s
   37203    1.4720790e+04   1.775510e+06   0.000000e+00    622s
   37423    1.4722872e+04   3.605239e+05   0.000000e+00    627s
   37643    1.4724956e+04   9.078546e+05   0.000000e+00    632s
   37863    1.4727536e+04   3.814178e+05   0.000000e+00    637s
   38083    1.4729779e+04   1.452528e+06   0.000000e+00    641s
   38303    1.4732016e+04   2.451023e+05   0.000000e+00    646s
   38523    1.4734344e+04   5.755905e+05   0.000000e+00    651s
   38743    1.4736734e+04   5.161393e+05   0.000000e+00    656s
   38963    1.4739109e+04   9.927153e+05   0.000000e+00    661s
   39183    1.4741128e+04   8.334396e+05   0.000000e+00    666s
   39403    1.4743011e+04   3.804379e+06   0.000000e+00    671s
   39623    1.4745160e+04   4.639214e+05   0.000000e+00    676s
   39843    1.4747061e+04   8.771566e+05   0.000000e+00    681s
   40063    1.4749171e+04   3.821348e+06   0.000000e+00    686s
   40283    1.4751300e+04   9.255609e+05   0.000000e+00    692s
   40503    1.4753084e+04   6.472605e+05   0.000000e+00    697s
   40723    1.4754754e+04   3.930712e+05   0.000000e+00    702s
   40943    1.4756617e+04   4.596473e+05   0.000000e+00    707s
   41153    1.4758537e+04   3.458117e+05   0.000000e+00    712s
   41393    1.4760287e+04   1.901192e+05   0.000000e+00    718s
   41503    1.4761198e+04   1.248990e+06   0.000000e+00    720s
   41753    1.4763098e+04   6.835298e+05   0.000000e+00    726s
   41983    1.4764613e+04   1.535709e+06   0.000000e+00    732s
   42203    1.4766073e+04   5.591891e+05   0.000000e+00    737s
   42403    1.4767758e+04   1.032357e+06   0.000000e+00    742s
   42653    1.4769423e+04   7.952034e+05   0.000000e+00    748s
   42773    1.4770043e+04   1.295531e+06   0.000000e+00    751s
   43003    1.4771517e+04   5.703817e+05   0.000000e+00    756s
   43253    1.4773139e+04   1.332627e+06   0.000000e+00    763s
   43383    1.4774062e+04   6.779339e+05   0.000000e+00    766s
   43663    1.4776334e+04   1.375037e+06   0.000000e+00    772s
   43793    1.4777356e+04   3.632256e+05   0.000000e+00    776s
   44053    1.4779609e+04   4.073512e+05   0.000000e+00    782s
   44193    1.4780731e+04   1.824824e+06   0.000000e+00    785s
   44453    1.4782798e+04   2.709505e+05   0.000000e+00    792s
   44573    1.4783719e+04   2.827517e+06   0.000000e+00    795s
   44833    1.4785664e+04   1.313315e+06   0.000000e+00    801s
   45103    1.4787830e+04   3.858857e+05   0.000000e+00    808s
   45233    1.4788715e+04   7.994564e+05   0.000000e+00    811s
   45503    1.4790864e+04   3.003969e+06   0.000000e+00    818s
   45633    1.4791946e+04   2.015048e+05   0.000000e+00    821s
   45893    1.4793583e+04   7.203395e+05   0.000000e+00    828s
   46023    1.4794306e+04   5.174732e+06   0.000000e+00    831s
   46283    1.4796122e+04   5.827621e+05   0.000000e+00    838s
   46413    1.4797113e+04   2.795165e+05   0.000000e+00    841s
   46673    1.4798968e+04   9.508259e+05   0.000000e+00    848s
   46813    1.4800027e+04   5.184175e+05   0.000000e+00    851s
   47053    1.4801889e+04   1.760533e+05   0.000000e+00    858s
   47173    1.4802675e+04   1.670556e+05   0.000000e+00    861s
   47433    1.4804419e+04   9.883254e+05   0.000000e+00    867s
   47553    1.4805172e+04   2.699109e+05   0.000000e+00    870s
   47813    1.4806765e+04   2.706259e+05   0.000000e+00    877s
   47943    1.4807655e+04   9.551132e+05   0.000000e+00    881s
   48203    1.4809459e+04   2.329695e+06   0.000000e+00    888s
   48333    1.4810177e+04   4.971184e+05   0.000000e+00    891s
   48593    1.4811726e+04   4.454848e+06   0.000000e+00    898s
   48723    1.4812441e+04   7.424115e+05   0.000000e+00    901s
   48983    1.4813913e+04   7.610931e+05   0.000000e+00    908s
   49113    1.4814557e+04   2.602547e+05   0.000000e+00    912s
   49243    1.4815244e+04   5.504197e+05   0.000000e+00    915s
   49503    1.4816715e+04   9.643350e+05   0.000000e+00    922s
   49633    1.4817424e+04   4.746207e+05   0.000000e+00    926s
   49893    1.4818985e+04   3.435842e+05   0.000000e+00    933s
   50023    1.4819808e+04   6.416945e+05   0.000000e+00    936s
   50273    1.4821324e+04   1.163202e+06   0.000000e+00    943s
   50393    1.4821962e+04   3.762318e+05   0.000000e+00    946s
   50653    1.4823590e+04   1.901621e+06   0.000000e+00    953s
   50783    1.4824476e+04   5.362537e+05   0.000000e+00    957s
   50913    1.4825279e+04   5.336270e+05   0.000000e+00    960s
   51173    1.4826799e+04   4.774616e+05   0.000000e+00    967s
   51293    1.4827530e+04   2.300374e+06   0.000000e+00    970s
   51553    1.4829082e+04   5.817812e+05   0.000000e+00    977s
   51683    1.4829832e+04   5.926184e+05   0.000000e+00    981s
   51923    1.4831216e+04   1.308879e+06   0.000000e+00    988s
   52053    1.4831776e+04   1.388133e+06   0.000000e+00    991s
   52303    1.4833258e+04   7.073159e+05   0.000000e+00    998s
   52423    1.4833984e+04   3.141362e+05   0.000000e+00   1002s
   52553    1.4834671e+04   2.837360e+05   0.000000e+00   1005s
   52803    1.4835958e+04   6.681768e+05   0.000000e+00   1012s
   52943    1.4836767e+04   3.133535e+05   0.000000e+00   1016s
   53203    1.4837996e+04   1.442898e+05   0.000000e+00   1023s
   53333    1.4838564e+04   5.933243e+05   0.000000e+00   1027s
   53453    1.4839104e+04   3.030599e+05   0.000000e+00   1030s
   53693    1.4840202e+04   1.062717e+06   0.000000e+00   1037s
   53813    1.4840817e+04   1.449966e+06   0.000000e+00   1041s
   54053    1.4842009e+04   1.505684e+06   0.000000e+00   1047s
   54173    1.4842537e+04   4.339483e+05   0.000000e+00   1051s
   54413    1.4843724e+04   6.805889e+05   0.000000e+00   1058s
   54533    1.4844330e+04   1.319628e+05   0.000000e+00   1061s
   54783    1.4845389e+04   1.385613e+05   0.000000e+00   1068s
   54903    1.4846021e+04   1.257660e+06   0.000000e+00   1072s
   55023    1.4846574e+04   4.615840e+05   0.000000e+00   1075s
   55293    1.4847847e+04   6.809416e+05   0.000000e+00   1083s
   55413    1.4848377e+04   8.630341e+05   0.000000e+00   1086s
   55653    1.4849293e+04   2.580235e+05   0.000000e+00   1093s
   55793    1.4849843e+04   3.856893e+05   0.000000e+00   1097s
   55923    1.4850356e+04   1.505130e+06   0.000000e+00   1101s
   56163    1.4851298e+04   3.384857e+05   0.000000e+00   1108s
   56293    1.4851868e+04   1.130241e+06   0.000000e+00   1112s
   56423    1.4852385e+04   4.137799e+05   0.000000e+00   1115s
   56693    1.4853551e+04   3.080386e+05   0.000000e+00   1123s
   56833    1.4854140e+04   5.192804e+05   0.000000e+00   1127s
   56963    1.4854712e+04   7.885942e+05   0.000000e+00   1130s
   57223    1.4855710e+04   2.764123e+05   0.000000e+00   1138s
   57363    1.4856298e+04   6.738239e+05   0.000000e+00   1142s
   57483    1.4856763e+04   2.973849e+05   0.000000e+00   1145s
   57733    1.4857806e+04   7.553077e+05   0.000000e+00   1153s
   57853    1.4858345e+04   1.404106e+05   0.000000e+00   1156s
   58093    1.4859177e+04   8.208412e+05   0.000000e+00   1163s
   58233    1.4859689e+04   4.189649e+05   0.000000e+00   1167s
   58373    1.4860273e+04   2.020746e+05   0.000000e+00   1171s
   58523    1.4860854e+04   6.241080e+05   0.000000e+00   1175s
   58783    1.4861815e+04   2.616313e+06   0.000000e+00   1183s
   58903    1.4862274e+04   1.115395e+06   0.000000e+00   1186s
   59023    1.4862735e+04   2.353439e+05   0.000000e+00   1190s
   59303    1.4863709e+04   2.885871e+05   0.000000e+00   1198s
   59443    1.4864275e+04   5.130454e+05   0.000000e+00   1202s
   59573    1.4864775e+04   8.661625e+05   0.000000e+00   1206s
   59713    1.4865236e+04   6.900611e+05   0.000000e+00   1210s
   59993    1.4866087e+04   5.620134e+05   0.000000e+00   1218s
   60133    1.4866552e+04   1.608444e+06   0.000000e+00   1223s
   60263    1.4867085e+04   3.310578e+05   0.000000e+00   1227s
   60403    1.4867537e+04   8.501214e+05   0.000000e+00   1231s
   60683    1.4868607e+04   1.929076e+06   0.000000e+00   1239s
   60823    1.4869210e+04   7.002124e+05   0.000000e+00   1243s
   60953    1.4869654e+04   7.980803e+05   0.000000e+00   1247s
   61073    1.4870119e+04   9.134006e+05   0.000000e+00   1251s
   61313    1.4871048e+04   4.192727e+05   0.000000e+00   1258s
   61433    1.4871464e+04   2.645979e+05   0.000000e+00   1262s
   61563    1.4871967e+04   5.431161e+05   0.000000e+00   1266s
   61823    1.4872819e+04   3.375507e+05   0.000000e+00   1274s
   61963    1.4873327e+04   1.877964e+06   0.000000e+00   1278s
   62103    1.4873792e+04   1.862186e+05   0.000000e+00   1282s
   62243    1.4874259e+04   8.497201e+05   0.000000e+00   1286s
   62383    1.4874771e+04   8.385029e+05   0.000000e+00   1290s
   62663    1.4875855e+04   2.417613e+05   0.000000e+00   1299s
   62813    1.4876449e+04   1.305466e+06   0.000000e+00   1303s
   62953    1.4877048e+04   1.224730e+06   0.000000e+00   1307s
   63093    1.4877597e+04   6.480056e+05   0.000000e+00   1312s
   63233    1.4878148e+04   5.110580e+05   0.000000e+00   1316s
   63373    1.4878678e+04   3.705492e+05   0.000000e+00   1320s
   63653    1.4879605e+04   3.159269e+05   0.000000e+00   1329s
   63793    1.4880009e+04   5.239355e+05   0.000000e+00   1333s
   63933    1.4880542e+04   7.499785e+05   0.000000e+00   1337s
   64073    1.4881028e+04   2.860830e+05   0.000000e+00   1342s
   64213    1.4881520e+04   7.513378e+05   0.000000e+00   1346s
   64353    1.4881883e+04   2.926829e+05   0.000000e+00   1350s
   64633    1.4882728e+04   2.866361e+06   0.000000e+00   1359s
   64773    1.4883236e+04   4.879180e+05   0.000000e+00   1363s
   64913    1.4883695e+04   1.901995e+05   0.000000e+00   1368s
   65043    1.4884230e+04   4.130040e+05   0.000000e+00   1372s
   65183    1.4884801e+04   6.764565e+05   0.000000e+00   1377s
   65333    1.4885324e+04   2.355937e+05   0.000000e+00   1381s
   65483    1.4885837e+04   7.266664e+05   0.000000e+00   1386s
   65623    1.4886321e+04   5.897515e+05   0.000000e+00   1390s
   65903    1.4887173e+04   5.714302e+05   0.000000e+00   1399s
   66043    1.4887560e+04   3.936031e+05   0.000000e+00   1404s
   66173    1.4888014e+04   3.091538e+05   0.000000e+00   1408s
   66313    1.4888420e+04   2.948935e+05   0.000000e+00   1412s
   66453    1.4888889e+04   1.305411e+05   0.000000e+00   1417s
   66593    1.4889309e+04   2.677936e+05   0.000000e+00   1421s
   66743    1.4889755e+04   3.844920e+05   0.000000e+00   1426s
   66883    1.4890174e+04   1.785645e+05   0.000000e+00   1431s
   67023    1.4890601e+04   1.549818e+06   0.000000e+00   1435s
   67293    1.4891440e+04   1.788844e+05   0.000000e+00   1444s
   67423    1.4891762e+04   3.582291e+05   0.000000e+00   1448s
   67563    1.4892127e+04   1.182533e+06   0.000000e+00   1453s
   67713    1.4892548e+04   8.982566e+05   0.000000e+00   1458s
   67853    1.4892939e+04   1.817538e+05   0.000000e+00   1462s
   67993    1.4893336e+04   2.753533e+05   0.000000e+00   1467s
   68133    1.4893637e+04   4.262969e+05   0.000000e+00   1472s
   68263    1.4894022e+04   4.046306e+05   0.000000e+00   1476s
   68393    1.4894414e+04   5.821809e+05   0.000000e+00   1480s
   68653    1.4895257e+04   2.188462e+05   0.000000e+00   1489s
   68783    1.4895594e+04   2.868890e+05   0.000000e+00   1493s
   68913    1.4895974e+04   3.715822e+05   0.000000e+00   1498s
   69063    1.4896381e+04   1.531335e+05   0.000000e+00   1502s
   69213    1.4896725e+04   2.706148e+05   0.000000e+00   1507s
   69353    1.4897096e+04   4.066506e+05   0.000000e+00   1512s
   69503    1.4897515e+04   1.283163e+06   0.000000e+00   1517s
   69643    1.4897899e+04   1.251514e+06   0.000000e+00   1521s
   69793    1.4898284e+04   1.338362e+06   0.000000e+00   1526s
   69933    1.4898659e+04   4.378751e+05   0.000000e+00   1531s
   70063    1.4899058e+04   3.709571e+05   0.000000e+00   1535s
   70323    1.4899839e+04   4.562154e+05   0.000000e+00   1544s
   70463    1.4900218e+04   1.075889e+05   0.000000e+00   1549s
   70603    1.4900610e+04   1.672650e+05   0.000000e+00   1554s
   70743    1.4901049e+04   4.010380e+05   0.000000e+00   1558s
   70883    1.4901458e+04   4.505269e+05   0.000000e+00   1563s
   71023    1.4901755e+04   1.755594e+05   0.000000e+00   1568s
   71153    1.4902123e+04   2.401045e+05   0.000000e+00   1573s
   71283    1.4902371e+04   1.310698e+06   0.000000e+00   1577s
   71423    1.4902633e+04   4.875225e+05   0.000000e+00   1582s
   71563    1.4902962e+04   1.893221e+05   0.000000e+00   1587s
   71693    1.4903318e+04   7.570043e+05   0.000000e+00   1591s
   71823    1.4903597e+04   1.496897e+06   0.000000e+00   1596s
   71953    1.4903941e+04   2.003792e+05   0.000000e+00   1600s
   72233    1.4904691e+04   1.566012e+05   0.000000e+00   1610s
   72383    1.4905009e+04   2.583198e+05   0.000000e+00   1615s
   72523    1.4905336e+04   2.648851e+05   0.000000e+00   1619s
   72663    1.4905643e+04   1.943478e+06   0.000000e+00   1624s
   72793    1.4905914e+04   1.748235e+05   0.000000e+00   1629s
   72923    1.4906154e+04   2.250189e+06   0.000000e+00   1633s
   73053    1.4906400e+04   1.430611e+05   0.000000e+00   1638s
   73183    1.4906742e+04   4.156550e+05   0.000000e+00   1643s
   73323    1.4907064e+04   2.295132e+06   0.000000e+00   1648s
   73453    1.4907348e+04   7.595492e+05   0.000000e+00   1652s
   73583    1.4907691e+04   2.264456e+05   0.000000e+00   1657s
   73713    1.4907989e+04   3.613503e+05   0.000000e+00   1661s
   73843    1.4908373e+04   1.836751e+05   0.000000e+00   1666s
   73983    1.4908704e+04   6.346392e+05   0.000000e+00   1671s
   74113    1.4909098e+04   1.410346e+05   0.000000e+00   1675s
   74253    1.4909416e+04   3.832464e+05   0.000000e+00   1680s
   74523    1.4910103e+04   3.531966e+05   0.000000e+00   1690s
   74663    1.4910361e+04   7.962285e+05   0.000000e+00   1695s
   74803    1.4910746e+04   8.128145e+05   0.000000e+00   1700s
   74953    1.4911146e+04   1.337750e+05   0.000000e+00   1705s
   75093    1.4911461e+04   3.344867e+05   0.000000e+00   1710s
   75243    1.4911766e+04   1.651345e+05   0.000000e+00   1715s
   75383    1.4912076e+04   4.966004e+05   0.000000e+00   1720s
   75523    1.4912402e+04   2.071704e+05   0.000000e+00   1725s
   75673    1.4912818e+04   3.193180e+05   0.000000e+00   1731s
   75813    1.4913104e+04   8.306506e+05   0.000000e+00   1736s
   75963    1.4913351e+04   3.612155e+05   0.000000e+00   1741s
   76103    1.4913619e+04   2.644186e+05   0.000000e+00   1746s
   76243    1.4913921e+04   1.748426e+05   0.000000e+00   1751s
   76373    1.4914199e+04   4.557802e+05   0.000000e+00   1756s
   76513    1.4914497e+04   2.018751e+05   0.000000e+00   1761s
   76643    1.4914804e+04   6.197689e+05   0.000000e+00   1766s
   76783    1.4915159e+04   5.045063e+05   0.000000e+00   1771s
   76933    1.4915478e+04   2.282806e+05   0.000000e+00   1776s
   77073    1.4915810e+04   3.656568e+05   0.000000e+00   1781s
   77213    1.4916167e+04   6.215881e+05   0.000000e+00   1786s
   77343    1.4916461e+04   6.539095e+05   0.000000e+00   1791s
   77483    1.4916847e+04   5.066319e+05   0.000000e+00   1796s
   77623    1.4917224e+04   4.598134e+05   0.000000e+00   1801s
   77763    1.4917586e+04   3.894873e+05   0.000000e+00   1806s
   77913    1.4917895e+04   4.606316e+05   0.000000e+00   1811s
   78063    1.4918280e+04   2.658186e+05   0.000000e+00   1817s
   78203    1.4918588e+04   2.228731e+05   0.000000e+00   1822s
   78343    1.4918894e+04   4.855989e+05   0.000000e+00   1827s
   78493    1.4919251e+04   2.607808e+05   0.000000e+00   1832s
   78643    1.4919576e+04   1.148629e+05   0.000000e+00   1838s
   78783    1.4919871e+04   4.071812e+05   0.000000e+00   1843s
   78933    1.4920184e+04   3.503194e+05   0.000000e+00   1849s
   79073    1.4920506e+04   1.504808e+05   0.000000e+00   1854s
   79213    1.4920814e+04   2.001861e+05   0.000000e+00   1859s
   79353    1.4921145e+04   6.643275e+05   0.000000e+00   1864s
   79493    1.4921484e+04   4.550026e+06   0.000000e+00   1870s
   79633    1.4921804e+04   9.920598e+05   0.000000e+00   1875s
   79773    1.4922113e+04   3.019937e+05   0.000000e+00   1880s
   79933    1.4922513e+04   2.368644e+05   0.000000e+00   1886s
   80083    1.4922875e+04   1.339137e+05   0.000000e+00   1891s
   80233    1.4923159e+04   2.356614e+05   0.000000e+00   1897s
   80393    1.4923524e+04   9.305147e+04   0.000000e+00   1903s
   80533    1.4923812e+04   1.059613e+06   0.000000e+00   1908s
   80673    1.4924066e+04   6.626616e+05   0.000000e+00   1913s
   80823    1.4924347e+04   2.624481e+05   0.000000e+00   1919s
   80963    1.4924660e+04   1.273096e+05   0.000000e+00   1924s
   81103    1.4924982e+04   2.433948e+05   0.000000e+00   1929s
   81243    1.4925290e+04   1.302299e+05   0.000000e+00   1934s
   81383    1.4925576e+04   5.269117e+05   0.000000e+00   1939s
   81523    1.4925838e+04   6.464999e+05   0.000000e+00   1945s
   81653    1.4926091e+04   4.417361e+05   0.000000e+00   1949s
   81793    1.4926493e+04   4.545479e+05   0.000000e+00   1955s
   81923    1.4926834e+04   3.206044e+05   0.000000e+00   1960s
   82063    1.4927102e+04   2.288674e+06   0.000000e+00   1965s
   82203    1.4927387e+04   2.492333e+05   0.000000e+00   1970s
   82343    1.4927629e+04   1.404144e+06   0.000000e+00   1976s
   82483    1.4927964e+04   3.774095e+05   0.000000e+00   1981s
   82623    1.4928238e+04   2.858107e+05   0.000000e+00   1986s
   82763    1.4928533e+04   3.234245e+05   0.000000e+00   1991s
   82893    1.4928844e+04   2.688295e+05   0.000000e+00   1996s
   83033    1.4929111e+04   4.215939e+05   0.000000e+00   2001s
   83173    1.4929407e+04   1.829806e+05   0.000000e+00   2007s
   83313    1.4929627e+04   1.739611e+05   0.000000e+00   2012s
   83443    1.4929825e+04   1.744800e+05   0.000000e+00   2017s
   83583    1.4930064e+04   6.502578e+05   0.000000e+00   2022s
   83723    1.4930298e+04   4.275996e+05   0.000000e+00   2027s
   83863    1.4930570e+04   3.922181e+05   0.000000e+00   2033s
   84003    1.4930847e+04   4.598958e+05   0.000000e+00   2038s
   84143    1.4931107e+04   4.816829e+05   0.000000e+00   2043s
   84283    1.4931383e+04   9.766744e+04   0.000000e+00   2049s
   84423    1.4931676e+04   1.658187e+05   0.000000e+00   2054s
   84573    1.4931946e+04   1.324237e+05   0.000000e+00   2060s
   84713    1.4932224e+04   4.628207e+05   0.000000e+00   2065s
   84853    1.4932497e+04   3.187922e+05   0.000000e+00   2071s
   85003    1.4932765e+04   2.995042e+05   0.000000e+00   2076s
   85143    1.4933057e+04   2.324599e+05   0.000000e+00   2082s
   85283    1.4933281e+04   3.534670e+05   0.000000e+00   2087s
   85433    1.4933566e+04   6.935046e+05   0.000000e+00   2093s
   85583    1.4933839e+04   2.722562e+05   0.000000e+00   2098s
   85743    1.4934088e+04   1.452020e+05   0.000000e+00   2104s
   85903    1.4934334e+04   5.364612e+05   0.000000e+00   2110s
   86043    1.4934630e+04   1.394501e+05   0.000000e+00   2116s
   86203    1.4934932e+04   2.153133e+05   0.000000e+00   2122s
   86353    1.4935248e+04   2.484902e+05   0.000000e+00   2127s
   86493    1.4935523e+04   9.609757e+04   0.000000e+00   2133s
   86643    1.4935842e+04   6.973600e+05   0.000000e+00   2138s
   86783    1.4936115e+04   2.986451e+05   0.000000e+00   2144s
   86923    1.4936383e+04   8.477171e+05   0.000000e+00   2149s
   87063    1.4936603e+04   1.253425e+05   0.000000e+00   2155s
   87213    1.4936832e+04   4.853742e+05   0.000000e+00   2160s
   87353    1.4937053e+04   2.003052e+05   0.000000e+00   2166s
   87493    1.4937309e+04   1.850270e+05   0.000000e+00   2171s
   87633    1.4937555e+04   1.749570e+05   0.000000e+00   2177s
   87763    1.4937779e+04   1.319968e+05   0.000000e+00   2182s
   87923    1.4938083e+04   1.363494e+05   0.000000e+00   2188s
   88073    1.4938356e+04   5.048855e+05   0.000000e+00   2194s
   88223    1.4938605e+04   3.808642e+05   0.000000e+00   2200s
   88373    1.4938879e+04   3.475374e+05   0.000000e+00   2206s
   88513    1.4939198e+04   1.365528e+05   0.000000e+00   2211s
   88663    1.4939476e+04   2.101276e+05   0.000000e+00   2217s
   88823    1.4939772e+04   1.067383e+05   0.000000e+00   2223s
   88973    1.4940037e+04   1.134894e+05   0.000000e+00   2229s
   89123    1.4940310e+04   9.716343e+05   0.000000e+00   2235s
   89263    1.4940525e+04   1.895314e+06   0.000000e+00   2241s
   89413    1.4940748e+04   2.127436e+05   0.000000e+00   2246s
   89573    1.4940995e+04   4.203554e+05   0.000000e+00   2253s
   89733    1.4941222e+04   1.231241e+06   0.000000e+00   2259s
   89893    1.4941461e+04   1.370483e+05   0.000000e+00   2265s
   90033    1.4941767e+04   4.639396e+05   0.000000e+00   2271s
   90173    1.4942030e+04   1.735077e+05   0.000000e+00   2276s
   90313    1.4942270e+04   2.377432e+05   0.000000e+00   2282s
   90463    1.4942528e+04   7.145585e+05   0.000000e+00   2288s
   90613    1.4942794e+04   2.225151e+05   0.000000e+00   2294s
   90793    1.4943079e+04   2.811914e+05   0.000000e+00   2300s
   90963    1.4943328e+04   1.118771e+06   0.000000e+00   2307s
   91113    1.4943543e+04   7.404450e+04   0.000000e+00   2313s
   91263    1.4943775e+04   2.268509e+06   0.000000e+00   2319s
   91403    1.4943994e+04   6.114745e+05   0.000000e+00   2325s
   91553    1.4944268e+04   4.402971e+05   0.000000e+00   2331s
   91713    1.4944567e+04   2.152473e+05   0.000000e+00   2337s
   91853    1.4944796e+04   6.037834e+05   0.000000e+00   2343s
   91993    1.4945071e+04   1.337807e+05   0.000000e+00   2348s
   92133    1.4945305e+04   6.666770e+05   0.000000e+00   2354s
   92293    1.4945536e+04   5.053644e+05   0.000000e+00   2360s
   92443    1.4945768e+04   3.027856e+05   0.000000e+00   2366s
   92603    1.4946024e+04   4.119326e+05   0.000000e+00   2373s
   92773    1.4946269e+04   2.112129e+05   0.000000e+00   2379s
   92923    1.4946509e+04   1.417478e+05   0.000000e+00   2385s
   93063    1.4946758e+04   3.389117e+05   0.000000e+00   2391s
   93203    1.4946943e+04   4.058120e+05   0.000000e+00   2397s
   93353    1.4947192e+04   3.646823e+05   0.000000e+00   2403s
   93503    1.4947419e+04   3.710285e+05   0.000000e+00   2409s
   93653    1.4947682e+04   5.730963e+05   0.000000e+00   2415s
   93803    1.4947926e+04   2.810469e+05   0.000000e+00   2421s
   93953    1.4948198e+04   2.195500e+05   0.000000e+00   2427s
   94093    1.4948426e+04   3.151487e+05   0.000000e+00   2433s
   94243    1.4948612e+04   2.923391e+05   0.000000e+00   2439s
   94403    1.4948818e+04   3.171327e+05   0.000000e+00   2445s
   94563    1.4949082e+04   2.888590e+05   0.000000e+00   2452s
   94713    1.4949329e+04   1.041741e+05   0.000000e+00   2458s
   94863    1.4949535e+04   5.385330e+05   0.000000e+00   2464s
   95023    1.4949815e+04   1.988726e+05   0.000000e+00   2471s
   95173    1.4950030e+04   1.885064e+05   0.000000e+00   2477s
   95323    1.4950252e+04   1.010430e+06   0.000000e+00   2483s
   95463    1.4950475e+04   5.423314e+05   0.000000e+00   2489s
   95603    1.4950689e+04   1.428524e+06   0.000000e+00   2495s
   95753    1.4950938e+04   2.054288e+05   0.000000e+00   2501s
   95913    1.4951201e+04   1.865863e+05   0.000000e+00   2508s
   96073    1.4951398e+04   2.728353e+05   0.000000e+00   2515s
   96223    1.4951630e+04   4.613688e+05   0.000000e+00   2521s
   96373    1.4951879e+04   3.254357e+05   0.000000e+00   2527s
   96523    1.4952123e+04   3.982273e+05   0.000000e+00   2533s
   96673    1.4952350e+04   1.633041e+05   0.000000e+00   2540s
   96823    1.4952615e+04   1.484751e+05   0.000000e+00   2546s
   96973    1.4952865e+04   3.267456e+05   0.000000e+00   2552s
   97133    1.4953069e+04   3.326925e+05   0.000000e+00   2559s
   97303    1.4953301e+04   2.372860e+05   0.000000e+00   2565s
   97463    1.4953565e+04   2.061389e+05   0.000000e+00   2572s
   97613    1.4953798e+04   7.668091e+04   0.000000e+00   2578s
   97773    1.4954040e+04   1.498160e+06   0.000000e+00   2585s
   97933    1.4954308e+04   2.196581e+05   0.000000e+00   2592s
   98093    1.4954525e+04   3.008303e+06   0.000000e+00   2598s
   98253    1.4954813e+04   5.946638e+05   0.000000e+00   2605s
   98423    1.4955161e+04   5.740070e+05   0.000000e+00   2612s
   98593    1.4955390e+04   2.582627e+05   0.000000e+00   2619s
   98773    1.4955653e+04   1.475570e+05   0.000000e+00   2626s
   98943    1.4955908e+04   2.448341e+05   0.000000e+00   2633s
   99103    1.4956116e+04   8.564467e+05   0.000000e+00   2640s
   99273    1.4956411e+04   2.274298e+06   0.000000e+00   2647s
   99423    1.4956612e+04   3.722844e+05   0.000000e+00   2654s
   99583    1.4956839e+04   1.612155e+05   0.000000e+00   2660s
   99743    1.4957029e+04   5.211274e+05   0.000000e+00   2667s
   99893    1.4957244e+04   6.300089e+05   0.000000e+00   2674s
  100053    1.4957435e+04   1.187210e+06   0.000000e+00   2680s
  100203    1.4957671e+04   3.570400e+05   0.000000e+00   2687s
  100363    1.4957904e+04   6.719943e+05   0.000000e+00   2694s
  100523    1.4958153e+04   2.982511e+05   0.000000e+00   2700s
  100683    1.4958390e+04   4.677094e+05   0.000000e+00   2707s
  100833    1.4958599e+04   3.630290e+05   0.000000e+00   2714s
  100983    1.4958775e+04   1.417105e+05   0.000000e+00   2720s
  101143    1.4958978e+04   5.316067e+05   0.000000e+00   2727s
  101293    1.4959146e+04   1.158389e+05   0.000000e+00   2733s
  101443    1.4959337e+04   1.330946e+05   0.000000e+00   2740s
  101593    1.4959509e+04   3.487160e+05   0.000000e+00   2746s
  101753    1.4959709e+04   2.848530e+05   0.000000e+00   2753s
  101903    1.4959895e+04   1.710594e+05   0.000000e+00   2760s
  102053    1.4960061e+04   6.014285e+05   0.000000e+00   2766s
  102223    1.4960282e+04   3.782329e+05   0.000000e+00   2773s
  102393    1.4960508e+04   1.529202e+05   0.000000e+00   2780s
  102583    1.4960754e+04   1.095867e+06   0.000000e+00   2788s
  102743    1.4960950e+04   1.489728e+05   0.000000e+00   2794s
  102903    1.4961136e+04   6.213169e+05   0.000000e+00   2801s
  103053    1.4961311e+04   5.265685e+05   0.000000e+00   2808s
  103223    1.4961520e+04   1.858005e+06   0.000000e+00   2815s
  103383    1.4961763e+04   2.979526e+05   0.000000e+00   2822s
  103543    1.4961944e+04   1.273013e+05   0.000000e+00   2829s
  103713    1.4962148e+04   7.567631e+05   0.000000e+00   2836s
  103863    1.4962317e+04   2.006069e+05   0.000000e+00   2843s
  104013    1.4962456e+04   1.195617e+06   0.000000e+00   2849s
  104173    1.4962621e+04   1.620144e+05   0.000000e+00   2856s
  104333    1.4962805e+04   2.471895e+05   0.000000e+00   2863s
  104483    1.4962982e+04   2.867748e+05   0.000000e+00   2869s
  104633    1.4963116e+04   9.936262e+04   0.000000e+00   2876s
  104793    1.4963321e+04   2.075146e+05   0.000000e+00   2883s
  104953    1.4963523e+04   2.082347e+05   0.000000e+00   2890s
  105113    1.4963704e+04   6.466434e+05   0.000000e+00   2897s
  105263    1.4963879e+04   6.199064e+05   0.000000e+00   2903s
  105413    1.4964053e+04   2.515502e+05   0.000000e+00   2910s
  105573    1.4964263e+04   3.090182e+05   0.000000e+00   2916s
  105743    1.4964460e+04   5.409978e+05   0.000000e+00   2924s
  105913    1.4964659e+04   1.548506e+05   0.000000e+00   2931s
  106083    1.4964854e+04   9.103065e+04   0.000000e+00   2938s
  106243    1.4965020e+04   2.827957e+05   0.000000e+00   2945s
  106403    1.4965169e+04   1.370450e+05   0.000000e+00   2951s
  106573    1.4965351e+04   2.034990e+05   0.000000e+00   2959s
  106743    1.4965533e+04   6.490160e+05   0.000000e+00   2966s
  106913    1.4965679e+04   2.204123e+05   0.000000e+00   2973s
  107073    1.4965817e+04   1.092978e+06   0.000000e+00   2980s
  107233    1.4965995e+04   5.721126e+04   0.000000e+00   2987s
  107413    1.4966219e+04   7.998472e+05   0.000000e+00   2994s
  107583    1.4966374e+04   3.481050e+05   0.000000e+00   3002s
  107753    1.4966589e+04   1.746908e+05   0.000000e+00   3009s
  107913    1.4966744e+04   9.766626e+05   0.000000e+00   3016s
  108063    1.4966916e+04   3.116811e+05   0.000000e+00   3022s
  108213    1.4967070e+04   4.176352e+05   0.000000e+00   3029s
  108363    1.4967228e+04   9.260428e+05   0.000000e+00   3036s
  108523    1.4967407e+04   2.411942e+05   0.000000e+00   3043s
  108683    1.4967555e+04   3.014126e+05   0.000000e+00   3050s
  108843    1.4967739e+04   2.048476e+05   0.000000e+00   3057s
  109003    1.4967894e+04   1.258436e+06   0.000000e+00   3064s
  109163    1.4968066e+04   1.093505e+05   0.000000e+00   3071s
  109323    1.4968237e+04   1.766289e+05   0.000000e+00   3078s
  109483    1.4968388e+04   1.708493e+05   0.000000e+00   3085s
  109653    1.4968603e+04   8.371494e+04   0.000000e+00   3092s
  109823    1.4968753e+04   4.982772e+05   0.000000e+00   3100s
  109983    1.4968910e+04   4.401361e+05   0.000000e+00   3107s
  110133    1.4969087e+04   2.674474e+05   0.000000e+00   3113s
  110293    1.4969226e+04   5.906207e+05   0.000000e+00   3120s
  110453    1.4969399e+04   2.319054e+05   0.000000e+00   3127s
  110643    1.4969623e+04   4.966527e+05   0.000000e+00   3135s
  110813    1.4969780e+04   7.217071e+04   0.000000e+00   3142s
  110993    1.4969972e+04   4.439903e+04   0.000000e+00   3150s
  111173    1.4970156e+04   1.478531e+05   0.000000e+00   3158s
  111333    1.4970338e+04   6.022624e+05   0.000000e+00   3165s
  111503    1.4970487e+04   2.040961e+05   0.000000e+00   3172s
  111683    1.4970661e+04   6.562782e+05   0.000000e+00   3180s
  111853    1.4970828e+04   5.230613e+05   0.000000e+00   3187s
  112013    1.4970987e+04   1.368884e+06   0.000000e+00   3194s
  112173    1.4971141e+04   2.676670e+05   0.000000e+00   3201s
  112323    1.4971277e+04   9.396914e+04   0.000000e+00   3208s
  112483    1.4971399e+04   7.701528e+04   0.000000e+00   3215s
  112643    1.4971520e+04   1.662539e+05   0.000000e+00   3222s
  112793    1.4971628e+04   6.291507e+04   0.000000e+00   3229s
  112953    1.4971770e+04   2.728078e+05   0.000000e+00   3236s
  113113    1.4971901e+04   4.231566e+05   0.000000e+00   3243s
  113283    1.4972053e+04   3.046681e+05   0.000000e+00   3250s
  113463    1.4972192e+04   8.986927e+04   0.000000e+00   3258s
  113643    1.4972356e+04   1.646434e+06   0.000000e+00   3266s
  113813    1.4972532e+04   1.340262e+05   0.000000e+00   3273s
  113983    1.4972677e+04   7.710248e+04   0.000000e+00   3281s
  114143    1.4972818e+04   1.437823e+05   0.000000e+00   3288s
  114303    1.4972956e+04   1.024936e+05   0.000000e+00   3295s
  114463    1.4973085e+04   1.898232e+05   0.000000e+00   3302s
  114633    1.4973222e+04   9.548765e+04   0.000000e+00   3309s
  114793    1.4973360e+04   1.401201e+05   0.000000e+00   3316s
  114953    1.4973524e+04   2.516784e+05   0.000000e+00   3323s
  115113    1.4973674e+04   1.461286e+05   0.000000e+00   3330s
  115283    1.4973823e+04   3.411785e+05   0.000000e+00   3338s
  115443    1.4973972e+04   3.832382e+05   0.000000e+00   3345s
  115613    1.4974141e+04   3.774927e+05   0.000000e+00   3352s
  115763    1.4974270e+04   1.959967e+05   0.000000e+00   3359s
  115913    1.4974392e+04   2.343361e+05   0.000000e+00   3366s
  116053    1.4974494e+04   1.699050e+05   0.000000e+00   3372s
  116223    1.4974613e+04   1.599477e+05   0.000000e+00   3380s
  116403    1.4974739e+04   3.698088e+05   0.000000e+00   3387s
  116573    1.4974884e+04   1.883993e+05   0.000000e+00   3395s
  116733    1.4974987e+04   7.508892e+05   0.000000e+00   3402s
  116893    1.4975099e+04   2.835024e+05   0.000000e+00   3409s
  117053    1.4975205e+04   3.276726e+05   0.000000e+00   3417s
  117223    1.4975363e+04   1.039136e+05   0.000000e+00   3424s
  117383    1.4975509e+04   2.560709e+05   0.000000e+00   3431s
  117543    1.4975641e+04   4.287617e+05   0.000000e+00   3438s
  117713    1.4975777e+04   9.531743e+04   0.000000e+00   3446s
  117883    1.4975933e+04   2.303849e+05   0.000000e+00   3453s
  118063    1.4976078e+04   9.161003e+04   0.000000e+00   3461s
  118253    1.4976228e+04   1.003187e+05   0.000000e+00   3469s
  118423    1.4976377e+04   3.770720e+05   0.000000e+00   3477s
  118583    1.4976514e+04   3.965928e+05   0.000000e+00   3484s
  118753    1.4976690e+04   3.054896e+05   0.000000e+00   3492s
  118913    1.4976818e+04   3.384248e+05   0.000000e+00   3499s
  119083    1.4976947e+04   5.746312e+05   0.000000e+00   3506s
  119243    1.4977075e+04   7.945767e+05   0.000000e+00   3513s
  119403    1.4977213e+04   9.034670e+05   0.000000e+00   3521s
  119573    1.4977351e+04   2.467930e+05   0.000000e+00   3528s
  119743    1.4977474e+04   4.980821e+05   0.000000e+00   3536s
  119903    1.4977618e+04   2.291783e+05   0.000000e+00   3543s
  120063    1.4977755e+04   6.121364e+04   0.000000e+00   3550s
  120233    1.4977892e+04   9.967765e+04   0.000000e+00   3558s
  120393    1.4978009e+04   2.491386e+05   0.000000e+00   3565s
  120563    1.4978163e+04   2.377864e+05   0.000000e+00   3573s
  120733    1.4978279e+04   3.227790e+04   0.000000e+00   3581s
  120903    1.4978407e+04   2.518292e+05   0.000000e+00   3589s
  121103    1.4978570e+04   1.432344e+05   0.000000e+00   3597s
  121273    1.4978691e+04   1.848475e+05   0.000000e+00   3605s
  121463    1.4978841e+04   1.447713e+05   0.000000e+00   3613s
  121653    1.4979008e+04   2.548680e+05   0.000000e+00   3621s
  121823    1.4979167e+04   2.833376e+05   0.000000e+00   3629s
  121983    1.4979297e+04   1.449078e+05   0.000000e+00   3637s
  122153    1.4979436e+04   2.894515e+05   0.000000e+00   3645s
  122313    1.4979568e+04   2.023831e+05   0.000000e+00   3652s
  122483    1.4979701e+04   6.628523e+04   0.000000e+00   3660s
  122653    1.4979842e+04   7.671932e+04   0.000000e+00   3668s
  122823    1.4979947e+04   1.074259e+06   0.000000e+00   3675s
  122993    1.4980086e+04   1.042727e+05   0.000000e+00   3683s
  123173    1.4980221e+04   1.089386e+05   0.000000e+00   3691s
  123353    1.4980367e+04   2.102574e+05   0.000000e+00   3699s
  123543    1.4980505e+04   2.925682e+05   0.000000e+00   3707s
  123713    1.4980658e+04   1.865557e+05   0.000000e+00   3715s
  123883    1.4980768e+04   1.168162e+05   0.000000e+00   3723s
  124053    1.4980900e+04   3.264407e+05   0.000000e+00   3731s
  124213    1.4981025e+04   1.543714e+05   0.000000e+00   3738s
  124393    1.4981152e+04   1.586405e+06   0.000000e+00   3746s
  124553    1.4981270e+04   2.635237e+05   0.000000e+00   3753s
  124713    1.4981392e+04   2.840293e+05   0.000000e+00   3761s
  124883    1.4981522e+04   9.801391e+04   0.000000e+00   3768s
  125063    1.4981649e+04   1.635556e+05   0.000000e+00   3777s
  125243    1.4981757e+04   1.815631e+05   0.000000e+00   3785s
  125413    1.4981889e+04   1.013894e+05   0.000000e+00   3793s
  125583    1.4982014e+04   7.128654e+05   0.000000e+00   3801s
  125753    1.4982112e+04   2.977636e+05   0.000000e+00   3808s
  125913    1.4982208e+04   4.607417e+06   0.000000e+00   3816s
  126083    1.4982318e+04   1.004846e+05   0.000000e+00   3824s
  126263    1.4982427e+04   1.082712e+05   0.000000e+00   3832s
  126423    1.4982527e+04   6.963061e+05   0.000000e+00   3839s
  126583    1.4982620e+04   2.848430e+05   0.000000e+00   3847s
  126743    1.4982745e+04   3.050285e+05   0.000000e+00   3854s
  126903    1.4982857e+04   4.702395e+05   0.000000e+00   3862s
  127073    1.4982961e+04   7.961655e+04   0.000000e+00   3870s
  127233    1.4983064e+04   1.025086e+05   0.000000e+00   3878s
  127403    1.4983184e+04   1.327039e+05   0.000000e+00   3885s
  127573    1.4983325e+04   1.515110e+05   0.000000e+00   3893s
  127773    1.4983452e+04   1.682436e+05   0.000000e+00   3903s
  127963    1.4983571e+04   4.384053e+05   0.000000e+00   3911s
  128163    1.4983700e+04   2.244351e+05   0.000000e+00   3920s
  128343    1.4983807e+04   8.642512e+05   0.000000e+00   3929s
  128523    1.4983918e+04   6.914113e+04   0.000000e+00   3936s
  128713    1.4984012e+04   1.280651e+05   0.000000e+00   3945s
  128883    1.4984114e+04   6.143405e+05   0.000000e+00   3953s
  129053    1.4984222e+04   3.248176e+04   0.000000e+00   3961s
  129223    1.4984314e+04   1.265741e+05   0.000000e+00   3969s
  129393    1.4984428e+04   3.226549e+05   0.000000e+00   3976s
  129583    1.4984572e+04   1.274897e+05   0.000000e+00   3985s
  129763    1.4984672e+04   1.190127e+05   0.000000e+00   3993s
  129943    1.4984780e+04   1.204641e+05   0.000000e+00   4001s
  130133    1.4984887e+04   1.010862e+05   0.000000e+00   4010s
  130343    1.4985030e+04   3.000186e+05   0.000000e+00   4019s
  130523    1.4985157e+04   1.284633e+06   0.000000e+00   4028s
  130693    1.4985287e+04   2.055142e+05   0.000000e+00   4036s
  130863    1.4985391e+04   1.554274e+05   0.000000e+00   4044s
  131043    1.4985506e+04   8.379390e+05   0.000000e+00   4052s
  131223    1.4985603e+04   1.372696e+05   0.000000e+00   4060s
  131413    1.4985696e+04   7.808456e+04   0.000000e+00   4068s
  131583    1.4985789e+04   9.895676e+04   0.000000e+00   4077s
  131763    1.4985884e+04   2.164495e+05   0.000000e+00   4085s
  131933    1.4985993e+04   5.948977e+04   0.000000e+00   4093s
  132113    1.4986115e+04   1.160800e+05   0.000000e+00   4101s
  132283    1.4986198e+04   4.343355e+05   0.000000e+00   4109s
  132453    1.4986284e+04   1.173758e+05   0.000000e+00   4117s
  132633    1.4986379e+04   8.199436e+05   0.000000e+00   4126s
  132813    1.4986459e+04   5.570473e+05   0.000000e+00   4134s
  132983    1.4986539e+04   5.101913e+04   0.000000e+00   4142s
  133173    1.4986637e+04   8.575058e+04   0.000000e+00   4151s
  133363    1.4986747e+04   8.126259e+04   0.000000e+00   4159s
  133553    1.4986844e+04   1.836960e+05   0.000000e+00   4168s
  133733    1.4986930e+04   1.077616e+05   0.000000e+00   4176s
  133913    1.4987023e+04   3.470492e+05   0.000000e+00   4185s
  134083    1.4987115e+04   2.172479e+05   0.000000e+00   4193s
  134263    1.4987225e+04   1.256225e+05   0.000000e+00   4201s
  134433    1.4987348e+04   5.632138e+04   0.000000e+00   4209s
  134603    1.4987446e+04   1.222115e+05   0.000000e+00   4217s
  134773    1.4987541e+04   2.010232e+05   0.000000e+00   4225s
  134933    1.4987647e+04   4.782817e+06   0.000000e+00   4233s
  135103    1.4987734e+04   2.188860e+05   0.000000e+00   4241s
  135273    1.4987842e+04   1.530346e+05   0.000000e+00   4249s
  135443    1.4987935e+04   1.486736e+05   0.000000e+00   4257s
  135633    1.4988048e+04   2.177056e+05   0.000000e+00   4266s
  135833    1.4988157e+04   2.337227e+05   0.000000e+00   4275s
  136013    1.4988244e+04   2.186777e+06   0.000000e+00   4283s
  136193    1.4988344e+04   9.718822e+04   0.000000e+00   4292s
  136363    1.4988443e+04   1.250580e+05   0.000000e+00   4300s
  136533    1.4988526e+04   2.026699e+05   0.000000e+00   4308s
  136693    1.4988612e+04   2.557041e+05   0.000000e+00   4316s
  136893    1.4988711e+04   1.465297e+05   0.000000e+00   4326s
  137093    1.4988820e+04   1.642819e+05   0.000000e+00   4335s
  137283    1.4988927e+04   8.561468e+04   0.000000e+00   4344s
  137473    1.4989017e+04   5.228073e+04   0.000000e+00   4353s
  137663    1.4989109e+04   1.168421e+05   0.000000e+00   4362s
  137823    1.4989197e+04   8.783666e+05   0.000000e+00   4370s
  138003    1.4989293e+04   8.243883e+04   0.000000e+00   4378s
  138193    1.4989390e+04   7.860812e+05   0.000000e+00   4387s
  138363    1.4989502e+04   6.667063e+05   0.000000e+00   4395s
  138543    1.4989593e+04   1.241713e+05   0.000000e+00   4404s
  138723    1.4989668e+04   4.165647e+06   0.000000e+00   4412s
  138893    1.4989762e+04   2.495894e+05   0.000000e+00   4421s
  139073    1.4989859e+04   1.196600e+05   0.000000e+00   4429s
  139263    1.4989972e+04   1.597343e+06   0.000000e+00   4438s
  139443    1.4990065e+04   2.151838e+05   0.000000e+00   4447s
  139613    1.4990151e+04   1.654959e+05   0.000000e+00   4455s
  139803    1.4990244e+04   3.240434e+06   0.000000e+00   4464s
  140003    1.4990337e+04   6.127635e+05   0.000000e+00   4473s
  140183    1.4990409e+04   1.490957e+05   0.000000e+00   4482s
  140363    1.4990503e+04   1.330344e+05   0.000000e+00   4490s
  140543    1.4990601e+04   1.236333e+05   0.000000e+00   4499s
  140733    1.4990701e+04   1.512942e+05   0.000000e+00   4508s
  140933    1.4990790e+04   1.014767e+06   0.000000e+00   4517s
  141113    1.4990874e+04   7.124519e+04   0.000000e+00   4525s
  141303    1.4990970e+04   2.153486e+05   0.000000e+00   4534s
  141493    1.4991080e+04   2.086663e+05   0.000000e+00   4544s
  141673    1.4991165e+04   1.119424e+05   0.000000e+00   4552s
  141843    1.4991242e+04   6.230879e+04   0.000000e+00   4561s
  142023    1.4991320e+04   4.754351e+04   0.000000e+00   4569s
  142213    1.4991405e+04   1.684647e+05   0.000000e+00   4578s
  142393    1.4991498e+04   4.972660e+04   0.000000e+00   4587s
  142573    1.4991576e+04   3.299951e+05   0.000000e+00   4595s
  142753    1.4991658e+04   4.977380e+04   0.000000e+00   4604s
  142933    1.4991745e+04   5.514332e+04   0.000000e+00   4613s
  143093    1.4991832e+04   1.400638e+05   0.000000e+00   4621s
  143263    1.4991917e+04   4.237291e+05   0.000000e+00   4629s
  143453    1.4992001e+04   1.177621e+06   0.000000e+00   4638s
  143653    1.4992102e+04   2.013935e+05   0.000000e+00   4647s
  143843    1.4992194e+04   2.880786e+05   0.000000e+00   4656s
  144033    1.4992283e+04   8.584078e+04   0.000000e+00   4665s
  144203    1.4992387e+04   2.159927e+05   0.000000e+00   4673s
  144373    1.4992460e+04   1.775163e+05   0.000000e+00   4681s
  144573    1.4992544e+04   3.571555e+05   0.000000e+00   4690s
  144773    1.4992625e+04   2.367419e+05   0.000000e+00   4700s
  144953    1.4992706e+04   4.808923e+04   0.000000e+00   4708s
  145123    1.4992781e+04   2.697873e+04   0.000000e+00   4716s
  145293    1.4992846e+04   1.129418e+05   0.000000e+00   4725s
  145463    1.4992925e+04   6.219114e+04   0.000000e+00   4733s
  145623    1.4992996e+04   1.406929e+05   0.000000e+00   4741s
  145793    1.4993069e+04   3.503243e+04   0.000000e+00   4749s
  145963    1.4993158e+04   1.090941e+05   0.000000e+00   4757s
  146163    1.4993269e+04   1.063775e+05   0.000000e+00   4767s
  146343    1.4993342e+04   4.327299e+05   0.000000e+00   4775s
  146533    1.4993433e+04   5.156542e+05   0.000000e+00   4784s
  146703    1.4993504e+04   7.396901e+04   0.000000e+00   4793s
  146863    1.4993577e+04   6.196912e+05   0.000000e+00   4801s
  147063    1.4993652e+04   2.097863e+05   0.000000e+00   4810s
  147263    1.4993751e+04   1.410211e+05   0.000000e+00   4819s
  147443    1.4993821e+04   7.553416e+05   0.000000e+00   4828s
  147613    1.4993888e+04   2.573457e+05   0.000000e+00   4837s
  147793    1.4993954e+04   8.498036e+04   0.000000e+00   4845s
  147963    1.4994027e+04   9.407191e+04   0.000000e+00   4854s
  148133    1.4994099e+04   6.333689e+04   0.000000e+00   4862s
  148313    1.4994155e+04   5.842996e+04   0.000000e+00   4871s
  148513    1.4994223e+04   1.636052e+06   0.000000e+00   4880s
  148713    1.4994295e+04   1.075840e+05   0.000000e+00   4890s
  148903    1.4994376e+04   4.621817e+05   0.000000e+00   4899s
  149093    1.4994436e+04   1.861005e+05   0.000000e+00   4908s
  149283    1.4994515e+04   1.498457e+06   0.000000e+00   4916s
  149463    1.4994591e+04   6.400943e+04   0.000000e+00   4925s
  149633    1.4994662e+04   5.346406e+04   0.000000e+00   4933s
  149813    1.4994730e+04   8.007612e+04   0.000000e+00   4942s
  149993    1.4994794e+04   1.192399e+05   0.000000e+00   4951s
  150173    1.4994874e+04   6.852246e+05   0.000000e+00   4960s
  150353    1.4994944e+04   2.282083e+04   0.000000e+00   4968s
  150523    1.4995005e+04   1.237787e+05   0.000000e+00   4976s
  150683    1.4995071e+04   1.848384e+06   0.000000e+00   4984s
  150863    1.4995130e+04   1.176539e+05   0.000000e+00   4993s
  151043    1.4995205e+04   3.799636e+05   0.000000e+00   5001s
  151223    1.4995269e+04   1.105354e+05   0.000000e+00   5010s
  151403    1.4995323e+04   3.837936e+04   0.000000e+00   5019s
  151593    1.4995398e+04   5.254025e+04   0.000000e+00   5028s
  151773    1.4995479e+04   1.354372e+05   0.000000e+00   5037s
  151963    1.4995559e+04   2.747574e+05   0.000000e+00   5046s
  152143    1.4995627e+04   4.398424e+05   0.000000e+00   5054s
  152323    1.4995694e+04   2.411243e+05   0.000000e+00   5063s
  152493    1.4995747e+04   3.765541e+05   0.000000e+00   5071s
  152683    1.4995816e+04   7.765900e+04   0.000000e+00   5080s
  152863    1.4995872e+04   7.055859e+04   0.000000e+00   5089s
  153043    1.4995943e+04   1.106175e+05   0.000000e+00   5097s
  153233    1.4996001e+04   1.413496e+05   0.000000e+00   5107s
  153403    1.4996060e+04   1.753994e+05   0.000000e+00   5115s
  153583    1.4996123e+04   2.353556e+05   0.000000e+00   5124s
  153803    1.4996190e+04   1.736999e+05   0.000000e+00   5134s
  154003    1.4996249e+04   4.562014e+04   0.000000e+00   5143s
  154193    1.4996301e+04   7.239551e+04   0.000000e+00   5153s
  154393    1.4996364e+04   2.731961e+05   0.000000e+00   5162s
  154593    1.4996427e+04   3.003919e+04   0.000000e+00   5172s
  154783    1.4996484e+04   1.798763e+05   0.000000e+00   5181s
  154963    1.4996552e+04   2.301357e+05   0.000000e+00   5189s
  155143    1.4996618e+04   2.182355e+04   0.000000e+00   5198s
  155333    1.4996668e+04   4.333107e+04   0.000000e+00   5207s
  155513    1.4996724e+04   2.044070e+05   0.000000e+00   5216s
  155683    1.4996800e+04   4.711643e+05   0.000000e+00   5225s
  155863    1.4996867e+04   5.017808e+04   0.000000e+00   5233s
  156043    1.4996934e+04   1.246075e+06   0.000000e+00   5242s
  156213    1.4996984e+04   5.613417e+04   0.000000e+00   5250s
  156383    1.4997032e+04   4.043193e+04   0.000000e+00   5258s
  156563    1.4997088e+04   2.647238e+05   0.000000e+00   5267s
  156753    1.4997146e+04   5.542392e+04   0.000000e+00   5276s
  156923    1.4997213e+04   1.014000e+05   0.000000e+00   5284s
  157083    1.4997249e+04   7.437875e+05   0.000000e+00   5292s
  157253    1.4997293e+04   8.072355e+04   0.000000e+00   5300s
  157443    1.4997343e+04   1.395399e+06   0.000000e+00   5309s
  157623    1.4997399e+04   3.080661e+05   0.000000e+00   5318s
  157813    1.4997474e+04   8.599503e+04   0.000000e+00   5327s
  158003    1.4997538e+04   4.030911e+05   0.000000e+00   5336s
  158193    1.4997602e+04   2.630825e+05   0.000000e+00   5344s
  158363    1.4997653e+04   9.226782e+04   0.000000e+00   5353s
  158543    1.4997720e+04   3.114194e+04   0.000000e+00   5361s
  158733    1.4997789e+04   1.123086e+05   0.000000e+00   5371s
  158953    1.4997860e+04   2.549004e+05   0.000000e+00   5380s
  159153    1.4997916e+04   2.245889e+05   0.000000e+00   5390s
  159333    1.4997972e+04   9.863041e+04   0.000000e+00   5398s
  159503    1.4998030e+04   3.120834e+05   0.000000e+00   5407s
  159693    1.4998099e+04   1.080679e+05   0.000000e+00   5415s
  159883    1.4998154e+04   2.097238e+05   0.000000e+00   5424s
  160083    1.4998216e+04   3.542893e+04   0.000000e+00   5434s
  160263    1.4998270e+04   6.039913e+04   0.000000e+00   5443s
  160453    1.4998322e+04   2.374371e+05   0.000000e+00   5451s
  160643    1.4998393e+04   8.353690e+05   0.000000e+00   5461s
  160833    1.4998453e+04   8.259120e+04   0.000000e+00   5470s
  161013    1.4998495e+04   5.197404e+04   0.000000e+00   5479s
  161203    1.4998543e+04   1.177258e+05   0.000000e+00   5488s
  161383    1.4998583e+04   1.203294e+05   0.000000e+00   5496s
  161583    1.4998631e+04   1.362819e+05   0.000000e+00   5506s
  161783    1.4998678e+04   5.463052e+04   0.000000e+00   5515s
  161963    1.4998723e+04   1.067274e+06   0.000000e+00   5524s
  162133    1.4998760e+04   2.314414e+04   0.000000e+00   5532s
  162313    1.4998802e+04   3.192608e+04   0.000000e+00   5540s
  162493    1.4998846e+04   9.112893e+04   0.000000e+00   5549s
  162673    1.4998890e+04   1.122281e+06   0.000000e+00   5558s
  162853    1.4998935e+04   5.103100e+04   0.000000e+00   5566s
  163033    1.4998972e+04   2.195864e+05   0.000000e+00   5575s
  163193    1.4999020e+04   1.813742e+05   0.000000e+00   5583s
  163383    1.4999065e+04   4.309170e+04   0.000000e+00   5592s
  163563    1.4999103e+04   7.223156e+05   0.000000e+00   5601s
  163733    1.4999144e+04   8.959226e+04   0.000000e+00   5609s
  163913    1.4999180e+04   1.380887e+04   0.000000e+00   5618s
  164093    1.4999221e+04   1.379770e+05   0.000000e+00   5626s
  164273    1.4999263e+04   3.099344e+04   0.000000e+00   5635s
  164443    1.4999303e+04   3.021742e+05   0.000000e+00   5643s
  164633    1.4999340e+04   4.293214e+04   0.000000e+00   5652s
  164813    1.4999376e+04   1.439700e+05   0.000000e+00   5661s
  165003    1.4999423e+04   1.902129e+05   0.000000e+00   5670s
  165173    1.4999467e+04   7.979395e+04   0.000000e+00   5678s
  165343    1.4999502e+04   9.974654e+04   0.000000e+00   5687s
  165533    1.4999545e+04   1.007773e+05   0.000000e+00   5696s
  165733    1.4999588e+04   1.867933e+05   0.000000e+00   5705s
  165923    1.4999625e+04   1.590705e+05   0.000000e+00   5714s
  166103    1.4999664e+04   3.438455e+05   0.000000e+00   5723s
  166283    1.4999701e+04   8.565918e+04   0.000000e+00   5731s
  166493    1.4999739e+04   5.705465e+04   0.000000e+00   5741s
  166703    1.4999783e+04   1.100309e+05   0.000000e+00   5750s
  166873    1.4999824e+04   2.268851e+05   0.000000e+00   5759s
  167053    1.4999869e+04   2.293573e+05   0.000000e+00   5767s
  167253    1.4999916e+04   4.100366e+04   0.000000e+00   5776s
  167433    1.4999952e+04   1.393253e+05   0.000000e+00   5785s
  167603    1.4999993e+04   1.337264e+05   0.000000e+00   5793s
  167793    1.5000029e+04   2.447179e+05   0.000000e+00   5802s
  167983    1.5000073e+04   4.589353e+05   0.000000e+00   5812s
  168183    1.5000112e+04   3.220949e+04   0.000000e+00   5821s
  168373    1.5000146e+04   3.764551e+05   0.000000e+00   5830s
  168543    1.5000183e+04   1.084353e+05   0.000000e+00   5838s
  168733    1.5000217e+04   8.540880e+04   0.000000e+00   5847s
  168923    1.5000259e+04   1.225060e+05   0.000000e+00   5856s
  169103    1.5000310e+04   7.583739e+04   0.000000e+00   5865s
  169273    1.5000361e+04   2.414670e+05   0.000000e+00   5873s
  169473    1.5000405e+04   2.436303e+04   0.000000e+00   5882s
  169673    1.5000447e+04   3.780763e+04   0.000000e+00   5892s
  169843    1.5000483e+04   6.227896e+04   0.000000e+00   5900s
  170023    1.5000517e+04   8.490100e+04   0.000000e+00   5909s
  170193    1.5000545e+04   1.535170e+05   0.000000e+00   5917s
  170393    1.5000583e+04   4.333133e+05   0.000000e+00   5927s
  170573    1.5000616e+04   8.826400e+04   0.000000e+00   5935s
  170763    1.5000648e+04   4.662726e+05   0.000000e+00   5944s
  170943    1.5000673e+04   3.442855e+04   0.000000e+00   5953s
  171113    1.5000702e+04   9.335100e+04   0.000000e+00   5961s
  171303    1.5000742e+04   3.762897e+05   0.000000e+00   5970s
  171523    1.5000787e+04   4.153788e+04   0.000000e+00   5980s
  171713    1.5000834e+04   2.803923e+05   0.000000e+00   5990s
  171903    1.5000873e+04   2.052843e+05   0.000000e+00   5999s
  172113    1.5000907e+04   1.959154e+04   0.000000e+00   6009s
  172313    1.5000940e+04   3.245826e+04   0.000000e+00   6018s
  172483    1.5000971e+04   9.157185e+04   0.000000e+00   6026s
  172673    1.5001001e+04   9.358452e+04   0.000000e+00   6035s
  172853    1.5001033e+04   1.719004e+05   0.000000e+00   6044s
  173023    1.5001057e+04   1.511608e+05   0.000000e+00   6052s
  173203    1.5001084e+04   1.022047e+06   0.000000e+00   6061s
  173413    1.5001113e+04   9.618460e+05   0.000000e+00   6070s
  173593    1.5001149e+04   1.212799e+05   0.000000e+00   6079s
  173783    1.5001174e+04   3.176371e+04   0.000000e+00   6089s
  173953    1.5001205e+04   3.893036e+05   0.000000e+00   6097s
  174153    1.5001248e+04   1.118406e+05   0.000000e+00   6107s
  174333    1.5001283e+04   3.483316e+04   0.000000e+00   6116s
  174533    1.5001321e+04   2.171638e+05   0.000000e+00   6125s
  174733    1.5001362e+04   7.841303e+04   0.000000e+00   6135s
  174923    1.5001394e+04   1.722831e+05   0.000000e+00   6144s
  175113    1.5001433e+04   1.131504e+06   0.000000e+00   6154s
  175313    1.5001466e+04   1.084720e+05   0.000000e+00   6163s
  175503    1.5001507e+04   2.710966e+05   0.000000e+00   6173s
  175703    1.5001544e+04   1.436213e+05   0.000000e+00   6182s
  175893    1.5001584e+04   1.118096e+05   0.000000e+00   6191s
  176063    1.5001613e+04   3.174670e+04   0.000000e+00   6200s
  176253    1.5001644e+04   3.008008e+05   0.000000e+00   6209s
  176433    1.5001673e+04   5.661562e+04   0.000000e+00   6218s
  176613    1.5001698e+04   9.222124e+04   0.000000e+00   6227s
  176783    1.5001723e+04   1.352100e+05   0.000000e+00   6236s
  176953    1.5001751e+04   1.453305e+04   0.000000e+00   6244s
  177133    1.5001782e+04   2.385243e+04   0.000000e+00   6253s
  177313    1.5001820e+04   6.319549e+04   0.000000e+00   6262s
  177493    1.5001848e+04   5.948566e+04   0.000000e+00   6271s
  177693    1.5001880e+04   2.280797e+04   0.000000e+00   6280s
  177893    1.5001908e+04   1.078091e+05   0.000000e+00   6290s
  178063    1.5001934e+04   5.045487e+04   0.000000e+00   6298s
  178243    1.5001960e+04   1.319191e+05   0.000000e+00   6307s
  178433    1.5001995e+04   1.140744e+04   0.000000e+00   6316s
  178613    1.5002022e+04   4.105645e+05   0.000000e+00   6325s
  178793    1.5002051e+04   1.193399e+05   0.000000e+00   6334s
  178963    1.5002074e+04   7.028671e+04   0.000000e+00   6343s
  179153    1.5002104e+04   2.908768e+04   0.000000e+00   6352s
  179323    1.5002132e+04   1.142022e+05   0.000000e+00   6361s
  179503    1.5002163e+04   2.297290e+05   0.000000e+00   6370s
  179693    1.5002194e+04   2.743925e+04   0.000000e+00   6379s
  179883    1.5002219e+04   1.405823e+05   0.000000e+00   6388s
  180083    1.5002254e+04   9.098332e+04   0.000000e+00   6398s
  180263    1.5002276e+04   8.182255e+04   0.000000e+00   6407s
  180443    1.5002302e+04   4.654616e+05   0.000000e+00   6416s
  180633    1.5002328e+04   2.392820e+04   0.000000e+00   6425s
  180803    1.5002353e+04   1.108525e+05   0.000000e+00   6434s
  180973    1.5002376e+04   8.709364e+04   0.000000e+00   6443s
  181143    1.5002396e+04   6.244487e+04   0.000000e+00   6451s
  181343    1.5002424e+04   7.721986e+04   0.000000e+00   6461s
  181533    1.5002446e+04   1.514341e+05   0.000000e+00   6471s
  181723    1.5002471e+04   1.262522e+05   0.000000e+00   6480s
  181933    1.5002503e+04   2.811537e+04   0.000000e+00   6490s
  182153    1.5002531e+04   5.270056e+04   0.000000e+00   6501s
  182373    1.5002561e+04   4.369045e+05   0.000000e+00   6511s
  182563    1.5002590e+04   6.684564e+04   0.000000e+00   6521s
  182783    1.5002620e+04   6.137495e+04   0.000000e+00   6531s
  183003    1.5002652e+04   9.436593e+04   0.000000e+00   6542s
  183223    1.5002678e+04   1.770019e+05   0.000000e+00   6553s
  183433    1.5002703e+04   5.735264e+04   0.000000e+00   6563s
  183613    1.5002731e+04   6.569924e+04   0.000000e+00   6572s
  183823    1.5002757e+04   1.037070e+05   0.000000e+00   6582s
  184053    1.5002787e+04   2.900710e+04   0.000000e+00   6593s
  184263    1.5002813e+04   6.522691e+05   0.000000e+00   6603s
  184463    1.5002840e+04   2.616063e+04   0.000000e+00   6613s
  184653    1.5002860e+04   2.351197e+04   0.000000e+00   6623s
  184823    1.5002883e+04   8.651308e+05   0.000000e+00   6632s
  185003    1.5002910e+04   2.198877e+04   0.000000e+00   6641s
  185193    1.5002930e+04   7.303418e+04   0.000000e+00   6650s
  185373    1.5002951e+04   1.430117e+04   0.000000e+00   6659s
  185583    1.5002975e+04   3.750960e+04   0.000000e+00   6670s
  185773    1.5002993e+04   5.537292e+04   0.000000e+00   6679s
  185963    1.5003009e+04   8.948508e+04   0.000000e+00   6688s
  186163    1.5003032e+04   1.586534e+05   0.000000e+00   6698s
  186343    1.5003048e+04   2.572527e+04   0.000000e+00   6708s
  186543    1.5003072e+04   3.902362e+05   0.000000e+00   6717s
  186733    1.5003099e+04   3.270591e+04   0.000000e+00   6727s
  186923    1.5003121e+04   8.918320e+03   0.000000e+00   6737s
  187103    1.5003141e+04   2.975896e+04   0.000000e+00   6746s
  187303    1.5003167e+04   4.365229e+04   0.000000e+00   6756s
  187493    1.5003188e+04   7.500767e+04   0.000000e+00   6766s
  187693    1.5003211e+04   5.554551e+04   0.000000e+00   6776s
  187873    1.5003229e+04   2.180918e+05   0.000000e+00   6785s
  188083    1.5003248e+04   3.203799e+04   0.000000e+00   6795s
  188283    1.5003274e+04   5.284017e+04   0.000000e+00   6806s
  188463    1.5003295e+04   1.728164e+05   0.000000e+00   6815s
  188643    1.5003311e+04   1.054512e+04   0.000000e+00   6824s
  188833    1.5003332e+04   1.167522e+05   0.000000e+00   6834s
  189053    1.5003359e+04   2.491501e+05   0.000000e+00   6845s
  189243    1.5003379e+04   2.669425e+04   0.000000e+00   6854s
  189453    1.5003407e+04   7.055526e+04   0.000000e+00   6865s
  189633    1.5003431e+04   3.563140e+06   0.000000e+00   6874s
  189813    1.5003454e+04   8.072271e+05   0.000000e+00   6884s
  189983    1.5003477e+04   6.192769e+04   0.000000e+00   6893s
  190153    1.5003496e+04   3.205802e+04   0.000000e+00   6901s
  190333    1.5003518e+04   4.942044e+05   0.000000e+00   6911s
  190523    1.5003540e+04   7.756105e+03   0.000000e+00   6920s
  190703    1.5003562e+04   1.362891e+04   0.000000e+00   6930s
  190893    1.5003583e+04   2.123545e+05   0.000000e+00   6939s
  191083    1.5003608e+04   4.979498e+04   0.000000e+00   6949s
  191253    1.5003634e+04   2.151198e+04   0.000000e+00   6958s
  191473    1.5003654e+04   3.175618e+04   0.000000e+00   6969s
  191673    1.5003676e+04   6.718460e+04   0.000000e+00   6979s
  191873    1.5003699e+04   4.487989e+04   0.000000e+00   6989s
  192063    1.5003722e+04   2.142574e+04   0.000000e+00   6999s
  192253    1.5003748e+04   6.491926e+04   0.000000e+00   7009s
  192443    1.5003773e+04   1.466038e+05   0.000000e+00   7019s
  192643    1.5003803e+04   7.462748e+04   0.000000e+00   7030s
  192833    1.5003824e+04   6.025764e+05   0.000000e+00   7039s
  193013    1.5003850e+04   2.533395e+04   0.000000e+00   7049s
  193223    1.5003877e+04   2.384876e+05   0.000000e+00   7060s
  193423    1.5003903e+04   2.434676e+05   0.000000e+00   7070s
  193623    1.5003930e+04   2.275341e+04   0.000000e+00   7081s
  193843    1.5003954e+04   5.234970e+04   0.000000e+00   7091s
  194033    1.5003976e+04   5.908865e+04   0.000000e+00   7102s
  194233    1.5004000e+04   2.865009e+04   0.000000e+00   7112s
  194423    1.5004021e+04   9.161165e+03   0.000000e+00   7122s
  194623    1.5004046e+04   2.073611e+04   0.000000e+00   7132s
  194833    1.5004068e+04   9.688278e+04   0.000000e+00   7143s
  195013    1.5004086e+04   2.382557e+04   0.000000e+00   7153s
  195203    1.5004106e+04   1.868795e+05   0.000000e+00   7163s
  195383    1.5004123e+04   4.189174e+04   0.000000e+00   7173s
  195583    1.5004140e+04   2.846761e+05   0.000000e+00   7183s
  195773    1.5004163e+04   6.227938e+05   0.000000e+00   7193s
  195953    1.5004181e+04   1.611637e+04   0.000000e+00   7203s
  196163    1.5004202e+04   1.441373e+04   0.000000e+00   7214s
  196363    1.5004222e+04   2.484671e+05   0.000000e+00   7225s
  196563    1.5004246e+04   2.648359e+05   0.000000e+00   7235s
  196763    1.5004266e+04   1.814087e+04   0.000000e+00   7246s
  196953    1.5004287e+04   1.861287e+04   0.000000e+00   7256s
  197143    1.5004309e+04   6.172647e+05   0.000000e+00   7266s
  197363    1.5004335e+04   1.224100e+05   0.000000e+00   7278s
  197593    1.5004362e+04   3.603640e+05   0.000000e+00   7290s
  197823    1.5004387e+04   6.233509e+04   0.000000e+00   7301s
  198033    1.5004412e+04   1.402136e+04   0.000000e+00   7312s
  198233    1.5004434e+04   5.436655e+04   0.000000e+00   7323s
  198443    1.5004457e+04   2.939239e+04   0.000000e+00   7334s
  198643    1.5004481e+04   2.022393e+05   0.000000e+00   7345s
  198833    1.5004498e+04   2.789717e+04   0.000000e+00   7355s
  199033    1.5004517e+04   1.555397e+04   0.000000e+00   7366s
  199243    1.5004534e+04   1.167661e+05   0.000000e+00   7377s
  199443    1.5004553e+04   1.175685e+05   0.000000e+00   7388s
  199633    1.5004572e+04   7.489687e+04   0.000000e+00   7398s
  199823    1.5004594e+04   3.313632e+04   0.000000e+00   7409s
  200013    1.5004613e+04   6.051853e+04   0.000000e+00   7419s
  200193    1.5004631e+04   1.321512e+04   0.000000e+00   7429s
  200413    1.5004660e+04   1.968313e+05   0.000000e+00   7441s
  200633    1.5004686e+04   2.727262e+05   0.000000e+00   7453s
  200853    1.5004713e+04   5.548764e+04   0.000000e+00   7465s
  201073    1.5004738e+04   8.229453e+04   0.000000e+00   7477s
  201273    1.5004767e+04   5.397555e+04   0.000000e+00   7488s
  201503    1.5004797e+04   4.860308e+04   0.000000e+00   7500s
  201703    1.5004820e+04   3.661614e+05   0.000000e+00   7512s
  201913    1.5004846e+04   7.551883e+04   0.000000e+00   7523s
  202133    1.5004874e+04   3.624006e+05   0.000000e+00   7535s
  202343    1.5004899e+04   4.555724e+04   0.000000e+00   7546s
  202593    1.5004933e+04   1.422129e+04   0.000000e+00   7560s
  202853    1.5004965e+04   1.766170e+04   0.000000e+00   7574s
  203083    1.5004994e+04   1.851248e+05   0.000000e+00   7586s
  203303    1.5005025e+04   5.384386e+04   0.000000e+00   7599s
  203513    1.5005051e+04   2.027203e+04   0.000000e+00   7610s
  203713    1.5005073e+04   2.945313e+04   0.000000e+00   7622s
  203903    1.5005092e+04   2.196330e+05   0.000000e+00   7632s
  204103    1.5005110e+04   3.509253e+05   0.000000e+00   7643s
  204283    1.5005130e+04   3.160743e+04   0.000000e+00   7654s
  204483    1.5005154e+04   9.524025e+04   0.000000e+00   7665s
  204673    1.5005175e+04   2.096682e+05   0.000000e+00   7676s
  204903    1.5005205e+04   2.387754e+05   0.000000e+00   7688s
  205103    1.5005233e+04   1.196076e+04   0.000000e+00   7699s
  205313    1.5005257e+04   7.405628e+05   0.000000e+00   7711s
  205523    1.5005279e+04   9.053849e+04   0.000000e+00   7723s
  205723    1.5005302e+04   2.536628e+04   0.000000e+00   7734s
  205943    1.5005323e+04   2.303146e+05   0.000000e+00   7746s
  206143    1.5005348e+04   1.687268e+05   0.000000e+00   7757s
  206323    1.5005364e+04   2.654951e+04   0.000000e+00   7768s
  206533    1.5005384e+04   2.552654e+04   0.000000e+00   7780s
  206753    1.5005407e+04   2.232424e+04   0.000000e+00   7792s
  206963    1.5005425e+04   4.181055e+04   0.000000e+00   7804s
  207173    1.5005446e+04   2.346372e+04   0.000000e+00   7815s
  207373    1.5005469e+04   1.034326e+05   0.000000e+00   7827s
  207583    1.5005499e+04   2.751392e+04   0.000000e+00   7839s
  207813    1.5005517e+04   1.048930e+06   0.000000e+00   7852s
  208003    1.5005535e+04   9.207318e+04   0.000000e+00   7863s
  208213    1.5005554e+04   1.025762e+05   0.000000e+00   7875s
  208413    1.5005578e+04   2.168807e+05   0.000000e+00   7887s
  208623    1.5005597e+04   9.555536e+04   0.000000e+00   7899s
  208843    1.5005618e+04   9.716846e+04   0.000000e+00   7911s
  209093    1.5005643e+04   4.365840e+04   0.000000e+00   7924s
  209313    1.5005660e+04   1.012004e+05   0.000000e+00   7937s
  209543    1.5005683e+04   2.622365e+04   0.000000e+00   7949s
  209743    1.5005702e+04   3.906544e+04   0.000000e+00   7961s
  209943    1.5005719e+04   3.950524e+04   0.000000e+00   7972s
  210153    1.5005742e+04   2.692255e+04   0.000000e+00   7984s
  210363    1.5005757e+04   1.558966e+05   0.000000e+00   7996s
  210563    1.5005775e+04   1.172333e+05   0.000000e+00   8008s
  210753    1.5005792e+04   1.248219e+04   0.000000e+00   8019s
  210973    1.5005814e+04   3.461554e+04   0.000000e+00   8031s
  211183    1.5005837e+04   4.442652e+04   0.000000e+00   8043s
  211383    1.5005862e+04   3.252280e+05   0.000000e+00   8054s
  211583    1.5005886e+04   7.153806e+05   0.000000e+00   8066s
  211783    1.5005907e+04   8.901001e+04   0.000000e+00   8077s
  212003    1.5005933e+04   3.435749e+05   0.000000e+00   8090s
  212233    1.5005956e+04   2.296805e+05   0.000000e+00   8103s
  212453    1.5005980e+04   2.886527e+04   0.000000e+00   8115s
  212683    1.5006011e+04   8.443603e+04   0.000000e+00   8128s
  212893    1.5006032e+04   2.116425e+05   0.000000e+00   8140s
  213093    1.5006051e+04   2.859121e+04   0.000000e+00   8152s
  213323    1.5006077e+04   4.815358e+04   0.000000e+00   8165s
  213533    1.5006100e+04   2.342781e+04   0.000000e+00   8177s
  213733    1.5006124e+04   5.635532e+04   0.000000e+00   8189s
  213953    1.5006152e+04   4.105643e+04   0.000000e+00   8201s
  214153    1.5006173e+04   1.288069e+04   0.000000e+00   8214s
  214403    1.5006196e+04   2.823789e+05   0.000000e+00   8227s
  214653    1.5006225e+04   4.141849e+04   0.000000e+00   8241s
  214843    1.5006246e+04   1.520144e+04   0.000000e+00   8253s
  215063    1.5006271e+04   2.790957e+04   0.000000e+00   8266s
  215293    1.5006297e+04   3.916901e+04   0.000000e+00   8279s
  215513    1.5006318e+04   1.933495e+05   0.000000e+00   8292s
  215733    1.5006335e+04   3.744117e+04   0.000000e+00   8305s
  215963    1.5006353e+04   2.917198e+04   0.000000e+00   8318s
  216173    1.5006367e+04   1.676439e+04   0.000000e+00   8331s
  216383    1.5006384e+04   1.923425e+04   0.000000e+00   8344s
  216593    1.5006399e+04   2.309867e+05   0.000000e+00   8356s
  216833    1.5006420e+04   4.509512e+05   0.000000e+00   8369s
  217053    1.5006439e+04   2.485770e+05   0.000000e+00   8382s
  217263    1.5006452e+04   1.793105e+05   0.000000e+00   8394s
  217513    1.5006472e+04   8.188704e+04   0.000000e+00   8408s
  217763    1.5006489e+04   1.662343e+04   0.000000e+00   8422s
  218003    1.5006509e+04   5.584177e+04   0.000000e+00   8436s
  218233    1.5006534e+04   1.510083e+05   0.000000e+00   8449s
  218453    1.5006553e+04   1.192219e+05   0.000000e+00   8463s
  218673    1.5006569e+04   4.331781e+04   0.000000e+00   8476s
  218883    1.5006586e+04   2.328962e+05   0.000000e+00   8488s
  219103    1.5006601e+04   1.241893e+06   0.000000e+00   8502s
  219333    1.5006618e+04   3.224851e+04   0.000000e+00   8515s
  219533    1.5006634e+04   1.590682e+05   0.000000e+00   8527s
  219743    1.5006650e+04   5.086780e+04   0.000000e+00   8539s
  219943    1.5006667e+04   2.235053e+04   0.000000e+00   8551s
  220163    1.5006684e+04   1.295100e+05   0.000000e+00   8565s
  220383    1.5006704e+04   6.684313e+04   0.000000e+00   8578s
  220603    1.5006719e+04   7.609284e+04   0.000000e+00   8591s
  220833    1.5006741e+04   7.870453e+04   0.000000e+00   8604s
  221053    1.5006762e+04   3.632267e+04   0.000000e+00   8618s
  221293    1.5006780e+04   9.798346e+04   0.000000e+00   8631s
  221513    1.5006799e+04   1.720966e+05   0.000000e+00   8645s
  221723    1.5006816e+04   1.228402e+04   0.000000e+00   8657s
  221933    1.5006829e+04   5.603208e+05   0.000000e+00   8670s
  222143    1.5006845e+04   1.198282e+05   0.000000e+00   8683s
  222343    1.5006861e+04   1.163934e+04   0.000000e+00   8695s
  222543    1.5006877e+04   1.267256e+04   0.000000e+00   8707s
  222763    1.5006894e+04   1.818541e+05   0.000000e+00   8720s
  222973    1.5006911e+04   2.150464e+04   0.000000e+00   8733s
  223183    1.5006927e+04   5.391068e+04   0.000000e+00   8745s
  223383    1.5006940e+04   3.130743e+05   0.000000e+00   8758s
  223613    1.5006956e+04   3.557530e+04   0.000000e+00   8771s
  223823    1.5006972e+04   1.551705e+05   0.000000e+00   8784s
  224063    1.5006991e+04   1.101495e+05   0.000000e+00   8798s
  224303    1.5007011e+04   3.217575e+04   0.000000e+00   8813s
  224533    1.5007029e+04   3.963696e+04   0.000000e+00   8827s
  224773    1.5007049e+04   5.503159e+04   0.000000e+00   8842s
  224993    1.5007065e+04   1.285991e+05   0.000000e+00   8855s
  225213    1.5007084e+04   4.699857e+04   0.000000e+00   8869s
  225443    1.5007106e+04   2.348870e+04   0.000000e+00   8883s
  225663    1.5007128e+04   2.829819e+04   0.000000e+00   8896s
  225883    1.5007144e+04   1.434287e+05   0.000000e+00   8910s
  226093    1.5007160e+04   2.112816e+05   0.000000e+00   8923s
  226303    1.5007175e+04   1.752928e+04   0.000000e+00   8936s
  226523    1.5007194e+04   4.042469e+04   0.000000e+00   8949s
  226743    1.5007211e+04   1.945557e+04   0.000000e+00   8963s
  226953    1.5007231e+04   2.724697e+04   0.000000e+00   8976s
  227173    1.5007253e+04   3.280396e+04   0.000000e+00   8989s
  227403    1.5007274e+04   1.067120e+05   0.000000e+00   9003s
  227623    1.5007286e+04   1.880697e+05   0.000000e+00   9016s
  227843    1.5007305e+04   2.289553e+04   0.000000e+00   9030s
  228103    1.5007322e+04   1.805343e+06   0.000000e+00   9045s
  228323    1.5007341e+04   1.234836e+04   0.000000e+00   9059s
  228543    1.5007361e+04   7.623431e+03   0.000000e+00   9073s
  228763    1.5007382e+04   7.408598e+04   0.000000e+00   9087s
  229003    1.5007405e+04   7.453189e+04   0.000000e+00   9101s
  229233    1.5007424e+04   9.631507e+04   0.000000e+00   9116s
  229453    1.5007443e+04   2.981829e+05   0.000000e+00   9130s
  229663    1.5007458e+04   2.170576e+04   0.000000e+00   9143s
  229873    1.5007475e+04   1.298400e+04   0.000000e+00   9157s
  230073    1.5007494e+04   4.155129e+04   0.000000e+00   9170s
  230283    1.5007509e+04   6.979203e+04   0.000000e+00   9183s
  230503    1.5007522e+04   4.013906e+04   0.000000e+00   9197s
  230743    1.5007541e+04   1.395016e+05   0.000000e+00   9212s
  230973    1.5007559e+04   1.416611e+04   0.000000e+00   9226s
  231193    1.5007575e+04   1.023924e+05   0.000000e+00   9240s
  231413    1.5007591e+04   1.407308e+05   0.000000e+00   9253s
  231643    1.5007607e+04   1.330209e+04   0.000000e+00   9267s
  231903    1.5007630e+04   3.827864e+04   0.000000e+00   9283s
  232133    1.5007645e+04   7.022010e+04   0.000000e+00   9298s
  232343    1.5007663e+04   1.276050e+04   0.000000e+00   9311s
  232543    1.5007682e+04   3.953433e+05   0.000000e+00   9324s
  232753    1.5007698e+04   9.668531e+04   0.000000e+00   9338s
  232973    1.5007716e+04   2.966536e+04   0.000000e+00   9351s
  233203    1.5007736e+04   2.800939e+04   0.000000e+00   9365s
  233433    1.5007757e+04   7.278035e+04   0.000000e+00   9379s
  233653    1.5007774e+04   1.363451e+05   0.000000e+00   9393s
  233873    1.5007792e+04   5.054999e+05   0.000000e+00   9407s
  234093    1.5007808e+04   8.111446e+03   0.000000e+00   9422s
  234353    1.5007827e+04   4.135847e+04   0.000000e+00   9438s
  234573    1.5007842e+04   5.939907e+05   0.000000e+00   9452s
  234783    1.5007857e+04   2.607843e+04   0.000000e+00   9466s
  235033    1.5007872e+04   5.651368e+04   0.000000e+00   9481s
  235273    1.5007889e+04   1.616690e+05   0.000000e+00   9496s
  235513    1.5007904e+04   1.652490e+05   0.000000e+00   9511s
  235753    1.5007924e+04   2.272174e+04   0.000000e+00   9526s
  235983    1.5007942e+04   8.227319e+05   0.000000e+00   9541s
  236223    1.5007966e+04   5.281611e+04   0.000000e+00   9557s
  236453    1.5007990e+04   2.878351e+04   0.000000e+00   9571s
  236693    1.5008010e+04   1.132563e+04   0.000000e+00   9587s
  236923    1.5008021e+04   1.819168e+04   0.000000e+00   9602s
  237153    1.5008035e+04   7.313520e+04   0.000000e+00   9616s
  237383    1.5008050e+04   4.471819e+06   0.000000e+00   9631s
  237633    1.5008065e+04   1.174000e+04   0.000000e+00   9647s
  237873    1.5008080e+04   1.099487e+05   0.000000e+00   9662s
  238123    1.5008096e+04   6.467954e+04   0.000000e+00   9678s
  238373    1.5008110e+04   1.057043e+05   0.000000e+00   9694s
  238613    1.5008125e+04   1.550070e+04   0.000000e+00   9709s
  238813    1.5008140e+04   6.223328e+05   0.000000e+00   9723s
  239033    1.5008151e+04   6.718227e+04   0.000000e+00   9737s
  239243    1.5008164e+04   2.210294e+05   0.000000e+00   9751s
  239483    1.5008180e+04   8.949387e+04   0.000000e+00   9766s
  239703    1.5008190e+04   2.663110e+05   0.000000e+00   9781s
  239923    1.5008203e+04   7.574632e+03   0.000000e+00   9795s
  240143    1.5008223e+04   2.490604e+04   0.000000e+00   9809s
  240373    1.5008238e+04   6.475168e+04   0.000000e+00   9824s
  240593    1.5008255e+04   5.333364e+05   0.000000e+00   9839s
  240823    1.5008273e+04   9.385074e+03   0.000000e+00   9854s
  241053    1.5008285e+04   7.450143e+05   0.000000e+00   9869s
  241293    1.5008300e+04   2.470954e+05   0.000000e+00   9885s
  241543    1.5008314e+04   8.321279e+04   0.000000e+00   9901s
  241773    1.5008332e+04   3.493930e+04   0.000000e+00   9916s
  241993    1.5008351e+04   5.456970e+03   0.000000e+00   9931s
  242193    1.5008365e+04   1.075849e+04   0.000000e+00   9945s
  242403    1.5008383e+04   8.138285e+03   0.000000e+00   9959s
  242613    1.5008399e+04   1.129917e+05   0.000000e+00   9973s
  242813    1.5008413e+04   7.087644e+03   0.000000e+00   9986s
  243033    1.5008424e+04   8.103092e+04   0.000000e+00  10001s
  243263    1.5008434e+04   2.464432e+04   0.000000e+00  10016s
  243493    1.5008448e+04   1.598225e+05   0.000000e+00  10031s
  243723    1.5008461e+04   2.798316e+04   0.000000e+00  10046s
  243953    1.5008478e+04   1.176199e+04   0.000000e+00  10062s
  244163    1.5008493e+04   9.399530e+04   0.000000e+00  10076s
  244393    1.5008507e+04   4.705751e+04   0.000000e+00  10092s
  244623    1.5008528e+04   4.766373e+04   0.000000e+00  10107s
  244863    1.5008548e+04   9.042779e+03   0.000000e+00  10123s
  245093    1.5008562e+04   3.916954e+04   0.000000e+00  10138s
  245353    1.5008580e+04   3.094963e+04   0.000000e+00  10154s
  245573    1.5008592e+04   1.086252e+04   0.000000e+00  10169s
  245813    1.5008606e+04   1.051609e+06   0.000000e+00  10185s
  246053    1.5008621e+04   1.833939e+04   0.000000e+00  10201s
  246283    1.5008637e+04   2.113184e+05   0.000000e+00  10216s
  246553    1.5008655e+04   8.565810e+04   0.000000e+00  10234s
  246803    1.5008672e+04   2.241490e+04   0.000000e+00  10251s
  247043    1.5008685e+04   2.150504e+04   0.000000e+00  10266s
  247273    1.5008700e+04   1.857965e+05   0.000000e+00  10282s
  247483    1.5008713e+04   1.466926e+04   0.000000e+00  10296s
  247693    1.5008728e+04   5.254956e+04   0.000000e+00  10311s
  247913    1.5008743e+04   1.364261e+04   0.000000e+00  10326s
  248113    1.5008755e+04   8.737666e+03   0.000000e+00  10340s
  248343    1.5008768e+04   1.104965e+05   0.000000e+00  10356s
  248573    1.5008784e+04   1.137379e+04   0.000000e+00  10371s
  248803    1.5008803e+04   1.719922e+04   0.000000e+00  10387s
  249033    1.5008816e+04   9.996237e+04   0.000000e+00  10402s
  249283    1.5008831e+04   1.672178e+06   0.000000e+00  10419s
  249513    1.5008850e+04   1.603264e+04   0.000000e+00  10434s
  249733    1.5008866e+04   3.448805e+04   0.000000e+00  10450s
  249983    1.5008878e+04   1.250571e+05   0.000000e+00  10466s
  250213    1.5008893e+04   3.347132e+04   0.000000e+00  10482s
  250443    1.5008906e+04   4.105713e+04   0.000000e+00  10498s
  250663    1.5008918e+04   6.278249e+04   0.000000e+00  10513s
  250883    1.5008933e+04   5.058615e+04   0.000000e+00  10529s
  251113    1.5008951e+04   1.338966e+04   0.000000e+00  10544s
  251363    1.5008965e+04   6.942609e+04   0.000000e+00  10560s
  251623    1.5008985e+04   1.143101e+04   0.000000e+00  10577s
  251883    1.5008999e+04   1.538951e+05   0.000000e+00  10594s
  252133    1.5009017e+04   2.057176e+04   0.000000e+00  10611s
  252353    1.5009030e+04   1.520800e+04   0.000000e+00  10626s
  252593    1.5009040e+04   1.608137e+04   0.000000e+00  10642s
  252823    1.5009053e+04   1.606965e+04   0.000000e+00  10658s
  253043    1.5009072e+04   1.983958e+04   0.000000e+00  10673s
  253263    1.5009086e+04   1.180871e+05   0.000000e+00  10688s
  253473    1.5009099e+04   1.036710e+04   0.000000e+00  10703s
  253693    1.5009111e+04   2.708797e+05   0.000000e+00  10718s
  253903    1.5009123e+04   3.552732e+04   0.000000e+00  10732s
  254143    1.5009137e+04   1.141736e+04   0.000000e+00  10748s
  254363    1.5009156e+04   1.109434e+04   0.000000e+00  10763s
  254643    1.5009173e+04   8.369347e+03   0.000000e+00  10781s
  254883    1.5009184e+04   1.993109e+06   0.000000e+00  10797s
  255113    1.5009198e+04   2.633794e+04   0.000000e+00  10813s
  255333    1.5009212e+04   7.394814e+04   0.000000e+00  10828s
  255543    1.5009227e+04   3.307831e+04   0.000000e+00  10842s
  255763    1.5009243e+04   2.106045e+04   0.000000e+00  10857s
  256003    1.5009258e+04   3.098272e+04   0.000000e+00  10873s
  256263    1.5009275e+04   1.069960e+04   0.000000e+00  10890s
  256503    1.5009289e+04   1.277959e+05   0.000000e+00  10907s
  256763    1.5009310e+04   1.352672e+04   0.000000e+00  10925s
  257023    1.5009326e+04   1.227435e+05   0.000000e+00  10942s
  257273    1.5009342e+04   2.391648e+04   0.000000e+00  10959s
  257503    1.5009358e+04   1.153493e+05   0.000000e+00  10975s
  257743    1.5009374e+04   1.238767e+04   0.000000e+00  10991s
  257983    1.5009388e+04   2.833777e+04   0.000000e+00  11007s
  258223    1.5009402e+04   6.228848e+04   0.000000e+00  11024s
  258443    1.5009416e+04   7.514845e+03   0.000000e+00  11039s
  258663    1.5009428e+04   3.597297e+04   0.000000e+00  11054s
  258893    1.5009441e+04   6.665719e+04   0.000000e+00  11070s
  259113    1.5009457e+04   3.849114e+05   0.000000e+00  11085s
  259353    1.5009470e+04   1.711961e+05   0.000000e+00  11102s
  259603    1.5009488e+04   1.368017e+05   0.000000e+00  11119s
  259873    1.5009500e+04   2.022746e+04   0.000000e+00  11136s
  260143    1.5009514e+04   1.274011e+06   0.000000e+00  11154s
  260383    1.5009528e+04   2.872573e+03   0.000000e+00  11171s
  260633    1.5009541e+04   1.231194e+04   0.000000e+00  11188s
  260883    1.5009555e+04   1.577309e+04   0.000000e+00  11206s
  261143    1.5009570e+04   6.509092e+04   0.000000e+00  11223s
  261393    1.5009589e+04   2.565614e+04   0.000000e+00  11241s
  261633    1.5009605e+04   5.526783e+04   0.000000e+00  11258s
  261903    1.5009618e+04   2.094144e+05   0.000000e+00  11275s
  262143    1.5009637e+04   1.620979e+05   0.000000e+00  11293s
  262393    1.5009652e+04   1.161910e+04   0.000000e+00  11310s
  262653    1.5009666e+04   1.188700e+05   0.000000e+00  11328s
  262903    1.5009676e+04   2.639378e+04   0.000000e+00  11344s
  263143    1.5009687e+04   5.206814e+04   0.000000e+00  11361s
  263433    1.5009699e+04   6.301031e+04   0.000000e+00  11380s
  263693    1.5009713e+04   3.119470e+03   0.000000e+00  11398s
  263953    1.5009726e+04   3.676589e+03   0.000000e+00  11416s
  264183    1.5009738e+04   7.323961e+03   0.000000e+00  11432s
  264413    1.5009751e+04   3.131935e+05   0.000000e+00  11448s
  264673    1.5009765e+04   4.942458e+04   0.000000e+00  11466s
  264973    1.5009780e+04   4.038825e+04   0.000000e+00  11485s
  265243    1.5009795e+04   2.221526e+04   0.000000e+00  11504s
  265493    1.5009807e+04   1.856595e+05   0.000000e+00  11521s
  265733    1.5009818e+04   2.707035e+04   0.000000e+00  11538s
  265993    1.5009833e+04   7.934883e+04   0.000000e+00  11556s
  266223    1.5009843e+04   2.824063e+04   0.000000e+00  11573s
  266483    1.5009856e+04   3.546123e+04   0.000000e+00  11591s
  266713    1.5009865e+04   4.672298e+03   0.000000e+00  11607s
  266983    1.5009880e+04   1.305329e+05   0.000000e+00  11626s
  267223    1.5009889e+04   1.192918e+04   0.000000e+00  11643s
  267493    1.5009899e+04   1.630433e+06   0.000000e+00  11661s
  267733    1.5009907e+04   1.581841e+04   0.000000e+00  11678s
  267973    1.5009919e+04   5.313719e+03   0.000000e+00  11695s
  268243    1.5009931e+04   3.048590e+04   0.000000e+00  11712s
  268513    1.5009943e+04   2.484305e+05   0.000000e+00  11731s
  268763    1.5009953e+04   1.504131e+04   0.000000e+00  11748s
  269013    1.5009964e+04   3.545082e+04   0.000000e+00  11766s
  269263    1.5009971e+04   5.303845e+03   0.000000e+00  11783s
  269503    1.5009979e+04   3.491586e+03   0.000000e+00  11800s
  269793    1.5009989e+04   2.844886e+04   0.000000e+00  11819s
  270073    1.5009999e+04   3.255243e+04   0.000000e+00  11837s
  270313    1.5010006e+04   1.397636e+04   0.000000e+00  11854s
  270583    1.5010013e+04   1.211601e+05   0.000000e+00  11873s
  270813    1.5010019e+04   2.249639e+03   0.000000e+00  11890s
  271053    1.5010027e+04   6.764412e+03   0.000000e+00  11907s
  271283    1.5010034e+04   6.516895e+03   0.000000e+00  11924s
  271513    1.5010041e+04   3.653689e+04   0.000000e+00  11940s
  271773    1.5010047e+04   2.671902e+03   0.000000e+00  11958s
  272043    1.5010053e+04   9.472182e+03   0.000000e+00  11976s
  272293    1.5010060e+04   7.866924e+03   0.000000e+00  11994s
  272553    1.5010068e+04   4.734626e+04   0.000000e+00  12012s
  272803    1.5010077e+04   5.339198e+03   0.000000e+00  12030s
  273043    1.5010084e+04   1.311737e+04   0.000000e+00  12047s
  273303    1.5010092e+04   9.189204e+03   0.000000e+00  12065s
  273573    1.5010100e+04   6.556732e+04   0.000000e+00  12084s
  273813    1.5010107e+04   2.047350e+03   0.000000e+00  12101s
  274053    1.5010113e+04   1.428990e+05   0.000000e+00  12118s
  274323    1.5010120e+04   5.404452e+05   0.000000e+00  12136s
  274603    1.5010129e+04   5.776420e+03   0.000000e+00  12155s
  274863    1.5010135e+04   5.029926e+05   0.000000e+00  12174s
  275123    1.5010142e+04   1.805021e+04   0.000000e+00  12192s
  275373    1.5010149e+04   1.685284e+03   0.000000e+00  12210s
  275613    1.5010154e+04   4.008214e+03   0.000000e+00  12227s
  275873    1.5010159e+04   2.203518e+05   0.000000e+00  12245s
  276133    1.5010165e+04   1.038408e+04   0.000000e+00  12262s
  276383    1.5010171e+04   2.552347e+04   0.000000e+00  12280s
  276633    1.5010177e+04   7.505998e+03   0.000000e+00  12297s
  276893    1.5010184e+04   1.379543e+04   0.000000e+00  12315s
  277123    1.5010190e+04   3.761351e+04   0.000000e+00  12332s
  277363    1.5010197e+04   3.841171e+03   0.000000e+00  12349s
  277643    1.5010203e+04   2.121728e+03   0.000000e+00  12368s
  277883    1.5010211e+04   2.154082e+04   0.000000e+00  12385s
  278123    1.5010219e+04   5.287750e+03   0.000000e+00  12403s
  278353    1.5010227e+04   1.726549e+04   0.000000e+00  12420s
  278623    1.5010233e+04   6.243286e+02   0.000000e+00  12439s
  278863    1.5010240e+04   2.488511e+04   0.000000e+00  12456s
  279083    1.5010245e+04   5.731718e+03   0.000000e+00  12472s
  279343    1.5010250e+04   5.495120e+03   0.000000e+00  12490s
  279593    1.5010256e+04   6.007848e+03   0.000000e+00  12508s
  279823    1.5010260e+04   1.008794e+04   0.000000e+00  12525s
  280073    1.5010266e+04   3.859369e+03   0.000000e+00  12543s
  280333    1.5010274e+04   5.788877e+04   0.000000e+00  12561s
  280603    1.5010280e+04   7.507379e+03   0.000000e+00  12580s
  280843    1.5010287e+04   3.420031e+03   0.000000e+00  12598s
  281103    1.5010293e+04   4.590118e+04   0.000000e+00  12616s
  281373    1.5010299e+04   7.771003e+02   0.000000e+00  12635s
  281633    1.5010305e+04   3.339401e+02   0.000000e+00  12654s
  281933    1.5010312e+04   1.278147e+04   0.000000e+00  12674s
  282223    1.5010317e+04   3.372947e+03   0.000000e+00  12694s
  282533    1.5010321e+04   4.557886e+04   0.000000e+00  12714s
  282833    1.5010327e+04   3.638018e+03   0.000000e+00  12735s
  283103    1.5010333e+04   4.165448e+02   0.000000e+00  12754s
  283373    1.5010337e+04   9.288876e+01   0.000000e+00  12773s
  283633    1.5010342e+04   1.297051e+03   0.000000e+00  12791s
  283893    1.5010347e+04   9.486149e+02   0.000000e+00  12810s
  284163    1.5010351e+04   5.170644e+03   0.000000e+00  12828s
  284433    1.5010355e+04   4.639097e+03   0.000000e+00  12847s
  284723    1.5010359e+04   5.010456e+02   0.000000e+00  12866s
  285033    1.5010364e+04   1.431387e+02   0.000000e+00  12886s
  285383    1.5010371e+04   1.783333e+03   0.000000e+00  12908s
  285753    1.5010378e+04   1.079113e+02   0.000000e+00  12932s
  286103    1.5010385e+04   5.250789e+01   0.000000e+00  12954s
  286418    1.5010395e+04   8.255165e+01   0.000000e+00  12976s
  286461    1.5010348e+04   0.000000e+00   0.000000e+00  12988s

Root relaxation: objective 1.501035e+04, 286461 iterations, 12852.36 seconds (31888.63 work units)

    Nodes    |    Current Node    |     Objective Bounds      |     Work
 Expl Unexpl |  Obj  Depth IntInf | Incumbent    BestBd   Gap | It/Node Time

     0     0 15010.3477    0 8616 28001.0000 15010.3477  46.4%     - 12992s
H    0     0                    15796.000000 15010.3477  4.97%     - 12992s
H    0     0                    15795.000000 15010.3477  4.97%     - 12992s
H    0     0                    15775.000000 15010.3477  4.85%     - 12998s
H    0     0                    15729.000000 15010.3477  4.57%     - 12998s
H    0     0                    15728.000000 15010.3477  4.56%     - 12998s
H    0     0                    15714.000000 15010.3477  4.48%     - 12998s
H    0     0                    15713.000000 15010.3477  4.47%     - 13014s
H    0     0                    15712.000000 15010.3477  4.47%     - 13030s
H    0     0                    15711.000000 15010.3477  4.46%     - 13030s
H    0     0                    15710.000000 15010.3477  4.45%     - 13030s
H    0     0                    15709.000000 15010.3477  4.45%     - 13041s
H    0     0                    15708.000000 15010.3477  4.44%     - 13041s
H    0     0                    15707.000000 15010.3477  4.44%     - 13041s
H    0     0                    15614.000000 15010.3477  3.87%     - 13092s
H    0     0                    15567.000000 15010.3477  3.58%     - 13092s
H    0     0                    15494.000000 15010.3477  3.12%     - 13092s
H    0     0                    15378.000000 15010.3477  2.39%     - 13092s
H    0     0                    15319.000000 15010.3477  2.01%     - 13092s
H    0     0                    15300.000000 15010.3477  1.89%     - 13092s
H    0     0                    15293.000000 15010.3477  1.85%     - 13092s
H    0     0                    15288.000000 15010.3477  1.82%     - 13101s
H    0     0                    15287.000000 15010.3477  1.81%     - 13108s
H    0     0                    15285.000000 15010.3477  1.80%     - 13108s
H    0     0                    15279.000000 15010.3477  1.76%     - 13115s
H    0     0                    15276.000000 15010.3477  1.74%     - 13115s
H    0     0                    15274.000000 15010.3477  1.73%     - 13115s
H    0     0                    15272.000000 15010.3477  1.71%     - 13116s
H    0     0                    15268.000000 15010.3477  1.69%     - 13117s
H    0     0                    15267.000000 15010.3477  1.68%     - 13133s
H    0     0                    15266.000000 15010.3477  1.67%     - 13133s
H    0     0                    15259.000000 15010.3477  1.63%     - 13133s
H    0     0                    15258.000000 15010.3477  1.62%     - 13139s
H    0     0                    15257.000000 15010.3477  1.62%     - 13139s
H    0     0                    15254.000000 15010.3477  1.60%     - 13148s
H    0     0                    15252.000000 15010.3477  1.58%     - 13148s
H    0     0                    15251.000000 15010.3477  1.58%     - 13148s
H    0     0                    15250.000000 15010.3477  1.57%     - 13148s
H    0     0                    15248.000000 15010.3477  1.56%     - 13162s
H    0     0                    15247.000000 15010.3477  1.55%     - 13180s
H    0     0                    15246.000000 15010.3477  1.55%     - 13180s
H    0     0                    15245.000000 15010.3477  1.54%     - 13180s
H    0     0                    15242.000000 15010.3477  1.52%     - 13206s
H    0     0                    15241.000000 15010.3477  1.51%     - 13207s
H    0     0                    15240.000000 15010.3477  1.51%     - 13748s
H    0     0                    15237.000000 15010.3477  1.49%     - 13843s
H    0     0                    15233.000000 15010.3477  1.46%     - 13981s
H    0     0                    15232.000000 15010.3477  1.46%     - 14400s

Explored 1 nodes (286461 simplex iterations) in 14400.80 seconds (35738.39 work units)
Thread count was 32 (of 32 available processors)

Solution count 10: 15232 15233 15237 ... 15248

Time limit reached
Best objective 1.523200000000e+04, best bound 1.501100000000e+04, gap 1.4509%

User-callback calls 212757, time in user-callback 0.48 sec
