
Gurobi 13.0.2 (linux64) logging started Fri Jul 17 05:55:02 2026

Set parameter LogFile to value "/tmp/sweep_20260716_013919_north-korea_alt260km_s100_i2_v4_gurobi.log"
Set parameter Method to value 1
Set parameter NodefileStart to value 4
Set parameter RINS to value 50
Gurobi Optimizer version 13.0.2 build v13.0.2rc1 (linux64 - "Debian GNU/Linux 13 (trixie)")

CPU model: Intel(R) Xeon(R) Platinum 8375C CPU @ 2.90GHz, instruction set [SSE2|AVX|AVX2|AVX512]
Thread count: 16 physical cores, 32 logical processors, using up to 32 threads

Non-default parameters:
TimeLimit  14400
MIPGap  0.001
Method  1
LPWarmStart  1
Heuristics  0.2
MIPFocus  1
NodefileStart  4
RINS  50
Symmetry  2
Cuts  2
CoverCuts  2
LogToConsole  0

Academic license 2812613 - for non-commercial use only - registered to no___@gatech.edu
Optimize a model with 1436 rows, 28720 columns and 183090 nonzeros (Min)
Model fingerprint: 0x805d5fcb
Model has 28720 linear objective coefficients
Variable types: 0 continuous, 28720 integer (28720 binary)
Coefficient statistics:
  Matrix range     [1e+00, 1e+00]
  Objective range  [1e+00, 1e+00]
  Bounds range     [1e+00, 1e+00]
  RHS range        [5e+01, 5e+01]

Found heuristic solution: objective 16249.000000
Presolve removed 0 rows and 13642 columns
Presolve time: 0.11s
Presolved: 1436 rows, 15078 columns, 102674 nonzeros
Variable types: 0 continuous, 15078 integer (10770 binary)

Root simplex log...

Iteration    Objective       Primal Inf.    Dual Inf.      Time
   11819    8.3288041e+03   3.457144e+03   0.000000e+00      5s
   14399    8.3288000e+03   0.000000e+00   0.000000e+00      7s

Root relaxation: objective 8.328800e+03, 14399 iterations, 6.63 seconds (13.30 work units)

    Nodes    |    Current Node    |     Objective Bounds      |     Work
 Expl Unexpl |  Obj  Depth IntInf | Incumbent    BestBd   Gap | It/Node Time

     0     0 8328.80000    0 1358 16249.0000 8328.80000  48.7%     -    8s
H    0     0                    9274.0000032 8328.80000  10.2%     -    8s
H    0     0                    9056.0000032 8328.80000  8.03%     -    8s
H    0     0                    8486.0000000 8328.80000  1.85%     -    8s
H    0     0                    8474.0000000 8328.80000  1.71%     -    8s
H    0     0                    8462.0000000 8328.80000  1.57%     -    8s
H    0     0                    8453.0000000 8328.80000  1.47%     -    8s
H    0     0                    8452.0000000 8328.80000  1.46%     -    8s
H    0     0                    8444.0000000 8328.80000  1.36%     -    8s
H    0     0                    8443.0000000 8328.80000  1.35%     -    8s
H    0     0                    8439.0000000 8328.80000  1.31%     -    8s
H    0     0                    8438.0000000 8328.80000  1.29%     -    8s
H    0     0                    8431.0000000 8328.80000  1.21%     -    9s
H    0     0                    8404.0000000 8328.80000  0.89%     -    9s
H    0     0                    8389.0000000 8328.80000  0.72%     -    9s
H    0     0                    8388.0000000 8328.80000  0.71%     -    9s
H    0     0                    8387.0000000 8328.80000  0.69%     -    9s
H    0     0                    8384.0000000 8328.80000  0.66%     -    9s
H    0     0                    8380.0000000 8328.80000  0.61%     -    9s
H    0     0                    8378.0000000 8328.80000  0.59%     -    9s
H    0     0                    8375.0000000 8328.80000  0.55%     -    9s
H    0     0                    8374.0000000 8328.80000  0.54%     -    9s
H    0     0                    8373.0000000 8328.80000  0.53%     -    9s
H    0     0                    8372.0000000 8328.80000  0.52%     -    9s
H    0     0                    8371.0000000 8328.80000  0.50%     -   10s
H    0     0                    8370.0000000 8328.80000  0.49%     -   10s
H    0     0                    8369.0000000 8328.80000  0.48%     -   10s
H    0     0                    8368.0000000 8328.80000  0.47%     -   10s
H    0     0                    8367.0000000 8328.80000  0.46%     -   10s
H    0     0                    8366.0000000 8328.80000  0.44%     -   10s
H    0     0                    8365.0000000 8328.80000  0.43%     -   10s
H    0     0                    8364.0000000 8328.80000  0.42%     -   10s
H    0     0                    8362.0000000 8328.80000  0.40%     -   10s
H    0     0                    8360.0000000 8328.80000  0.37%     -   10s
     0     0 8328.80000    0 1358 8360.00000 8328.80000  0.37%     -   31s
     0     0 8328.80000    0 1341 8360.00000 8328.80000  0.37%     -   35s
H    0     0                    8359.0000000 8328.80000  0.36%     -   74s
H    0     0                    8358.0000000 8328.80000  0.35%     -   83s
H    0     0                    8357.0000000 8328.80000  0.34%     -   85s
H    0     0                    8356.0000000 8328.80000  0.33%     -   85s
H    0     0                    8355.0000000 8328.80000  0.31%     -   86s
     0     2 8328.80000    0 1336 8355.00000 8328.80000  0.31%     -   90s
     3     8 8328.80000    2 1436 8355.00000 8328.80000  0.31%   768   95s
     7    14     cutoff    3      8355.00000 8328.80000  0.31%   607  100s
    15    28 8328.80000    4 1392 8355.00000 8328.80000  0.31%   335  107s
    27    28 8328.80000    4 1430 8355.00000 8328.80000  0.31%   231  111s
    29    39 8328.80000    5 1367 8355.00000 8328.80000  0.31%   721  120s
H   38    39                    8351.0000000 8328.80000  0.27%  1528  120s
    40    55 8328.80000    6 1378 8351.00000 8328.80000  0.27%  1459  139s
    42    55 8328.80000    6 1404 8351.00000 8328.80000  0.27%  1394  141s
    56    71 8328.80000    7 1393 8351.00000 8328.80000  0.27%  1066  159s
    72    87 8328.80000    8 1397 8351.00000 8328.80000  0.27%   852  185s
    88   199 8328.80000    8 1389 8351.00000 8328.80000  0.27%   714  226s
H  147   199                    8350.0000000 8328.80000  0.25%   457  226s
   200   215 8328.80000   11 1396 8350.00000 8328.80000  0.25%   355  278s
   216   780 8328.80000   11 1398 8350.00000 8328.80000  0.25%   336  342s
   781   826 8328.80000   29 1390 8350.00000 8328.80000  0.25%   190  443s
H  782   826                    8349.0000000 8328.80000  0.24%   190  443s
   827  1617 8328.80000   29 1391 8349.00000 8328.80000  0.24%   232  571s
H 1565  1617                    8348.0000000 8328.80000  0.23%   196  571s
  1618  3125 8328.80000   54 1398 8348.00000 8328.80000  0.23%   192  711s
  3126  3836 8328.80000  111 1401 8348.00000 8328.80000  0.23%   173  816s
  3837  4217 8328.80000  122 1395 8348.00000 8328.80000  0.23%   174  922s
H 4190  4217                    8347.0000000 8328.80000  0.22%   176  922s
  4218  5272 8328.80000  129 1394 8347.00000 8328.80000  0.22%   176 1037s
  5273  5785 8328.80000  169 1394 8347.00000 8328.80000  0.22%   175 1147s
H 5529  5785                    8346.0000000 8328.80000  0.21%   181 1147s
  5786  6628 8328.80000  180 1385 8346.00000 8328.80000  0.21%   185 1260s
  6629  7069 8328.80000  210 1392 8346.00000 8328.80000  0.21%   194 1373s
  7070  7800 8328.80000  220 1375 8346.00000 8328.80000  0.21%   203 1486s
  7801  8725 8328.80000  238 1370 8346.00000 8328.80000  0.21%   208 1605s
  8726  9117 8328.90015  273 1323 8346.00000 8328.80000  0.21%   217 1720s
  9118  9926 8328.92985  277 1313 8346.00000 8328.80000  0.21%   226 1836s
H 9466  9926                    8345.0000000 8328.80000  0.19%   226 1836s
  9927 10733 8329.40677  319 1331 8345.00000 8328.80000  0.19%   229 1952s
 10735 10734 8333.56799  101 1341 8345.00000 8328.80000  0.19%   233 1998s
 10737 10735 8328.80000  120 1358 8345.00000 8328.80000  0.19%   233 2047s
 10738 10736 8329.50319  407 1340 8345.00000 8328.80000  0.19%   233 2055s
 10739 10737 8339.67742  344 1340 8345.00000 8328.90000  0.19%   233 2150s
 10742 10744 8328.90000   16 1436 8345.00000 8328.90000  0.19%   236 2156s
 10754 10760 8328.90000   18 1384 8345.00000 8328.90000  0.19%   236 2163s
 10768 10771 8328.90000   19 1391 8345.00000 8328.90000  0.19%   235 2167s
 10784 10863 8328.90000   20 1404 8345.00000 8328.90000  0.19%   235 2171s
 10881 10846 8328.90000   25 1406 8345.00000 8328.90000  0.19%   234 2175s
 10897 10857 8328.90000   26 1412 8345.00000 8328.90000  0.19%   234 2185s
 10913 10868 8328.90000   26 1404 8345.00000 8328.90000  0.19%   234 2195s
 10929 10878 8328.90000   27 1407 8345.00000 8328.90000  0.19%   233 2210s
 10945 10894 8328.90000   27 1410 8345.00000 8328.90000  0.19%   233 2227s
 10966 10910 8328.90000   27 1405 8345.00000 8328.90000  0.19%   233 2244s
 10989 10977 8328.90000   27 1407 8345.00000 8328.90000  0.19%   233 2261s
 11064 11139 8328.90000   28 1410 8345.00000 8328.90000  0.19%   232 2291s
 11251 11583 8328.90000   28 1407 8345.00000 8328.90000  0.19%   232 2343s
 11757 12134 8328.90000   42 1410 8345.00000 8328.90000  0.19%   228 2427s
 12477 12345 8328.90000   56 1410 8345.00000 8328.90000  0.19%   224 2518s
 12928 12667 8328.90000   64 1415 8345.00000 8328.90000  0.19%   221 2622s
 13400 13134 8328.90000   73 1415 8345.00000 8328.90000  0.19%   218 2739s
 14024 13574 8328.90000   91 1408 8345.00000 8328.90000  0.19%   214 2855s
 14672 14287 8328.90000   98 1412 8345.00000 8328.90000  0.19%   212 2982s
 15601 14791 8328.90000  122 1406 8345.00000 8328.90000  0.19%   208 3108s
 16415 15265 8328.90000  143 1405 8345.00000 8328.90000  0.19%   208 3236s
 17160 15806 8328.90000  169 1394 8345.00000 8328.90000  0.19%   210 3361s
 17950 15906 8328.90000  180 1400 8345.00000 8328.90000  0.19%   210 3485s
 18313 16706 8328.90000  185 1387 8345.00000 8328.90000  0.19%   214 3616s
 19234 16514 8328.90000  193 1388 8345.00000 8328.90000  0.19%   217 3746s
 19349 16613 8328.90000  204 1387 8345.00000 8328.90000  0.19%   218 3875s
 19486 17203 8328.90000  203 1381 8345.00000 8328.90000  0.19%   218 4005s
 20122 17708 8328.90000  220 1356 8345.00000 8328.90000  0.19%   221 4145s
 20839 18133 8328.90000  237 1352 8345.00000 8328.90000  0.19%   224 4287s
 21503 18777 8328.90000  248 1344 8345.00000 8328.90000  0.19%   231 4439s
 22368 19241 8328.90000  255 1319 8345.00000 8328.90000  0.19%   234 4583s
 23183 19298 8328.99778  269 1327 8345.00000 8328.90000  0.19%   237 4727s
 23511 20206 8329.06183  275 1322 8345.00000 8328.90000  0.19%   237 4887s
 24529 20273 8329.27890  294 1328 8345.00000 8328.90000  0.19%   239 5042s
 24935 20762 8329.42537  307 1327 8345.00000 8328.90000  0.19%   240 5215s
 25559 21143 8329.51881  320 1323 8345.00000 8328.90000  0.19%   241 5386s
 26148 21324 8329.71805  336 1321 8345.00000 8328.90000  0.19%   241 5558s
 26526 21746 8329.79221  343 1326 8345.00000 8328.90000  0.19%   242 5741s
 27074 22454 8330.00489  355 1318 8345.00000 8328.90000  0.19%   243 5929s
 28006 24120 8330.36091  376 1345 8345.00000 8328.90000  0.19%   243 6107s
 30058 23494 8330.70727  397 1354 8345.00000 8328.90000  0.19%   243 6262s
 30116 24770 8330.71176  398 1356 8345.00000 8328.90000  0.19%   243 6411s
 31459 24923 8330.95884  413 1346 8345.00000 8328.90000  0.19%   242 6564s
 32060 26336 8331.32507  428 1345 8345.00000 8328.90000  0.19%   241 6720s
 33697 25812 8331.82311  463 1346 8345.00000 8328.90000  0.19%   239 6874s
 33719 27315 8331.84478  464 1356 8345.00000 8328.90000  0.19%   239 7026s
 35229 28236 8332.40326  505 1349 8345.00000 8328.90000  0.19%   237 7176s
 36722 29256 8332.74921  526 1354 8345.00000 8328.90000  0.19%   236 7328s
 38377 28743 8333.38104  557 1359 8345.00000 8328.90000  0.19%   235 7486s
 38416 30141 8333.41858  558 1365 8345.00000 8328.90000  0.19%   235 7638s
 39893 31032 8333.85679  578 1365 8345.00000 8328.90000  0.19%   234 7803s
 41392 31829 8334.55008  608 1367 8345.00000 8328.90000  0.19%   233 7960s
 42689 31725 8335.38926  647 1359 8345.00000 8328.90000  0.19%   232 8189s
 43017 38012 8335.74021  660 1362 8345.00000 8328.90000  0.19%   232 8909s
 49481 38102 8338.61411  775 1358 8345.00000 8328.90000  0.19%   236 9091s
 49575 39737 8338.55881  776 1359 8345.00000 8328.90000  0.19%   236 9262s
 51238 39792 8339.47739  814 1355 8345.00000 8328.90000  0.19%   237 9448s
 51293 39844 8339.52154  814 1363 8345.00000 8328.90000  0.19%   237 9640s
 51345 41275 8339.50299  813 1352 8345.00000 8328.90000  0.19%   237 9826s
 52836 43007 8339.51591  813 1358 8345.00000 8328.90000  0.19%   236 10014s
 54568 45253 8340.42823  850 1360 8345.00000 8328.90000  0.19%   236 10204s
 56925 45430 8341.34941  895 1369 8345.00000 8328.90000  0.19%   235 10390s
 57102 47254 8341.70143  906 1351 8345.00000 8328.90000  0.19%   235 10568s
 58928 48233 8341.86678  915 1364 8345.00000 8328.90000  0.19%   234 10758s
 60003 48722 8342.34460  935 1361 8345.00000 8328.90000  0.19%   234 10950s
 60492 50408 8342.64853  947 1365 8345.00000 8328.90000  0.19%   233 11147s
 62341 52079 8343.68445  984 1360 8345.00000 8328.90000  0.19%   232 11343s
 64065 55159 8343.97135 1002 1355 8345.00000 8328.90000  0.19%   232 11611s
 67408 55236 8328.90000  117 1410 8345.00000 8328.90000  0.19%   230 11756s
 67485 56138 8328.90000  117 1411 8345.00000 8328.90000  0.19%   230 11897s
 68387 57726 8328.90000  142 1406 8345.00000 8328.90000  0.19%   230 12052s
 69975 57842 8328.90000  162 1388 8345.00000 8328.90000  0.19%   229 12252s
 70091 58960 8328.90000  166 1400 8345.00000 8328.90000  0.19%   229 12421s
 71209 61044 8328.90000  196 1393 8345.00000 8328.90000  0.19%   229 12598s
 73293 62640 8328.90000  222 1365 8345.00000 8328.90000  0.19%   228 12765s
 74921 62742 8328.90000  239 1352 8345.00000 8328.90000  0.19%   227 12956s
 75025 64238 8328.90000  240 1333 8345.00000 8328.90000  0.19%   227 13127s
 76563 65964 8328.99302  265 1336 8345.00000 8328.90000  0.19%   227 13307s
 78340 67194 8329.43861  299 1323 8345.00000 8328.90000  0.19%   227 13477s
 79570 67360 8329.59758  312 1322 8345.00000 8328.90000  0.19%   228 13667s
 79736 68693 8329.54142  309 1323 8345.00000 8328.90000  0.19%   229 13845s
 81176 70463 8329.91002  341 1330 8345.00000 8328.90000  0.19%   229 14029s
 82958 70710 8330.01550  350 1322 8345.00000 8328.90000  0.19%   229 14223s
 83249 72318 8330.05098  350 1334 8345.00000 8328.90000  0.19%   229 14400s

Explored 84875 nodes (19459143 simplex iterations) in 14400.17 seconds (51232.14 work units)
Thread count was 32 (of 32 available processors)

Solution count 10: 8345 8346 8347 ... 8357

Time limit reached
Best objective 8.345000000000e+03, best bound 8.329000000000e+03, gap 0.1917%

User-callback calls 3473415, time in user-callback 13.99 sec
