
Gurobi 13.0.2 (linux64) logging started Sat Jul 18 22:24:56 2026

Set parameter LogFile to value "/tmp/sweep_20260716_013919_north-korea_alt400km_s100_i2_v4_gurobi.log"
Set parameter Method to value 1
Set parameter NodefileStart to value 4
Set parameter RINS to value 50
Gurobi Optimizer version 13.0.2 build v13.0.2rc1 (linux64 - "Debian GNU/Linux 13 (trixie)")

CPU model: Intel(R) Xeon(R) Platinum 8375C CPU @ 2.90GHz, instruction set [SSE2|AVX|AVX2|AVX512]
Thread count: 16 physical cores, 32 logical processors, using up to 32 threads

Non-default parameters:
TimeLimit  14400
MIPGap  0.001
Method  1
LPWarmStart  1
Heuristics  0.2
MIPFocus  1
NodefileStart  4
RINS  50
Symmetry  2
Cuts  2
CoverCuts  2
LogToConsole  0

Academic license 2812613 - for non-commercial use only - registered to no___@gatech.edu
Optimize a model with 2872 rows, 57440 columns and 528448 nonzeros (Min)
Model fingerprint: 0x66580e07
Model has 57440 linear objective coefficients
Variable types: 0 continuous, 57440 integer (57440 binary)
Coefficient statistics:
  Matrix range     [1e+00, 1e+00]
  Objective range  [1e+00, 1e+00]
  Bounds range     [1e+00, 1e+00]
  RHS range        [5e+01, 5e+01]

Found heuristic solution: objective 24137.000000
Presolve removed 0 rows and 14360 columns
Presolve time: 0.49s
Presolved: 2872 rows, 43080 columns, 427928 nonzeros
Variable types: 0 continuous, 43080 integer (37336 binary)

Root simplex log...

Iteration    Objective       Primal Inf.    Dual Inf.      Time
    8554    8.6353626e+03   8.909929e+03   0.000000e+00      5s
   12674    8.7525704e+03   9.052360e+03   0.000000e+00     10s
   15964    8.7935616e+03   4.274593e+03   0.000000e+00     15s
Warning: Markowitz tolerance tightened to 0.0625
   18744    8.8123131e+03   5.188269e+03   0.000000e+00     20s
   21144    8.8206303e+03   3.099243e+03   0.000000e+00     25s
   23444    8.8240397e+03   2.157532e+03   0.000000e+00     30s
   25644    8.8258496e+03   2.520005e+03   0.000000e+00     35s
   27744    8.8271616e+03   3.486033e+03   0.000000e+00     40s
   29744    8.8280762e+03   5.580872e+03   0.000000e+00     45s
   31644    8.8288197e+03   1.058177e+03   0.000000e+00     50s
   33444    8.8293772e+03   3.546997e+02   0.000000e+00     55s
   35244    8.8298579e+03   4.145465e+02   0.000000e+00     60s
   36844    8.8302521e+03   7.805385e+02   0.000000e+00     65s
   38524    8.8305731e+03   4.443204e+03   0.000000e+00     70s
   40164    8.8308372e+03   4.734918e+02   0.000000e+00     75s
   41634    8.8310509e+03   3.779417e+01   0.000000e+00     80s
   43284    8.8312348e+03   2.518166e+01   0.000000e+00     85s
   44724    8.8313658e+03   7.759035e+01   0.000000e+00     90s
   45628    8.8314000e+03   0.000000e+00   0.000000e+00     94s

Root relaxation: objective 8.831400e+03, 45628 iterations, 93.21 seconds (206.03 work units)

    Nodes    |    Current Node    |     Objective Bounds      |     Work
 Expl Unexpl |  Obj  Depth IntInf | Incumbent    BestBd   Gap | It/Node Time

     0     0 8831.40000    0 1077 24137.0000 8831.40000  63.4%     -  109s
H    0     0                    9551.0000000 8831.40000  7.53%     -  109s
H    0     0                    9440.0000000 8831.40000  6.45%     -  109s
H    0     0                    9292.0000000 8831.40000  4.96%     -  109s
H    0     0                    8978.0000000 8831.40000  1.63%     -  118s
H    0     0                    8966.0000000 8831.40000  1.50%     -  118s
H    0     0                    8932.0000000 8831.40000  1.13%     -  118s
H    0     0                    8929.0000000 8831.40000  1.09%     -  118s
H    0     0                    8926.0000000 8831.40000  1.06%     -  142s
H    0     0                    8922.0000000 8831.40000  1.02%     -  156s
H    0     0                    8921.0000000 8831.40000  1.00%     -  156s
H    0     0                    8916.0000000 8831.40000  0.95%     -  156s
     0     0 8831.40000    0 2513 8916.00000 8831.40000  0.95%     -  177s
H    0     0                    8915.0000000 8831.40000  0.94%     -  359s
H    0     0                    8914.0000000 8831.40000  0.93%     -  432s
H    0     0                    8913.0000000 8831.40000  0.92%     -  432s
H    0     0                    8912.0000000 8831.40000  0.90%     -  443s
H    0     0                    8908.0000000 8831.40000  0.86%     -  445s
H    0     0                    8901.0000000 8831.40000  0.78%     -  544s
H    0     0                    8868.0000000 8831.40000  0.41%     -  544s
     0     0 8831.40000    0 2513 8868.00000 8831.40000  0.41%     -  544s
     0     0 8831.40000    0 1795 8868.00000 8831.40000  0.41%     -  587s
     0     0 8831.40000    0 1795 8868.00000 8831.40000  0.41%     -  628s
     0     0 8831.40000    0 1077 8868.00000 8831.40000  0.41%     -  653s
H    0     0                    8867.0000000 8831.40000  0.40%     -  667s
     0     0 8831.41253    0 2855 8867.00000 8831.41253  0.40%     -  699s
     0     0 8831.67727    0 3062 8867.00000 8831.67727  0.40%     -  719s
     0     0 8831.75168    0 3112 8867.00000 8831.75168  0.40%     -  727s
     0     0 8831.80156    0 3168 8867.00000 8831.80156  0.40%     -  756s
     0     0 8831.83827    0 3229 8867.00000 8831.83827  0.40%     -  765s
     0     0 8831.86757    0 3272 8867.00000 8831.86757  0.40%     -  775s
     0     0 8831.88635    0 3322 8867.00000 8831.88635  0.40%     -  783s
     0     0 8831.90150    0 3364 8867.00000 8831.90150  0.40%     -  791s
     0     0 8831.91385    0 3399 8867.00000 8831.91385  0.40%     -  799s
     0     0 8831.92223    0 3416 8867.00000 8831.92223  0.40%     -  807s
     0     0 8831.93952    0 3436 8867.00000 8831.93952  0.40%     -  816s
     0     0 8831.95090    0 3466 8867.00000 8831.95090  0.40%     -  825s
     0     0 8831.96494    0 3495 8867.00000 8831.96494  0.40%     -  834s
     0     0 8831.97871    0 3538 8867.00000 8831.97871  0.39%     -  897s
     0     0 8831.99101    0 3573 8867.00000 8831.99101  0.39%     -  925s
     0     0 8832.00233    0 3612 8867.00000 8832.00233  0.39%     -  937s
     0     0 8832.01378    0 3645 8867.00000 8832.01378  0.39%     -  989s
     0     0 8832.02334    0 3672 8867.00000 8832.02334  0.39%     - 1055s
     0     0 8832.02994    0 3717 8867.00000 8832.02994  0.39%     - 1066s
     0     0 8832.03636    0 3773 8867.00000 8832.03636  0.39%     - 1079s
     0     0 8832.04149    0 3802 8867.00000 8832.04149  0.39%     - 1089s
     0     0 8832.04619    0 3852 8867.00000 8832.04619  0.39%     - 1103s
     0     0 8832.04963    0 3891 8867.00000 8832.04963  0.39%     - 1113s
     0     0 8832.05111    0 3910 8867.00000 8832.05111  0.39%     - 1119s
     0     0 8832.05215    0 3917 8867.00000 8832.05215  0.39%     - 1125s
     0     0 8832.05277    0 3925 8867.00000 8832.05277  0.39%     - 1129s
     0     0 8832.11311    0 3834 8867.00000 8832.11311  0.39%     - 1395s
H    0     0                    8866.0000000 8832.11311  0.38%     - 1755s
     0     0 8832.16889    0 3789 8866.00000 8832.16889  0.38%     - 1755s
     0     0 8832.16889    0 3798 8866.00000 8832.16889  0.38%     - 1771s
     0     0 8832.16889    0 3836 8866.00000 8832.16889  0.38%     - 1788s
     0     0 8832.16889    0 3874 8866.00000 8832.16889  0.38%     - 1802s
     0     0 8832.16889    0 3925 8866.00000 8832.16889  0.38%     - 1817s
     0     0 8832.16889    0 3978 8866.00000 8832.16889  0.38%     - 1832s
     0     0 8832.16889    0 4023 8866.00000 8832.16889  0.38%     - 1844s
     0     0 8832.16889    0 4055 8866.00000 8832.16889  0.38%     - 1853s
     0     0 8832.16889    0 4075 8866.00000 8832.16889  0.38%     - 1860s
     0     0 8832.16889    0 4100 8866.00000 8832.16889  0.38%     - 1865s
     0     0 8832.16889    0 4117 8866.00000 8832.16889  0.38%     - 1870s
     0     0 8832.16889    0 4137 8866.00000 8832.16889  0.38%     - 1875s
     0     0 8832.16890    0 4166 8866.00000 8832.16890  0.38%     - 2188s
     0     2 8832.16890    0 4166 8866.00000 8832.16890  0.38%     - 4828s
     1     3 8832.52967    1 3972 8866.00000 8832.16890  0.38%  5118 6027s
     2     6 8832.60802    2 3971 8866.00000 8832.16890  0.38%  4522 7666s
     5    12 8832.65035    3 3914 8866.00000 8832.16890  0.38% 97531 9423s
     9    12 8832.75333    3 3959 8866.00000 8832.16890  0.38% 160306 9433s
    10    12 8832.94310    3 3936 8866.00000 8832.16890  0.38% 144848 9443s
    11    20 8832.68073    4 3948 8866.00000 8832.16890  0.38% 132060 10996s
H   14    20                    8865.0000000 8832.16890  0.37% 109229 10996s
    19    20 8832.81540    4 4022 8865.00000 8832.68075  0.36% 86373 11006s
    20    20 8832.82493    4 3948 8865.00000 8832.68075  0.36% 82466 11016s
    23    36 8832.73535    5 3983 8865.00000 8832.68075  0.36% 72565 11430s
    25    36 8832.85365    5 4054 8865.00000 8832.73536  0.36% 67310 11440s
    30    36 8832.86364    5 3978 8865.00000 8832.73536  0.36% 57089 11450s
    38    36 8833.11506    5 3969 8865.00000 8832.73536  0.36% 46526 11492s
    39    68 8832.77317    6 3983 8865.00000 8832.73536  0.36% 45434 12056s
    72    69 8832.82458    7 4166 8865.00000 8832.73536  0.36% 26980 13539s
    74    70 8832.87751    7 1077 8865.00000 8832.73536  0.36% 26250 13713s

Cutting planes:
  Flow cover: 27
  Zero half: 6

Explored 74 nodes (2167719 simplex iterations) in 14400.23 seconds (40937.98 work units)
Thread count was 32 (of 32 available processors)

Solution count 10: 8865 8866 8867 ... 8915

Time limit reached
Best objective 8.865000000000e+03, best bound 8.833000000000e+03, gap 0.3610%

User-callback calls 1700910, time in user-callback 4.15 sec
