
Gurobi 13.0.2 (linux64) logging started Fri Jul 10 01:47:10 2026

Set parameter LogFile to value "/tmp/sweep_20260709_012313_china_alt260km_s50_i2_v6_gurobi.log"
Set parameter Method to value 1
Set parameter NodefileStart to value 4
Set parameter RINS to value 50
Gurobi Optimizer version 13.0.2 build v13.0.2rc1 (linux64 - "Debian GNU/Linux 13 (trixie)")

CPU model: Intel(R) Xeon(R) Platinum 8375C CPU @ 2.90GHz, instruction set [SSE2|AVX|AVX2|AVX512]
Thread count: 16 physical cores, 32 logical processors, using up to 32 threads

Non-default parameters:
TimeLimit  14400
MIPGap  0.001
Method  1
LPWarmStart  1
Heuristics  0.2
MIPFocus  1
NodefileStart  4
RINS  50
Symmetry  2
Cuts  2
CoverCuts  2
LogToConsole  0

Academic license 2812613 - for non-commercial use only - registered to no___@gatech.edu
Optimize a model with 196014 rows, 21540 columns and 24457234 nonzeros (Min)
Model fingerprint: 0x65be5a89
Model has 21540 linear objective coefficients
Variable types: 0 continuous, 21540 integer (21540 binary)
Coefficient statistics:
  Matrix range     [1e+00, 1e+00]
  Objective range  [1e+00, 1e+00]
  Bounds range     [1e+00, 1e+00]
  RHS range        [2e+01, 2e+01]

Found heuristic solution: objective 7564.0000000
Presolve removed 0 rows and 0 columns (presolve time = 7s)...
Presolve removed 0 rows and 0 columns (presolve time = 11s)...
Presolve removed 0 rows and 0 columns (presolve time = 17s)...
Presolve removed 0 rows and 0 columns (presolve time = 20s)...
Presolve removed 0 rows and 0 columns (presolve time = 25s)...
Presolve removed 0 rows and 0 columns (presolve time = 30s)...
Presolve removed 0 rows and 0 columns (presolve time = 35s)...
Presolve removed 0 rows and 0 columns (presolve time = 40s)...
Presolve removed 0 rows and 0 columns (presolve time = 46s)...
Presolve removed 0 rows and 0 columns (presolve time = 52s)...
Presolve removed 0 rows and 0 columns (presolve time = 55s)...
Presolve removed 0 rows and 0 columns (presolve time = 60s)...
Presolve removed 0 rows and 0 columns (presolve time = 65s)...
Presolve removed 0 rows and 0 columns (presolve time = 70s)...
Presolve removed 0 rows and 0 columns (presolve time = 75s)...
Presolve removed 0 rows and 0 columns (presolve time = 80s)...
Presolve removed 0 rows and 0 columns (presolve time = 85s)...
Presolve removed 0 rows and 0 columns (presolve time = 90s)...
Presolve removed 0 rows and 0 columns (presolve time = 95s)...
Presolve removed 0 rows and 0 columns (presolve time = 100s)...
Presolve removed 0 rows and 0 columns (presolve time = 105s)...
Presolve removed 0 rows and 0 columns (presolve time = 110s)...
Presolve removed 0 rows and 0 columns (presolve time = 115s)...
Presolve removed 0 rows and 0 columns (presolve time = 120s)...
Presolve removed 0 rows and 0 columns (presolve time = 125s)...
Presolve removed 0 rows and 0 columns (presolve time = 130s)...
Presolve removed 0 rows and 0 columns (presolve time = 135s)...
Presolve removed 0 rows and 0 columns (presolve time = 140s)...
Presolve removed 0 rows and 0 columns (presolve time = 145s)...
Presolve removed 0 rows and 0 columns (presolve time = 150s)...
Presolve removed 0 rows and 0 columns (presolve time = 155s)...
Presolve removed 0 rows and 0 columns (presolve time = 160s)...
Presolve removed 0 rows and 0 columns (presolve time = 165s)...
Presolve removed 0 rows and 0 columns (presolve time = 170s)...
Presolve removed 0 rows and 0 columns (presolve time = 175s)...
Presolve removed 0 rows and 0 columns (presolve time = 180s)...
Presolve removed 0 rows and 0 columns (presolve time = 185s)...
Presolve removed 0 rows and 0 columns (presolve time = 190s)...
Presolve removed 0 rows and 0 columns (presolve time = 195s)...
Presolve removed 0 rows and 0 columns (presolve time = 200s)...
Presolve removed 0 rows and 0 columns (presolve time = 205s)...
Presolve removed 0 rows and 0 columns (presolve time = 210s)...
Presolve removed 0 rows and 0 columns (presolve time = 215s)...
Presolve removed 0 rows and 0 columns (presolve time = 220s)...
Presolve removed 0 rows and 0 columns (presolve time = 225s)...
Presolve removed 0 rows and 0 columns (presolve time = 230s)...
Presolve removed 0 rows and 0 columns (presolve time = 235s)...
Presolve removed 0 rows and 0 columns (presolve time = 240s)...
Presolve removed 0 rows and 0 columns (presolve time = 245s)...
Presolve removed 0 rows and 0 columns (presolve time = 250s)...
Presolve removed 0 rows and 0 columns (presolve time = 255s)...
Presolve removed 0 rows and 0 columns (presolve time = 260s)...
Presolve removed 0 rows and 0 columns (presolve time = 265s)...
Presolve removed 0 rows and 0 columns (presolve time = 271s)...
Presolve time: 270.84s
Presolved: 196014 rows, 21540 columns, 24457234 nonzeros
Variable types: 0 continuous, 21540 integer (21540 binary)

Root simplex log...

Iteration    Objective       Primal Inf.    Dual Inf.      Time
       0   -0.0000000e+00   0.000000e+00   9.900000e+03    282s
      83    5.1096410e+03   0.000000e+00   0.000000e+00    282s
      83    5.1096410e+03   0.000000e+00   0.000000e+00    282s

Use crossover to convert LP symmetric solution to basic solution...

Root crossover log...

  190642 variables added to crossover basis                      290s
  191722 variables added to crossover basis                      295s
  192532 variables added to crossover basis                      300s
  193402 variables added to crossover basis                      305s
  194032 variables added to crossover basis                      310s
  194602 variables added to crossover basis                      315s
  195142 variables added to crossover basis                      320s
  195652 variables added to crossover basis                      325s

       0 DPushes remaining with DInf 0.0000000e+00               335s

     718 PPushes remaining with PInf 0.0000000e+00               335s
     101 PPushes remaining with PInf 0.0000000e+00               345s
       0 PPushes remaining with PInf 0.0000000e+00               353s

  Push phase complete: Pinf 0.0000000e+00, Dinf 1.9999532e-09    354s


Root simplex log...

Iteration    Objective       Primal Inf.    Dual Inf.      Time
     804    5.1096410e+03   0.000000e+00   0.000000e+00    360s
Crossover time: 77.53 seconds (131.96 work units)

Root relaxation: objective 5.109641e+03, 804 iterations, 86.68 seconds (140.56 work units)

    Nodes    |    Current Node    |     Objective Bounds      |     Work
 Expl Unexpl |  Obj  Depth IntInf | Incumbent    BestBd   Gap | It/Node Time

     0     0 5109.64099    0 10117 7564.00000 5109.64099  32.4%     -  417s
H    0     0                    7370.0000000 5109.64099  30.7%     -  417s
H    0     0                    5744.0000000 5109.64099  11.0%     -  417s
H    0     0                    5677.0000000 5109.64099  10.0%     -  426s
H    0     0                    5624.0000000 5109.64099  9.15%     -  426s
H    0     0                    5618.0000000 5109.64099  9.05%     -  426s
H    0     0                    5605.0000000 5109.64099  8.84%     -  426s
H    0     0                    5601.0000000 5109.64099  8.77%     -  426s
H    0     0                    5600.0000000 5109.64099  8.76%     -  426s
H    0     0                    5596.0000000 5109.64099  8.69%     -  426s
H    0     0                    5595.0000000 5109.64099  8.67%     -  428s
H    0     0                    5593.0000000 5109.64099  8.64%     -  428s
H    0     0                    5592.0000000 5109.64099  8.63%     -  429s
H    0     0                    5591.0000000 5109.64099  8.61%     -  429s
H    0     0                    5589.0000000 5109.64099  8.58%     -  429s
H    0     0                    5587.0000000 5109.64099  8.54%     -  430s
H    0     0                    5583.0000000 5109.64099  8.48%     -  430s
H    0     0                    5582.0000000 5109.64099  8.46%     -  431s
H    0     0                    5579.0000000 5109.64099  8.41%     -  432s
H    0     0                    5576.0000000 5109.64099  8.36%     -  434s
H    0     0                    5575.0000000 5109.64099  8.35%     -  439s
H    0     0                    5574.0000000 5109.64099  8.33%     -  439s
H    0     0                    5573.0000000 5109.64099  8.31%     -  440s
H    0     0                    5572.0000000 5109.64099  8.30%     -  440s
H    0     0                    5571.0000000 5109.64099  8.28%     -  441s
H    0     0                    5569.0000000 5109.64099  8.25%     -  441s
H    0     0                    5568.0000000 5109.64099  8.23%     -  441s
H    0     0                    5567.0000000 5109.64099  8.22%     -  442s
H    0     0                    5566.0000000 5109.64099  8.20%     -  443s
H    0     0                    5565.0000000 5109.64099  8.18%     -  444s
H    0     0                    5564.0000000 5109.64099  8.17%     -  451s
H    0     0                    5563.0000000 5109.64099  8.15%     -  513s
H    0     0                    5562.0000000 5109.64099  8.13%     -  530s
H    0     0                    5560.0000000 5109.64099  8.10%     -  530s
H    0     0                    5558.0000000 5109.64099  8.07%     -  530s
H    0     0                    5552.0000000 5109.64099  7.97%     -  530s
H    0     0                    5545.0000000 5109.64099  7.85%     -  548s
H    0     0                    5543.0000000 5109.64099  7.82%     -  549s
H    0     0                    5536.0000000 5109.64099  7.70%     -  587s
H    0     0                    5535.0000000 5109.64099  7.68%     -  587s
H    0     0                    5534.0000000 5109.64099  7.67%     -  603s
H    0     0                    5532.0000000 5109.64099  7.63%     -  605s
H    0     0                    5530.0000000 5109.64099  7.60%     -  606s
H    0     0                    5525.0000000 5109.64099  7.52%     -  622s
H    0     0                    5524.0000000 5109.64099  7.50%     -  622s
H    0     0                    5521.0000000 5109.64099  7.45%     -  624s
H    0     0                    5519.0000000 5109.64099  7.42%     -  639s
H    0     0                    5517.0000000 5109.64099  7.38%     -  639s
H    0     0                    5516.0000000 5109.64099  7.37%     -  646s
H    0     0                    5514.0000000 5109.64099  7.33%     -  658s
H    0     0                    5513.0000000 5109.64099  7.32%     -  658s
     0     0 5109.64099    0 10117 5513.00000 5109.64099  7.32%     - 1186s
     0     0 5109.64099    0 10052 5513.00000 5109.64099  7.32%     - 1266s
H    0     0                    5512.0000000 5109.64099  7.30%     - 2802s
H    0     0                    5511.0000000 5109.64099  7.28%     - 2802s
H    0     0                    5510.0000000 5109.64099  7.27%     - 2804s
H    0     0                    5509.0000000 5109.64099  7.25%     - 2809s
H    0     2                    5508.0000000 5109.64099  7.23%     - 3313s
     0     2 5109.64099    0 10052 5508.00000 5109.64099  7.23%     - 3313s
     1     3 5109.69951    1 9931 5508.00000 5109.64406  7.23%  6995 11047s
H    2     5                    5497.0000000 5109.64406  7.05%  3498 14412s

Explored 4 nodes (34534 simplex iterations) in 14412.69 seconds (34855.88 work units)
Thread count was 32 (of 32 available processors)

Solution count 10: 5497 5508 5509 ... 5517

Time limit reached
Best objective 5.497000000000e+03, best bound 5.110000000000e+03, gap 7.0402%

User-callback calls 318655, time in user-callback 1.32 sec
