
Gurobi 13.0.2 (linux64) logging started Tue Jul 21 11:04:47 2026

Set parameter LogFile to value "/tmp/sweep_20260721_030322_iran_alt400km_s1_i6_v6_gurobi.log"
Set parameter Method to value 1
Set parameter NodefileStart to value 4
Set parameter RINS to value 50
Gurobi Optimizer version 13.0.2 build v13.0.2rc1 (linux64 - "Debian GNU/Linux 13 (trixie)")

CPU model: Intel(R) Xeon(R) Platinum 8375C CPU @ 2.90GHz, instruction set [SSE2|AVX|AVX2|AVX512]
Thread count: 16 physical cores, 32 logical processors, using up to 32 threads

Non-default parameters:
TimeLimit  14400
MIPGap  0.001
Method  1
LPWarmStart  1
Heuristics  0.2
MIPFocus  1
NodefileStart  4
RINS  50
Symmetry  2
Cuts  2
CoverCuts  2
LogToConsole  0

Academic license 2812613 - for non-commercial use only - registered to no___@gatech.edu
Optimize a model with 63184 rows, 7180 columns and 3703444 nonzeros (Min)
Model fingerprint: 0xa1712fd6
Model has 7180 linear objective coefficients
Variable types: 0 continuous, 7180 integer (7180 binary)
Coefficient statistics:
  Matrix range     [1e+00, 1e+00]
  Objective range  [1e+00, 1e+00]
  Bounds range     [1e+00, 1e+00]
  RHS range        [1e+00, 1e+00]

Found heuristic solution: objective 374.0000000
Presolve removed 0 rows and 0 columns (presolve time = 5s)...
Presolve time: 6.36s
Presolved: 63184 rows, 7180 columns, 3703444 nonzeros
Variable types: 0 continuous, 7180 integer (7180 binary)

Root simplex log...

Iteration    Objective       Primal Inf.    Dual Inf.      Time
       0   -0.0000000e+00   0.000000e+00   4.400000e+01      8s
       8    1.6091782e+02   0.000000e+00   0.000000e+00      8s
       8    1.6091782e+02   0.000000e+00   0.000000e+00      8s

Use crossover to convert LP symmetric solution to basic solution...

Root crossover log...

       0 DPushes remaining with DInf 0.0000000e+00                11s

       0 PPushes remaining with PInf 0.0000000e+00                12s

  Push phase complete: Pinf 0.0000000e+00, Dinf 1.0876674e-09     12s


Root simplex log...

Iteration    Objective       Primal Inf.    Dual Inf.      Time
      11    1.6091782e+02   0.000000e+00   0.000000e+00     13s
Crossover time: 4.80 seconds (10.59 work units)

Root relaxation: objective 1.609178e+02, 11 iterations, 5.93 seconds (11.83 work units)

    Nodes    |    Current Node    |     Objective Bounds      |     Work
 Expl Unexpl |  Obj  Depth IntInf | Incumbent    BestBd   Gap | It/Node Time

     0     0  160.91782    0 5744  374.00000  160.91782  57.0%     -   14s
H    0     0                     373.0000000  160.91782  56.9%     -   14s
H    0     0                     357.0000000  160.91782  54.9%     -   15s
H    0     0                     355.0000000  160.91782  54.7%     -   15s
H    0     0                     348.0000000  160.91782  53.8%     -   15s
H    0     0                     347.0000000  160.91782  53.6%     -   16s
H    0     0                     345.0000000  160.91782  53.4%     -   16s
H    0     0                     340.0000000  160.91782  52.7%     -   16s
H    0     0                     339.0000000  160.91782  52.5%     -   16s
H    0     0                     338.0000000  160.91782  52.4%     -   16s
H    0     0                     336.0000000  160.91782  52.1%     -   17s
H    0     0                     335.0000000  160.91782  52.0%     -   17s
H    0     0                     334.0000000  160.91782  51.8%     -   17s
H    0     0                     331.0000000  160.91782  51.4%     -   17s
H    0     0                     329.0000000  160.91782  51.1%     -   18s
H    0     0                     327.0000000  160.91782  50.8%     -   18s
H    0     0                     323.0000000  160.91782  50.2%     -   19s
H    0     0                     322.0000000  160.91782  50.0%     -   19s
H    0     0                     321.0000000  160.91782  49.9%     -   20s
H    0     0                     320.0000000  160.91782  49.7%     -   20s
H    0     0                     319.0000000  160.91782  49.6%     -   20s
H    0     0                     318.0000000  160.91782  49.4%     -   21s
H    0     0                     317.0000000  160.91782  49.2%     -   22s
H    0     0                     313.0000000  160.91782  48.6%     -   24s
H    0     0                     310.0000000  160.91782  48.1%     -   24s
H    0     0                     309.0000000  160.91782  47.9%     -   26s
H    0     0                     308.0000000  160.91782  47.8%     -   27s
H    0     0                     307.0000000  160.91782  47.6%     -   29s
     0     0  161.00797    0 5797  307.00000  161.00797  47.6%     - 1243s
H    0     0                     306.0000000  161.00797  47.4%     - 1249s
H    0     0                     305.0000000  161.00797  47.2%     - 1252s
H    0     0                     304.0000000  161.00797  47.0%     - 1255s
     0     0  161.24488    0 5561  304.00000  161.24488  47.0%     - 2875s
     0     0  161.61820    0 5559  304.00000  161.61820  46.8%     - 10058s
     0     0  161.90336    0 5616  304.00000  161.90336  46.7%     - 12042s

Cutting planes:
  Flow cover: 1879

Explored 1 nodes (195238 simplex iterations) in 14403.96 seconds (27883.03 work units)
Thread count was 32 (of 32 available processors)

Solution count 10: 304 305 306 ... 318

Time limit reached
Best objective 3.040000000000e+02, best bound 1.620000000000e+02, gap 46.7105%

User-callback calls 33647, time in user-callback 0.15 sec
