
Gurobi 13.0.2 (linux64) logging started Thu Jul 16 13:51:40 2026

Set parameter LogFile to value "/tmp/sweep_20260716_013919_north-korea_alt260km_s20_i6_v4_gurobi.log"
Set parameter Method to value 1
Set parameter NodefileStart to value 4
Set parameter RINS to value 50
Gurobi Optimizer version 13.0.2 build v13.0.2rc1 (linux64 - "Debian GNU/Linux 13 (trixie)")

CPU model: Intel(R) Xeon(R) Platinum 8375C CPU @ 2.90GHz, instruction set [SSE2|AVX|AVX2|AVX512]
Thread count: 16 physical cores, 32 logical processors, using up to 32 threads

Non-default parameters:
TimeLimit  14400
MIPGap  0.001
Method  1
LPWarmStart  1
Heuristics  0.2
MIPFocus  1
NodefileStart  4
RINS  50
Symmetry  2
Cuts  2
CoverCuts  2
LogToConsole  0

Academic license 2812613 - for non-commercial use only - registered to no___@gatech.edu
Optimize a model with 1436 rows, 10770 columns and 89032 nonzeros (Min)
Model fingerprint: 0x51c71ddd
Model has 10770 linear objective coefficients
Variable types: 0 continuous, 10770 integer (10770 binary)
Coefficient statistics:
  Matrix range     [1e+00, 1e+00]
  Objective range  [1e+00, 1e+00]
  Bounds range     [1e+00, 1e+00]
  RHS range        [4e+00, 4e+00]

Found heuristic solution: objective 1076.0000000
Presolve removed 0 rows and 4308 columns
Presolve time: 0.05s
Presolved: 1436 rows, 6462 columns, 56722 nonzeros
Variable types: 0 continuous, 6462 integer (5026 binary)

Root relaxation: objective 5.221818e+02, 10407 iterations, 3.69 seconds (7.16 work units)

    Nodes    |    Current Node    |     Objective Bounds      |     Work
 Expl Unexpl |  Obj  Depth IntInf | Incumbent    BestBd   Gap | It/Node Time

     0     0  522.18182    0 1436 1076.00000  522.18182  51.5%     -    3s
H    0     0                    1041.0000000  522.18182  49.8%     -    3s
H    0     0                     639.0000000  522.18182  18.3%     -    3s
H    0     0                     638.0000000  522.18182  18.2%     -    3s
H    0     0                     637.0000000  522.18182  18.0%     -    3s
H    0     0                     594.0000000  522.18182  12.1%     -    3s
H    0     0                     593.0000000  522.18182  11.9%     -    4s
H    0     0                     592.0000000  522.18182  11.8%     -    4s
H    0     0                     591.0000000  522.18182  11.6%     -    5s
H    0     0                     590.0000000  522.18182  11.5%     -    5s
H    0     0                     589.0000000  522.18182  11.3%     -    5s
H    0     0                     588.0000000  522.18182  11.2%     -    5s
H    0     0                     587.0000000  522.18182  11.0%     -    5s
H    0     0                     586.0000000  522.18182  10.9%     -    5s
     0     0  522.18182    0 1436  586.00000  522.18182  10.9%     -   10s
H    0     0                     584.0000000  522.25062  10.6%     -   15s
H    0     0                     582.0000000  522.25062  10.3%     -   15s
H    0     0                     581.0000000  522.25062  10.1%     -   16s
H    0     0                     580.0000000  522.25062  10.0%     -   16s
H    0     0                     579.0000000  522.25062  9.80%     -   16s
H    0     0                     578.0000000  522.25062  9.65%     -   16s
H    0     0                     577.0000000  522.25062  9.49%     -   17s
H    0     0                     576.0000000  522.25062  9.33%     -   17s
     0     2  522.25062    0 1436  576.00000  522.25062  9.33%     -   19s
     1     3  522.30785    1 1435  576.00000  522.25062  9.33%   6.0   23s
     2     5  522.39647    2 1431  576.00000  522.25062  9.33%  10.0   29s
H    3     5                     572.0000000  522.25062  8.70%   6.7   29s
     4    10  522.43726    3 1431  572.00000  522.25062  8.70%   9.5   31s
H    8    10                     571.0000000  522.25062  8.54%  12.4   32s
     9    19  522.47018    4 1430  571.00000  522.42100  8.51%   330   38s
    17    19  538.69508    2 1430  571.00000  522.45186  8.50%   318   40s
H   27    35                     556.0000000  522.46912  6.03%   207   44s
    30    35  522.57763    5 1429  556.00000  522.46912  6.03%   190   45s
H   34   115                     553.0000000  522.46912  5.52%   171   49s
H   44   115                     552.0000000  522.48923  5.35%   139   49s
H   49   115                     551.0000000  522.48923  5.17%   129   49s
   114   131  522.88973   11 1425  551.00000  522.48923  5.17%  80.7   50s
H  120   131                     550.0000000  522.48923  5.00%  79.1   50s
H  133   174                     549.0000000  522.48923  4.83%  79.1   51s
   173   190  523.04627   13 1420  549.00000  522.48923  4.83%  81.4   55s
   205   222  523.14639   15 1415  549.00000  522.48923  4.83%  84.0   66s
   221   238  523.11845   15 1421  549.00000  522.48923  4.83%  85.9   72s
   237   254  523.18564   16 1415  549.00000  522.48923  4.83%  88.3   76s
   269   290  523.31371   17 1406  549.00000  522.48923  4.83%  93.5   84s
   289   310  523.27747   17 1414  549.00000  522.48923  4.83%  96.3   90s
   309   326  523.36374   18 1407  549.00000  522.48923  4.83%   101   96s
H  318   326                     548.0000000  522.48923  4.66%   102   96s
H  327   348                     547.0000000  522.48923  4.48%   103   98s
   347   412  523.38770   19 1410  547.00000  522.48923  4.48%   108  102s
   411   428  523.58424   22 1406  547.00000  522.48923  4.48%   121  106s
   427   444  523.64614   23 1399  547.00000  522.48923  4.48%   123  112s
   443   460  523.67284   23 1400  547.00000  522.48923  4.48%   125  118s
   459   476  523.72993   24 1400  547.00000  522.48923  4.48%   128  124s
   475   492  523.75677   25 1401  547.00000  522.48923  4.48%   130  130s
   491   508  523.81032   25 1396  547.00000  522.48923  4.48%   133  136s
   507   524  523.78867   26 1400  547.00000  522.48923  4.48%   136  143s
   523   540  523.85062   27 1401  547.00000  522.48923  4.48%   139  149s
   539   556  523.85907   27 1394  547.00000  522.48923  4.48%   141  155s
   555   572  523.91091   28 1393  547.00000  522.48923  4.48%   144  162s
   571   588  523.96516   29 1390  547.00000  522.48923  4.48%   146  169s
   587   604  524.04361   30 1389  547.00000  522.48923  4.48%   149  177s
   603   620  523.98916   30 1390  547.00000  522.48923  4.48%   150  187s
   619   636  524.06161   31 1389  547.00000  522.48923  4.48%   152  201s
   635   652  524.11373   32 1385  547.00000  522.48923  4.48%   154  211s
   651   668  524.14995   32 1386  547.00000  522.48923  4.48%   156  224s
   667   684  524.22950   33 1382  547.00000  522.48923  4.48%   158  234s
H  669   684                     546.0000000  522.48923  4.31%   158  234s
   683   793  524.29654   34 1376  546.00000  522.48923  4.31%   160  239s
H  719   793                     545.0000000  522.48923  4.13%   168  239s
   792   894  524.58087   39 1371  545.00000  522.48923  4.13%   176  244s
H  846   894                     544.0000000  522.48923  3.95%   182  244s
   893  1022  524.92535   45 1355  544.00000  522.48923  3.95%   185  249s
  1021  1038  525.21298   51 1348  544.00000  522.48923  3.95%   199  253s
  1037  1054  525.19561   51 1345  544.00000  522.48923  3.95%   201  258s
  1053  1070  525.26738   52 1354  544.00000  522.48923  3.95%   202  263s
  1069  1086  525.29255   52 1349  544.00000  522.48923  3.95%   204  268s
  1085  1102  525.36580   53 1347  544.00000  522.48923  3.95%   205  273s
  1101  1118  525.40350   54 1339  544.00000  522.48923  3.95%   206  279s
  1117  1134  525.43223   55 1342  544.00000  522.48923  3.95%   208  284s
  1133  1150  525.46700   56 1341  544.00000  522.48923  3.95%   208  293s
  1149  1166  525.45963   56 1345  544.00000  522.48923  3.95%   209  298s
  1165  1182  525.47830   57 1340  544.00000  522.48923  3.95%   210  304s
  1181  1198  525.53643   57 1345  544.00000  522.48923  3.95%   212  310s
  1197  1214  525.58073   58 1348  544.00000  522.48923  3.95%   214  316s
  1213  1230  525.57472   58 1343  544.00000  522.48923  3.95%   215  322s
  1229  1246  525.62944   59 1333  544.00000  522.48923  3.95%   217  328s
  1245  1262  525.69455   60 1337  544.00000  522.48923  3.95%   218  337s
  1261  1278  525.66157   60 1340  544.00000  522.48923  3.95%   219  345s
  1277  1294  525.72607   61 1341  544.00000  522.48923  3.95%   220  364s
  1293  1310  525.79521   62 1345  544.00000  522.48923  3.95%   221  373s
  1309  1326  525.74859   62 1338  544.00000  522.48923  3.95%   223  394s
  1325  1342  525.85010   63 1341  544.00000  522.48923  3.95%   223  413s
  1341  1358  525.87593   64 1344  544.00000  522.48923  3.95%   225  441s
  1357  1384  525.92060   64 1344  544.00000  522.48923  3.95%   225  466s
  1383  1400  525.95197   65 1343  544.00000  522.48923  3.95%   226  492s
  1399  1416  526.05237   65 1340  544.00000  522.48923  3.95%   227  505s
  1415  1432  525.99553   66 1338  544.00000  522.48923  3.95%   229  525s
  1431  1448  526.02515   67 1332  544.00000  522.48923  3.95%   230  543s
  1447  1464  526.05032   67 1340  544.00000  522.48923  3.95%   230  561s
  1463  1480  526.08808   68 1336  544.00000  522.48923  3.95%   232  582s
  1479  1496  526.13773   69 1337  544.00000  522.48923  3.95%   233  601s
  1495  1512  526.15979   69 1327  544.00000  522.48923  3.95%   234  611s
  1511  1528  526.18239   70 1331  544.00000  522.48923  3.95%   235  629s
  1527  1544  526.22622   71 1324  544.00000  522.48923  3.95%   236  640s
  1543  1560  526.23715   71 1314  544.00000  522.48923  3.95%   237  657s
  1559  1580  526.26146   72 1314  544.00000  522.48923  3.95%   238  671s
  1579  1596  526.30879   73 1313  544.00000  522.48923  3.95%   239  684s
  1595  1612  526.29601   73 1313  544.00000  522.48923  3.95%   241  698s
  1611  1628  526.33751   74 1319  544.00000  522.48923  3.95%   241  714s
  1627  1649  526.36955   74 1316  544.00000  522.48923  3.95%   242  730s
  1648  1679  526.40841   75 1320  544.00000  522.48923  3.95%   243  746s
  1678  1800  526.55533   77 1311  544.00000  522.48923  3.95%   246  758s
  1799  1825  526.53679   77 1315  544.00000  522.48923  3.95%   250  772s
  1824  1841  526.58207   78 1307  544.00000  522.48923  3.95%   250  784s
  1840  1857  526.62365   78 1309  544.00000  522.48923  3.95%   252  802s
  1856  1975  526.65620   79 1308  544.00000  522.48923  3.95%   252  818s
  1974  1999  527.07378   87 1292  544.00000  522.48923  3.95%   259  832s
  1998  2029  527.11607   88 1287  544.00000  522.48923  3.95%   260  847s
  2028  2079  527.14658   89 1284  544.00000  522.48923  3.95%   261  862s
  2078  2249  527.24497   91 1276  544.00000  522.48923  3.95%   265  882s
  2248  2267  527.87390  105 1260  544.00000  522.48923  3.95%   268  900s
  2266  2283  527.92800  106 1256  544.00000  522.48923  3.95%   269  918s
  2282  2299  527.98936  106 1262  544.00000  522.48923  3.95%   270  938s
  2298  2322  528.04214  107 1254  544.00000  522.48923  3.95%   270  959s
  2323  2480  528.13863  109 1253  544.00000  522.48923  3.95%   272  978s
  2485  2624  528.14847  109 1247  544.00000  522.48923  3.95%   278  998s
  2629  2661  528.19244  110 1250  544.00000  522.48923  3.95%   278 1016s
  2666  2776  528.24562  111 1250  544.00000  522.48923  3.95%   279 1036s
  2781  3033  529.38928  131 1199  544.00000  522.48923  3.95%   284 1054s
  3038  3097  530.11551  147 1180  544.00000  522.48923  3.95%   286 1075s
  3102  3113  530.13184  147 1178  544.00000  522.48923  3.95%   288 1095s
  3118  3293  530.16601  148 1176  544.00000  522.48923  3.95%   289 1120s
  3298  3309  531.23332  172 1132  544.00000  522.48923  3.95%   294 1145s
  3314  3507  531.29200  172 1135  544.00000  522.48923  3.95%   295 1167s
  3512  4017  531.36754  173 1129  544.00000  522.48923  3.95%   300 1190s
  4022  4045  532.54759  198 1118  544.00000  522.48923  3.95%   312 1213s
  4050  4061  532.58868  199 1118  544.00000  522.48923  3.95%   312 1236s
  4066  4374  532.61901  200 1117  544.00000  522.48923  3.95%   312 1258s
  4379  4474  533.83608  224 1090  544.00000  522.48923  3.95%   312 1280s
  4479  4639  533.89662  225 1082  544.00000  522.48923  3.95%   313 1305s
  4644  4655  534.19243  230 1083  544.00000  522.48923  3.95%   312 1332s
  4660  4671  534.22690  231 1081  544.00000  522.48923  3.95%   312 1363s
  4676  4975  534.26143  231 1081  544.00000  522.48923  3.95%   312 1398s
  4980  5056  535.11754  247 1052  544.00000  522.48923  3.95%   312 1426s
  5061  5408  535.15577  248 1045  544.00000  522.48923  3.95%   312 1452s
  5413  5686  536.56476  273 1009  544.00000  522.48923  3.95%   311 1479s
  5691  5792  536.68712  274  995  544.00000  522.48923  3.95%   311 1510s
  5797  5808  537.00528  281 1000  544.00000  522.48923  3.95%   311 1543s
  5813  6198  537.04140  282  998  544.00000  522.48923  3.95%   311 1576s
  6203  6672  537.05876  283  997  544.00000  522.48923  3.95%   310 1611s
  6677  6987  538.65144  315  963  544.00000  522.48923  3.95%   308 1642s
  6992  7067  539.49521  333  925  544.00000  522.48923  3.95%   308 1677s
  7072  7463  539.81954  339  922  544.00000  522.48923  3.95%   308 1709s
  7468  7896  540.60879  349  900  544.00000  522.48923  3.95%   308 1746s
  7921  7910  541.55914  369  877  544.00000  522.48923  3.95%   306 1789s
  7939  8053  541.58291  370  868  544.00000  522.48923  3.95%   306 1830s
  8144  8141  541.81278  377  871  544.00000  522.48923  3.95%   303 1871s
  8232  8418  542.20270  382  849  544.00000  522.48923  3.95%   303 1911s
  8519  8852  542.87561  395  818  544.00000  522.48923  3.95%   302 1950s
  8969  9184  523.72241   29 1409  544.00000  522.48923  3.95%   300 1992s
  9307  9872  523.77155   30 1404  544.00000  522.48923  3.95%   299 2035s
 10091 10108  525.79305   74 1355  544.00000  522.48923  3.95%   295 2079s
 10334 10109  535.34957  270 1436  544.00000  522.48923  3.95%   294 2144s
 10336 10110  523.13057   15 1436  544.00000  522.48923  3.95%   294 2157s
 10337 10111  542.06114  388 1436  544.00000  522.48923  3.95%   294 2160s
 10338 10112  533.75719  274 1436  544.00000  522.48923  3.95%   294 2172s
 10339 10114  522.48923   10 1435  544.00000  522.48923  3.95%   295 2177s
 10340 10116  522.48923   11 1431  544.00000  522.48923  3.95%   295 2181s
 10347 10128  522.48923   13 1430  544.00000  522.48923  3.95%   295 2188s
 10356 10141  522.51245   14 1429  544.00000  522.48923  3.95%   295 2190s
 10404 10173  522.58082   16 1431  544.00000  522.48923  3.95%   293 2195s
 10452 10205  522.71726   18 1427  544.00000  522.48923  3.95%   292 2200s
 10500 10237  522.81773   19 1426  544.00000  522.48923  3.95%   291 2207s
 10532 10258  522.89650   20 1425  544.00000  522.48923  3.95%   290 2215s
 10548 10269  522.95092   21 1421  544.00000  522.48923  3.95%   290 2221s
 10580 10290  522.99218   22 1420  544.00000  522.48923  3.95%   290 2227s
 10612 10311  523.06332   23 1418  544.00000  522.48923  3.95%   289 2231s
 10664 10367  523.09211   24 1421  544.00000  522.48923  3.95%   288 2237s
 10745 10446  523.36028   28 1418  544.00000  522.48923  3.95%   287 2242s
 10807 10491  523.60844   31 1404  544.00000  522.48923  3.95%   287 2247s
 10873 10543  523.59220   31 1406  544.00000  522.48923  3.95%   286 2251s
 10947 10574  523.69337   32 1401  544.00000  522.48923  3.95%   286 2256s
 11002 10578  523.65269   32 1404  544.00000  522.48923  3.95%   286 2261s
 11025 10594  523.72066   33 1403  544.00000  522.48923  3.95%   286 2267s
 11048 10604  523.75440   33 1395  544.00000  522.48923  3.95%   286 2273s
 11066 10614  523.81896   34 1393  544.00000  522.48923  3.95%   286 2279s
 11082 10625  523.77405   34 1397  544.00000  522.48923  3.95%   285 2285s
 11098 10635  523.85465   35 1396  544.00000  522.48923  3.95%   285 2291s
 11114 10646  523.88518   35 1391  544.00000  522.48923  3.95%   285 2298s
 11130 10657  523.94134   36 1385  544.00000  522.48923  3.95%   285 2304s
 11146 10667  523.92871   36 1396  544.00000  522.48923  3.95%   285 2311s
 11162 10678  523.98485   37 1387  544.00000  522.48923  3.95%   285 2318s
 11178 10689  523.99305   37 1385  544.00000  522.48923  3.95%   285 2325s
 11194 10699  524.02731   38 1379  544.00000  522.48923  3.95%   285 2335s
 11210 10710  524.02338   38 1383  544.00000  522.48923  3.95%   285 2342s
 11226 10721  524.04683   39 1384  544.00000  522.48923  3.95%   285 2351s
 11242 10731  524.05732   39 1381  544.00000  522.48923  3.95%   285 2361s
 11258 10742  524.08964   40 1381  544.00000  522.48923  3.95%   285 2369s
 11274 10753  524.14101   40 1383  544.00000  522.48923  3.95%   285 2398s
 11290 10763  524.21616   41 1379  544.00000  522.48923  3.95%   285 2424s
 11306 10774  524.19347   41 1381  544.00000  522.48923  3.95%   285 2445s
 11322 10785  524.24766   42 1373  544.00000  522.48923  3.95%   285 2459s
 11338 10795  524.28007   42 1372  544.00000  522.48923  3.95%   285 2479s
 11354 10806  524.27984   43 1376  544.00000  522.48923  3.95%   285 2501s
 11370 10817  524.32525   43 1371  544.00000  522.48923  3.95%   285 2522s
 11386 10827  524.38908   44 1372  544.00000  522.48923  3.95%   285 2534s
 11402 10838  524.36389   44 1367  544.00000  522.48923  3.95%   285 2560s
 11418 10849  524.45175   45 1363  544.00000  522.48923  3.95%   285 2576s
 11434 10859  524.41543   45 1371  544.00000  522.48923  3.95%   285 2594s
 11450 10870  524.45488   46 1367  544.00000  522.48923  3.95%   285 2614s
 11466 10887  524.46301   46 1364  544.00000  522.48923  3.95%   285 2634s
 11488 10909  524.49135   47 1369  544.00000  522.48923  3.95%   285 2653s
 11518 10929  524.52880   47 1364  544.00000  522.48923  3.95%   285 2668s
 11548 10950  524.56854   48 1363  544.00000  522.48923  3.95%   286 2684s
 11579 10967  524.62619   48 1359  544.00000  522.48923  3.95%   286 2699s
 11606 10974  524.64615   49 1362  544.00000  522.48923  3.95%   286 2710s
 11622 11014  524.69141   49 1361  544.00000  522.48923  3.95%   286 2718s
 11667 11081  525.02193   55 1345  544.00000  522.48923  3.95%   286 2739s
 11749 11196  525.39364   64 1333  544.00000  522.48923  3.95%   286 2751s
 11892 11264  525.77431   73 1307  544.00000  522.48923  3.95%   286 2759s
 12007 11290  525.99919   77 1302  544.00000  522.48923  3.95%   287 2771s
 12072 11350  526.06273   78 1303  544.00000  522.48923  3.95%   288 2784s
 12153 11339  526.04647   78 1299  544.00000  522.48923  3.95%   288 2797s
 12169 11434  526.09457   79 1300  544.00000  522.48923  3.95%   288 2811s
 12270 11496  526.07293   79 1300  544.00000  522.48923  3.95%   288 2827s
 12365 11594  526.13839   80 1295  544.00000  522.48923  3.95%   289 2841s
 12495 11627  526.13866   81 1297  544.00000  522.48923  3.95%   289 2852s
 12571 11617  526.22976   84 1295  544.00000  522.48923  3.95%   289 2869s
 12587 11667  526.28359   84 1296  544.00000  522.48923  3.95%   289 2881s
 12642 11681  526.27213   85 1299  544.00000  522.48923  3.95%   289 2894s
 12674 11686  526.30320   85 1293  544.00000  522.48923  3.95%   289 2907s
 12690 11727  526.33096   86 1295  544.00000  522.48923  3.95%   290 2924s
 12736 11727  526.32148   86 1292  544.00000  522.48923  3.95%   290 2942s
 12752 11884  526.35974   87 1298  544.00000  522.48923  3.95%   290 2959s
 12914 11884  526.38410   87 1298  544.00000  522.48923  3.95%   291 2974s
H12964 11351                     543.0000000  522.48923  3.78%   291 2974s
 12968 11866  527.34640  104 1261  543.00000  522.48923  3.78%   291 2987s
 13496 11705  528.09739  120 1263  543.00000  522.48923  3.78%   294 3001s
 13512 11716  528.14099  121 1248  543.00000  522.48923  3.78%   294 3017s
 13528 11726  528.12495  121 1258  543.00000  522.48923  3.78%   294 3029s
 13544 11743  528.14810  122 1254  543.00000  522.48923  3.78%   294 3042s
 13566 12042  528.25248  122 1257  543.00000  522.48923  3.78%   294 3055s
 13872 11956  528.98266  140 1216  543.00000  522.48923  3.78%   294 3071s
 13888 11966  528.96255  140 1219  543.00000  522.48923  3.78%   295 3086s
 13904 12117  529.01588  141 1216  543.00000  522.48923  3.78%   295 3102s
 14060 12284  528.98149  141 1210  543.00000  522.48923  3.78%   296 3121s
 14279 12227  529.06100  143 1222  543.00000  522.48923  3.78%   297 3141s
 14295 12253  529.08750  143 1225  543.00000  522.48923  3.78%   297 3160s
 14326 12463  529.25489  146 1197  543.00000  522.48923  3.78%   297 3180s
 14547 12418  529.20702  147 1205  543.00000  522.48923  3.78%   298 3201s
 14575 12631  529.27413  147 1204  543.00000  522.48923  3.78%   299 3218s
 14798 12579  529.25435  148 1202  543.00000  522.48923  3.78%   300 3243s
 14820 12811  529.33780  149 1200  543.00000  522.48923  3.78%   300 3261s
 15059 13075  529.38642  150 1199  543.00000  522.48923  3.78%   301 3279s
 15403 13006  529.35330  150 1202  543.00000  522.48923  3.78%   301 3298s
 15449 13013  530.11377  166 1196  543.00000  522.48923  3.78%   301 3319s
 15471 13254  530.17641  167 1192  543.00000  522.48923  3.78%   301 3340s
 15719 13248  530.13824  167 1199  543.00000  522.48923  3.78%   302 3361s
 15796 13262  530.33481  171 1193  543.00000  522.48923  3.78%   302 3382s
 15836 13363  530.40420  174 1183  543.00000  522.48923  3.78%   302 3404s
 15950 13341  530.44763  174 1189  543.00000  522.48923  3.78%   302 3427s
 15966 13352  530.42407  175 1191  543.00000  522.48923  3.78%   302 3454s
 15982 13452  530.44576  175 1188  543.00000  522.48923  3.78%   302 3487s
 16088 13545  530.50857  176 1189  543.00000  522.48923  3.78%   302 3510s
 16216 13747  530.85436  182 1169  543.00000  522.48923  3.78%   302 3534s
 16461 13932  530.88346  183 1162  543.00000  522.48923  3.78%   302 3559s
 16727 14089  532.07752  203 1123  543.00000  522.48923  3.78%   303 3586s
 16973 14023  532.07289  203 1121  543.00000  522.48923  3.78%   303 3615s
 16989 14166  532.12632  204 1131  543.00000  522.48923  3.78%   303 3641s
 17137 14184  532.52865  210 1100  543.00000  522.48923  3.78%   303 3673s
 17205 14764  532.50152  210 1109  543.00000  522.48923  3.78%   303 3703s
 17833 14570  533.89045  233 1083  543.00000  522.48923  3.78%   302 3738s
 17849 14594  533.95410  234 1085  543.00000  522.48923  3.78%   303 3768s
 17878 14754  533.97272  235 1084  543.00000  522.48923  3.78%   303 3796s
 18070 14941  534.05196  235 1093  543.00000  522.48923  3.78%   302 3825s
 18337 15032  534.75803  251 1071  543.00000  522.52209  3.77%   302 3857s
 18517 14988  535.05080  258 1052  543.00000  522.52209  3.77%   302 3900s
 18533 15164  535.06708  258 1055  543.00000  522.52209  3.77%   302 3938s
 18714 15461  535.49797  267 1050  543.00000  522.52209  3.77%   302 3971s
 19071 15413  535.49334  268 1062  543.00000  522.52209  3.77%   302 4009s
 19208 15971  535.48411  268 1051  543.00000  522.52209  3.77%   302 4044s
 19812 16253  537.14068  290 1005  543.00000  522.52209  3.77%   301 4080s
 20339 16236  538.36929  309  968  543.00000  522.52209  3.77%   301 4118s
 20524 16567  538.75909  315  967  543.00000  522.52209  3.77%   300 4157s
 20917 17212  539.40735  329  962  543.00000  522.52209  3.77%   300 4217s
 21887 16902  540.28172  346  945  543.00000  522.52209  3.77%   298 4258s
 21905 17304  540.30991  346  951  543.00000  522.52209  3.77%   298 4296s
 22321 17503  540.34057  347  935  543.00000  522.52209  3.77%   297 4331s
 22703 17927  541.29329  362  936  543.00000  522.54227  3.77%   296 4369s
 23298 17780  525.04409   66 1373  543.00000  522.54227  3.77%   295 4409s
 23435 17997  525.07606   67 1370  543.00000  522.54227  3.77%   294 4448s
 23741 17962  525.72326   83 1350  543.00000  522.54227  3.77%   293 4493s
 23820 17948  526.05656   93 1349  543.00000  522.54227  3.77%   293 4542s
 23840 18083  526.11270   94 1344  543.00000  522.54227  3.77%   293 4592s
 23996 18093  526.51381  105 1332  543.00000  522.55555  3.77%   293 4643s
 24060 18531  526.73735  110 1330  543.00000  522.55555  3.77%   293 4694s
 24567 18633  527.87964  140 1306  543.00000  522.55555  3.77%   291 4752s
 24838 18714  528.63929  158 1291  543.00000  522.55555  3.77%   291 4808s
 25010 19361  529.13598  171 1271  543.00000  522.55555  3.77%   291 4870s
 25714 19220  530.76071  212 1237  543.00000  522.55555  3.77%   290 4938s
 25808 20014  530.81365  213 1229  543.00000  522.55555  3.77%   290 5003s
 26740 20082  532.72022  256 1178  543.00000  522.55555  3.77%   289 5069s
 27119 20681  533.11997  267 1161  543.00000  522.55555  3.77%   289 5140s
 27890 20862  536.58048  349 1099  543.00000  522.55555  3.77%   288 5212s
 28382 21299  537.05421  360 1112  543.00000  522.55555  3.77%   288 5289s
 28995 21144  539.22168  413 1046  543.00000  522.55555  3.77%   287 5373s
 29048 21151  539.54537  419 1046  543.00000  522.55555  3.77%   287 5456s
 29079 21874  539.68542  421 1043  543.00000  522.55555  3.77%   287 5540s
 29916 22632  523.99407   44 1396  543.00000  522.56130  3.76%   286 5626s
 30973 23085  525.54330   79 1360  543.00000  522.56130  3.76%   286 5713s
 31871 23727  526.65611  107 1340  543.00000  522.56130  3.76%   286 5804s
 32812 23803  528.02554  137 1285  543.00000  522.56130  3.76%   285 5899s
 33202 25064  529.64660  176 1249  543.00000  522.56130  3.76%   285 5999s
 34867 25471  531.68473  225 1198  543.00000  522.56130  3.76%   284 6093s
 35868 26272  535.66147  309 1098  543.00000  522.56130  3.76%   283 6194s
 37046 26732  539.44960  392 1018  543.00000  522.56130  3.76%   283 6296s
 37978 26762  525.00261   64 1372  543.00000  522.56811  3.76%   283 6406s
 38319 27157  525.84704   87 1352  543.00000  522.56811  3.76%   282 6512s
 38891 28137  527.02193  115 1313  543.00000  522.56811  3.76%   282 6632s
 40112 29922  529.53496  175 1260  543.00000  522.56811  3.76%   282 6758s
 42009 30956  533.66352  264 1128  543.00000  522.56811  3.76%   281 6924s
 43315 33130  537.90988  356 1045  543.00000  522.56811  3.76%   280 7090s
 45663 34666  524.17705   63 1412  543.00000  522.56811  3.76%   279 7210s
 47321 36120  526.76526  151 1373  543.00000  522.56811  3.76%   278 7331s
 48801 36908  528.93666  231 1339  543.00000  522.56811  3.76%   277 7459s
 49701 38867  530.56875  281 1314  543.00000  522.56811  3.76%   277 7596s
 51793 40542  536.17269  431 1182  543.00000  522.60406  3.76%   276 7727s
 53629 41811  524.69791   56 1376  543.00000  522.60406  3.76%   275 7857s
 55076 42249  527.33568  116 1309  543.00000  522.60406  3.76%   274 7989s
 55603 44173  528.48788  141 1282  543.00000  522.60406  3.76%   274 8123s
 57561 46144  535.25993  289 1096  543.00000  522.60406  3.76%   274 8256s
 59708 46863  539.64153  379 1012  543.00000  522.60406  3.76%   273 8387s
 60540 47968  524.20878   46 1385  543.00000  522.60406  3.76%   273 8523s
 61962 49616  524.70602   57 1382  543.00000  522.62596  3.75%   272 8655s
 63710 52089  528.65951  146 1271  543.00000  522.63842  3.75%   271 8831s
 66282 52332  534.87850  287 1099  543.00000  522.63842  3.75%   270 8944s
 66567 53937  535.89288  306 1075  543.00000  522.63842  3.75%   270 9075s
 68461 55577  541.44717  440  974  543.00000  522.63906  3.75%   269 9194s
 70376 56510  524.85848   61 1356  543.00000  522.64266  3.75%   268 9308s
 71335 57608  527.08258  101 1275  543.00000  522.64266  3.75%   268 9441s
 72505 58183  528.48268  128 1234  543.00000  522.64266  3.75%   268 9571s
 73130 59040  529.91948  157 1185  543.00000  522.64302  3.75%   268 9712s
 73997 60366  531.07168  182 1178  543.00000  522.66214  3.75%   268 9853s
 75323 62256  532.92235  210 1108  543.00000  522.66214  3.75%   268 10002s
 77213 63125  537.62995  285  993  543.00000  522.66214  3.75%   269 10147s
 78116 65323  539.17015  307  950  543.00000  522.66214  3.75%   269 10300s
 80476 66974  525.39337   70 1342  543.00000  522.66214  3.75%   269 10440s
 82213 68612  527.19930  107 1289  543.00000  522.66214  3.75%   270 10578s
 83975 69192  528.12287  126 1255  543.00000  522.66214  3.75%   270 10717s
 84555 71783  528.61603  137 1231  543.00000  522.66214  3.75%   270 10888s
 87180 73095  531.66223  192 1158  543.00000  522.66214  3.75%   270 10994s
 88566 74385  533.29498  223 1133  543.00000  522.66214  3.75%   270 11113s
 90094 74503  535.33836  264 1078  543.00000  522.66214  3.75%   270 11226s
 90230 75815  535.51458  267 1071  543.00000  522.66214  3.75%   270 11348s
 91666 77157  538.39630  323  993  543.00000  522.66214  3.75%   270 11468s
 93169 77683  541.68666  371  870  543.00000  522.66214  3.75%   270 11591s
 93751 79491  523.51978   33 1407  543.00000  522.66214  3.75%   270 11723s
 95559 80130  524.97658   63 1348  543.00000  522.66214  3.75%   270 11851s
 96414 81860  526.07060   85 1304  543.00000  522.66214  3.75%   269 11985s
 98289 82187  528.19381  131 1226  543.00000  522.66214  3.75%   269 12113s
 98616 83474  528.59243  143 1197  543.00000  522.66214  3.75%   269 12246s
 100179 84701  530.50563  182 1136  543.00000  522.66214  3.75%   269 12390s
 101406 85303  532.41546  217 1076  543.00000  522.66214  3.75%   269 12534s
 102008 87304  533.67777  239 1046  543.00000  522.66214  3.75%   269 12685s
 104323 88810  537.91021  311  967  543.00000  522.66214  3.75%   269 12828s
 105917 91166  540.94661  368  900  543.00000  522.66214  3.75%   269 12994s
 108305 91587  525.75078   79 1334  543.00000  522.66214  3.75%   269 13111s
 108726 93646  525.77527   80 1332  543.00000  522.66214  3.75%   269 13251s
 110926 94742  529.08289  155 1220  543.00000  522.66214  3.75%   269 13371s
 112453 96276  533.83263  259 1111  543.00000  522.66214  3.75%   269 13493s
 114118 96748  541.61522  407  951  543.00000  522.66214  3.75%   268 13611s
 114614 98185     cutoff  417       543.00000  522.67261  3.74%   268 13737s
 116087 99801  524.50289   70 1405  543.00000  522.67261  3.74%   268 13868s
 117743 101215  526.37507  134 1370  543.00000  522.67261  3.74%   268 14002s
 119621 102283  527.95292  192 1368  543.00000  522.67261  3.74%   267 14126s
 120751 102993  530.40089  272 1309  543.00000  522.69360  3.74%   267 14257s
 121499 104175  532.12727  322 1270  543.00000  522.69360  3.74%   267 14394s
 122681 104241  535.91192  424 1189  543.00000  522.69360  3.74%   267 14400s

Explored 122747 nodes (32778303 simplex iterations) in 14400.03 seconds (48818.31 work units)
Thread count was 32 (of 32 available processors)

Solution count 10: 543 544 545 ... 552

Time limit reached
Best objective 5.430000000000e+02, best bound 5.230000000000e+02, gap 3.6832%

User-callback calls 3870771, time in user-callback 14.59 sec
