
Gurobi 13.0.2 (linux64) logging started Fri Jul 17 02:45:31 2026

Set parameter LogFile to value "/tmp/sweep_20260716_013919_north-korea_alt260km_s75_i6_v4_gurobi.log"
Set parameter Method to value 1
Set parameter NodefileStart to value 4
Set parameter RINS to value 50
Gurobi Optimizer version 13.0.2 build v13.0.2rc1 (linux64 - "Debian GNU/Linux 13 (trixie)")

CPU model: Intel(R) Xeon(R) Platinum 8375C CPU @ 2.90GHz, instruction set [SSE2|AVX|AVX2|AVX512]
Thread count: 16 physical cores, 32 logical processors, using up to 32 threads

Non-default parameters:
TimeLimit  14400
MIPGap  0.001
Method  1
LPWarmStart  1
Heuristics  0.2
MIPFocus  1
NodefileStart  4
RINS  50
Symmetry  2
Cuts  2
CoverCuts  2
LogToConsole  0

Academic license 2812613 - for non-commercial use only - registered to no___@gatech.edu
Optimize a model with 1436 rows, 21540 columns and 147908 nonzeros (Min)
Model fingerprint: 0xe499627f
Model has 21540 linear objective coefficients
Variable types: 0 continuous, 21540 integer (21540 binary)
Coefficient statistics:
  Matrix range     [1e+00, 1e+00]
  Objective range  [1e+00, 1e+00]
  Bounds range     [1e+00, 1e+00]
  RHS range        [1e+01, 1e+01]

Found heuristic solution: objective 4659.0000000
Presolve removed 0 rows and 9334 columns
Presolve time: 0.09s
Presolved: 1436 rows, 12206 columns, 88314 nonzeros
Variable types: 0 continuous, 12206 integer (8616 binary)

Root simplex log...

Iteration    Objective       Primal Inf.    Dual Inf.      Time
   12943    1.7052503e+03   2.026352e+04   0.000000e+00      5s
   13696    1.7052500e+03   0.000000e+00   0.000000e+00      6s

Root relaxation: objective 1.705250e+03, 13696 iterations, 5.45 seconds (10.43 work units)

    Nodes    |    Current Node    |     Objective Bounds      |     Work
 Expl Unexpl |  Obj  Depth IntInf | Incumbent    BestBd   Gap | It/Node Time

     0     0 1705.25000    0  718 4659.00000 1705.25000  63.4%     -    6s
H    0     0                    2160.0000000 1705.25000  21.1%     -    6s
H    0     0                    2085.0000000 1705.25000  18.2%     -    6s
H    0     0                    1837.0000000 1705.25000  7.17%     -    6s
H    0     0                    1813.0000000 1705.25000  5.94%     -    7s
H    0     0                    1803.0000000 1705.25000  5.42%     -    7s
H    0     0                    1797.0000000 1705.25000  5.11%     -    7s
H    0     0                    1783.0000000 1705.25000  4.36%     -    7s
H    0     0                    1781.0000000 1705.25000  4.25%     -    7s
H    0     0                    1780.0000000 1705.25000  4.20%     -    7s
H    0     0                    1779.0000000 1705.25000  4.15%     -    7s
H    0     0                    1778.0000000 1705.25000  4.09%     -    7s
H    0     0                    1777.0000000 1705.25000  4.04%     -    8s
H    0     0                    1776.0000000 1705.25000  3.98%     -    8s
H    0     0                    1772.0000000 1705.25000  3.77%     -    9s
H    0     0                    1771.0000000 1705.25000  3.71%     -    9s
H    0     0                    1770.0000000 1705.25000  3.66%     -    9s
H    0     0                    1769.0000000 1705.25000  3.60%     -    9s
H    0     0                    1768.0000000 1705.25000  3.55%     -    9s
H    0     0                    1767.0000000 1705.25000  3.49%     -    9s
H    0     0                    1766.0000000 1705.25000  3.44%     -    9s
H    0     0                    1765.0000000 1705.25000  3.39%     -    9s
H    0     0                    1760.0000000 1705.25000  3.11%     -    9s
H    0     0                    1759.0000000 1705.25000  3.06%     -    9s
H    0     0                    1758.0000000 1705.25000  3.00%     -   10s
H    0     0                    1757.0000000 1705.25000  2.95%     -   11s
H    0     0                    1756.0000000 1705.25000  2.89%     -   14s
     0     0 1705.25000    0 1436 1756.00000 1705.25000  2.89%     -   15s
H    0     0                    1755.0000000 1705.25000  2.83%     -   33s
H    0     0                    1754.0000000 1705.25000  2.78%     -   33s
H    0     0                    1752.9999998 1705.25000  2.72%     -   34s
H    0     0                    1751.0000000 1705.25000  2.61%     -   34s
H    0     0                    1750.0000000 1705.25000  2.56%     -   35s
H    0     0                    1749.0000000 1705.45642  2.49%     -   40s
H    0     0                    1748.0000000 1705.45642  2.43%     -   40s
     0     0 1705.45642    0 1436 1748.00000 1705.45642  2.43%     -   40s
     0     0 1705.45642    0  718 1748.00000 1705.45642  2.43%     -   40s
H    0     0                    1747.0000000 1705.45642  2.38%     -   53s
H    0     0                    1746.0000000 1705.45642  2.32%     -   55s
H    0     0                    1745.0000000 1705.45642  2.27%     -   55s
H    0     0                    1744.0000000 1705.45642  2.21%     -   55s
     0     2 1705.45642    0  718 1744.00000 1705.45642  2.21%     -   58s
     1     3 1705.45642    1 1436 1744.00000 1705.45642  2.21%  46.0   63s
     2     5 1705.45642    2 1436 1744.00000 1705.45642  2.21%  30.0   69s
     4     9 1705.46577    3 1436 1744.00000 1705.45642  2.21%  23.0   75s
H    8    16                    1743.0000000 1705.45642  2.15%  18.6   87s
H    9    16                    1741.0000000 1705.45642  2.04%  19.7   87s
    17    32 1705.55754    5 1432 1741.00000 1705.45642  2.04%  78.8   94s
    26    32 1705.51683    5 1433 1741.00000 1705.50096  2.04%  62.7   95s
    33    48 1705.59647    6 1433 1741.00000 1705.50974  2.04%  55.4  107s
H   34    48                    1740.0000000 1705.50974  1.98%  53.8  107s
H   42    48                    1739.0000000 1705.51171  1.93%  49.9  107s
    49    80 1705.63343    7 1432 1739.00000 1705.51171  1.93%  48.9  113s
    81    96 1705.68664    8 1429 1739.00000 1705.51171  1.93%  44.6  120s
H   94    96                    1738.0000000 1705.51171  1.87%  43.7  120s
    97   142 1705.72848    9 1431 1738.00000 1705.51171  1.87%  43.5  128s
   143   270 1705.82169   11 1432 1738.00000 1705.51171  1.87%  42.3  134s
   271   286 1706.01439   16 1427 1738.00000 1705.51171  1.87%  46.0  138s
   287   302 1706.00530   16 1427 1738.00000 1705.51171  1.87%  47.0  144s
   303   318 1706.05108   17 1430 1738.00000 1705.51171  1.87%  47.6  148s
   319   334 1706.03797   17 1430 1738.00000 1705.51171  1.87%  48.5  156s
   335   350 1706.08100   18 1428 1738.00000 1705.51171  1.87%  49.4  163s
   351   366 1706.11260   18 1430 1738.00000 1705.51171  1.87%  50.3  170s
   367   382 1706.14162   19 1427 1738.00000 1705.51171  1.87%  50.8  177s
   383   398 1706.13792   19 1431 1738.00000 1705.51171  1.87%  51.5  182s
   399   414 1706.15290   20 1432 1738.00000 1705.51171  1.87%  52.4  189s
   415   430 1706.18927   20 1431 1738.00000 1705.51171  1.87%  53.2  196s
   431   510 1706.23425   21 1428 1738.00000 1705.51171  1.87%  53.7  202s
   511   603 1706.23741   21 1426 1738.00000 1705.51171  1.87%  58.1  207s
   604   628 1706.34088   23 1428 1738.00000 1705.51171  1.87%  63.9  212s
   629   748 1706.38838   24 1426 1738.00000 1705.51171  1.87%  65.2  216s
   749   776 1706.62718   29 1423 1738.00000 1705.51171  1.87%  70.0  222s
H  775   776                    1737.0000000 1705.51171  1.81%  70.9  222s
   777   849 1706.65555   30 1424 1737.00000 1705.51171  1.81%  71.0  227s
   850   865 1706.75939   33 1421 1737.00000 1705.51171  1.81%  73.6  232s
H  852   865                    1736.0000000 1705.51171  1.76%  73.6  232s
   866  1031 1706.81147   34 1419 1736.00000 1705.51171  1.76%  74.5  236s
  1032  1225 1707.08679   40 1426 1736.00000 1705.51171  1.76%  80.4  240s
H 1173  1225                    1735.0000000 1705.51171  1.70%  83.1  240s
  1418  1489 1707.67399   55 1417 1735.00000 1705.51171  1.70%  91.3  247s
H 1485  1489                    1734.0000000 1705.51171  1.64%  92.4  247s
  1490  1642 1707.78645   59 1416 1734.00000 1705.51171  1.64%  92.5  252s
  1643  1665 1707.97174   65 1413 1734.00000 1705.51171  1.64%  97.2  256s
  1666  1681 1707.97875   65 1412 1734.00000 1705.51171  1.64%  97.7  260s
  1698  1713 1708.01948   66 1416 1734.00000 1705.51171  1.64%  98.3  268s
  1714  1729 1708.06957   67 1415 1734.00000 1705.51171  1.64%  98.7  272s
  1730  1745 1708.04990   67 1413 1734.00000 1705.51171  1.64%  99.1  278s
  1746  1761 1708.09710   68 1417 1734.00000 1705.51171  1.64%  99.5  282s
  1762  1777 1708.10785   68 1418 1734.00000 1705.51171  1.64%   100  287s
  1778  1793 1708.17323   69 1416 1734.00000 1705.51171  1.64%   101  292s
  1794  1809 1708.13607   69 1413 1734.00000 1705.51171  1.64%   101  297s
  1810  1825 1708.16847   70 1414 1734.00000 1705.51171  1.64%   102  302s
  1826  1841 1708.19192   70 1411 1734.00000 1705.51171  1.64%   102  308s
  1842  1857 1708.19398   71 1412 1734.00000 1705.51171  1.64%   102  313s
  1858  1873 1708.19803   71 1417 1734.00000 1705.51171  1.64%   103  318s
  1874  1889 1708.23545   72 1414 1734.00000 1705.51171  1.64%   103  324s
  1890  1905 1708.25509   73 1413 1734.00000 1705.51171  1.64%   104  330s
H 1892  1905                    1733.0000000 1705.51171  1.59%   104  330s
  1906  1921 1708.29943   74 1408 1733.00000 1705.51171  1.59%   104  336s
  1922  1937 1708.27284   74 1416 1733.00000 1705.51171  1.59%   105  342s
H 1927  1937                    1732.0000000 1705.51171  1.53%   105  342s
  1938  2145 1708.33087   75 1409 1732.00000 1705.51171  1.53%   105  347s
  2146  2161 1708.61778   83 1406 1732.00000 1705.51171  1.53%   110  352s
  2162  2177 1708.62990   83 1401 1732.00000 1705.51171  1.53%   111  357s
  2178  2193 1708.64561   84 1406 1732.00000 1705.51171  1.53%   111  362s
  2194  2209 1708.63428   84 1406 1732.00000 1705.51171  1.53%   112  372s
  2210  2225 1708.66161   85 1405 1732.00000 1705.51171  1.53%   112  378s
  2226  2241 1708.66836   85 1404 1732.00000 1705.51171  1.53%   113  387s
  2242  2257 1708.68938   86 1404 1732.00000 1705.51171  1.53%   113  400s
  2258  2273 1708.72646   86 1403 1732.00000 1705.51171  1.53%   114  408s
  2274  2289 1708.76090   87 1402 1732.00000 1705.51171  1.53%   114  417s
  2290  2305 1708.76171   87 1404 1732.00000 1705.51171  1.53%   114  423s
  2306  2321 1708.81803   88 1407 1732.00000 1705.51171  1.53%   115  428s
  2322  2337 1708.76881   88 1405 1732.00000 1705.51171  1.53%   115  437s
  2338  2360 1708.82049   89 1406 1732.00000 1705.51171  1.53%   115  446s
  2361  2380 1708.84271   90 1400 1732.00000 1705.51171  1.53%   116  459s
  2381  2396 1708.88410   90 1400 1732.00000 1705.51171  1.53%   116  472s
H 2396  2396                    1731.0000000 1705.51171  1.47%   117  472s
  2397  2460 1708.91244   91 1402 1731.00000 1705.51171  1.47%   117  478s
  2461  2476 1709.01153   93 1395 1731.00000 1705.51171  1.47%   118  488s
  2477  2492 1709.07141   94 1399 1731.00000 1705.51171  1.47%   119  495s
  2493  2508 1709.07893   94 1400 1731.00000 1705.51171  1.47%   119  502s
  2509  2524 1709.11885   95 1400 1731.00000 1705.51171  1.47%   119  511s
  2525  2540 1709.12406   95 1397 1731.00000 1705.51171  1.47%   120  522s
  2541  2556 1709.15603   96 1403 1731.00000 1705.51171  1.47%   120  530s
  2557  2572 1709.16088   96 1398 1731.00000 1705.51171  1.47%   121  539s
  2573  2588 1709.19264   97 1390 1731.00000 1705.51171  1.47%   121  548s
  2589  2616 1709.22373   97 1399 1731.00000 1705.51171  1.47%   122  558s
  2617  2634 1709.29868   98 1394 1731.00000 1705.51171  1.47%   123  572s
  2635  2650 1709.25963   98 1396 1731.00000 1705.51171  1.47%   123  582s
  2651  2730 1709.30795   99 1394 1731.00000 1705.51171  1.47%   123  594s
  2731  2981 1709.31777   99 1395 1731.00000 1705.51171  1.47%   125  603s
  2982  3064 1709.77879  111 1389 1731.00000 1705.51171  1.47%   132  611s
  3065  3255 1710.26130  123 1380 1731.00000 1705.51171  1.47%   133  620s
  3256  3271 1711.00861  145 1378 1731.00000 1705.51171  1.47%   135  628s
  3272  3287 1711.01337  145 1376 1731.00000 1705.51171  1.47%   136  639s
  3288  3303 1711.03601  146 1380 1731.00000 1705.51171  1.47%   136  652s
  3304  3319 1711.11259  146 1373 1731.00000 1705.51171  1.47%   136  663s
  3320  3417 1711.15367  147 1378 1731.00000 1705.51171  1.47%   137  674s
  3418  3700 1711.13950  147 1375 1731.00000 1705.51171  1.47%   138  684s
  3701  3912 1711.18432  148 1377 1731.00000 1705.51171  1.47%   146  693s
  3913  4152 1711.61801  159 1370 1731.00000 1705.51171  1.47%   148  702s
  4153  4168 1712.15942  176 1367 1731.00000 1705.51171  1.47%   154  716s
  4169  4184 1712.17966  176 1363 1731.00000 1705.51171  1.47%   154  728s
  4185  4219 1712.22774  177 1369 1731.00000 1705.51171  1.47%   154  740s
  4220  4370 1712.21831  177 1358 1731.00000 1705.51171  1.47%   155  753s
  4371  4509 1712.28406  178 1367 1731.00000 1705.51171  1.47%   157  768s
  4510  4525 1712.26571  178 1368 1731.00000 1705.51171  1.47%   158  783s
  4526  4541 1712.31362  179 1371 1731.00000 1705.51171  1.47%   159  801s
  4542  4557 1712.27736  179 1359 1731.00000 1705.51171  1.47%   159  813s
  4558  4839 1712.29812  180 1357 1731.00000 1705.51171  1.47%   159  830s
  4840  4967 1712.31351  181 1360 1731.00000 1705.51171  1.47%   163  844s
  4968  5013 1712.53058  187 1364 1731.00000 1705.51171  1.47%   164  859s
  5014  5065 1712.57164  188 1365 1731.00000 1705.51171  1.47%   165  873s
  5066  5081 1712.59306  189 1358 1731.00000 1705.51171  1.47%   166  885s
  5082  5097 1712.63204  189 1365 1731.00000 1705.51171  1.47%   166  898s
  5098  5119 1712.65581  190 1362 1731.00000 1705.51171  1.47%   166  912s
  5120  5170 1712.70538  190 1368 1731.00000 1705.51171  1.47%   166  925s
  5171  5302 1712.68727  191 1367 1731.00000 1705.51171  1.47%   167  942s
  5303  5700 1712.70856  192 1363 1731.00000 1705.51171  1.47%   170  956s
  5701  6059 1712.98865  199 1365 1731.00000 1705.51171  1.47%   172  973s
  6060  6097 1713.97639  229 1346 1731.00000 1705.51171  1.47%   178  994s
  6098  6121 1714.07721  230 1349 1731.00000 1705.51171  1.47%   179 1013s
  6122  6275 1714.10417  230 1346 1731.00000 1705.51171  1.47%   179 1028s
  6276  6483 1714.42710  238 1333 1731.00000 1705.51171  1.47%   180 1044s
  6484  6531 1715.00229  252 1324 1731.00000 1705.51171  1.47%   183 1064s
  6532  6547 1715.03766  253 1322 1731.00000 1705.51171  1.47%   183 1084s
  6548  6581 1715.03949  253 1321 1731.00000 1705.51171  1.47%   183 1110s
  6582  6668 1715.09559  255 1329 1731.00000 1705.51171  1.47%   184 1131s
  6669  6839 1715.12617  256 1326 1731.00000 1705.51171  1.47%   184 1151s
  6840  6935 1715.15602  256 1331 1731.00000 1705.51171  1.47%   187 1170s
  6936  6951 1715.36127  262 1319 1731.00000 1705.51171  1.47%   187 1195s
  6952  7193 1715.41246  263 1323 1731.00000 1705.51171  1.47%   187 1217s
  7194  7281 1715.73583  271 1323 1731.00000 1705.51171  1.47%   189 1239s
  7282  7315 1715.88479  277 1313 1731.00000 1705.51171  1.47%   190 1260s
  7316  7331 1715.88399  277 1315 1731.00000 1705.51171  1.47%   190 1285s
  7332  7401 1715.89437  278 1314 1731.00000 1705.51171  1.47%   190 1314s
  7402  7833 1715.91452  278 1317 1731.00000 1705.51171  1.47%   191 1337s
  7834  7993 1717.04116  307 1298 1731.00000 1705.51171  1.47%   193 1360s
  7994  8015 1717.04450  307 1301 1731.00000 1705.51171  1.47%   195 1384s
  8016  8333 1717.07714  308 1301 1731.00000 1705.51171  1.47%   195 1407s
  8334  8477 1717.95376  329 1288 1731.00000 1705.51171  1.47%   199 1432s
  8478  8578 1718.00083  329 1285 1731.00000 1705.51171  1.47%   200 1456s
  8579  8867 1718.69904  342 1278 1731.00000 1705.51171  1.47%   200 1482s
  8868  8898 1718.72155  343 1272 1731.00000 1705.51171  1.47%   201 1509s
  8899  8930 1718.75288  344 1273 1731.00000 1705.51171  1.47%   202 1535s
  8931  9043 1718.76866  345 1275 1731.00000 1705.51171  1.47%   202 1564s
  9044  9059 1718.99726  350 1270 1731.00000 1705.51171  1.47%   203 1605s
  9060  9414 1719.03071  351 1275 1731.00000 1705.51171  1.47%   204 1633s
  9415  9850 1719.91631  371 1274 1731.00000 1705.51171  1.47%   206 1662s
  9851 10114 1720.63293  391 1284 1731.00000 1705.51171  1.47%   207 1693s
 10158 10715 1721.66646  416 1260 1731.00000 1705.51171  1.47%   210 1726s
 10766 10716 1710.16740  127  718 1731.00000 1705.51171  1.47%   217 1754s
 10768 10717 1709.21262   96  718 1731.00000 1705.51171  1.47%   216 1782s
 10769 10718 1710.46554  131  718 1731.00000 1705.51171  1.47%   216 1785s
 10770 10719 1726.14908  564  718 1731.00000 1705.62500  1.47%   216 1845s
 10771 10721 1705.62500   16 1436 1731.00000 1705.62500  1.47%   218 1851s
 10772 10723 1705.62500   17 1436 1731.00000 1705.62500  1.47%   218 1855s
 10787 10745 1705.62500   20 1432 1731.00000 1705.62500  1.47%   218 1861s
 10944 10850 1705.63343   22 1432 1731.00000 1705.62500  1.47%   216 1865s
 10992 10882 1705.68664   23 1429 1731.00000 1705.62500  1.47%   215 1871s
 11024 10903 1705.74314   24 1433 1731.00000 1705.62500  1.47%   214 1875s
 11040 10914 1705.78027   25 1432 1731.00000 1705.62500  1.47%   214 1880s
 11072 10935 1705.81001   26 1432 1731.00000 1705.62500  1.47%   214 1885s
 11120 10967 1705.88531   27 1432 1731.00000 1705.62500  1.47%   213 1892s
 11136 10978 1705.94305   28 1431 1731.00000 1705.62500  1.47%   213 1895s
 11168 10999 1705.98965   29 1430 1731.00000 1705.62500  1.47%   212 1901s
 11184 11010 1706.00748   29 1430 1731.00000 1705.62500  1.47%   212 1905s
 11216 11031 1706.04447   30 1431 1731.00000 1705.62500  1.47%   212 1913s
 11232 11042 1706.08451   31 1428 1731.00000 1705.62500  1.47%   212 1919s
 11248 11052 1706.10089   31 1427 1731.00000 1705.62500  1.47%   211 1921s
 11280 11083 1706.18274   32 1428 1731.00000 1705.62500  1.47%   211 1927s
 11305 11099 1706.20581   33 1429 1731.00000 1705.62500  1.47%   211 1937s
 11330 11116 1706.21749   33 1429 1731.00000 1705.62500  1.47%   210 1943s
 11355 11133 1706.22741   34 1429 1731.00000 1705.62500  1.47%   210 1953s
 11380 11149 1706.25269   34 1430 1731.00000 1705.62500  1.47%   210 1958s
 11405 11166 1706.24799   35 1429 1731.00000 1705.62500  1.47%   210 1961s
 11430 11183 1706.27242   35 1429 1731.00000 1705.62500  1.47%   209 1971s
 11455 11199 1706.26584   36 1429 1731.00000 1705.62500  1.47%   209 1977s
 11480 11216 1706.30165   36 1427 1731.00000 1705.62500  1.47%   209 1987s
 11505 11233 1706.34206   37 1427 1731.00000 1705.62500  1.47%   209 1998s
 11530 11249 1706.36333   37 1428 1731.00000 1705.62500  1.47%   208 2007s
 11555 11260 1706.36010   38 1427 1731.00000 1705.62500  1.47%   208 2016s
 11574 11270 1706.40751   38 1428 1731.00000 1705.62500  1.47%   208 2027s
 11590 11280 1706.44807   39 1426 1731.00000 1705.62500  1.47%   208 2038s
 11606 11292 1706.46717   39 1426 1731.00000 1705.62500  1.47%   208 2048s
 11623 11302 1706.49120   40 1425 1731.00000 1705.62500  1.47%   208 2059s
 11639 11323 1706.48830   40 1425 1731.00000 1705.62500  1.47%   207 2069s
 11665 11363 1706.72571   46 1426 1731.00000 1705.62500  1.47%   207 2080s
 11714 11363 1706.98228   52 1422 1731.00000 1705.62500  1.47%   207 2086s
 11730 11420 1706.97302   52 1421 1731.00000 1705.62500  1.47%   207 2091s
 11792 11458 1707.00540   53 1423 1731.00000 1705.62500  1.47%   206 2096s
 11851 11554 1707.03782   53 1422 1731.00000 1705.62500  1.47%   205 2102s
 11967 11608 1707.26307   60 1423 1731.00000 1705.62500  1.47%   204 2107s
 12059 11769 1707.37709   63 1419 1731.00000 1705.62500  1.47%   204 2111s
 12251 11721 1707.66854   71 1416 1731.00000 1705.62500  1.47%   203 2117s
 12267 11732 1707.74011   72 1421 1731.00000 1705.62500  1.47%   203 2122s
 12283 11742 1707.70065   72 1422 1731.00000 1705.62500  1.47%   202 2128s
 12299 11756 1707.73833   73 1420 1731.00000 1705.62500  1.47%   202 2137s
 12318 11766 1707.74963   73 1421 1731.00000 1705.62500  1.47%   202 2143s
 12334 11809 1707.76800   74 1418 1731.00000 1705.62500  1.47%   202 2151s
 12383 11812 1707.80099   74 1417 1731.00000 1705.62500  1.47%   202 2156s
 12402 11842 1707.80722   75 1419 1731.00000 1705.62500  1.47%   202 2162s
 12438 11883 1707.85402   75 1419 1731.00000 1705.62500  1.47%   202 2168s
 12491 11908 1707.95784   78 1418 1731.00000 1705.62500  1.47%   202 2174s
 12534 11915 1708.13035   83 1410 1731.00000 1705.62500  1.47%   201 2184s
 12555 11958 1708.16907   83 1410 1731.00000 1705.62500  1.47%   201 2191s
 12605 12023 1708.17001   84 1414 1731.00000 1705.62500  1.47%   201 2200s
 12687 12051 1708.18794   84 1415 1731.00000 1705.62500  1.47%   201 2208s
 12742 12048 1708.19775   85 1413 1731.00000 1705.62500  1.47%   201 2219s
 12758 12059 1708.23321   85 1417 1731.00000 1705.62500  1.47%   201 2238s
 12774 12072 1708.22664   86 1409 1731.00000 1705.62500  1.47%   201 2249s
 12792 12090 1708.27418   86 1411 1731.00000 1705.62500  1.47%   201 2275s
 12816 12098 1708.24971   87 1408 1731.00000 1705.62500  1.47%   201 2285s
 12832 12126 1708.30284   87 1412 1731.00000 1705.62500  1.47%   201 2306s
 12866 12154 1708.28610   88 1406 1731.00000 1705.62500  1.47%   201 2318s
 12905 12189 1708.46560   92 1406 1731.00000 1705.62500  1.47%   201 2334s
 12953 12232 1708.97094  105 1412 1731.00000 1705.62500  1.47%   200 2349s
 13012 12312 1709.27320  113 1407 1731.00000 1705.62500  1.47%   200 2362s
 13112 12296 1709.61942  120 1401 1731.00000 1705.62500  1.47%   200 2373s
 13129 12337 1709.65726  121 1399 1731.00000 1705.62500  1.47%   200 2383s
 13176 12397 1709.67472  121 1405 1731.00000 1705.62500  1.47%   200 2392s
 13251 12388 1709.71543  122 1404 1731.00000 1705.62500  1.47%   200 2404s
 13267 12580 1709.70593  122 1409 1731.00000 1705.62500  1.47%   200 2416s
 13465 12761 1710.26289  138 1394 1731.00000 1705.62500  1.47%   199 2431s
 13712 12947 1710.96731  155 1391 1731.00000 1705.62500  1.47%   199 2452s
 13980 13050 1711.52464  174 1377 1731.00000 1705.62500  1.47%   199 2472s
 14172 13140 1711.89694  184 1369 1731.00000 1705.62500  1.47%   199 2484s
H14233 12583                    1730.0000000 1705.62500  1.41%   199 2484s
 14326 12952 1711.94220  185 1373 1730.00000 1705.62500  1.41%   199 2494s
 14726 12835 1712.40185  197 1372 1730.00000 1705.62500  1.41%   198 2503s
 14742 12846 1712.43544  198 1373 1730.00000 1705.62500  1.41%   198 2517s
 14758 12856 1712.43394  198 1366 1730.00000 1705.62500  1.41%   198 2530s
 14774 12878 1712.47664  199 1372 1730.00000 1705.62500  1.41%   198 2540s
 14801 13308 1712.45113  199 1368 1730.00000 1705.62500  1.41%   198 2550s
 15240 13328 1712.82492  209 1360 1730.00000 1705.62500  1.41%   199 2563s
 15406 13288 1712.94462  215 1349 1730.00000 1705.62500  1.41%   199 2577s
 15422 13299 1712.99237  215 1348 1730.00000 1705.62500  1.41%   199 2592s
 15438 13310 1712.99862  216 1347 1730.00000 1705.62500  1.41%   199 2607s
 15454 13320 1713.00674  216 1347 1730.00000 1705.62500  1.41%   199 2622s
 15470 13391 1713.02564  217 1348 1730.00000 1705.62500  1.41%   199 2640s
 15546 13382 1713.04832  217 1346 1730.00000 1705.62500  1.41%   199 2659s
 15562 13392 1713.04075  218 1358 1730.00000 1705.62500  1.41%   199 2687s
 15578 13479 1713.07252  218 1348 1730.00000 1705.62500  1.41%   199 2705s
 15670 13790 1713.07613  219 1349 1730.00000 1705.62500  1.41%   199 2718s
 16012 13796 1713.13029  219 1355 1730.00000 1705.62500  1.41%   200 2732s
 16132 13862 1713.46446  230 1346 1730.00000 1705.62500  1.41%   200 2749s
 16238 13867 1713.75446  239 1350 1730.00000 1705.62500  1.41%   200 2766s
 16278 13988 1713.74928  240 1351 1730.00000 1705.62500  1.41%   200 2781s
 16412 14191 1713.76225  240 1349 1730.00000 1705.62500  1.41%   200 2796s
 16660 14324 1713.97365  245 1347 1730.00000 1705.62500  1.41%   200 2814s
 16876 14333 1714.74132  265 1337 1730.00000 1705.62500  1.41%   201 2833s
 16957 14575 1714.75900  266 1327 1730.00000 1705.62500  1.41%   201 2849s
 17226 14713 1714.78918  266 1341 1730.00000 1705.62500  1.41%   202 2872s
 17453 14868 1715.24928  278 1333 1730.00000 1705.62500  1.41%   202 2891s
 17684 14887 1716.06407  302 1312 1730.00000 1705.62500  1.41%   203 2914s
 17780 15011 1716.10256  302 1318 1730.00000 1705.62500  1.41%   204 2934s
 17936 15079 1716.13993  303 1320 1730.00000 1705.62500  1.41%   204 2957s
 18056 15266 1716.35941  310 1313 1730.00000 1705.62500  1.41%   204 2981s
 18283 15359 1716.38790  311 1308 1730.00000 1705.62500  1.41%   205 3001s
 18452 15501 1716.73156  320 1310 1730.00000 1705.62500  1.41%   206 3023s
 18650 15451 1716.70631  320 1311 1730.00000 1705.62500  1.41%   206 3047s
 18666 15462 1716.74076  321 1308 1730.00000 1705.62500  1.41%   206 3073s
 18682 15500 1716.77135  321 1316 1730.00000 1705.62500  1.41%   206 3108s
 18726 15690 1716.74959  322 1313 1730.00000 1705.62500  1.41%   206 3134s
 18930 15686 1717.21396  334 1313 1730.00000 1705.62500  1.41%   207 3157s
 18994 15752 1717.22497  335 1305 1730.00000 1705.62500  1.41%   207 3184s
 19082 15739 1717.20649  335 1308 1730.00000 1705.62500  1.41%   207 3213s
 19098 15768 1717.23723  336 1307 1730.00000 1705.62500  1.41%   208 3247s
 19132 15880 1717.25984  336 1307 1730.00000 1705.62500  1.41%   208 3278s
 19256 16240 1717.54705  346 1315 1730.00000 1705.62500  1.41%   208 3304s
 19657 16218 1717.55584  346 1313 1730.00000 1705.62500  1.41%   208 3332s
 19769 16441 1717.84504  353 1305 1730.00000 1705.62500  1.41%   209 3361s
 20029 16370 1717.84098  353 1302 1730.00000 1705.62500  1.41%   209 3401s
 20045 16441 1717.88438  354 1307 1730.00000 1705.62500  1.41%   209 3439s
 20121 16568 1718.01729  357 1304 1730.00000 1705.62500  1.41%   209 3472s
 20279 16794 1718.13240  357 1312 1730.00000 1705.62500  1.41%   210 3504s
 20618 16697 1718.48135  368 1280 1730.00000 1705.62500  1.41%   210 3537s
 20634 16708 1718.52659  369 1278 1730.00000 1705.62500  1.41%   210 3582s
 20650 16718 1718.53155  369 1280 1730.00000 1705.62500  1.41%   210 3619s
 20666 17027 1718.56131  370 1274 1730.00000 1705.62500  1.41%   210 3653s
 20980 17260 1718.56996  370 1280 1730.00000 1705.62500  1.41%   210 3709s
 21318 18096 1719.05892  381 1277 1730.00000 1705.62500  1.41%   212 3773s
 22266 17796 1720.21052  410 1256 1730.00000 1705.62500  1.41%   213 3825s
 22282 17977 1720.25979  411 1253 1730.00000 1705.62500  1.41%   213 3871s
 22539 18072 1720.60906  420 1250 1730.00000 1705.62500  1.41%   214 3922s
 22731 18306 1720.88004  426 1253 1730.00000 1705.62500  1.41%   215 3978s
 23051 18999 1721.18087  436 1249 1730.00000 1705.62500  1.41%   216 4038s
 23851 19525 1722.06439  461 1222 1730.00000 1705.62500  1.41%   219 4094s
 24644 19373 1723.20717  486 1234 1730.00000 1705.62500  1.41%   220 4147s
 24756 19352 1723.34280  490 1237 1730.00000 1705.62500  1.41%   220 4217s
 24772 19754 1723.36540  490 1230 1730.00000 1705.62500  1.41%   220 4291s
 25180 19954 1724.18044  505 1230 1730.00000 1705.62500  1.41%   221 4351s
 25516 20392 1724.68118  515 1224 1730.00000 1705.62500  1.41%   222 4416s
 26096 20557 1725.51774  533 1224 1730.00000 1705.62500  1.41%   224 4484s
 26460 21442 1725.62019  535 1209 1730.00000 1705.62500  1.41%   224 4556s
 27482 21516 1727.68697  581 1205 1730.00000 1705.62500  1.41%   228 4626s
 27897 21758 1727.64278  581 1204 1730.00000 1705.62500  1.41%   228 4701s
 28277 21691 1728.87928  608 1195 1730.00000 1705.62500  1.41%   228 4792s
 28337 22315 1728.94530  609 1192 1730.00000 1705.62500  1.41%   229 4873s
 29053 23275 1707.90947   71 1416 1730.00000 1705.62500  1.41%   229 4957s
 30321 23582 1711.63457  169 1377 1730.00000 1705.62500  1.41%   229 5039s
 31235 24080 1712.58697  199 1359 1730.00000 1705.62500  1.41%   229 5126s
 32058 24907 1715.02373  265 1339 1730.00000 1705.62500  1.41%   229 5216s
 33252 25897 1716.32929  308 1329 1730.00000 1705.62500  1.41%   228 5308s
 34640 25480 1720.02330  407 1283 1730.00000 1705.62500  1.41%   228 5408s
 34686 26446 1720.05641  408 1287 1730.00000 1705.62500  1.41%   228 5500s
 35667 26683 1722.45250  473 1266 1730.00000 1705.62500  1.41%   229 5597s
 36231 27507 1723.54715  507 1271 1730.00000 1705.62500  1.41%   229 5697s
 37243 28105 1724.27140  527 1253 1730.00000 1705.62500  1.41%   229 5806s
 38179 28010 1727.00536  598 1228 1730.00000 1705.62500  1.41%   230 5924s
 38396 29022 1727.82235  621 1212 1730.00000 1705.62500  1.41%   230 6038s
 39522 30097 1707.40869   65 1413 1730.00000 1705.62500  1.41%   230 6158s
 41432 31083 1710.45753  144 1392 1730.00000 1705.62500  1.41%   230 6304s
 43317 32425 1714.78918  263 1347 1730.00000 1705.62500  1.41%   227 6405s
 44703 32856 1717.61243  347 1300 1730.00000 1705.62500  1.41%   225 6515s
 45134 34081 1717.63810  348 1304 1730.00000 1705.62500  1.41%   225 6637s
 46359 35636 1721.42567  442 1274 1730.00000 1705.62500  1.41%   224 6769s
 47914 37411 1722.97527  484 1258 1730.00000 1705.62500  1.41%   224 6901s
 49689 38820 1728.43189  621 1204 1730.00000 1705.62500  1.41%   224 7040s
 51223 39284     cutoff  639      1730.00000 1705.62500  1.41%   224 7188s
 51807 41172 1708.31522   85 1412 1730.00000 1705.62500  1.41%   224 7333s
 53819 42923 1713.61815  229 1367 1730.00000 1705.62500  1.41%   223 7475s
 55570 44701 1717.81051  361 1308 1730.00000 1705.62500  1.41%   223 7613s
 57348 44758 1721.01920  442 1291 1730.00000 1705.62500  1.41%   224 7753s
 57405 46629 1721.15772  445 1279 1730.00000 1705.62500  1.41%   224 7896s
 59276 48260 1725.33406  541 1259 1730.00000 1705.62500  1.41%   225 8033s
 61155 49749 1728.98037  622 1218 1730.00000 1705.62500  1.41%   225 8164s
 63230 50352 1708.04739   76 1407 1730.00000 1705.62500  1.41%   223 8334s
 63833 54332 1708.43128   86 1402 1730.00000 1705.62500  1.41%   222 8790s
 67813 56057 1712.96176  211 1363 1730.00000 1705.62500  1.41%   220 8999s
 69538 57273 1715.19653  280 1322 1730.00000 1705.62500  1.41%   220 9210s
 70875 59864 1716.39789  312 1312 1730.00000 1705.62500  1.41%   220 9416s
 73555 62438 1719.24116  400 1281 1730.00000 1705.62500  1.41%   221 9599s
 76129 63105 1721.89187  473 1251 1730.00000 1705.62500  1.41%   221 9772s
 76796 65060 1723.48957  509 1232 1730.00000 1705.62500  1.41%   222 9948s
 78751 67336 1725.39708  561 1221 1730.00000 1705.62500  1.41%   223 10117s
 81420 69136 1728.81699  636 1165 1730.00000 1705.62500  1.41%   224 10271s
 83708 70186 1708.84203  105 1399 1730.00000 1705.64232  1.41%   222 10446s
 84758 73878 1712.26560  192 1366 1730.00000 1705.64232  1.41%   222 10701s
 88450 74463 1721.40782  435 1274 1730.00000 1705.64232  1.41%   222 10839s
 89035 74860 1722.61012  465 1254 1730.00000 1705.64232  1.41%   222 10997s
 89484 76664 1724.97208  531 1239 1730.00000 1705.64232  1.41%   222 11163s
 91581 78256 1706.82285   49 1415 1730.00000 1705.64232  1.41%   222 11318s
 93523 80261 1711.32748  169 1386 1730.00000 1705.64232  1.41%   221 11466s
 95571 80741 1715.54108  297 1323 1730.00000 1705.65629  1.41%   220 11613s
 96051 83070 1716.77145  327 1323 1730.00000 1705.65629  1.41%   220 11767s
 98380 84621 1722.37172  477 1249 1730.00000 1705.65629  1.41%   220 11908s
 99961 86497 1724.90932  548 1220 1730.00000 1705.65629  1.41%   220 12051s
 102151 87702 1728.99170  653 1194 1730.00000 1705.65962  1.41%   220 12191s
 103635 87872 1709.08455  105 1412 1730.00000 1705.65962  1.41%   219 12332s
 103927 89725 1709.11414  106 1409 1730.00000 1705.65962  1.41%   219 12475s
 105856 92130 1713.15852  230 1353 1730.00000 1705.66910  1.41%   219 12643s
 108261 93760 1718.24095  375 1301 1730.00000 1705.66910  1.41%   218 12754s
 109925 94029 1721.73982  465 1289 1730.00000 1705.66910  1.41%   218 12870s
 110234 95446 1721.76637  466 1287 1730.00000 1705.67232  1.41%   218 12993s
 111748 96622 1724.61199  533 1240 1730.00000 1705.67232  1.41%   218 13119s
 113062 98311 1728.99006  631 1216 1730.00000 1705.68172  1.41%   218 13246s
 115291 99570 1709.46030  116 1397 1730.00000 1705.69154  1.41%   217 13365s
 116570 100289 1713.44236  226 1363 1730.00000 1705.69579  1.40%   217 13493s
 117289 100448 1714.57762  257 1350 1730.00000 1705.69579  1.40%   217 13630s
 117448 101771 1714.99634  269 1342 1730.00000 1705.69579  1.40%   217 13766s
 118771 103447 1716.86453  322 1330 1730.00000 1705.69579  1.40%   217 13907s
 120447 104877 1722.10405  452 1261 1730.00000 1705.69579  1.40%   217 14048s
 121914 106547 1725.92264  556 1213 1730.00000 1705.69579  1.40%   217 14189s
 123906 106970     cutoff  633      1730.00000 1705.69656  1.40%   217 14329s
 124484 107600 1705.83338   26 1430 1730.00000 1705.69656  1.40%   217 14400s

Explored 125271 nodes (27156445 simplex iterations) in 14400.03 seconds (49567.74 work units)
Thread count was 32 (of 32 available processors)

Solution count 10: 1730 1731 1732 ... 1739

Time limit reached
Best objective 1.730000000000e+03, best bound 1.706000000000e+03, gap 1.3873%

User-callback calls 3930862, time in user-callback 15.18 sec
