
Gurobi 13.0.2 (linux64) logging started Thu Jul 16 01:41:27 2026

Set parameter LogFile to value "/tmp/sweep_20260716_013919_north-korea_alt260km_s1_i1_v6_gurobi.log"
Set parameter Method to value 1
Set parameter NodefileStart to value 4
Set parameter RINS to value 50
Gurobi Optimizer version 13.0.2 build v13.0.2rc1 (linux64 - "Debian GNU/Linux 13 (trixie)")

CPU model: Intel(R) Xeon(R) Platinum 8375C CPU @ 2.90GHz, instruction set [SSE2|AVX|AVX2|AVX512]
Thread count: 16 physical cores, 32 logical processors, using up to 32 threads

Non-default parameters:
TimeLimit  14400
MIPGap  0.001
Method  1
LPWarmStart  1
Heuristics  0.2
MIPFocus  1
NodefileStart  4
RINS  50
Symmetry  2
Cuts  2
CoverCuts  2
LogToConsole  0

Academic license 2812613 - for non-commercial use only - registered to no___@gatech.edu
Optimize a model with 1436 rows, 3590 columns and 53850 nonzeros (Min)
Model fingerprint: 0x37110782
Model has 3590 linear objective coefficients
Variable types: 0 continuous, 3590 integer (3590 binary)
Coefficient statistics:
  Matrix range     [1e+00, 1e+00]
  Objective range  [1e+00, 1e+00]
  Bounds range     [1e+00, 1e+00]
  RHS range        [1e+00, 1e+00]

Found heuristic solution: objective 166.0000000
Presolve time: 0.03s
Presolved: 1436 rows, 3590 columns, 53850 nonzeros
Variable types: 0 continuous, 3590 integer (3590 binary)

Root simplex log...

Iteration    Objective       Primal Inf.    Dual Inf.      Time
   13956    7.6928703e+01   4.317335e+01   0.000000e+00      5s
   14187    7.6928571e+01   0.000000e+00   0.000000e+00      5s

Root relaxation: objective 7.692857e+01, 14187 iterations, 5.14 seconds (8.64 work units)

    Nodes    |    Current Node    |     Objective Bounds      |     Work
 Expl Unexpl |  Obj  Depth IntInf | Incumbent    BestBd   Gap | It/Node Time

     0     0   76.92857    0 1077  166.00000   76.92857  53.7%     -    7s
H    0     0                     165.0000000   76.92857  53.4%     -    7s
H    0     0                      96.0000000   76.92857  19.9%     -    7s
     0     0   77.30374    0 1240   96.00000   77.30374  19.5%     -   13s
     0     0   77.85390    0 1197   96.00000   77.85390  18.9%     -   16s
H    0     0                      95.0000000   78.49938  17.4%     -   22s
     0     0   78.49938    0 1110   95.00000   78.49938  17.4%     -   22s
     0     0   79.04995    0 1085   95.00000   79.04995  16.8%     -   25s
     0     0   79.39050    0 1097   95.00000   79.39050  16.4%     -   28s
     0     0   79.60697    0 1104   95.00000   79.60697  16.2%     -   30s
     0     0   79.73074    0 1116   95.00000   79.73074  16.1%     -   31s
     0     0   79.85295    0 1115   95.00000   79.85295  15.9%     -   33s
     0     0   79.91627    0 1133   95.00000   79.91627  15.9%     -   34s
     0     0   79.95511    0 1141   95.00000   79.95511  15.8%     -   36s
     0     0   79.97898    0 1144   95.00000   79.97898  15.8%     -   37s
     0     0   80.00001    0 1136   95.00000   80.00001  15.8%     -   37s
     0     0   80.01057    0 1151   95.00000   80.01057  15.8%     -   38s
     0     0   80.01869    0 1149   95.00000   80.01869  15.8%     -   38s
     0     0   80.02202    0 1157   95.00000   80.02202  15.8%     -   39s
     0     0   80.02344    0 1162   95.00000   80.02344  15.8%     -   39s
     0     0   80.02419    0 1167   95.00000   80.02419  15.8%     -   39s
     0     0   80.02457    0 1164   95.00000   80.02457  15.8%     -   39s
     0     0   80.02503    0 1171   95.00000   80.02503  15.8%     -   39s
     0     0   80.02514    0 1176   95.00000   80.02514  15.8%     -   39s
     0     0   80.65858    0 1149   95.00000   80.65858  15.1%     -   46s
     0     0   81.05306    0 1146   95.00000   81.05306  14.7%     -   49s
     0     0   81.05306    0 1155   95.00000   81.05306  14.7%     -   50s
     0     0   81.05306    0 1160   95.00000   81.05306  14.7%     -   51s
     0     0   81.05306    0 1156   95.00000   81.05306  14.7%     -   51s
     0     0   81.05306    0 1171   95.00000   81.05306  14.7%     -   52s
     0     0   81.05306    0 1171   95.00000   81.05306  14.7%     -   52s
     0     0   81.05306    0 1173   95.00000   81.05306  14.7%     -   53s
     0     0   81.05306    0 1187   95.00000   81.05306  14.7%     -   53s
     0     0   81.05306    0 1187   95.00000   81.05306  14.7%     -   53s
     0     0   81.05306    0 1179   95.00000   81.05306  14.7%     -   53s
     0     0   81.05306    0 1184   95.00000   81.05306  14.7%     -   53s
     0     0   81.13065    0 1173   95.00000   81.13065  14.6%     -   64s
     0     0   81.50004    0 1156   95.00000   81.50004  14.2%     -   68s
     0     0   81.77906    0 1157   95.00000   81.77906  13.9%     -   72s
     0     0   81.99791    0 1167   95.00000   81.99791  13.7%     -   75s
     0     0   82.12851    0 1204   95.00000   82.12851  13.5%     -   78s
     0     0   82.26426    0 1215   95.00000   82.26426  13.4%     -   80s
     0     0   82.35706    0 1227   95.00000   82.35706  13.3%     -   83s
     0     0   82.41133    0 1251   95.00000   82.41133  13.3%     -   84s
     0     0   82.46082    0 1261   95.00000   82.46082  13.2%     -   86s
     0     0   82.49236    0 1267   95.00000   82.49236  13.2%     -   87s
     0     0   82.51440    0 1283   95.00000   82.51440  13.1%     -   88s
     0     0   82.52707    0 1281   95.00000   82.52707  13.1%     -   89s
     0     0   82.53516    0 1287   95.00000   82.53516  13.1%     -   89s
     0     0   82.54145    0 1285   95.00000   82.54145  13.1%     -   90s
     0     0   82.54600    0 1291   95.00000   82.54600  13.1%     -   90s
     0     0   82.54762    0 1295   95.00000   82.54762  13.1%     -   91s
     0     0   82.54925    0 1299   95.00000   82.54925  13.1%     -   91s
     0     0   82.54984    0 1301   95.00000   82.54984  13.1%     -   91s
     0     0   82.55007    0 1306   95.00000   82.55007  13.1%     -   91s
     0     0   82.65007    0 1291   95.00000   82.65007  13.0%     -  103s
     0     0   82.65007    0 1291   95.00000   82.65007  13.0%     -  103s
H    0     0                      94.0000000   82.65187  12.1%     -  272s
     0     2   82.65187    0 1291   94.00000   82.65187  12.1%     -  310s
     2     5   83.42144    2 1196   94.00000   82.65187  12.1%  2760  318s
     4     9   83.59782    3 1205   94.00000   82.65187  12.1%  2313  324s
     8    17   83.71938    4 1248   94.00000   82.65187  12.1%  2782  332s
    16    33   83.82903    5 1306   94.00000   82.65187  12.1%  3349  340s
    32    49   83.90684    6 1316   94.00000   82.65187  12.1%  4786  351s
    48    70   83.93577    7 1332   94.00000   82.65187  12.1%  4187  362s
    69    86   83.95676    8 1332   94.00000   82.65187  12.1%  3169  370s
    85   102   83.99155    9 1324   94.00000   82.65187  12.1%  2746  379s
   101   118   83.99155   10 1325   94.00000   82.65187  12.1%  2456  389s
   117   134   84.00012   11 1327   94.00000   82.65187  12.1%  2239  398s
   133   150   84.03036   12 1319   94.00000   82.65187  12.1%  2087  407s
   149   169   84.04393   13 1323   94.00000   82.65187  12.1%  1936  423s
   168   193   84.05346   14 1321   94.00000   82.65187  12.1%  1805  441s
   192   212   84.07523   15 1317   94.00000   82.65187  12.1%  1682  461s
   211   231   84.08818   16 1316   94.00000   82.65187  12.1%  1616  479s
   230   261   84.08916   17 1324   94.00000   82.65187  12.1%  1557  497s
   260   292   84.09832   18 1316   94.00000   82.65187  12.1%  1458  516s
   291   327   84.10806   19 1316   94.00000   82.65187  12.1%  1424  536s
   326   345   84.10806   20 1316   94.00000   82.65187  12.1%  1369  555s
   344   375   84.12399   21 1314   94.00000   82.65187  12.1%  1334  573s
   374   403   84.12411   22 1312   94.00000   82.65187  12.1%  1282  591s
   402   431   84.12411   23 1312   94.00000   82.65187  12.1%  1243  616s
   430   447   84.15500   24 1323   94.00000   82.65187  12.1%  1226  638s
   446   463   84.16064   25 1316   94.00000   82.65187  12.1%  1217  657s
   462   479   84.16167   26 1317   94.00000   82.65187  12.1%  1203  673s
H  464   479                      93.0000000   82.65187  11.1%  1201  673s
   478   566   84.20211   27 1324   93.00000   82.65187  11.1%  1196  680s
   565   582   84.24605   30 1314   93.00000   82.65187  11.1%  1133  690s
   581   598   84.26569   31 1303   93.00000   82.65187  11.1%  1126  700s
   597   614   84.29988   32 1314   93.00000   82.65187  11.1%  1112  712s
   613   630   84.31808   33 1312   93.00000   82.65187  11.1%  1103  725s
   629   646   84.32069   34 1308   93.00000   82.65187  11.1%  1097  739s
   645   662   84.32069   35 1308   93.00000   82.65187  11.1%  1084  753s
   661   678   84.33224   36 1300   93.00000   82.65187  11.1%  1081  768s
   677   694   84.36190   37 1298   93.00000   82.65187  11.1%  1077  783s
   693   710   84.36190   38 1298   93.00000   82.65187  11.1%  1074  799s
   709   726   84.36821   39 1297   93.00000   82.65187  11.1%  1067  823s
   725   742   84.39685   40 1293   93.00000   82.65187  11.1%  1062  847s
   741   758   84.40847   41 1301   93.00000   82.65187  11.1%  1058  886s
   757   774   84.42341   42 1300   93.00000   82.65187  11.1%  1050  945s
   773   790   84.43700   43 1309   93.00000   82.65187  11.1%  1046  959s
   789   806   84.46504   44 1289   93.00000   82.65187  11.1%  1048 1049s
   805   822   84.46504   45 1289   93.00000   82.65187  11.1%  1047 1098s
   821   838   84.48656   46 1294   93.00000   82.65187  11.1%  1055 1114s
   837   854   84.49522   47 1297   93.00000   82.65187  11.1%  1049 1131s
   853   870   84.53122   48 1292   93.00000   82.65187  11.1%  1048 1146s
   869   886   84.55784   49 1300   93.00000   82.65187  11.1%  1047 1158s
   885   902   84.58202   50 1296   93.00000   82.65187  11.1%  1043 1170s
   901   918   84.68527   51 1288   93.00000   82.65187  11.1%  1044 1187s
   917   934   84.82713   51 1263   93.00000   82.65187  11.1%  1043 1204s
   933   950   84.91981   52 1243   93.00000   82.65187  11.1%  1043 1217s
   949   966   84.97089   53 1223   93.00000   82.65187  11.1%  1043 1244s
   965   982   84.97181   54 1228   93.00000   82.65187  11.1%  1039 1269s
   981   998   85.00484   55 1231   93.00000   82.65187  11.1%  1038 1283s
   997  1014   85.00484   56 1231   93.00000   82.65187  11.1%  1035 1298s
  1013  1031   85.03949   57 1225   93.00000   82.65187  11.1%  1032 1317s
  1030  1061   85.10233   58 1217   93.00000   82.65187  11.1%  1024 1338s
  1060  1113   85.27825   60 1226   93.00000   82.65187  11.1%  1022 1361s
  1112  1216   85.56464   65 1182   93.00000   82.65187  11.1%  1026 1385s
  1215  1279   86.63390   72 1075   93.00000   82.65187  11.1%  1037 1423s
  1278  1391   86.65915   73 1088   93.00000   82.65187  11.1%  1042 1442s
  1390  1529   87.29209   86 1026   93.00000   82.65187  11.1%  1032 1473s
  1528  1545   87.72750   96 1019   93.00000   82.65187  11.1%  1017 1514s
  1544  1561   87.75575   97 1015   93.00000   82.65187  11.1%  1015 1555s
  1560  1577   87.77849   98 1029   93.00000   82.65187  11.1%  1014 1599s
  1576  1644   87.81795   99 1030   93.00000   82.65187  11.1%  1011 1633s
  1643  1660   87.81795  100 1032   93.00000   82.65187  11.1%  1008 1713s
  1659  1685   87.81797  101 1037   93.00000   82.65187  11.1%  1006 1739s
  1684  1733   87.84420  102 1029   93.00000   82.65187  11.1%  1004 1766s
  1732  1785   87.84420  103 1029   93.00000   82.65187  11.1%   999 1848s
  1784  1801   87.87257  104 1029   93.00000   82.65187  11.1%   993 1886s
  1800  1817   87.92653  105 1015   93.00000   82.65187  11.1%   994 1927s
  1816  1833   87.93626  106 1012   93.00000   82.65187  11.1%   991 1962s
  1832  1898   87.97244  107 1023   93.00000   82.65187  11.1%   989 2000s
  1897  1930   87.98620  108 1024   93.00000   82.65187  11.1%   979 2046s
  1939  1946   88.08319  112 1016   93.00000   82.65187  11.1%   973 2088s
  1955  1962   88.09620  113 1017   93.00000   82.65187  11.1%   974 2144s
  1971  1978   88.16710  114 1008   93.00000   82.65187  11.1%   972 2179s
  1987  1994   88.17729  115 1006   93.00000   82.65187  11.1%   971 2229s
  2003  2037   88.22065  116 1006   93.00000   82.65187  11.1%   970 2279s
  2046  2065   88.22274  117 1007   93.00000   82.65187  11.1%   962 2328s
  2074  2078   88.23503  118 1009   93.00000   82.65187  11.1%   955 2372s
  2093  2108   88.26670  119 1014   93.00000   82.65187  11.1%   955 2429s
  2123  2124   88.35734  120  996   93.00000   82.65187  11.1%   956 2490s
  2139  2140   88.39806  121 1004   93.00000   82.65187  11.1%   956 2561s
  2155  2156   88.41971  122 1008   93.00000   82.65187  11.1%   955 2628s
  2171  2174   88.42547  123 1003   93.00000   82.65187  11.1%   953 2723s
  2189  2190   88.42548  124 1003   93.00000   82.65187  11.1%   952 2793s
  2205  2206   88.43808  125 1014   93.00000   82.65187  11.1%   950 2881s
  2221  2222   88.45571  126 1019   93.00000   82.65187  11.1%   950 2955s
  2237  2239   88.47550  127 1015   93.00000   82.65187  11.1%   949 3051s
  2254  2255   88.50261  128 1014   93.00000   82.65187  11.1%   946 3104s
  2270  2326   88.53219  129 1015   93.00000   82.65187  11.1%   946 3151s
  2341  2414   88.55829  130 1024   93.00000   82.65187  11.1%   941 3208s
  2429  2521   88.56794  131 1024   93.00000   82.65187  11.1%   935 3272s
  2550  2535   88.70695  137 1010   93.00000   82.65187  11.1%   924 3345s
  2568  2608   88.73080  138 1019   93.00000   82.65187  11.1%   924 3438s
  2655  2774   88.75234  139 1011   93.00000   82.65187  11.1%   916 3492s
  2837  2881   88.80104  140 1009   93.00000   82.65187  11.1%   904 3570s
  2944  2897   88.81646  141 1016   93.00000   82.65187  11.1%   900 3665s
  2960  2910   88.83649  142 1014   93.00000   82.65187  11.1%   901 3777s
  2979  2926   88.88377  143 1022   93.00000   82.65187  11.1%   901 3900s
  2995  2952   88.94720  144 1015   93.00000   82.65187  11.1%   902 3983s
  3021  3009   88.94798  145 1012   93.00000   82.65187  11.1%   902 4057s
  3078  3100   88.94798  146 1013   93.00000   82.65187  11.1%   902 4139s
  3175  3152   88.94958  147 1019   93.00000   82.65187  11.1%   899 4246s
  3227  3306   88.94958  149 1019   93.00000   82.65187  11.1%   897 4328s
  3381  3359   89.38738  173  998   93.00000   82.65187  11.1%   897 4406s
  3434  3469   89.40515  174 1010   93.00000   82.65187  11.1%   894 4492s
  3556  3485   89.42226  175 1008   93.00000   82.65187  11.1%   889 4636s
  3572  3501   89.45518  176  989   93.00000   82.65187  11.1%   889 4781s
  3588  3553   89.51067  177  994   93.00000   82.65187  11.1%   888 4903s
  3640  3599   89.51067  178  995   93.00000   82.65187  11.1%   885 5023s
  3686  3682   89.51091  179 1000   93.00000   82.65187  11.1%   883 5126s
  3769  3965   89.54106  180  989   93.00000   82.65187  11.1%   881 5226s
  4064  4116   90.82273  209  883   93.00000   82.65187  11.1%   871 5333s
  4215  4344   90.83531  210  883   93.00000   83.48489  10.2%   863 5449s
  4473  4537   90.05260    3 1151   93.00000   83.48489  10.2%   868 5591s
  4735  4538   85.14793   62 1291   93.00000   83.48489  10.2%   859 6162s
  4737  4539   91.86359  174 1077   93.00000   83.48489  10.2%   858 6172s
  4738  4540   85.96970   58 1083   93.00000   83.48489  10.2%   858 6178s
  4739  4541   89.85465   95 1005   93.00000   83.48489  10.2%   858 6181s
  4740  4541   87.33570  123 1005   93.00000   83.48489  10.2%   858 6185s
  4742  4543   90.35737  110 1068   93.00000   83.48489  10.2%   857 6193s
  4743  4543   84.87909   68 1112   93.00000   83.48489  10.2%   857 6196s
  4744  4544   91.28797  206 1129   93.00000   83.48489  10.2%   857 6201s
  4746  4545   84.17603   33 1203   93.00000   83.48489  10.2%   857 6206s
  4747  4546   90.01153  189 1224   93.00000   83.48489  10.2%   856 6210s
  4750  4548   85.78988  103 1278   93.00000   83.48489  10.2%   856 6216s
  4753  4550   91.34329  212 1328   93.00000   83.48489  10.2%   855 6220s
  4756  4552   84.26099   32 1360   93.00000   83.48489  10.2%   855 6228s
  4758  4553   84.98588   52 1387   93.00000   83.48489  10.2%   854 6230s
  4759  4554   90.77460  175 1398   93.00000   83.48489  10.2%   854 6245s
  4760  4555   84.19199   10 1396   93.00000   83.48489  10.2%   854 6262s
  4761  4555   88.48487  153 1413   93.00000   83.48489  10.2%   854 6275s
  4762  4556   86.10628   71 1423   93.00000   83.48489  10.2%   854 6286s
  4763  4557   89.03101  137 1429   93.00000   83.48489  10.2%   853 6299s
  4764  4557   85.17964   42 1429   93.00000   83.48489  10.2%   853 6312s
  4765  4558   84.54365   52 1432   93.00000   83.48489  10.2%   853 6324s
  4766  4559   87.81796  100 1426   93.00000   83.48489  10.2%   853 6334s
  4767  4559   84.41369   44 1426   93.00000   83.48489  10.2%   853 6542s
  4768  4562   83.48489   10 1270   93.00000   83.48489  10.2%   869 6550s
  4769  4564   83.67852   11 1253   93.00000   83.48489  10.2%   870 6557s
  4771  4567   83.71704   12 1237   93.00000   83.48489  10.2%   870 6564s
  4775  4575   83.75218   13 1254   93.00000   83.48489  10.2%   872 6572s
  4784  4588   83.77997   14 1288   93.00000   83.48489  10.2%   878 6582s
  4800  4597   83.85073   15 1291   93.00000   83.50591  10.2%   893 6590s
  4817  4617   83.85747   16 1292   93.00000   83.50601  10.2%   900 6598s
  4842  4646   84.11552   16 1259   93.00000   83.50601  10.2%   904 6604s
  4880  4677   84.15894   17 1253   93.00000   83.50601  10.2%   906 6610s
  4923  4706   84.33243   17 1211   93.00000   83.50601  10.2%   909 6616s
  4967  4727   84.50454   18 1193   93.00000   83.50601  10.2%   911 6621s
  5002  4751   84.37470   18 1217   93.00000   83.50601  10.2%   915 6625s
  5076  4804   84.58003   19 1192   93.00000   83.50601  10.2%   921 6633s
  5116  4833   84.73127   20 1176   93.00000   83.50601  10.2%   923 6635s
  5203  4892   84.93502   21 1131   93.00000   83.50601  10.2%   921 6641s
  5246  4928   85.09012   21 1082   93.00000   83.50601  10.2%   922 6646s
  5316  4958   85.48465   22 1081   93.00000   83.50601  10.2%   921 6652s
  5350  4963   85.52761   23 1076   93.00000   83.50601  10.2%   921 6655s
  5366  4980   85.85989   23 1031   93.00000   83.50601  10.2%   923 6661s
  5412  5019   86.07319   24 1035   93.00000   83.50601  10.2%   925 6667s
  5443  5042   86.16676   25 1029   93.00000   83.50601  10.2%   926 6670s
  5476  5071   86.47893   25 1027   93.00000   83.50601  10.2%   928 6675s
  5558  5126   86.35449   26  993   93.00000   83.50601  10.2%   928 6682s
  5598  5140   86.38090   27 1001   93.00000   83.50601  10.2%   928 6686s
  5642  5158   86.86037   28  955   93.00000   83.50601  10.2%   927 6693s
  5658  5168   86.87802   28  944   93.00000   83.50601  10.2%   927 6696s
  5674  5189   87.00583   29  910   93.00000   83.50601  10.2%   927 6703s
  5700  5196   86.88745   29  939   93.00000   83.50601  10.2%   927 6707s
  5716  5213   87.07810   30  914   93.00000   83.50601  10.2%   926 6714s
  5756  5245   87.20927   30  877   93.00000   83.50601  10.2%   925 6724s
  5823  5287   87.27008   31  889   93.00000   83.50601  10.2%   923 6729s
  5900  5274   87.48271   31  857   93.00000   83.50601  10.2%   922 6733s
  5930  5281   87.52839   32  873   93.00000   83.50601  10.2%   920 6741s
  5975  5294   87.68720   32  832   93.00000   83.50601  10.2%   918 6749s
  6013  5301   87.71847   33  846   93.00000   83.50601  10.2%   916 6755s
  6033  5346   87.92639   33  806   93.00000   83.50601  10.2%   917 6760s
  6085  5418   87.97762   35  788   93.00000   83.50601  10.2%   915 6766s
  6174  5480   88.72103   39  767   93.00000   83.50601  10.2%   909 6773s
  6266  5466   90.02481   44  648   93.00000   83.50601  10.2%   905 6780s
  6282  5568   89.95186   44  662   93.00000   83.50601  10.2%   904 6785s
  6392  5601   91.29663   49  539   93.00000   83.50601  10.2%   899 6802s
  6469  5667   91.59489   53  495   93.00000   83.50601  10.2%   897 6821s
  6563  5722   91.81185   54  480   93.00000   83.50601  10.2%   895 6841s
  6699  5699   84.28011   18 1220   93.00000   83.50601  10.2%   893 6861s
  6724  5753   84.30479   20 1217   93.00000   83.55930  10.2%   893 6879s
  6786  5823   84.30479   21 1217   93.00000   83.55930  10.2%   893 6898s
  6877  5901   84.31690   22 1218   93.00000   83.55930  10.2%   891 6918s
  6995  5910   84.31690   23 1218   93.00000   83.55930  10.2%   887 6934s
  7053  5977   84.33725   24 1210   93.00000   83.55930  10.2%   886 6950s
  7173  6001   84.55176   25 1175   93.00000   83.55930  10.2%   879 6969s
  7281  5981   84.65391   26 1182   93.00000   83.55930  10.2%   875 6986s
  7297  6018   84.67448   27 1187   93.00000   83.55930  10.2%   876 7007s
  7339  6053   84.67448   28 1187   93.00000   83.55930  10.2%   877 7027s
  7388  6081   84.69568   29 1183   93.00000   83.55930  10.2%   876 7093s
  7432  6128   84.82932   35 1200   93.00000   83.55930  10.2%   875 7113s
  7494  6143   85.25765   48 1141   93.00000   83.55930  10.2%   874 7134s
  7530  6201   85.48474   53 1145   93.00000   83.55930  10.2%   873 7154s
  7600  6194   86.31094   68 1026   93.00000   83.55930  10.2%   873 7172s
  7616  6205   86.36506   69 1035   93.00000   83.55930  10.2%   873 7192s
  7632  6215   86.37748   70 1038   93.00000   83.55930  10.2%   872 7208s
  7648  6232   86.40893   71 1036   93.00000   83.55930  10.2%   871 7279s
  7670  6241   86.47537   74 1037   93.00000   83.55930  10.2%   871 7299s
  7686  6253   86.48558   75 1040   93.00000   83.55930  10.2%   871 7319s
  7704  6309   86.48558   76 1040   93.00000   83.55930  10.2%   870 7336s
  7766  6444   86.55716   80 1033   93.00000   83.55930  10.2%   870 7359s
  7921  6533   87.44036  105  990   93.00000   83.55930  10.2%   867 7379s
  8062  6668   88.82133  128  865   93.00000   83.55930  10.2%   866 7424s
  8256  6754   91.61429  165  677   93.00000   83.55930  10.2%   864 7446s
  8459  6752     cutoff  174        93.00000   83.60819  10.1%   861 7470s
  8558  6871   83.91842   18 1265   93.00000   83.60820  10.1%   861 7529s
  8726  6998   84.38411   26 1214   93.00000   83.60820  10.1%   862 7553s
  8923  6954   84.86749   47 1194   93.00000   83.62611  10.1%   860 7602s
  8945  6993   84.89396   48 1197   93.00000   83.62611  10.1%   861 7625s
  8991  7030   85.46059   54 1120   93.00000   83.62611  10.1%   861 7644s
  9044  7047   85.69576   64 1123   93.00000   83.62611  10.1%   861 7711s
  9078  7152   85.73514   65 1133   93.00000   83.62611  10.1%   861 7729s
  9229  7169   85.75930   66 1140   93.00000   83.62611  10.1%   858 7753s
  9310  7425   85.78681   69 1135   93.00000   83.62611  10.1%   856 7776s
  9619  7624   86.86573   94 1080   93.00000   83.62611  10.1%   852 7798s
  9933  7700   88.00862  124 1061   93.00000   83.62611  10.1%   848 7820s
 10138  7743   88.67745  142  999   93.00000   83.62611  10.1%   846 7847s
 10287  7709   88.99723  143  963   93.00000   83.62611  10.1%   844 7882s
 10303  7870   89.00950  144  974   93.00000   83.62611  10.1%   845 7937s
 10469  7985   89.04274  145  985   93.00000   83.62611  10.1%   843 7998s
 10651  8206   89.18094  146  964   93.00000   83.62611  10.1%   842 8075s
 10947  8142   89.18925  147  963   93.00000   83.62611  10.1%   840 8184s
 10982  8165   89.21041  148  973   93.00000   83.62611  10.1%   841 8247s
 11016  8194   89.24985  149  979   93.00000   83.62611  10.1%   841 8288s
 11057  8265   89.30465  150  955   93.00000   83.62611  10.1%   841 8328s
 11153  8303   89.36910  151  957   93.00000   83.62611  10.1%   841 8382s
 11223  8412   89.37491  152  952   93.00000   83.62611  10.1%   843 8424s
 11392  8381   89.39974  153  961   93.00000   83.62611  10.1%   843 8475s
 11417  8480   89.42095  154  948   93.00000   83.62611  10.1%   844 8517s
 11524  8536   89.45495  155  962   93.00000   83.62611  10.1%   844 8561s
 11616  8580   89.45495  156  963   93.00000   83.62611  10.1%   847 8592s
 11691  8660   90.32369  182  898   93.00000   83.62611  10.1%   847 8642s
 11796  8701   91.09525  204  888   93.00000   83.62611  10.1%   847 8677s
 11896  8744   91.51387  214  826   93.00000   83.62611  10.1%   845 8711s
 12000  8777   84.66918   51 1206   93.00000   83.62611  10.1%   844 8748s
 12078  8978   84.67218   52 1215   93.00000   83.62611  10.1%   845 8787s
 12339  9052   84.87685   67 1205   93.00000   83.62611  10.1%   847 8830s
 12522  9217   85.19284   79 1198   93.00000   83.62611  10.1%   847 8880s
 12776  9341   85.37212   82 1165   93.00000   83.62611  10.1%   845 8942s
 12984  9421   86.30771  107 1075   93.00000   83.62611  10.1%   845 8985s
 13134  9605   87.00110  124 1018   93.00000   83.62611  10.1%   843 9032s
 13380  9726   87.28324  141 1018   93.00000   83.62611  10.1%   839 9076s
 13595  9932   87.90760  162  983   93.00000   83.62611  10.1%   837 9121s
 13872 10179   88.43971  182  960   93.00000   83.62611  10.1%   834 9187s
 14280 10068   89.44509  211  920   93.00000   83.62611  10.1%   836 9265s
 14307 10153   89.47216  212  918   93.00000   83.62611  10.1%   837 9337s
 14445 10123   89.47997  213  921   93.00000   83.62611  10.1%   837 9442s
 14477 10183   89.50785  214  916   93.00000   83.62910  10.1%   838 9508s
 14559 10505   89.52948  215  910   93.00000   83.62910  10.1%   839 9570s
 14949 10525   84.53904   56 1278   93.00000   83.62910  10.1%   837 9630s
 15121 10713   84.53989   58 1280   93.00000   83.62910  10.1%   835 9690s
 15380 10919   85.78776   65 1091   93.00000   83.62910  10.1%   837 9750s
 15684 11238   87.52290   75  924   93.00000   83.62910  10.1%   838 9813s
 16131 11507   90.13445   91  762   93.00000   83.62910  10.1%   836 9884s
 16619 11946   85.05138   41 1105   93.00000   83.62910  10.1%   838 9951s
 17266 12419   89.69281  123  776   93.00000   83.62910  10.1%   837 10021s
 18043 12628   84.57010   81 1207   93.00000   83.62910  10.1%   835 10091s
 18563 13219   84.63772   89 1218   93.00000   83.62910  10.1%   835 10163s
 19388 13702   85.17330  109 1189   93.00000   83.62910  10.1%   833 10237s
 19925 14177   85.69994  128 1168   93.00000   83.62910  10.1%   832 10320s
 20419 15067   86.41325  154 1103   93.00000   83.62910  10.1%   830 10420s
 21339 15637   89.41246  236  908   93.00000   83.62910  10.1%   827 10495s
 21939 15968   84.41772   64 1226   93.00000   83.62910  10.1%   825 10577s
 22308 16111   85.04279   77 1133   93.00000   83.62910  10.1%   824 10673s
 22463 17551   85.09976   79 1144   93.00000   83.62910  10.1%   824 10775s
 24029 18228   84.03082   22 1275   93.00000   83.62910  10.1%   821 10858s
 24760 19268   85.87133   32 1088   93.00000   83.62910  10.1%   826 10942s
 25882 19556   87.55795   49  970   93.00000   83.62910  10.1%   832 11066s
 26182 19572   88.87746   59  856   93.00000   83.62910  10.1%   833 11205s
 26198 19694   88.81061   59  864   93.00000   83.62910  10.1%   833 11307s
 26324 19927   91.79246   83  574   93.00000   83.62910  10.1%   833 11458s
 26637 20077   87.71487   97  908   93.00000   83.62910  10.1%   833 11600s
 26787 20185   88.55134  111  863   93.00000   83.62910  10.1%   833 11756s
 26905 20414   88.55296  112  864   93.00000   83.62910  10.1%   833 11911s
 27150 20766   85.01994   39 1145   93.00000   83.62910  10.1%   832 12030s
 27514 21703   85.99689   53 1008   93.00000   83.62910  10.1%   830 12155s
 28505 22796   84.47231   72 1220   93.00000   83.62910  10.1%   827 12286s
 29676 24008   85.57520  118 1187   93.00000   83.62910  10.1%   824 12423s
 30982 24364   87.23333  186 1080   93.00000   83.62910  10.1%   819 12590s
 31386 24677   87.97673  205 1027   93.00000   83.62910  10.1%   821 12753s
 31737 24693   88.07243  206 1038   93.00000   83.62910  10.1%   819 12991s
 31753 24806   88.12182  207 1029   93.00000   83.62910  10.1%   819 13206s
 31866 25480   88.27625  208 1025   93.00000   83.62910  10.1%   819 13413s
 32572 26072   88.29720  209 1019   93.00000   83.62910  10.1%   818 13620s
 33218 26435   89.96819  238  916   93.00000   83.68689  10.0%   818 13825s
 33647 26537   89.99323  239  923   93.00000   83.68689  10.0%   818 14060s
 33749 26926   90.10523  243  910   93.00000   83.68689  10.0%   818 14300s
 34198 27243   85.13568  106 1181   93.00000   83.68689  10.0%   817 14400s

Cutting planes:
  MIR: 1957
  Flow cover: 1136

Explored 34531 nodes (28283575 simplex iterations) in 14400.03 seconds (41818.18 work units)
Thread count was 32 (of 32 available processors)

Solution count 6: 93 94 95 ... 166

Time limit reached
Best objective 9.300000000000e+01, best bound 8.400000000000e+01, gap 9.6774%

User-callback calls 4550937, time in user-callback 9.98 sec
