
Gurobi 13.0.2 (linux64) logging started Sat Jul 18 10:13:18 2026

Set parameter LogFile to value "/tmp/sweep_20260716_013919_north-korea_alt400km_s50_i1_v5_gurobi.log"
Set parameter Method to value 1
Set parameter NodefileStart to value 4
Set parameter RINS to value 50
Gurobi Optimizer version 13.0.2 build v13.0.2rc1 (linux64 - "Debian GNU/Linux 13 (trixie)")

CPU model: Intel(R) Xeon(R) Platinum 8375C CPU @ 2.90GHz, instruction set [SSE2|AVX|AVX2|AVX512]
Thread count: 16 physical cores, 32 logical processors, using up to 32 threads

Non-default parameters:
TimeLimit  14400
MIPGap  0.001
Method  1
LPWarmStart  1
Heuristics  0.2
MIPFocus  1
NodefileStart  4
RINS  50
Symmetry  2
Cuts  2
CoverCuts  2
LogToConsole  0

Academic license 2812613 - for non-commercial use only - registered to no___@gatech.edu
Optimize a model with 2872 rows, 35900 columns and 551424 nonzeros (Min)
Model fingerprint: 0xc0f69fca
Model has 35900 linear objective coefficients
Variable types: 0 continuous, 35900 integer (35900 binary)
Coefficient statistics:
  Matrix range     [1e+00, 1e+00]
  Objective range  [1e+00, 1e+00]
  Bounds range     [1e+00, 1e+00]
  RHS range        [5e+01, 5e+01]

Found heuristic solution: objective 14143.000000
Presolve removed 0 rows and 2872 columns
Presolve time: 0.80s
Presolved: 2872 rows, 33028 columns, 519832 nonzeros
Variable types: 0 continuous, 33028 integer (31592 binary)

Root simplex log...

Iteration    Objective       Primal Inf.    Dual Inf.      Time
    6512    6.2374365e+03   6.181066e+04   0.000000e+00      5s
   10152    6.3287161e+03   1.666443e+04   0.000000e+00     10s
   12992    6.3630440e+03   1.163933e+04   0.000000e+00     15s
   15322    6.3801272e+03   9.705951e+03   0.000000e+00     20s
   17342    6.3912775e+03   1.213780e+04   0.000000e+00     25s
   19122    6.3972865e+03   6.334124e+04   0.000000e+00     30s
   20762    6.4015057e+03   5.182529e+03   0.000000e+00     35s
   22292    6.4044435e+03   4.137793e+03   0.000000e+00     40s
   23712    6.4064743e+03   3.476671e+03   0.000000e+00     45s
   25062    6.4080915e+03   4.653571e+03   0.000000e+00     50s
   26332    6.4096086e+03   6.125606e+03   0.000000e+00     55s
   27532    6.4108123e+03   3.788872e+03   0.000000e+00     60s
   28652    6.4118082e+03   1.843692e+04   0.000000e+00     65s
   29822    6.4126543e+03   6.355545e+03   0.000000e+00     70s
   30962    6.4134131e+03   2.950283e+03   0.000000e+00     75s
   32042    6.4139993e+03   5.193228e+03   0.000000e+00     80s
   33122    6.4146143e+03   1.375339e+04   0.000000e+00     85s
   34192    6.4151472e+03   1.129065e+04   0.000000e+00     90s
   35232    6.4154334e+03   4.782070e+03   0.000000e+00     95s
   36282    6.4156683e+03   9.291741e+03   0.000000e+00    100s
   37312    6.4158415e+03   2.657429e+03   0.000000e+00    105s
   38282    6.4159589e+03   8.177810e+03   0.000000e+00    110s
   39322    6.4160599e+03   3.490925e+03   0.000000e+00    115s
   40322    6.4161177e+03   6.993779e+03   0.000000e+00    120s
   41292    6.4161619e+03   8.244936e+03   0.000000e+00    125s
   42262    6.4162083e+03   4.071621e+03   0.000000e+00    130s
   43192    6.4162371e+03   7.336591e+03   0.000000e+00    135s
   44122    6.4162564e+03   5.072615e+03   0.000000e+00    140s
   45032    6.4162957e+03   1.806545e+04   0.000000e+00    145s
   45872    6.4163624e+03   3.438494e+03   0.000000e+00    150s
   46762    6.4164005e+03   3.107481e+04   0.000000e+00    155s
Warning: Markowitz tolerance tightened to 0.03125
   47662    6.4164524e+03   3.630974e+04   0.000000e+00    160s
   48522    6.4165069e+03   8.480465e+03   0.000000e+00    165s
   49342    6.4165470e+03   4.068660e+03   0.000000e+00    170s
   50202    6.4165767e+03   1.264213e+04   0.000000e+00    175s
   51002    6.4165985e+03   1.015839e+04   0.000000e+00    180s
   51802    6.4166143e+03   8.252445e+03   0.000000e+00    185s
   52612    6.4166435e+03   1.122750e+04   0.000000e+00    190s
   53372    6.4166789e+03   1.902106e+03   0.000000e+00    195s
   54132    6.4167050e+03   3.662358e+03   0.000000e+00    200s
   54892    6.4167277e+03   2.874254e+04   0.000000e+00    205s
   55652    6.4167661e+03   2.079292e+04   0.000000e+00    210s
   56372    6.4168440e+03   1.736600e+04   0.000000e+00    215s
Warning: Markowitz tolerance tightened to 0.0625
   57112    6.4171327e+03   1.245457e+05   0.000000e+00    220s
   57832    6.4171339e+03   4.835814e+05   0.000000e+00    225s
   58552    6.4171345e+03   8.661693e+04   0.000000e+00    230s
   59312    6.4171347e+03   1.204207e+04   0.000000e+00    235s
   60032    6.4171348e+03   7.970572e+04   0.000000e+00    240s
   60792    6.4171349e+03   1.798990e+04   0.000000e+00    245s
   61512    6.4171350e+03   3.700285e+03   0.000000e+00    250s
   62282    6.4171350e+03   3.909999e+03   0.000000e+00    255s
   63042    6.4171350e+03   3.137714e+03   0.000000e+00    260s
   63832    6.4171351e+03   1.054723e+03   0.000000e+00    265s
   64722    6.4171351e+03   8.310591e+02   0.000000e+00    270s
   65712    6.4171351e+03   1.344067e+03   0.000000e+00    276s
   66319    6.4171250e+03   0.000000e+00   0.000000e+00    279s

Root relaxation: objective 6.417125e+03, 66319 iterations, 277.94 seconds (563.51 work units)

    Nodes    |    Current Node    |     Objective Bounds      |     Work
 Expl Unexpl |  Obj  Depth IntInf | Incumbent    BestBd   Gap | It/Node Time

     0     0 6417.12500    0 2868 14143.0000 6417.12500  54.6%     -  355s
H    0     0                    8612.0000000 6417.12500  25.5%     -  355s
H    0     0                    8363.0000000 6417.12500  23.3%     -  355s
H    0     0                    6845.0000000 6417.12500  6.25%     -  355s
H    0     0                    6727.0000000 6417.12500  4.61%     -  357s
H    0     0                    6641.0000000 6417.12500  3.37%     -  357s
H    0     0                    6626.0000000 6417.12500  3.15%     -  357s
H    0     0                    6605.0000000 6417.12500  2.84%     -  357s
H    0     0                    6572.0000000 6417.12500  2.36%     -  357s
H    0     0                    6566.0000000 6417.12500  2.27%     -  357s
H    0     0                    6563.0000000 6417.12500  2.22%     -  357s
H    0     0                    6562.0000000 6417.12500  2.21%     -  357s
H    0     0                    6554.0000000 6417.12500  2.09%     -  359s
H    0     0                    6553.0000000 6417.12500  2.07%     -  359s
H    0     0                    6552.0000000 6417.12500  2.06%     -  360s
H    0     0                    6551.0000000 6417.12500  2.04%     -  360s
H    0     0                    6550.0000000 6417.12500  2.03%     -  361s
H    0     0                    6549.0000000 6417.12500  2.01%     -  362s
H    0     0                    6548.0000000 6417.12500  2.00%     -  365s
H    0     0                    6547.0000000 6417.12500  1.98%     -  365s
H    0     0                    6546.0000000 6417.12500  1.97%     -  367s
H    0     0                    6545.0000000 6417.12500  1.95%     -  367s
H    0     0                    6544.0000000 6417.12500  1.94%     -  368s
H    0     0                    6543.0000000 6417.12500  1.92%     -  368s
H    0     0                    6542.0000000 6417.12500  1.91%     -  374s
H    0     0                    6541.0000000 6417.12500  1.89%     -  374s
H    0     0                    6540.0000000 6417.12500  1.88%     -  380s
H    0     0                    6539.0000000 6417.12500  1.86%     -  380s
H    0     0                    6538.0000000 6417.12500  1.85%     -  380s
H    0     0                    6537.0000000 6417.12500  1.83%     -  386s
H    0     0                    6536.0000000 6417.12500  1.82%     -  386s
H    0     0                    6535.0000000 6417.12500  1.80%     -  405s
H    0     0                    6523.0000000 6417.12500  1.62%     -  405s
H    0     0                    6519.0000000 6417.12500  1.56%     -  408s
H    0     0                    6518.0000000 6417.12500  1.55%     -  408s
H    0     0                    6513.0000000 6417.12500  1.47%     -  409s
H    0     0                    6512.0000000 6417.12500  1.46%     -  412s
H    0     0                    6508.0000000 6417.12500  1.40%     -  412s
H    0     0                    6504.0000000 6417.12500  1.34%     -  413s
H    0     0                    6501.0000000 6417.12500  1.29%     -  414s
H    0     0                    6500.0000000 6417.12500  1.28%     -  417s
H    0     0                    6498.0000000 6417.12500  1.24%     -  417s
H    0     0                    6497.0000000 6417.12500  1.23%     -  419s
H    0     0                    6495.0000000 6417.12500  1.20%     -  419s
H    0     0                    6494.0000000 6417.12500  1.18%     -  422s
H    0     0                    6493.0000000 6417.12500  1.17%     -  425s
H    0     0                    6492.0000000 6417.12500  1.15%     -  425s
H    0     0                    6491.0000000 6417.12500  1.14%     -  429s
H    0     0                    6490.0000000 6417.12500  1.12%     -  429s
H    0     0                    6488.0000000 6417.12500  1.09%     -  433s
H    0     0                    6487.0000000 6417.12500  1.08%     -  439s
H    0     0                    6486.0000000 6417.12500  1.06%     -  442s
H    0     0                    6485.0000000 6417.12500  1.05%     -  455s
H    0     0                    6484.0000000 6417.12500  1.03%     -  458s
     0     0 6417.12500    0 2868 6484.00000 6417.12500  1.03%     -  672s
     0     0 6417.12500    0 2868 6484.00000 6417.12500  1.03%     -  781s
H    0     0                    6483.0000000 6417.12500  1.02%     - 1393s
H    0     0                    6482.0000000 6417.12500  1.00%     - 1400s
H    0     0                    6481.0000000 6417.12500  0.99%     - 1421s
H    0     0                    6480.0000000 6417.12500  0.97%     - 1538s
H    0     0                    6479.0000000 6417.12500  0.96%     - 1586s
H    0     0                    6478.0000000 6417.12500  0.94%     - 1843s
H    0     0                    6477.0000000 6417.12500  0.92%     - 1934s
     0     2 6417.12500    0 2868 6477.00000 6417.12500  0.92%     - 2135s
     1     3 6417.12500    1 2871 6477.00000 6417.12500  0.92%  2741 2475s
     2     6 6417.12500    2 2871 6477.00000 6417.12500  0.92%  2438 3300s
H    5    10                    6476.0000000 6417.12500  0.91% 58642 6331s
*    7    10               2    6462.0000000 6417.12500  0.69% 44120 6331s
     8    10 6417.12500    3 2871 6462.00000 6417.12500  0.69% 38832 6336s
     9    10 6417.12500    3 2871 6462.00000 6417.12500  0.69% 34795 6341s
    11    16 6417.12500    4 2871 6462.00000 6417.12500  0.69% 30026 6683s
    13    16 6417.12500    4 2871 6462.00000 6417.12500  0.69% 28042 6688s
    18    16 6417.12500    4 2871 6462.00000 6417.12500  0.69% 23818 6698s
    20    32 6417.12500    5 2871 6462.00000 6417.12500  0.69% 22293 6817s
    25    32 6417.12500    5 2870 6462.00000 6417.12500  0.69% 18084 6822s
    36    48 6417.12500    6 2871 6462.00000 6417.12500  0.69% 12877 7198s
    52    64 6417.12500    7 2871 6462.00000 6417.12500  0.69%  9255 7747s
    68   144 6417.12500    7 2870 6462.00000 6417.12500  0.69%  7323 8974s
   149   145 6417.12500    9 2868 6462.00000 6417.12500  0.69%  4884 11224s
   151   146 6417.12500   13 2868 6462.00000 6417.12500  0.69%  4820 11968s
   152   147 6417.12500   11 2868 6462.00000 6417.12500  0.69%  4788 12214s

Explored 152 nodes (955853 simplex iterations) in 14400.38 seconds (34829.23 work units)
Thread count was 32 (of 32 available processors)

Solution count 10: 6462 6476 6477 ... 6484

Time limit reached
Best objective 6.462000000000e+03, best bound 6.418000000000e+03, gap 0.6809%

User-callback calls 1731751, time in user-callback 6.93 sec
