
Gurobi 13.0.2 (linux64) logging started Sun Jun 28 00:15:47 2026

Set parameter LogFile to value "/tmp/sweep_20260626_235454_china_alt550km_s10_i1_v6_gurobi.log"
Set parameter Method to value 1
Set parameter NodefileStart to value 4
Set parameter RINS to value 50
Gurobi Optimizer version 13.0.2 build v13.0.2rc1 (linux64 - "Debian GNU/Linux 13 (trixie)")

CPU model: Intel(R) Xeon(R) Platinum 8375C CPU @ 2.90GHz, instruction set [SSE2|AVX|AVX2|AVX512]
Thread count: 16 physical cores, 32 logical processors, using up to 32 threads

Non-default parameters:
TimeLimit  10800
MIPGap  0.01
Method  1
LPWarmStart  1
Heuristics  0.2
MIPFocus  1
NodefileStart  4
RINS  50
Symmetry  2
Cuts  2
CoverCuts  2
LogToConsole  0

Academic license 2812613 - for non-commercial use only - registered to no___@gatech.edu
Optimize a model with 196014 rows, 17950 columns and 16974238 nonzeros (Min)
Model fingerprint: 0xf72cad4d
Model has 17950 linear objective coefficients
Variable types: 0 continuous, 17950 integer (17950 binary)
Coefficient statistics:
  Matrix range     [1e+00, 1e+00]
  Objective range  [1e+00, 1e+00]
  Bounds range     [1e+00, 1e+00]
  RHS range        [1e+01, 1e+01]

Found heuristic solution: objective 3590.0000000
Presolve removed 0 rows and 0 columns (presolve time = 5s)...
Presolve removed 0 rows and 0 columns (presolve time = 10s)...
Presolve removed 0 rows and 0 columns (presolve time = 15s)...
Presolve removed 0 rows and 0 columns (presolve time = 20s)...
Presolve removed 0 rows and 0 columns (presolve time = 25s)...
Presolve removed 0 rows and 0 columns (presolve time = 30s)...
Presolve time: 34.93s
Presolved: 196014 rows, 17950 columns, 16974238 nonzeros
Variable types: 0 continuous, 17950 integer (17950 binary)

Root simplex log...

Iteration    Objective       Primal Inf.    Dual Inf.      Time
       0   -0.0000000e+00   0.000000e+00   2.770000e+03     42s
      89    2.6608045e+03   0.000000e+00   0.000000e+00     42s
      89    2.6608045e+03   0.000000e+00   0.000000e+00     42s

Use crossover to convert LP symmetric solution to basic solution...

Root crossover log...

  189868 variables added to crossover basis                       50s
  191068 variables added to crossover basis                       55s
  192238 variables added to crossover basis                       60s
  193258 variables added to crossover basis                       65s
  193978 variables added to crossover basis                       70s
  194548 variables added to crossover basis                       75s
  195088 variables added to crossover basis                       80s
  195568 variables added to crossover basis                       85s

       0 DPushes remaining with DInf 0.0000000e+00               104s

       0 PPushes remaining with PInf 0.0000000e+00               105s

  Push phase complete: Pinf 0.0000000e+00, Dinf 4.1195939e-09    105s


Root simplex log...

Iteration    Objective       Primal Inf.    Dual Inf.      Time
      92    2.6608045e+03   0.000000e+00   0.000000e+00    114s
Crossover time: 71.95 seconds (125.28 work units)

Root relaxation: objective 2.660804e+03, 92 iterations, 78.00 seconds (131.22 work units)

    Nodes    |    Current Node    |     Objective Bounds      |     Work
 Expl Unexpl |  Obj  Depth IntInf | Incumbent    BestBd   Gap | It/Node Time

     0     0 2660.80446    0 12206 3590.00000 2660.80446  25.9%     -  134s
H    0     0                    3563.0000000 2660.80446  25.3%     -  136s
H    0     0                    3530.0000000 2660.80446  24.6%     -  137s
H    0     0                    3515.0000000 2660.80446  24.3%     -  137s
H    0     0                    3514.0000000 2660.80446  24.3%     -  137s
H    0     0                    3512.0000000 2660.80446  24.2%     -  137s
H    0     0                    3510.0000000 2660.80446  24.2%     -  137s
H    0     0                    3509.0000000 2660.80446  24.2%     -  137s
H    0     0                    3507.0000000 2660.80446  24.1%     -  137s
H    0     0                    3506.0000000 2660.80446  24.1%     -  137s
H    0     0                    3505.0000000 2660.80446  24.1%     -  137s
H    0     0                    3504.0000000 2660.80446  24.1%     -  138s
H    0     0                    3503.0000000 2660.80446  24.0%     -  144s
H    0     0                    3495.0000000 2660.80446  23.9%     -  144s
H    0     0                    3491.0000000 2660.80446  23.8%     -  144s
H    0     0                    3485.0000000 2660.80446  23.6%     -  144s
H    0     0                    3481.0000000 2660.80446  23.6%     -  147s
H    0     0                    3480.0000000 2660.80446  23.5%     -  147s
H    0     0                    3478.0000000 2660.80446  23.5%     -  150s
H    0     0                    3477.0000000 2660.80446  23.5%     -  152s
H    0     0                    3476.0000000 2660.80446  23.5%     -  154s
H    0     0                    3472.0000000 2660.80446  23.4%     -  157s
H    0     0                    3471.0000000 2660.80446  23.3%     -  160s
H    0     0                    3467.0000000 2660.80446  23.3%     -  167s
H    0     0                    3466.0000000 2660.80446  23.2%     -  191s
H    0     0                    3465.0000000 2660.80446  23.2%     -  198s
H    0     0                    3464.0000000 2660.80446  23.2%     -  234s
H    0     0                    3462.0000000 2660.80446  23.1%     -  234s
     0     0 2660.80446    0 12206 3462.00000 2660.80446  23.1%     - 1018s
H    0     0                    3461.0000000 2660.80446  23.1%     - 2831s
H    0     0                    3453.0000000 2660.80446  22.9%     - 2831s
H    0     0                    3452.0000000 2660.80446  22.9%     - 2831s
H    0     0                    3447.0000000 2660.80446  22.8%     - 2831s
H    0     0                    3445.0000000 2660.80446  22.8%     - 2831s
H    0     0                    3444.0000000 2660.80446  22.7%     - 2833s
H    0     0                    3437.0000000 2660.80446  22.6%     - 2838s
H    0     2                    3418.0000000 2660.80446  22.2%     - 2939s
     0     2 2660.80446    0 12206 3418.00000 2660.80446  22.2%     - 2939s

Explored 1 nodes (92 simplex iterations) in 10805.13 seconds (42990.69 work units)
Thread count was 32 (of 32 available processors)

Solution count 10: 3418 3437 3444 ... 3464

Time limit reached
Best objective 3.418000000000e+03, best bound 2.661000000000e+03, gap 22.1475%

User-callback calls 93087, time in user-callback 0.42 sec
