
Gurobi 13.0.2 (linux64) logging started Thu Jul 16 06:37:00 2026

Set parameter LogFile to value "/tmp/sweep_20260716_013919_north-korea_alt260km_s10_i4_v4_gurobi.log"
Set parameter Method to value 1
Set parameter NodefileStart to value 4
Set parameter RINS to value 50
Gurobi Optimizer version 13.0.2 build v13.0.2rc1 (linux64 - "Debian GNU/Linux 13 (trixie)")

CPU model: Intel(R) Xeon(R) Platinum 8375C CPU @ 2.90GHz, instruction set [SSE2|AVX|AVX2|AVX512]
Thread count: 16 physical cores, 32 logical processors, using up to 32 threads

Non-default parameters:
TimeLimit  14400
MIPGap  0.001
Method  1
LPWarmStart  1
Heuristics  0.2
MIPFocus  1
NodefileStart  4
RINS  50
Symmetry  2
Cuts  2
CoverCuts  2
LogToConsole  0

Academic license 2812613 - for non-commercial use only - registered to no___@gatech.edu
Optimize a model with 1436 rows, 7180 columns and 63184 nonzeros (Min)
Model fingerprint: 0xd6c2751d
Model has 7180 linear objective coefficients
Variable types: 0 continuous, 7180 integer (7180 binary)
Coefficient statistics:
  Matrix range     [1e+00, 1e+00]
  Objective range  [1e+00, 1e+00]
  Bounds range     [1e+00, 1e+00]
  RHS range        [3e+00, 3e+00]

Found heuristic solution: objective 718.0000000
Presolve removed 0 rows and 718 columns
Presolve time: 0.04s
Presolved: 1436 rows, 6462 columns, 56004 nonzeros
Variable types: 0 continuous, 6462 integer (5744 binary)

Root relaxation: objective 3.916364e+02, 9828 iterations, 3.37 seconds (6.37 work units)

    Nodes    |    Current Node    |     Objective Bounds      |     Work
 Expl Unexpl |  Obj  Depth IntInf | Incumbent    BestBd   Gap | It/Node Time

     0     0  391.63636    0 1436  718.00000  391.63636  45.5%     -    3s
H    0     0                     717.0000000  391.63636  45.4%     -    3s
H    0     0                     527.0000000  391.63636  25.7%     -    3s
H    0     0                     525.0000000  391.63636  25.4%     -    3s
H    0     0                     524.0000000  391.63636  25.3%     -    3s
H    0     0                     501.0000000  391.63636  21.8%     -    3s
H    0     0                     500.0000000  391.63636  21.7%     -    3s
H    0     0                     484.0000000  391.63636  19.1%     -    3s
H    0     0                     482.0000000  391.63636  18.7%     -    3s
H    0     0                     480.0000000  391.63636  18.4%     -    3s
H    0     0                     467.0000000  391.63636  16.1%     -    4s
H    0     0                     465.0000000  391.63636  15.8%     -    4s
H    0     0                     463.0000000  391.63636  15.4%     -    4s
H    0     0                     462.0000000  391.63636  15.2%     -    4s
H    0     0                     460.0000000  391.63636  14.9%     -    4s
H    0     0                     459.0000000  391.63636  14.7%     -    4s
H    0     0                     458.0000000  391.63636  14.5%     -    4s
H    0     0                     457.0000000  391.63636  14.3%     -    4s
H    0     0                     456.0000000  391.63636  14.1%     -    4s
H    0     0                     453.0000000  391.63636  13.5%     -    4s
H    0     0                     452.0000000  391.63636  13.4%     -    4s
H    0     0                     451.0000000  391.63636  13.2%     -    6s
H    0     0                     450.0000000  391.63636  13.0%     -    6s
H    0     0                     444.0000000  391.63636  11.8%     -    6s
H    0     0                     443.0000000  391.63636  11.6%     -    6s
H    0     0                     440.0000000  391.63636  11.0%     -    6s
     0     0  391.72712    0 1436  440.00000  391.72712  11.0%     -    8s
H    0     0                     439.0000000  391.72712  10.8%     -   15s
H    0     0                     438.0000000  391.72712  10.6%     -   16s
H    0     0                     437.0000000  391.72712  10.4%     -   16s
H    0     0                     436.0000000  391.72712  10.2%     -   16s
H    0     0                     435.0000000  391.72712  9.95%     -   16s
     0     2  391.72712    0 1436  435.00000  391.72712  9.95%     -   17s
     1     3  391.79901    1 1430  435.00000  391.72712  9.95%  17.0   21s
     2     6  391.87618    2 1431  435.00000  391.72712  9.95%  23.0   26s
H    3     6                     434.0000000  391.72712  9.74%  15.3   26s
     5    11  391.90930    3 1432  434.00000  391.84644  9.71%  1843   32s
H    6    11                     433.0000000  391.84644  9.50%  1536   32s
H   10    20                     431.0000000  391.86265  9.08%  1001   38s
    21    36  391.96873    5 1429  431.00000  391.89491  9.07%   512   45s
    37    52  391.99931    6 1427  431.00000  391.92275  9.07%   312   51s
    53    68  392.02050    7 1428  431.00000  391.92275  9.07%   232   56s
H   57    68                     430.0000000  391.92275  8.86%   217   56s
    69    84  392.10878    7 1425  430.00000  391.92275  8.86%   190   60s
H   93   100                     429.0000000  391.92275  8.64%   156   64s
   101   116  392.20086    8 1421  429.00000  391.92275  8.64%   151   68s
   117   132  392.27332    9 1417  429.00000  391.92275  8.64%   142   71s
   133   148  392.29541   10 1416  429.00000  391.92275  8.64%   135   75s
   165   180  392.42422   12 1414  429.00000  391.92275  8.64%   129   84s
H  178   180                     428.0000000  391.92275  8.43%   127   84s
   181   260  392.48340   13 1412  428.00000  391.92275  8.43%   127   87s
H  423   441                     427.0000000  391.92275  8.21%   154   89s
   442   487  393.35599   25 1385  427.00000  391.92275  8.21%   159   90s
H  445   487                     426.0000000  391.92275  8.00%   159   90s
   504   519  393.48763   27 1374  426.00000  391.92275  8.00%   170   98s
   520   535  393.58341   28 1366  426.00000  391.92275  8.00%   174  104s
   536   551  393.68178   29 1371  426.00000  391.92275  8.00%   177  109s
   552   567  393.72054   30 1370  426.00000  391.92275  8.00%   180  115s
   568   583  393.77186   30 1361  426.00000  391.92275  8.00%   184  120s
   584   599  393.82459   31 1365  426.00000  391.92275  8.00%   188  126s
   600   615  393.86098   31 1357  426.00000  391.92275  8.00%   190  132s
   616   631  393.94146   32 1360  426.00000  391.92275  8.00%   193  138s
   632   647  393.97651   33 1358  426.00000  391.92275  8.00%   196  144s
   648   663  394.05788   34 1357  426.00000  391.92275  8.00%   200  151s
   664   679  394.11719   35 1351  426.00000  391.92275  8.00%   203  157s
   680   695  394.13148   35 1347  426.00000  391.92275  8.00%   206  165s
H  688   695                     425.0000000  391.92275  7.78%   207  165s
   776   791  394.45967   40 1337  425.00000  391.92275  7.78%   223  173s
   792   807  394.51554   41 1332  425.00000  391.92275  7.78%   225  178s
   808   823  394.54814   42 1329  425.00000  391.92275  7.78%   228  183s
   824   839  394.58945   43 1328  425.00000  391.92275  7.78%   232  188s
   840   855  394.61679   44 1329  425.00000  391.92275  7.78%   235  193s
   856   871  394.67949   44 1322  425.00000  391.92275  7.78%   237  199s
   872   887  394.73829   45 1322  425.00000  391.92275  7.78%   240  204s
   888   903  394.82293   45 1323  425.00000  391.92275  7.78%   243  210s
   904   919  394.88890   46 1325  425.00000  391.92275  7.78%   246  215s
   920   935  394.97810   47 1317  425.00000  391.92275  7.78%   248  221s
   936   951  395.04914   48 1311  425.00000  391.92275  7.78%   250  226s
   952   967  395.11920   49 1311  425.00000  391.92275  7.78%   252  232s
   968   983  395.15773   49 1307  425.00000  391.92275  7.78%   254  238s
   984   999  395.19297   50 1310  425.00000  391.92275  7.78%   257  244s
  1000  1015  395.32251   50 1302  425.00000  391.92275  7.78%   259  250s
  1016  1031  395.39493   51 1302  425.00000  391.92275  7.78%   260  257s
  1032  1047  395.43329   52 1303  425.00000  391.92275  7.78%   263  263s
H 1048  1063                     424.0000000  391.92275  7.57%   265  273s
  1064  1287  395.55940   53 1290  424.00000  391.92275  7.57%   268  276s
  1288  1304  396.27186   63 1264  424.00000  391.92275  7.57%   297  281s
H 1298  1304                     423.0000000  391.92275  7.35%   298  281s
  1305  1334  396.35508   64 1268  423.00000  391.92275  7.35%   299  286s
H 1319  1334                     422.0000000  391.92275  7.13%   299  286s
  1335  1589  396.38877   65 1265  422.00000  391.92275  7.13%   300  292s
  1590  1629  397.06792   77 1229  422.00000  391.92275  7.13%   326  297s
  1630  1661  397.08323   77 1229  422.00000  391.92275  7.13%   328  302s
  1662  1677  397.15781   78 1227  422.00000  391.92275  7.13%   331  309s
  1678  1703  397.20051   78 1221  422.00000  391.92275  7.13%   332  316s
  1704  1719  397.24301   79 1220  422.00000  391.92275  7.13%   334  326s
  1720  1735  397.28883   79 1213  422.00000  391.92275  7.13%   335  336s
  1736  1751  397.35117   80 1212  422.00000  391.92275  7.13%   336  346s
  1752  1767  397.38259   81 1212  422.00000  391.92275  7.13%   337  354s
  1768  1783  397.45325   81 1213  422.00000  391.92275  7.13%   338  363s
  1784  1799  397.50910   82 1213  422.00000  391.92275  7.13%   340  369s
H 1800  1815                     421.0000000  391.92275  6.91%   340  376s
  1816  1831  397.57834   83 1199  421.00000  391.92275  6.91%   341  384s
H 1819  1831                     420.0000000  391.92275  6.69%   341  384s
  1832  1878  397.60750   84 1208  420.00000  391.92275  6.69%   342  391s
  1879  1911  397.74669   86 1202  420.00000  391.92275  6.69%   345  397s
H 1885  1911                     419.0000000  391.92275  6.46%   346  397s
  1912  1936  397.87986   87 1199  419.00000  391.92275  6.46%   348  407s
  1937  1952  397.88796   88 1196  419.00000  391.92275  6.46%   349  416s
  1953  1968  397.99526   88 1196  419.00000  391.92275  6.46%   350  425s
H 1957  1968                     418.0000000  391.92275  6.24%   350  425s
  1969  2080  398.05798   89 1196  418.00000  391.92275  6.24%   350  431s
  2081  2096  398.34757   93 1180  418.00000  391.92275  6.24%   356  438s
  2097  2112  398.32177   94 1191  418.00000  391.92275  6.24%   358  447s
  2113  2128  398.35712   95 1182  418.00000  391.92275  6.24%   358  455s
  2129  2144  398.40707   95 1190  418.00000  391.92275  6.24%   358  462s
  2145  2168  398.45856   96 1189  418.00000  391.92275  6.24%   358  471s
  2169  2224  398.58858   97 1185  418.00000  391.92275  6.24%   359  481s
  2225  2560  398.57781   98 1181  418.00000  391.92275  6.24%   361  488s
  2561  2723  399.89410  117 1128  418.00000  391.92275  6.24%   376  498s
  2724  2863  399.95653  117 1128  418.00000  391.92275  6.24%   381  507s
  2870  2879  400.05710  118 1128  418.00000  391.92275  6.24%   382  519s
  2886  2895  400.01354  118 1134  418.00000  391.92275  6.24%   383  532s
  2902  2945  400.05403  119 1125  418.00000  391.92275  6.24%   383  541s
  2952  3009  400.13099  120 1126  418.00000  391.92275  6.24%   385  552s
  3016  3130  400.38484  125 1112  418.00000  391.92275  6.24%   386  562s
  3137  3251  400.43883  126 1123  418.00000  391.92275  6.24%   388  574s
  3258  3488  400.80219  130 1111  418.00000  391.92275  6.24%   391  585s
  3495  3504  402.85841  155 1038  418.00000  391.92275  6.24%   397  599s
  3511  3639  402.89361  156 1033  418.00000  391.92275  6.24%   397  608s
  3646  3711  402.91823  157 1041  418.00000  391.92275  6.24%   397  620s
  3718  3759  403.29655  161 1015  418.00000  391.92275  6.24%   398  632s
  3766  3775  403.35409  162 1008  418.00000  391.92275  6.24%   399  645s
  3782  3920  403.39167  163 1017  418.00000  391.92275  6.24%   399  658s
  3931  4014  404.47807  177  974  418.00000  391.92275  6.24%   401  673s
  4029  4030  404.61210  177  955  418.00000  391.95391  6.23%   402  686s
  4045  4046  404.73297  178  957  418.00000  391.95391  6.23%   402  700s
H 4050  4022                     417.0000000  391.95391  6.01%   402  700s
  4061  4038  404.67886  178  968  417.00000  391.95391  6.01%   402  719s
  4077  4062  404.72305  179  965  417.00000  391.95391  6.01%   402  735s
  4101  4705  404.74795  179  966  417.00000  391.95391  6.01%   402  748s
  4744  4757  406.68121  208  910  417.00000  391.95391  6.01%   405  762s
  4796  4777  406.73479  209  910  417.00000  391.95391  6.01%   405  775s
  4816  5093  406.79642  210  917  417.00000  391.95391  6.01%   405  789s
  5132  5235  408.54880  232  837  417.00000  391.95391  6.01%   407  803s
  5274  5421  408.58805  233  820  417.00000  391.95391  6.01%   407  817s
  5460  5709  409.53244  251  831  417.00000  391.95391  6.01%   408  830s
  5748  5745  409.63216  252  845  417.00000  391.95391  6.01%   408  847s
  5784  5809  409.67180  253  849  417.00000  391.95391  6.01%   408  864s
  5848  5851  410.44182  263  821  417.00000  391.95391  6.01%   408  879s
  5890  5928  410.62016  265  792  417.00000  391.95391  6.01%   408  894s
  5967  6279  410.64511  265  788  417.00000  391.95391  6.01%   408  910s
  6324  6555  412.37446  288  742  417.00000  391.95391  6.01%   407  928s
  6600  6571  412.39862  289  721  417.00000  391.95391  6.01%   407  944s
  6616  6893  412.45479  290  705  417.00000  391.95391  6.01%   407  963s
  6950  6909  414.34499  310  610  417.00000  391.95391  6.01%   405  982s
  6966  6925  414.41584  311  592  417.00000  391.95391  6.01%   405 1003s
  6982  7000  414.46917  312  580  417.00000  391.95391  6.01%   405 1026s
  7057  7514  414.47385  313  579  417.00000  391.95566  6.01%   405 1046s
  7589  7601  392.48473   23 1419  417.00000  391.95566  6.01%   401 1069s
  7682  7841  392.53127   24 1422  417.00000  391.95566  6.01%   400 1089s
  7928  8123  392.56071   25 1417  417.00000  391.95566  6.01%   398 1112s
  8246  8167  392.60064   26 1419  417.00000  391.98134  6.00%   393 1134s
  8298  8221  392.86502   31 1409  417.00000  391.98134  6.00%   393 1157s
  8368  8237  392.90481   32 1409  417.00000  391.98134  6.00%   392 1184s
  8384  8402  392.92709   33 1409  417.00000  391.98134  6.00%   391 1212s
  8589  8528  394.08704   50 1358  417.00000  391.98134  6.00%   389 1237s
  8744  8529  408.90230  376 1436  417.00000  391.98134  6.00%   387 1310s
  8746  8530  396.29913   63 1436  417.00000  391.98134  6.00%   387 1321s
  8748  8532  404.38223  174 1436  417.00000  391.98134  6.00%   387 1334s
  8749  8534  391.98134   15 1430  417.00000  391.98134  6.00%   388 1338s
  8750  8537  391.98134   16 1431  417.00000  391.98134  6.00%   388 1342s
  8753  8541  391.98134   17 1432  417.00000  391.98134  6.00%   388 1348s
  8758  8548  391.98134   18 1432  417.00000  391.98134  6.00%   388 1353s
  8769  8561  391.98134   19 1429  417.00000  391.98134  6.00%   388 1359s
  8785  8575  391.99931   20 1427  417.00000  391.98134  6.00%   387 1362s
  8805  8593  392.02050   21 1428  417.00000  391.98134  6.00%   387 1367s
  8829  8601  392.28925   23 1418  417.00000  391.98134  6.00%   386 1372s
  8845  8611  392.32368   24 1417  417.00000  391.98134  6.00%   385 1377s
  8861  8622  392.39625   24 1415  417.00000  391.98134  6.00%   384 1382s
  8877  8638  392.43276   25 1415  417.00000  391.98134  6.00%   384 1387s
  8898  8647  392.50816   25 1411  417.00000  391.98134  6.00%   383 1393s
  8914  8665  392.46118   26 1416  417.00000  391.98134  6.00%   383 1399s
  8938  8681  392.56967   26 1407  417.00000  391.98134  6.00%   382 1405s
  8962  8697  392.60615   27 1403  417.00000  391.98134  6.00%   381 1411s
  8986  8713  392.63227   27 1401  417.00000  391.98134  6.00%   381 1416s
  9010  8729  392.67875   28 1402  417.00000  391.98134  6.00%   380 1423s
  9034  8749  392.73995   28 1405  417.00000  391.98134  6.00%   380 1429s
  9062  8768  392.84137   29 1397  417.00000  391.98134  6.00%   379 1434s
  9090  8787  392.76867   29 1400  417.00000  391.98134  6.00%   379 1440s
  9118  8805  392.79642   30 1400  417.00000  391.98134  6.00%   378 1449s
  9146  8828  392.85623   30 1396  417.00000  391.98134  6.00%   378 1455s
  9178  8833  393.07821   33 1382  417.00000  391.98134  6.00%   377 1465s
  9194  8844  393.17323   33 1383  417.00000  391.98134  6.00%   377 1473s
  9210  8855  393.21998   34 1379  417.00000  391.98134  6.00%   377 1484s
  9226  8865  393.27215   34 1381  417.00000  391.98134  6.00%   376 1490s
  9242  8878  393.35225   35 1379  417.00000  391.98134  6.00%   376 1496s
  9260  8927  393.31909   35 1379  417.00000  391.98134  6.00%   376 1502s
  9315  8953  393.40941   36 1374  417.00000  391.98134  6.00%   375 1511s
  9359  8996  393.44136   36 1375  417.00000  391.98134  6.00%   375 1520s
  9521  9170  393.56187   37 1370  417.00000  391.98134  6.00%   373 1530s
  9645  9205  393.61885   38 1366  417.00000  391.98134  6.00%   372 1535s
  9721  9195  393.64427   38 1369  417.00000  391.98134  6.00%   372 1541s
  9737  9206  393.66053   39 1365  417.00000  391.98134  6.00%   372 1547s
  9753  9217  393.74743   39 1360  417.00000  391.98134  6.00%   372 1552s
  9769  9227  393.81857   40 1354  417.00000  391.98134  6.00%   372 1559s
  9785  9238  393.81804   40 1356  417.00000  391.98134  6.00%   372 1564s
  9801  9249  393.90103   41 1351  417.00000  391.98134  6.00%   372 1573s
  9817  9259  393.91571   41 1355  417.00000  391.98134  6.00%   372 1583s
  9833  9270  393.92494   42 1347  417.00000  391.98134  6.00%   372 1588s
  9849  9281  393.99811   42 1347  417.00000  391.98134  6.00%   372 1602s
  9865  9291  393.97528   43 1350  417.00000  391.98134  6.00%   372 1615s
  9881  9316  394.02850   43 1351  417.00000  391.98134  6.00%   372 1625s
  9911  9342  394.08119   44 1354  417.00000  391.98134  6.00%   372 1639s
  9947  9370  394.12113   44 1343  417.00000  391.98134  6.00%   373 1656s
  9987  9373  394.14565   45 1341  417.00000  391.98134  6.00%   373 1665s
 10003  9407  394.22440   45 1339  417.00000  391.98134  6.00%   373 1674s
 10043  9427  394.22962   46 1334  417.00000  391.98134  6.00%   373 1684s
 10076  9458  394.21077   46 1346  417.00000  391.98134  6.00%   373 1697s
 10118  9472  394.31769   47 1331  417.00000  391.98134  6.00%   373 1710s
 10146  9483  394.27918   47 1340  417.00000  391.98134  6.00%   373 1727s
 10166  9540  394.31081   48 1331  417.00000  391.98134  6.00%   373 1738s
 10230  9535  394.37264   48 1330  417.00000  391.98134  6.00%   374 1750s
 10246  9557  394.46079   49 1330  417.00000  391.98134  6.00%   374 1763s
 10274  9691  394.45684   49 1336  417.00000  391.98134  6.00%   374 1777s
 10417  9659  394.51979   50 1330  417.00000  391.98134  6.00%   374 1789s
 10433  9700  394.52898   50 1336  417.00000  391.98134  6.00%   374 1804s
 10479  9756  394.59450   51 1323  417.00000  391.98134  6.00%   375 1817s
 10550  9748  394.81688   54 1305  417.00000  391.98134  6.00%   375 1832s
 10566  9861  394.85985   54 1312  417.00000  391.98134  6.00%   375 1844s
 10684 10056  394.91413   55 1306  417.00000  391.98134  6.00%   376 1854s
 10919 10036  395.39438   61 1274  417.00000  391.98134  6.00%   376 1868s
 10977 10079  396.40354   75 1226  417.00000  391.98134  6.00%   377 1884s
 11039 10095  397.37341   87 1191  417.00000  391.98134  6.00%   377 1897s
 11076 10099  397.33544   87 1192  417.00000  391.98134  6.00%   378 1912s
 11092 10122  397.42213   88 1183  417.00000  391.98134  6.00%   378 1930s
 11121 10274  397.40870   88 1181  417.00000  391.98134  6.00%   378 1948s
 11282 10265  398.70430  103 1141  417.00000  391.98134  6.00%   380 1965s
 11327 10473  398.74158  104 1150  417.00000  391.98134  6.00%   380 1979s
 11550 10415  398.71774  104 1130  417.00000  391.98134  6.00%   379 1993s
 11566 10485  398.74894  105 1133  417.00000  391.98134  6.00%   379 2009s
 11642 10547  399.81108  118 1117  417.00000  391.98134  6.00%   379 2023s
 11729 10668  400.32991  123 1098  417.00000  391.98134  6.00%   379 2038s
 11879 10700  400.35293  123 1104  417.00000  391.98134  6.00%   378 2057s
 11979 10834  401.18750  134 1083  417.00000  391.98134  6.00%   378 2076s
 12146 10814  401.24048  135 1073  417.00000  391.98134  6.00%   378 2095s
 12182 10959  401.24326  135 1082  417.00000  391.98134  6.00%   377 2113s
 12355 11219  401.87811  145 1054  417.00000  391.98134  6.00%   376 2131s
 12673 11129  401.96088  145 1046  417.00000  391.98134  6.00%   374 2157s
 12689 11206  402.02705  146 1045  417.00000  391.98134  6.00%   374 2178s
 12771 11280  402.33684  152 1035  417.00000  391.98134  6.00%   374 2197s
 12872 11542  402.35080  152 1037  417.00000  391.98134  6.00%   374 2217s
H13077 11011                     416.0000000  391.98134  5.77%   373 2217s
 13168 11508  403.57812  167  967  416.00000  391.98134  5.77%   373 2238s
 13696 11386  404.82818  183  940  416.00000  391.98134  5.77%   370 2257s
 13750 11384  404.96684  186  944  416.00000  391.98134  5.77%   370 2280s
 13766 11460  405.01151  186  954  416.00000  391.98134  5.77%   370 2300s
 13847 11461  405.21669  189  942  416.00000  391.98134  5.77%   370 2322s
 13875 11468  405.17254  190  933  416.00000  391.98134  5.77%   370 2350s
 13891 11496  405.30835  190  938  416.00000  391.98134  5.77%   370 2375s
 13925 11776  405.20602  191  930  416.00000  391.98134  5.77%   369 2399s
 14216 12028  406.41473  204  900  416.00000  391.98134  5.77%   368 2422s
 14565 12383  407.80963  221  842  416.00000  391.98134  5.77%   367 2445s
 15036 12404  409.29155  239  820  416.00000  391.98134  5.77%   365 2472s
 15220 12762  409.32045  240  821  416.00000  391.98134  5.77%   364 2498s
 15671 13150  410.54651  258  762  416.00000  391.98134  5.77%   361 2525s
 16225 13267  412.82784  291  676  416.00000  391.98134  5.77%   359 2553s
 16594 13286  412.87225  292  691  416.00000  391.98134  5.77%   356 2580s
 16786 13522  412.97481  292  680  416.00000  391.98134  5.77%   355 2608s
 17171 13410  413.49063  300  626  416.00000  391.98134  5.77%   352 2643s
 17187 13503  413.41487  300  648  416.00000  391.98134  5.77%   351 2674s
 17285 13830  413.53082  301  616  416.00000  391.98134  5.77%   351 2712s
 17707 14177  392.45489   30 1413  416.00000  391.98134  5.77%   348 2744s
 18269 14419  392.51033   31 1410  416.00000  391.98134  5.77%   344 2777s
 18745 14401  392.54018   32 1413  416.00000  391.98134  5.77%   342 2811s
 18987 14428  392.88639   38 1402  416.00000  391.98134  5.77%   340 2849s
 19094 14411  393.27986   52 1392  416.00000  391.98134  5.77%   339 2885s
 19113 15013  393.30934   53 1396  416.00000  391.98134  5.77%   339 2923s
 19721 15103  395.12943   91 1349  416.00000  391.98134  5.77%   337 2959s
 20014 15021  395.74619  102 1318  416.00000  391.98134  5.77%   336 3005s
 20030 15322  395.77332  103 1319  416.00000  391.98134  5.77%   336 3045s
 20336 15404  396.90969  124 1278  416.00000  391.98134  5.77%   335 3085s
 20520 15921  397.58693  139 1253  416.00000  391.98134  5.77%   335 3141s
 21126 16129  398.94740  170 1230  416.00000  391.98134  5.77%   333 3189s
 21536 16530  399.00197  171 1241  416.00000  391.98134  5.77%   333 3241s
 22074 16367  400.56429  204 1193  416.00000  391.98134  5.77%   332 3302s
H22082 15658                     415.0000000  391.98134  5.55%   332 3302s
 22090 16546  400.59299  205 1195  415.00000  391.98134  5.55%   332 3358s
 23021 16838  403.91425  266 1094  415.00000  391.98134  5.55%   330 3407s
 23637 17410  405.45419  296 1059  415.00000  391.98134  5.55%   329 3457s
 24609 17827  406.30257  310 1039  415.00000  391.98134  5.55%   325 3505s
 25479 17549  408.74960  352  973  415.00000  391.98134  5.55%   323 3560s
 25497 17660  408.88190  353  957  415.00000  391.98134  5.55%   323 3608s
 25658 18231  409.20205  357  952  415.00000  391.98134  5.55%   322 3659s
 26378 18392  392.61761   35 1409  415.00000  391.98134  5.55%   320 3710s
 26779 18777  393.53593   58 1395  415.00000  391.98134  5.55%   319 3768s
 27298 18864  394.49761   80 1367  415.00000  391.98134  5.55%   319 3830s
 27606 19631  394.66732   83 1370  415.00000  391.98134  5.55%   318 3891s
 28475 19735  396.93259  128 1286  415.00000  391.98134  5.55%   318 3961s
 28869 19696  397.90724  150 1241  415.00000  391.98134  5.55%   318 4034s
 28961 20880  398.52073  165 1243  415.00000  391.98134  5.55%   318 4106s
 30176 21645  403.18648  255 1121  415.00000  391.98134  5.55%   318 4179s
 31366 22417  407.42940  330  989  415.00000  391.98134  5.55%   317 4252s
 32593 23041  413.23912  415  860  415.00000  391.98134  5.55%   316 4324s
 33477 23824  392.96405   36 1403  415.00000  391.98134  5.55%   315 4401s
 34436 24485  393.89914   60 1369  415.00000  392.03620  5.53%   313 4481s
 35139 24589  394.57788   75 1346  415.00000  392.03620  5.53%   312 4572s
 35243 25289  395.09638   87 1339  415.00000  392.03620  5.53%   312 4657s
 35943 26213  395.49034   95 1321  415.00000  392.03620  5.53%   312 4748s
 36871 27603  398.56024  153 1235  415.00000  392.03620  5.53%   312 4843s
 38346 27637  402.72089  233 1094  415.00000  392.03620  5.53%   312 4947s
 38380 27809  402.75878  234 1099  415.00000  392.03620  5.53%   312 5051s
 38556 29640  402.79828  235 1087  415.00000  392.03620  5.53%   312 5153s
 40489 31051  411.17034  380  898  415.00000  392.03620  5.53%   311 5254s
 41985 33187  394.58954   72 1340  415.00000  392.03620  5.53%   310 5397s
 44325 34192  399.54874  172 1198  415.00000  392.03620  5.53%   307 5485s
 45401 35022  404.01381  252 1090  415.00000  392.03620  5.53%   306 5597s
 46235 35329  406.66839  302 1019  415.00000  392.03620  5.53%   306 5714s
 46573 37321  407.38868  318 1008  415.00000  392.03620  5.53%   306 5841s
 48716 39049  392.49889   25 1415  415.00000  392.03620  5.53%   304 5959s
 50641 40260  394.11524   53 1360  415.00000  392.03965  5.53%   302 6075s
 52066 40920  395.61539   80 1301  415.00000  392.04119  5.53%   300 6188s
 52726 41032  396.26581   96 1292  415.00000  392.04119  5.53%   300 6311s
 52838 42455  396.48356   98 1283  415.00000  392.04119  5.53%   300 6436s
 54371 44428  397.78643  118 1254  415.00000  392.04119  5.53%   300 6563s
 56398 45855  399.81289  153 1190  415.00000  392.04119  5.53%   299 6688s
 58093 47167  400.79091  169 1148  415.00000  392.07356  5.52%   297 6808s
 59557 47677  401.59444  182 1129  415.00000  392.10375  5.52%   296 6938s
 60067 49678  402.12292  192 1129  415.00000  392.10375  5.52%   296 7069s
 62068 52147  404.31715  227 1080  415.00000  392.10375  5.52%   296 7197s
 64631 54546  406.49642  262 1016  415.00000  392.10375  5.52%   295 7358s
 67486 54603  410.64497  318  916  415.00000  392.10375  5.52%   292 7451s
 67545 55426  410.66867  319  926  415.00000  392.10375  5.52%   292 7547s
 68450 56415  412.86854  342  856  415.00000  392.10375  5.52%   292 7658s
 69559 58247  393.23161   42 1394  415.00000  392.10375  5.52%   292 7777s
 71448 59705  397.72300  134 1278  415.00000  392.10375  5.52%   291 7892s
 73069 60686  400.24167  187 1197  415.00000  392.10375  5.52%   290 8015s
 74239 60812  402.96704  230 1095  415.00000  392.10375  5.52%   289 8134s
 74415 62296  403.56915  242 1087  415.00000  392.10375  5.52%   289 8258s
 75952 64458  411.49744  378  908  415.00000  392.10375  5.52%   288 8381s
 78236 66091  397.04198  121 1282  415.00000  392.10375  5.52%   288 8498s
 80040 67583  398.74029  156 1214  415.00000  392.10375  5.52%   287 8611s
 81816 68828  404.00502  267 1091  415.00000  392.10375  5.52%   286 8726s
 83134 69006  411.71614  402  921  415.00000  392.10375  5.52%   285 8839s
 83312 70723  411.84174  403  913  415.00000  392.10375  5.52%   285 8950s
 85136 72950  394.70680   58 1321  415.00000  392.10375  5.52%   285 9096s
 87587 74027  397.01994   90 1221  415.00000  392.10375  5.52%   284 9193s
 88883 75265  399.71021  127 1116  415.00000  392.10375  5.52%   283 9295s
 90121 75355  404.07932  186  998  415.00000  392.10375  5.52%   283 9415s
 90211 77560  405.22708  201  950  415.00000  392.10375  5.52%   283 9533s
 92442 79430  413.28936  296  748  415.00000  392.10375  5.52%   284 9639s
 94502 81223  395.19558   80 1351  415.00000  392.10375  5.52%   283 9738s
 96619 82534  399.18414  179 1235  415.00000  392.16098  5.50%   282 9834s
 98006 83560  404.45512  311 1089  415.00000  392.16098  5.50%   281 9938s
 99032 85592  408.38131  406 1015  415.00000  392.16098  5.50%   281 10039s
 101219 85667  392.70920   38 1413  415.00000  392.16098  5.50%   281 10136s
 101294 87035  392.72831   39 1415  415.00000  392.16098  5.50%   281 10231s
 102905 88502  394.60844   96 1375  415.00000  392.16098  5.50%   280 10328s
 104591 89558  396.49205  142 1308  415.00000  392.16098  5.50%   280 10423s
 105699 91429  399.40643  202 1215  415.00000  392.16098  5.50%   280 10563s
 107589 93384  404.53428  304 1055  415.00000  392.16098  5.50%   281 10683s
 109747 93412  410.53094  416  959  415.00000  392.18668  5.50%   281 10786s
 109775 94880  410.57300  417  953  415.00000  392.18668  5.50%   281 10889s
 111484 95929  394.76897   75 1336  415.00000  392.18668  5.50%   280 10991s
 112632 97082  398.17741  142 1251  415.00000  392.18668  5.50%   279 11097s
 113807 99126  401.46789  211 1163  415.00000  392.18668  5.50%   279 11208s
 115962 99770  409.93119  355  926  415.00000  392.18668  5.50%   279 11316s
 116634 101295  412.19988  397  884  415.00000  392.18668  5.50%   279 11428s
 118353 101852  395.85236   91 1310  415.00000  392.18668  5.50%   279 11542s
 119086 102734  395.89603   92 1307  415.00000  392.18668  5.50%   278 11656s
 120011 103928  401.46546  179 1110  415.00000  392.18668  5.50%   278 11793s
 121205 106234  406.68026  269  983  415.00000  392.18668  5.50%   278 11921s
 123691 107734  392.32181   28 1418  415.00000  392.18668  5.50%   278 12040s
 125408 108122  395.19311   88 1326  415.00000  392.18668  5.50%   277 12153s
 125800 108721  397.13447  131 1266  415.00000  392.18668  5.50%   277 12274s
 126483 110303  398.98654  165 1209  415.00000  392.18766  5.50%   277 12409s
 128153 112817  404.45071  258 1052  415.00000  392.18766  5.50%   277 12543s
 130831 114431  393.78793   66 1373  415.00000  392.18766  5.50%   277 12642s
 132565 115834  394.75035   86 1355  415.00000  392.18766  5.50%   277 12738s
 134209 116013  398.43429  164 1242  415.00000  392.18766  5.50%   277 12841s
 134388 116926  400.32784  206 1190  415.00000  392.18766  5.50%   277 12940s
 135347 118184  403.69267  269 1110  415.00000  392.18766  5.50%   277 13048s
 136640 118340  408.83503  373  989  415.00000  392.18766  5.50%   277 13155s
 136796 119896  409.38846  384  975  415.00000  392.18766  5.50%   277 13268s
 138500 121073  394.21981   63 1366  415.00000  392.18766  5.50%   277 13384s
 139821 121371  395.60513   91 1302  415.00000  392.18766  5.50%   277 13495s
 140127 123013  397.01566  121 1267  415.00000  392.18766  5.50%   277 13615s
 142008 124804  400.77273  195 1162  415.00000  392.18766  5.50%   276 13733s
 143865 126852  408.34143  338  998  415.00000  392.18766  5.50%   276 13849s
 146074 128686  393.07146   42 1399  415.00000  392.18766  5.50%   276 13960s
 148218 130588  397.11767  119 1284  415.00000  392.18766  5.50%   276 14098s
 150275 130686  404.70134  252 1053  415.00000  392.18766  5.50%   276 14212s
 150373 131411  404.76757  253 1060  415.00000  392.18766  5.50%   276 14333s
 151126 132347  406.69411  289 1023  415.00000  392.18766  5.50%   277 14400s

Cutting planes:
  Zero half: 1

Explored 152126 nodes (42105132 simplex iterations) in 14400.06 seconds (46735.33 work units)
Thread count was 32 (of 32 available processors)

Solution count 10: 415 416 417 ... 424

Time limit reached
Best objective 4.150000000000e+02, best bound 3.930000000000e+02, gap 5.3012%

User-callback calls 4082041, time in user-callback 14.55 sec
