
Gurobi 13.0.2 (linux64) logging started Fri Jul 17 14:05:12 2026

Set parameter LogFile to value "/tmp/sweep_20260716_013919_north-korea_alt400km_s1_i4_v6_gurobi.log"
Set parameter Method to value 1
Set parameter NodefileStart to value 4
Set parameter RINS to value 50
Gurobi Optimizer version 13.0.2 build v13.0.2rc1 (linux64 - "Debian GNU/Linux 13 (trixie)")

CPU model: Intel(R) Xeon(R) Platinum 8375C CPU @ 2.90GHz, instruction set [SSE2|AVX|AVX2|AVX512]
Thread count: 16 physical cores, 32 logical processors, using up to 32 threads

Non-default parameters:
TimeLimit  14400
MIPGap  0.001
Method  1
LPWarmStart  1
Heuristics  0.2
MIPFocus  1
NodefileStart  4
RINS  50
Symmetry  2
Cuts  2
CoverCuts  2
LogToConsole  0

Academic license 2812613 - for non-commercial use only - registered to no___@gatech.edu
Optimize a model with 2872 rows, 7180 columns and 176628 nonzeros (Min)
Model fingerprint: 0x4e31f701
Model has 7180 linear objective coefficients
Variable types: 0 continuous, 7180 integer (7180 binary)
Coefficient statistics:
  Matrix range     [1e+00, 1e+00]
  Objective range  [1e+00, 1e+00]
  Bounds range     [1e+00, 1e+00]
  RHS range        [1e+00, 1e+00]

Found heuristic solution: objective 174.0000000
Presolve removed 0 rows and 1436 columns
Presolve time: 0.24s
Presolved: 2872 rows, 5744 columns, 163704 nonzeros
Variable types: 0 continuous, 5744 integer (5744 binary)

Root simplex log...

Iteration    Objective       Primal Inf.    Dual Inf.      Time
   10813    9.4438939e+01   1.369978e+03   0.000000e+00      5s
   15873    9.6960427e+01   3.125429e+03   0.000000e+00     10s
   19853    9.8287236e+01   1.442526e+03   0.000000e+00     15s
   23483    9.9285138e+01   9.693080e+03   0.000000e+00     20s
   27063    1.0014714e+02   4.951560e+03   0.000000e+00     25s
   30793    1.0106337e+02   4.453829e+03   0.000000e+00     30s
   35003    1.0184239e+02   9.696326e+04   0.000000e+00     35s
Warning: Markowitz tolerance tightened to 0.03125
   40493    1.0242716e+02   1.016263e+05   0.000000e+00     40s
   44913    1.0250006e+02   2.158107e+03   0.000000e+00     45s
   49283    1.0257153e+02   5.471614e+02   0.000000e+00     50s
   53153    1.0257154e+02   7.106841e+01   0.000000e+00     55s
   54961    1.0257143e+02   0.000000e+00   0.000000e+00     58s

Root relaxation: objective 1.025714e+02, 54961 iterations, 57.73 seconds (134.21 work units)

    Nodes    |    Current Node    |     Objective Bounds      |     Work
 Expl Unexpl |  Obj  Depth IntInf | Incumbent    BestBd   Gap | It/Node Time

     0     0  102.57143    0 1932  174.00000  102.57143  41.1%     -   89s
H    0     0                     167.0000000  102.57143  38.6%     -   89s
H    0     0                     165.0000000  102.57143  37.8%     -   89s
H    0     0                     164.0000000  102.57143  37.5%     -   89s
H    0     0                     163.0000000  102.57143  37.1%     -   89s
H    0     0                     162.0000000  102.57143  36.7%     -   89s
H    0     0                     160.0000000  102.57143  35.9%     -   90s
H    0     0                     159.0000000  102.57143  35.5%     -   90s
H    0     0                     158.0000000  102.57143  35.1%     -   90s
H    0     0                     157.0000000  102.57143  34.7%     -   90s
H    0     0                     156.0000000  102.57143  34.2%     -   90s
H    0     0                     155.0000000  102.57143  33.8%     -   90s
H    0     0                     154.0000000  102.57143  33.4%     -   90s
H    0     0                     153.0000000  102.57143  33.0%     -   90s
H    0     0                     152.0000000  102.57143  32.5%     -   90s
H    0     0                     151.0000000  102.57143  32.1%     -   90s
H    0     0                     150.0000000  102.57143  31.6%     -   90s
H    0     0                     149.0000000  102.57143  31.2%     -   91s
H    0     0                     148.0000000  102.57143  30.7%     -   91s
H    0     0                     146.0000000  102.57143  29.7%     -   91s
H    0     0                     145.0000000  102.57143  29.3%     -  117s
H    0     0                     144.0000000  102.57143  28.8%     -  117s
H    0     0                     143.0000000  102.57143  28.3%     -  117s
H    0     0                     141.0000000  102.57143  27.3%     -  117s
H    0     0                     140.0000000  102.57143  26.7%     -  117s
H    0     0                     135.0000000  102.57143  24.0%     -  117s
H    0     0                     134.0000000  102.57143  23.5%     -  117s
H    0     0                     133.0000000  102.57143  22.9%     -  117s
H    0     0                     132.0000000  102.57143  22.3%     -  130s
H    0     0                     131.0000000  102.57143  21.7%     -  130s
     0     0  102.57143    0 1822  131.00000  102.57143  21.7%     -  134s
H    0     0                     130.0000000  102.57143  21.1%     -  150s
H    0     0                     129.0000000  102.57143  20.5%     -  151s
H    0     0                     128.0000000  102.57143  19.9%     -  151s
H    0     0                     127.0000000  102.57143  19.2%     -  151s
     0     0  102.57143    0 1757  127.00000  102.57143  19.2%     -  161s
     0     0  102.57143    0 1747  127.00000  102.57143  19.2%     -  192s
     0     0  102.57143    0 1747  127.00000  102.57143  19.2%     -  237s
     0     0  102.57143    0 1743  127.00000  102.57143  19.2%     -  254s
     0     0  102.57143    0 1725  127.00000  102.57143  19.2%     -  289s
     0     0  102.57143    0 1725  127.00000  102.57143  19.2%     -  334s
H    0     0                     126.0000000  102.57143  18.6%     -  337s
H    0     0                     125.0000000  102.57143  17.9%     -  337s
     0     0  102.57143    0 1713  125.00000  102.57143  17.9%     -  347s
     0     0  102.57143    0 1672  125.00000  102.57143  17.9%     -  374s
     0     0  102.57143    0 1672  125.00000  102.57143  17.9%     -  437s
H    0     0                     124.0000000  102.57143  17.3%     -  438s
H    0     0                     123.0000000  102.57143  16.6%     -  438s
     0     0  102.57143    0 1641  123.00000  102.57143  16.6%     -  438s
     0     0  102.57143    0 1769  123.00000  102.57143  16.6%     -  472s
     0     0  102.57143    0 1705  123.00000  102.57143  16.6%     -  546s
H    0     0                     122.0000000  102.57143  15.9%     -  645s
H    0     0                     121.0000000  102.57143  15.2%     -  691s
     0     2  102.57143    0 1705  121.00000  102.57143  15.2%     -  996s
     1     3  102.57143    1 1820  121.00000  102.57143  15.2%  3718 1050s
     2     6  102.57143    2 1436  121.00000  102.57143  15.2%  3870 1146s
H    3     6                     117.0000000  102.57143  12.3%  2580 1146s
H    4     6                     114.0000000  102.57143  10.0%  6460 1146s
     5    12  104.56122    3 1436  114.00000  102.57143  10.0% 18337 1615s
H    6    12                     113.0000000  102.57143  9.23% 15280 1615s
    11    22 infeasible    4       113.00000  102.63707  9.17% 21136 1840s
H   12    22                     112.0000000  102.63707  8.36% 19374 1840s
    24    23  102.78925    4 1705  112.00000  102.64520  8.35% 19327 2150s
    26    24  102.97167    5 1932  112.00000  102.64520  8.35% 17840 2293s
    27    25  102.97167    5 1759  112.00000  102.64520  8.35% 17179 2388s
    28    26  102.93289    4 1747  112.00000  102.64520  8.35% 16566 2447s
    29    26  103.18363    5 1838  112.00000  102.64520  8.35% 15995 2550s
    30    27  103.43332    5 1824  112.00000  102.64520  8.35% 15461 2612s
    31    28  102.64520    4 1768  112.00000  102.64520  8.35% 14963 2749s
    32    28  103.18363    5 1835  112.00000  102.64520  8.35% 14495 2817s
    33    29  102.93287    4 1775  112.00000  102.64520  8.35% 14056 2946s
    34    30  102.80153    5 1813  112.00000  102.64520  8.35% 13642 3028s
    35    30  102.64520    4 1756  112.00000  102.64520  8.35% 13253 3170s
    36    31  102.78926    4 1756  112.00000  102.64520  8.35% 12884 3514s
    38    34  102.80154    5 1705  112.00000  102.64520  8.35% 20264 3956s
    40    35  102.93287    4 1932  112.00000  102.64520  8.35% 19251 4093s
    41    36  102.97168    5 1820  112.00000  102.64520  8.35% 18781 4192s
    42    37  102.78862    4 1787  112.00000  102.64520  8.35% 18334 4249s
    43    37  103.84982    5 1763  112.00000  102.64520  8.35% 17908 4381s
H   43    35                     111.0000000  102.64520  7.53% 17908 4472s
    45    37  105.62780    5 1818  111.00000  102.64520  7.53% 17112 4610s
    46    37  102.80153    5 1846  111.00000  102.64520  7.53% 16740 4713s
    47    38  102.78925    4 1782  111.00000  102.64520  7.53% 16384 4906s
    48    39  103.84982    5 1851  111.00000  102.64520  7.53% 16042 5014s
    49    39  102.78926    4 1784  111.00000  102.64520  7.53% 15715 5196s
    50    40  102.78862    4 1784  111.00000  102.64520  7.53% 15401 5597s
    52    43  102.97167    5 1705  111.00000  102.64520  7.53% 20619 6125s
    54    44  103.84978    5 1932  111.00000  102.64520  7.53% 19856 6267s
    55    45  102.93289    4 1742  111.00000  102.64520  7.53% 19495 6382s
    56    46  102.78862    4 1761  111.00000  102.64520  7.53% 19146 6445s
    57    46  102.80154    5 1761  111.00000  102.64520  7.53% 18811 6605s
    58    47  105.62780    5 1795  111.00000  102.64520  7.53% 18486 6707s
    59    48  103.18365    5 1787  111.00000  102.64520  7.53% 18173 6892s
    60    48  105.62868    5 1856  111.00000  102.64520  7.53% 17870 6984s
    61    49  103.18363    5 1764  111.00000  102.64520  7.53% 17577 7163s
    62    50  102.97168    5 1866  111.00000  102.64520  7.53% 17294 7265s
    63    50  102.98502    5 1782  111.00000  102.64520  7.53% 17019 7456s
    64    51  105.62780    5 1782  111.00000  102.64520  7.53% 16753 7895s
    66    54  102.97167    5 1705  111.00000  102.64520  7.53% 20976 8495s
    68    55  102.80153    5 1932  111.00000  102.64520  7.53% 20360 8636s
    69    56  103.43324    5 1745  111.00000  102.64520  7.53% 20064 8745s
    70    57  105.62780    5 1750  111.00000  102.64520  7.53% 19778 8810s
    71    57  103.84982    5 1740  111.00000  102.64520  7.53% 19499 8941s
    72    58  102.97167    5 1801  111.00000  102.64520  7.53% 19228 9016s
    73    59  102.98502    5 1762  111.00000  102.64520  7.53% 18965 9190s
    74    59  102.93287    4 1813  111.00000  102.64520  7.53% 18709 9311s
    75    60  102.64520    4 1817  111.00000  102.64520  7.53% 18459 9463s
    76    61  103.84982    5 1862  111.00000  102.64520  7.53% 18216 9577s
    77    61  103.18363    5 1790  111.00000  102.64520  7.53% 17980 9766s
    78    62  102.98502    5 1790  111.00000  102.64520  7.53% 17749 10127s
    80    65  102.97168    5 1705  111.00000  102.64520  7.53% 21177 10754s
    82    66  103.84978    5 1932  111.00000  102.64520  7.53% 20661 10888s
    83    67  102.64520    4 1808  111.00000  102.64520  7.53% 20412 11001s
    84    68  102.78925    4 1765  111.00000  102.64520  7.53% 20169 11048s
    85    68  103.18365    5 1745  111.00000  102.64520  7.53% 19932 11194s
    86    69  102.78862    4 1812  111.00000  102.64520  7.53% 19700 11283s
    87    70  102.80154    5 1777  111.00000  102.64520  7.53% 19473 11433s
    88    70  102.93287    4 1830  111.00000  102.64520  7.53% 19252 11534s
    89    71  103.43332    5 1773  111.00000  102.64520  7.53% 19036 11689s
    90    72  102.98502    5 1872  111.00000  102.64520  7.53% 18824 11788s
    91    72  102.93289    4 1749  111.00000  102.64520  7.53% 18617 12000s
    92    73  103.84982    5 1749  111.00000  102.64520  7.53% 18415 12366s
    94    76  102.80154    5 1705  111.00000  102.64520  7.53% 21314 12521s
    96    77  102.64520    4 1932  111.00000  102.64520  7.53% 20870 12679s
    97    78  103.84978    5 1764  111.00000  102.64520  7.53% 20655 12782s
    98    79  102.97168    5 1742  111.00000  102.64520  7.53% 20444 12839s
    99    79  102.97167    5 1762  111.00000  102.64520  7.53% 20238 12991s
   100    80  103.18363    5 1800  111.00000  102.64520  7.53% 20035 13074s
   101    81  102.80153    5 1733  111.00000  102.64520  7.53% 19837 13218s
   102    81  102.97168    5 1813  111.00000  102.64520  7.53% 19643 13342s
   103    82  102.64520    4 1766  111.00000  102.64520  7.53% 19452 13516s
   104    83  103.43332    5 1836  111.00000  102.64520  7.53% 19265 13643s
   105    83  103.18363    5 1831  111.00000  102.64520  7.53% 19081 13793s
   106    84  103.43324    5 1831  111.00000  102.64520  7.53% 18901 14295s

Cutting planes:
  MIR: 108
  Flow cover: 613

Explored 107 nodes (2551832 simplex iterations) in 14400.09 seconds (28318.74 work units)
Thread count was 32 (of 32 available processors)

Solution count 10: 111 112 113 ... 125

Time limit reached
Best objective 1.110000000000e+02, best bound 1.030000000000e+02, gap 7.2072%

User-callback calls 1498037, time in user-callback 3.89 sec
