
Gurobi 13.0.2 (linux64) logging started Sat Jul 11 20:01:04 2026

Set parameter LogFile to value "/tmp/sweep_20260709_012313_china_alt400km_s35_i6_v6_gurobi.log"
Set parameter Method to value 1
Set parameter NodefileStart to value 4
Set parameter RINS to value 50
Gurobi Optimizer version 13.0.2 build v13.0.2rc1 (linux64 - "Debian GNU/Linux 13 (trixie)")

CPU model: Intel(R) Xeon(R) Platinum 8375C CPU @ 2.90GHz, instruction set [SSE2|AVX|AVX2|AVX512]
Thread count: 16 physical cores, 32 logical processors, using up to 32 threads

Non-default parameters:
TimeLimit  14400
MIPGap  0.001
Method  1
LPWarmStart  1
Heuristics  0.2
MIPFocus  1
NodefileStart  4
RINS  50
Symmetry  2
Cuts  2
CoverCuts  2
LogToConsole  0

Academic license 2812613 - for non-commercial use only - registered to no___@gatech.edu
Optimize a model with 392028 rows, 35900 columns and 79005848 nonzeros (Min)
Model fingerprint: 0xb273d415
Model has 35900 linear objective coefficients
Variable types: 0 continuous, 35900 integer (35900 binary)
Coefficient statistics:
  Matrix range     [1e+00, 1e+00]
  Objective range  [1e+00, 1e+00]
  Bounds range     [1e+00, 1e+00]
  RHS range        [6e+00, 6e+00]

Found heuristic solution: objective 2496.0000000
Presolve removed 0 rows and 0 columns (presolve time = 11s)...
Presolve removed 0 rows and 0 columns (presolve time = 20s)...
Presolve removed 0 rows and 0 columns (presolve time = 27s)...
Presolve removed 0 rows and 0 columns (presolve time = 34s)...
Presolve removed 0 rows and 0 columns (presolve time = 44s)...
Presolve removed 0 rows and 0 columns (presolve time = 53s)...
Presolve removed 0 rows and 0 columns (presolve time = 55s)...
Presolve removed 0 rows and 0 columns (presolve time = 74s)...
Presolve removed 0 rows and 0 columns (presolve time = 82s)...
Presolve removed 0 rows and 0 columns (presolve time = 90s)...
Presolve removed 0 rows and 0 columns (presolve time = 97s)...
Presolve removed 0 rows and 0 columns (presolve time = 100s)...
Presolve removed 0 rows and 0 columns (presolve time = 107s)...
Presolve removed 0 rows and 0 columns (presolve time = 116s)...
Presolve removed 0 rows and 0 columns (presolve time = 120s)...
Presolve removed 0 rows and 0 columns (presolve time = 132s)...
Presolve removed 0 rows and 0 columns (presolve time = 135s)...
Presolve removed 0 rows and 0 columns (presolve time = 140s)...
Presolve removed 0 rows and 0 columns (presolve time = 145s)...
Presolve removed 0 rows and 0 columns (presolve time = 150s)...
Presolve removed 0 rows and 0 columns (presolve time = 155s)...
Presolve removed 0 rows and 0 columns (presolve time = 165s)...
Presolve removed 0 rows and 0 columns (presolve time = 165s)...
Presolve removed 0 rows and 0 columns (presolve time = 181s)...
Presolve removed 0 rows and 0 columns (presolve time = 191s)...
Presolve time: 191.41s
Presolved: 392028 rows, 35900 columns, 79005848 nonzeros
Variable types: 0 continuous, 35900 integer (35900 binary)

Root simplex log...

Iteration    Objective       Primal Inf.    Dual Inf.      Time
       0   -0.0000000e+00   0.000000e+00   1.638000e+03    233s
      44    1.3701898e+03   0.000000e+00   0.000000e+00    233s
      44    1.3701898e+03   0.000000e+00   0.000000e+00    233s

Use crossover to convert LP symmetric solution to basic solution...

Root crossover log...

  373360 variables added to crossover basis                      242s
  377800 variables added to crossover basis                      245s
  379030 variables added to crossover basis                      250s
  379750 variables added to crossover basis                      255s
  381340 variables added to crossover basis                      260s
  382150 variables added to crossover basis                      265s
  382570 variables added to crossover basis                      270s
  382930 variables added to crossover basis                      275s
  383260 variables added to crossover basis                      280s
  383560 variables added to crossover basis                      285s
  383830 variables added to crossover basis                      290s
  384130 variables added to crossover basis                      295s
  385120 variables added to crossover basis                      300s
  385480 variables added to crossover basis                      305s
  385810 variables added to crossover basis                      310s
  386110 variables added to crossover basis                      315s
  386380 variables added to crossover basis                      320s
  386650 variables added to crossover basis                      325s
  386920 variables added to crossover basis                      330s
  387370 variables added to crossover basis                      335s
  387730 variables added to crossover basis                      340s
  388090 variables added to crossover basis                      345s
  388390 variables added to crossover basis                      350s
  388720 variables added to crossover basis                      356s
  388960 variables added to crossover basis                      360s
  389260 variables added to crossover basis                      365s
  389500 variables added to crossover basis                      370s
  389740 variables added to crossover basis                      375s
  389980 variables added to crossover basis                      381s
  390190 variables added to crossover basis                      385s
  390400 variables added to crossover basis                      390s
  390640 variables added to crossover basis                      396s
  390880 variables added to crossover basis                      401s
  391060 variables added to crossover basis                      405s
  391270 variables added to crossover basis                      410s
  391480 variables added to crossover basis                      416s
  391660 variables added to crossover basis                      420s
  391900 variables added to crossover basis                      425s

       0 DPushes remaining with DInf 0.0000000e+00              1064s

       0 PPushes remaining with PInf 0.0000000e+00              1065s

  Push phase complete: Pinf 0.0000000e+00, Dinf 2.1296493e-08   1066s


Root simplex log...

Iteration    Objective       Primal Inf.    Dual Inf.      Time
      47    1.3701898e+03   0.000000e+00   0.000000e+00   1270s
Crossover time: 1036.55 seconds (2080.66 work units)

Root relaxation: objective 1.370190e+03, 47 iterations, 1071.33 seconds (2109.03 work units)

    Nodes    |    Current Node    |     Objective Bounds      |     Work
 Expl Unexpl |  Obj  Depth IntInf | Incumbent    BestBd   Gap | It/Node Time

     0     0 1370.18977    0 18668 2496.00000 1370.18977  45.1%     - 1970s
H    0     0                    2495.0000000 1370.18977  45.1%     - 1971s
H    0     0                    2327.0000000 1370.18977  41.1%     - 2076s
H    0     0                    2242.0000000 1370.18977  38.9%     - 2076s
H    0     0                    2180.0000000 1370.18977  37.1%     - 2077s
H    0     0                    2159.0000000 1370.18977  36.5%     - 2077s
H    0     0                    2139.0000000 1370.18977  35.9%     - 2078s
H    0     0                    2135.0000000 1370.18977  35.8%     - 2098s
H    0     0                    2134.0000000 1370.18977  35.8%     - 2116s
H    0     0                    2133.0000000 1370.18977  35.8%     - 2116s
H    0     0                    2132.0000000 1370.18977  35.7%     - 2135s
H    0     0                    2129.0000000 1370.18977  35.6%     - 2153s
H    0     0                    2128.0000000 1370.18977  35.6%     - 2153s
H    0     0                    2126.0000000 1370.18977  35.6%     - 2173s
H    0     0                    2125.0000000 1370.18977  35.5%     - 2173s
H    0     0                    2105.0000000 1370.18977  34.9%     - 2196s
H    0     0                    2103.0000000 1370.18977  34.8%     - 2288s
H    0     0                    2102.0000000 1370.18977  34.8%     - 2309s
H    0     0                    2101.0000000 1370.18977  34.8%     - 2331s
H    0     0                    2098.0000000 1370.18977  34.7%     - 2352s
H    0     0                    2097.0000000 1370.18977  34.7%     - 2372s
H    0     0                    2096.0000000 1370.18977  34.6%     - 2397s
H    0     0                    2095.0000000 1370.18977  34.6%     - 2519s
H    0     0                    2094.0000000 1370.18977  34.6%     - 2520s
H    0     0                    2093.0000000 1370.18977  34.5%     - 2549s
H    0     0                    2092.0000000 1370.18977  34.5%     - 2573s
H    0     0                    2091.0000000 1370.18977  34.5%     - 2595s
H    0     0                    2090.0000000 1370.18977  34.4%     - 2617s
H    0     0                    2089.0000000 1370.18977  34.4%     - 2640s
H    0     0                    2088.0000000 1370.18977  34.4%     - 2912s
H    0     0                    2087.0000000 1370.18977  34.3%     - 2937s
H    0     0                    2080.0000000 1370.18977  34.1%     - 4223s
H    0     0                    2064.0000000 1370.18977  33.6%     - 4223s
H    0     0                    2050.0000000 1370.18977  33.2%     - 4224s
H    0     0                    2047.0000000 1370.18977  33.1%     - 4225s
H    0     0                    2046.0000000 1370.18977  33.0%     - 4480s
H    0     0                    2039.0000000 1370.18977  32.8%     - 4782s
H    0     0                    2034.0000000 1370.18977  32.6%     - 4782s
H    0     0                    2031.0000000 1370.18977  32.5%     - 5013s
H    0     0                    2030.0000000 1370.18977  32.5%     - 5013s
H    0     0                    2027.0000000 1370.18977  32.4%     - 5265s
H    0     0                    2025.0000000 1370.18977  32.3%     - 5265s
H    0     0                    2024.0000000 1370.18977  32.3%     - 5507s
H    0     0                    2023.0000000 1370.18977  32.3%     - 5507s
H    0     0                    2014.0000000 1370.18977  32.0%     - 5735s
H    0     0                    2013.0000000 1370.18977  31.9%     - 5735s
     0     0 1370.18977    0 18668 2013.00000 1370.18977  31.9%     - 10398s

Explored 1 nodes (47 simplex iterations) in 14401.49 seconds (25527.93 work units)
Thread count was 32 (of 32 available processors)

Solution count 10: 2013 2014 2023 ... 2039

Time limit reached
Best objective 2.013000000000e+03, best bound 1.371000000000e+03, gap 31.8927%

User-callback calls 362699, time in user-callback 1.35 sec
