
Gurobi 13.0.2 (linux64) logging started Sat Jul 18 18:23:19 2026

Set parameter LogFile to value "/tmp/sweep_20260716_013919_north-korea_alt400km_s75_i4_v6_gurobi.log"
Set parameter Method to value 1
Set parameter NodefileStart to value 4
Set parameter RINS to value 50
Gurobi Optimizer version 13.0.2 build v13.0.2rc1 (linux64 - "Debian GNU/Linux 13 (trixie)")

CPU model: Intel(R) Xeon(R) Platinum 8375C CPU @ 2.90GHz, instruction set [SSE2|AVX|AVX2|AVX512]
Thread count: 16 physical cores, 32 logical processors, using up to 32 threads

Non-default parameters:
TimeLimit  14400
MIPGap  0.001
Method  1
LPWarmStart  1
Heuristics  0.2
MIPFocus  1
NodefileStart  4
RINS  50
Symmetry  2
Cuts  2
CoverCuts  2
LogToConsole  0

Academic license 2812613 - for non-commercial use only - registered to no___@gatech.edu
Optimize a model with 2872 rows, 43080 columns and 818520 nonzeros (Min)
Model fingerprint: 0xed48f92a
Model has 43080 linear objective coefficients
Variable types: 0 continuous, 43080 integer (43080 binary)
Coefficient statistics:
  Matrix range     [1e+00, 1e+00]
  Objective range  [1e+00, 1e+00]
  Bounds range     [1e+00, 1e+00]
  RHS range        [2e+01, 2e+01]

Found heuristic solution: objective 4140.0000000
Presolve time: 0.67s
Presolved: 2872 rows, 43080 columns, 818520 nonzeros
Variable types: 0 continuous, 43080 integer (43080 binary)

Root simplex log...

Iteration    Objective       Primal Inf.    Dual Inf.      Time
    6624    1.7951196e+03   3.491444e+04   0.000000e+00      5s
    9944    1.8526133e+03   3.204735e+04   0.000000e+00     10s
   12614    1.8831336e+03   2.072232e+04   0.000000e+00     15s
   14984    1.9089943e+03   3.129804e+04   0.000000e+00     20s
   17464    1.9294579e+03   4.067150e+04   0.000000e+00     25s
   19974    1.9483422e+03   3.909433e+06   0.000000e+00     30s
   22784    1.9488589e+03   9.275001e+03   0.000000e+00     35s
   25304    1.9488593e+03   6.435310e+03   0.000000e+00     40s
   27724    1.9488594e+03   4.497182e+03   0.000000e+00     45s
   30144    1.9488595e+03   1.965948e+03   0.000000e+00     50s
   32584    1.9488595e+03   1.976170e+03   0.000000e+00     55s
   34784    1.9488595e+03   1.443567e+02   0.000000e+00     60s
   35690    1.9488571e+03   0.000000e+00   0.000000e+00     62s

Root relaxation: objective 1.948857e+03, 35690 iterations, 61.54 seconds (137.61 work units)

    Nodes    |    Current Node    |     Objective Bounds      |     Work
 Expl Unexpl |  Obj  Depth IntInf | Incumbent    BestBd   Gap | It/Node Time

     0     0 1948.85714    0 1798 4140.00000 1948.85714  52.9%     -   83s
H    0     0                    2214.0000000 1948.85714  12.0%     -   83s
H    0     0                    2173.0000000 1948.85714  10.3%     -   83s
H    0     0                    2159.0000000 1948.85714  9.73%     -   83s
H    0     0                    2132.0000000 1948.85714  8.59%     -   98s
H    0     0                    2076.0000000 1948.85714  6.12%     -   98s
H    0     0                    2028.0000000 1948.85714  3.90%     -   98s
H    0     0                    2025.0000000 1948.85714  3.76%     -   98s
H    0     0                    2017.0000000 1948.85714  3.38%     -   98s
H    0     0                    2016.0000000 1948.85714  3.33%     -  110s
H    0     0                    2015.0000000 1948.85714  3.28%     -  110s
H    0     0                    2012.0000000 1948.85714  3.14%     -  111s
H    0     0                    2007.0000000 1948.85714  2.90%     -  116s
H    0     0                    2003.0000000 1948.85714  2.70%     -  116s
H    0     0                    2002.0000000 1948.85714  2.65%     -  119s
H    0     0                    2001.0000000 1948.85714  2.61%     -  119s
H    0     0                    2000.0000000 1948.85714  2.56%     -  119s
H    0     0                    1999.0000000 1948.85714  2.51%     -  119s
H    0     0                    1998.0000000 1948.85714  2.46%     -  123s
H    0     0                    1997.0000000 1948.85714  2.41%     -  123s
H    0     0                    1996.0000000 1948.85714  2.36%     -  123s
H    0     0                    1995.0000000 1948.85714  2.31%     -  124s
H    0     0                    1993.0000000 1948.85714  2.21%     -  157s
H    0     0                    1992.0000000 1948.85714  2.17%     -  157s
     0     0 1948.85714    0 1798 1992.00000 1948.85714  2.17%     -  189s
     0     0 1948.85714    0 1706 1992.00000 1948.85714  2.17%     -  300s
H    0     0                    1990.0000000 1948.85714  2.07%     -  360s
H    0     0                    1988.0000000 1948.85714  1.97%     -  362s
H    0     0                    1987.0000000 1948.85714  1.92%     -  364s
H    0     0                    1986.0000000 1948.85714  1.87%     -  367s
H    0     0                    1985.0000000 1948.85714  1.82%     -  368s
H    0     0                    1984.0000000 1948.85714  1.77%     -  372s
H    0     0                    1983.0000000 1948.85714  1.72%     -  375s
H    0     0                    1982.0000000 1948.85714  1.67%     -  389s
H    0     0                    1980.0000000 1948.85714  1.57%     -  431s
H    0     0                    1979.0000000 1948.85714  1.52%     -  557s
H    0     0                    1978.0000000 1948.85714  1.47%     -  557s
     0     2 1948.85714    0 1633 1978.00000 1948.85714  1.47%     -  921s
H    1     4                    1977.0000000 1948.85714  1.42%   0.0 1127s
     2     4 1948.85714    1 1571 1977.00000 1948.85714  1.42% 10716 1131s
H    3     8                    1976.0000000 1948.85714  1.37%  7144 1355s
H    4     8                    1974.0000000 1948.85714  1.27%  9514 1355s
H    7    16                    1973.0000000 1948.85714  1.22%  5767 1652s
    15    30     cutoff    4      1973.00000 1948.85714  1.22%  4329 2014s
H   16    30                    1972.0000000 1948.85714  1.17%  4058 2014s
    31    46 1948.85714    5 1613 1972.00000 1948.85714  1.17%  3748 2066s
    47    78 1948.85714    6 1631 1972.00000 1948.85714  1.17%  2789 2219s
H   63    78                    1971.0000000 1948.85714  1.12%  2207 2219s
H   77    78                    1970.0000000 1948.85714  1.07%  1913 2219s
    79    94 1948.85714    8 1577 1970.00000 1948.85714  1.07%  1907 2570s
H   89    94                    1969.0000000 1948.85714  1.02%  1848 2570s
    95   131 1948.85714    9 1543 1969.00000 1948.85714  1.02%  1793 2995s
   132   147 1948.85714   11 1509 1969.00000 1948.85714  1.02%  1504 3773s
H  139   147                    1968.0000000 1948.85714  0.97%  1458 3773s
H  148   783                    1967.0000000 1948.85714  0.92%  1413 4787s
   784  1955 1948.85714   57 1491 1967.00000 1948.85714  0.92%   683 6220s
  1956  2301 1948.85714  124 1484 1967.00000 1948.85714  0.92%   515 7465s
H 1976  2301                    1966.0000000 1948.85714  0.87%   513 7465s
  2302  3515 1948.85714  144 1490 1966.00000 1948.85714  0.87%   495 8934s
H 2599  3515                    1965.0000000 1948.85714  0.82%   488 8934s
H 3516  4223                    1964.0000000 1948.85714  0.77%   452 10229s
H 3861  4223                    1963.0000000 1948.85714  0.72%   447 10229s
  4224  4754 1948.85714  278 1474 1963.00000 1948.85714  0.72%   435 11558s
H 4333  4754                    1962.0000000 1948.85714  0.67%   435 11558s
  4755  4860 1948.85714  305 1488 1962.00000 1948.85714  0.67%   427 13021s
H 4803  4860                    1961.0000000 1948.85714  0.62%   426 13021s
  4861  5602 1948.85714  351 1496 1961.00000 1948.85714  0.62%   426 14400s

Explored 5603 nodes (2521705 simplex iterations) in 14400.24 seconds (47846.22 work units)
Thread count was 32 (of 32 available processors)

Solution count 10: 1961 1962 1963 ... 1970

Time limit reached
Best objective 1.961000000000e+03, best bound 1.949000000000e+03, gap 0.6119%

User-callback calls 2150290, time in user-callback 11.12 sec
