
Gurobi 13.0.2 (linux64) logging started Sat Jul 18 22:25:51 2026

Set parameter LogFile to value "/tmp/sweep_20260716_013919_north-korea_alt400km_s100_i2_v5_gurobi.log"
Set parameter Method to value 1
Set parameter NodefileStart to value 4
Set parameter RINS to value 50
Gurobi Optimizer version 13.0.2 build v13.0.2rc1 (linux64 - "Debian GNU/Linux 13 (trixie)")

CPU model: Intel(R) Xeon(R) Platinum 8375C CPU @ 2.90GHz, instruction set [SSE2|AVX|AVX2|AVX512]
Thread count: 16 physical cores, 32 logical processors, using up to 32 threads

Non-default parameters:
TimeLimit  14400
MIPGap  0.001
Method  1
LPWarmStart  1
Heuristics  0.2
MIPFocus  1
NodefileStart  4
RINS  50
Symmetry  2
Cuts  2
CoverCuts  2
LogToConsole  0

Academic license 2812613 - for non-commercial use only - registered to no___@gatech.edu
Optimize a model with 2872 rows, 57440 columns and 758208 nonzeros (Min)
Model fingerprint: 0x89c26026
Model has 57440 linear objective coefficients
Variable types: 0 continuous, 57440 integer (57440 binary)
Coefficient statistics:
  Matrix range     [1e+00, 1e+00]
  Objective range  [1e+00, 1e+00]
  Bounds range     [1e+00, 1e+00]
  RHS range        [5e+01, 5e+01]

Found heuristic solution: objective 16744.000000
Presolve removed 0 rows and 10052 columns
Presolve time: 0.81s
Presolved: 2872 rows, 47388 columns, 656252 nonzeros
Variable types: 0 continuous, 47388 integer (40208 binary)

Root simplex log...

Iteration    Objective       Primal Inf.    Dual Inf.      Time
    6331    6.1662209e+03   2.950732e+04   0.000000e+00      5s
    9861    6.2994849e+03   1.399845e+04   0.000000e+00     10s
   12681    6.3488594e+03   1.472428e+04   0.000000e+00     15s
   15051    6.3714272e+03   2.600082e+04   0.000000e+00     20s
   17171    6.3850958e+03   1.841703e+04   0.000000e+00     25s
   19071    6.3935311e+03   3.706569e+04   0.000000e+00     30s
   20751    6.3987232e+03   9.488966e+03   0.000000e+00     35s
   22271    6.4020352e+03   9.740936e+03   0.000000e+00     40s
   23721    6.4046856e+03   1.396416e+04   0.000000e+00     45s
   25101    6.4066717e+03   6.057137e+03   0.000000e+00     50s
   26371    6.4084731e+03   3.643286e+03   0.000000e+00     55s
   27611    6.4098440e+03   4.780815e+03   0.000000e+00     60s
   28811    6.4108883e+03   6.699706e+03   0.000000e+00     65s
   29981    6.4119173e+03   6.447962e+03   0.000000e+00     70s
   31111    6.4127994e+03   8.889418e+04   0.000000e+00     75s
   32261    6.4134434e+03   2.244498e+04   0.000000e+00     80s
   33341    6.4140286e+03   6.014973e+03   0.000000e+00     85s
   34401    6.4146335e+03   6.225922e+03   0.000000e+00     90s
   35431    6.4150564e+03   6.908320e+03   0.000000e+00     95s
   36481    6.4153510e+03   5.173639e+03   0.000000e+00    100s
   37451    6.4156396e+03   1.151666e+04   0.000000e+00    105s
   38421    6.4158966e+03   5.406545e+03   0.000000e+00    110s
   39471    6.4161119e+03   8.067095e+03   0.000000e+00    115s
   40421    6.4162121e+03   1.129615e+04   0.000000e+00    120s
   41421    6.4162832e+03   1.648219e+04   0.000000e+00    125s
   42361    6.4163295e+03   6.537852e+03   0.000000e+00    130s
   43301    6.4163778e+03   5.276888e+03   0.000000e+00    135s
   44241    6.4164245e+03   6.614638e+03   0.000000e+00    140s
   45141    6.4164798e+03   1.228333e+04   0.000000e+00    145s
   45981    6.4165304e+03   3.401648e+03   0.000000e+00    150s
   46851    6.4165680e+03   7.349711e+03   0.000000e+00    155s
   47721    6.4166003e+03   4.375018e+03   0.000000e+00    160s
   48521    6.4166282e+03   2.019266e+04   0.000000e+00    165s
   49371    6.4166468e+03   5.554917e+03   0.000000e+00    170s
   50171    6.4166774e+03   1.627111e+04   0.000000e+00    175s
   50931    6.4167577e+03   2.348246e+03   0.000000e+00    180s
Warning: Markowitz tolerance tightened to 0.0625
   51691    6.4171295e+03   6.957708e+05   0.000000e+00    185s
   52451    6.4171343e+03   2.182434e+05   0.000000e+00    190s
   53211    6.4171353e+03   4.669241e+04   0.000000e+00    195s
   54011    6.4171356e+03   6.536293e+04   0.000000e+00    200s
   54771    6.4171357e+03   1.639595e+04   0.000000e+00    205s
   55531    6.4171358e+03   5.339385e+03   0.000000e+00    210s
   56331    6.4171359e+03   1.623888e+04   0.000000e+00    215s
   57131    6.4171359e+03   1.068381e+03   0.000000e+00    220s
   57901    6.4171359e+03   1.171915e+03   0.000000e+00    225s
   58741    6.4171360e+03   9.560368e+02   0.000000e+00    230s
   59651    6.4171360e+03   1.517233e+03   0.000000e+00    235s
   60591    6.4171360e+03   7.752891e+02   0.000000e+00    240s
   61212    6.4171250e+03   0.000000e+00   0.000000e+00    244s

Root relaxation: objective 6.417125e+03, 61212 iterations, 242.83 seconds (511.51 work units)

    Nodes    |    Current Node    |     Objective Bounds      |     Work
 Expl Unexpl |  Obj  Depth IntInf | Incumbent    BestBd   Gap | It/Node Time

     0     0 6417.12500    0 2871 16744.0000 6417.12500  61.7%     -  329s
H    0     0                    8646.0000000 6417.12500  25.8%     -  329s
H    0     0                    8405.0000000 6417.12500  23.7%     -  329s
H    0     0                    6894.0000000 6417.12500  6.92%     -  329s
H    0     0                    6728.0000000 6417.12500  4.62%     -  334s
H    0     0                    6637.0000000 6417.12500  3.31%     -  334s
H    0     0                    6636.0000000 6417.12500  3.30%     -  334s
H    0     0                    6608.0000000 6417.12500  2.89%     -  334s
H    0     0                    6575.0000000 6417.12500  2.40%     -  334s
H    0     0                    6569.0000000 6417.12500  2.31%     -  334s
H    0     0                    6567.0000000 6417.12500  2.28%     -  334s
H    0     0                    6566.0000000 6417.12500  2.27%     -  334s
H    0     0                    6551.0000000 6417.12500  2.04%     -  336s
H    0     0                    6550.0000000 6417.12500  2.03%     -  336s
H    0     0                    6549.0000000 6417.12500  2.01%     -  338s
H    0     0                    6546.0000000 6417.12500  1.97%     -  340s
H    0     0                    6541.0000000 6417.12500  1.89%     -  349s
H    0     0                    6539.0000000 6417.12500  1.86%     -  355s
H    0     0                    6537.0000000 6417.12500  1.83%     -  358s
H    0     0                    6529.0000000 6417.12500  1.71%     -  443s
H    0     0                    6526.0000000 6417.12500  1.67%     -  443s
H    0     0                    6519.0000000 6417.12500  1.56%     -  449s
H    0     0                    6516.0000000 6417.12500  1.52%     -  449s
H    0     0                    6514.0000000 6417.12500  1.49%     -  456s
H    0     0                    6509.0000000 6417.12500  1.41%     -  456s
H    0     0                    6504.0000000 6417.12500  1.34%     -  480s
H    0     0                    6503.0000000 6417.12500  1.32%     -  480s
H    0     0                    6502.0000000 6417.12500  1.31%     -  481s
H    0     0                    6500.0000000 6417.12500  1.28%     -  481s
     0     0 6417.12500    0 2871 6500.00000 6417.12500  1.27%     -  690s
     0     0 6417.12500    0 2871 6500.00000 6417.12500  1.27%     -  797s
H    0     0                    6499.0000000 6417.12500  1.26%     - 1373s
H    0     0                    6497.0000000 6417.12500  1.23%     - 1388s
H    0     0                    6496.0000000 6417.12500  1.21%     - 1408s
H    0     0                    6495.0000000 6417.12500  1.20%     - 1416s
H    0     0                    6493.0000000 6417.12500  1.17%     - 1437s
H    0     0                    6492.0000000 6417.12500  1.15%     - 1476s
H    0     0                    6491.0000000 6417.12500  1.14%     - 1534s
H    0     0                    6490.0000000 6417.12500  1.12%     - 1534s
H    0     0                    6489.0000000 6417.12500  1.11%     - 1588s
H    0     0                    6488.0000000 6417.12500  1.09%     - 1588s
H    0     0                    6487.0000000 6417.12500  1.08%     - 1642s
H    0     0                    6486.0000000 6417.12500  1.06%     - 1841s
H    0     0                    6485.0000000 6417.12500  1.05%     - 1887s
H    0     0                    6484.0000000 6417.12500  1.03%     - 1943s
H    0     0                    6483.0000000 6417.12500  1.02%     - 1992s
     0     2 6417.12500    0 2871 6483.00000 6417.12500  1.02%     - 2140s
     1     3 6417.12500    1 2871 6483.00000 6417.12500  1.02%   759 2229s
     2     5 6417.12500    2 2871 6483.00000 6417.12500  1.02%  1023 2539s
     4     9 6417.12500    3 2871 6483.00000 6417.12500  1.02%  1916 2970s
H    8    18                    6481.0000000 6417.12500  0.99%  1955 4135s
H    9    18                    6480.0000000 6417.12500  0.97%  2095 4135s
H   17    32                    6478.0000000 6417.12500  0.94% 15845 6602s
H   18    32                    6476.0000000 6417.12500  0.91% 15811 6602s
*   25    32               2    6462.0000000 6417.12500  0.69% 16021 6602s
    26    32 6417.12500    5 2871 6462.00000 6417.12500  0.69% 16081 6609s
    27    32 6417.12500    5 2871 6462.00000 6417.12500  0.69% 16237 6616s
    33    96 6417.12500    6 2871 6462.00000 6417.12500  0.69% 15750 7763s
    65    96 6417.12500    6 2871 6462.00000 6417.12500  0.69%  8549 7770s
    98    96 6417.12500   10 2871 6462.00000 6417.12500  0.69%  6039 10104s
   100    97 6417.12500    9 2871 6462.00000 6417.12500  0.69%  5918 11053s
   101    98 6417.12500    9 2871 6462.00000 6417.12500  0.69%  5860 11259s
   102    99 6417.18750    8 2871 6462.00000 6417.18750  0.69%  5802 14035s

Explored 103 nodes (822563 simplex iterations) in 14400.18 seconds (33735.30 work units)
Thread count was 32 (of 32 available processors)

Solution count 10: 6462 6476 6478 ... 6487

Time limit reached
Best objective 6.462000000000e+03, best bound 6.418000000000e+03, gap 0.6809%

User-callback calls 1160982, time in user-callback 4.17 sec
