
Gurobi 13.0.2 (linux64) logging started Fri Jul 17 23:03:26 2026

Set parameter LogFile to value "/tmp/sweep_20260716_013919_north-korea_alt400km_s20_i2_v5_gurobi.log"
Set parameter Method to value 1
Set parameter NodefileStart to value 4
Set parameter RINS to value 50
Gurobi Optimizer version 13.0.2 build v13.0.2rc1 (linux64 - "Debian GNU/Linux 13 (trixie)")

CPU model: Intel(R) Xeon(R) Platinum 8375C CPU @ 2.90GHz, instruction set [SSE2|AVX|AVX2|AVX512]
Thread count: 16 physical cores, 32 logical processors, using up to 32 threads

Non-default parameters:
TimeLimit  14400
MIPGap  0.001
Method  1
LPWarmStart  1
Heuristics  0.2
MIPFocus  1
NodefileStart  4
RINS  50
Symmetry  2
Cuts  2
CoverCuts  2
LogToConsole  0

Academic license 2812613 - for non-commercial use only - registered to no___@gatech.edu
Optimize a model with 2872 rows, 21540 columns and 400644 nonzeros (Min)
Model fingerprint: 0x39cba39d
Model has 21540 linear objective coefficients
Variable types: 0 continuous, 21540 integer (21540 binary)
Coefficient statistics:
  Matrix range     [1e+00, 1e+00]
  Objective range  [1e+00, 1e+00]
  Bounds range     [1e+00, 1e+00]
  RHS range        [1e+01, 1e+01]

Found heuristic solution: objective 2445.0000000
Presolve time: 0.27s
Presolved: 2872 rows, 21540 columns, 400644 nonzeros
Variable types: 0 continuous, 21540 integer (21540 binary)

Root simplex log...

Iteration    Objective       Primal Inf.    Dual Inf.      Time
    8829    1.1660577e+03   2.199278e+04   0.000000e+00      5s
   13079    1.1866561e+03   4.038109e+04   0.000000e+00     10s
   16549    1.1937071e+03   1.310101e+04   0.000000e+00     15s
   19699    1.1961107e+03   1.902902e+03   0.000000e+00     20s
   22352    1.1966667e+03   0.000000e+00   0.000000e+00     24s

Root relaxation: objective 1.196667e+03, 22352 iterations, 24.18 seconds (53.00 work units)

    Nodes    |    Current Node    |     Objective Bounds      |     Work
 Expl Unexpl |  Obj  Depth IntInf | Incumbent    BestBd   Gap | It/Node Time

     0     0 1196.66667    0  359 2445.00000 1196.66667  51.1%     -   24s
H    0     0                    1346.0000000 1196.66667  11.1%     -   24s
H    0     0                    1345.0000000 1196.66667  11.0%     -   26s
H    0     0                    1308.0000000 1196.66667  8.51%     -   26s
H    0     0                    1289.0000000 1196.66667  7.16%     -   26s
H    0     0                    1286.0000000 1196.66667  6.95%     -   26s
H    0     0                    1284.0000000 1196.66667  6.80%     -   26s
H    0     0                    1278.0000000 1196.66667  6.36%     -   28s
H    0     0                    1276.0000000 1196.66667  6.22%     -   29s
H    0     0                    1274.0000000 1196.66667  6.07%     -   29s
H    0     0                    1273.0000000 1196.66667  6.00%     -   31s
H    0     0                    1272.0000000 1196.66667  5.92%     -   32s
H    0     0                    1271.0000000 1196.66667  5.85%     -   32s
H    0     0                    1270.0000000 1196.66667  5.77%     -   32s
H    0     0                    1267.0000000 1196.66667  5.55%     -   33s
H    0     0                    1266.0000000 1196.66667  5.48%     -   34s
H    0     0                    1265.0000000 1196.66667  5.40%     -   37s
H    0     0                    1264.0000000 1196.66667  5.33%     -   38s
H    0     0                    1263.0000000 1196.66667  5.25%     -   39s
H    0     0                    1262.0000000 1196.66667  5.18%     -   40s
H    0     0                    1261.0000000 1196.66667  5.10%     -   49s
     0     0 1196.66667    0  718 1261.00000 1196.66667  5.10%     -   50s
H    0     0                    1260.0000000 1196.66667  5.03%     -   71s
H    0     0                    1256.0000000 1196.66667  4.72%     -   71s
H    0     0                    1255.0000000 1196.66667  4.65%     -   72s
H    0     0                    1252.0000000 1196.66667  4.42%     -   72s
H    0     0                    1251.0000000 1196.66667  4.34%     -   73s
H    0     0                    1250.0000000 1196.66667  4.27%     -   73s
H    0     0                    1248.0000000 1196.66667  4.11%     -   73s
H    0     0                    1247.0000000 1196.66667  4.04%     -   74s
H    0     0                    1244.0000000 1196.66667  3.80%     -   74s
H    0     0                    1242.0000000 1196.66667  3.65%     -   74s
H    0     0                    1241.0000000 1196.66667  3.57%     -   74s
H    0     0                    1240.0000000 1196.66667  3.49%     -   75s
H    0     0                    1237.0000000 1196.66667  3.26%     -   75s
H    0     0                    1236.0000000 1196.66667  3.18%     -   75s
H    0     0                    1232.0000000 1196.66667  2.87%     -   75s
H    0     0                    1231.0000000 1196.66667  2.79%     -   76s
H    0     0                    1230.0000000 1196.66667  2.71%     -   76s
H    0     0                    1229.0000000 1196.66667  2.63%     -   76s
H    0     0                    1228.0000000 1196.66667  2.55%     -   76s
H    0     0                    1226.0000000 1196.66667  2.39%     -   77s
H    0     0                    1222.0000000 1196.66667  2.07%     -   77s
H    0     0                    1221.0000000 1196.66667  1.99%     -   77s
H    0     0                    1220.0000000 1196.66667  1.91%     -   77s
H    0     0                    1219.0000000 1196.66667  1.83%     -   85s
H    0     0                    1205.0000000 1196.66667  0.69%     -   85s
     0     0 1196.66667    0  718 1205.00000 1196.66667  0.69%     -  149s
     0     0 1196.66667    0  718 1205.00000 1196.66667  0.69%     -  153s
     0     0 1196.66667    0  359 1205.00000 1196.66667  0.69%     -  153s
     0     0 1196.66667    0  718 1205.00000 1196.66667  0.69%     -  158s
     0     0 1196.66667    0  718 1205.00000 1196.66667  0.69%     -  158s
     0     0 1196.66667    0 1077 1205.00000 1196.66667  0.69%     -  197s
     0     0 1196.66667    0 1077 1205.00000 1196.66667  0.69%     -  197s
     0     0 1196.66667    0 1436 1205.00000 1196.66667  0.69%     -  206s
     0     0 1196.66667    0  359 1205.00000 1196.66667  0.69%     -  206s
     0     2 1196.90647    0  359 1205.00000 1196.90647  0.67%     -  221s
     1     3 1196.90647    1  359 1205.00000 1196.90647  0.67%   4.0  226s
     2     3 1196.90647    2  359 1205.00000 1196.90647  0.67%   3.0  234s
H    4     4                    1204.0000000 1196.90647  0.59%   608  241s
     5     6 1196.94123    2 1999 1204.00000 1196.90647  0.59%  1919  271s
     7    11 1197.05320    3 2119 1204.00000 1196.90647  0.59%  4027  326s
    12    22 1197.14404    4 2091 1204.00000 1196.90647  0.59%  6704  406s
    23    27 1197.31401    6 2027 1204.00000 1196.99245  0.58% 11778  526s
    28    43 1197.27282    6 2028 1204.00000 1196.99245  0.58% 11978  672s
    44    59 1197.32101    7 2096 1204.00000 1197.13886  0.57% 12130  755s
    60    75 1197.46519    8 2049 1204.00000 1197.13886  0.57% 11833  826s
    76    91 1197.55920    9 2062 1204.00000 1197.13886  0.57% 12729  899s
    92   112 1197.58764   10 2068 1204.00000 1197.13886  0.57% 12226  985s
H  113   153                    1203.0000000 1197.13886  0.49% 11526 1070s
H  116   153                    1202.0000000 1197.13886  0.40% 11449 1070s
   154   191 1197.82591   13 2054 1202.00000 1197.13886  0.40% 10731 1136s
   192   235 1197.89502   14 2044 1202.00000 1197.13886  0.40% 11036 1207s
H  212   235                    1201.0000000 1197.13886  0.32% 10625 1207s
   236   279 1198.20970   17 2048 1201.00000 1197.13886  0.32% 10301 1252s
   280   313 1198.35313   19 2054 1201.00000 1197.13886  0.32%  9716 1312s
   314   341 1198.47788   21 2053 1201.00000 1197.13886  0.32%  9327 1349s
   344   362 1198.66459   23 2031 1201.00000 1197.13886  0.32%  9058 1384s
   377   375 1198.77690   25 2034 1201.00000 1197.13886  0.32%  8772 1418s
   406   392 1198.90570   27 2058 1201.00000 1197.13886  0.32%  8561 1475s
   433   409 1198.94215   28 2049 1201.00000 1197.14404  0.32%  8345 1514s
   466   435 1199.01847   30 2069 1201.00000 1197.14404  0.32%  8144 1557s
   498   451 1199.06983   32 2053 1201.00000 1197.14404  0.32%  7968 1601s
   528   472 1199.19440   34 2050 1201.00000 1197.14404  0.32%  7783 1643s
   557   481 1199.28538   36 2041 1201.00000 1197.14404  0.32%  7692 1697s
   584   492 1199.29992   37 2056 1201.00000 1197.14404  0.32%  7576 1747s
   611   515 1199.37024   39 2038 1201.00000 1197.14404  0.32%  7514 1811s
   641   515 1197.19446    6 1620 1201.00000 1197.17810  0.32%  7463 1815s
   646   533 1199.62531   42 2071 1201.00000 1197.17810  0.32%  7459 1870s
   674   552 1199.75657   45 2027 1201.00000 1197.19157  0.32%  7433 1931s
   713   579 1199.91383   48 2026 1201.00000 1197.19157  0.32%  7385 1997s
   748   597 1199.98939   49 1977 1201.00000 1197.19157  0.32%  7377 2052s
   772   627 1198.74956   33 2008 1201.00000 1197.19157  0.32%  7338 2108s
   808   659 1199.10922   36 2018 1201.00000 1197.19157  0.32%  7315 2163s
   850   672 1199.44771   39 2040 1201.00000 1197.19157  0.32%  7304 2237s
   871   682 1199.59568   40 2051 1201.00000 1197.19157  0.32%  7290 2323s
   895   693 1199.66506   41 2039 1201.00000 1197.19446  0.32%  7298 2392s
   904   693 1199.94331   34 2041 1201.00000 1197.19446  0.32%  7296 2395s
   924   713 1199.73848   42 2027 1201.00000 1197.19446  0.32%  7266 2470s
   952   737 1199.88496   43 2045 1201.00000 1197.19446  0.32%  7256 2539s
   968   737 1199.73308   34 2074 1201.00000 1197.20674  0.32%  7242 2541s
   988   764 1199.94406   44 2035 1201.00000 1197.20674  0.32%  7229 2610s
  1029   804 1199.99734   45 2050 1201.00000 1197.20674  0.32%  7193 2695s
  1077   837     cutoff   46      1201.00000 1197.24702  0.31%  7140 2771s
  1134   864 1200.00052   45 2046 1201.00000 1197.24702  0.31%  7091 2862s
  1187   890     cutoff   46      1201.00000 1197.25609  0.31%  7070 2963s
  1229   890 1199.94903   35 2059 1201.00000 1197.25609  0.31%  7032 2966s
  1241   929 1197.62463    7 2110 1201.00000 1197.25624  0.31%  7057 3062s
  1294   979 1197.75251    8 2113 1201.00000 1197.26225  0.31%  7055 3174s
  1346  1022 1197.83494    9 2100 1201.00000 1197.26225  0.31%  7056 3278s
  1391  1037 1197.99331   10 2107 1201.00000 1197.26225  0.31%  7047 3388s
  1416  1058 1198.17409   11 2086 1201.00000 1197.26225  0.31%  7019 3484s
  1439  1084 1198.22748   12 2084 1201.00000 1197.26225  0.31%  7007 3578s
  1471  1112 1198.28295   13 2095 1201.00000 1197.26225  0.31%  7009 3677s
  1499  1132 1198.42371   14 2076 1201.00000 1197.26225  0.31%  7002 3788s
  1523  1135 1198.55567   15 2098 1201.00000 1197.26225  0.31%  6992 3921s
  1556  1135 1197.44154    6 2061 1201.00000 1197.26938  0.31%  6971 3926s
  1562  1158 1198.69974   16 2129 1201.00000 1197.26938  0.31%  6965 4044s
  1581  1158 1197.57676    8 2055 1201.00000 1197.26938  0.31%  6989 4045s
  1589  1181 1198.77673   17 2124 1201.00000 1197.26938  0.31%  6990 4180s
  1612  1204 1198.84837   18 2132 1201.00000 1197.26938  0.31%  6984 4297s
  1635  1226 1198.87760   19 2081 1201.00000 1197.26938  0.31%  6988 4419s
  1667  1238 1198.88008   20 2096 1201.00000 1197.26938  0.31%  7010 4574s
  1679  1238 1198.49302   27 2036 1201.00000 1197.27282  0.31%  7019 4575s
  1687  1258 1198.96912   21 2111 1201.00000 1197.27282  0.31%  7021 4696s
  1711  1272 1199.04872   22 2112 1201.00000 1197.27282  0.31%  7009 4859s
  1729  1283 1199.11279   23 2109 1201.00000 1197.27282  0.31%  7004 5035s
  1750  1292 1199.17199   24 2091 1201.00000 1197.27282  0.31%  6990 5169s
  1763  1292 1197.75597   10 2043 1201.00000 1197.27282  0.31%  7013 5170s
  1773  1311 1199.23880   25 2090 1201.00000 1197.27282  0.31%  7013 5321s
  1806  1349 1199.65368   30 2126 1201.00000 1197.27282  0.31%  7024 5467s
  1864  1408 1199.08261   22 2054 1201.00000 1197.28912  0.31%  7041 5630s
  1947  1441 1197.41284    8 2056 1201.00000 1197.30926  0.31%  6999 5798s
  1994  1463 1197.49853    9 2057 1201.00000 1197.30926  0.31%  6989 5966s
  2028  1516 1197.59497   10 2054 1201.00000 1197.31112  0.31%  6994 6119s
  2089  1563 1197.65131   11 2074 1201.00000 1197.31112  0.31%  6981 6304s
  2168  1672 1197.71182   12 2086 1201.00000 1197.31112  0.31%  6946 6515s
  2307  1782 1197.76808   13 2068 1201.00000 1197.31849  0.31%  6946 6719s
  2487  1896 1197.89250   14 2068 1201.00000 1197.31903  0.31%  6914 6932s
  2648  1897 1199.62798   42  359 1201.00000 1197.31903  0.31%  6904 6970s
  2650  1898 1198.30543   17  359 1201.00000 1197.31903  0.31%  6899 7001s
  2651  1899 1197.92179   12  359 1201.00000 1197.31903  0.31%  6896 7076s
  2652  1900 1197.46226    8  718 1201.00000 1197.31903  0.31%  6893 7082s
  2653  1900 1198.59093   25 1077 1201.00000 1197.31903  0.31%  6891 7159s
  2654  1901 1198.83735   24 1077 1201.00000 1197.31903  0.31%  6888 7199s
  2655  1902 1198.72828   21  718 1201.00000 1197.31903  0.31%  6886 7229s
  2656  1902 1199.89798   37  359 1201.00000 1197.31903  0.31%  6883 7241s
  2657  1903 1198.95889   27  718 1201.00000 1197.31903  0.31%  6880 7255s
  2658  1904 1197.50068    8  359 1201.00000 1197.31903  0.31%  6878 7269s
  2659  1904 1198.59647   18  359 1201.00000 1197.31903  0.31%  6875 7301s
  2660  1907 1197.31903   14  359 1201.00000 1197.31903  0.31%  6881 7308s
  2661  1907 1197.31903   15  359 1201.00000 1197.31903  0.31%  6879 7314s
  2663  1907 1197.31903   16  359 1201.00000 1197.31903  0.31%  6874 7322s
  2664  1908 1197.31903   15 2000 1201.00000 1197.31903  0.31%  6873 7343s
  2665  1910 1197.31903   17 2175 1201.00000 1197.31903  0.31%  6872 7359s
  2668  1916 1197.31903   18 2027 1201.00000 1197.31903  0.31%  6869 7383s
  2675  1928 1197.31903   19 2010 1201.00000 1197.31903  0.31%  6877 7446s
  2689  1925 1197.31903   18 2041 1201.00000 1197.31903  0.31%  6928 7518s
  2691  1941 1197.31903   21 2034 1201.00000 1197.31903  0.31%  6929 7593s
  2707  1951 1197.37246   22 2056 1201.00000 1197.31903  0.31%  6959 7642s
  2723  1962 1197.44768   23 2009 1201.00000 1197.31903  0.31%  6979 7698s
  2739  1973 1197.42850   23 2023 1201.00000 1197.31903  0.31%  7040 7756s
  2755  1983 1197.53463   24 2043 1201.00000 1197.31903  0.31%  7055 7821s
  2771  1994 1197.67960   25 2066 1201.00000 1197.31903  0.31%  7063 7872s
  2787  2005 1197.65882   25 2034 1201.00000 1197.31903  0.31%  7069 7924s
  2803  2015 1197.76744   26 2049 1201.00000 1197.31903  0.31%  7078 7982s
  2819  2026 1197.71441   26 2032 1201.00000 1197.31903  0.31%  7084 8032s
  2835  2037 1197.86059   27 2038 1201.00000 1197.31903  0.31%  7090 8082s
  2851  2047 1197.86718   27 2034 1201.00000 1197.31903  0.31%  7095 8136s
  2867  2075 1197.94896   28 2064 1201.00000 1197.31903  0.31%  7116 8191s
  2900  2080 1198.01717   29 2069 1201.00000 1197.31903  0.31%  7109 8261s
  2916  2092 1198.11804   30 2036 1201.00000 1197.31903  0.31%  7110 8327s
  2933  2107 1198.13578   30 2045 1201.00000 1197.31903  0.31%  7114 8398s
  2954  2121 1198.23784   31 2044 1201.00000 1197.31903  0.31%  7111 8470s
  2975  2136 1198.31777   32 2071 1201.00000 1197.31903  0.31%  7101 8540s
  2997  2145 1198.37175   33 2061 1201.00000 1197.31903  0.31%  7090 8599s
  3013  2155 1198.36922   33 2071 1201.00000 1197.31903  0.31%  7082 8661s
  3033  2164 1198.42615   34 2082 1201.00000 1197.31903  0.31%  7073 8718s
  3054  2170 1198.47312   35 2066 1201.00000 1197.31903  0.31%  7057 8770s
  3073  2181 1198.58401   35 2079 1201.00000 1197.31903  0.31%  7054 8824s
  3093  2194 1198.51278   36 2081 1201.00000 1197.31903  0.31%  7049 8896s
  3112  2203 1198.52204   36 2078 1201.00000 1197.31903  0.31%  7041 8951s
  3134  2211 1198.55208   37 2052 1201.00000 1197.31903  0.31%  7029 9009s
  3159  2215 1198.61060   38 2049 1201.00000 1197.31903  0.31%  7012 9079s
  3185  2222 1198.64028   38 2058 1201.00000 1197.31903  0.31%  7009 9139s
  3211  2229 1198.71242   37 2065 1201.00000 1197.31903  0.31%  6997 9203s
  3239  2236 1198.59234   37 1985 1201.00000 1197.31903  0.31%  6987 9269s
  3267  2245 1198.72218   38 2053 1201.00000 1197.31903  0.31%  6981 9338s
  3299  2242 1199.02207   40 2045 1201.00000 1197.31903  0.31%  6970 9412s
  3327  2246 1198.68445   39 2016 1201.00000 1197.31903  0.31%  6973 9486s
  3362  2240 1198.88483   42 2070 1201.00000 1197.31903  0.31%  6969 9561s
  3402  2236 1198.94657   40 2056 1201.00000 1197.31903  0.31%  6958 9645s
  3427  2246 1199.01608   43 2083 1201.00000 1197.31903  0.31%  6960 9727s
  3450  2246 1199.41054   44 2067 1201.00000 1197.31903  0.31%  6965 9825s
  3475  2249 1199.26303   45 2075 1201.00000 1197.31903  0.31%  6965 9931s
  3495  2248 1199.52690   45 2005 1201.00000 1197.31903  0.31%  6966 10037s
  3522  2255 1199.40493   46 2087 1201.00000 1197.31903  0.31%  6964 10137s
  3540  2263 1199.57308   46 2057 1201.00000 1197.31903  0.31%  6967 10237s
  3562  2275 1199.53590   47 2119 1201.00000 1197.31903  0.31%  6979 10381s
  3586  2283 1199.76772   47 2056 1201.00000 1197.31903  0.31%  6984 10505s
  3602  2293 1199.65256   48 2083 1201.00000 1197.31903  0.31%  6988 10643s
  3623  2310 1199.75322   49 2088 1201.00000 1197.31903  0.31%  6996 10765s
  3647  2321 1199.83623   48 2067 1201.00000 1197.31903  0.31%  7000 10883s
  3666  2336     cutoff   49      1201.00000 1197.31903  0.31%  7003 11306s
  3689  2345 1199.92867   51 2101 1201.00000 1197.31903  0.31%  7004 11433s
  3716  2361     cutoff   52      1201.00000 1197.31903  0.31%  7000 11559s
  3749  2369 1197.59771   22 2059 1201.00000 1197.31903  0.31%  7007 11745s
  3768  2384 1197.76709   24 2085 1201.00000 1197.31903  0.31%  7010 11896s
  3789  2396 1197.78418   25 2090 1201.00000 1197.31903  0.31%  7007 12041s
  3838  2413 1197.89270   26 2087 1201.00000 1197.31903  0.31%  7004 12190s
  3882  2460 1197.96015   27 2086 1201.00000 1197.31903  0.31%  7018 12334s
  3959  2500 1198.02476   28 2077 1201.00000 1197.31903  0.31%  7013 12490s
  4071  2541 1198.08165   29 2113 1201.00000 1197.31903  0.31%  7012 12653s
  4211  2563 1198.18643   30 2086 1201.00000 1197.31903  0.31%  7006 12820s
  4334  2635 1198.29944   31 2062 1201.00000 1197.32288  0.31%  7013 12997s
  4471  2731 1198.46091   32 2075 1201.00000 1197.33271  0.31%  6999 13190s
  4647  2713 1198.51017   33 2040 1201.00000 1197.33271  0.31%  6951 13391s
  4725  2723 1198.57238   34 2078 1201.00000 1197.33271  0.31%  6945 13581s
  4775  2737 1198.64434   35 2054 1201.00000 1197.33271  0.31%  6948 13772s
  4850  2727 1198.69613   36 2055 1201.00000 1197.34260  0.30%  6958 13961s
  4873  2730 1198.77003   37 2073 1201.00000 1197.34260  0.30%  6960 14156s
  4894  2735 1198.80881   38 2068 1201.00000 1197.34260  0.30%  6953 14366s
  4914  2742 1198.87628   39 2037 1201.00000 1197.35646  0.30%  6952 14400s

Cutting planes:
  Lift-and-project: 15
  MIR: 72
  Flow cover: 189
  Zero half: 29
  Mod-K: 1

Explored 4931 nodes (34298083 simplex iterations) in 14400.13 seconds (44072.34 work units)
Thread count was 32 (of 32 available processors)

Solution count 10: 1201 1202 1203 ... 1226

Time limit reached
Best objective 1.201000000000e+03, best bound 1.198000000000e+03, gap 0.2498%

User-callback calls 2982442, time in user-callback 5.33 sec
