
Gurobi 13.0.2 (linux64) logging started Sun Jul 19 07:17:16 2026

Set parameter LogFile to value "/tmp/sweep_20260716_013919_north-korea_alt550km_s10_i1_v5_gurobi.log"
Set parameter Method to value 1
Set parameter NodefileStart to value 4
Set parameter RINS to value 50
Gurobi Optimizer version 13.0.2 build v13.0.2rc1 (linux64 - "Debian GNU/Linux 13 (trixie)")

CPU model: Intel(R) Xeon(R) Platinum 8375C CPU @ 2.90GHz, instruction set [SSE2|AVX|AVX2|AVX512]
Thread count: 16 physical cores, 32 logical processors, using up to 32 threads

Non-default parameters:
TimeLimit  14400
MIPGap  0.001
Method  1
LPWarmStart  1
Heuristics  0.2
MIPFocus  1
NodefileStart  4
RINS  50
Symmetry  2
Cuts  2
CoverCuts  2
LogToConsole  0

Academic license 2812613 - for non-commercial use only - registered to no___@gatech.edu
Optimize a model with 1436 rows, 7180 columns and 68928 nonzeros (Min)
Model fingerprint: 0xc3ea1a43
Model has 7180 linear objective coefficients
Variable types: 0 continuous, 7180 integer (7180 binary)
Coefficient statistics:
  Matrix range     [1e+00, 1e+00]
  Objective range  [1e+00, 1e+00]
  Bounds range     [1e+00, 1e+00]
  RHS range        [1e+01, 1e+01]

Found heuristic solution: objective 1852.0000000
Presolve time: 0.04s
Presolved: 1436 rows, 7180 columns, 68928 nonzeros
Variable types: 0 continuous, 7180 integer (7180 binary)

Root relaxation: objective 1.196667e+03, 13193 iterations, 2.64 seconds (4.37 work units)

    Nodes    |    Current Node    |     Objective Bounds      |     Work
 Expl Unexpl |  Obj  Depth IntInf | Incumbent    BestBd   Gap | It/Node Time

     0     0 1196.66667    0  717 1852.00000 1196.66667  35.4%     -    2s
H    0     0                    1381.0000000 1196.66667  13.3%     -    2s
H    0     0                    1364.0000000 1196.66667  12.3%     -    2s
H    0     0                    1292.0000000 1196.66667  7.38%     -    2s
H    0     0                    1266.0000000 1196.66667  5.48%     -    3s
H    0     0                    1255.0000000 1196.66667  4.65%     -    3s
H    0     0                    1254.0000000 1196.66667  4.57%     -    3s
H    0     0                    1250.0000000 1196.66667  4.27%     -    3s
H    0     0                    1249.0000000 1196.66667  4.19%     -    3s
H    0     0                    1242.0000000 1196.66667  3.65%     -    3s
H    0     0                    1240.0000000 1196.66667  3.49%     -    3s
H    0     0                    1235.0000000 1196.66667  3.10%     -    3s
H    0     0                    1234.0000000 1196.66667  3.03%     -    3s
H    0     0                    1233.0000000 1196.66667  2.95%     -    3s
H    0     0                    1231.0000000 1196.66667  2.79%     -    3s
H    0     0                    1230.0000000 1196.66667  2.71%     -    3s
H    0     0                    1229.0000000 1196.66667  2.63%     -    3s
H    0     0                    1228.0000000 1196.66667  2.55%     -    3s
H    0     0                    1227.0000000 1196.66667  2.47%     -    3s
H    0     0                    1226.0000000 1196.66667  2.39%     -    3s
     0     0 1196.66667    0  719 1226.00000 1196.66667  2.39%     -    5s
H    0     0                    1225.0000000 1196.66667  2.31%     -   19s
H    0     0                    1224.0000000 1196.66667  2.23%     -   19s
H    0     0                    1223.0000000 1196.66667  2.15%     -   20s
H    0     0                    1222.0000000 1196.66667  2.07%     -   20s
H    0     0                    1221.0000000 1196.66667  1.99%     -   20s
H    0     0                    1220.0000000 1196.66667  1.91%     -   21s
     0     0 1196.66667    0  718 1220.00000 1196.66667  1.91%     -   21s
     0     0 1196.66667    0  718 1220.00000 1196.66667  1.91%     -   24s
     0     0 1196.66667    0  718 1220.00000 1196.66667  1.91%     -   24s
     0     2 1196.66667    0  718 1220.00000 1196.66667  1.91%     -   34s
     1     3 1196.66667    1  718 1220.00000 1196.66667  1.91%  17.0   40s
    17    32 1196.66667    5  717 1220.00000 1196.66667  1.91%  77.3   45s
H   33    52                    1219.0000000 1196.66667  1.83%  83.7   49s
    53    68 1196.66667    7  717 1219.00000 1196.66667  1.83%  95.1   52s
H   55    68                    1218.0000000 1196.66667  1.75%  95.3   52s
    69   200 1196.66667    7  717 1218.00000 1196.66667  1.75%  95.1   58s
H  125   200                    1217.0000000 1196.66667  1.67%   107   58s
   202   201 1196.66667   10  718 1217.00000 1196.66667  1.67%   101   68s
   204   202 1196.66667    6  717 1217.00000 1196.66667  1.67%   100   88s
   206   204 1196.83333   13  717 1217.00000 1196.83333  1.66%  99.2  106s
   210   207 1196.83333   12  717 1217.00000 1196.83333  1.66%   175  128s
   212   209 1196.83333    9  717 1217.00000 1196.83333  1.66%   174  146s
   216   212 1196.83333   10  717 1217.00000 1196.83333  1.66%   246  168s
   217   213 1196.83333    8  717 1217.00000 1196.83333  1.66%   245  170s
   218   214 1196.83333    6  717 1217.00000 1196.83333  1.66%   244  188s
   220   216 1196.83333   10  718 1217.00000 1196.83333  1.66%   316  191s
   222   217 1196.83333    6  717 1217.00000 1196.83333  1.66%   314  210s
H  223   207                    1213.0000000 1196.83333  1.33%   312  228s
H  223   196                    1212.0000000 1196.83333  1.25%   312  228s
H  223   186                    1211.0000000 1196.83333  1.17%   312  231s
H  223   177                    1210.0000000 1196.83333  1.09%   312  231s
H  223   168                    1209.0000000 1196.83333  1.01%   312  235s
   226   171 1196.83333   11  718 1209.00000 1196.83333  1.01%   380  241s
   228   172 1196.83333    7  717 1209.00000 1196.83333  1.01%   377  246s
   229   173 1196.83333   11  718 1209.00000 1196.83333  1.01%   375  267s
H  230   165                    1208.0000000 1196.83333  0.92%   374  284s
   231   165 1196.83333    8  717 1208.00000 1196.83333  0.92%   372  292s
   233   168 1196.83333   11  718 1208.00000 1196.83333  0.92%   449  306s
   235   169 1196.83333   14  717 1208.00000 1196.83333  0.92%   445  311s
H  235   160                    1207.0000000 1196.83333  0.84%   445  328s
   236   161 1196.83333   12  717 1207.00000 1196.83333  0.84%   443  331s
   237   162 1196.83333   11  719 1207.00000 1196.83333  0.84%   441  337s
   238   162 1196.83333    6  720 1207.00000 1196.83333  0.84%   440  340s
   240   164 1196.83333   10  720 1207.00000 1196.83333  0.84%   436  347s
   241   164 1196.83333    6  719 1207.00000 1196.83333  0.84%   434  350s
H  241   156                    1206.0000000 1196.83333  0.76%   434  362s
   242   157 1196.83333   12  719 1206.00000 1196.83333  0.76%   432  383s
   244   152 1196.83333   11  718 1206.00000 1196.83333  0.76%   529  397s
   246   153 1196.83333    8  717 1206.00000 1196.83333  0.76%   525  402s
   247   154 1196.83333   11  718 1206.00000 1196.83333  0.76%   522  420s
   249   155 1196.83333   10  720 1206.00000 1196.83333  0.76%   518  426s
   250   156 1196.83333   11  718 1206.00000 1196.83333  0.76%   516  433s
   251   157 1196.83333    9  719 1206.00000 1196.83333  0.76%   514  438s
   252   157 1196.83333    6  719 1206.00000 1196.83333  0.76%   512  441s
H  252   149                    1205.0000000 1196.83333  0.68%   512  458s
   253   150 1196.83333   12  719 1205.00000 1196.83333  0.68%   510  464s
   255   153 1196.83333   12  718 1205.00000 1196.83333  0.68%   614  467s
   257   154 1196.83333   13  717 1205.00000 1196.83333  0.68%   609  472s
   258   155 1196.83333   11  718 1205.00000 1196.83333  0.68%   607  491s
   260   156 1196.83333   11  718 1205.00000 1196.83333  0.68%   602  517s
   262   159 1196.83333   11  718 1205.00000 1196.83333  0.68%   668  520s
   264   160 1196.83333    7  717 1205.00000 1196.83333  0.68%   663  525s
   265   161 1196.83333   13  718 1205.00000 1196.83333  0.68%   660  544s
   266   162 1196.83333   11  718 1205.00000 1196.83333  0.68%   658  546s
   267   162 1196.83333   12  718 1205.00000 1196.83333  0.68%   655  569s
   269   165 1196.83333    9  718 1205.00000 1196.83333  0.68%   719  572s
   271   166 1196.83333   12  717 1205.00000 1196.83333  0.68%   713  577s
   272   167 1196.83333   10  718 1205.00000 1196.83333  0.68%   711  596s
   274   168 1196.83333    9  718 1205.00000 1196.83333  0.68%   706  622s
   276   171 1196.83333    6  718 1205.00000 1196.83333  0.68%   767  625s
   279   173 1196.83333    6  718 1205.00000 1196.83333  0.68%   759  649s
   280   174 1196.83333    6  718 1205.00000 1196.83333  0.68%   756  652s
   281   174 1196.83333   11  718 1205.00000 1196.83333  0.68%   753  675s
   285   178 1196.83333   12  717 1205.00000 1196.83333  0.68%   807  682s
   286   179 1196.83333    8  718 1205.00000 1196.83333  0.68%   804  702s
   287   180 1196.83333   15  718 1205.00000 1196.83333  0.68%   801  705s
   288   180 1196.83333   12  718 1205.00000 1196.83333  0.68%   799  727s
   290   183 1196.83333   15  718 1205.00000 1196.83333  0.68%   856  730s
   292   184 1196.83333    6  717 1205.00000 1196.83333  0.68%   851  735s
   293   185 1196.83333    8  718 1205.00000 1196.83333  0.68%   848  755s
   295   186 1196.83333   15  718 1205.00000 1196.83333  0.68%   842  780s
   299   190 1196.83333    8  717 1205.00000 1196.83333  0.68%   892  788s
   300   191 1196.83333    8  718 1205.00000 1196.83333  0.68%   889  807s
   301   192 1196.83333   10  718 1205.00000 1196.83333  0.68%   886  810s
   302   192 1196.83333   10  718 1205.00000 1196.83333  0.68%   883  833s
   304   195 1196.83333    6  718 1205.00000 1196.83333  0.68%   938  835s
   306   196 1196.83333   13  717 1205.00000 1196.83333  0.68%   932  840s
   307   197 1196.83333    6  718 1205.00000 1196.83333  0.68%   929  860s
   309   198 1196.83333    9  718 1205.00000 1196.83333  0.68%   923  885s
   313   202 1196.83333    6  717 1205.00000 1196.83333  0.68%   969  893s
   314   203 1196.83333   11  718 1205.00000 1196.83333  0.68%   966  912s
   315   204 1196.83333    8  718 1205.00000 1196.83333  0.68%   963  915s
   316   204 1196.83333   10  718 1205.00000 1196.83333  0.68%   960  938s
   318   207 1196.83333    6  718 1205.00000 1196.83333  0.68%  1012  940s
   320   208 1196.83333   10  717 1205.00000 1196.83333  0.68%  1006  945s
   321   209 1196.83333   12  718 1205.00000 1196.83333  0.68%  1003  965s
   323   210 1196.83333   11  718 1205.00000 1196.83333  0.68%   996  991s
   327   214 1196.83333    6  717 1205.00000 1196.83333  0.68%  1040  999s
   328   215 1196.83333    7  718 1205.00000 1196.83333  0.68%  1037 1018s
   329   216 1196.83333   11  718 1205.00000 1196.83333  0.68%  1034 1021s
   330   216 1196.83333    6  718 1205.00000 1196.83333  0.68%  1031 1044s
   332   219 1196.83333   12  718 1205.00000 1196.83333  0.68%  1080 1046s
   334   220 1196.83333    9  717 1205.00000 1196.83333  0.68%  1073 1051s
   335   221 1196.83333   14  718 1205.00000 1196.83333  0.68%  1070 1071s
   336   222 1196.83333   12  718 1205.00000 1196.83333  0.68%  1067 1076s
   337   222 1196.83333   11  718 1205.00000 1196.83333  0.68%  1064 1084s
   338   223 1196.83333    6  720 1205.00000 1196.83333  0.68%  1061 1089s
   339   224 1196.83333   12  722 1205.00000 1196.83333  0.68%  1058 1092s
   340   224 1196.83333   10  722 1205.00000 1196.83333  0.68%  1054 1117s
   342   227 1196.83333   12  718 1205.00000 1196.83333  0.68%  1135 1131s
   344   228 1196.83333   11  717 1205.00000 1196.83333  0.68%  1128 1136s
   345   229 1196.83333   12  718 1205.00000 1196.83333  0.68%  1125 1156s
   347   230 1196.83333   11  718 1205.00000 1196.83333  0.68%  1118 1181s
   351   234 1196.83333    9  717 1205.00000 1196.83333  0.68%  1158 1189s
   352   235 1196.83333    6  718 1205.00000 1196.83333  0.68%  1155 1208s
   353   236 1196.83333   12  718 1205.00000 1196.83333  0.68%  1152 1211s
   354   236 1196.83333   11  718 1205.00000 1196.83333  0.68%  1148 1234s
   356   239 1196.83333   11  718 1205.00000 1196.83333  0.68%  1193 1237s
   358   240 1196.83333   11  717 1205.00000 1196.83333  0.68%  1187 1242s
   359   241 1196.83333   12  718 1205.00000 1196.83333  0.68%  1183 1261s
   361   242 1196.83333    6  718 1205.00000 1196.83333  0.68%  1177 1286s
   365   246 1196.83333   13  717 1205.00000 1196.83333  0.68%  1214 1294s
   366   247 1196.83333   11  718 1205.00000 1196.83333  0.68%  1211 1314s
   367   248 1196.83333   12  718 1205.00000 1196.83333  0.68%  1208 1316s
   368   248 1196.83333   13  718 1205.00000 1196.83333  0.68%  1204 1339s
   370   251 1196.83333    6  718 1205.00000 1196.83333  0.68%  1247 1342s
   372   252 1196.83333   10  717 1205.00000 1196.83333  0.68%  1241 1347s
   373   253 1196.83333   11  718 1205.00000 1196.83333  0.68%  1237 1366s
   375   254 1196.83333   13  718 1205.00000 1196.83333  0.68%  1231 1392s
   377   257 1196.83333    8  718 1205.00000 1196.83333  0.68%  1273 1395s
   379   258 1196.83333    6  717 1205.00000 1196.83333  0.68%  1266 1400s
   380   259 1196.83333    6  718 1205.00000 1196.83333  0.68%  1263 1419s
   381   260 1196.83333   11  718 1205.00000 1196.83333  0.68%  1260 1422s
   382   260 1196.83333    6  718 1205.00000 1196.83333  0.68%  1256 1445s
   386   264 1196.83333    8  717 1205.00000 1196.83333  0.68%  1291 1452s
   387   265 1196.83333   15  718 1205.00000 1196.83333  0.68%  1288 1472s
   389   266 1196.83333   12  718 1205.00000 1196.83333  0.68%  1281 1497s
   391   269 1196.83333   11  718 1205.00000 1196.83333  0.68%  1321 1500s
   393   270 1196.83333    8  717 1205.00000 1196.83333  0.68%  1315 1505s
   394   271 1196.83333   15  718 1205.00000 1196.83333  0.68%  1311 1525s
   396   272 1196.83333    6  718 1205.00000 1196.83333  0.68%  1305 1550s
   400   276 1196.83333    8  717 1205.00000 1196.83333  0.68%  1337 1558s
   401   277 1196.83333   10  718 1205.00000 1196.83333  0.68%  1334 1578s
   402   278 1196.83333   10  718 1205.00000 1196.83333  0.68%  1331 1580s
   403   278 1196.83333   11  718 1205.00000 1196.83333  0.68%  1328 1603s
   405   281 1196.83333   10  718 1205.00000 1196.83333  0.68%  1366 1606s
   407   282 1196.83333    6  717 1205.00000 1196.83333  0.68%  1360 1611s
   408   283 1196.83333    6  718 1205.00000 1196.83333  0.68%  1356 1630s
   410   284 1196.83333   12  718 1205.00000 1196.83333  0.68%  1350 1656s
   414   288 1196.83333   11  717 1205.00000 1196.83333  0.68%  1381 1663s
   415   289 1196.83333    8  718 1205.00000 1196.83333  0.68%  1378 1683s
   416   290 1196.83333   10  718 1205.00000 1196.83333  0.68%  1374 1686s
   417   290 1196.83333    8  718 1205.00000 1196.83333  0.68%  1371 1709s
   419   293 1196.83333   13  718 1205.00000 1196.83333  0.68%  1408 1712s
   421   294 1196.83333   12  717 1205.00000 1196.83333  0.68%  1402 1716s
   422   295 1196.83333    6  718 1205.00000 1196.83333  0.68%  1398 1736s
   424   296 1196.83333    8  718 1205.00000 1196.83333  0.68%  1392 1761s
   428   300 1196.83333    7  717 1205.00000 1196.83333  0.68%  1422 1769s
   429   301 1196.83333   11  718 1205.00000 1196.83333  0.68%  1418 1788s
   430   302 1196.83333    6  718 1205.00000 1196.83333  0.68%  1415 1791s
   431   302 1196.83333    8  718 1205.00000 1196.83333  0.68%  1412 1814s
   433   305 1196.83333   11  718 1205.00000 1196.83333  0.68%  1447 1817s
   435   306 1196.83333   14  717 1205.00000 1196.83333  0.68%  1441 1821s
   436   307 1196.83333   12  718 1205.00000 1196.83333  0.68%  1438 1841s
   438   308 1196.83333    6  718 1205.00000 1196.83333  0.68%  1431 1867s
   442   312 1196.83333   12  717 1205.00000 1196.83333  0.68%  1460 1874s
   443   313 1196.83333    6  718 1205.00000 1196.83333  0.68%  1456 1894s
   444   314 1196.83333   11  718 1205.00000 1196.83333  0.68%  1453 1897s
   445   314 1196.83333   12  718 1205.00000 1196.83333  0.68%  1450 1919s
   447   317 1196.83333   11  718 1205.00000 1196.83333  0.68%  1484 1922s
   449   318 1196.83333   10  717 1205.00000 1196.83333  0.68%  1478 1927s
   450   319 1196.83333   11  718 1205.00000 1196.83333  0.68%  1474 1946s
   452   320 1196.83333    6  718 1205.00000 1196.83333  0.68%  1468 1972s
   454   323 1196.83333   11  718 1205.00000 1196.83333  0.68%  1502 1975s
   456   324 1196.83333   11  717 1205.00000 1196.83333  0.68%  1495 1980s
   457   325 1196.83333   13  718 1205.00000 1196.83333  0.68%  1492 1999s
   458   326 1196.83333   11  718 1205.00000 1196.83333  0.68%  1489 2002s
   459   326 1196.83333   12  718 1205.00000 1196.83333  0.68%  1485 2025s
   463   330 1196.83333   13  717 1205.00000 1196.83333  0.68%  1512 2032s
   464   331 1196.83333    7  718 1205.00000 1196.83333  0.68%  1509 2052s
   465   332 1196.83333   13  718 1205.00000 1196.83333  0.68%  1506 2055s
   466   332 1196.83333   11  718 1205.00000 1196.83333  0.68%  1503 2078s
   468   335 1196.83333   13  718 1205.00000 1196.83333  0.68%  1535 2080s
   470   336 1196.83333    6  717 1205.00000 1196.83333  0.68%  1529 2085s
   471   337 1196.83333   12  718 1205.00000 1196.83333  0.68%  1526 2105s
   473   338 1196.83333   11  718 1205.00000 1196.83333  0.68%  1519 2130s
   477   342 1196.83333    8  717 1205.00000 1196.83333  0.68%  1545 2138s
   478   343 1196.83333   10  718 1205.00000 1196.83333  0.68%  1542 2157s
   479   344 1196.83333    6  718 1205.00000 1196.83333  0.68%  1538 2160s
   480   344 1196.83333    6  718 1205.00000 1196.83333  0.68%  1535 2183s
   482   347 1196.83333    6  718 1205.00000 1196.83333  0.68%  1567 2186s
   484   348 1196.83333    9  717 1205.00000 1196.83333  0.68%  1560 2190s
   485   349 1196.83333   12  718 1205.00000 1196.83333  0.68%  1557 2210s
   487   350 1196.83333   15  718 1205.00000 1196.83333  0.68%  1551 2235s
   491   354 1196.83333   11  717 1205.00000 1196.83333  0.68%  1576 2243s
   492   355 1196.83333    6  718 1205.00000 1196.83333  0.68%  1572 2262s
   493   356 1196.83333    8  718 1205.00000 1196.83333  0.68%  1569 2265s
   494   356 1196.83333   15  718 1205.00000 1196.83333  0.68%  1566 2288s
   496   359 1196.83333    6  718 1205.00000 1196.83333  0.68%  1597 2291s
   498   360 1196.83333   16  717 1205.00000 1196.83333  0.68%  1590 2296s
   499   361 1196.83333    8  718 1205.00000 1196.83333  0.68%  1587 2315s
   501   362 1196.83333   10  718 1205.00000 1196.83333  0.68%  1581 2341s
   505   366 1196.83333   10  717 1205.00000 1196.83333  0.68%  1605 2349s
   506   367 1196.83333   13  718 1205.00000 1196.83333  0.68%  1601 2368s
   507   368 1196.83333    6  718 1205.00000 1196.83333  0.68%  1598 2371s
   508   368 1196.83333    6  718 1205.00000 1196.83333  0.68%  1595 2394s
   510   371 1196.83333   12  718 1205.00000 1196.83333  0.68%  1625 2396s
   512   372 1196.83333    9  717 1205.00000 1196.83333  0.68%  1618 2401s
   513   373 1196.83333    6  718 1205.00000 1196.83333  0.68%  1615 2421s
   515   374 1196.83333    8  718 1205.00000 1196.83333  0.68%  1609 2446s
   519   378 1196.83333   13  717 1205.00000 1196.83333  0.68%  1632 2454s
   520   379 1196.83333   10  718 1205.00000 1196.83333  0.68%  1629 2473s
   521   380 1196.83333   12  718 1205.00000 1196.83333  0.68%  1626 2476s
   522   380 1196.83333    6  718 1205.00000 1196.83333  0.68%  1623 2499s
   524   383 1196.83333    8  718 1205.00000 1196.83333  0.68%  1651 2502s
   526   384 1196.83333   11  717 1205.00000 1196.83333  0.68%  1645 2507s
   527   385 1196.83333    6  718 1205.00000 1196.83333  0.68%  1642 2526s
   529   386 1196.83333   11  718 1205.00000 1196.83333  0.68%  1636 2552s
   533   390 1196.83333   11  717 1205.00000 1196.83333  0.68%  1658 2559s
   534   391 1196.83333    9  718 1205.00000 1196.83333  0.68%  1655 2579s
   535   392 1196.83333   14  718 1205.00000 1196.83333  0.68%  1652 2581s
   536   392 1196.83333   12  718 1205.00000 1196.83333  0.68%  1649 2604s
   538   395 1196.83333    6  718 1205.00000 1196.83333  0.68%  1677 2607s
   540   396 1196.83333   10  717 1205.00000 1196.83333  0.68%  1671 2612s
   541   397 1196.83333    6  718 1205.00000 1196.83333  0.68%  1667 2632s
   543   398 1196.83333    6  718 1205.00000 1196.83333  0.68%  1661 2657s
   545   401 1196.83333   12  718 1205.00000 1196.83333  0.68%  1689 2660s
   547   402 1196.83333   11  717 1205.00000 1196.83333  0.68%  1683 2665s
   548   403 1196.83333   10  718 1205.00000 1196.83333  0.68%  1680 2684s
   549   404 1196.83333   10  718 1205.00000 1196.83333  0.68%  1677 2687s
   550   404 1196.83333   11  718 1205.00000 1196.83333  0.68%  1674 2709s
   552   407 1196.83333    6  718 1205.00000 1196.83333  0.68%  1701 2712s
   554   408 1196.83333   11  717 1205.00000 1196.83333  0.68%  1695 2717s
   555   409 1196.83333   12  718 1205.00000 1196.83333  0.68%  1692 2736s
   557   410 1196.83333   13  718 1205.00000 1196.83333  0.68%  1685 2762s
   559   413 1196.83333   12  718 1205.00000 1196.83333  0.68%  1712 2765s
   561   414 1196.83333    6  717 1205.00000 1196.83333  0.68%  1706 2770s
   562   415 1196.83333   11  718 1205.00000 1196.83333  0.68%  1703 2789s
   563   416 1196.83333   13  718 1205.00000 1196.83333  0.68%  1700 2792s
   564   416 1196.83333    7  718 1205.00000 1196.83333  0.68%  1697 2814s
   566   419 1196.83333   11  718 1205.00000 1196.83333  0.68%  1724 2817s
   568   420 1196.83333   13  717 1205.00000 1196.83333  0.68%  1717 2822s
   569   421 1196.83333    9  718 1205.00000 1196.83333  0.68%  1714 2841s
   571   422 1196.83333   12  718 1205.00000 1196.83333  0.68%  1708 2867s
   573   425 1196.83333   11  718 1205.00000 1196.83333  0.68%  1734 2870s
   576   427 1196.83333    6  718 1205.00000 1196.83333  0.68%  1725 2894s
   577   428 1196.83333    8  718 1205.00000 1196.83333  0.68%  1722 2896s
   578   428 1196.83333   10  718 1205.00000 1196.83333  0.68%  1719 2919s
   580   431 1196.83333    6  718 1205.00000 1196.83333  0.68%  1745 2922s
   582   432 1196.83333    6  717 1205.00000 1196.83333  0.68%  1739 2927s
   583   433 1196.83333    9  718 1205.00000 1196.83333  0.68%  1736 2946s
   585   434 1196.83333   12  718 1205.00000 1196.83333  0.68%  1730 2972s
   589   438 1196.83333   12  717 1205.00000 1196.83333  0.68%  1750 2979s
   590   439 1196.83333   15  718 1205.00000 1196.83333  0.68%  1747 2999s
   591   440 1196.83333   11  718 1205.00000 1196.83333  0.68%  1744 3002s
   592   440 1196.83333    6  718 1205.00000 1196.83333  0.68%  1741 3025s
   596   444 1196.83333    6  717 1205.00000 1196.83333  0.68%  1760 3032s
   597   445 1196.83333    7  718 1205.00000 1196.83333  0.68%  1757 3051s
   599   446 1196.83333    8  718 1205.00000 1196.83333  0.68%  1751 3077s
   601   449 1196.83333   10  718 1205.00000 1196.83333  0.68%  1776 3080s
   603   450 1196.83333   11  717 1205.00000 1196.83333  0.68%  1770 3085s
   604   451 1196.83333    6  718 1205.00000 1196.83333  0.68%  1767 3104s
   605   452 1196.83333   10  718 1205.00000 1196.83333  0.68%  1764 3107s
   606   452 1196.83333   13  718 1205.00000 1196.83333  0.68%  1761 3130s
   610   456 1196.83333   12  717 1205.00000 1196.83333  0.68%  1780 3137s
   611   457 1196.83333   12  718 1205.00000 1196.83333  0.68%  1777 3157s
   612   458 1196.83333    9  718 1205.00000 1196.83333  0.68%  1774 3160s
   613   458 1196.83333    6  718 1205.00000 1196.83333  0.68%  1771 3183s
   615   461 1196.83333    8  718 1205.00000 1196.83333  0.68%  1795 3185s
   617   462 1196.83333    8  717 1205.00000 1196.83333  0.68%  1789 3190s
   618   463 1196.83333    6  718 1205.00000 1196.83333  0.68%  1786 3209s
   619   464 1196.83333   13  718 1205.00000 1196.83333  0.68%  1784 3212s
   620   464 1196.83333   10  718 1205.00000 1196.83333  0.68%  1781 3235s
   624   468 1196.83333    8  717 1205.00000 1196.83333  0.68%  1799 3243s
   625   469 1196.83333    8  718 1205.00000 1196.83333  0.68%  1796 3262s
   626   470 1196.83333   11  718 1205.00000 1196.83333  0.68%  1793 3265s
   627   470 1196.83333    6  718 1205.00000 1196.83333  0.68%  1790 3288s
   629   473 1196.83333   11  718 1205.00000 1196.83333  0.68%  1814 3290s
   631   474 1196.83333    8  717 1205.00000 1196.83333  0.68%  1808 3295s
   632   475 1196.83333   12  718 1205.00000 1196.83333  0.68%  1805 3315s
   634   476 1196.83333    9  718 1205.00000 1196.83333  0.68%  1799 3340s
   638   480 1196.83333    6  717 1205.00000 1196.83333  0.68%  1817 3348s
   639   481 1196.83333   12  718 1205.00000 1196.83333  0.68%  1814 3367s
   640   482 1196.83333   10  718 1205.00000 1196.83333  0.68%  1811 3370s
   641   482 1196.83333    6  718 1205.00000 1196.83333  0.68%  1808 3393s
   643   485 1196.83333    6  718 1205.00000 1196.83333  0.68%  1831 3395s
   645   486 1196.83333   12  717 1205.00000 1196.83333  0.68%  1825 3400s
   646   487 1196.83333    8  718 1205.00000 1196.83333  0.68%  1823 3420s
   648   488 1196.83333   10  718 1205.00000 1196.83333  0.68%  1817 3445s
   652   492 1196.83333    6  717 1205.00000 1196.83333  0.68%  1834 3453s
   653   493 1196.83333   12  718 1205.00000 1196.83333  0.68%  1831 3473s
   654   494 1196.83333   11  718 1205.00000 1196.83333  0.68%  1828 3475s
   655   494 1196.83333   12  718 1205.00000 1196.83333  0.68%  1826 3498s
   657   497 1196.83333   13  718 1205.00000 1196.83333  0.68%  1848 3501s
   659   498 1196.83333   12  717 1205.00000 1196.83333  0.68%  1842 3506s
   660   499 1196.83333   11  718 1205.00000 1196.83333  0.68%  1840 3525s
   662   500 1196.83333   11  718 1205.00000 1196.83333  0.68%  1834 3551s
   666   504 1196.83333   11  717 1205.00000 1196.83333  0.68%  1851 3558s
   667   505 1196.83333   12  718 1205.00000 1196.83333  0.68%  1848 3578s
   668   506 1196.83333   13  718 1205.00000 1196.83333  0.68%  1845 3581s
   669   506 1196.83333    9  718 1205.00000 1196.83333  0.68%  1842 3604s
   671   509 1196.83333   12  718 1205.00000 1196.83333  0.68%  1864 3606s
   673   510 1196.83333   11  717 1205.00000 1196.83333  0.68%  1859 3611s
   674   511 1196.83333    9  718 1205.00000 1196.83333  0.68%  1856 3630s
   676   512 1196.83333    6  718 1205.00000 1196.83333  0.68%  1850 3656s
   680   516 1196.83333    6  717 1205.00000 1196.83333  0.68%  1866 3664s
   681   517 1196.83333   11  718 1205.00000 1196.83333  0.68%  1864 3683s
   682   518 1196.83333    6  718 1205.00000 1196.83333  0.68%  1861 3685s
   683   518 1196.83333    9  718 1205.00000 1196.83333  0.68%  1858 3708s
   685   521 1196.83333   12  718 1205.00000 1196.83333  0.68%  1880 3711s
   687   522 1196.83333   15  717 1205.00000 1196.83333  0.68%  1874 3716s
   688   523 1196.83333   12  718 1205.00000 1196.83333  0.68%  1871 3735s
   690   524 1196.83333   15  718 1205.00000 1196.83333  0.68%  1866 3761s
   694   528 1196.83333   15  717 1205.00000 1196.83333  0.68%  1882 3769s
   695   529 1196.83333   15  718 1205.00000 1196.83333  0.68%  1879 3788s
   696   530 1196.83333    6  718 1205.00000 1196.83333  0.68%  1876 3791s
   697   530 1196.83333    7  718 1205.00000 1196.83333  0.68%  1874 3814s
   699   533 1196.83333    8  718 1205.00000 1196.83333  0.68%  1894 3817s
   701   534 1196.83333   10  717 1205.00000 1196.83333  0.68%  1889 3822s
   702   535 1196.83333   10  718 1205.00000 1196.83333  0.68%  1886 3841s
   704   536 1196.83333    6  718 1205.00000 1196.83333  0.68%  1881 3867s
   708   540 1196.83333    6  717 1205.00000 1196.83333  0.68%  1896 3874s
   709   541 1196.83333    9  718 1205.00000 1196.83333  0.68%  1894 3894s
   710   542 1196.83333   12  718 1205.00000 1196.83333  0.68%  1891 3896s
   711   542 1196.83333   12  718 1205.00000 1196.83333  0.68%  1888 3919s
   713   545 1196.83333    6  718 1205.00000 1196.83333  0.68%  1909 3922s
   715   546 1196.83333    8  717 1205.00000 1196.83333  0.68%  1903 3927s
   716   547 1196.83333   10  718 1205.00000 1196.83333  0.68%  1901 3946s
   718   548 1196.83333    6  718 1205.00000 1196.83333  0.68%  1895 3972s
   722   552 1196.83333    6  717 1205.00000 1196.83333  0.68%  1910 3979s
   723   553 1196.83333   11  718 1205.00000 1196.83333  0.68%  1908 3999s
   724   554 1196.83333    8  718 1205.00000 1196.83333  0.68%  1905 4001s
   725   554 1196.83333    8  718 1205.00000 1196.83333  0.68%  1903 4024s
   727   557 1196.83333    6  718 1205.00000 1196.83333  0.68%  1923 4027s
   729   558 1196.83333   11  717 1205.00000 1196.83333  0.68%  1917 4032s
   730   559 1196.83333    6  718 1205.00000 1196.83333  0.68%  1915 4051s
   732   560 1196.83333   12  718 1205.00000 1196.83333  0.68%  1909 4077s
   736   564 1196.83333   12  717 1205.00000 1196.83333  0.68%  1924 4084s
   737   565 1196.83333   11  718 1205.00000 1196.83333  0.68%  1921 4104s
   738   566 1196.83333    6  718 1205.00000 1196.83333  0.68%  1919 4106s
   739   566 1196.83333   12  718 1205.00000 1196.83333  0.68%  1916 4129s
   741   569 1196.83333    6  718 1205.00000 1196.83333  0.68%  1936 4132s
   743   570 1196.83333    6  717 1205.00000 1196.83333  0.68%  1931 4137s
   744   571 1196.83333   11  718 1205.00000 1196.83333  0.68%  1928 4156s
   746   572 1196.83333    8  718 1205.00000 1196.83333  0.68%  1923 4182s
   750   576 1196.83333   11  717 1205.00000 1196.83333  0.68%  1937 4189s
   751   577 1196.83333    9  718 1205.00000 1196.83333  0.68%  1934 4208s
   752   578 1196.83333    6  718 1205.00000 1196.83333  0.68%  1932 4211s
   753   578 1196.83333   12  718 1205.00000 1196.83333  0.68%  1929 4234s
   755   581 1196.83333   12  718 1205.00000 1196.83333  0.68%  1948 4237s
   757   582 1196.83333   13  717 1205.00000 1196.83333  0.68%  1943 4241s
   758   583 1196.83333   11  718 1205.00000 1196.83333  0.68%  1941 4261s
   760   584 1196.83333   11  718 1205.00000 1196.83333  0.68%  1936 4286s
   764   588 1196.83333    7  717 1205.00000 1196.83333  0.68%  1950 4294s
   765   589 1196.83333   13  718 1205.00000 1196.83333  0.68%  1947 4313s
   766   590 1196.83333   11  718 1205.00000 1196.83333  0.68%  1944 4316s
   767   590 1196.83333   12  718 1205.00000 1196.83333  0.68%  1942 4339s
   769   593 1196.83333    9  718 1205.00000 1196.83333  0.68%  1961 4341s
   771   594 1196.83333   12  717 1205.00000 1196.83333  0.68%  1956 4346s
   772   595 1196.83333   10  718 1205.00000 1196.83333  0.68%  1953 4365s
   774   596 1196.83333    9  718 1205.00000 1196.83333  0.68%  1948 4391s
   778   600 1196.83333   10  717 1205.00000 1196.83333  0.68%  1962 4399s
   779   601 1196.83333    6  718 1205.00000 1196.83333  0.68%  1959 4418s
   780   602 1196.83333    6  718 1205.00000 1196.83333  0.68%  1957 4421s
   781   602 1196.83333   11  718 1205.00000 1196.83333  0.68%  1954 4444s
   783   605 1196.83333    9  718 1205.00000 1196.83333  0.68%  1973 4447s
   785   606 1196.83333   12  717 1205.00000 1196.83333  0.68%  1968 4452s
   786   607 1196.83333    8  718 1205.00000 1196.83333  0.68%  1965 4471s
   788   608 1196.83333   12  718 1205.00000 1196.83333  0.68%  1960 4497s
   792   612 1196.83333    6  717 1205.00000 1196.83333  0.68%  1973 4504s
   793   613 1196.83333    8  718 1205.00000 1196.83333  0.68%  1971 4523s
   794   614 1196.83333   15  718 1205.00000 1196.83333  0.68%  1968 4526s
   795   614 1196.83333   15  718 1205.00000 1196.83333  0.68%  1966 4549s
   797   617 1196.83333    7  718 1205.00000 1196.83333  0.68%  1984 4552s
   799   618 1196.83333    8  717 1205.00000 1196.83333  0.68%  1979 4557s
   800   619 1196.83333    8  718 1205.00000 1196.83333  0.68%  1977 4576s
   802   620 1196.83333   10  718 1205.00000 1196.83333  0.68%  1972 4602s
   806   624 1196.83333   13  717 1205.00000 1196.83333  0.68%  1985 4609s
   807   625 1196.83333    6  718 1205.00000 1196.83333  0.68%  1982 4629s
   808   626 1196.83333    6  718 1205.00000 1196.83333  0.68%  1980 4632s
   809   626 1196.83333    9  718 1205.00000 1196.83333  0.68%  1977 4655s
   813   630 1196.83333    6  717 1205.00000 1196.83333  0.68%  1990 4662s
   814   631 1196.83333   11  718 1205.00000 1196.83333  0.68%  1988 4682s
   815   632 1196.83333    8  718 1205.00000 1196.83333  0.68%  1985 4685s
   816   632 1196.83333   10  718 1205.00000 1196.83333  0.68%  1983 4707s
   818   635 1196.83333    6  718 1205.00000 1196.83333  0.68%  2000 4710s
   820   636 1196.83333   10  717 1205.00000 1196.83333  0.68%  1995 4715s
   821   637 1196.83333   12  718 1205.00000 1196.83333  0.68%  1993 4735s
   823   638 1196.83333   11  718 1205.00000 1196.83333  0.68%  1988 4760s
   827   642 1196.83333    6  717 1205.00000 1196.83333  0.68%  2001 4768s
   828   643 1196.83333    7  718 1205.00000 1196.83333  0.68%  1998 4788s
   829   644 1196.83333   11  718 1205.00000 1196.83333  0.68%  1996 4790s
   830   644 1196.83333    6  718 1205.00000 1196.83333  0.68%  1994 4813s
   832   647 1196.83333   12  718 1205.00000 1196.83333  0.68%  2011 4816s
   834   648 1196.83333    9  717 1205.00000 1196.83333  0.68%  2006 4821s
   835   649 1196.83333   14  718 1205.00000 1196.83333  0.68%  2004 4840s
   837   650 1196.83333   11  718 1205.00000 1196.83333  0.68%  1999 4866s
   841   654 1196.83333    6  717 1205.00000 1196.83333  0.68%  2011 4873s
   842   655 1196.83333   12  718 1205.00000 1196.83333  0.68%  2009 4893s
   843   656 1196.83333    6  718 1205.00000 1196.83333  0.68%  2006 4898s
   844   656 1196.83333   11  719 1205.00000 1196.83333  0.68%  2004 4902s
   845   657 1196.83333   12  718 1205.00000 1196.83333  0.68%  2002 4905s
   846   658 1196.83333    8  718 1205.00000 1196.83333  0.68%  1999 4932s
   848   660 1196.83333   10  718 1205.00000 1196.83333  0.68%  2021 4935s
   850   661 1196.83333   11  717 1205.00000 1196.83333  0.68%  2016 4940s
   851   662 1196.83333    9  718 1205.00000 1196.83333  0.68%  2014 4959s
   852   663 1196.83333    6  718 1205.00000 1196.83333  0.68%  2011 4962s
   853   663 1196.83333   12  718 1205.00000 1196.83333  0.68%  2009 4985s
   857   667 1196.83333   13  717 1205.00000 1196.83333  0.68%  2021 4992s
   858   668 1196.83333   11  718 1205.00000 1196.83333  0.68%  2019 5012s
   859   669 1196.83333   12  718 1205.00000 1196.83333  0.68%  2016 5015s
   860   669 1196.83333   11  718 1205.00000 1196.83333  0.68%  2014 5038s
   862   672 1196.83333   11  718 1205.00000 1196.83333  0.68%  2031 5040s
   864   673 1196.83333    7  717 1205.00000 1196.83333  0.68%  2026 5045s
   865   674 1196.83333   13  718 1205.00000 1196.83333  0.68%  2023 5065s
   867   675 1196.83333   12  718 1205.00000 1196.83333  0.68%  2019 5090s
   871   679 1196.83333   12  717 1205.00000 1196.83333  0.68%  2031 5098s
   872   680 1196.83333   10  718 1205.00000 1196.83333  0.68%  2028 5118s
   873   681 1196.83333   11  718 1205.00000 1196.83333  0.68%  2026 5120s
   874   681 1196.83333    9  718 1205.00000 1196.83333  0.68%  2024 5143s
   876   684 1196.83333    6  718 1205.00000 1196.83333  0.68%  2040 5146s
   878   685 1196.83333   10  717 1205.00000 1196.83333  0.68%  2035 5151s
   879   686 1196.83333    6  718 1205.00000 1196.83333  0.68%  2033 5170s
   881   687 1196.83333   11  718 1205.00000 1196.83333  0.68%  2028 5196s
   885   691 1196.83333   12  717 1205.00000 1196.83333  0.68%  2040 5204s
   886   692 1196.83333    8  718 1205.00000 1196.83333  0.68%  2038 5223s
   887   693 1196.83333   15  718 1205.00000 1196.83333  0.68%  2035 5226s
   888   693 1196.83333   12  718 1205.00000 1196.83333  0.68%  2033 5249s
   890   696 1196.83333   15  718 1205.00000 1196.83333  0.68%  2049 5251s
   892   697 1196.83333    6  717 1205.00000 1196.83333  0.68%  2045 5256s
   893   698 1196.83333    8  718 1205.00000 1196.83333  0.68%  2042 5276s
   895   699 1196.83333   15  718 1205.00000 1196.83333  0.68%  2038 5301s
   899   703 1196.83333    8  717 1205.00000 1196.83333  0.68%  2049 5309s
   900   704 1196.83333    8  718 1205.00000 1196.83333  0.68%  2047 5328s
   901   705 1196.83333   10  718 1205.00000 1196.83333  0.68%  2044 5331s
   902   705 1196.83333   10  718 1205.00000 1196.83333  0.68%  2042 5354s
   904   708 1196.83333    6  718 1205.00000 1196.83333  0.68%  2058 5357s
   906   709 1196.83333   13  717 1205.00000 1196.83333  0.68%  2053 5362s
   907   710 1196.83333    6  718 1205.00000 1196.83333  0.68%  2051 5381s
   909   711 1196.83333    9  718 1205.00000 1196.83333  0.68%  2047 5407s
   913   715 1196.83333    6  717 1205.00000 1196.83333  0.68%  2058 5414s
   914   716 1196.83333   11  718 1205.00000 1196.83333  0.68%  2056 5434s
   915   717 1196.83333    8  718 1205.00000 1196.83333  0.68%  2053 5437s
   916   717 1196.83333   10  718 1205.00000 1196.83333  0.68%  2051 5460s
   920   721 1196.83333   10  717 1205.00000 1196.83333  0.68%  2062 5467s
   921   722 1196.83333   12  718 1205.00000 1196.83333  0.68%  2060 5487s
   922   723 1196.83333    6  718 1205.00000 1196.83333  0.68%  2058 5490s
   923   723 1196.83333   11  718 1205.00000 1196.83333  0.68%  2055 5513s
   925   726 1196.83333    8  718 1205.00000 1196.83333  0.68%  2071 5515s
   927   727 1196.83333    6  717 1205.00000 1196.83333  0.68%  2066 5520s
   928   728 1196.83333    7  718 1205.00000 1196.83333  0.68%  2064 5540s
   930   729 1196.83333    6  718 1205.00000 1196.83333  0.68%  2060 5565s
   934   733 1196.83333    9  717 1205.00000 1196.83333  0.68%  2071 5573s
   935   734 1196.83333   14  718 1205.00000 1196.83333  0.68%  2068 5592s
   936   735 1196.83333   12  718 1205.00000 1196.83333  0.68%  2066 5595s
   937   735 1196.83333   11  718 1205.00000 1196.83333  0.68%  2064 5618s
   939   738 1196.83333   12  718 1205.00000 1196.83333  0.68%  2079 5621s
   941   739 1196.83333    6  717 1205.00000 1196.83333  0.68%  2075 5625s
   942   740 1196.83333   12  718 1205.00000 1196.83333  0.68%  2072 5645s
   944   741 1196.83333   11  718 1205.00000 1196.83333  0.68%  2068 5670s
   948   745 1196.83333   10  717 1205.00000 1196.83333  0.68%  2079 5678s
   949   746 1196.83333   10  718 1205.00000 1196.83333  0.68%  2076 5697s
   950   747 1196.83333   11  718 1205.00000 1196.83333  0.68%  2074 5700s
   951   747 1196.83333    9  718 1205.00000 1196.83333  0.68%  2072 5723s
   953   750 1196.83333   12  718 1205.00000 1196.83333  0.68%  2087 5726s
   955   751 1196.83333   12  717 1205.00000 1196.83333  0.68%  2083 5731s
   956   752 1196.83333   11  718 1205.00000 1196.83333  0.68%  2080 5750s
   958   753 1196.83333   11  718 1205.00000 1196.83333  0.68%  2076 5776s
   962   757 1196.83333   11  717 1205.00000 1196.83333  0.68%  2087 5783s
   963   758 1196.83333   13  718 1205.00000 1196.83333  0.68%  2084 5803s
   964   759 1196.83333    7  718 1205.00000 1196.83333  0.68%  2082 5806s
   965   759 1196.83333   13  718 1205.00000 1196.83333  0.68%  2080 5829s
   967   762 1196.83333   12  718 1205.00000 1196.83333  0.68%  2095 5831s
   969   763 1196.83333    9  717 1205.00000 1196.83333  0.68%  2090 5836s
   970   764 1196.83333    6  718 1205.00000 1196.83333  0.68%  2088 5855s
   972   765 1196.83333   10  718 1205.00000 1196.83333  0.68%  2084 5881s
   976   769 1196.83333    6  717 1205.00000 1196.83333  0.68%  2094 5889s
   977   770 1196.83333    8  718 1205.00000 1196.83333  0.68%  2092 5908s
   978   771 1196.83333   10  718 1205.00000 1196.83333  0.68%  2090 5911s
   979   771 1196.83333    6  718 1205.00000 1196.83333  0.68%  2088 5934s
   981   774 1196.83333   11  718 1205.00000 1196.83333  0.68%  2102 5937s
   983   775 1196.83333    9  717 1205.00000 1196.83333  0.68%  2098 5942s
   984   776 1196.83333    9  718 1205.00000 1196.83333  0.68%  2096 5962s
   986   777 1196.83333    8  718 1205.00000 1196.83333  0.68%  2092 5987s
   988   780 1196.83333   12  718 1205.00000 1196.83333  0.68%  2106 5990s
   990   781 1196.83333   15  717 1205.00000 1196.83333  0.68%  2102 5995s
   991   782 1196.83333   11  718 1205.00000 1196.83333  0.68%  2100 6015s
   993   783 1196.83333    8  718 1205.00000 1196.83333  0.68%  2095 6040s
   997   787 1196.83333    7  717 1205.00000 1196.83333  0.68%  2105 6048s
   998   788 1196.83333   16  718 1205.00000 1196.83333  0.68%  2103 6067s
   999   789 1196.83333    8  718 1205.00000 1196.83333  0.68%  2101 6070s
  1000   789 1196.83333    8  718 1205.00000 1196.83333  0.68%  2099 6093s
  1002   792 1196.83333   10  718 1205.00000 1196.83333  0.68%  2113 6096s
  1004   793 1196.83333    6  717 1205.00000 1196.83333  0.68%  2109 6101s
  1005   794 1196.83333   10  718 1205.00000 1196.83333  0.68%  2107 6120s
  1007   795 1196.83333    6  718 1205.00000 1196.83333  0.68%  2103 6146s
  1011   799 1196.83333   12  717 1205.00000 1196.83333  0.68%  2113 6153s
  1012   800 1196.83333    9  718 1205.00000 1196.83333  0.68%  2110 6173s
  1013   801 1196.83333    6  718 1205.00000 1196.83333  0.68%  2108 6175s
  1014   801 1196.83333   11  718 1205.00000 1196.83333  0.68%  2106 6198s
  1016   804 1196.83333   10  718 1205.00000 1196.83333  0.68%  2120 6201s
  1018   805 1196.83333    6  717 1205.00000 1196.83333  0.68%  2116 6206s
  1019   806 1196.83333   13  718 1205.00000 1196.83333  0.68%  2114 6225s
  1021   807 1196.83333   12  718 1205.00000 1196.83333  0.68%  2110 6251s
  1025   811 1196.83333    8  717 1205.00000 1196.83333  0.68%  2119 6259s
  1026   812 1196.83333   11  718 1205.00000 1196.83333  0.68%  2117 6278s
  1027   813 1196.83333    6  718 1205.00000 1196.83333  0.68%  2115 6281s
  1028   813 1196.83333    7  718 1205.00000 1196.83333  0.68%  2113 6304s
  1030   816 1196.83333    6  718 1205.00000 1196.83333  0.68%  2127 6306s
  1032   817 1196.83333   12  717 1205.00000 1196.83333  0.68%  2123 6311s
  1033   818 1196.83333   11  718 1205.00000 1196.83333  0.68%  2121 6331s
  1035   819 1196.83333   14  718 1205.00000 1196.83333  0.68%  2117 6357s
  1039   823 1196.83333   12  717 1205.00000 1196.83333  0.68%  2126 6364s
  1040   824 1196.83333   10  718 1205.00000 1196.83333  0.68%  2124 6383s
  1041   825 1196.83333    6  718 1205.00000 1196.83333  0.68%  2122 6386s
  1042   825 1196.83333   12  718 1205.00000 1196.83333  0.68%  2120 6409s
  1044   828 1196.83333   11  718 1205.00000 1196.83333  0.68%  2134 6412s
  1046   829 1196.83333    8  717 1205.00000 1196.83333  0.68%  2130 6417s
  1047   830 1196.83333   11  718 1205.00000 1196.83333  0.68%  2128 6437s
  1049   831 1196.83333   10  718 1205.00000 1196.83333  0.68%  2123 6462s
  1051   834 1196.83333    9  718 1205.00000 1196.83333  0.68%  2137 6465s
  1053   835 1196.83333   12  717 1205.00000 1196.83333  0.68%  2133 6470s
  1054   836 1196.83333   11  718 1205.00000 1196.83333  0.68%  2131 6490s
  1056   837 1196.83333   11  718 1205.00000 1196.83333  0.68%  2127 6515s
  1060   841 1196.83333   11  717 1205.00000 1196.83333  0.68%  2136 6523s
  1061   842 1196.83333    6  718 1205.00000 1196.83333  0.68%  2134 6543s
  1062   843 1196.83333   11  718 1205.00000 1196.83333  0.68%  2132 6545s
  1063   843 1196.83333   13  718 1205.00000 1196.83333  0.68%  2130 6568s
  1065   846 1196.83333   13  718 1205.00000 1196.83333  0.68%  2143 6571s
  1067   847 1196.83333   12  717 1205.00000 1196.83333  0.68%  2139 6576s
  1068   848 1196.83333   13  718 1205.00000 1196.83333  0.68%  2137 6596s
  1070   849 1196.83333    6  718 1205.00000 1196.83333  0.68%  2133 6621s
  1074   853 1196.83333    9  717 1205.00000 1196.83333  0.68%  2142 6629s
  1075   854 1196.83333   13  718 1205.00000 1196.83333  0.68%  2140 6649s
  1076   855 1196.83333    6  718 1205.00000 1196.83333  0.68%  2138 6651s
  1077   855 1196.83333    8  718 1205.00000 1196.83333  0.68%  2136 6674s
  1079   858 1196.83333    6  718 1205.00000 1196.83333  0.68%  2149 6677s
  1081   859 1196.83333   11  717 1205.00000 1196.83333  0.68%  2146 6682s
  1082   860 1196.83333    6  718 1205.00000 1196.83333  0.68%  2144 6701s
  1084   861 1196.83333    9  718 1205.00000 1196.83333  0.68%  2140 6727s
  1086   864 1196.83333    8  718 1205.00000 1196.83333  0.68%  2153 6730s
  1088   865 1196.83333   12  717 1205.00000 1196.83333  0.68%  2149 6735s
  1089   866 1196.83333   12  718 1205.00000 1196.83333  0.68%  2147 6755s
  1091   867 1196.83333   11  718 1205.00000 1196.83333  0.68%  2143 6780s
  1095   871 1196.83333   15  717 1205.00000 1196.83333  0.68%  2152 6788s
  1096   872 1196.83333    6  718 1205.00000 1196.83333  0.68%  2150 6807s
  1097   873 1196.83333    7  718 1205.00000 1196.83333  0.68%  2148 6810s
  1098   873 1196.83333   16  718 1205.00000 1196.83333  0.68%  2146 6833s
  1100   876 1196.83333    8  718 1205.00000 1196.83333  0.68%  2159 6836s
  1102   877 1196.83333   10  717 1205.00000 1196.83333  0.68%  2155 6840s
  1103   878 1196.83333   11  718 1205.00000 1196.83333  0.68%  2153 6860s
  1105   879 1196.83333   10  718 1205.00000 1196.83333  0.68%  2149 6886s
  1109   883 1196.83333    9  717 1205.00000 1196.83333  0.68%  2158 6893s
  1110   884 1196.83333   12  718 1205.00000 1196.83333  0.68%  2156 6913s
  1111   885 1196.83333   12  718 1205.00000 1196.83333  0.68%  2154 6915s
  1112   885 1196.83333    9  718 1205.00000 1196.83333  0.68%  2152 6938s
  1114   888 1196.83333   11  718 1205.00000 1196.83333  0.68%  2164 6941s
  1116   889 1196.83333   10  717 1205.00000 1196.83333  0.68%  2160 6946s
  1117   890 1196.83333    8  718 1205.00000 1196.83333  0.68%  2159 6965s
  1119   891 1196.83333   13  718 1205.00000 1196.83333  0.68%  2155 6991s
  1123   895 1196.83333   11  717 1205.00000 1196.83333  0.68%  2163 6999s
  1124   896 1196.83333    8  718 1205.00000 1196.83333  0.68%  2161 7018s
  1125   897 1196.83333    8  718 1205.00000 1196.83333  0.68%  2159 7021s
  1126   897 1196.83333   11  718 1205.00000 1196.83333  0.68%  2158 7044s
  1128   900 1196.83333    7  718 1205.00000 1196.83333  0.68%  2170 7047s
  1130   901 1196.83333    6  717 1205.00000 1196.83333  0.68%  2166 7052s
  1131   902 1196.83333    8  718 1205.00000 1196.83333  0.68%  2164 7071s
  1133   903 1196.83333   11  718 1205.00000 1196.83333  0.68%  2160 7097s
  1137   907 1196.83333   11  717 1205.00000 1196.83333  0.68%  2169 7104s
  1138   908 1196.83333    6  718 1205.00000 1196.83333  0.68%  2167 7124s
  1139   909 1196.83333   12  718 1205.00000 1196.83333  0.68%  2165 7127s
  1140   909 1196.83333   10  718 1205.00000 1196.83333  0.68%  2163 7149s
  1142   912 1196.83333   12  718 1205.00000 1196.83333  0.68%  2176 7152s
  1144   913 1196.83333   11  717 1205.00000 1196.83333  0.68%  2172 7157s
  1145   914 1196.83333   12  718 1205.00000 1196.83333  0.68%  2170 7177s
  1146   915 1196.83333    8  718 1205.00000 1196.83333  0.68%  2168 7180s
  1147   915 1196.83333   11  718 1205.00000 1196.83333  0.68%  2166 7202s
  1149   918 1196.83333   10  718 1205.00000 1196.83333  0.68%  2178 7205s
  1151   919 1196.83333    9  717 1205.00000 1196.83333  0.68%  2175 7210s
  1152   920 1196.83333    6  718 1205.00000 1196.83333  0.68%  2173 7230s
  1154   921 1196.83333   11  718 1205.00000 1196.83333  0.68%  2169 7255s
  1158   925 1196.83333   11  717 1205.00000 1196.83333  0.68%  2177 7263s
  1159   926 1196.83333   12  718 1205.00000 1196.83333  0.68%  2175 7282s
  1160   927 1196.83333   11  718 1205.00000 1196.83333  0.68%  2173 7285s
  1161   927 1196.83333    6  718 1205.00000 1196.83333  0.68%  2172 7308s
  1163   930 1196.83333   13  718 1205.00000 1196.83333  0.68%  2184 7311s
  1165   931 1196.83333   13  717 1205.00000 1196.83333  0.68%  2180 7316s
  1166   932 1196.83333   11  718 1205.00000 1196.83333  0.68%  2178 7335s
  1168   933 1196.83333   13  718 1205.00000 1196.83333  0.68%  2174 7361s
  1172   937 1196.83333   10  717 1205.00000 1196.83333  0.68%  2183 7368s
  1173   938 1196.83333   11  718 1205.00000 1196.83333  0.68%  2181 7388s
  1174   939 1196.83333    9  718 1205.00000 1196.83333  0.68%  2179 7391s
  1175   939 1196.83333   13  718 1205.00000 1196.83333  0.68%  2177 7414s
  1177   942 1196.83333    8  718 1205.00000 1196.83333  0.68%  2189 7416s
  1179   943 1196.83333    6  717 1205.00000 1196.83333  0.68%  2185 7421s
  1180   944 1196.83333    6  718 1205.00000 1196.83333  0.68%  2183 7441s
  1182   945 1196.83333    6  718 1205.00000 1196.83333  0.68%  2180 7467s
  1186   949 1196.83333    8  717 1205.00000 1196.83333  0.68%  2188 7474s
  1187   950 1196.83333   15  718 1205.00000 1196.83333  0.68%  2186 7494s
  1188   951 1196.83333   12  718 1205.00000 1196.83333  0.68%  2184 7497s
  1189   951 1196.83333   12  718 1205.00000 1196.83333  0.68%  2182 7519s
  1191   954 1196.83333   11  718 1205.00000 1196.83333  0.68%  2194 7522s
  1193   955 1196.83333    8  717 1205.00000 1196.83333  0.68%  2190 7527s
  1194   956 1196.83333   15  718 1205.00000 1196.83333  0.68%  2188 7547s
  1196   957 1196.83333    6  718 1205.00000 1196.83333  0.68%  2185 7572s
  1198   960 1196.83333   16  718 1205.00000 1196.83333  0.68%  2196 7575s
  1200   961 1196.83333    8  717 1205.00000 1196.83333  0.68%  2193 7580s
  1201   962 1196.83333   10  718 1205.00000 1196.83333  0.68%  2191 7600s
  1203   963 1196.83333   11  718 1205.00000 1196.83333  0.68%  2187 7625s
  1207   967 1196.83333    6  717 1205.00000 1196.83333  0.68%  2195 7633s
  1208   968 1196.83333    6  718 1205.00000 1196.83333  0.68%  2193 7653s
  1209   969 1196.83333    9  718 1205.00000 1196.83333  0.68%  2192 7655s
  1210   969 1196.83333   12  718 1205.00000 1196.83333  0.68%  2190 7678s
  1212   972 1196.83333    9  718 1205.00000 1196.83333  0.68%  2201 7681s
  1214   973 1196.83333   11  717 1205.00000 1196.83333  0.68%  2198 7686s
  1215   974 1196.83333    8  718 1205.00000 1196.83333  0.68%  2196 7705s
  1217   975 1196.83333    8  718 1205.00000 1196.83333  0.68%  2192 7731s
  1221   979 1196.83333   12  717 1205.00000 1196.83333  0.68%  2200 7738s
  1222   980 1196.83333    6  718 1205.00000 1196.83333  0.68%  2198 7758s
  1223   981 1196.83333   11  718 1205.00000 1196.83333  0.68%  2197 7760s
  1224   981 1196.83333    8  718 1205.00000 1196.83333  0.68%  2195 7783s
  1226   984 1196.83333   11  718 1205.00000 1196.83333  0.68%  2206 7786s
  1228   985 1196.83333    7  717 1205.00000 1196.83333  0.68%  2203 7791s
  1229   986 1196.83333   11  718 1205.00000 1196.83333  0.68%  2201 7811s
  1231   987 1196.83333    8  718 1205.00000 1196.83333  0.68%  2197 7837s
  1233   990 1196.83333   11  718 1205.00000 1196.83333  0.68%  2209 7840s
  1235   991 1196.83333   14  717 1205.00000 1196.83333  0.68%  2205 7845s
  1236   992 1196.83333   12  718 1205.00000 1196.83333  0.68%  2203 7864s
  1237   993 1196.83333   11  718 1205.00000 1196.83333  0.68%  2201 7867s
  1238   993 1196.83333    6  718 1205.00000 1196.83333  0.68%  2200 7890s
  1242   997 1196.83333   12  717 1205.00000 1196.83333  0.68%  2207 7897s
  1243   998 1196.83333    6  718 1205.00000 1196.83333  0.68%  2206 7917s
  1245   999 1196.83333   12  718 1205.00000 1196.83333  0.68%  2202 7942s
  1247  1002 1196.83333   11  718 1205.00000 1196.83333  0.68%  2213 7945s
  1249  1003 1196.83333   10  717 1205.00000 1196.83333  0.68%  2210 7950s
  1250  1004 1196.83333   11  718 1205.00000 1196.83333  0.68%  2208 7969s
  1251  1005 1196.83333    9  718 1205.00000 1196.83333  0.68%  2206 7972s
  1252  1005 1196.83333    6  718 1205.00000 1196.83333  0.68%  2204 7995s
  1256  1009 1196.83333   11  717 1205.00000 1196.83333  0.68%  2212 8002s
  1257  1010 1196.83333   13  718 1205.00000 1196.83333  0.68%  2210 8022s
  1258  1011 1196.83333   11  718 1205.00000 1196.83333  0.68%  2208 8025s
  1259  1011 1196.83333   12  718 1205.00000 1196.83333  0.68%  2207 8047s
  1261  1014 1196.83333    6  718 1205.00000 1196.83333  0.68%  2218 8050s
  1263  1015 1196.83333   13  717 1205.00000 1196.83333  0.68%  2214 8055s
  1264  1016 1196.83333    7  718 1205.00000 1196.83333  0.68%  2212 8075s
  1266  1017 1196.83333   11  718 1205.00000 1196.83333  0.68%  2209 8100s
  1270  1021 1196.83333    6  717 1205.00000 1196.83333  0.68%  2216 8108s
  1271  1022 1196.83333   12  718 1205.00000 1196.83333  0.68%  2215 8127s
  1272  1023 1196.83333   10  718 1205.00000 1196.83333  0.68%  2213 8130s
  1273  1023 1196.83333   11  718 1205.00000 1196.83333  0.68%  2211 8153s
  1275  1026 1196.83333   13  718 1205.00000 1196.83333  0.68%  2222 8155s
  1277  1027 1196.83333    8  717 1205.00000 1196.83333  0.68%  2219 8160s
  1278  1028 1196.83333   10  718 1205.00000 1196.83333  0.68%  2217 8180s
  1280  1029 1196.83333    6  718 1205.00000 1196.83333  0.68%  2213 8205s
  1284  1033 1196.83333    9  717 1205.00000 1196.83333  0.68%  2221 8213s
  1285  1034 1196.83333   12  718 1205.00000 1196.83333  0.68%  2219 8232s
  1286  1035 1196.83333    8  718 1205.00000 1196.83333  0.68%  2217 8235s
  1287  1035 1196.83333   15  718 1205.00000 1196.83333  0.68%  2216 8258s
  1289  1038 1196.83333   12  718 1205.00000 1196.83333  0.68%  2226 8260s
  1291  1039 1196.83333   11  717 1205.00000 1196.83333  0.68%  2223 8265s
  1292  1040 1196.83333    6  718 1205.00000 1196.83333  0.68%  2221 8285s
  1294  1041 1196.83333   15  718 1205.00000 1196.83333  0.68%  2218 8310s
  1298  1045 1196.83333   16  717 1205.00000 1196.83333  0.68%  2225 8318s
  1299  1046 1196.83333    8  718 1205.00000 1196.83333  0.68%  2223 8337s
  1300  1047 1196.83333    8  718 1205.00000 1196.83333  0.68%  2222 8340s
  1301  1047 1196.83333   10  718 1205.00000 1196.83333  0.68%  2220 8363s
  1303  1050 1196.83333   11  718 1205.00000 1196.83333  0.68%  2231 8366s
  1305  1051 1196.83333   10  717 1205.00000 1196.83333  0.68%  2227 8371s
  1306  1052 1196.83333   13  718 1205.00000 1196.83333  0.68%  2226 8390s
  1308  1053 1196.83333    6  718 1205.00000 1196.83333  0.68%  2222 8416s
  1312  1057 1196.83333    9  717 1205.00000 1196.83333  0.68%  2229 8423s
  1313  1058 1196.83333    6  718 1205.00000 1196.83333  0.68%  2228 8443s
  1314  1059 1196.83333   11  718 1205.00000 1196.83333  0.68%  2226 8445s
  1315  1059 1196.83333    8  718 1205.00000 1196.83333  0.68%  2224 8468s
  1317  1062 1196.83333    8  718 1205.00000 1196.83333  0.68%  2235 8471s
  1319  1063 1196.83333   13  717 1205.00000 1196.83333  0.68%  2232 8476s
  1320  1064 1196.83333   10  718 1205.00000 1196.83333  0.68%  2230 8495s
  1322  1065 1196.83333    6  718 1205.00000 1196.83333  0.68%  2226 8521s
  1326  1069 1196.83333   11  717 1205.00000 1196.83333  0.68%  2234 8529s
  1327  1070 1196.83333    6  718 1205.00000 1196.83333  0.68%  2232 8548s
  1328  1071 1196.83333    7  718 1205.00000 1196.83333  0.68%  2230 8551s
  1329  1071 1196.83333   11  718 1205.00000 1196.83333  0.68%  2229 8574s
  1331  1074 1196.83333    8  718 1205.00000 1196.83333  0.68%  2239 8576s
  1333  1075 1196.83333   11  717 1205.00000 1196.83333  0.68%  2236 8581s
  1334  1076 1196.83333    9  718 1205.00000 1196.83333  0.68%  2234 8601s
  1336  1077 1196.83333   12  718 1205.00000 1196.83333  0.68%  2231 8627s
  1338  1080 1196.83333    6  718 1205.00000 1196.83333  0.68%  2241 8630s
  1341  1082 1196.83333    6  718 1205.00000 1196.83333  0.68%  2236 8655s
  1343  1083 1196.83333    6  718 1205.00000 1196.83333  0.68%  2233 8680s
  1347  1087 1196.83333   11  717 1205.00000 1196.83333  0.68%  2240 8688s
  1348  1088 1196.83333   10  718 1205.00000 1196.83333  0.68%  2238 8707s
  1349  1089 1196.83333   10  718 1205.00000 1196.83333  0.68%  2236 8710s
  1350  1089 1196.83333   11  718 1205.00000 1196.83333  0.68%  2235 8733s
  1352  1092 1196.83333    6  718 1205.00000 1196.83333  0.68%  2245 8736s
  1354  1093 1196.83333   11  717 1205.00000 1196.83333  0.68%  2242 8741s
  1355  1094 1196.83333   12  718 1205.00000 1196.83333  0.68%  2240 8760s
  1357  1095 1196.83333   13  718 1205.00000 1196.83333  0.68%  2237 8786s
  1361  1099 1196.83333    6  717 1205.00000 1196.83333  0.68%  2244 8793s
  1362  1100 1196.83333   11  718 1205.00000 1196.83333  0.68%  2242 8812s
  1363  1101 1196.83333   13  718 1205.00000 1196.83333  0.68%  2240 8815s
  1364  1101 1196.83333    7  718 1205.00000 1196.83333  0.68%  2239 8838s
  1366  1104 1196.83333   11  718 1205.00000 1196.83333  0.68%  2249 8841s
  1368  1105 1196.83333   13  717 1205.00000 1196.83333  0.68%  2246 8846s
  1369  1106 1196.83333    9  718 1205.00000 1196.83333  0.68%  2244 8865s
  1371  1107 1196.83333   12  718 1205.00000 1196.83333  0.68%  2241 8891s
  1375  1111 1196.83333   13  717 1205.00000 1196.83333  0.68%  2247 8898s
  1376  1112 1196.83333    6  718 1205.00000 1196.83333  0.68%  2246 8918s
  1377  1113 1196.83333    8  718 1205.00000 1196.83333  0.68%  2244 8920s
  1378  1113 1196.83333   10  718 1205.00000 1196.83333  0.68%  2243 8943s
  1380  1116 1196.83333    6  718 1205.00000 1196.83333  0.68%  2253 8946s
  1382  1117 1196.83333    6  717 1205.00000 1196.83333  0.68%  2249 8951s
  1383  1118 1196.83333    9  718 1205.00000 1196.83333  0.68%  2248 8970s
  1385  1119 1196.83333   12  718 1205.00000 1196.83333  0.68%  2244 8996s
  1389  1123 1196.83333   12  717 1205.00000 1196.83333  0.68%  2251 9004s
  1390  1124 1196.83333   15  718 1205.00000 1196.83333  0.68%  2250 9023s
  1391  1125 1196.83333   11  718 1205.00000 1196.83333  0.68%  2248 9026s
  1392  1125 1196.83333    6  718 1205.00000 1196.83333  0.68%  2246 9049s
  1394  1128 1196.83333   15  718 1205.00000 1196.83333  0.68%  2256 9051s
  1396  1129 1196.83333    6  717 1205.00000 1196.83333  0.68%  2253 9056s
  1397  1130 1196.83333    7  718 1205.00000 1196.83333  0.68%  2251 9076s
  1399  1131 1196.83333    8  718 1205.00000 1196.83333  0.68%  2248 9101s
  1403  1135 1196.83333   11  717 1205.00000 1196.83333  0.68%  2255 9109s
  1404  1136 1196.83333    6  718 1205.00000 1196.83333  0.68%  2253 9128s
  1405  1137 1196.83333   10  718 1205.00000 1196.83333  0.68%  2252 9131s
  1406  1137 1196.83333   13  718 1205.00000 1196.83333  0.68%  2250 9154s
  1408  1140 1196.83333    6  718 1205.00000 1196.83333  0.68%  2260 9157s
  1410  1141 1196.83333   12  717 1205.00000 1196.83333  0.68%  2257 9161s
  1411  1142 1196.83333   12  718 1205.00000 1196.83333  0.68%  2255 9181s
  1413  1143 1196.83333    6  718 1205.00000 1196.83333  0.68%  2252 9207s
  1417  1147 1196.83333    8  717 1205.00000 1196.83333  0.68%  2259 9214s
  1418  1148 1196.83333    6  718 1205.00000 1196.83333  0.68%  2257 9234s
  1419  1149 1196.83333   13  718 1205.00000 1196.83333  0.68%  2255 9237s
  1420  1149 1196.83333   10  718 1205.00000 1196.83333  0.68%  2254 9259s
  1422  1152 1196.83333    6  718 1205.00000 1196.83333  0.68%  2264 9262s
  1424  1153 1196.83333    8  717 1205.00000 1196.83333  0.68%  2260 9267s
  1425  1154 1196.83333    8  718 1205.00000 1196.83333  0.68%  2259 9287s
  1426  1155 1196.83333   11  718 1205.00000 1196.83333  0.68%  2257 9290s
  1427  1155 1196.83333    6  718 1205.00000 1196.83333  0.68%  2256 9313s
  1429  1158 1196.83333   11  718 1205.00000 1196.83333  0.68%  2265 9315s
  1431  1159 1196.83333    8  717 1205.00000 1196.83333  0.68%  2262 9320s
  1432  1160 1196.83333   12  718 1205.00000 1196.83333  0.68%  2261 9339s
  1433  1161 1196.83333   11  718 1205.00000 1196.83333  0.68%  2259 9342s
  1434  1161 1196.83333    9  718 1205.00000 1196.83333  0.68%  2257 9365s
  1438  1165 1196.83333    6  717 1205.00000 1196.83333  0.68%  2264 9373s
  1439  1166 1196.83333   12  718 1205.00000 1196.83333  0.68%  2262 9392s
  1440  1167 1196.83333   10  718 1205.00000 1196.83333  0.68%  2261 9397s
  1441  1167 1196.83333    6  718 1205.00000 1196.83333  0.68%  2259 9400s
  1443  1169 1196.83333    6  719 1205.00000 1196.83333  0.68%  2256 9407s
  1444  1169 1196.83333   11  720 1205.00000 1196.83333  0.68%  2254 9410s
  1445  1170 1196.83333   12  720 1205.00000 1196.83333  0.68%  2253 9432s
  1447  1173 1196.83333   11  718 1205.00000 1196.83333  0.68%  2269 9449s
  1449  1174 1196.83333   10  717 1205.00000 1196.83333  0.68%  2266 9454s
  1450  1175 1196.83333   11  718 1205.00000 1196.83333  0.68%  2264 9473s
  1451  1176 1196.83333    9  718 1205.00000 1196.83333  0.68%  2262 9476s
  1452  1176 1196.83333    6  718 1205.00000 1196.83333  0.68%  2261 9499s
  1454  1179 1196.83333   11  718 1205.00000 1196.83333  0.68%  2270 9501s
  1456  1180 1196.83333   11  717 1205.00000 1196.83333  0.68%  2267 9506s
  1457  1181 1196.83333   13  718 1205.00000 1196.83333  0.68%  2266 9526s
  1459  1182 1196.83333   12  718 1205.00000 1196.83333  0.68%  2263 9552s
  1461  1185 1196.83333    6  718 1205.00000 1196.83333  0.68%  2272 9555s
  1464  1187 1196.83333    7  718 1205.00000 1196.83333  0.68%  2267 9579s
  1465  1188 1196.83333   13  718 1205.00000 1196.83333  0.68%  2266 9582s
  1466  1188 1196.83333   11  718 1205.00000 1196.83333  0.68%  2264 9605s
  1470  1192 1196.83333    6  717 1205.00000 1196.83333  0.68%  2271 9612s
  1471  1193 1196.83333   12  718 1205.00000 1196.83333  0.68%  2269 9632s
  1473  1194 1196.83333   11  718 1205.00000 1196.83333  0.68%  2266 9657s
  1475  1197 1196.83333   13  718 1205.00000 1196.83333  0.68%  2275 9660s
  1477  1198 1196.83333    8  717 1205.00000 1196.83333  0.68%  2272 9665s
  1478  1199 1196.83333   10  718 1205.00000 1196.83333  0.68%  2271 9684s
  1479  1200 1196.83333    6  718 1205.00000 1196.83333  0.68%  2269 9687s
  1480  1200 1196.83333    6  718 1205.00000 1196.83333  0.68%  2268 9710s
  1484  1204 1196.83333    9  717 1205.00000 1196.83333  0.68%  2274 9717s
  1485  1205 1196.83333   12  718 1205.00000 1196.83333  0.68%  2272 9737s
  1487  1206 1196.83333   15  718 1205.00000 1196.83333  0.68%  2269 9762s
  1489  1209 1196.83333   12  718 1205.00000 1196.83333  0.68%  2279 9765s
  1491  1210 1196.83333   11  717 1205.00000 1196.83333  0.68%  2276 9770s
  1492  1211 1196.83333    6  718 1205.00000 1196.83333  0.68%  2274 9789s
  1493  1212 1196.83333    8  718 1205.00000 1196.83333  0.68%  2273 9792s
  1494  1212 1196.83333   15  718 1205.00000 1196.83333  0.68%  2271 9815s
  1498  1216 1196.83333   16  717 1205.00000 1196.83333  0.68%  2277 9823s
  1499  1217 1196.83333    8  718 1205.00000 1196.83333  0.68%  2276 9843s
  1500  1218 1196.83333    8  718 1205.00000 1196.83333  0.68%  2274 9845s
  1501  1218 1196.83333   10  718 1205.00000 1196.83333  0.68%  2273 9868s
  1503  1221 1196.83333   11  718 1205.00000 1196.83333  0.68%  2282 9871s
  1505  1222 1196.83333   10  717 1205.00000 1196.83333  0.68%  2279 9876s
  1506  1223 1196.83333   13  718 1205.00000 1196.83333  0.68%  2277 9895s
  1508  1224 1196.83333    6  718 1205.00000 1196.83333  0.68%  2274 9921s
  1512  1228 1196.83333    9  717 1205.00000 1196.83333  0.68%  2280 9929s
  1513  1229 1196.83333    6  718 1205.00000 1196.83333  0.68%  2279 9948s
  1514  1230 1196.83333   11  718 1205.00000 1196.83333  0.68%  2277 9951s
  1515  1230 1196.83333    8  718 1205.00000 1196.83333  0.68%  2276 9974s
  1517  1233 1196.83333    8  718 1205.00000 1196.83333  0.68%  2285 9976s
  1519  1234 1196.83333   13  717 1205.00000 1196.83333  0.68%  2282 9981s
  1520  1235 1196.83333   10  718 1205.00000 1196.83333  0.68%  2281 10001s
  1522  1236 1196.83333    6  718 1205.00000 1196.83333  0.68%  2278 10026s
  1526  1240 1196.83333   11  717 1205.00000 1196.83333  0.68%  2284 10034s
  1527  1241 1196.83333    6  718 1205.00000 1196.83333  0.68%  2282 10054s
  1528  1242 1196.83333    7  718 1205.00000 1196.83333  0.68%  2281 10056s
  1529  1242 1196.83333   11  718 1205.00000 1196.83333  0.68%  2279 10079s
  1531  1245 1196.83333    8  718 1205.00000 1196.83333  0.68%  2288 10082s
  1533  1246 1196.83333   11  717 1205.00000 1196.83333  0.68%  2285 10087s
  1534  1247 1196.83333    9  718 1205.00000 1196.83333  0.68%  2284 10106s
  1536  1248 1196.83333   12  718 1205.00000 1196.83333  0.68%  2281 10132s
  1538  1251 1196.83333    6  718 1205.00000 1196.83333  0.68%  2290 10135s
  1540  1252 1196.83333   10  717 1205.00000 1196.83333  0.68%  2287 10140s
  1541  1253 1196.83333    6  718 1205.00000 1196.83333  0.68%  2285 10159s
  1542  1254 1196.83333   12  718 1205.00000 1196.83333  0.68%  2284 10162s
  1543  1254 1196.83333    6  718 1205.00000 1196.83333  0.68%  2282 10185s
  1547  1258 1196.83333   11  717 1205.00000 1196.83333  0.68%  2288 10192s
  1548  1259 1196.83333   10  718 1205.00000 1196.83333  0.68%  2287 10212s
  1549  1260 1196.83333   10  718 1205.00000 1196.83333  0.68%  2285 10215s
  1550  1260 1196.83333   11  718 1205.00000 1196.83333  0.68%  2284 10238s
  1552  1263 1196.83333    6  718 1205.00000 1196.83333  0.68%  2293 10241s
  1554  1264 1196.83333   11  717 1205.00000 1196.83333  0.68%  2290 10245s
  1555  1265 1196.83333   12  718 1205.00000 1196.83333  0.68%  2288 10265s
  1557  1266 1196.83333   13  718 1205.00000 1196.83333  0.68%  2285 10291s
  1561  1270 1196.83333    6  717 1205.00000 1196.83333  0.68%  2291 10298s
  1562  1271 1196.83333   11  718 1205.00000 1196.83333  0.68%  2290 10318s
  1563  1272 1196.83333   13  718 1205.00000 1196.83333  0.68%  2288 10321s
  1564  1272 1196.83333    7  718 1205.00000 1196.83333  0.68%  2287 10344s
  1566  1275 1196.83333   11  718 1205.00000 1196.83333  0.68%  2296 10346s
  1568  1276 1196.83333   13  717 1205.00000 1196.83333  0.68%  2293 10351s
  1569  1277 1196.83333    9  718 1205.00000 1196.83333  0.68%  2291 10371s
  1571  1278 1196.83333   12  719 1205.00000 1196.83333  0.68%  2288 10376s
  1573  1280 1196.83333   11  721 1205.00000 1196.83333  0.68%  2285 10380s
  1574  1280 1196.83333    9  726 1205.00000 1196.83333  0.68%  2284 10385s
  1576  1282 1196.83333    6  721 1205.00000 1196.83333  0.68%  2281 10414s
  1578  1284 1196.83333   10  718 1205.00000 1196.83333  0.68%  2293 10428s
  1580  1285 1196.83333    6  717 1205.00000 1196.83333  0.68%  2290 10433s
  1581  1286 1196.83333   11  718 1205.00000 1196.83333  0.68%  2289 10453s
  1582  1287 1196.83333    6  718 1205.00000 1196.83333  0.68%  2287 10456s
  1583  1287 1196.83333    9  718 1205.00000 1196.83333  0.68%  2286 10479s
  1585  1290 1196.83333   12  718 1205.00000 1196.83333  0.68%  2295 10481s
  1587  1291 1196.83333   15  717 1205.00000 1196.83333  0.68%  2292 10486s
  1588  1292 1196.83333   12  718 1205.00000 1196.83333  0.68%  2290 10506s
  1590  1293 1196.83333   15  718 1205.00000 1196.83333  0.68%  2287 10532s
  1594  1297 1196.83333   15  717 1205.00000 1196.83333  0.68%  2293 10539s
  1595  1298 1196.83333   15  718 1205.00000 1196.83333  0.68%  2292 10558s
  1596  1299 1196.83333    6  718 1205.00000 1196.83333  0.68%  2290 10561s
  1597  1299 1196.83333    7  718 1205.00000 1196.83333  0.68%  2289 10584s
  1599  1302 1196.83333    8  718 1205.00000 1196.83333  0.68%  2298 10587s
  1601  1303 1196.83333   10  717 1205.00000 1196.83333  0.68%  2295 10592s
  1602  1304 1196.83333   10  718 1205.00000 1196.83333  0.68%  2293 10611s
  1604  1305 1196.83333    6  718 1205.00000 1196.83333  0.68%  2290 10637s
  1606  1308 1196.83333   13  718 1205.00000 1196.83333  0.68%  2299 10640s
  1609  1310 1196.83333    9  718 1205.00000 1196.83333  0.68%  2295 10664s
  1610  1311 1196.83333   12  718 1205.00000 1196.83333  0.68%  2293 10667s
  1611  1311 1196.83333   12  718 1205.00000 1196.83333  0.68%  2292 10690s
  1615  1315 1196.83333    8  717 1205.00000 1196.83333  0.68%  2298 10697s
  1616  1316 1196.83333   10  718 1205.00000 1196.83333  0.68%  2296 10717s
  1618  1317 1196.83333    6  718 1205.00000 1196.83333  0.68%  2293 10742s
  1620  1320 1196.83333   10  718 1205.00000 1196.83333  0.68%  2302 10745s
  1622  1321 1196.83333    6  717 1205.00000 1196.83333  0.68%  2299 10750s
  1623  1322 1196.83333   11  718 1205.00000 1196.83333  0.68%  2298 10769s
  1624  1323 1196.83333    8  718 1205.00000 1196.83333  0.68%  2296 10772s
  1625  1323 1196.83333    8  718 1205.00000 1196.83333  0.68%  2295 10795s
  1629  1327 1196.83333   11  717 1205.00000 1196.83333  0.68%  2300 10802s
  1630  1328 1196.83333    6  718 1205.00000 1196.83333  0.68%  2299 10822s
  1631  1329 1196.83333    8  718 1205.00000 1196.83333  0.68%  2297 10825s
  1632  1329 1196.83333   12  718 1205.00000 1196.83333  0.68%  2296 10847s
  1634  1332 1196.83333    9  718 1205.00000 1196.83333  0.68%  2305 10850s
  1636  1333 1196.83333   12  717 1205.00000 1196.83333  0.68%  2302 10855s
  1637  1334 1196.83333   11  718 1205.00000 1196.83333  0.68%  2300 10875s
  1639  1335 1196.83333   12  718 1205.00000 1196.83333  0.68%  2297 10900s
  1643  1339 1196.83333    6  717 1205.00000 1196.83333  0.68%  2303 10908s
  1644  1340 1196.83333   11  718 1205.00000 1196.83333  0.68%  2302 10927s
  1645  1341 1196.83333   12  718 1205.00000 1196.83333  0.68%  2300 10930s
  1646  1341 1196.83333    8  718 1205.00000 1196.83333  0.68%  2299 10953s
  1648  1344 1196.83333   10  718 1205.00000 1196.83333  0.68%  2307 10955s
  1650  1345 1196.83333   11  717 1205.00000 1196.83333  0.68%  2304 10960s
  1651  1346 1196.83333    9  718 1205.00000 1196.83333  0.68%  2303 10980s
  1653  1347 1196.83333   12  718 1205.00000 1196.83333  0.68%  2300 11006s
  1657  1351 1196.83333   13  717 1205.00000 1196.83333  0.68%  2306 11013s
  1658  1352 1196.83333   11  718 1205.00000 1196.83333  0.68%  2304 11033s
  1659  1353 1196.83333   12  718 1205.00000 1196.83333  0.68%  2303 11036s
  1660  1353 1196.83333   11  718 1205.00000 1196.83333  0.68%  2302 11059s
  1662  1356 1196.83333   11  718 1205.00000 1196.83333  0.68%  2310 11062s
  1664  1357 1196.83333    7  717 1205.00000 1196.83333  0.68%  2307 11067s
  1665  1358 1196.83333   13  718 1205.00000 1196.83333  0.68%  2306 11086s
  1667  1359 1196.83333   12  718 1205.00000 1196.83333  0.68%  2303 11112s
  1669  1362 1196.83333    9  718 1205.00000 1196.83333  0.68%  2311 11115s
  1671  1363 1196.83333   12  717 1205.00000 1196.83333  0.68%  2308 11120s
  1672  1364 1196.83333   10  718 1205.00000 1196.83333  0.68%  2307 11139s
  1673  1365 1196.83333   11  718 1205.00000 1196.83333  0.68%  2306 11142s
  1674  1365 1196.83333    9  718 1205.00000 1196.83333  0.68%  2304 11165s
  1678  1369 1196.83333   10  717 1205.00000 1196.83333  0.68%  2310 11172s
  1679  1370 1196.83333    6  718 1205.00000 1196.83333  0.68%  2308 11192s
  1680  1371 1196.83333    6  718 1205.00000 1196.83333  0.68%  2307 11195s
  1681  1371 1196.83333   11  718 1205.00000 1196.83333  0.68%  2306 11218s
  1683  1374 1196.83333    9  718 1205.00000 1196.83333  0.68%  2314 11220s
  1685  1375 1196.83333   12  717 1205.00000 1196.83333  0.68%  2311 11225s
  1686  1376 1196.83333    8  718 1205.00000 1196.83333  0.68%  2310 11245s
  1688  1377 1196.83333   12  718 1205.00000 1196.83333  0.68%  2307 11270s
  1692  1381 1196.83333    6  717 1205.00000 1196.83333  0.68%  2312 11278s
  1693  1382 1196.83333    8  718 1205.00000 1196.83333  0.68%  2311 11297s
  1694  1383 1196.83333   15  718 1205.00000 1196.83333  0.68%  2310 11300s
  1695  1383 1196.83333   15  718 1205.00000 1196.83333  0.68%  2308 11323s
  1697  1386 1196.83333    7  718 1205.00000 1196.83333  0.68%  2316 11325s
  1699  1387 1196.83333    8  717 1205.00000 1196.83333  0.68%  2314 11330s
  1700  1388 1196.83333    8  718 1205.00000 1196.83333  0.68%  2312 11349s
  1701  1389 1196.83333   10  718 1205.00000 1196.83333  0.68%  2311 11352s
  1702  1389 1196.83333   10  718 1205.00000 1196.83333  0.68%  2309 11375s
  1706  1393 1196.83333   13  717 1205.00000 1196.83333  0.68%  2315 11383s
  1707  1394 1196.83333    6  718 1205.00000 1196.83333  0.68%  2313 11402s
  1708  1395 1196.83333    6  718 1205.00000 1196.83333  0.68%  2312 11405s
  1709  1395 1196.83333    9  718 1205.00000 1196.83333  0.68%  2311 11427s
  1711  1398 1196.83333   12  718 1205.00000 1196.83333  0.68%  2319 11430s
  1713  1399 1196.83333    6  717 1205.00000 1196.83333  0.68%  2316 11435s
  1714  1400 1196.83333   11  718 1205.00000 1196.83333  0.68%  2315 11455s
  1716  1401 1196.83333   10  718 1205.00000 1196.83333  0.68%  2312 11480s
  1720  1405 1196.83333   10  717 1205.00000 1196.83333  0.68%  2317 11488s
  1721  1406 1196.83333   12  718 1205.00000 1196.83333  0.68%  2316 11508s
  1722  1407 1196.83333    6  718 1205.00000 1196.83333  0.68%  2315 11511s
  1723  1407 1196.83333   11  718 1205.00000 1196.83333  0.68%  2313 11533s
  1725  1410 1196.83333    8  718 1205.00000 1196.83333  0.68%  2321 11536s
  1727  1411 1196.83333    6  717 1205.00000 1196.83333  0.68%  2319 11541s
  1728  1412 1196.83333    7  718 1205.00000 1196.83333  0.68%  2317 11561s
  1730  1413 1196.83333    6  718 1205.00000 1196.83333  0.68%  2315 11586s
  1734  1417 1196.83333    9  717 1205.00000 1196.83333  0.68%  2320 11594s
  1735  1418 1196.83333   14  718 1205.00000 1196.83333  0.68%  2318 11614s
  1736  1419 1196.83333   12  718 1205.00000 1196.83333  0.68%  2317 11617s
  1737  1419 1196.83333   11  718 1205.00000 1196.83333  0.68%  2316 11639s
  1739  1422 1196.83333   12  718 1205.00000 1196.83333  0.68%  2324 11642s
  1741  1423 1196.83333    6  717 1205.00000 1196.83333  0.68%  2321 11647s
  1742  1424 1196.83333   12  718 1205.00000 1196.83333  0.68%  2320 11666s
  1744  1425 1196.83333   11  718 1205.00000 1196.83333  0.68%  2317 11692s
  1748  1429 1196.83333   10  717 1205.00000 1196.83333  0.68%  2322 11699s
  1749  1430 1196.83333   10  718 1205.00000 1196.83333  0.68%  2321 11719s
  1750  1431 1196.83333   11  718 1205.00000 1196.83333  0.68%  2320 11721s
  1751  1431 1196.83333    9  718 1205.00000 1196.83333  0.68%  2318 11744s
  1753  1434 1196.83333   12  718 1205.00000 1196.83333  0.68%  2326 11747s
  1755  1435 1196.83333   12  717 1205.00000 1196.83333  0.68%  2323 11752s
  1756  1436 1196.83333   11  718 1205.00000 1196.83333  0.68%  2322 11771s
  1758  1437 1196.83333   11  718 1205.00000 1196.83333  0.68%  2319 11797s
  1760  1440 1196.83333   11  718 1205.00000 1196.83333  0.68%  2327 11800s
  1763  1442 1196.83333   13  718 1205.00000 1196.83333  0.68%  2323 11824s
  1764  1443 1196.83333    7  718 1205.00000 1196.83333  0.68%  2322 11826s
  1765  1443 1196.83333   13  718 1205.00000 1196.83333  0.68%  2321 11849s
  1767  1446 1196.83333   12  718 1205.00000 1196.83333  0.68%  2328 11852s
  1769  1447 1196.83333    9  717 1205.00000 1196.83333  0.68%  2326 11857s
  1770  1448 1196.83333    6  718 1205.00000 1196.83333  0.68%  2324 11876s
  1772  1449 1196.83333   10  718 1205.00000 1196.83333  0.68%  2322 11902s
  1774  1452 1196.83333    9  718 1205.00000 1196.83333  0.68%  2330 11905s
  1776  1453 1196.83333    6  717 1205.00000 1196.83333  0.68%  2327 11910s
  1777  1454 1196.83333    8  718 1205.00000 1196.83333  0.68%  2326 11929s
  1778  1455 1196.83333   10  718 1205.00000 1196.83333  0.68%  2324 11932s
  1779  1455 1196.83333    6  718 1205.00000 1196.83333  0.68%  2323 11954s
  1781  1458 1196.83333   11  718 1205.00000 1196.83333  0.68%  2331 11957s
  1783  1459 1196.83333    9  717 1205.00000 1196.83333  0.68%  2328 11962s
  1784  1460 1196.83333    9  718 1205.00000 1196.83333  0.68%  2327 11982s
  1785  1461 1196.83333   12  718 1205.00000 1196.83333  0.68%  2326 11985s
  1786  1461 1196.83333    8  718 1205.00000 1196.83333  0.68%  2324 12007s
  1788  1464 1196.83333   12  718 1205.00000 1196.83333  0.68%  2332 12010s
  1790  1465 1196.83333   15  717 1205.00000 1196.83333  0.68%  2329 12015s
  1791  1466 1196.83333   11  718 1205.00000 1196.83333  0.68%  2328 12034s
  1792  1467 1196.83333    6  718 1205.00000 1196.83333  0.68%  2327 12037s
  1793  1467 1196.83333    8  718 1205.00000 1196.83333  0.68%  2325 12060s
  1797  1471 1196.83333    7  717 1205.00000 1196.83333  0.68%  2330 12068s
  1798  1472 1196.83333   16  718 1205.00000 1196.83333  0.68%  2329 12087s
  1799  1473 1196.83333    8  718 1205.00000 1196.83333  0.68%  2328 12090s
  1800  1473 1196.83333    8  718 1205.00000 1196.83333  0.68%  2327 12113s
  1802  1476 1196.83333   10  718 1205.00000 1196.83333  0.68%  2334 12116s
  1804  1477 1196.83333    6  717 1205.00000 1196.83333  0.68%  2332 12121s
  1805  1478 1196.83333   10  718 1205.00000 1196.83333  0.68%  2330 12140s
  1807  1479 1196.83333    6  718 1205.00000 1196.83333  0.68%  2328 12166s
  1811  1483 1196.83333   12  717 1205.00000 1196.83333  0.68%  2333 12174s
  1812  1484 1196.83333    9  718 1205.00000 1196.83333  0.68%  2331 12194s
  1813  1485 1196.83333    6  718 1205.00000 1196.83333  0.68%  2330 12196s
  1814  1485 1196.83333   11  718 1205.00000 1196.83333  0.68%  2329 12219s
  1816  1488 1196.83333   10  718 1205.00000 1196.83333  0.68%  2336 12222s
  1818  1489 1196.83333    6  717 1205.00000 1196.83333  0.68%  2334 12227s
  1819  1490 1196.83333   13  718 1205.00000 1196.83333  0.68%  2332 12246s
  1821  1491 1196.83333   12  718 1205.00000 1196.83333  0.68%  2330 12272s
  1825  1495 1196.83333    8  717 1205.00000 1196.83333  0.68%  2335 12279s
  1826  1496 1196.83333   11  718 1205.00000 1196.83333  0.68%  2334 12299s
  1827  1497 1196.83333    6  718 1205.00000 1196.83333  0.68%  2332 12301s
  1828  1497 1196.83333    7  718 1205.00000 1196.83333  0.68%  2331 12324s
  1830  1500 1196.83333    6  718 1205.00000 1196.83333  0.68%  2339 12327s
  1832  1501 1196.83333   12  717 1205.00000 1196.83333  0.68%  2336 12332s
  1833  1502 1196.83333   11  718 1205.00000 1196.83333  0.68%  2335 12351s
  1835  1503 1196.83333   14  718 1205.00000 1196.83333  0.68%  2332 12377s
  1839  1507 1196.83333   12  717 1205.00000 1196.83333  0.68%  2337 12384s
  1840  1508 1196.83333   10  718 1205.00000 1196.83333  0.68%  2336 12403s
  1841  1509 1196.83333    6  718 1205.00000 1196.83333  0.68%  2335 12406s
  1842  1509 1196.83333   12  718 1205.00000 1196.83333  0.68%  2333 12429s
  1844  1512 1196.83333   11  718 1205.00000 1196.83333  0.68%  2341 12432s
  1846  1513 1196.83333    8  717 1205.00000 1196.83333  0.68%  2338 12437s
  1847  1514 1196.83333   11  718 1205.00000 1196.83333  0.68%  2337 12456s
  1849  1515 1196.83333   10  718 1205.00000 1196.83333  0.68%  2334 12481s
  1853  1519 1196.83333   12  717 1205.00000 1196.83333  0.68%  2339 12489s
  1854  1520 1196.83333   11  718 1205.00000 1196.83333  0.68%  2338 12508s
  1855  1521 1196.83333   12  718 1205.00000 1196.83333  0.68%  2337 12511s
  1856  1521 1196.83333   11  718 1205.00000 1196.83333  0.68%  2335 12534s
  1858  1524 1196.83333   11  718 1205.00000 1196.83333  0.68%  2343 12537s
  1860  1525 1196.83333   11  717 1205.00000 1196.83333  0.68%  2340 12542s
  1861  1526 1196.83333    6  718 1205.00000 1196.83333  0.68%  2339 12561s
  1863  1527 1196.83333   13  718 1205.00000 1196.83333  0.68%  2337 12586s
  1867  1531 1196.83333   12  717 1205.00000 1196.83333  0.68%  2341 12594s
  1868  1532 1196.83333   13  718 1205.00000 1196.83333  0.68%  2340 12614s
  1869  1533 1196.83333    9  718 1205.00000 1196.83333  0.68%  2339 12616s
  1870  1533 1196.83333    6  718 1205.00000 1196.83333  0.68%  2338 12639s
  1872  1536 1196.83333   10  718 1205.00000 1196.83333  0.68%  2345 12642s
  1874  1537 1196.83333    9  717 1205.00000 1196.83333  0.68%  2342 12647s
  1875  1538 1196.83333   13  718 1205.00000 1196.83333  0.68%  2341 12666s
  1877  1539 1196.83333    8  718 1205.00000 1196.83333  0.68%  2339 12691s
  1881  1543 1196.83333   11  717 1205.00000 1196.83333  0.68%  2343 12699s
  1882  1544 1196.83333    6  718 1205.00000 1196.83333  0.68%  2342 12719s
  1883  1545 1196.83333    9  718 1205.00000 1196.83333  0.68%  2341 12721s
  1884  1545 1196.83333    9  718 1205.00000 1196.83333  0.68%  2340 12744s
  1886  1548 1196.83333    8  718 1205.00000 1196.83333  0.68%  2347 12747s
  1888  1549 1196.83333   12  717 1205.00000 1196.83333  0.68%  2344 12752s
  1889  1550 1196.83333   12  718 1205.00000 1196.83333  0.68%  2343 12771s
  1891  1551 1196.83333   11  718 1205.00000 1196.83333  0.68%  2341 12797s
  1893  1554 1196.83333    8  718 1205.00000 1196.83333  0.68%  2348 12800s
  1896  1556 1196.83333    6  718 1205.00000 1196.83333  0.68%  2344 12824s
  1897  1557 1196.83333    7  718 1205.00000 1196.83333  0.68%  2343 12827s
  1898  1557 1196.83333   16  718 1205.00000 1196.83333  0.68%  2342 12850s
  1902  1561 1196.83333   10  717 1205.00000 1196.83333  0.68%  2347 12857s
  1903  1562 1196.83333   11  718 1205.00000 1196.83333  0.68%  2345 12876s
  1905  1563 1196.83333   10  718 1205.00000 1196.83333  0.68%  2343 12902s
  1907  1566 1196.83333    6  718 1205.00000 1196.83333  0.68%  2350 12905s
  1909  1567 1196.83333    9  717 1205.00000 1196.83333  0.68%  2348 12910s
  1910  1568 1196.83333   12  718 1205.00000 1196.83333  0.68%  2346 12929s
  1911  1569 1196.83333   12  718 1205.00000 1196.83333  0.68%  2345 12932s
  1912  1569 1196.83333    9  718 1205.00000 1196.83333  0.68%  2344 12955s
  1916  1573 1196.83333   10  717 1205.00000 1196.83333  0.68%  2349 12962s
  1917  1574 1196.83333    8  718 1205.00000 1196.83333  0.68%  2347 12981s
  1919  1575 1196.83333   13  718 1205.00000 1196.83333  0.68%  2345 13007s
  1921  1578 1196.83333   12  718 1205.00000 1196.83333  0.68%  2352 13010s
  1923  1579 1196.83333   11  717 1205.00000 1196.83333  0.68%  2350 13015s
  1924  1580 1196.83333    8  718 1205.00000 1196.83333  0.68%  2348 13035s
  1926  1581 1196.83333   11  718 1205.00000 1196.83333  0.68%  2346 13060s
  1930  1585 1196.83333    6  717 1205.00000 1196.83333  0.68%  2351 13068s
  1931  1586 1196.83333    8  718 1205.00000 1196.83333  0.68%  2349 13088s
  1932  1587 1196.83333   12  718 1205.00000 1196.83333  0.68%  2348 13090s
  1933  1587 1196.83333   11  718 1205.00000 1196.83333  0.68%  2347 13113s
  1935  1590 1196.83333   14  718 1205.00000 1196.83333  0.68%  2354 13116s
  1937  1591 1196.83333   11  717 1205.00000 1196.83333  0.68%  2351 13121s
  1938  1592 1196.83333    6  718 1205.00000 1196.83333  0.68%  2350 13140s
  1940  1593 1196.83333   10  718 1205.00000 1196.83333  0.68%  2348 13145s
  1941  1594 1196.83333    6  719 1205.00000 1196.83333  0.68%  2347 13150s
  1943  1595 1196.83333    6  719 1205.00000 1196.83333  0.68%  2344 13155s
  1945  1597 1196.83333   12  718 1205.00000 1196.83333  0.68%  2342 13183s
  1947  1599 1196.83333   11  718 1205.00000 1196.83333  0.68%  2352 13186s
  1949  1600 1196.83333   10  717 1205.00000 1196.83333  0.68%  2349 13191s
  1950  1601 1196.83333   11  718 1205.00000 1196.83333  0.68%  2348 13210s
  1952  1602 1196.83333    6  718 1205.00000 1196.83333  0.68%  2346 13236s
  1956  1606 1196.83333   11  717 1205.00000 1196.83333  0.68%  2350 13243s
  1957  1607 1196.83333   13  718 1205.00000 1196.83333  0.68%  2349 13263s
  1958  1608 1196.83333   11  718 1205.00000 1196.83333  0.68%  2348 13265s
  1959  1608 1196.83333   12  718 1205.00000 1196.83333  0.68%  2347 13288s
  1961  1611 1196.83333    6  718 1205.00000 1196.83333  0.68%  2354 13291s
  1963  1612 1196.83333   13  717 1205.00000 1196.83333  0.68%  2351 13296s
  1964  1613 1196.83333    7  718 1205.00000 1196.83333  0.68%  2350 13315s
  1966  1614 1196.83333   11  718 1205.00000 1196.83333  0.68%  2348 13341s
  1970  1618 1196.83333    6  717 1205.00000 1196.83333  0.68%  2352 13348s
  1971  1619 1196.83333   12  718 1205.00000 1196.83333  0.68%  2351 13368s
  1972  1620 1196.83333   10  718 1205.00000 1196.83333  0.68%  2350 13371s
  1973  1620 1196.83333   11  718 1205.00000 1196.83333  0.68%  2349 13394s
  1975  1623 1196.83333   13  718 1205.00000 1196.83333  0.68%  2355 13397s
  1977  1624 1196.83333    8  717 1205.00000 1196.83333  0.68%  2353 13402s
  1978  1625 1196.83333   10  718 1205.00000 1196.83333  0.68%  2352 13421s
  1980  1626 1196.83333    6  718 1205.00000 1196.83333  0.68%  2350 13446s
  1984  1630 1196.83333    9  717 1205.00000 1196.83333  0.68%  2354 13454s
  1985  1631 1196.83333   12  718 1205.00000 1196.83333  0.68%  2353 13473s
  1986  1632 1196.83333    8  718 1205.00000 1196.83333  0.68%  2352 13476s
  1987  1632 1196.83333   15  718 1205.00000 1196.83333  0.68%  2351 13499s
  1989  1635 1196.83333   12  718 1205.00000 1196.83333  0.68%  2357 13502s
  1991  1636 1196.83333   11  717 1205.00000 1196.83333  0.68%  2355 13507s
  1992  1637 1196.83333    6  718 1205.00000 1196.83333  0.68%  2354 13526s
  1994  1638 1196.83333   15  718 1205.00000 1196.83333  0.68%  2351 13552s
  1998  1642 1196.83333   16  717 1205.00000 1196.83333  0.68%  2356 13559s
  1999  1643 1196.83333    8  718 1205.00000 1196.83333  0.68%  2355 13579s
  2000  1644 1196.83333    8  718 1205.00000 1196.83333  0.68%  2354 13582s
  2001  1644 1196.83333   10  718 1205.00000 1196.83333  0.68%  2352 13605s
  2005  1648 1196.83333   10  717 1205.00000 1196.83333  0.68%  2357 13613s
  2006  1649 1196.83333   13  718 1205.00000 1196.83333  0.68%  2356 13632s
  2007  1650 1196.83333    6  718 1205.00000 1196.83333  0.68%  2355 13635s
  2008  1650 1196.83333    6  718 1205.00000 1196.83333  0.68%  2353 13658s
  2010  1653 1196.83333   12  718 1205.00000 1196.83333  0.68%  2360 13660s
  2012  1654 1196.83333    9  717 1205.00000 1196.83333  0.68%  2358 13665s
  2013  1655 1196.83333    6  718 1205.00000 1196.83333  0.68%  2357 13685s
  2015  1656 1196.83333    8  718 1205.00000 1196.83333  0.68%  2354 13710s
  2019  1660 1196.83333   13  717 1205.00000 1196.83333  0.68%  2359 13718s
  2020  1661 1196.83333   10  718 1205.00000 1196.83333  0.68%  2358 13737s
  2021  1662 1196.83333   12  718 1205.00000 1196.83333  0.68%  2356 13740s
  2022  1662 1196.83333    6  718 1205.00000 1196.83333  0.68%  2355 13763s
  2024  1665 1196.83333    8  718 1205.00000 1196.83333  0.68%  2362 13766s
  2026  1666 1196.83333   11  717 1205.00000 1196.83333  0.68%  2360 13771s
  2027  1667 1196.83333    6  718 1205.00000 1196.83333  0.68%  2358 13790s
  2029  1668 1196.83333   11  718 1205.00000 1196.83333  0.68%  2356 13816s
  2033  1672 1196.83333   11  717 1205.00000 1196.83333  0.68%  2361 13824s
  2034  1673 1196.83333    9  718 1205.00000 1196.83333  0.68%  2359 13843s
  2035  1674 1196.83333   14  718 1205.00000 1196.83333  0.68%  2358 13846s
  2036  1674 1196.83333   12  718 1205.00000 1196.83333  0.68%  2357 13869s
  2038  1677 1196.83333    6  718 1205.00000 1196.83333  0.68%  2364 13871s
  2040  1678 1196.83333   10  717 1205.00000 1196.83333  0.68%  2361 13876s
  2041  1679 1196.83333    6  718 1205.00000 1196.83333  0.68%  2360 13896s
  2043  1680 1196.83333    6  718 1205.00000 1196.83333  0.68%  2358 13922s
  2047  1684 1196.83333   11  717 1205.00000 1196.83333  0.68%  2362 13929s
  2048  1685 1196.83333   10  718 1205.00000 1196.83333  0.68%  2361 13949s
  2049  1686 1196.83333   10  718 1205.00000 1196.83333  0.68%  2360 13952s
  2050  1686 1196.83333   11  718 1205.00000 1196.83333  0.68%  2359 13975s
  2054  1690 1196.83333   11  717 1205.00000 1196.83333  0.68%  2363 13982s
  2055  1691 1196.83333   12  718 1205.00000 1196.83333  0.68%  2362 14002s
  2057  1692 1196.83333   13  718 1205.00000 1196.83333  0.68%  2360 14028s
  2059  1695 1196.83333   12  718 1205.00000 1196.83333  0.68%  2366 14030s
  2061  1696 1196.83333    6  717 1205.00000 1196.83333  0.68%  2364 14035s
  2062  1697 1196.83333   11  718 1205.00000 1196.83333  0.68%  2363 14055s
  2064  1698 1196.83333    7  718 1205.00000 1196.83333  0.68%  2361 14080s
  2068  1702 1196.83333   13  717 1205.00000 1196.83333  0.68%  2365 14088s
  2069  1703 1196.83333    9  718 1205.00000 1196.83333  0.68%  2364 14107s
  2070  1704 1196.83333    6  718 1205.00000 1196.83333  0.68%  2363 14110s
  2071  1704 1196.83333   12  718 1205.00000 1196.83333  0.68%  2362 14133s
  2073  1707 1196.83333   11  718 1205.00000 1196.83333  0.68%  2368 14136s
  2075  1708 1196.83333   13  717 1205.00000 1196.83333  0.68%  2366 14140s
  2076  1709 1196.83333    6  718 1205.00000 1196.83333  0.68%  2365 14160s
  2078  1710 1196.83333   10  718 1205.00000 1196.83333  0.68%  2362 14185s
  2082  1714 1196.83333    6  717 1205.00000 1196.83333  0.68%  2367 14193s
  2083  1715 1196.83333    9  718 1205.00000 1196.83333  0.68%  2366 14212s
  2084  1716 1196.83333    9  718 1205.00000 1196.83333  0.68%  2364 14215s
  2085  1716 1196.83333   12  718 1205.00000 1196.83333  0.68%  2363 14238s
  2087  1719 1196.83333   15  718 1205.00000 1196.83333  0.68%  2370 14241s
  2089  1720 1196.83333   12  717 1205.00000 1196.83333  0.68%  2368 14246s
  2090  1721 1196.83333   15  718 1205.00000 1196.83333  0.68%  2366 14265s
  2092  1722 1196.83333    6  718 1205.00000 1196.83333  0.68%  2364 14291s
  2096  1726 1196.83333    6  717 1205.00000 1196.83333  0.68%  2368 14299s
  2097  1727 1196.83333    7  718 1205.00000 1196.83333  0.68%  2367 14318s
  2098  1728 1196.83333   16  718 1205.00000 1196.83333  0.68%  2366 14321s
  2099  1728 1196.83333    8  718 1205.00000 1196.83333  0.68%  2365 14344s
  2101  1731 1196.83333   10  718 1205.00000 1196.83333  0.68%  2371 14346s
  2103  1732 1196.83333   11  717 1205.00000 1196.83333  0.68%  2369 14351s
  2104  1733 1196.83333    6  718 1205.00000 1196.83333  0.68%  2368 14371s
  2106  1734 1196.83333   13  718 1205.00000 1196.83333  0.68%  2366 14396s

Explored 2109 nodes (5022055 simplex iterations) in 14400.00 seconds (24102.91 work units)
Thread count was 32 (of 32 available processors)

Solution count 10: 1205 1206 1207 ... 1217

Time limit reached
Best objective 1.205000000000e+03, best bound 1.197000000000e+03, gap 0.6639%

User-callback calls 3503718, time in user-callback 7.20 sec
