
Gurobi 13.0.2 (linux64) logging started Fri Jul 10 21:05:10 2026

Set parameter LogFile to value "/tmp/sweep_20260709_012313_china_alt400km_s1_i4_v5_gurobi.log"
Set parameter Method to value 1
Set parameter NodefileStart to value 4
Set parameter RINS to value 50
Gurobi Optimizer version 13.0.2 build v13.0.2rc1 (linux64 - "Debian GNU/Linux 13 (trixie)")

CPU model: Intel(R) Xeon(R) Platinum 8375C CPU @ 2.90GHz, instruction set [SSE2|AVX|AVX2|AVX512]
Thread count: 16 physical cores, 32 logical processors, using up to 32 threads

Non-default parameters:
TimeLimit  14400
MIPGap  0.001
Method  1
LPWarmStart  1
Heuristics  0.2
MIPFocus  1
NodefileStart  4
RINS  50
Symmetry  2
Cuts  2
CoverCuts  2
LogToConsole  0

Academic license 2812613 - for non-commercial use only - registered to no___@gatech.edu
Optimize a model with 392028 rows, 14360 columns and 26222796 nonzeros (Min)
Model fingerprint: 0x3cb928eb
Model has 14360 linear objective coefficients
Variable types: 0 continuous, 14360 integer (14360 binary)
Coefficient statistics:
  Matrix range     [1e+00, 1e+00]
  Objective range  [1e+00, 1e+00]
  Bounds range     [1e+00, 1e+00]
  RHS range        [1e+00, 1e+00]

Found heuristic solution: objective 1191.0000000
Presolve removed 0 rows and 0 columns (presolve time = 6s)...
Presolve removed 0 rows and 0 columns (presolve time = 11s)...
Presolve removed 0 rows and 0 columns (presolve time = 17s)...
Presolve removed 0 rows and 0 columns (presolve time = 22s)...
Presolve removed 0 rows and 0 columns (presolve time = 25s)...
Presolve removed 0 rows and 0 columns (presolve time = 30s)...
Presolve removed 369052 rows and 0 columns
Presolve time: 32.31s
Presolved: 22976 rows, 14360 columns, 1015252 nonzeros
Variable types: 0 continuous, 14360 integer (14360 binary)
Performing another presolve...
Presolve time: 3.50s

Root simplex log...

Iteration    Objective       Primal Inf.    Dual Inf.      Time
       0    0.0000000e+00   2.297600e+04   0.000000e+00     38s
    9417    7.1626257e+02   3.018297e+04   0.000000e+00     40s
   11725    7.1800000e+02   0.000000e+00   0.000000e+00     41s

Root relaxation: objective 7.180000e+02, 11725 iterations, 3.24 seconds (3.85 work units)
Total elapsed time = 40.77s (DegenMoves)

    Nodes    |    Current Node    |     Objective Bounds      |     Work
 Expl Unexpl |  Obj  Depth IntInf | Incumbent    BestBd   Gap | It/Node Time

     0     0  718.00000    0 1436 1191.00000  718.00000  39.7%     -   40s
H    0     0                    1067.0000000  718.00000  32.7%     -   40s
H    0     0                    1050.0000000  718.00000  31.6%     -   40s
H    0     0                     964.0000000  718.00000  25.5%     -   41s
H    0     0                     822.0000000  718.00000  12.7%     -   41s
H    0     0                     816.0000000  718.00000  12.0%     -   41s
H    0     0                     798.0000000  718.00000  10.0%     -   41s
H    0     0                     795.0000000  718.00000  9.69%     -   41s
H    0     0                     794.0000000  718.00000  9.57%     -   41s
H    0     0                     779.0000000  718.00000  7.83%     -   41s
     0     0  718.50000    0 1437  779.00000  718.50000  7.77%     -   44s
H    0     0                     778.0000000  718.50000  7.65%     -   44s
H    0     0                     751.0000000  718.50000  4.33%     -   44s
     0     0  719.98057    0 1450  751.00000  719.98057  4.13%     -   52s
     0     0  720.00078    0 1449  751.00000  720.00078  4.13%     -   53s
     0     0  720.01638    0 1450  751.00000  720.01638  4.13%     -   53s
     0     0  720.01692    0 1447  751.00000  720.01692  4.13%     -   53s
     0     0  720.01782    0 1449  751.00000  720.01782  4.13%     -   53s
     0     0  720.01957    0 1451  751.00000  720.01957  4.13%     -   53s
     0     0  720.30576    0 1460  751.00000  720.30576  4.09%     -   55s
     0     0  720.36934    0 1456  751.00000  720.36934  4.08%     -   56s
     0     0  720.37562    0 1456  751.00000  720.37562  4.08%     -   56s
     0     0  720.37893    0 1458  751.00000  720.37893  4.08%     -   56s
     0     0  720.53766    0 1468  751.00000  720.53766  4.06%     -   58s
     0     0  720.61492    0 1468  751.00000  720.61492  4.05%     -   59s
     0     0  720.65740    0 1470  751.00000  720.65740  4.04%     -   59s
     0     0  720.65885    0 1470  751.00000  720.65885  4.04%     -   60s
     0     0  720.66258    0 1467  751.00000  720.66258  4.04%     -   60s
     0     0  720.79338    0 1473  751.00000  720.79338  4.02%     -   63s
     0     0  720.79338    0 1472  751.00000  720.79338  4.02%     -   63s
H    0     0                     750.0000000  720.79473  3.89%     -   94s
H    0     0                     748.0000000  720.79473  3.64%     -   94s
H    0     2                     744.0000000  720.79473  3.12%     -   95s
     0     2  720.79473    0 1472  744.00000  720.79473  3.12%     -   95s
     7    16  723.59351    3 1474  744.00000  721.58577  3.01%  1309  101s
    15    32  725.01662    4 1480  744.00000  722.50898  2.89%  1953  110s
    29    32  724.36473    4 1513  744.00000  723.59754  2.74%  3339  115s
    31    47  726.32155    5 1551  744.00000  723.60342  2.74%  3432  125s
    46    48  725.49121    6 1691  744.00000  723.62238  2.74%  3788  147s
    47    63  725.93055    7 1695  744.00000  723.62238  2.74%  3764  167s
    48    63  724.91389    5 1676  744.00000  723.62238  2.74%  3839  171s
H   50    63                     743.0000000  723.62238  2.61%  3782  174s
    51    63  725.41611    5 1626  743.00000  723.62238  2.61%  3776  176s
    52    63  725.07078    5 1703  743.00000  723.62238  2.61%  3801  180s
    62    79  726.95820    8 1712  743.00000  723.62238  2.61%  3925  203s
    63    79  726.58318    8 1609  743.00000  723.62238  2.61%  3957  205s
    78    95  727.44179    9 1582  743.00000  723.62238  2.61%  4168  216s
    94   111  727.83659   10 1650  743.00000  723.62238  2.61%  3938  226s
H  100   111                     741.0000000  723.62238  2.35%  3814  226s
   110   130  728.50233   11 1554  741.00000  723.62238  2.35%  3678  237s
   129   154  728.74888   12 1474  741.00000  723.62238  2.35%  3487  244s
   153   191  729.18021   13 1469  741.00000  723.62238  2.35%  3372  255s
   190   207  730.99459   17 1451  741.00000  723.62238  2.35%  3041  274s
   206   223  731.37192   18 1465  741.00000  723.62238  2.35%  2927  293s
   222   239  731.87157   19 1464  741.00000  723.62238  2.35%  2825  311s
   238   257  732.37154   20 1462  741.00000  723.62238  2.35%  2727  330s
   256   277  732.87153   21 1462  741.00000  723.62238  2.35%  2639  349s
   276   296  733.29587   22 1441  741.00000  723.62238  2.35%  2545  369s
   295   319  733.79587   23 1440  741.00000  723.62238  2.35%  2475  388s
   322   342  734.12647   24 1449  741.00000  723.62238  2.35%  2377  409s
   349   361  734.55871   25 1444  741.00000  723.62238  2.35%  2296  427s
   374   400  735.05871   26 1443  741.00000  723.62238  2.35%  2210  441s
   382   400  724.94403    5 1649  741.00000  724.67311  2.20%  2190  445s
   417   465  735.79320   27 1437  741.00000  724.67311  2.20%  2113  454s
   482   526  737.84492   32 1429  741.00000  724.67311  2.20%  1992  461s
   563   553     cutoff   36       741.00000  724.67311  2.20%  1821  474s
   628   580  736.59288   27 1475  741.00000  724.67311  2.20%  1714  492s
   692   580  726.34624    6 1623  741.00000  724.67311  2.20%  1651  495s
   710   598     cutoff   32       741.00000  724.67311  2.20%  1630  511s
   753   598  726.36057    6 1607  741.00000  724.67311  2.20%  1588  517s
   776   629     cutoff   32       741.00000  725.00970  2.16%  1585  535s
   820   670  738.16326   30 1445  741.00000  725.00970  2.16%  1590  545s
   887   730  739.40583   33 1420  741.00000  725.00970  2.16%  1570  554s
   967   780     cutoff   34       741.00000  725.00970  2.16%  1524  568s
H  974   780                     740.0000000  725.24717  1.99%  1522  568s
  1038   793  729.24585   10 1698  740.00000  725.24717  1.99%  1495  591s
  1140   793  726.98403    6 1599  740.00000  725.24717  1.99%  1449  596s
  1146   836  730.00831   11 1598  740.00000  725.24717  1.99%  1452  611s
  1181   836  727.17785    7 1498  740.00000  725.24717  1.99%  1461  617s
  1205   896  731.26434   14 1585  740.00000  725.24717  1.99%  1467  634s
  1269   964  733.44462   17 1530  740.00000  725.24717  1.99%  1480  645s
  1359  1016  736.08211   23 1500  740.00000  725.24717  1.99%  1460  659s
  1477  1041  728.14974    7 1544  740.00000  725.30138  1.99%  1426  679s
  1590  1078  729.40155    9 1503  740.00000  725.30138  1.99%  1408  702s
  1636  1078  726.77255    7 1700  740.00000  725.30138  1.99%  1411  706s
  1672  1148  730.29717   11 1475  740.00000  725.34147  1.98%  1413  723s
  1750  1164  732.17156   14 1490  740.00000  725.34147  1.98%  1414  737s
  1766  1180  731.36892   13 1461  740.00000  725.34147  1.98%  1416  751s
  1782  1196  731.50391   13 1464  740.00000  725.34147  1.98%  1415  767s
  1798  1212  733.39901   15 1483  740.00000  725.34147  1.98%  1415  789s
  1814  1223  734.05056   16 1486  740.00000  725.34147  1.98%  1414  809s
  1837  1236  733.68828   16 1490  740.00000  725.34147  1.98%  1408  826s
  1856  1256  734.34989   17 1483  740.00000  725.51014  1.96%  1408  841s
  1876  1280  734.18288   17 1477  740.00000  725.51014  1.96%  1407  857s
  1900  1294  734.68477   18 1471  740.00000  725.51014  1.96%  1405  876s
  1918  1306  734.51480   17 1477  740.00000  725.51014  1.96%  1402  891s
  1938  1320  734.77497   17 1485  740.00000  725.51014  1.96%  1397  908s
  1956  1333  735.26755   18 1467  740.00000  725.51014  1.96%  1393  925s
  1975  1347  735.76369   19 1462  740.00000  725.51014  1.96%  1391  963s
  1993  1361  734.61076   18 1479  740.00000  725.51014  1.96%  1386  982s
  2011  1377  735.00376   18 1470  740.00000  725.69025  1.93%  1386 1003s
  2027  1390  734.93193   18 1500  740.00000  725.69025  1.93%  1384 1029s
  2046  1404  735.41606   19 1459  740.00000  725.69025  1.93%  1379 1052s
  2064  1414  735.90253   19 1450  740.00000  725.69563  1.93%  1377 1071s
  2086  1425  736.15155   19 1526  740.00000  725.69563  1.93%  1373 1092s
  2105  1433  735.81206   20 1482  740.00000  725.75446  1.93%  1371 1111s
  2129  1453  736.26786   20 1430  740.00000  725.75446  1.93%  1370 1132s
  2163  1478  736.66024   21 1471  740.00000  725.75446  1.93%  1369 1164s
  2232  1487  736.72160   21 1443  740.00000  725.79732  1.92%  1360 1189s
  2287  1511  737.53518   22 1457  740.00000  725.82619  1.92%  1354 1213s
  2297  1511  727.28160    7 1598  740.00000  725.82619  1.92%  1352 1216s
  2357  1531  737.14619   22 1449  740.00000  725.82619  1.92%  1352 1242s
  2377  1575  737.95165   23 1440  740.00000  725.82619  1.92%  1355 1269s
  2421  1621  737.20833   21 1436  740.00000  725.82619  1.92%  1354 1300s
  2525  1660  737.97331   23 1446  740.00000  725.82619  1.92%  1347 1336s
  2560  1660  727.62688    8 1601  740.00000  725.82619  1.92%  1340 1340s
  2582  1721  737.54296   23 1452  740.00000  725.82619  1.92%  1343 1374s
  2669  1800  738.49343   24 1439  740.00000  725.82619  1.92%  1341 1410s
  2787  1801  731.96917   16 7178  740.00000  725.89111  1.91%  1338 1955s
  2789  1802  733.94861   18 1435  740.00000  725.89111  1.91%  1338 1961s
  2790  1803  729.45451   10 1464  740.00000  725.89111  1.91%  1337 1976s
  2793  1805  736.25569   31 1529  740.00000  725.89111  1.91%  1336 1981s
  2795  1806  734.58136   19 1663  740.00000  725.89111  1.91%  1335 1985s
  2798  1808  736.35898   25 1697  740.00000  725.89111  1.91%  1333 1990s
  2806  1814  737.04984   30 1702  740.00000  725.89111  1.91%  1329 2000s
  2808  1815  737.78326   26 1746  740.00000  725.89111  1.91%  1328 2005s
  2811  1817  729.09048   12 1734  740.00000  725.89111  1.91%  1327 2010s
  2813  1818  727.22051   11 1730  740.00000  725.89111  1.91%  1326 2027s
  2814  1819  729.25354   11 1691  740.00000  725.89111  1.91%  1326 2068s
  2815  1820  736.41270   27 1669  740.00000  725.89111  1.91%  1325 2092s
  2817  1821  734.90268   20 1710  740.00000  725.89111  1.91%  1324 2096s
  2820  1823  728.91208   14 1738  740.00000  725.89111  1.91%  1323 2100s
  2823  1825  737.11975   24 1732  740.00000  725.89111  1.91%  1321 2117s
  2824  1826  731.58364   15 1686  740.00000  725.89111  1.91%  1321 2124s
  2825  1826  732.90041   18 1711  740.00000  725.89111  1.91%  1320 2128s
  2826  1827  730.06719   13 1725  740.00000  725.89111  1.91%  1320 2130s
  2829  1829  731.71371   21 1727  740.00000  725.89111  1.91%  1319 2149s
  2830  1830  731.21159   16 1707  740.00000  725.91462  1.90%  1318 2168s
  2831  1830  732.08609   17 1707  740.00000  725.91501  1.90%  1318 2392s
  2832  1833  726.14767   13 1668  740.00000  725.91508  1.90%  1340 2400s
  2833  1836  726.52232   14 1669  740.00000  725.91508  1.90%  1341 2408s
  2836  1841  727.20007   15 1695  740.00000  726.52298  1.82%  1344 2416s
  2842  1851  727.85566   16 1680  740.00000  726.92983  1.77%  1352 2426s
  2854  1863  727.56628   17 1702  740.00000  727.29487  1.72%  1370 2465s
  2870  1873  728.16830   18 1691  740.00000  727.56632  1.68%  1394 2483s
  2886  1889  728.46909   19 1671  740.00000  727.56632  1.68%  1421 2501s
  2907  1905  728.80611   20 1694  740.00000  727.56632  1.68%  1437 2519s
  2930  1923  729.11043   21 1692  740.00000  727.56632  1.68%  1449 2535s
  2956  1931  729.95502   22 1652  740.00000  727.56632  1.68%  1460 2560s
  2972  1944  730.31698   23 1664  740.00000  727.56632  1.68%  1467 2584s
  2991  1959  731.08406   24 1643  740.00000  727.56632  1.68%  1480 2617s
  3012  1975  731.88473   25 1631  740.00000  727.56632  1.68%  1486 2640s
  3035  1991  732.19199   26 1570  740.00000  727.56632  1.68%  1489 2663s
  3059  1999  732.66127   27 1598  740.00000  727.56632  1.68%  1491 2686s
  3075  2010  733.41359   28 1562  740.00000  727.56632  1.68%  1493 2709s
  3091  2020  734.12743   29 1553  740.00000  727.56632  1.68%  1494 2732s
  3116  2035  734.88623   30 1572  740.00000  727.56632  1.68%  1492 2754s
  3144  2045  735.23656   31 1532  740.00000  727.56632  1.68%  1490 2779s
  3175  2047  735.83339   32 1519  740.00000  727.56632  1.68%  1487 2802s
  3203  2049  736.17904   33 1511  740.00000  727.56632  1.68%  1484 2826s
  3235  2053  736.55935   34 1511  740.00000  727.82354  1.65%  1482 2851s
  3259  2060  737.35795   35 1494  740.00000  727.82354  1.65%  1483 2875s
  3294  2073  738.04509   36 1473  740.00000  727.82354  1.65%  1480 2908s
  3341  2076     cutoff   37       740.00000  727.82477  1.65%  1476 2936s
  3399  2075  728.82300   18 1700  740.00000  727.82477  1.65%  1471 2962s
  3438  2068  729.89086   20 1675  740.00000  727.86981  1.64%  1469 2992s
  3469  2075  730.30086   21 1680  740.00000  727.93749  1.63%  1475 3023s
  3498  2083  730.66849   22 1668  740.00000  727.93749  1.63%  1480 3063s
  3524  2087  731.38822   23 1663  740.00000  727.93749  1.63%  1486 3091s
  3543  2091  731.69920   24 1649  740.00000  727.93749  1.63%  1489 3119s
  3571  2099  732.22946   25 1670  740.00000  727.93749  1.63%  1490 3146s
  3590  2111  732.95827   26 1643  740.00000  728.13763  1.60%  1495 3175s
  3609  2124  733.28907   27 1618  740.00000  728.13763  1.60%  1500 3219s
  3628  2139  733.58799   28 1572  740.00000  728.13763  1.60%  1505 3253s
  3649  2150  733.89419   29 1582  740.00000  728.13763  1.60%  1508 3285s
  3667  2166  734.29498   30 1577  740.00000  728.13763  1.60%  1509 3314s
  3689  2191  734.61331   31 1582  740.00000  728.13763  1.60%  1510 3356s
  3726  2219  734.85578   32 1571  740.00000  728.13763  1.60%  1509 3397s
  3780  2260  735.56601   33 1592  740.00000  728.14226  1.60%  1511 3432s
  3843  2266  735.95209   34 1553  740.00000  728.14226  1.60%  1508 3464s
  3907  2278  736.35426   35 1582  740.00000  728.14858  1.60%  1504 3500s
  3960  2299  736.73307   36 1570  740.00000  728.16839  1.60%  1503 3532s
  4035  2323  737.38362   37 1584  740.00000  728.16839  1.60%  1500 3568s
  4132  2368  738.07435   38 1507  740.00000  728.16839  1.60%  1501 3596s
  4223  2391  738.60134   39 1583  740.00000  728.29144  1.58%  1507 3627s
  4349  2369     cutoff   40       740.00000  728.29957  1.58%  1500 3666s
  4397  2371     cutoff   40       740.00000  728.29957  1.58%  1505 3704s
  4422  2376     cutoff   41       740.00000  728.40812  1.57%  1507 3745s
  4441  2383  729.22709   19 1639  740.00000  728.40812  1.57%  1508 3784s
  4464  2390  729.44827   20 1641  740.00000  728.40812  1.57%  1509 3826s
  4515  2397  730.21859   21 1672  740.00000  728.40812  1.57%  1507 3863s
  4583  2423  730.58133   22 1638  740.00000  728.46989  1.56%  1507 3907s
  4654  2421  730.98813   23 1646  740.00000  728.49267  1.56%  1505 3949s
  4701  2442  731.21090   24 1632  740.00000  728.49267  1.56%  1507 3989s
  4784  2468  731.60174   25 1630  740.00000  728.49267  1.56%  1505 4034s
  4870  2526  735.46686   35 1523  740.00000  728.51705  1.55%  1507 4093s
  5000  2506  731.31340   22 1643  740.00000  728.51705  1.55%  1509 4146s
  5026  2529  731.57426   23 1634  740.00000  728.55661  1.55%  1512 4196s
  5089  2559  731.96424   24 1617  740.00000  728.55661  1.55%  1514 4265s
  5154  2576  732.20176   25 1617  740.00000  728.55661  1.55%  1512 4316s
  5235  2605  732.39801   25 1621  740.00000  728.57174  1.54%  1509 4373s
  5299  2592  732.76640   26 1606  740.00000  728.57174  1.54%  1514 4430s
  5341  2624  733.31023   27 1586  740.00000  728.57174  1.54%  1510 4485s
  5407  2655  733.94588   28 1572  740.00000  728.57174  1.54%  1516 4546s
  5504  2724  734.25354   29 1573  740.00000  728.57414  1.54%  1517 4606s
  5705  2788  734.83636   30 1504  740.00000  728.74818  1.52%  1511 4669s
  5949  2751  736.38458   33 1504  740.00000  728.80800  1.51%  1515 4739s
  6019  2788  737.16750   35 1473  740.00000  728.80800  1.51%  1517 4806s
  6115  2888  737.47926   36 1464  740.00000  728.82309  1.51%  1520 4881s
  6325  2903  737.73367   37 1461  740.00000  728.90377  1.50%  1517 4957s
  6510  2960  737.96836   38 1447  740.00000  728.90377  1.50%  1514 5037s
  6713  3020  729.76371   23 1681  740.00000  728.94876  1.49%  1513 5124s
  6937  3040  731.35699   25 1583  740.00000  729.03740  1.48%  1516 5208s
  7049  3025  737.42227   39 1466  740.00000  729.03740  1.48%  1520 5286s
  7096  3040  737.83443   40 1462  740.00000  729.03740  1.48%  1520 5370s
  7130  3061  738.53254   41 1451  740.00000  729.03740  1.48%  1521 5458s
  7205  3151     cutoff   42       740.00000  729.03740  1.48%  1519 5545s
  7420  3273  737.71206   34 1496  740.00000  729.04492  1.48%  1518 5644s
  7780  3284  738.94105   39 1522  740.00000  729.08155  1.48%  1523 5749s
  8009  3237     cutoff   40       740.00000  729.08155  1.48%  1519 5863s
  8069  3245  730.40881   22 1635  740.00000  729.16772  1.46%  1518 6025s
  8121  3357  731.06136   23 1639  740.00000  729.16772  1.46%  1518 6144s
  8384  3478  731.38737   24 1603  740.00000  729.16772  1.46%  1517 6262s
  8678  3560  738.84829   41 1458  740.00000  729.20135  1.46%  1517 6374s
  8836  3600  738.68594   39 1466  740.00000  729.20135  1.46%  1516 6483s
  8880  3686     cutoff   40       740.00000  729.20135  1.46%  1517 6595s
  9018  3852  730.87240   21 1633  740.00000  729.20135  1.46%  1514 6722s
  9424  3976  734.57360   29 1550  740.00000  729.29975  1.45%  1507 6856s
  9700  4012  734.87299   30 1534  740.00000  729.32306  1.44%  1502 6986s
  9770  4103  735.13230   31 1519  740.00000  729.32306  1.44%  1503 7122s
  9954  4154     cutoff   40       740.00000  729.37612  1.44%  1498 7270s
 10156  4318  738.69269   39 1479  740.00000  729.37612  1.44%  1492 7423s
 10518  4529     cutoff   40       740.00000  729.37612  1.44%  1489 7574s
 10914  4681  738.66506   40 1457  740.00000  729.40830  1.43%  1486 7735s
 11185  4740     cutoff   41       740.00000  729.47951  1.42%  1487 7902s
 11334  4754  738.82824   38 1447  740.00000  729.50639  1.42%  1482 8081s
 11368  4994  730.56628   23 1643  740.00000  729.50965  1.42%  1482 8314s
 11732  5100  736.10254   33 1487  740.00000  729.54588  1.41%  1486 8498s
 11928  5237  736.64964   34 1486  740.00000  729.54588  1.41%  1483 8689s
 12192  5403  735.40855   32 1508  740.00000  729.54588  1.41%  1484 8865s
 12466  5584  735.77121   33 1529  740.00000  729.54588  1.41%  1482 9055s
 12793  5710  737.78548   37 1470  740.00000  729.65845  1.40%  1480 9251s
 12973  5854  738.22042   37 1496  740.00000  729.65845  1.40%  1480 9449s
 13239  5894     cutoff   42       740.00000  729.65845  1.40%  1478 9670s
 13325  6086  734.23581   31 1554  740.00000  729.68331  1.39%  1478 9885s
 13645  6222  734.95565   32 1549  740.00000  729.68331  1.39%  1478 10104s
 13844  6305  737.78481   38 1510  740.00000  729.68331  1.39%  1477 10331s
 13993  6505     cutoff   40       740.00000  729.71989  1.39%  1476 10564s
 14415  6700  731.43461   23 1713  740.00000  729.71989  1.39%  1474 10809s
 14803  7067  731.83217   24 1710  740.00000  729.71989  1.39%  1470 11075s
 15554  7292  732.50286   25 1710  740.00000  729.81738  1.38%  1462 11354s
 16440  7307  735.44122   33 1550  740.00000  729.86578  1.37%  1445 11622s
 16459  7429  736.11771   34 1523  740.00000  729.86578  1.37%  1445 11915s
 16791  7697  731.66625   24 1642  740.00000  729.86578  1.37%  1442 12212s
 17307  7888  732.31063   25 1610  740.00000  729.92143  1.36%  1444 12503s
 17824  8082  731.20594   24 1623  740.00000  729.92143  1.36%  1439 12810s
 18226  8317  731.95968   25 1614  740.00000  729.93695  1.36%  1438 13128s
 18656  8542  733.80730   28 1585  740.00000  729.94819  1.36%  1439 13444s
 19025  8641  734.12766   29 1532  740.00000  729.98074  1.35%  1439 13768s
 19220  8976  731.27498   24 1691  740.00000  729.99541  1.35%  1440 14116s
 19743  9011  732.54472   25 1604  740.00000  729.99541  1.35%  1442 14402s

Cutting planes:
  Gomory: 27
  Flow cover: 3
  Zero half: 991

Explored 19790 nodes (28552490 simplex iterations) in 14402.22 seconds (39306.29 work units)
Thread count was 32 (of 32 available processors)

Solution count 10: 740 741 743 ... 794

Time limit reached
Best objective 7.400000000000e+02, best bound 7.300000000000e+02, gap 1.3514%

User-callback calls 2677100, time in user-callback 8.52 sec
