
Gurobi 13.0.2 (linux64) logging started Wed Jul  1 00:53:55 2026

Set parameter LogFile to value "/tmp/sweep_20260701_005042_north-korea_alt400km_s10_i4_v4_gurobi.log"
Set parameter Method to value 1
Set parameter NodefileStart to value 4
Set parameter RINS to value 50
Gurobi Optimizer version 13.0.2 build v13.0.2rc1 (linux64 - "Debian GNU/Linux 13 (trixie)")

CPU model: Intel(R) Xeon(R) Platinum 8375C CPU @ 2.90GHz, instruction set [SSE2|AVX|AVX2|AVX512]
Thread count: 16 physical cores, 32 logical processors, using up to 32 threads

Non-default parameters:
TimeLimit  18000
MIPGap  0.001
Method  1
LPWarmStart  1
Heuristics  0.2
MIPFocus  1
NodefileStart  4
RINS  50
Symmetry  2
Cuts  2
CoverCuts  2
LogToConsole  0

Academic license 2812613 - for non-commercial use only - registered to no___@gatech.edu
Optimize a model with 2872 rows, 21540 columns and 282892 nonzeros (Min)
Model fingerprint: 0x441c25d7
Model has 21540 linear objective coefficients
Variable types: 0 continuous, 21540 integer (21540 binary)
Coefficient statistics:
  Matrix range     [1e+00, 1e+00]
  Objective range  [1e+00, 1e+00]
  Bounds range     [1e+00, 1e+00]
  RHS range        [3e+00, 3e+00]

Found heuristic solution: objective 1436.0000000
Presolve time: 0.19s
Presolved: 2872 rows, 21540 columns, 282892 nonzeros
Variable types: 0 continuous, 21540 integer (21540 binary)

Root simplex log...

Iteration    Objective       Primal Inf.    Dual Inf.      Time
   10607    4.4282141e+02   6.880636e+04   0.000000e+00      5s
   15227    4.5726721e+02   4.726610e+04   0.000000e+00     10s
   18697    4.6331340e+02   1.909112e+04   0.000000e+00     15s
   21527    4.6661922e+02   7.868497e+03   0.000000e+00     20s
   24027    4.6906787e+02   4.216696e+03   0.000000e+00     25s
   26187    4.7085425e+02   2.068882e+03   0.000000e+00     30s
Warning: Markowitz tolerance tightened to 0.0625
   28137    4.7219315e+02   3.422123e+03   0.000000e+00     35s
   29887    4.7323680e+02   6.821990e+03   0.000000e+00     40s
   31587    4.7410928e+02   2.796197e+03   0.000000e+00     45s
   33187    4.7501074e+02   4.714593e+03   0.000000e+00     50s
   34647    4.7589781e+02   4.793576e+04   0.000000e+00     55s
   36147    4.7661175e+02   3.409117e+03   0.000000e+00     60s
   37587    4.7707338e+02   6.652872e+03   0.000000e+00     65s
   38967    4.7773877e+02   1.702511e+04   0.000000e+00     70s
   40397    4.7866576e+02   3.171123e+05   0.000000e+00     75s
   41737    4.7866708e+02   9.116772e+04   0.000000e+00     80s
   43127    4.7866730e+02   8.667088e+03   0.000000e+00     85s
   44577    4.7866736e+02   8.661802e+02   0.000000e+00     90s
   46097    4.7866738e+02   1.138246e+03   0.000000e+00     95s
   47272    4.7866667e+02   0.000000e+00   0.000000e+00     99s

Root relaxation: objective 4.786667e+02, 47272 iterations, 98.88 seconds (222.71 work units)

    Nodes    |    Current Node    |     Objective Bounds      |     Work
 Expl Unexpl |  Obj  Depth IntInf | Incumbent    BestBd   Gap | It/Node Time

     0     0  478.66667    0 2872 1436.00000  478.66667  66.7%     -  121s
H    0     0                    1075.0000000  478.66667  55.5%     -  121s
H    0     0                     750.0000000  478.66667  36.2%     -  126s
H    0     0                     659.0000000  478.66667  27.4%     -  126s
H    0     0                     658.0000000  478.66667  27.3%     -  126s
H    0     0                     599.0000000  478.66667  20.1%     -  126s
H    0     0                     598.0000000  478.66667  20.0%     -  126s
H    0     0                     592.0000000  478.66667  19.1%     -  126s
H    0     0                     589.0000000  478.66667  18.7%     -  128s
H    0     0                     587.0000000  478.66667  18.5%     -  131s
H    0     0                     578.0000000  478.66667  17.2%     -  137s
H    0     0                     574.0000000  478.66667  16.6%     -  137s
H    0     0                     573.0000000  478.66667  16.5%     -  139s
H    0     0                     568.0000000  478.66667  15.7%     -  139s
H    0     0                     567.0000000  478.66667  15.6%     -  140s
H    0     0                     566.0000000  478.66667  15.4%     -  140s
H    0     0                     565.0000000  478.66667  15.3%     -  140s
H    0     0                     562.0000000  478.66667  14.8%     -  140s
H    0     0                     561.0000000  478.66667  14.7%     -  141s
H    0     0                     559.0000000  478.66667  14.4%     -  141s
H    0     0                     558.0000000  478.66667  14.2%     -  141s
H    0     0                     557.0000000  478.66667  14.1%     -  142s
H    0     0                     556.0000000  478.66667  13.9%     -  142s
H    0     0                     555.0000000  478.66667  13.8%     -  142s
H    0     0                     554.0000000  478.66667  13.6%     -  143s
H    0     0                     551.0000000  478.66667  13.1%     -  144s
H    0     0                     550.0000000  478.66667  13.0%     -  145s
H    0     0                     549.0000000  478.66667  12.8%     -  147s
H    0     0                     548.0000000  478.66667  12.7%     -  150s
H    0     0                     547.0000000  478.66667  12.5%     -  155s
H    0     0                     546.0000000  478.66667  12.3%     -  161s
H    0     0                     545.0000000  478.66667  12.2%     -  237s
H    0     0                     544.0000000  478.66667  12.0%     -  237s
H    0     0                     543.0000000  478.66667  11.8%     -  237s
     0     0  478.66667    0 2872  543.00000  478.66667  11.8%     -  296s
     0     0  478.66667    0 2871  543.00000  478.66667  11.8%     -  329s
H    0     0                     542.0000000  478.66667  11.7%     -  482s
H    0     0                     541.0000000  478.66667  11.5%     -  516s
H    0     0                     540.0000000  478.66667  11.4%     -  583s
H    0     0                     539.0000000  478.66667  11.2%     -  583s
H    0     0                     537.0000000  478.66667  10.9%     -  590s
H    0     0                     536.0000000  478.66667  10.7%     -  597s
H    0     0                     535.0000000  478.66667  10.5%     -  597s
H    0     0                     534.0000000  478.66667  10.4%     -  603s
H    0     0                     533.0000000  478.66667  10.2%     -  609s
     0     2  478.66667    0 2871  533.00000  478.66667  10.2%     -  789s
     1     4  478.66667    1 2872  533.00000  478.66667  10.2%  4991  923s
H    2     4                     532.0000000  478.66667  10.0%  2496  923s
     2     4  478.66667    1 2872  532.00000  478.66667  10.0%  2796  926s
     3     7  478.66667    2 2872  532.00000  478.66667  10.0%  1944 1083s
     4     7  478.66667    2 2872  532.00000  478.66667  10.0%  1661 1086s
     6    13  478.66667    3 2872  532.00000  478.66667  10.0%  1180 1235s
    12    26  478.66667    4 2872  532.00000  478.66667  10.0%   712 1415s
    19    26  478.66667    4 2872  532.00000  478.66667  10.0%   655 1421s
    24    26  506.82353    2 2872  532.00000  478.66667  10.0%  1248 1432s
H   25    37                     531.0000000  478.66667  9.86%  1198 1627s
    33    37  478.66667    5 2872  531.00000  478.66667  9.86%  1072 1630s
    36    53  478.66667    6 2872  531.00000  478.66667  9.86%  1041 1843s
    52   132  478.66667    7 2872  531.00000  478.66667  9.86%   844 2005s
   131   148  478.66667   10 2870  531.00000  478.66667  9.86%   982 2220s
   147   163  478.69277   11 2869  531.00000  478.66667  9.86%  1348 2432s
   162   176  478.66667   13 2872  531.00000  478.66667  9.86%  1429 2645s
   175   192  478.73660   12 2868  531.00000  478.66667  9.86%  1648 2928s
   191   208  478.77995   13 2863  531.00000  478.66667  9.86%  1872 3355s
H  196   208                     530.0000000  478.66667  9.69%  1897 3355s
H  198   208                     529.0000000  478.66667  9.51%  1917 3355s
   207   224  478.78378   14 2862  529.00000  478.66667  9.51%  2059 3829s
   223   240  478.80087   15 2861  529.00000  478.66667  9.51%  2264 4248s
H  227   240                     528.0000000  478.66667  9.34%  2296 4248s
H  238   240                     523.0000000  478.66667  8.48%  2585 4248s
H  239   256                     521.0000000  478.66667  8.13%  2647 5043s
H  242   256                     520.0000000  478.66667  7.95%  2665 5043s
H  255   272                     518.0000000  478.66667  7.59%  2796 5677s
   271   654  478.89517   17 2860  518.00000  478.66667  7.59%  2925 6391s
H  411   654                     517.0000000  478.66667  7.41%  3006 6391s
   653   670  479.86172   36 2801  517.00000  478.66667  7.41%  3194 6929s
H  669   686                     515.0000000  478.66667  7.06%  3228 7358s
   685   839  479.95345   38 2795  515.00000  478.66667  7.06%  3247 7768s
H  723   839                     514.0000000  478.66667  6.87%  3232 7768s
   838   855  480.34250   44 2780  514.00000  478.66667  6.87%  3217 8187s
H  840   855                     513.0000000  478.66667  6.69%  3215 8187s
   854   999  480.39519   45 2771  513.00000  478.66667  6.69%  3217 8682s
   998  1015  480.78436   50 2761  513.00000  478.66667  6.69%  3092 9048s
H 1013  1015                     512.0000000  478.66667  6.51%  3088 9048s
  1014  1539  480.87443   50 2755  512.00000  478.66667  6.51%  3096 9593s
  1538  1639  482.77277   77 2646  512.00000  478.66667  6.51%  3102 9903s
H 1579  1639                     511.0000000  478.66667  6.33%  3113 9903s
  1638  1846  482.85405   77 2638  511.00000  478.66667  6.33%  3150 10228s
H 1729  1846                     510.0000000  478.66667  6.14%  3135 10228s
H 1780  1846                     509.0000000  478.66667  5.96%  3128 10228s
  1845  1942  483.75894   87 2586  509.00000  478.66667  5.96%  3123 10519s
H 1856  1942                     508.0000000  478.66667  5.77%  3124 10519s
  1941  2095  483.98190   91 2582  508.00000  478.66667  5.77%  3104 10809s
H 2008  2093                     505.0000000  478.66667  5.21%  3083 10809s
  2094  2201  484.55559  100 2543  505.00000  478.66667  5.21%  3069 11131s
H 2146  2201                     503.0000000  478.66667  4.84%  3059 11131s
H 2202  2455                     502.0000000  478.66667  4.65%  3045 11407s
H 2273  2455                     499.0000000  478.66667  4.07%  3034 11407s
  2456  2471  486.30088  122 2464  499.00000  478.66667  4.07%  2995 11660s
H 2457  2471                     496.0000000  478.66667  3.49%  2994 11660s
H 2464  2471                     495.0000000  478.66667  3.30%  2993 11660s
H 2472  2580                     494.0000000  478.66667  3.10%  2992 11929s
H 2486  2561                     492.0000000  478.66667  2.71%  2991 11929s
H 2496  2450                     490.0000000  478.66667  2.31%  2989 11929s
H 2581  2417                     488.0000000  478.66667  1.91%  2975 12263s
H 2610  2351                     487.0000000  478.66667  1.71%  2966 12263s
  2610  2351  478.66667    8 2872  487.00000  478.66667  1.71%  2967 12266s
  2664  2351  478.66667    5 2871  487.00000  478.66667  1.71%  2953 12271s
  2710  2348     cutoff  134       487.00000  478.66667  1.71%  2950 12614s
  2715  2348  478.66667    9 2872  487.00000  478.66667  1.71%  2946 12617s
H 2723  2188                     486.0000000  478.66667  1.51%  2945 12617s
  2744  2188  478.73416   19 2866  486.00000  478.66667  1.51%  2947 12623s
  2755  2216  478.70343   13 2868  486.00000  478.66667  1.51%  2949 12955s
  2831  2216     cutoff  123       486.00000  478.66667  1.51%  2958 12967s
  2834  2216  478.66667    8 2872  486.00000  478.66667  1.51%  2956 12970s
  2839  2233  478.84514   16 2856  486.00000  478.66667  1.51%  2958 13337s
H 2856  2010                     485.0000000  478.66667  1.31%  2974 13337s
  2862  1996  478.66931   10 2871  485.00000  478.66667  1.31%  2977 14560s
  2864  1997  479.55559   37 2872  485.00000  478.66667  1.31%  2975 14777s
  2865  1998  478.74029   18 2872  485.00000  478.66667  1.31%  2974 15057s
  2866  1999  479.07720   27 2872  485.00000  478.66667  1.31%  2973 15285s
  2867  1999  481.33029  105 2872  485.00000  478.66667  1.31%  2972 15391s
  2868  2000  483.45907   76 2872  485.00000  478.72222  1.29%  2971 17285s
  2869  2003  478.72222   13 2872  485.00000  478.72222  1.29%  3001 17320s
  2873  2009  478.72222   15 2872  485.00000  478.72222  1.29%  2998 17330s
  2878  2018  478.72222   16 2872  485.00000  478.72222  1.29%  2993 17362s
  2888  2030  478.72222   17 2872  485.00000  478.72222  1.29%  2985 17487s
  2904  2046  478.72222   18 2872  485.00000  478.72222  1.29%  2972 17622s
  2925  2055  478.72222   19 2872  485.00000  478.72222  1.29%  2954 17761s
  2941  2065  478.72222   20 2872  485.00000  478.72222  1.29%  2942 17896s
  2956  2075  478.72222   20 2870  485.00000  478.72222  1.29%  2931 18000s

Explored 2971 nodes (8757810 simplex iterations) in 18000.27 seconds (45539.99 work units)
Thread count was 32 (of 32 available processors)

Solution count 10: 485 486 487 ... 499

Time limit reached
Best objective 4.850000000000e+02, best bound 4.790000000000e+02, gap 1.2371%

User-callback calls 3134606, time in user-callback 8.46 sec
