
Gurobi 13.0.2 (linux64) logging started Thu Jul 16 09:51:40 2026

Set parameter LogFile to value "/tmp/sweep_20260716_013919_north-korea_alt260km_s20_i1_v5_gurobi.log"
Set parameter Method to value 1
Set parameter NodefileStart to value 4
Set parameter RINS to value 50
Gurobi Optimizer version 13.0.2 build v13.0.2rc1 (linux64 - "Debian GNU/Linux 13 (trixie)")

CPU model: Intel(R) Xeon(R) Platinum 8375C CPU @ 2.90GHz, instruction set [SSE2|AVX|AVX2|AVX512]
Thread count: 16 physical cores, 32 logical processors, using up to 32 threads

Non-default parameters:
TimeLimit  14400
MIPGap  0.001
Method  1
LPWarmStart  1
Heuristics  0.2
MIPFocus  1
NodefileStart  4
RINS  50
Symmetry  2
Cuts  2
CoverCuts  2
LogToConsole  0

Academic license 2812613 - for non-commercial use only - registered to no___@gatech.edu
Optimize a model with 1436 rows, 10770 columns and 127804 nonzeros (Min)
Model fingerprint: 0x507c5363
Model has 10770 linear objective coefficients
Variable types: 0 continuous, 10770 integer (10770 binary)
Coefficient statistics:
  Matrix range     [1e+00, 1e+00]
  Objective range  [1e+00, 1e+00]
  Bounds range     [1e+00, 1e+00]
  RHS range        [2e+01, 2e+01]

Found heuristic solution: objective 3448.0000000
Presolve removed 0 rows and 1436 columns
Presolve time: 0.10s
Presolved: 1436 rows, 9334 columns, 110572 nonzeros
Variable types: 0 continuous, 9334 integer (7898 binary)

Root relaxation: objective 1.892909e+03, 10249 iterations, 4.48 seconds (8.53 work units)

    Nodes    |    Current Node    |     Objective Bounds      |     Work
 Expl Unexpl |  Obj  Depth IntInf | Incumbent    BestBd   Gap | It/Node Time

     0     0 1892.90909    0 1436 3448.00000 1892.90909  45.1%     -    4s
H    0     0                    2006.0000000 1892.90909  5.64%     -    4s
H    0     0                    1997.0000000 1892.90909  5.21%     -    4s
H    0     0                    1988.0000000 1892.90909  4.78%     -    4s
H    0     0                    1982.0000000 1892.90909  4.50%     -    4s
H    0     0                    1965.0000000 1892.90909  3.67%     -    4s
H    0     0                    1954.0000000 1892.90909  3.13%     -    4s
H    0     0                    1950.0000000 1892.90909  2.93%     -    4s
H    0     0                    1949.0000000 1892.90909  2.88%     -    4s
H    0     0                    1948.0000000 1892.90909  2.83%     -    4s
H    0     0                    1947.0000000 1892.90909  2.78%     -    4s
H    0     0                    1946.0000000 1892.90909  2.73%     -    4s
H    0     0                    1944.0000000 1892.90909  2.63%     -    5s
H    0     0                    1943.0000000 1892.90909  2.58%     -    5s
H    0     0                    1941.0000000 1892.90909  2.48%     -    5s
H    0     0                    1940.0000000 1892.90909  2.43%     -    5s
H    0     0                    1939.0000000 1892.90909  2.38%     -    5s
H    0     0                    1938.0000000 1892.90909  2.33%     -    5s
H    0     0                    1937.0000000 1892.90909  2.28%     -    5s
H    0     0                    1933.0000000 1892.90909  2.07%     -    6s
     0     0 1892.90909    0 1436 1933.00000 1892.90909  2.07%     -   17s
H    0     0                    1932.0000000 1892.90909  2.02%     -   26s
H    0     0                    1931.0000000 1892.90909  1.97%     -   28s
H    0     0                    1930.0000000 1892.90909  1.92%     -   29s
H    0     0                    1923.0000000 1892.90909  1.56%     -   29s
H    0     0                    1922.0000000 1892.90909  1.51%     -   30s
H    0     0                    1921.0000000 1892.90909  1.46%     -   30s
H    0     0                    1920.0000000 1892.90909  1.41%     -   30s
H    0     0                    1919.0000000 1892.90909  1.36%     -   31s
H    0     0                    1918.0000000 1892.90909  1.31%     -   31s
     0     2 1892.90909    0 1436 1918.00000 1892.90909  1.31%     -   32s
     1     3 1892.97543    1 1436 1918.00000 1892.96083  1.31%   2.0   36s
     2     5 1893.02162    2 1436 1918.00000 1892.96083  1.31%   2.5   41s
     4     8 1893.06151    3 1433 1918.00000 1892.96083  1.31%   2.5   45s
     9    16 1893.09804    4 1434 1918.00000 1893.02425  1.30%  27.0   51s
H   12    16                    1917.0000000 1893.04808  1.25%  21.7   51s
    29    32 1893.17050    5 1436 1917.00000 1893.09121  1.25%  14.1   55s
    33    82 1893.17552    6 1432 1917.00000 1893.09121  1.25%  14.0   60s
    84    83 1893.19252    8 1436 1917.00000 1893.09121  1.25%  12.6   71s
    86    84 1893.22429    6 1436 1917.00000 1893.09121  1.25%  12.3   87s
H   87    80                    1916.0000000 1893.09121  1.20%  12.2  106s
    90    83 1893.33986    9 1436 1916.00000 1893.09121  1.20%   126  120s
    92    84 1893.24797    7 1436 1916.00000 1893.09121  1.20%   123  136s
    94    86 1893.15444    6 1436 1916.00000 1893.09121  1.20%   120  154s
    96    88 1893.15444    6 1436 1916.00000 1893.09121  1.20%   225  169s
    98    89 1893.17118    6 1436 1916.00000 1893.09121  1.20%   220  185s
   100    91 1893.20289    6 1436 1916.00000 1893.09121  1.20%   216  203s
   102    93 1893.22679    7 1436 1916.00000 1893.09121  1.20%   312  221s
   104    94 1893.26738    9 1436 1916.00000 1893.09121  1.20%   306  237s
   106    96 1893.25575    8 1436 1916.00000 1893.09121  1.20%   300  255s
   108    98 1893.16942    6 1436 1916.00000 1893.09121  1.20%   389  291s
   110    99 1893.21618    7 1436 1916.00000 1893.09121  1.20%   382  308s
   111   100 1893.20289    6 1436 1916.00000 1893.09121  1.20%   379  310s
   112   101 1893.09121    6 1436 1916.00000 1893.09121  1.20%   376  326s
   114   103 1893.33986    9 1436 1916.00000 1893.09121  1.20%   459  349s
   116   104 1893.24231    8 1436 1916.00000 1893.09121  1.20%   451  365s
   118   106 1893.29767    8 1436 1916.00000 1893.09121  1.20%   443  383s
   120   108 1893.15446    9 1436 1916.00000 1893.09121  1.20%   521  408s
   122   109 1893.25593    8 1436 1916.00000 1893.09121  1.20%   513  424s
   123   110 1893.26073    8 1436 1916.00000 1893.09121  1.20%   509  426s
   124   111 1893.24203    8 1436 1916.00000 1893.09121  1.20%   504  442s
   126   113 1893.30798   10 1436 1916.00000 1893.09121  1.20%   578  469s
   128   114 1893.22679    7 1436 1916.00000 1893.09121  1.20%   569  486s
   130   116 1893.26020    8 1436 1916.00000 1893.09121  1.20%   560  503s
   132   118 1893.19252    8 1436 1916.00000 1893.09121  1.20%   629  534s
   134   119 1893.15968    7 1436 1916.00000 1893.09121  1.20%   620  550s
   136   121 1893.33986    9 1436 1916.00000 1893.09121  1.20%   611  568s
   138   123 1893.16843    7 1436 1916.00000 1893.09121  1.20%   676  600s
   140   124 1893.24154    9 1436 1916.00000 1893.09121  1.20%   666  617s
   142   126 1893.23867    9 1436 1916.00000 1893.09121  1.20%   657  634s
   144   128 1893.23373    8 1436 1916.00000 1893.09121  1.20%   719  669s
   146   129 1893.26790    8 1436 1916.00000 1893.09121  1.20%   709  685s
   148   131 1893.22017    9 1436 1916.00000 1893.09121  1.20%   700  703s
   150   133 1893.16942    6 1436 1916.00000 1893.09121  1.20%   759  740s
   152   134 1893.16946    8 1436 1916.00000 1893.09121  1.20%   749  757s
   154   136 1893.26790    8 1436 1916.00000 1893.09121  1.20%   739  774s
   156   138 1893.20561    7 1436 1916.00000 1893.09121  1.20%   795  814s
   158   139 1893.22429    6 1436 1916.00000 1893.09121  1.20%   785  831s
   160   141 1893.33986    9 1436 1916.00000 1893.09121  1.20%   775  848s
   162   143 1893.11193    6 1436 1916.00000 1893.09121  1.20%   829  895s
   164   144 1893.17118    6 1436 1916.00000 1893.09121  1.20%   819  911s
   166   146 1893.29459    9 1436 1916.00000 1893.09121  1.20%   809  929s
   168   148 1893.20561    7 1436 1916.00000 1893.09121  1.20%   860  976s
   170   149 1893.25523    8 1436 1916.00000 1893.09121  1.20%   850  992s
   171   150 1893.22679    7 1436 1916.00000 1893.09121  1.20%   845  995s
   172   151 1893.20482    8 1436 1916.00000 1893.09121  1.20%   840 1010s
   174   153 1893.18681    8 1436 1916.00000 1893.09121  1.20%   890 1063s
   176   154 1893.16574    8 1436 1916.00000 1893.09121  1.20%   880 1080s
   178   156 1893.29459    9 1436 1916.00000 1893.09121  1.20%   870 1097s
   180   158 1893.23867    9 1436 1916.00000 1893.09121  1.20%   917 1153s
   182   159 1893.24797    7 1436 1916.00000 1893.09121  1.20%   907 1170s
   184   161 1893.19252    8 1436 1916.00000 1893.09121  1.20%   897 1188s
   186   163 1893.22429    6 1436 1916.00000 1893.09121  1.20%   942 1241s
   188   164 1893.16843    7 1436 1916.00000 1893.09121  1.20%   932 1257s
   189   165 1893.15444    6 1436 1916.00000 1893.09121  1.20%   927 1260s
   190   166 1893.33986    9 1436 1916.00000 1893.09121  1.20%   923 1275s
   192   168 1893.24797    7 1436 1916.00000 1893.09121  1.20%   966 1324s
   194   169 1893.15444    6 1436 1916.00000 1893.09121  1.20%   956 1340s
   196   171 1893.15444    6 1436 1916.00000 1893.09121  1.20%   947 1358s
   198   173 1893.17118    6 1436 1916.00000 1893.09121  1.20%   989 1411s
   200   174 1893.20289    6 1436 1916.00000 1893.09121  1.20%   979 1428s
   201   175 1893.34989    9 1436 1916.00000 1893.09121  1.20%   974 1430s
   202   176 1893.22679    7 1436 1916.00000 1893.09121  1.20%   969 1445s
   204   178 1893.26738    9 1436 1916.00000 1893.09121  1.20%  1010 1492s
   206   179 1893.25575    8 1436 1916.00000 1893.09121  1.20%  1000 1509s
   207   180 1893.23932    8 1436 1916.00000 1893.09121  1.20%   995 1511s
   208   181 1893.16942    6 1436 1916.00000 1893.09121  1.20%   991 1527s
   210   183 1893.21618    7 1436 1916.00000 1893.09121  1.20%  1030 1573s
   212   184 1893.09121    6 1436 1916.00000 1893.09121  1.20%  1020 1590s
   214   186 1893.33986    9 1436 1916.00000 1893.09121  1.20%  1011 1608s
   216   188 1893.24231    8 1436 1916.00000 1893.09121  1.20%  1049 1654s
   218   189 1893.29767    8 1436 1916.00000 1893.09121  1.20%  1039 1670s
   220   191 1893.15446    9 1436 1916.00000 1893.09121  1.20%  1030 1688s
   222   193 1893.25593    8 1436 1916.00000 1893.09121  1.20%  1067 1738s
   224   194 1893.24203    8 1436 1916.00000 1893.09121  1.20%  1057 1755s
   226   196 1893.30798   10 1436 1916.00000 1893.09121  1.20%  1048 1773s
   228   198 1893.22679    7 1436 1916.00000 1893.09121  1.20%  1083 1839s
   230   199 1893.26020    8 1436 1916.00000 1893.09121  1.20%  1074 1856s
   232   201 1893.19252    8 1436 1916.00000 1893.09121  1.20%  1065 1873s
   234   203 1893.15968    7 1436 1916.00000 1893.09121  1.20%  1100 1931s
   236   204 1893.33986    9 1436 1916.00000 1893.09121  1.20%  1090 1947s
   237   205 1893.24154    9 1436 1916.00000 1893.09121  1.20%  1086 1950s
   238   206 1893.16843    7 1436 1916.00000 1893.09121  1.20%  1081 1965s
   240   208 1893.24154    9 1436 1916.00000 1893.09121  1.20%  1115 2019s
   242   209 1893.23867    9 1436 1916.00000 1893.09121  1.20%  1106 2035s
   244   211 1893.23373    8 1436 1916.00000 1893.09121  1.20%  1096 2053s
   246   213 1893.26790    8 1436 1916.00000 1893.09121  1.20%  1129 2102s
   248   214 1893.22017    9 1436 1916.00000 1893.09121  1.20%  1120 2118s
   249   215 1893.30547    9 1436 1916.00000 1893.09121  1.20%  1116 2121s
   250   216 1893.16942    6 1436 1916.00000 1893.09121  1.20%  1111 2136s
   252   218 1893.16946    8 1436 1916.00000 1893.09121  1.20%  1143 2183s
   254   219 1893.26790    8 1436 1916.00000 1893.09121  1.20%  1134 2200s
   256   221 1893.20561    7 1436 1916.00000 1893.09121  1.20%  1125 2218s
   258   223 1893.22429    6 1436 1916.00000 1893.09121  1.20%  1156 2265s
   260   224 1893.33986    9 1436 1916.00000 1893.09121  1.20%  1147 2282s
   262   226 1893.11193    6 1436 1916.00000 1893.09121  1.20%  1138 2300s
   264   228 1893.17118    6 1436 1916.00000 1893.09121  1.20%  1169 2353s
   266   229 1893.29459    9 1436 1916.00000 1893.09121  1.20%  1160 2370s
   268   231 1893.20561    7 1436 1916.00000 1893.09121  1.20%  1151 2387s
   270   233 1893.25523    8 1436 1916.00000 1893.09121  1.20%  1181 2437s
   272   234 1893.20482    8 1436 1916.00000 1893.09121  1.20%  1172 2453s
   273   235 1893.28652    9 1436 1916.00000 1893.09121  1.20%  1168 2455s
   274   236 1893.18681    8 1436 1916.00000 1893.09121  1.20%  1163 2471s
   276   238 1893.16574    8 1436 1916.00000 1893.09121  1.20%  1192 2525s
   278   239 1893.29459    9 1436 1916.00000 1893.09121  1.20%  1184 2541s
   280   241 1893.23867    9 1436 1916.00000 1893.09121  1.20%  1175 2559s
   282   243 1893.24797    7 1436 1916.00000 1893.09121  1.20%  1203 2613s
   284   244 1893.19252    8 1436 1916.00000 1893.09121  1.20%  1195 2630s
   286   246 1893.22429    6 1436 1916.00000 1893.09121  1.20%  1186 2648s
   288   248 1893.16843    7 1436 1916.00000 1893.09121  1.20%  1214 2701s
   290   249 1893.33986    9 1436 1916.00000 1893.09121  1.20%  1205 2718s
   291   250 1893.22615    8 1436 1916.00000 1893.09121  1.20%  1201 2720s
   292   251 1893.24797    7 1436 1916.00000 1893.09121  1.20%  1197 2736s
   294   253 1893.15444    6 1436 1916.00000 1893.09121  1.20%  1224 2792s
   296   254 1893.15444    6 1436 1916.00000 1893.09121  1.20%  1215 2808s
   297   255 1893.22973    8 1436 1916.00000 1893.09121  1.20%  1211 2811s
   298   256 1893.17118    6 1436 1916.00000 1893.09121  1.20%  1207 2826s
   300   258 1893.20289    6 1436 1916.00000 1893.09121  1.20%  1233 2885s
   302   259 1893.22679    7 1436 1916.00000 1893.09121  1.20%  1225 2902s
   304   261 1893.26738    9 1436 1916.00000 1893.09121  1.20%  1217 2920s
   306   263 1893.25575    8 1436 1916.00000 1893.09121  1.20%  1243 2970s
   308   264 1893.16942    6 1436 1916.00000 1893.09121  1.20%  1235 2986s
   310   266 1893.21618    7 1436 1916.00000 1893.09121  1.20%  1227 3004s
   312   268 1893.09121    6 1436 1916.00000 1893.09121  1.20%  1252 3056s
   314   269 1893.33986    9 1436 1916.00000 1893.09121  1.20%  1244 3072s
   315   270 1893.30798   10 1436 1916.00000 1893.09121  1.20%  1240 3075s
   316   271 1893.24231    8 1436 1916.00000 1893.09121  1.20%  1236 3090s
   318   273 1893.29767    8 1436 1916.00000 1893.09121  1.20%  1260 3137s
   320   274 1893.15446    9 1436 1916.00000 1893.09121  1.20%  1252 3154s
   321   275 1893.34989    9 1436 1916.00000 1893.09121  1.20%  1249 3156s
   322   276 1893.25593    8 1436 1916.00000 1893.09121  1.20%  1245 3172s
   324   278 1893.24203    8 1436 1916.00000 1893.09121  1.20%  1269 3217s
   326   279 1893.30798   10 1436 1916.00000 1893.09121  1.20%  1261 3234s
   327   280 1893.19782    7 1436 1916.00000 1893.09121  1.20%  1257 3236s
   328   281 1893.22679    7 1436 1916.00000 1893.09121  1.20%  1253 3252s
   330   283 1893.26020    8 1436 1916.00000 1893.09121  1.20%  1277 3299s
   332   284 1893.19252    8 1436 1916.00000 1893.09121  1.20%  1269 3315s
   334   286 1893.15968    7 1436 1916.00000 1893.09121  1.20%  1261 3333s
   336   288 1893.33986    9 1436 1916.00000 1893.09121  1.20%  1284 3387s
   338   289 1893.16843    7 1436 1916.00000 1893.09121  1.20%  1277 3403s
   339   290 1893.26199    9 1436 1916.00000 1893.09121  1.20%  1273 3406s
   340   291 1893.24154    9 1436 1916.00000 1893.09121  1.20%  1269 3421s
   342   293 1893.23867    9 1436 1916.00000 1893.09121  1.20%  1292 3483s
   344   294 1893.23373    8 1436 1916.00000 1893.09121  1.20%  1284 3500s
   346   296 1893.26790    8 1436 1916.00000 1893.09121  1.20%  1277 3517s
   348   298 1893.22017    9 1436 1916.00000 1893.09121  1.20%  1299 3566s
   350   299 1893.16942    6 1436 1916.00000 1893.09121  1.20%  1291 3583s
   351   300 1893.24231    8 1436 1916.00000 1893.09121  1.20%  1288 3585s
   352   301 1893.16946    8 1436 1916.00000 1893.09121  1.20%  1284 3600s
   354   303 1893.26790    8 1436 1916.00000 1893.09121  1.20%  1306 3652s
   356   304 1893.20561    7 1436 1916.00000 1893.09121  1.20%  1298 3668s
   357   305 1893.24154    9 1436 1916.00000 1893.09121  1.20%  1295 3670s
   358   306 1893.22429    6 1436 1916.00000 1893.09121  1.20%  1291 3686s
   360   308 1893.33986    9 1436 1916.00000 1893.09121  1.20%  1313 3732s
   362   309 1893.11193    6 1436 1916.00000 1893.09121  1.20%  1305 3748s
   363   310 1893.29459    9 1436 1916.00000 1893.09121  1.20%  1302 3751s
   364   311 1893.17118    6 1436 1916.00000 1893.09121  1.20%  1298 3766s
   366   313 1893.29459    9 1436 1916.00000 1893.09121  1.20%  1319 3814s
   368   314 1893.20561    7 1436 1916.00000 1893.09121  1.20%  1312 3830s
   370   316 1893.25523    8 1436 1916.00000 1893.09121  1.20%  1305 3848s
   372   318 1893.20482    8 1436 1916.00000 1893.09121  1.20%  1325 3895s
   374   319 1893.18681    8 1436 1916.00000 1893.09121  1.20%  1318 3911s
   376   321 1893.16574    8 1436 1916.00000 1893.09121  1.20%  1311 3929s
   378   323 1893.29459    9 1436 1916.00000 1893.09121  1.20%  1331 3979s
   380   324 1893.23867    9 1436 1916.00000 1893.09121  1.20%  1324 3995s
   382   326 1893.24797    7 1436 1916.00000 1893.09121  1.20%  1317 4013s
   384   328 1893.19252    8 1436 1916.00000 1893.09121  1.20%  1337 4062s
   386   329 1893.22429    6 1436 1916.00000 1893.09121  1.20%  1330 4078s
   387   330 1893.27863    8 1436 1916.00000 1893.09121  1.20%  1327 4081s
   388   331 1893.16843    7 1436 1916.00000 1893.09121  1.20%  1323 4096s
   390   333 1893.33986    9 1436 1916.00000 1893.09121  1.20%  1343 4142s
   392   334 1893.24797    7 1436 1916.00000 1893.09121  1.20%  1336 4159s
   393   335 1893.11193    6 1436 1916.00000 1893.09121  1.20%  1333 4161s
   394   336 1893.15444    6 1436 1916.00000 1893.09121  1.20%  1329 4177s
   396   338 1893.15444    6 1436 1916.00000 1893.09121  1.20%  1349 4227s
   398   339 1893.17118    6 1436 1916.00000 1893.09121  1.20%  1342 4244s
   399   340 1893.23908    7 1436 1916.00000 1893.09121  1.20%  1338 4246s
   400   341 1893.20289    6 1436 1916.00000 1893.09121  1.20%  1335 4262s
   402   343 1893.22679    7 1436 1916.00000 1893.09121  1.20%  1354 4320s
   404   344 1893.26738    9 1436 1916.00000 1893.09121  1.20%  1347 4336s
   406   346 1893.25575    8 1436 1916.00000 1893.09121  1.20%  1341 4354s
   408   348 1893.16942    6 1436 1916.00000 1893.09121  1.20%  1359 4397s
   410   349 1893.21618    7 1436 1916.00000 1893.09121  1.20%  1352 4414s
   411   350 1893.20289    6 1436 1916.00000 1893.09121  1.20%  1349 4416s
   412   351 1893.09121    6 1436 1916.00000 1893.09121  1.20%  1346 4432s
   414   353 1893.33986    9 1436 1916.00000 1893.09121  1.20%  1364 4481s
   416   354 1893.24231    8 1436 1916.00000 1893.09121  1.20%  1358 4497s
   418   356 1893.29767    8 1436 1916.00000 1893.09121  1.20%  1351 4515s
   420   358 1893.15446    9 1436 1916.00000 1893.09121  1.20%  1369 4563s
   422   359 1893.25593    8 1436 1916.00000 1893.09121  1.20%  1363 4579s
   423   360 1893.26073    8 1436 1916.00000 1893.09121  1.20%  1359 4582s
   424   361 1893.24203    8 1436 1916.00000 1893.09121  1.20%  1356 4597s
   426   363 1893.30798   10 1436 1916.00000 1893.09121  1.20%  1374 4658s
   428   364 1893.22679    7 1436 1916.00000 1893.09121  1.20%  1367 4675s
   430   366 1893.26020    8 1436 1916.00000 1893.09121  1.20%  1361 4693s
   432   368 1893.19252    8 1436 1916.00000 1893.09121  1.20%  1378 4744s
   434   369 1893.15968    7 1436 1916.00000 1893.09121  1.20%  1372 4761s
   436   371 1893.33986    9 1436 1916.00000 1893.09121  1.20%  1366 4779s
   438   373 1893.16843    7 1436 1916.00000 1893.09121  1.20%  1383 4826s
   440   374 1893.24154    9 1436 1916.00000 1893.09121  1.20%  1377 4842s
   441   375 1893.21618    7 1436 1916.00000 1893.09121  1.20%  1374 4845s
   442   376 1893.23867    9 1436 1916.00000 1893.09121  1.20%  1370 4860s
   444   378 1893.23373    8 1436 1916.00000 1893.09121  1.20%  1387 4907s
   446   379 1893.26790    8 1436 1916.00000 1893.09121  1.20%  1381 4923s
   447   380 1893.26081    9 1436 1916.00000 1893.09121  1.20%  1378 4926s
   448   381 1893.22017    9 1436 1916.00000 1893.09121  1.20%  1375 4941s
   450   383 1893.16942    6 1436 1916.00000 1893.09121  1.20%  1392 4990s
   452   384 1893.16946    8 1436 1916.00000 1893.09121  1.20%  1386 5007s
   454   386 1893.26790    8 1436 1916.00000 1893.09121  1.20%  1379 5025s
   456   388 1893.20561    7 1436 1916.00000 1893.09121  1.20%  1396 5070s
   458   389 1893.22429    6 1436 1916.00000 1893.09121  1.20%  1390 5086s
   460   391 1893.33986    9 1436 1916.00000 1893.09121  1.20%  1384 5104s
   462   393 1893.11193    6 1436 1916.00000 1893.09121  1.20%  1400 5161s
   464   394 1893.17118    6 1436 1916.00000 1893.09121  1.20%  1394 5177s
   466   396 1893.29459    9 1436 1916.00000 1893.09121  1.20%  1388 5195s
   468   398 1893.20561    7 1436 1916.00000 1893.09121  1.20%  1404 5241s
   470   399 1893.25523    8 1436 1916.00000 1893.09121  1.20%  1398 5258s
   471   400 1893.22679    7 1436 1916.00000 1893.09121  1.20%  1395 5260s
   472   401 1893.20482    8 1436 1916.00000 1893.09121  1.20%  1392 5276s
   474   403 1893.18681    8 1436 1916.00000 1893.09121  1.20%  1408 5322s
   476   404 1893.16574    8 1436 1916.00000 1893.09121  1.20%  1402 5338s
   477   405 1893.18681    8 1436 1916.00000 1893.09121  1.20%  1399 5340s
   478   406 1893.29459    9 1436 1916.00000 1893.09121  1.20%  1396 5356s
   480   408 1893.23867    9 1436 1916.00000 1893.09121  1.20%  1411 5405s
   482   409 1893.24797    7 1436 1916.00000 1893.09121  1.20%  1406 5421s
   484   411 1893.19252    8 1436 1916.00000 1893.09121  1.20%  1400 5439s
   486   413 1893.22429    6 1436 1916.00000 1893.09121  1.20%  1415 5492s
   488   414 1893.16843    7 1436 1916.00000 1893.09121  1.20%  1409 5509s
   489   415 1893.15444    6 1436 1916.00000 1893.09121  1.20%  1406 5511s
   490   416 1893.33986    9 1436 1916.00000 1893.09121  1.20%  1404 5527s
   492   418 1893.24797    7 1436 1916.00000 1893.09121  1.20%  1419 5577s
   494   419 1893.15444    6 1436 1916.00000 1893.09121  1.20%  1413 5593s
   495   420 1893.15859    9 1436 1916.00000 1893.09121  1.20%  1410 5596s
   496   421 1893.15444    6 1436 1916.00000 1893.09121  1.20%  1407 5611s
   498   423 1893.17118    6 1436 1916.00000 1893.09121  1.20%  1422 5663s
   500   424 1893.20289    6 1436 1916.00000 1893.09121  1.20%  1416 5680s
   502   426 1893.22679    7 1436 1916.00000 1893.09121  1.20%  1411 5698s
   504   428 1893.26738    9 1436 1916.00000 1893.09121  1.20%  1426 5754s
   506   429 1893.25575    8 1436 1916.00000 1893.09121  1.20%  1420 5770s
   508   431 1893.16942    6 1436 1916.00000 1893.09121  1.20%  1414 5788s
   510   433 1893.21618    7 1436 1916.00000 1893.09121  1.20%  1429 5850s
   512   434 1893.09121    6 1436 1916.00000 1893.09121  1.20%  1423 5866s
   514   436 1893.33986    9 1436 1916.00000 1893.09121  1.20%  1418 5884s
   516   438 1893.24231    8 1436 1916.00000 1893.09121  1.20%  1432 5931s
   518   439 1893.29767    8 1436 1916.00000 1893.09121  1.20%  1427 5948s
   519   440 1893.23517    8 1436 1916.00000 1893.09121  1.20%  1424 5950s
   520   441 1893.15446    9 1436 1916.00000 1893.09121  1.20%  1421 5966s
   522   443 1893.25593    8 1436 1916.00000 1893.09121  1.20%  1435 6025s
   524   444 1893.24203    8 1436 1916.00000 1893.09121  1.20%  1430 6041s
   526   446 1893.30798   10 1436 1916.00000 1893.09121  1.20%  1424 6059s
   528   448 1893.22679    7 1436 1916.00000 1893.09121  1.20%  1438 6107s
   530   449 1893.26020    8 1436 1916.00000 1893.09121  1.20%  1433 6124s
   531   450 1893.18681    8 1436 1916.00000 1893.09121  1.20%  1430 6126s
   532   451 1893.19252    8 1436 1916.00000 1893.09121  1.20%  1428 6142s
   534   453 1893.15968    7 1436 1916.00000 1893.09121  1.20%  1441 6194s
   536   454 1893.33986    9 1436 1916.00000 1893.09121  1.20%  1436 6210s
   538   456 1893.16843    7 1436 1916.00000 1893.09121  1.20%  1431 6228s
   540   458 1893.24154    9 1436 1916.00000 1893.09121  1.20%  1444 6277s
   542   459 1893.23867    9 1436 1916.00000 1893.09121  1.20%  1439 6293s
   543   460 1893.23560    8 1436 1916.00000 1893.09121  1.20%  1436 6296s
   544   461 1893.23373    8 1436 1916.00000 1893.09121  1.20%  1434 6311s
   546   463 1893.26790    8 1436 1916.00000 1893.09121  1.20%  1447 6365s
   548   464 1893.22017    9 1436 1916.00000 1893.09121  1.20%  1442 6382s
   550   466 1893.16942    6 1436 1916.00000 1893.09121  1.20%  1437 6400s
   552   468 1893.16946    8 1436 1916.00000 1893.09121  1.20%  1450 6450s
   554   469 1893.26790    8 1436 1916.00000 1893.09121  1.20%  1445 6467s
   556   471 1893.20561    7 1436 1916.00000 1893.09121  1.20%  1440 6484s
   558   473 1893.22429    6 1436 1916.00000 1893.09121  1.20%  1453 6536s
   560   474 1893.33986    9 1436 1916.00000 1893.09121  1.20%  1448 6552s
   561   475 1893.21611    9 1436 1916.00000 1893.09121  1.20%  1445 6555s
   562   476 1893.11193    6 1436 1916.00000 1893.09121  1.20%  1443 6570s
   564   478 1893.17118    6 1436 1916.00000 1893.09121  1.20%  1456 6614s
   566   479 1893.29459    9 1436 1916.00000 1893.09121  1.20%  1450 6631s
   568   481 1893.20561    7 1436 1916.00000 1893.09121  1.20%  1445 6648s
   570   483 1893.25523    8 1436 1916.00000 1893.09121  1.20%  1458 6701s
   572   484 1893.20482    8 1436 1916.00000 1893.09121  1.20%  1453 6718s
   573   485 1893.28652    9 1436 1916.00000 1893.09121  1.20%  1451 6720s
   574   486 1893.18681    8 1436 1916.00000 1893.09121  1.20%  1448 6736s
   576   488 1893.16574    8 1436 1916.00000 1893.09121  1.20%  1461 6783s
   578   489 1893.29459    9 1436 1916.00000 1893.09121  1.20%  1456 6799s
   579   490 1893.27726    8 1436 1916.00000 1893.09121  1.20%  1453 6802s
   580   491 1893.23867    9 1436 1916.00000 1893.09121  1.20%  1451 6817s
   582   493 1893.24797    7 1436 1916.00000 1893.09121  1.20%  1463 6865s
   584   494 1893.19252    8 1436 1916.00000 1893.09121  1.20%  1458 6881s
   586   496 1893.22429    6 1436 1916.00000 1893.09121  1.20%  1453 6899s
   588   498 1893.16843    7 1436 1916.00000 1893.09121  1.20%  1466 6947s
   590   499 1893.33986    9 1436 1916.00000 1893.09121  1.20%  1461 6963s
   591   500 1893.22615    8 1436 1916.00000 1893.09121  1.20%  1459 6966s
   592   501 1893.24797    7 1436 1916.00000 1893.09121  1.20%  1456 6981s
   594   503 1893.15444    6 1436 1916.00000 1893.09121  1.20%  1468 7030s
   596   504 1893.15444    6 1436 1916.00000 1893.09121  1.20%  1463 7046s
   598   506 1893.17118    6 1436 1916.00000 1893.09121  1.20%  1459 7064s
   600   508 1893.20289    6 1436 1916.00000 1893.09121  1.20%  1471 7120s
   602   509 1893.22679    7 1436 1916.00000 1893.09121  1.20%  1466 7136s
   604   511 1893.26738    9 1436 1916.00000 1893.09121  1.20%  1461 7154s
   606   513 1893.25575    8 1436 1916.00000 1893.09121  1.20%  1473 7200s
   608   514 1893.16942    6 1436 1916.00000 1893.09121  1.20%  1468 7217s
   610   516 1893.21618    7 1436 1916.00000 1893.09121  1.20%  1463 7234s
   612   518 1893.09121    6 1436 1916.00000 1893.09121  1.20%  1475 7284s
   614   519 1893.33986    9 1436 1916.00000 1893.09121  1.20%  1471 7300s
   616   521 1893.24231    8 1436 1916.00000 1893.09121  1.20%  1466 7318s
   618   523 1893.29767    8 1436 1916.00000 1893.09121  1.20%  1478 7367s
   620   524 1893.15446    9 1436 1916.00000 1893.09121  1.20%  1473 7383s
   621   525 1893.34989    9 1436 1916.00000 1893.09121  1.20%  1471 7386s
   622   526 1893.25593    8 1436 1916.00000 1893.09121  1.20%  1468 7401s
   624   528 1893.24203    8 1436 1916.00000 1893.09121  1.20%  1480 7448s
   626   529 1893.30798   10 1436 1916.00000 1893.09121  1.20%  1475 7464s
   627   530 1893.19782    7 1436 1916.00000 1893.09121  1.20%  1473 7466s
   628   531 1893.22679    7 1436 1916.00000 1893.09121  1.20%  1470 7482s
   630   533 1893.26020    8 1436 1916.00000 1893.09121  1.20%  1482 7534s
   632   534 1893.19252    8 1436 1916.00000 1893.09121  1.20%  1477 7550s
   634   536 1893.15968    7 1436 1916.00000 1893.09121  1.20%  1473 7568s
   636   538 1893.33986    9 1436 1916.00000 1893.09121  1.20%  1484 7623s
   638   539 1893.16843    7 1436 1916.00000 1893.09121  1.20%  1480 7639s
   639   540 1893.26199    9 1436 1916.00000 1893.09121  1.20%  1477 7641s
   640   541 1893.24154    9 1436 1916.00000 1893.09121  1.20%  1475 7657s
   642   543 1893.23867    9 1436 1916.00000 1893.09121  1.20%  1486 7714s
   644   544 1893.23373    8 1436 1916.00000 1893.09121  1.20%  1482 7730s
   646   546 1893.26790    8 1436 1916.00000 1893.09121  1.20%  1477 7747s
   648   548 1893.22017    9 1436 1916.00000 1893.09121  1.20%  1488 7800s
   650   549 1893.16942    6 1436 1916.00000 1893.09121  1.20%  1484 7816s
   652   551 1893.16946    8 1436 1916.00000 1893.09121  1.20%  1479 7834s
   654   553 1893.26790    8 1436 1916.00000 1893.09121  1.20%  1490 7882s
   656   554 1893.20561    7 1436 1916.00000 1893.09121  1.20%  1486 7898s
   657   555 1893.24154    9 1436 1916.00000 1893.09121  1.20%  1484 7900s
   658   556 1893.22429    6 1436 1916.00000 1893.09121  1.20%  1481 7915s
   660   558 1893.33986    9 1436 1916.00000 1893.09121  1.20%  1492 7966s
   662   559 1893.11193    6 1436 1916.00000 1893.09121  1.20%  1488 7982s
   664   561 1893.17118    6 1436 1916.00000 1893.09121  1.20%  1483 8000s
   666   563 1893.29459    9 1436 1916.00000 1893.09121  1.20%  1494 8045s
   668   564 1893.20561    7 1436 1916.00000 1893.09121  1.20%  1490 8062s
   670   566 1893.25523    8 1436 1916.00000 1893.09121  1.20%  1485 8079s
   672   568 1893.20482    8 1436 1916.00000 1893.09121  1.20%  1496 8128s
   674   569 1893.18681    8 1436 1916.00000 1893.09121  1.20%  1492 8144s
   675   570 1893.16843    7 1436 1916.00000 1893.09121  1.20%  1490 8147s
   676   571 1893.16574    8 1436 1916.00000 1893.09121  1.20%  1487 8162s
   678   573 1893.29459    9 1436 1916.00000 1893.09121  1.20%  1498 8206s
   680   574 1893.23867    9 1436 1916.00000 1893.09121  1.20%  1494 8222s
   682   576 1893.24797    7 1436 1916.00000 1893.09121  1.20%  1489 8239s
   684   578 1893.19252    8 1436 1916.00000 1893.09121  1.20%  1500 8284s
   686   579 1893.22429    6 1436 1916.00000 1893.09121  1.20%  1496 8300s
   688   581 1893.16843    7 1436 1916.00000 1893.09121  1.20%  1491 8318s
   690   583 1893.33986    9 1436 1916.00000 1893.09121  1.20%  1502 8403s
   692   584 1893.24797    7 1436 1916.00000 1893.09121  1.20%  1497 8419s
   693   585 1893.11193    6 1436 1916.00000 1893.09121  1.20%  1495 8422s
   694   586 1893.15444    6 1436 1916.00000 1893.09121  1.20%  1493 8437s
   696   588 1893.15444    6 1436 1916.00000 1893.09121  1.20%  1504 8492s
   698   589 1893.17118    6 1436 1916.00000 1893.09121  1.20%  1499 8509s
   699   590 1893.23908    7 1436 1916.00000 1893.09121  1.20%  1497 8511s
   700   591 1893.20289    6 1436 1916.00000 1893.09121  1.20%  1495 8526s
   702   593 1893.22679    7 1436 1916.00000 1893.09121  1.20%  1505 8577s
   704   594 1893.26738    9 1436 1916.00000 1893.09121  1.20%  1501 8594s
   705   595 1893.17568    7 1436 1916.00000 1893.09121  1.20%  1499 8596s
   706   596 1893.25575    8 1436 1916.00000 1893.09121  1.20%  1497 8611s
   708   598 1893.16942    6 1436 1916.00000 1893.09121  1.20%  1507 8657s
   710   599 1893.21618    7 1436 1916.00000 1893.09121  1.20%  1503 8674s
   711   600 1893.20289    6 1436 1916.00000 1893.09121  1.20%  1501 8676s
   712   601 1893.09121    6 1436 1916.00000 1893.09121  1.20%  1499 8691s
   714   603 1893.33986    9 1436 1916.00000 1893.09121  1.20%  1509 8741s
   716   604 1893.24231    8 1436 1916.00000 1893.09121  1.20%  1504 8758s
   717   605 1893.24797    7 1436 1916.00000 1893.09121  1.20%  1502 8760s
   718   606 1893.29767    8 1436 1916.00000 1893.09121  1.20%  1500 8775s
   720   608 1893.15446    9 1436 1916.00000 1893.09121  1.20%  1510 8817s
   722   609 1893.25593    8 1436 1916.00000 1893.09121  1.20%  1506 8833s
   723   610 1893.26073    8 1436 1916.00000 1893.09121  1.20%  1504 8835s
   724   611 1893.24203    8 1436 1916.00000 1893.09121  1.20%  1502 8850s
   726   613 1893.30798   10 1436 1916.00000 1893.09121  1.20%  1512 8897s
   728   614 1893.22679    7 1436 1916.00000 1893.09121  1.20%  1508 8914s
   729   615 1893.25523    8 1436 1916.00000 1893.09121  1.20%  1506 8916s
   730   616 1893.26020    8 1436 1916.00000 1893.09121  1.20%  1504 8931s
   732   618 1893.19252    8 1436 1916.00000 1893.09121  1.20%  1514 8975s
   734   619 1893.15968    7 1436 1916.00000 1893.09121  1.20%  1509 8991s
   736   621 1893.33986    9 1436 1916.00000 1893.09121  1.20%  1505 9009s
   738   623 1893.16843    7 1436 1916.00000 1893.09121  1.20%  1515 9052s
   740   624 1893.24154    9 1436 1916.00000 1893.09121  1.20%  1511 9069s
   741   625 1893.21618    7 1436 1916.00000 1893.09121  1.20%  1509 9071s
   742   626 1893.23867    9 1436 1916.00000 1893.09121  1.20%  1507 9086s
   744   628 1893.23373    8 1436 1916.00000 1893.09121  1.20%  1517 9142s
   746   629 1893.26790    8 1436 1916.00000 1893.09121  1.20%  1513 9158s
   747   630 1893.26081    9 1436 1916.00000 1893.09121  1.20%  1511 9160s
   748   631 1893.22017    9 1436 1916.00000 1893.09121  1.20%  1509 9176s
   750   633 1893.16942    6 1436 1916.00000 1893.09121  1.20%  1518 9222s
   752   634 1893.16946    8 1436 1916.00000 1893.09121  1.20%  1514 9239s
   753   635 1893.25173    7 1436 1916.00000 1893.09121  1.20%  1512 9241s
   754   636 1893.26790    8 1436 1916.00000 1893.09121  1.20%  1510 9256s
   756   638 1893.20561    7 1436 1916.00000 1893.09121  1.20%  1520 9309s
   758   639 1893.22429    6 1436 1916.00000 1893.09121  1.20%  1516 9325s
   760   641 1893.33986    9 1436 1916.00000 1893.09121  1.20%  1512 9343s
   762   643 1893.11193    6 1436 1916.00000 1893.09121  1.20%  1521 9401s
   764   644 1893.17118    6 1436 1916.00000 1893.09121  1.20%  1517 9418s
   765   645 1893.17118    6 1436 1916.00000 1893.09121  1.20%  1515 9420s
   766   646 1893.29459    9 1436 1916.00000 1893.09121  1.20%  1513 9435s
   768   648 1893.20561    7 1436 1916.00000 1893.09121  1.20%  1523 9488s
   770   649 1893.25523    8 1436 1916.00000 1893.09121  1.20%  1519 9504s
   771   650 1893.22679    7 1436 1916.00000 1893.09121  1.20%  1517 9506s
   772   651 1893.20482    8 1436 1916.00000 1893.09121  1.20%  1515 9521s
   774   653 1893.18681    8 1436 1916.00000 1893.09121  1.20%  1524 9566s
   776   654 1893.16574    8 1436 1916.00000 1893.09121  1.20%  1520 9583s
   777   655 1893.18681    8 1436 1916.00000 1893.09121  1.20%  1518 9585s
   778   656 1893.29459    9 1436 1916.00000 1893.09121  1.20%  1516 9600s
   780   658 1893.23867    9 1436 1916.00000 1893.09121  1.20%  1526 9648s
   782   659 1893.24797    7 1436 1916.00000 1893.09121  1.20%  1522 9664s
   783   660 1893.15968    7 1436 1916.00000 1893.09121  1.20%  1520 9666s
   784   661 1893.19252    8 1436 1916.00000 1893.09121  1.20%  1518 9682s
   786   663 1893.22429    6 1436 1916.00000 1893.09121  1.20%  1527 9725s
   788   664 1893.16843    7 1436 1916.00000 1893.09121  1.20%  1523 9741s
   790   666 1893.33986    9 1436 1916.00000 1893.09121  1.20%  1519 9759s
   792   668 1893.24797    7 1436 1916.00000 1893.09121  1.20%  1528 9811s
   794   669 1893.15444    6 1436 1916.00000 1893.09121  1.20%  1524 9827s
   796   671 1893.15444    6 1436 1916.00000 1893.09121  1.20%  1521 9845s
   798   673 1893.17118    6 1436 1916.00000 1893.09121  1.20%  1530 9910s
   800   674 1893.20289    6 1436 1916.00000 1893.09121  1.20%  1526 9926s
   802   676 1893.22679    7 1436 1916.00000 1893.09121  1.20%  1522 9944s
   804   678 1893.26738    9 1436 1916.00000 1893.09121  1.20%  1531 9990s
   806   679 1893.25575    8 1436 1916.00000 1893.09121  1.20%  1527 10006s
   808   681 1893.16942    6 1436 1916.00000 1893.09121  1.20%  1523 10024s
   810   683 1893.21618    7 1436 1916.00000 1893.09121  1.20%  1532 10071s
   812   684 1893.09121    6 1436 1916.00000 1893.09121  1.20%  1529 10087s
   813   685 1893.22615    8 1436 1916.00000 1893.09121  1.20%  1527 10090s
   814   686 1893.33986    9 1436 1916.00000 1893.09121  1.20%  1525 10105s
   816   688 1893.24231    8 1436 1916.00000 1893.09121  1.20%  1534 10167s
   818   689 1893.29767    8 1436 1916.00000 1893.09121  1.20%  1530 10183s
   819   690 1893.23517    8 1436 1916.00000 1893.09121  1.20%  1528 10185s
   820   691 1893.15446    9 1436 1916.00000 1893.09121  1.20%  1526 10201s
   822   693 1893.25593    8 1436 1916.00000 1893.09121  1.20%  1535 10248s
   824   694 1893.24203    8 1436 1916.00000 1893.09121  1.20%  1531 10264s
   825   695 1893.22615    8 1436 1916.00000 1893.09121  1.20%  1529 10266s
   826   696 1893.30798   10 1436 1916.00000 1893.09121  1.20%  1527 10282s
   828   698 1893.22679    7 1436 1916.00000 1893.09121  1.20%  1536 10329s
   830   699 1893.26020    8 1436 1916.00000 1893.09121  1.20%  1532 10346s
   832   701 1893.19252    8 1436 1916.00000 1893.09121  1.20%  1529 10363s
   834   703 1893.15968    7 1436 1916.00000 1893.09121  1.20%  1537 10408s
   836   704 1893.33986    9 1436 1916.00000 1893.09121  1.20%  1534 10425s
   838   706 1893.16843    7 1436 1916.00000 1893.09121  1.20%  1530 10443s
   840   708 1893.24154    9 1436 1916.00000 1893.09121  1.20%  1539 10496s
   842   709 1893.23867    9 1436 1916.00000 1893.09121  1.20%  1535 10513s
   843   710 1893.23560    8 1436 1916.00000 1893.09121  1.20%  1533 10515s
   844   711 1893.23373    8 1436 1916.00000 1893.09121  1.20%  1531 10531s
   846   713 1893.26790    8 1436 1916.00000 1893.09121  1.20%  1540 10581s
   848   714 1893.22017    9 1436 1916.00000 1893.09121  1.20%  1536 10597s
   849   715 1893.30547    9 1436 1916.00000 1893.09121  1.20%  1534 10600s
   850   716 1893.16942    6 1436 1916.00000 1893.09121  1.20%  1533 10615s
   852   718 1893.16946    8 1436 1916.00000 1893.09121  1.20%  1541 10662s
   854   719 1893.26790    8 1436 1916.00000 1893.09121  1.20%  1537 10678s
   855   720 1893.18681    8 1436 1916.00000 1893.09121  1.20%  1536 10681s
   856   721 1893.20561    7 1436 1916.00000 1893.09121  1.20%  1534 10696s
   858   723 1893.22429    6 1436 1916.00000 1893.09121  1.20%  1542 10750s
   860   724 1893.33986    9 1436 1916.00000 1893.09121  1.20%  1539 10766s
   862   726 1893.11193    6 1436 1916.00000 1893.09121  1.20%  1535 10784s
   864   728 1893.17118    6 1436 1916.00000 1893.09121  1.20%  1543 10828s
   866   729 1893.29459    9 1436 1916.00000 1893.09121  1.20%  1540 10844s
   867   730 1893.26790    8 1436 1916.00000 1893.09121  1.20%  1538 10846s
   868   731 1893.20561    7 1436 1916.00000 1893.09121  1.20%  1536 10862s
   870   733 1893.25523    8 1436 1916.00000 1893.09121  1.20%  1544 10909s
   872   734 1893.20482    8 1436 1916.00000 1893.09121  1.20%  1541 10925s
   874   736 1893.18681    8 1436 1916.00000 1893.09121  1.20%  1537 10943s
   876   738 1893.16574    8 1436 1916.00000 1893.09121  1.20%  1546 10989s
   878   739 1893.29459    9 1436 1916.00000 1893.09121  1.20%  1542 11005s
   880   741 1893.23867    9 1436 1916.00000 1893.09121  1.20%  1539 11023s
   882   743 1893.24797    7 1436 1916.00000 1893.09121  1.20%  1547 11075s
   884   744 1893.19252    8 1436 1916.00000 1893.09121  1.20%  1543 11091s
   886   746 1893.22429    6 1436 1916.00000 1893.09121  1.20%  1540 11109s
   888   748 1893.16843    7 1436 1916.00000 1893.09121  1.20%  1548 11158s
   890   749 1893.33986    9 1436 1916.00000 1893.09121  1.20%  1544 11175s
   892   751 1893.24797    7 1436 1916.00000 1893.09121  1.20%  1541 11192s
   894   753 1893.15444    6 1436 1916.00000 1893.09121  1.20%  1549 11242s
   896   754 1893.15444    6 1436 1916.00000 1893.09121  1.20%  1545 11258s
   897   755 1893.22973    8 1436 1916.00000 1893.09121  1.20%  1544 11260s
   898   756 1893.17118    6 1436 1916.00000 1893.09121  1.20%  1542 11275s
   900   758 1893.20289    6 1436 1916.00000 1893.09121  1.20%  1550 11320s
   902   759 1893.22679    7 1436 1916.00000 1893.09121  1.20%  1546 11336s
   904   761 1893.26738    9 1436 1916.00000 1893.09121  1.20%  1543 11353s
   906   763 1893.25575    8 1436 1916.00000 1893.09121  1.20%  1551 11412s
   908   764 1893.16942    6 1436 1916.00000 1893.09121  1.20%  1548 11428s
   909   765 1893.19252    8 1436 1916.00000 1893.09121  1.20%  1546 11430s
   910   766 1893.21618    7 1436 1916.00000 1893.09121  1.20%  1544 11445s
   912   768 1893.09121    6 1436 1916.00000 1893.09121  1.20%  1552 11493s
   914   769 1893.33986    9 1436 1916.00000 1893.09121  1.20%  1549 11509s
   915   770 1893.30798   10 1436 1916.00000 1893.09121  1.20%  1547 11512s
   916   771 1893.24231    8 1436 1916.00000 1893.09121  1.20%  1545 11527s
   918   773 1893.29767    8 1436 1916.00000 1893.09121  1.20%  1553 11575s
   920   774 1893.15446    9 1436 1916.00000 1893.09121  1.20%  1550 11591s
   922   776 1893.25593    8 1436 1916.00000 1893.09121  1.20%  1546 11608s
   924   778 1893.24203    8 1436 1916.00000 1893.09121  1.20%  1554 11654s
   926   779 1893.30798   10 1436 1916.00000 1893.09121  1.20%  1551 11670s
   928   781 1893.22679    7 1436 1916.00000 1893.09121  1.20%  1547 11687s
   930   783 1893.26020    8 1436 1916.00000 1893.09121  1.20%  1555 11735s
   932   784 1893.19252    8 1436 1916.00000 1893.09121  1.20%  1552 11752s
   934   786 1893.15968    7 1436 1916.00000 1893.09121  1.20%  1548 11769s
   936   788 1893.33986    9 1436 1916.00000 1893.09121  1.20%  1556 11817s
   938   789 1893.16843    7 1436 1916.00000 1893.09121  1.20%  1553 11833s
   939   790 1893.26199    9 1436 1916.00000 1893.09121  1.20%  1551 11835s
   940   791 1893.24154    9 1436 1916.00000 1893.09121  1.20%  1549 11851s
   942   793 1893.23867    9 1436 1916.00000 1893.09121  1.20%  1557 11898s
   944   794 1893.23373    8 1436 1916.00000 1893.09121  1.20%  1554 11914s
   945   795 1893.20601    6 1436 1916.00000 1893.09121  1.20%  1552 11916s
   946   796 1893.26790    8 1436 1916.00000 1893.09121  1.20%  1550 11932s
   948   798 1893.22017    9 1436 1916.00000 1893.09121  1.20%  1558 11980s
   950   799 1893.16942    6 1436 1916.00000 1893.09121  1.20%  1555 11997s
   952   801 1893.16946    8 1436 1916.00000 1893.09121  1.20%  1551 12014s
   954   803 1893.26790    8 1436 1916.00000 1893.09121  1.20%  1559 12067s
   956   804 1893.20561    7 1436 1916.00000 1893.09121  1.20%  1556 12083s
   957   805 1893.24154    9 1436 1916.00000 1893.09121  1.20%  1554 12085s
   958   806 1893.22429    6 1436 1916.00000 1893.09121  1.20%  1552 12100s
   960   808 1893.33986    9 1436 1916.00000 1893.09121  1.20%  1560 12147s
   962   809 1893.11193    6 1436 1916.00000 1893.09121  1.20%  1557 12163s
   963   810 1893.29459    9 1436 1916.00000 1893.09121  1.20%  1555 12165s
   964   811 1893.17118    6 1436 1916.00000 1893.09121  1.20%  1553 12180s
   966   813 1893.29459    9 1436 1916.00000 1893.09121  1.20%  1561 12226s
   968   814 1893.20561    7 1436 1916.00000 1893.09121  1.20%  1558 12242s
   969   815 1893.24797    7 1436 1916.00000 1893.09121  1.20%  1556 12245s
   970   816 1893.25523    8 1436 1916.00000 1893.09121  1.20%  1554 12260s
   972   818 1893.20482    8 1436 1916.00000 1893.09121  1.20%  1562 12307s
   974   819 1893.18681    8 1436 1916.00000 1893.09121  1.20%  1558 12324s
   975   820 1893.16843    7 1436 1916.00000 1893.09121  1.20%  1557 12326s
   976   821 1893.16574    8 1436 1916.00000 1893.09121  1.20%  1555 12341s
   978   823 1893.29459    9 1436 1916.00000 1893.09121  1.20%  1563 12395s
   980   824 1893.23867    9 1436 1916.00000 1893.09121  1.20%  1559 12412s
   982   826 1893.24797    7 1436 1916.00000 1893.09121  1.20%  1556 12429s
   984   828 1893.19252    8 1436 1916.00000 1893.09121  1.20%  1563 12482s
   986   829 1893.22429    6 1436 1916.00000 1893.09121  1.20%  1560 12498s
   987   830 1893.27863    8 1436 1916.00000 1893.09121  1.20%  1559 12501s
   988   831 1893.16843    7 1436 1916.00000 1893.09121  1.20%  1557 12516s
   990   833 1893.33986    9 1436 1916.00000 1893.09121  1.20%  1564 12570s
   992   834 1893.24797    7 1436 1916.00000 1893.09121  1.20%  1561 12587s
   994   836 1893.15444    6 1436 1916.00000 1893.09121  1.20%  1558 12604s
   996   838 1893.15444    6 1436 1916.00000 1893.09121  1.20%  1565 12663s
   998   839 1893.17118    6 1436 1916.00000 1893.09121  1.20%  1562 12679s
   999   840 1893.23908    7 1436 1916.00000 1893.09121  1.20%  1560 12681s
  1000   841 1893.20289    6 1436 1916.00000 1893.09121  1.20%  1559 12697s
  1002   843 1893.22679    7 1436 1916.00000 1893.09121  1.20%  1566 12742s
  1004   844 1893.26738    9 1436 1916.00000 1893.09121  1.20%  1563 12758s
  1005   845 1893.17568    7 1436 1916.00000 1893.09121  1.20%  1561 12761s
  1006   846 1893.25575    8 1436 1916.00000 1893.09121  1.20%  1560 12776s
  1008   848 1893.16942    6 1436 1916.00000 1893.09121  1.20%  1567 12825s
  1010   849 1893.21618    7 1436 1916.00000 1893.09121  1.20%  1564 12842s
  1012   851 1893.09121    6 1436 1916.00000 1893.09121  1.20%  1561 12859s
  1014   853 1893.33986    9 1436 1916.00000 1893.09121  1.20%  1568 12907s
  1016   854 1893.24231    8 1436 1916.00000 1893.09121  1.20%  1565 12923s
  1017   855 1893.24797    7 1436 1916.00000 1893.09121  1.20%  1563 12926s
  1018   856 1893.29767    8 1436 1916.00000 1893.09121  1.20%  1562 12941s
  1020   858 1893.15446    9 1436 1916.00000 1893.09121  1.20%  1569 12991s
  1022   859 1893.25593    8 1436 1916.00000 1893.09121  1.20%  1565 13008s
  1023   860 1893.26073    8 1436 1916.00000 1893.09121  1.20%  1564 13010s
  1024   861 1893.24203    8 1436 1916.00000 1893.09121  1.20%  1562 13025s
  1026   863 1893.30798   10 1436 1916.00000 1893.09121  1.20%  1569 13074s
  1028   864 1893.22679    7 1436 1916.00000 1893.09121  1.20%  1566 13090s
  1030   866 1893.26020    8 1436 1916.00000 1893.09121  1.20%  1563 13108s
  1032   868 1893.19252    8 1436 1916.00000 1893.09121  1.20%  1570 13157s
  1034   869 1893.15968    7 1436 1916.00000 1893.09121  1.20%  1567 13174s
  1035   870 1893.20482    8 1436 1916.00000 1893.09121  1.20%  1566 13176s
  1036   871 1893.33986    9 1436 1916.00000 1893.09121  1.20%  1564 13192s
  1038   873 1893.16843    7 1436 1916.00000 1893.09121  1.20%  1571 13242s
  1040   874 1893.24154    9 1436 1916.00000 1893.09121  1.20%  1568 13258s
  1041   875 1893.21618    7 1436 1916.00000 1893.09121  1.20%  1566 13260s
  1042   876 1893.23867    9 1436 1916.00000 1893.09121  1.20%  1565 13276s
  1044   878 1893.23373    8 1436 1916.00000 1893.09121  1.20%  1572 13332s
  1046   879 1893.26790    8 1436 1916.00000 1893.09121  1.20%  1569 13349s
  1047   880 1893.26081    9 1436 1916.00000 1893.09121  1.20%  1567 13351s
  1048   881 1893.22017    9 1436 1916.00000 1893.09121  1.20%  1566 13366s
  1050   883 1893.16942    6 1436 1916.00000 1893.09121  1.20%  1573 13416s
  1052   884 1893.16946    8 1436 1916.00000 1893.09121  1.20%  1570 13432s
  1054   886 1893.26790    8 1436 1916.00000 1893.09121  1.20%  1567 13450s
  1056   888 1893.20561    7 1436 1916.00000 1893.09121  1.20%  1573 13515s
  1058   889 1893.22429    6 1436 1916.00000 1893.09121  1.20%  1570 13531s
  1060   891 1893.33986    9 1436 1916.00000 1893.09121  1.20%  1567 13549s
  1062   893 1893.11193    6 1436 1916.00000 1893.09121  1.20%  1574 13599s
  1064   894 1893.17118    6 1436 1916.00000 1893.09121  1.20%  1571 13615s
  1066   896 1893.29459    9 1436 1916.00000 1893.09121  1.20%  1568 13633s
  1068   898 1893.20561    7 1436 1916.00000 1893.09121  1.20%  1575 13678s
  1070   899 1893.25523    8 1436 1916.00000 1893.09121  1.20%  1572 13694s
  1071   900 1893.22679    7 1436 1916.00000 1893.09121  1.20%  1570 13697s
  1072   901 1893.20482    8 1436 1916.00000 1893.09121  1.20%  1569 13712s
  1074   903 1893.18681    8 1436 1916.00000 1893.09121  1.20%  1576 13757s
  1076   904 1893.16574    8 1436 1916.00000 1893.09121  1.20%  1573 13773s
  1077   905 1893.18681    8 1436 1916.00000 1893.09121  1.20%  1571 13775s
  1078   906 1893.29459    9 1436 1916.00000 1893.09121  1.20%  1570 13791s
  1080   908 1893.23867    9 1436 1916.00000 1893.09121  1.20%  1576 13848s
  1082   909 1893.24797    7 1436 1916.00000 1893.09121  1.20%  1573 13864s
  1083   910 1893.15968    7 1436 1916.00000 1893.09121  1.20%  1572 13867s
  1084   911 1893.19252    8 1436 1916.00000 1893.09121  1.20%  1570 13882s
  1086   913 1893.22429    6 1436 1916.00000 1893.09121  1.20%  1577 13938s
  1088   914 1893.16843    7 1436 1916.00000 1893.09121  1.20%  1574 13954s
  1089   915 1893.15444    6 1436 1916.00000 1893.09121  1.20%  1573 13957s
  1090   916 1893.33986    9 1436 1916.00000 1893.09121  1.20%  1571 13972s
  1092   918 1893.24797    7 1436 1916.00000 1893.09121  1.20%  1578 14017s
  1094   919 1893.15444    6 1436 1916.00000 1893.09121  1.20%  1575 14033s
  1095   920 1893.15859    9 1436 1916.00000 1893.09121  1.20%  1573 14035s
  1096   921 1893.15444    6 1436 1916.00000 1893.09121  1.20%  1572 14051s
  1098   923 1893.17118    6 1436 1916.00000 1893.09121  1.20%  1578 14104s
  1100   924 1893.20289    6 1436 1916.00000 1893.09121  1.20%  1576 14120s
  1102   926 1893.22679    7 1436 1916.00000 1893.09121  1.20%  1573 14137s
  1104   928 1893.26738    9 1436 1916.00000 1893.09121  1.20%  1579 14189s
  1106   929 1893.25575    8 1436 1916.00000 1893.09121  1.20%  1576 14205s
  1108   931 1893.16942    6 1436 1916.00000 1893.09121  1.20%  1573 14223s
  1110   933 1893.21618    7 1436 1916.00000 1893.09121  1.20%  1580 14267s
  1112   934 1893.09121    6 1436 1916.00000 1893.09121  1.20%  1577 14284s
  1113   935 1893.22615    8 1436 1916.00000 1893.09121  1.20%  1576 14286s
  1114   936 1893.33986    9 1436 1916.00000 1893.09121  1.20%  1574 14302s
  1116   938 1893.24231    8 1436 1916.00000 1893.09121  1.20%  1581 14348s
  1118   939 1893.29767    8 1436 1916.00000 1893.09121  1.20%  1578 14365s
  1120   941 1893.15446    9 1436 1916.00000 1893.09121  1.20%  1575 14382s

Explored 1121 nodes (1784387 simplex iterations) in 14400.02 seconds (27681.04 work units)
Thread count was 32 (of 32 available processors)

Solution count 10: 1916 1917 1918 ... 1931

Time limit reached
Best objective 1.916000000000e+03, best bound 1.894000000000e+03, gap 1.1482%

User-callback calls 3052114, time in user-callback 8.17 sec
