
Gurobi 13.0.2 (linux64) logging started Sat Jul 18 01:57:59 2026

Set parameter LogFile to value "/tmp/sweep_20260716_013919_north-korea_alt400km_s20_i2_v10_gurobi.log"
Set parameter Method to value 1
Set parameter NodefileStart to value 4
Set parameter RINS to value 50
Gurobi Optimizer version 13.0.2 build v13.0.2rc1 (linux64 - "Debian GNU/Linux 13 (trixie)")

CPU model: Intel(R) Xeon(R) Platinum 8375C CPU @ 2.90GHz, instruction set [SSE2|AVX|AVX2|AVX512]
Thread count: 16 physical cores, 32 logical processors, using up to 32 threads

Non-default parameters:
TimeLimit  14400
MIPGap  0.001
Method  1
LPWarmStart  1
Heuristics  0.2
MIPFocus  1
NodefileStart  4
RINS  50
Symmetry  2
Cuts  2
CoverCuts  2
LogToConsole  0

Academic license 2812613 - for non-commercial use only - registered to no___@gatech.edu
Optimize a model with 2872 rows, 21540 columns and 942016 nonzeros (Min)
Model fingerprint: 0x08fd6f5a
Model has 21540 linear objective coefficients
Variable types: 0 continuous, 21540 integer (21540 binary)
Coefficient statistics:
  Matrix range     [1e+00, 1e+00]
  Objective range  [1e+00, 1e+00]
  Bounds range     [1e+00, 1e+00]
  RHS range        [1e+01, 1e+01]

Found heuristic solution: objective 875.0000000
Presolve time: 1.91s
Presolved: 2872 rows, 21540 columns, 942016 nonzeros
Variable types: 0 continuous, 21540 integer (21540 binary)

Root simplex log...

Iteration    Objective       Primal Inf.    Dual Inf.      Time
    4994    5.3821398e+02   1.851173e+04   0.000000e+00      5s
    7914    5.5923042e+02   9.680945e+03   0.000000e+00     10s
    9974    5.6627123e+02   1.168494e+04   0.000000e+00     15s
   11454    5.7007627e+02   1.795047e+04   0.000000e+00     20s
   12714    5.7265065e+02   5.820382e+03   0.000000e+00     25s
   13774    5.7442871e+02   6.933950e+03   0.000000e+00     30s
   14844    5.7602099e+02   3.401422e+04   0.000000e+00     35s
   15804    5.7721379e+02   4.956109e+03   0.000000e+00     40s
   16704    5.7816822e+02   7.630997e+03   0.000000e+00     45s
   17504    5.7910511e+02   1.784193e+04   0.000000e+00     50s
   18304    5.7987257e+02   2.023120e+04   0.000000e+00     55s
   19104    5.8055111e+02   1.392597e+04   0.000000e+00     60s
   19784    5.8119613e+02   1.062921e+04   0.000000e+00     65s
   20464    5.8167859e+02   1.876080e+04   0.000000e+00     70s
   21064    5.8213008e+02   7.623033e+03   0.000000e+00     75s
   21704    5.8262421e+02   9.281831e+03   0.000000e+00     80s
   22344    5.8305504e+02   3.762365e+03   0.000000e+00     85s
   23024    5.8347395e+02   3.686161e+03   0.000000e+00     90s
   23664    5.8376117e+02   6.544937e+03   0.000000e+00     95s
   24344    5.8415082e+02   1.000907e+04   0.000000e+00    100s
   25024    5.8445651e+02   5.627662e+03   0.000000e+00    105s
   25664    5.8475943e+02   5.958401e+03   0.000000e+00    110s
   26304    5.8501861e+02   6.750333e+03   0.000000e+00    115s
   26944    5.8528219e+02   5.194693e+03   0.000000e+00    120s
   27544    5.8555265e+02   5.574310e+03   0.000000e+00    125s
   28144    5.8575698e+02   5.991043e+03   0.000000e+00    130s
   28744    5.8598195e+02   2.502576e+04   0.000000e+00    135s
   29344    5.8618365e+02   8.734289e+03   0.000000e+00    140s
   29904    5.8636196e+02   1.214697e+04   0.000000e+00    145s
   30464    5.8653756e+02   1.078155e+04   0.000000e+00    150s
   31064    5.8671285e+02   4.004813e+03   0.000000e+00    155s
   31584    5.8686923e+02   6.403822e+03   0.000000e+00    160s
   32104    5.8704043e+02   2.735787e+03   0.000000e+00    165s
   32624    5.8719137e+02   3.561189e+03   0.000000e+00    170s
   33144    5.8731919e+02   1.868030e+03   0.000000e+00    175s
   33664    5.8744809e+02   3.946342e+03   0.000000e+00    180s
   34184    5.8759367e+02   1.185759e+04   0.000000e+00    185s
   34664    5.8769483e+02   6.074854e+03   0.000000e+00    190s
   35144    5.8781246e+02   4.020673e+03   0.000000e+00    195s
   35584    5.8791931e+02   6.440647e+03   0.000000e+00    200s
   36104    5.8803967e+02   5.568382e+03   0.000000e+00    205s
   36544    5.8812705e+02   6.615625e+03   0.000000e+00    210s
   36984    5.8820881e+02   2.231292e+03   0.000000e+00    215s
   37464    5.8832346e+02   9.247780e+03   0.000000e+00    220s
   37933    5.8841107e+02   4.836317e+03   0.000000e+00    225s
   38423    5.8850064e+02   5.806473e+03   0.000000e+00    230s
   38931    5.8859058e+02   5.508284e+03   0.000000e+00    235s
   39391    5.8867577e+02   2.099457e+03   0.000000e+00    240s
   39871    5.8874284e+02   7.801288e+03   0.000000e+00    245s
   40297    5.8881313e+02   4.638021e+03   0.000000e+00    250s
   40817    5.8889832e+02   6.890884e+03   0.000000e+00    256s
   41258    5.8895797e+02   8.034301e+03   0.000000e+00    261s
   41720    5.8901519e+02   9.167929e+03   0.000000e+00    266s
   42187    5.8907842e+02   9.888282e+03   0.000000e+00    271s
   42653    5.8913722e+02   4.675289e+03   0.000000e+00    276s
   43098    5.8918985e+02   5.737704e+03   0.000000e+00    281s
   43482    5.8924084e+02   4.261266e+03   0.000000e+00    285s
   43947    5.8930441e+02   2.996484e+03   0.000000e+00    290s
   44408    5.8937684e+02   4.590747e+03   0.000000e+00    296s
   44871    5.8944777e+02   5.595715e+03   0.000000e+00    301s
   45265    5.8949836e+02   9.017756e+03   0.000000e+00    305s
   45724    5.8957580e+02   7.347464e+03   0.000000e+00    311s
   46121    5.8966230e+02   6.034165e+03   0.000000e+00    315s
   46591    5.9008162e+02   8.843227e+04   0.000000e+00    321s
   46988    5.9008267e+02   9.470728e+04   0.000000e+00    326s
   47389    5.9008303e+02   2.116986e+05   0.000000e+00    330s
   47855    5.9008324e+02   8.542909e+03   0.000000e+00    336s
   48256    5.9008334e+02   1.409239e+04   0.000000e+00    340s
   48718    5.9013814e+02   5.308483e+04   0.000000e+00    346s
   49119    5.9013820e+02   1.181689e+04   0.000000e+00    350s
   49581    5.9013826e+02   3.619668e+03   0.000000e+00    356s
   49974    5.9013830e+02   5.515465e+03   0.000000e+00    360s
   50436    5.9013833e+02   1.402824e+04   0.000000e+00    366s
   50835    5.9013835e+02   1.127279e+04   0.000000e+00    370s
   51301    5.9013836e+02   4.748606e+03   0.000000e+00    376s
   51696    5.9013837e+02   9.546364e+03   0.000000e+00    380s
   52156    5.9013839e+02   1.867272e+03   0.000000e+00    385s
   52614    5.9013840e+02   2.900006e+03   0.000000e+00    390s
   53075    5.9013840e+02   7.186789e+03   0.000000e+00    395s
   53536    5.9013841e+02   6.098726e+02   0.000000e+00    400s
   54055    5.9013841e+02   1.675592e+02   0.000000e+00    406s
   54584    5.9013842e+02   1.678433e+01   0.000000e+00    411s
   54670    5.9013699e+02   0.000000e+00   0.000000e+00    412s

Root relaxation: objective 5.901370e+02, 54670 iterations, 410.00 seconds (854.23 work units)

    Nodes    |    Current Node    |     Objective Bounds      |     Work
 Expl Unexpl |  Obj  Depth IntInf | Incumbent    BestBd   Gap | It/Node Time

     0     0  590.13699    0 2870  875.00000  590.13699  32.6%     -  485s
H    0     0                     874.0000000  590.13699  32.5%     -  485s
H    0     0                     772.0000000  590.13699  23.6%     -  493s
H    0     0                     722.0000000  590.13699  18.3%     -  493s
H    0     0                     721.0000000  590.13699  18.2%     -  493s
H    0     0                     702.0000000  590.13699  15.9%     -  493s
H    0     0                     671.0000000  590.13699  12.1%     -  493s
H    0     0                     670.0000000  590.13699  11.9%     -  493s
H    0     0                     666.0000000  590.13699  11.4%     -  493s
H    0     0                     662.0000000  590.13699  10.9%     -  500s
H    0     0                     660.0000000  590.13699  10.6%     -  500s
H    0     0                     659.0000000  590.13699  10.4%     -  502s
H    0     0                     658.0000000  590.13699  10.3%     -  504s
H    0     0                     657.0000000  590.13699  10.2%     -  504s
H    0     0                     656.0000000  590.13699  10.0%     -  504s
H    0     0                     655.0000000  590.13699  9.90%     -  505s
H    0     0                     654.0000000  590.13699  9.76%     -  505s
H    0     0                     653.0000000  590.13699  9.63%     -  506s
H    0     0                     652.0000000  590.13699  9.49%     -  506s
H    0     0                     651.0000000  590.13699  9.35%     -  506s
H    0     0                     650.0000000  590.13699  9.21%     -  508s
H    0     0                     649.0000000  590.13699  9.07%     -  509s
H    0     0                     648.0000000  590.13699  8.93%     -  509s
H    0     0                     647.0000000  590.13699  8.79%     -  512s
H    0     0                     646.0000000  590.13699  8.65%     -  512s
H    0     0                     645.0000000  590.13699  8.51%     -  522s
H    0     0                     644.0000000  590.13699  8.36%     -  524s
H    0     0                     643.0000000  590.13699  8.22%     -  526s
H    0     0                     642.0000000  590.13699  8.08%     -  544s
H    0     0                     641.0000000  590.13699  7.93%     -  547s
H    0     0                     640.0000000  590.13699  7.79%     -  561s
H    0     0                     639.0000000  590.13699  7.65%     -  561s
H    0     0                     638.0000000  590.13699  7.50%     -  562s
H    0     0                     637.0000000  590.13699  7.36%     -  562s
H    0     0                     636.0000000  590.13699  7.21%     -  563s
H    0     0                     635.0000000  590.13699  7.07%     -  564s
H    0     0                     634.0000000  590.13699  6.92%     -  564s
H    0     0                     633.0000000  590.13699  6.77%     -  570s
     0     0  590.13699    0 2870  633.00000  590.13699  6.77%     -  882s
     0     0  590.13699    0 2870  633.00000  590.13699  6.77%     -  968s
H    0     0                     632.0000000  590.13699  6.62%     - 3157s
H    0     0                     631.0000000  590.13699  6.48%     - 3268s
H    0     0                     630.0000000  590.13699  6.33%     - 3298s
H    0     0                     629.0000000  590.13699  6.18%     - 3320s
H    0     0                     628.0000000  590.13699  6.03%     - 3434s
H    0     0                     627.0000000  590.13699  5.88%     - 3481s
H    0     0                     626.0000000  590.13699  5.73%     - 3573s
     0     2  590.13699    0 2870  626.00000  590.13699  5.73%     - 3655s
     1     3  590.13699    1 2871  626.00000  590.13699  5.73%   452 3830s
     2     5  590.13699    2 2871  626.00000  590.13699  5.73%   464 4039s
     4     9  590.13699    3 2872  626.00000  590.13699  5.73%   369 4253s
     6     9  590.13699    3 2872  626.00000  590.13699  5.73%   399 4256s
     8    18  590.13699    4 2872  626.00000  590.13699  5.73%   389 4545s
    17    33  590.13699    5 2872  626.00000  590.13699  5.73%   374 4830s
    32    34  590.13699    6 2871  626.00000  590.13699  5.73%   514 5108s
    33    36  590.13699    7 2872  626.00000  590.13699  5.73%   516 5437s
    35    40  590.13699    8 2872  626.00000  590.13699  5.73%   505 5808s
    37    40  590.13699    8 2872  626.00000  590.13699  5.73%   498 5814s
    39    55  590.13699    9 2872  626.00000  590.13699  5.73%   488 6266s
    43    55  590.13699    9 2872  626.00000  590.13699  5.73%   478 6272s
    44    55  590.13699    9 2872  626.00000  590.13699  5.73%   480 6275s
    46    55  590.13699    6 2871  626.00000  590.13699  5.73%   780 6280s
    49    55  590.13699    6 2871  626.00000  590.13699  5.73%  1360 6286s
    54    71  590.13699   10 2872  626.00000  590.13699  5.73%  2299 6939s
    70    87  590.13699   11 2872  626.00000  590.13699  5.73%  1962 7859s
    87    88  590.13699   12 2870  626.00000  590.13699  5.73%  1703 8219s
    89    89  590.13699    6 2870  626.00000  590.13699  5.73%  1665 9304s
    90    90  590.13699   10 2869  626.00000  590.13699  5.73%  1647 9559s
H   90    85                     625.0000000  590.13699  5.58%  1647 10740s
H   90    81                     624.0000000  590.13699  5.43%  1647 11086s
    91    82  590.15068   11 2869  624.00000  590.15068  5.42%  1629 13852s
    93    84  590.15068    6 2870  624.00000  590.15068  5.42%  2346 14283s

Explored 94 nodes (315538 simplex iterations) in 14400.11 seconds (25205.61 work units)
Thread count was 32 (of 32 available processors)

Solution count 10: 624 625 626 ... 633

Time limit reached
Best objective 6.240000000000e+02, best bound 5.910000000000e+02, gap 5.2885%

User-callback calls 2115219, time in user-callback 4.77 sec
