
Gurobi 13.0.2 (linux64) logging started Sun Jun 28 06:18:47 2026

Set parameter LogFile to value "/tmp/sweep_20260626_235454_china_alt550km_s20_i2_v6_gurobi.log"
Set parameter Method to value 1
Set parameter NodefileStart to value 4
Set parameter RINS to value 50
Gurobi Optimizer version 13.0.2 build v13.0.2rc1 (linux64 - "Debian GNU/Linux 13 (trixie)")

CPU model: Intel(R) Xeon(R) Platinum 8375C CPU @ 2.90GHz, instruction set [SSE2|AVX|AVX2|AVX512]
Thread count: 16 physical cores, 32 logical processors, using up to 32 threads

Non-default parameters:
TimeLimit  10800
MIPGap  0.01
Method  1
LPWarmStart  1
Heuristics  0.2
MIPFocus  1
NodefileStart  4
RINS  50
Symmetry  2
Cuts  2
CoverCuts  2
LogToConsole  0

Academic license 2812613 - for non-commercial use only - registered to no___@gatech.edu
Optimize a model with 196014 rows, 35900 columns and 27872760 nonzeros (Min)
Model fingerprint: 0x9f7df906
Model has 35900 linear objective coefficients
Variable types: 0 continuous, 35900 integer (35900 binary)
Coefficient statistics:
  Matrix range     [1e+00, 1e+00]
  Objective range  [1e+00, 1e+00]
  Bounds range     [1e+00, 1e+00]
  RHS range        [1e+01, 1e+01]

Found heuristic solution: objective 8140.0000000
Presolve removed 0 rows and 0 columns (presolve time = 6s)...
Presolve removed 0 rows and 0 columns (presolve time = 11s)...
Presolve removed 0 rows and 0 columns (presolve time = 17s)...
Presolve removed 0 rows and 0 columns (presolve time = 22s)...
Presolve removed 0 rows and 0 columns (presolve time = 26s)...
Presolve removed 0 rows and 0 columns (presolve time = 30s)...
Presolve removed 0 rows and 0 columns (presolve time = 35s)...
Presolve removed 0 rows and 0 columns (presolve time = 40s)...
Presolve removed 0 rows and 0 columns (presolve time = 45s)...
Presolve removed 0 rows and 0 columns (presolve time = 50s)...
Presolve removed 0 rows and 0 columns (presolve time = 55s)...
Presolve removed 0 rows and 0 columns (presolve time = 61s)...
Presolve removed 0 rows and 0 columns (presolve time = 68s)...
Presolve removed 0 rows and 0 columns (presolve time = 70s)...
Presolve removed 0 rows and 0 columns (presolve time = 75s)...
Presolve removed 0 rows and 0 columns (presolve time = 80s)...
Presolve removed 0 rows and 0 columns (presolve time = 85s)...
Presolve removed 0 rows and 0 columns (presolve time = 90s)...
Presolve removed 0 rows and 0 columns (presolve time = 95s)...
Presolve removed 0 rows and 0 columns (presolve time = 100s)...
Presolve removed 0 rows and 0 columns (presolve time = 105s)...
Presolve removed 0 rows and 0 columns (presolve time = 110s)...
Presolve removed 0 rows and 0 columns (presolve time = 115s)...
Presolve removed 0 rows and 0 columns (presolve time = 120s)...
Presolve removed 0 rows and 0 columns (presolve time = 125s)...
Presolve removed 0 rows and 0 columns (presolve time = 130s)...
Presolve removed 0 rows and 0 columns (presolve time = 135s)...
Presolve removed 0 rows and 0 columns (presolve time = 140s)...
Presolve removed 0 rows and 0 columns (presolve time = 145s)...
Presolve removed 0 rows and 0 columns (presolve time = 150s)...
Presolve removed 0 rows and 0 columns (presolve time = 155s)...
Presolve removed 0 rows and 0 columns (presolve time = 160s)...
Presolve removed 0 rows and 0 columns (presolve time = 165s)...
Presolve removed 0 rows and 0 columns (presolve time = 170s)...
Presolve removed 0 rows and 0 columns (presolve time = 175s)...
Presolve removed 0 rows and 0 columns (presolve time = 180s)...
Presolve removed 0 rows and 0 columns (presolve time = 185s)...
Presolve removed 0 rows and 0 columns (presolve time = 190s)...
Presolve removed 0 rows and 0 columns (presolve time = 195s)...
Presolve removed 0 rows and 0 columns (presolve time = 200s)...
Presolve removed 0 rows and 0 columns (presolve time = 205s)...
Presolve removed 0 rows and 0 columns (presolve time = 210s)...
Presolve removed 0 rows and 0 columns (presolve time = 215s)...
Presolve removed 0 rows and 0 columns (presolve time = 220s)...
Presolve removed 0 rows and 0 columns (presolve time = 225s)...
Presolve removed 0 rows and 0 columns (presolve time = 230s)...
Presolve removed 0 rows and 0 columns (presolve time = 235s)...
Presolve removed 0 rows and 0 columns (presolve time = 240s)...
Presolve removed 0 rows and 0 columns (presolve time = 245s)...
Presolve removed 0 rows and 0 columns (presolve time = 250s)...
Presolve removed 0 rows and 0 columns (presolve time = 255s)...
Presolve removed 0 rows and 0 columns (presolve time = 260s)...
Presolve removed 0 rows and 0 columns (presolve time = 265s)...
Presolve removed 0 rows and 0 columns (presolve time = 270s)...
Presolve removed 0 rows and 0 columns (presolve time = 275s)...
Presolve removed 0 rows and 0 columns (presolve time = 280s)...
Presolve removed 0 rows and 0 columns (presolve time = 285s)...
Presolve removed 0 rows and 0 columns (presolve time = 290s)...
Presolve removed 0 rows and 0 columns (presolve time = 295s)...
Presolve removed 0 rows and 0 columns (presolve time = 300s)...
Presolve removed 0 rows and 0 columns (presolve time = 305s)...
Presolve removed 0 rows and 0 columns (presolve time = 310s)...
Presolve removed 0 rows and 0 columns (presolve time = 315s)...
Presolve removed 0 rows and 0 columns (presolve time = 320s)...
Presolve removed 0 rows and 0 columns (presolve time = 327s)...
Presolve time: 326.89s
Presolved: 196014 rows, 35900 columns, 27872760 nonzeros
Variable types: 0 continuous, 35900 integer (35900 binary)

Root simplex log...

Iteration    Objective       Primal Inf.    Dual Inf.      Time
       0   -0.0000000e+00   0.000000e+00   2.730000e+03    340s
     111    2.5767426e+03   0.000000e+00   0.000000e+00    340s
     111    2.5767426e+03   0.000000e+00   0.000000e+00    340s

Use crossover to convert LP symmetric solution to basic solution...

Root crossover log...

  183880 variables added to crossover basis                      345s
  186040 variables added to crossover basis                      350s
  187090 variables added to crossover basis                      355s
  187780 variables added to crossover basis                      360s
  188440 variables added to crossover basis                      365s
  189010 variables added to crossover basis                      370s
  189460 variables added to crossover basis                      375s
  189880 variables added to crossover basis                      380s
  190270 variables added to crossover basis                      385s
  190630 variables added to crossover basis                      390s
  190930 variables added to crossover basis                      395s
  191260 variables added to crossover basis                      400s
  191920 variables added to crossover basis                      405s
  192520 variables added to crossover basis                      410s
  192970 variables added to crossover basis                      415s
  193420 variables added to crossover basis                      420s
  193810 variables added to crossover basis                      425s
  194140 variables added to crossover basis                      430s
  194470 variables added to crossover basis                      435s
  194770 variables added to crossover basis                      440s
  195040 variables added to crossover basis                      445s
  195340 variables added to crossover basis                      450s
  195640 variables added to crossover basis                      456s
  195910 variables added to crossover basis                      460s

       0 DPushes remaining with DInf 0.0000000e+00               892s

       0 PPushes remaining with PInf 0.0000000e+00               893s

  Push phase complete: Pinf 0.0000000e+00, Dinf 1.9630725e-08    894s


Root simplex log...

Iteration    Objective       Primal Inf.    Dual Inf.      Time
     114    2.5767426e+03   0.000000e+00   0.000000e+00   1022s
Crossover time: 682.08 seconds (1313.13 work units)

Root relaxation: objective 2.576743e+03, 114 iterations, 692.72 seconds (1323.00 work units)

    Nodes    |    Current Node    |     Objective Bounds      |     Work
 Expl Unexpl |  Obj  Depth IntInf | Incumbent    BestBd   Gap | It/Node Time

     0     0 2576.74259    0 16514 8140.00000 2576.74259  68.3%     - 1365s
H    0     0                    3590.0000000 2576.74259  28.2%     - 1365s
H    0     0                    3577.0000000 2576.74259  28.0%     - 1378s
H    0     0                    3513.0000000 2576.74259  26.7%     - 1378s
H    0     0                    3463.0000000 2576.74259  25.6%     - 1378s
H    0     0                    3445.0000000 2576.74259  25.2%     - 1378s
H    0     0                    3433.0000000 2576.74259  24.9%     - 1378s
H    0     0                    3431.0000000 2576.74259  24.9%     - 1378s
H    0     0                    3422.0000000 2576.74259  24.7%     - 1378s
H    0     0                    3419.0000000 2576.74259  24.6%     - 1378s
H    0     0                    3416.0000000 2576.74259  24.6%     - 1380s
H    0     0                    3415.0000000 2576.74259  24.5%     - 1380s
H    0     0                    3413.0000000 2576.74259  24.5%     - 1381s
H    0     0                    3412.0000000 2576.74259  24.5%     - 1381s
H    0     0                    3411.0000000 2576.74259  24.5%     - 1382s
H    0     0                    3407.0000000 2576.74259  24.4%     - 1383s
H    0     0                    3402.0000000 2576.74259  24.3%     - 1385s
H    0     0                    3401.0000000 2576.74259  24.2%     - 1392s
H    0     0                    3400.0000000 2576.74259  24.2%     - 1393s
H    0     0                    3399.0000000 2576.74259  24.2%     - 1394s
H    0     0                    3398.0000000 2576.74259  24.2%     - 1395s
H    0     0                    3397.0000000 2576.74259  24.1%     - 1399s
H    0     0                    3396.0000000 2576.74259  24.1%     - 1415s
H    0     0                    3359.0000000 2576.74259  23.3%     - 1415s
H    0     0                    3352.0000000 2576.74259  23.1%     - 1416s
H    0     0                    3339.0000000 2576.74259  22.8%     - 1416s
H    0     0                    3338.0000000 2576.74259  22.8%     - 1416s
H    0     0                    3335.0000000 2576.74259  22.7%     - 1422s
H    0     0                    3334.0000000 2576.74259  22.7%     - 1431s
H    0     0                    3322.0000000 2576.74259  22.4%     - 1450s
H    0     0                    3320.0000000 2576.74259  22.4%     - 1496s
H    0     0                    3319.0000000 2576.74259  22.4%     - 1503s
H    0     0                    3318.0000000 2576.74259  22.3%     - 1573s
     0     0 2576.74259    0 16514 3318.00000 2576.74259  22.3%     - 3952s
H    0     0                    3310.0000000 2576.74259  22.2%     - 10029s
H    0     0                    3309.0000000 2576.74259  22.1%     - 10072s

Explored 1 nodes (114 simplex iterations) in 10800.32 seconds (21111.95 work units)
Thread count was 32 (of 32 available processors)

Solution count 10: 3309 3310 3318 ... 3339

Time limit reached
Best objective 3.309000000000e+03, best bound 2.577000000000e+03, gap 22.1215%

User-callback calls 205333, time in user-callback 0.61 sec
