
Gurobi 13.0.2 (linux64) logging started Thu Jul  9 09:35:16 2026

Set parameter LogFile to value "/tmp/sweep_20260709_012313_china_alt260km_s10_i4_v10_gurobi.log"
Set parameter Method to value 1
Set parameter NodefileStart to value 4
Set parameter RINS to value 50
Gurobi Optimizer version 13.0.2 build v13.0.2rc1 (linux64 - "Debian GNU/Linux 13 (trixie)")

CPU model: Intel(R) Xeon(R) Platinum 8375C CPU @ 2.90GHz, instruction set [SSE2|AVX|AVX2|AVX512]
Thread count: 16 physical cores, 32 logical processors, using up to 32 threads

Non-default parameters:
TimeLimit  14400
MIPGap  0.001
Method  1
LPWarmStart  1
Heuristics  0.2
MIPFocus  1
NodefileStart  4
RINS  50
Symmetry  2
Cuts  2
CoverCuts  2
LogToConsole  0

Academic license 2812613 - for non-commercial use only - registered to no___@gatech.edu
Optimize a model with 196014 rows, 10770 columns and 16316550 nonzeros (Min)
Model fingerprint: 0x5d95289f
Model has 10770 linear objective coefficients
Variable types: 0 continuous, 10770 integer (10770 binary)
Coefficient statistics:
  Matrix range     [1e+00, 1e+00]
  Objective range  [1e+00, 1e+00]
  Bounds range     [1e+00, 1e+00]
  RHS range        [3e+00, 3e+00]

Found heuristic solution: objective 935.0000000
Presolve removed 0 rows and 0 columns (presolve time = 5s)...
Presolve removed 0 rows and 0 columns (presolve time = 11s)...
Presolve removed 0 rows and 0 columns (presolve time = 15s)...
Presolve removed 0 rows and 0 columns (presolve time = 20s)...
Presolve removed 0 rows and 0 columns (presolve time = 26s)...
Presolve removed 0 rows and 0 columns (presolve time = 30s)...
Presolve time: 30.33s
Presolved: 196014 rows, 10770 columns, 16316550 nonzeros
Variable types: 0 continuous, 10770 integer (10770 binary)

Root simplex log...

Iteration    Objective       Primal Inf.    Dual Inf.      Time
       0   -0.0000000e+00   0.000000e+00   1.164000e+03     38s
       7    6.5938776e+02   0.000000e+00   0.000000e+00     38s
       7    6.5938776e+02   0.000000e+00   0.000000e+00     38s

Use crossover to convert LP symmetric solution to basic solution...

Root crossover log...

       0 PPushes remaining with PInf 0.0000000e+00                40s

  Push phase complete: Pinf 0.0000000e+00, Dinf 7.1503324e-11     40s


Root simplex log...

Iteration    Objective       Primal Inf.    Dual Inf.      Time
      10    6.5938776e+02   0.000000e+00   0.000000e+00     41s
Crossover time: 3.41 seconds (4.59 work units)

Root relaxation: objective 6.593878e+02, 10 iterations, 9.25 seconds (10.27 work units)

    Nodes    |    Current Node    |     Objective Bounds      |     Work
 Expl Unexpl |  Obj  Depth IntInf | Incumbent    BestBd   Gap | It/Node Time

     0     0  659.38776    0 3590  935.00000  659.38776  29.5%     -   43s
H    0     0                     718.0000000  659.38776  8.16%     -   44s
     0     0  659.38776    0 3590  718.00000  659.38776  8.16%     -   86s
     0     2  659.38776    0 3590  718.00000  659.38776  8.16%     -  246s
     1     3  659.87164    1 3664  718.00000  659.40198  8.16%   329  832s
     2     5  660.32449    2 3651  718.00000  659.40198  8.16%  5564 1939s
     4     9  660.50873    3 3680  718.00000  659.40198  8.16%  5604 7571s
     8    17  660.64386    4 3694  718.00000  659.40198  8.16%  7283 14400s
    12    17  660.41613    4 3650  718.00000  659.40198  8.16%  6873 14421s
    13    17  660.78668    4 3658  718.00000  659.40198  8.16% 10445 14437s
    14    17  660.92923    4 3690  718.00000  659.40198  8.16% 10549 14453s

Explored 16 nodes (159347 simplex iterations) in 14470.64 seconds (32193.92 work units)
Thread count was 32 (of 32 available processors)

Solution count 2: 718 935 

Time limit reached
Best objective 7.180000000000e+02, best bound 6.600000000000e+02, gap 8.0780%

User-callback calls 9011114, time in user-callback 8.34 sec
