
Gurobi 13.0.2 (linux64) logging started Sat Jul 18 02:14:49 2026

Set parameter LogFile to value "/tmp/sweep_20260716_013919_north-korea_alt400km_s20_i4_v10_gurobi.log"
Set parameter Method to value 1
Set parameter NodefileStart to value 4
Set parameter RINS to value 50
Gurobi Optimizer version 13.0.2 build v13.0.2rc1 (linux64 - "Debian GNU/Linux 13 (trixie)")

CPU model: Intel(R) Xeon(R) Platinum 8375C CPU @ 2.90GHz, instruction set [SSE2|AVX|AVX2|AVX512]
Thread count: 16 physical cores, 32 logical processors, using up to 32 threads

Non-default parameters:
TimeLimit  14400
MIPGap  0.001
Method  1
LPWarmStart  1
Heuristics  0.2
MIPFocus  1
NodefileStart  4
RINS  50
Symmetry  2
Cuts  2
CoverCuts  2
LogToConsole  0

Academic license 2812613 - for non-commercial use only - registered to no___@gatech.edu
Optimize a model with 2872 rows, 21540 columns and 942016 nonzeros (Min)
Model fingerprint: 0xb3103140
Model has 21540 linear objective coefficients
Variable types: 0 continuous, 21540 integer (21540 binary)
Coefficient statistics:
  Matrix range     [1e+00, 1e+00]
  Objective range  [1e+00, 1e+00]
  Bounds range     [1e+00, 1e+00]
  RHS range        [5e+00, 5e+00]

Found heuristic solution: objective 498.0000000
Presolve time: 1.44s
Presolved: 2872 rows, 21540 columns, 942016 nonzeros
Variable types: 0 continuous, 21540 integer (21540 binary)

Root simplex log...

Iteration    Objective       Primal Inf.    Dual Inf.      Time
    6065    2.6964807e+02   1.592859e+04   0.000000e+00      5s
    9285    2.7851177e+02   4.376764e+03   0.000000e+00     10s
   11495    2.8223445e+02   5.604320e+03   0.000000e+00     15s
   13355    2.8438176e+02   6.783059e+03   0.000000e+00     20s
   14875    2.8583069e+02   3.730913e+03   0.000000e+00     25s
   16185    2.8681448e+02   5.375129e+03   0.000000e+00     30s
   17425    2.8762496e+02   4.744107e+03   0.000000e+00     35s
   18535    2.8827882e+02   2.937415e+03   0.000000e+00     40s
   19585    2.8879299e+02   4.396548e+03   0.000000e+00     45s
   20545    2.8923017e+02   3.809443e+03   0.000000e+00     50s
   21515    2.8964779e+02   2.433283e+03   0.000000e+00     55s
   22395    2.9002979e+02   3.129566e+03   0.000000e+00     60s
   23275    2.9040561e+02   5.738412e+03   0.000000e+00     65s
   24115    2.9068155e+02   4.933079e+03   0.000000e+00     70s
   24915    2.9092207e+02   2.680776e+03   0.000000e+00     75s
   25675    2.9113113e+02   5.211536e+03   0.000000e+00     80s
   26475    2.9137776e+02   3.974738e+03   0.000000e+00     85s
   27235    2.9155314e+02   7.207082e+03   0.000000e+00     90s
   28035    2.9172735e+02   8.023690e+03   0.000000e+00     95s
   28835    2.9191163e+02   1.820055e+03   0.000000e+00    100s
   29635    2.9209705e+02   2.760396e+03   0.000000e+00    105s
   30435    2.9225290e+02   1.200427e+04   0.000000e+00    110s
   31195    2.9238256e+02   9.178586e+03   0.000000e+00    115s
   31955    2.9253184e+02   4.034861e+03   0.000000e+00    120s
   32715    2.9269382e+02   7.376248e+03   0.000000e+00    125s
   33395    2.9282798e+02   2.969632e+03   0.000000e+00    130s
   34125    2.9295609e+02   6.209837e+03   0.000000e+00    135s
   34805    2.9306160e+02   6.905621e+03   0.000000e+00    140s
   35525    2.9316433e+02   9.249061e+03   0.000000e+00    145s
   36165    2.9324940e+02   1.360405e+03   0.000000e+00    150s
   36845    2.9334439e+02   3.694905e+03   0.000000e+00    155s
   37525    2.9341560e+02   3.704886e+03   0.000000e+00    160s
   38165    2.9348148e+02   2.123731e+03   0.000000e+00    165s
   38765    2.9354781e+02   5.856106e+03   0.000000e+00    170s
   39405    2.9362651e+02   8.151613e+03   0.000000e+00    175s
   40005    2.9368632e+02   2.204426e+03   0.000000e+00    180s
   40605    2.9374897e+02   1.662155e+03   0.000000e+00    185s
   41205    2.9381602e+02   5.660778e+03   0.000000e+00    190s
   41765    2.9387277e+02   8.279747e+03   0.000000e+00    195s
   42365    2.9393476e+02   3.400358e+03   0.000000e+00    200s
   42965    2.9398928e+02   2.465938e+03   0.000000e+00    205s
   43565    2.9403628e+02   1.680536e+03   0.000000e+00    210s
   44125    2.9408207e+02   1.821968e+03   0.000000e+00    215s
   44685    2.9413326e+02   1.316331e+04   0.000000e+00    220s
   45285    2.9417549e+02   5.812748e+03   0.000000e+00    225s
   45845    2.9420833e+02   3.045457e+03   0.000000e+00    230s
   46365    2.9424611e+02   5.946765e+03   0.000000e+00    235s
   46963    2.9429261e+02   1.587884e+03   0.000000e+00    240s
   47443    2.9432687e+02   3.247010e+03   0.000000e+00    245s
   48003    2.9436566e+02   1.975518e+03   0.000000e+00    250s
   48523    2.9439525e+02   1.662968e+03   0.000000e+00    255s
   49003    2.9442235e+02   6.530371e+03   0.000000e+00    260s
   49581    2.9445343e+02   1.042491e+04   0.000000e+00    265s
   50148    2.9447950e+02   5.347383e+03   0.000000e+00    270s
   50648    2.9450192e+02   1.517623e+04   0.000000e+00    275s
   51245    2.9453264e+02   1.711322e+03   0.000000e+00    281s
   51743    2.9455687e+02   9.222694e+02   0.000000e+00    285s
   52318    2.9458360e+02   3.123893e+03   0.000000e+00    290s
   52902    2.9460365e+02   4.197173e+03   0.000000e+00    295s
   53447    2.9462201e+02   5.009365e+03   0.000000e+00    300s
   53990    2.9464383e+02   4.955092e+03   0.000000e+00    305s
   54588    2.9466984e+02   3.133243e+03   0.000000e+00    311s
   55117    2.9468979e+02   4.592988e+03   0.000000e+00    315s
   55653    2.9471260e+02   5.887489e+03   0.000000e+00    320s
   56185    2.9472950e+02   3.268410e+04   0.000000e+00    325s
   56718    2.9475002e+02   6.103199e+03   0.000000e+00    330s
   57251    2.9478117e+02   1.430053e+03   0.000000e+00    335s
   57779    2.9480899e+02   1.952844e+03   0.000000e+00    340s
   58307    2.9483505e+02   2.899711e+03   0.000000e+00    345s
   58837    2.9486434e+02   7.321350e+03   0.000000e+00    350s
   59367    2.9488589e+02   1.587582e+04   0.000000e+00    355s
   59902    2.9491693e+02   2.157684e+04   0.000000e+00    360s
   60371    2.9506805e+02   7.763434e+04   0.000000e+00    365s
   60904    2.9506873e+02   9.621362e+04   0.000000e+00    371s
   61370    2.9506896e+02   6.677281e+03   0.000000e+00    375s
   61834    2.9506907e+02   1.295767e+04   0.000000e+00    380s
   62366    2.9506915e+02   7.266851e+03   0.000000e+00    385s
   62903    2.9506920e+02   4.261294e+03   0.000000e+00    391s
   63365    2.9506923e+02   6.088537e+03   0.000000e+00    395s
   63898    2.9506925e+02   1.444361e+03   0.000000e+00    400s
   64426    2.9506926e+02   1.041395e+03   0.000000e+00    405s
   64952    2.9506927e+02   1.512356e+03   0.000000e+00    410s
   65477    2.9506928e+02   5.918068e+02   0.000000e+00    415s
   66002    2.9506928e+02   2.560408e+03   0.000000e+00    420s
   66524    2.9506929e+02   3.876017e+02   0.000000e+00    425s
   67115    2.9506929e+02   7.774265e+02   0.000000e+00    430s
   67633    2.9506929e+02   5.874979e+01   0.000000e+00    435s
   68002    2.9506849e+02   0.000000e+00   0.000000e+00    439s

Root relaxation: objective 2.950685e+02, 68002 iterations, 437.06 seconds (1047.40 work units)

    Nodes    |    Current Node    |     Objective Bounds      |     Work
 Expl Unexpl |  Obj  Depth IntInf | Incumbent    BestBd   Gap | It/Node Time

     0     0  295.06849    0 2871  498.00000  295.06849  40.7%     -  501s
H    0     0                     497.0000000  295.06849  40.6%     -  501s
H    0     0                     434.9999991  295.06849  32.2%     -  521s
H    0     0                     395.9999991  295.06849  25.5%     -  521s
H    0     0                     366.0000000  295.06849  19.4%     -  521s
H    0     0                     359.0000000  295.06849  17.8%     -  521s
H    0     0                     357.0000000  295.06849  17.3%     -  539s
H    0     0                     356.0000000  295.06849  17.1%     -  539s
H    0     0                     352.0000000  295.06849  16.2%     -  540s
H    0     0                     351.0000000  295.06849  15.9%     -  547s
H    0     0                     346.0000000  295.06849  14.7%     -  551s
H    0     0                     345.0000000  295.06849  14.5%     -  555s
H    0     0                     341.0000000  295.06849  13.5%     -  555s
H    0     0                     339.0000000  295.06849  13.0%     -  559s
H    0     0                     337.0000000  295.06849  12.4%     -  564s
H    0     0                     336.0000000  295.06849  12.2%     -  571s
H    0     0                     335.0000000  295.06849  11.9%     -  575s
H    0     0                     334.0000000  295.06849  11.7%     -  582s
H    0     0                     333.0000000  295.06849  11.4%     -  594s
H    0     0                     332.0000000  295.06849  11.1%     -  632s
H    0     0                     331.0000000  295.06849  10.9%     -  639s
     0     0  295.06849    0 2871  331.00000  295.06849  10.9%     - 1160s
     0     0  295.06849    0 2869  331.00000  295.06849  10.9%     - 1238s
H    0     0                     330.0000000  295.06849  10.6%     - 3438s
H    0     0                     329.0000000  295.06849  10.3%     - 3784s
     0     2  295.06849    0 2868  329.00000  295.06849  10.3%     - 3897s
     1     3  295.06849    1 2872  329.00000  295.06849  10.3%   455 4090s
     2     5  295.06849    2 2872  329.00000  295.06849  10.3%   806 4246s
     4    10  295.06849    3 2870  329.00000  295.06849  10.3%   728 4508s
     9    19  295.06849    4 2872  329.00000  295.06849  10.3%   897 4917s
    13    19  295.06849    4 2869  329.00000  295.06849  10.3%  1259 4920s
    15    19  295.06849    4 2872  329.00000  295.06849  10.3%  1633 4926s
    17    19  295.19019    2 2864  329.00000  295.06849  10.3%  1541 4932s
    18    35  295.06849    5 2866  329.00000  295.06849  10.3%  1656 5398s
    22    35  295.07270    5 2868  329.00000  295.06849  10.3%  2199 5401s
    33    35  295.09422    5 2863  329.00000  295.06849  10.3%  3109 5418s
    34    37  295.06849    6 2872  329.00000  295.06849  10.3%  3059 5772s
    36    45  295.06849    7 2872  329.00000  295.06849  10.3%  2953 6435s
    44    61  295.06849    8 2872  329.00000  295.06849  10.3%  2844 7104s
    47    61  295.06849    8 2870  329.00000  295.06849  10.3%  2723 7107s
    48    61  295.07580    7 2864  329.00000  295.06849  10.3%  2801 7110s
    50    61  295.08928    7 2864  329.00000  295.06849  10.3%  2805 7116s
    54    61  295.29858    6 2857  329.00000  295.06849  10.3%  2788 7125s
    60    77  295.06849    9 2871  329.00000  295.06849  10.3%  2762 7702s
    76   106  295.06849   10 2872  329.00000  295.06849  10.3%  2692 8552s
H   78   106                     328.0000000  295.06849  10.0%  2629 8552s
   105   138  295.07432   11 2866  328.00000  295.06849  10.0%  2551 9241s
H  127   138                     327.0000000  295.06849  9.76%  2688 9241s
   137   154  295.08992   13 2862  327.00000  295.06849  9.76%  2818 10098s
   153   170  295.09559   14 2862  327.00000  295.06849  9.76%  2786 11431s
H  159   170                     326.0000000  295.06849  9.49%  2748 11431s
   169   407  295.10175   15 2858  326.00000  295.06849  9.49%  2694 12402s
H  256   407                     325.0000000  295.06849  9.21%  2510 12402s
   406   423  295.16359   29 2854  325.00000  295.06849  9.21%  2094 13451s
   422   439  295.16473   30 2853  325.00000  295.06849  9.21%  2065 14400s

Explored 438 nodes (976260 simplex iterations) in 14400.20 seconds (36187.36 work units)
Thread count was 32 (of 32 available processors)

Solution count 10: 325 326 327 ... 334

Time limit reached
Best objective 3.250000000000e+02, best bound 2.960000000000e+02, gap 8.9231%

User-callback calls 2279669, time in user-callback 5.95 sec
