
Gurobi 13.0.2 (linux64) logging started Sat Jun 27 11:56:30 2026

Set parameter LogFile to value "/tmp/sweep_20260626_235454_china_alt260km_s20_i6_v5_gurobi.log"
Set parameter Method to value 1
Set parameter NodefileStart to value 4
Set parameter RINS to value 50
Gurobi Optimizer version 13.0.2 build v13.0.2rc1 (linux64 - "Debian GNU/Linux 13 (trixie)")

CPU model: Intel(R) Xeon(R) Platinum 8375C CPU @ 2.90GHz, instruction set [SSE2|AVX|AVX2|AVX512]
Thread count: 16 physical cores, 32 logical processors, using up to 32 threads

Non-default parameters:
TimeLimit  10800
MIPGap  0.01
Method  1
LPWarmStart  1
Heuristics  0.2
MIPFocus  1
NodefileStart  4
RINS  50
Symmetry  2
Cuts  2
CoverCuts  2
LogToConsole  0

Academic license 2812613 - for non-commercial use only - registered to no___@gatech.edu
Optimize a model with 196014 rows, 35900 columns and 26011704 nonzeros (Min)
Model fingerprint: 0xfa2da24b
Model has 35900 linear objective coefficients
Variable types: 0 continuous, 35900 integer (35900 binary)
Coefficient statistics:
  Matrix range     [1e+00, 1e+00]
  Objective range  [1e+00, 1e+00]
  Bounds range     [1e+00, 1e+00]
  RHS range        [4e+00, 4e+00]

Found heuristic solution: objective 3248.0000000
Presolve removed 0 rows and 0 columns (presolve time = 7s)...
Presolve removed 0 rows and 0 columns (presolve time = 10s)...
Presolve removed 0 rows and 0 columns (presolve time = 15s)...
Presolve removed 0 rows and 0 columns (presolve time = 20s)...
Presolve removed 0 rows and 0 columns (presolve time = 25s)...
Presolve removed 0 rows and 0 columns (presolve time = 30s)...
Presolve removed 0 rows and 0 columns (presolve time = 35s)...
Presolve removed 0 rows and 0 columns (presolve time = 40s)...
Presolve removed 0 rows and 0 columns (presolve time = 45s)...
Presolve removed 0 rows and 0 columns (presolve time = 50s)...
Presolve removed 0 rows and 0 columns (presolve time = 55s)...
Presolve removed 0 rows and 0 columns (presolve time = 61s)...
Presolve removed 0 rows and 0 columns (presolve time = 69s)...
Presolve removed 0 rows and 0 columns (presolve time = 70s)...
Presolve removed 0 rows and 0 columns (presolve time = 75s)...
Presolve removed 0 rows and 0 columns (presolve time = 80s)...
Presolve removed 0 rows and 0 columns (presolve time = 85s)...
Presolve removed 0 rows and 0 columns (presolve time = 90s)...
Presolve removed 0 rows and 0 columns (presolve time = 95s)...
Presolve removed 0 rows and 0 columns (presolve time = 100s)...
Presolve removed 0 rows and 0 columns (presolve time = 105s)...
Presolve removed 0 rows and 0 columns (presolve time = 110s)...
Presolve removed 0 rows and 0 columns (presolve time = 115s)...
Presolve removed 0 rows and 0 columns (presolve time = 120s)...
Presolve removed 0 rows and 0 columns (presolve time = 125s)...
Presolve removed 0 rows and 0 columns (presolve time = 130s)...
Presolve removed 0 rows and 0 columns (presolve time = 135s)...
Presolve removed 0 rows and 0 columns (presolve time = 140s)...
Presolve removed 0 rows and 0 columns (presolve time = 145s)...
Presolve removed 0 rows and 0 columns (presolve time = 150s)...
Presolve removed 0 rows and 0 columns (presolve time = 155s)...
Presolve removed 0 rows and 0 columns (presolve time = 160s)...
Presolve removed 0 rows and 0 columns (presolve time = 165s)...
Presolve removed 0 rows and 0 columns (presolve time = 170s)...
Presolve removed 0 rows and 0 columns (presolve time = 175s)...
Presolve removed 0 rows and 0 columns (presolve time = 180s)...
Presolve removed 0 rows and 0 columns (presolve time = 185s)...
Presolve removed 0 rows and 0 columns (presolve time = 190s)...
Presolve removed 0 rows and 0 columns (presolve time = 195s)...
Presolve removed 0 rows and 0 columns (presolve time = 200s)...
Presolve removed 0 rows and 0 columns (presolve time = 205s)...
Presolve removed 0 rows and 0 columns (presolve time = 210s)...
Presolve removed 0 rows and 0 columns (presolve time = 215s)...
Presolve removed 0 rows and 0 columns (presolve time = 220s)...
Presolve removed 0 rows and 0 columns (presolve time = 225s)...
Presolve removed 0 rows and 0 columns (presolve time = 230s)...
Presolve removed 0 rows and 0 columns (presolve time = 235s)...
Presolve removed 0 rows and 0 columns (presolve time = 240s)...
Presolve removed 0 rows and 0 columns (presolve time = 245s)...
Presolve removed 0 rows and 0 columns (presolve time = 250s)...
Presolve removed 0 rows and 0 columns (presolve time = 255s)...
Presolve removed 0 rows and 0 columns (presolve time = 260s)...
Presolve removed 0 rows and 0 columns (presolve time = 265s)...
Presolve removed 0 rows and 0 columns (presolve time = 270s)...
Presolve removed 0 rows and 0 columns (presolve time = 275s)...
Presolve removed 0 rows and 0 columns (presolve time = 280s)...
Presolve removed 0 rows and 0 columns (presolve time = 285s)...
Presolve removed 0 rows and 0 columns (presolve time = 290s)...
Presolve removed 0 rows and 0 columns (presolve time = 295s)...
Presolve removed 0 rows and 0 columns (presolve time = 300s)...
Presolve removed 0 rows and 0 columns (presolve time = 305s)...
Presolve removed 0 rows and 0 columns (presolve time = 310s)...
Presolve removed 0 rows and 0 columns (presolve time = 315s)...
Presolve removed 0 rows and 0 columns (presolve time = 320s)...
Presolve removed 0 rows and 0 columns (presolve time = 325s)...
Presolve removed 0 rows and 0 columns (presolve time = 330s)...
Presolve removed 0 rows and 0 columns (presolve time = 335s)...
Presolve removed 0 rows and 0 columns (presolve time = 340s)...
Presolve removed 0 rows and 0 columns (presolve time = 345s)...
Presolve removed 0 rows and 0 columns (presolve time = 350s)...
Presolve removed 0 rows and 0 columns (presolve time = 355s)...
Presolve time: 357.97s
Presolved: 196014 rows, 35900 columns, 26011704 nonzeros
Variable types: 0 continuous, 35900 integer (35900 binary)

Root simplex log...

Iteration    Objective       Primal Inf.    Dual Inf.      Time
       0   -0.0000000e+00   0.000000e+00   1.092000e+03    370s
     105    1.1275510e+03   0.000000e+00   0.000000e+00    370s
     105    1.1275510e+03   0.000000e+00   0.000000e+00    370s

Use crossover to convert LP symmetric solution to basic solution...

Root crossover log...

  184508 variables added to crossover basis                      375s
  185798 variables added to crossover basis                      380s
  186968 variables added to crossover basis                      385s
  187868 variables added to crossover basis                      390s
  189248 variables added to crossover basis                      395s
  189998 variables added to crossover basis                      400s
  190568 variables added to crossover basis                      405s
  190928 variables added to crossover basis                      410s
  191288 variables added to crossover basis                      415s
  191648 variables added to crossover basis                      420s
  191978 variables added to crossover basis                      425s
  192728 variables added to crossover basis                      430s
  193298 variables added to crossover basis                      435s
  193808 variables added to crossover basis                      440s
  194258 variables added to crossover basis                      445s
  194678 variables added to crossover basis                      450s
  195038 variables added to crossover basis                      455s
  195398 variables added to crossover basis                      460s
  195728 variables added to crossover basis                      465s

       0 DPushes remaining with DInf 0.0000000e+00               665s

       0 PPushes remaining with PInf 0.0000000e+00               665s

  Push phase complete: Pinf 0.0000000e+00, Dinf 1.0075011e-08    666s


Root simplex log...

Iteration    Objective       Primal Inf.    Dual Inf.      Time
     108    1.1275510e+03   0.000000e+00   0.000000e+00    735s
Crossover time: 364.64 seconds (585.26 work units)

Root relaxation: objective 1.127551e+03, 108 iterations, 374.39 seconds (594.46 work units)

    Nodes    |    Current Node    |     Objective Bounds      |     Work
 Expl Unexpl |  Obj  Depth IntInf | Incumbent    BestBd   Gap | It/Node Time

     0     0 1127.55105    0 15796 3248.00000 1127.55105  65.3%     -  944s
H    0     0                    2154.0000000 1127.55105  47.7%     -  944s
H    0     0                    2153.0000000 1127.55105  47.6%     - 1471s
H    0     0                    2076.0000000 1127.55105  45.7%     - 1471s
H    0     0                    2015.0000000 1127.55105  44.0%     - 1471s
H    0     0                    1971.0000000 1127.55105  42.8%     - 1471s
H    0     0                    1963.0000000 1127.55105  42.6%     - 1471s
H    0     0                    1955.0000000 1127.55105  42.3%     - 1472s
H    0     0                    1952.0000000 1127.55105  42.2%     - 1676s
H    0     0                    1946.0000000 1127.55105  42.1%     - 1676s
H    0     0                    1945.0000000 1127.55105  42.0%     - 1766s
H    0     0                    1943.0000000 1127.55105  42.0%     - 1767s
H    0     0                    1940.0000000 1127.55105  41.9%     - 1875s
H    0     0                    1939.0000000 1127.55105  41.8%     - 1875s
H    0     0                    1936.0000000 1127.55105  41.8%     - 1882s
H    0     0                    1934.0000000 1127.55105  41.7%     - 1882s
H    0     0                    1902.0000000 1127.55105  40.7%     - 1891s
H    0     0                    1898.0000000 1127.55105  40.6%     - 1891s
H    0     0                    1895.0000000 1127.55105  40.5%     - 1904s
H    0     0                    1892.0000000 1127.55105  40.4%     - 1904s
H    0     0                    1890.0000000 1127.55105  40.3%     - 1974s
H    0     0                    1889.0000000 1127.55105  40.3%     - 1974s
H    0     0                    1883.0000000 1127.55105  40.1%     - 2008s
     0     0 1127.55105    0 15796 1883.00000 1127.55105  40.1%     - 3807s
H    0     0                    1875.0000000 1127.55105  39.9%     - 9093s
H    0     0                    1869.0000000 1127.55105  39.7%     - 9093s
H    0     0                    1866.0000000 1127.55105  39.6%     - 9093s
H    0     0                    1857.0000000 1127.55105  39.3%     - 9095s
H    0     0                    1856.0000000 1127.55105  39.2%     - 9105s
H    0     0                    1842.0000000 1127.55105  38.8%     - 9110s
H    0     2                    1681.0000000 1127.55105  32.9%     - 10813s
     0     2 1127.55105    0 15796 1681.00000 1127.55105  32.9%     - 10813s

Explored 1 nodes (108 simplex iterations) in 10813.37 seconds (23368.49 work units)
Thread count was 32 (of 32 available processors)

Solution count 10: 1681 1842 1856 ... 1890

Time limit reached
Best objective 1.681000000000e+03, best bound 1.128000000000e+03, gap 32.8971%

User-callback calls 123688, time in user-callback 0.73 sec
