
Gurobi 13.0.2 (linux64) logging started Sun Jul 12 10:32:00 2026

Set parameter LogFile to value "/tmp/sweep_20260709_012313_china_alt400km_s100_i1_v5_gurobi.log"
Set parameter Method to value 1
Set parameter NodefileStart to value 4
Set parameter RINS to value 50
Gurobi Optimizer version 13.0.2 build v13.0.2rc1 (linux64 - "Debian GNU/Linux 13 (trixie)")

CPU model: Intel(R) Xeon(R) Platinum 8375C CPU @ 2.90GHz, instruction set [SSE2|AVX|AVX2|AVX512]
Thread count: 16 physical cores, 32 logical processors, using up to 32 threads

Non-default parameters:
TimeLimit  14400
MIPGap  0.001
Method  1
LPWarmStart  1
Heuristics  0.2
MIPFocus  1
NodefileStart  4
RINS  50
Symmetry  2
Cuts  2
CoverCuts  2
LogToConsole  0

Academic license 2812613 - for non-commercial use only - registered to no___@gatech.edu
Optimize a model with 392028 rows, 71800 columns and 94287760 nonzeros (Min)
Model fingerprint: 0xcd480aee
Model has 71800 linear objective coefficients
Variable types: 0 continuous, 71800 integer (71800 binary)
Coefficient statistics:
  Matrix range     [1e+00, 1e+00]
  Objective range  [1e+00, 1e+00]
  Bounds range     [1e+00, 1e+00]
  RHS range        [1e+02, 1e+02]

Found heuristic solution: objective 46067.000000
Presolve removed 0 rows and 0 columns (presolve time = 13s)...
Presolve removed 0 rows and 0 columns (presolve time = 15s)...
Presolve removed 0 rows and 0 columns (presolve time = 24s)...
Presolve removed 0 rows and 0 columns (presolve time = 32s)...
Presolve removed 0 rows and 0 columns (presolve time = 41s)...
Presolve removed 0 rows and 0 columns (presolve time = 52s)...
Presolve removed 0 rows and 0 columns (presolve time = 63s)...
Presolve removed 0 rows and 0 columns (presolve time = 65s)...
Presolve removed 0 rows and 0 columns (presolve time = 83s)...
Presolve removed 0 rows and 0 columns (presolve time = 92s)...
Presolve removed 0 rows and 0 columns (presolve time = 102s)...
Presolve removed 0 rows and 0 columns (presolve time = 110s)...
Presolve removed 0 rows and 0 columns (presolve time = 115s)...
Presolve removed 0 rows and 0 columns (presolve time = 122s)...
Presolve removed 0 rows and 0 columns (presolve time = 125s)...
Presolve removed 0 rows and 0 columns (presolve time = 130s)...
Presolve removed 0 rows and 0 columns (presolve time = 135s)...
Presolve removed 0 rows and 0 columns (presolve time = 140s)...
Presolve removed 0 rows and 0 columns (presolve time = 145s)...
Presolve removed 0 rows and 0 columns (presolve time = 150s)...
Presolve removed 0 rows and 0 columns (presolve time = 155s)...
Presolve removed 0 rows and 0 columns (presolve time = 168s)...
Presolve removed 0 rows and 0 columns (presolve time = 170s)...
Presolve removed 0 rows and 0 columns (presolve time = 175s)...
Presolve removed 0 rows and 0 columns (presolve time = 186s)...
Presolve removed 0 rows and 0 columns (presolve time = 190s)...
Presolve removed 0 rows and 0 columns (presolve time = 195s)...
Presolve removed 0 rows and 0 columns (presolve time = 200s)...
Presolve removed 0 rows and 0 columns (presolve time = 205s)...
Presolve removed 0 rows and 0 columns (presolve time = 210s)...
Presolve removed 0 rows and 0 columns (presolve time = 216s)...
Presolve removed 0 rows and 0 columns (presolve time = 227s)...
Presolve removed 0 rows and 0 columns (presolve time = 230s)...
Presolve removed 0 rows and 0 columns (presolve time = 256s)...
Presolve removed 0 rows and 0 columns (presolve time = 260s)...
Presolve removed 0 rows and 0 columns (presolve time = 265s)...
Presolve removed 0 rows and 0 columns (presolve time = 270s)...
Presolve removed 0 rows and 0 columns (presolve time = 275s)...
Presolve removed 0 rows and 0 columns (presolve time = 280s)...
Presolve removed 0 rows and 0 columns (presolve time = 285s)...
Presolve removed 0 rows and 0 columns (presolve time = 290s)...
Presolve removed 0 rows and 0 columns (presolve time = 295s)...
Presolve removed 0 rows and 0 columns (presolve time = 300s)...
Presolve removed 0 rows and 0 columns (presolve time = 305s)...
Presolve removed 0 rows and 0 columns (presolve time = 310s)...
Presolve removed 0 rows and 0 columns (presolve time = 315s)...
Presolve removed 0 rows and 0 columns (presolve time = 320s)...
Presolve removed 0 rows and 0 columns (presolve time = 325s)...
Presolve removed 0 rows and 0 columns (presolve time = 330s)...
Presolve removed 0 rows and 0 columns (presolve time = 335s)...
Presolve removed 0 rows and 0 columns (presolve time = 340s)...
Presolve removed 0 rows and 0 columns (presolve time = 345s)...
Presolve removed 0 rows and 0 columns (presolve time = 350s)...
Presolve removed 0 rows and 0 columns (presolve time = 355s)...
Presolve removed 0 rows and 0 columns (presolve time = 360s)...
Presolve removed 0 rows and 0 columns (presolve time = 365s)...
Presolve removed 0 rows and 0 columns (presolve time = 370s)...
Presolve removed 0 rows and 0 columns (presolve time = 375s)...
Presolve removed 0 rows and 0 columns (presolve time = 380s)...
Presolve removed 0 rows and 0 columns (presolve time = 385s)...
Presolve removed 0 rows and 0 columns (presolve time = 390s)...
Presolve removed 0 rows and 0 columns (presolve time = 395s)...
Presolve removed 0 rows and 0 columns (presolve time = 400s)...
Presolve removed 0 rows and 0 columns (presolve time = 405s)...
Presolve removed 0 rows and 0 columns (presolve time = 410s)...
Presolve removed 0 rows and 0 columns (presolve time = 415s)...
Presolve removed 0 rows and 0 columns (presolve time = 420s)...
Presolve removed 0 rows and 0 columns (presolve time = 425s)...
Presolve removed 0 rows and 0 columns (presolve time = 430s)...
Presolve removed 0 rows and 0 columns (presolve time = 435s)...
Presolve removed 0 rows and 0 columns (presolve time = 440s)...
Presolve removed 0 rows and 0 columns (presolve time = 445s)...
Presolve removed 0 rows and 0 columns (presolve time = 450s)...
Presolve removed 0 rows and 0 columns (presolve time = 455s)...
Presolve removed 0 rows and 0 columns (presolve time = 460s)...
Presolve removed 0 rows and 0 columns (presolve time = 465s)...
Presolve removed 0 rows and 0 columns (presolve time = 470s)...
Presolve removed 0 rows and 0 columns (presolve time = 475s)...
Presolve removed 0 rows and 0 columns (presolve time = 480s)...
Presolve removed 0 rows and 0 columns (presolve time = 485s)...
Presolve removed 0 rows and 0 columns (presolve time = 490s)...
Presolve removed 0 rows and 0 columns (presolve time = 495s)...
Presolve removed 0 rows and 0 columns (presolve time = 500s)...
Presolve removed 0 rows and 0 columns (presolve time = 505s)...
Presolve removed 0 rows and 0 columns (presolve time = 510s)...
Presolve removed 0 rows and 0 columns (presolve time = 515s)...
Presolve removed 0 rows and 0 columns (presolve time = 520s)...
Presolve removed 0 rows and 0 columns (presolve time = 525s)...
Presolve removed 0 rows and 0 columns (presolve time = 530s)...
Presolve removed 0 rows and 0 columns (presolve time = 535s)...
Presolve removed 0 rows and 0 columns (presolve time = 540s)...
Presolve removed 0 rows and 0 columns (presolve time = 545s)...
Presolve removed 0 rows and 0 columns (presolve time = 550s)...
Presolve removed 0 rows and 0 columns (presolve time = 555s)...
Presolve removed 0 rows and 0 columns (presolve time = 560s)...
Presolve removed 0 rows and 0 columns (presolve time = 565s)...
Presolve removed 0 rows and 0 columns (presolve time = 570s)...
Presolve removed 0 rows and 0 columns (presolve time = 575s)...
Presolve removed 0 rows and 0 columns (presolve time = 580s)...
Presolve removed 0 rows and 0 columns (presolve time = 585s)...
Presolve removed 0 rows and 0 columns (presolve time = 590s)...
Presolve removed 0 rows and 0 columns (presolve time = 595s)...
Presolve removed 0 rows and 0 columns (presolve time = 600s)...
Presolve removed 0 rows and 0 columns (presolve time = 605s)...
Presolve removed 0 rows and 0 columns (presolve time = 610s)...
Presolve removed 0 rows and 0 columns (presolve time = 615s)...
Presolve removed 0 rows and 0 columns (presolve time = 620s)...
Presolve removed 0 rows and 0 columns (presolve time = 625s)...
Presolve removed 0 rows and 0 columns (presolve time = 630s)...
Presolve removed 0 rows and 0 columns (presolve time = 635s)...
Presolve removed 0 rows and 0 columns (presolve time = 640s)...
Presolve removed 0 rows and 0 columns (presolve time = 645s)...
Presolve removed 0 rows and 0 columns (presolve time = 650s)...
Presolve removed 0 rows and 0 columns (presolve time = 655s)...
Presolve removed 0 rows and 0 columns (presolve time = 660s)...
Presolve removed 0 rows and 0 columns (presolve time = 665s)...
Presolve removed 0 rows and 0 columns (presolve time = 670s)...
Presolve removed 0 rows and 0 columns (presolve time = 675s)...
Presolve removed 0 rows and 0 columns (presolve time = 680s)...
Presolve removed 0 rows and 0 columns (presolve time = 685s)...
Presolve removed 0 rows and 0 columns (presolve time = 690s)...
Presolve removed 0 rows and 0 columns (presolve time = 695s)...
Presolve removed 0 rows and 0 columns (presolve time = 700s)...
Presolve removed 0 rows and 0 columns (presolve time = 705s)...
Presolve removed 0 rows and 0 columns (presolve time = 710s)...
Presolve removed 0 rows and 0 columns (presolve time = 715s)...
Presolve removed 0 rows and 0 columns (presolve time = 720s)...
Presolve removed 0 rows and 0 columns (presolve time = 725s)...
Presolve removed 0 rows and 0 columns (presolve time = 730s)...
Presolve removed 0 rows and 0 columns (presolve time = 735s)...
Presolve removed 0 rows and 0 columns (presolve time = 740s)...
Presolve removed 0 rows and 0 columns (presolve time = 745s)...
Presolve removed 0 rows and 0 columns (presolve time = 750s)...
Presolve removed 0 rows and 0 columns (presolve time = 755s)...
Presolve removed 0 rows and 0 columns (presolve time = 760s)...
Presolve removed 0 rows and 0 columns (presolve time = 765s)...
Presolve removed 0 rows and 0 columns (presolve time = 770s)...
Presolve removed 0 rows and 0 columns (presolve time = 775s)...
Presolve removed 0 rows and 0 columns (presolve time = 780s)...
Presolve removed 0 rows and 0 columns (presolve time = 785s)...
Presolve removed 0 rows and 0 columns (presolve time = 790s)...
Presolve removed 0 rows and 0 columns (presolve time = 795s)...
Presolve removed 0 rows and 0 columns (presolve time = 800s)...
Presolve removed 0 rows and 0 columns (presolve time = 805s)...
Presolve removed 0 rows and 0 columns (presolve time = 810s)...
Presolve removed 0 rows and 0 columns (presolve time = 815s)...
Presolve removed 0 rows and 0 columns (presolve time = 820s)...
Presolve removed 0 rows and 0 columns (presolve time = 825s)...
Presolve removed 0 rows and 0 columns (presolve time = 830s)...
Presolve removed 0 rows and 0 columns (presolve time = 835s)...
Presolve removed 0 rows and 0 columns (presolve time = 840s)...
Presolve removed 0 rows and 0 columns (presolve time = 845s)...
Presolve removed 0 rows and 0 columns (presolve time = 850s)...
Presolve removed 0 rows and 0 columns (presolve time = 855s)...
Presolve removed 0 rows and 0 columns (presolve time = 860s)...
Presolve removed 0 rows and 0 columns (presolve time = 865s)...
Presolve removed 0 rows and 0 columns (presolve time = 870s)...
Presolve removed 0 rows and 0 columns (presolve time = 875s)...
Presolve removed 0 rows and 0 columns (presolve time = 880s)...
Presolve removed 0 rows and 0 columns (presolve time = 885s)...
Presolve removed 0 rows and 0 columns (presolve time = 890s)...
Presolve removed 0 rows and 0 columns (presolve time = 895s)...
Presolve removed 0 rows and 0 columns (presolve time = 900s)...
Presolve removed 0 rows and 0 columns (presolve time = 905s)...
Presolve removed 0 rows and 0 columns (presolve time = 910s)...
Presolve removed 0 rows and 0 columns (presolve time = 915s)...
Presolve removed 0 rows and 0 columns (presolve time = 920s)...
Presolve removed 0 rows and 0 columns (presolve time = 925s)...
Presolve removed 0 rows and 0 columns (presolve time = 930s)...
Presolve removed 0 rows and 0 columns (presolve time = 935s)...
Presolve removed 0 rows and 0 columns (presolve time = 940s)...
Presolve removed 0 rows and 0 columns (presolve time = 945s)...
Presolve removed 0 rows and 0 columns (presolve time = 950s)...
Presolve removed 0 rows and 0 columns (presolve time = 955s)...
Presolve removed 0 rows and 0 columns (presolve time = 960s)...
Presolve removed 0 rows and 0 columns (presolve time = 965s)...
Presolve removed 0 rows and 0 columns (presolve time = 970s)...
Presolve removed 0 rows and 0 columns (presolve time = 975s)...
Presolve removed 0 rows and 0 columns (presolve time = 980s)...
Presolve removed 0 rows and 0 columns (presolve time = 985s)...
Presolve removed 0 rows and 0 columns (presolve time = 990s)...
Presolve removed 0 rows and 0 columns (presolve time = 995s)...
Presolve removed 0 rows and 0 columns (presolve time = 1000s)...
Presolve removed 0 rows and 0 columns (presolve time = 1005s)...
Presolve removed 0 rows and 0 columns (presolve time = 1010s)...
Presolve removed 0 rows and 0 columns (presolve time = 1015s)...
Presolve removed 0 rows and 0 columns (presolve time = 1020s)...
Presolve removed 0 rows and 0 columns (presolve time = 1025s)...
Presolve removed 0 rows and 0 columns (presolve time = 1030s)...
Presolve removed 0 rows and 0 columns (presolve time = 1035s)...
Presolve removed 0 rows and 0 columns (presolve time = 1040s)...
Presolve removed 0 rows and 0 columns (presolve time = 1045s)...
Presolve removed 0 rows and 0 columns (presolve time = 1050s)...
Presolve removed 0 rows and 0 columns (presolve time = 1055s)...
Presolve removed 0 rows and 0 columns (presolve time = 1060s)...
Presolve removed 0 rows and 0 columns (presolve time = 1065s)...
Presolve removed 0 rows and 0 columns (presolve time = 1070s)...
Presolve removed 0 rows and 0 columns (presolve time = 1075s)...
Presolve removed 0 rows and 0 columns (presolve time = 1080s)...
Presolve removed 0 rows and 0 columns (presolve time = 1085s)...
Presolve removed 0 rows and 0 columns (presolve time = 1090s)...
Presolve removed 0 rows and 0 columns (presolve time = 1095s)...
Presolve removed 0 rows and 0 columns (presolve time = 1100s)...
Presolve removed 0 rows and 0 columns (presolve time = 1105s)...
Presolve removed 0 rows and 0 columns (presolve time = 1110s)...
Presolve removed 0 rows and 0 columns (presolve time = 1115s)...
Presolve removed 0 rows and 0 columns (presolve time = 1120s)...
Presolve removed 0 rows and 0 columns (presolve time = 1125s)...
Presolve removed 0 rows and 0 columns (presolve time = 1130s)...
Presolve removed 0 rows and 0 columns (presolve time = 1135s)...
Presolve removed 0 rows and 0 columns (presolve time = 1140s)...
Presolve removed 0 rows and 0 columns (presolve time = 1145s)...
Presolve removed 0 rows and 0 columns (presolve time = 1150s)...
Presolve removed 0 rows and 0 columns (presolve time = 1155s)...
Presolve removed 0 rows and 0 columns (presolve time = 1160s)...
Presolve removed 0 rows and 0 columns (presolve time = 1165s)...
Presolve removed 0 rows and 0 columns (presolve time = 1170s)...
Presolve removed 0 rows and 0 columns (presolve time = 1175s)...
Presolve removed 0 rows and 0 columns (presolve time = 1180s)...
Presolve removed 0 rows and 0 columns (presolve time = 1185s)...
Presolve removed 0 rows and 0 columns (presolve time = 1190s)...
Presolve removed 0 rows and 0 columns (presolve time = 1195s)...
Presolve removed 0 rows and 0 columns (presolve time = 1200s)...
Presolve removed 0 rows and 0 columns (presolve time = 1205s)...
Presolve removed 0 rows and 0 columns (presolve time = 1210s)...
Presolve removed 0 rows and 0 columns (presolve time = 1215s)...
Presolve removed 0 rows and 0 columns (presolve time = 1220s)...
Presolve removed 0 rows and 0 columns (presolve time = 1232s)...
Presolve time: 1232.23s
Presolved: 392028 rows, 71800 columns, 94287760 nonzeros
Variable types: 0 continuous, 71800 integer (71800 binary)

Root simplex log...

Iteration    Objective       Primal Inf.    Dual Inf.      Time
       0   -0.0000000e+00   0.000000e+00   2.730000e+04   1283s
      80    3.0878090e+04   0.000000e+00   0.000000e+00   1283s
      80    3.0878090e+04   0.000000e+00   0.000000e+00   1283s

Use crossover to convert LP symmetric solution to basic solution...

Root crossover log...

  380398 variables added to crossover basis                     1290s
  382018 variables added to crossover basis                     1295s
  382618 variables added to crossover basis                     1300s
  383278 variables added to crossover basis                     1305s
  385498 variables added to crossover basis                     1310s
  386848 variables added to crossover basis                     1315s
  388018 variables added to crossover basis                     1320s
  388768 variables added to crossover basis                     1325s
  389308 variables added to crossover basis                     1330s
  389788 variables added to crossover basis                     1335s
  390208 variables added to crossover basis                     1340s
  390598 variables added to crossover basis                     1345s
  390988 variables added to crossover basis                     1350s
  391378 variables added to crossover basis                     1355s
  391738 variables added to crossover basis                     1360s

       0 DPushes remaining with DInf 0.0000000e+00              1377s

       0 PPushes remaining with PInf 0.0000000e+00              1377s

  Push phase complete: Pinf 0.0000000e+00, Dinf 3.7080484e-09   1378s


Root simplex log...

Iteration    Objective       Primal Inf.    Dual Inf.      Time
      83    3.0878090e+04   0.000000e+00   0.000000e+00   1392s
Crossover time: 107.98 seconds (188.65 work units)

Root relaxation: objective 3.087809e+04, 83 iterations, 150.34 seconds (222.71 work units)

    Nodes    |    Current Node    |     Objective Bounds      |     Work
 Expl Unexpl |  Obj  Depth IntInf | Incumbent    BestBd   Gap | It/Node Time

     0     0 30878.0901    0 14360 46067.0000 30878.0901  33.0%     - 1417s
H    0     0                    34594.000000 30878.0901  10.7%     - 1418s
H    0     0                    32818.000000 30878.0901  5.91%     - 1419s
H    0     0                    32045.000000 30878.0901  3.64%     - 1419s
H    0     0                    31635.000000 30878.0901  2.39%     - 1580s
     0     0 30878.0901    0 14360 31635.0000 30878.0901  2.39%     - 3022s
H    0     2                    31323.000000 30878.0901  1.42%     - 9549s
     0     2 30878.0901    0 14360 31323.0000 30878.0901  1.42%     - 9549s
     1     3 30878.1313    1 14288 31323.0000 30878.1113  1.42%   553 14415s

Explored 2 nodes (636 simplex iterations) in 14417.06 seconds (35616.31 work units)
Thread count was 32 (of 32 available processors)

Solution count 6: 31323 31635 32045 ... 46067

Time limit reached
Best objective 3.132300000000e+04, best bound 3.087900000000e+04, gap 1.4175%

User-callback calls 2750941, time in user-callback 3.24 sec
