
Gurobi 13.0.2 (linux64) logging started Mon Jun 29 01:40:44 2026

Set parameter LogFile to value "/tmp/sweep_20260629_013743_china_alt260km_s50_i2_v10_gurobi.log"
Set parameter Method to value 1
Set parameter NodefileStart to value 4
Set parameter RINS to value 50
Gurobi Optimizer version 13.0.2 build v13.0.2rc1 (linux64 - "Debian GNU/Linux 13 (trixie)")

CPU model: Intel(R) Xeon(R) Platinum 8375C CPU @ 2.90GHz, instruction set [SSE2|AVX|AVX2|AVX512]
Thread count: 16 physical cores, 32 logical processors, using up to 32 threads

Non-default parameters:
TimeLimit  10800
MIPGap  0.01
Method  1
LPWarmStart  1
Heuristics  0.2
MIPFocus  1
NodefileStart  4
RINS  50
Symmetry  2
Cuts  2
CoverCuts  2
LogToConsole  0

Academic license 2812613 - for non-commercial use only - registered to no___@gatech.edu
Optimize a model with 196014 rows, 35900 columns and 40954002 nonzeros (Min)
Model fingerprint: 0x50a7e4bd
Model has 35900 linear objective coefficients
Variable types: 0 continuous, 35900 integer (35900 binary)
Coefficient statistics:
  Matrix range     [1e+00, 1e+00]
  Objective range  [1e+00, 1e+00]
  Bounds range     [1e+00, 1e+00]
  RHS range        [2e+01, 2e+01]

Found heuristic solution: objective 8616.0000000
Presolve removed 0 rows and 0 columns (presolve time = 5s)...
Presolve removed 0 rows and 0 columns (presolve time = 11s)...
Presolve removed 0 rows and 0 columns (presolve time = 18s)...
Presolve removed 0 rows and 0 columns (presolve time = 21s)...
Presolve removed 0 rows and 0 columns (presolve time = 28s)...
Presolve removed 0 rows and 0 columns (presolve time = 32s)...
Presolve removed 0 rows and 0 columns (presolve time = 37s)...
Presolve removed 0 rows and 0 columns (presolve time = 40s)...
Presolve removed 0 rows and 0 columns (presolve time = 45s)...
Presolve removed 0 rows and 0 columns (presolve time = 50s)...
Presolve removed 0 rows and 0 columns (presolve time = 57s)...
Presolve removed 0 rows and 0 columns (presolve time = 60s)...
Presolve removed 0 rows and 0 columns (presolve time = 65s)...
Presolve removed 0 rows and 0 columns (presolve time = 70s)...
Presolve removed 0 rows and 0 columns (presolve time = 75s)...
Presolve removed 0 rows and 0 columns (presolve time = 80s)...
Presolve removed 0 rows and 0 columns (presolve time = 90s)...
Presolve removed 0 rows and 0 columns (presolve time = 90s)...
Presolve removed 0 rows and 0 columns (presolve time = 95s)...
Presolve removed 0 rows and 0 columns (presolve time = 100s)...
Presolve removed 0 rows and 0 columns (presolve time = 105s)...
Presolve removed 0 rows and 0 columns (presolve time = 110s)...
Presolve removed 0 rows and 0 columns (presolve time = 115s)...
Presolve removed 0 rows and 0 columns (presolve time = 120s)...
Presolve removed 0 rows and 0 columns (presolve time = 125s)...
Presolve removed 0 rows and 0 columns (presolve time = 130s)...
Presolve removed 0 rows and 0 columns (presolve time = 135s)...
Presolve removed 0 rows and 0 columns (presolve time = 140s)...
Presolve removed 0 rows and 0 columns (presolve time = 145s)...
Presolve removed 0 rows and 0 columns (presolve time = 150s)...
Presolve removed 0 rows and 0 columns (presolve time = 155s)...
Presolve removed 0 rows and 0 columns (presolve time = 160s)...
Presolve removed 0 rows and 0 columns (presolve time = 165s)...
Presolve removed 0 rows and 0 columns (presolve time = 170s)...
Presolve removed 0 rows and 0 columns (presolve time = 175s)...
Presolve removed 0 rows and 0 columns (presolve time = 180s)...
Presolve removed 0 rows and 0 columns (presolve time = 185s)...
Presolve removed 0 rows and 0 columns (presolve time = 190s)...
Presolve removed 0 rows and 0 columns (presolve time = 195s)...
Presolve removed 0 rows and 0 columns (presolve time = 200s)...
Presolve removed 0 rows and 0 columns (presolve time = 205s)...
Presolve removed 0 rows and 0 columns (presolve time = 210s)...
Presolve removed 0 rows and 0 columns (presolve time = 215s)...
Presolve removed 0 rows and 0 columns (presolve time = 220s)...
Presolve removed 0 rows and 0 columns (presolve time = 225s)...
Presolve removed 0 rows and 0 columns (presolve time = 230s)...
Presolve removed 0 rows and 0 columns (presolve time = 235s)...
Presolve removed 0 rows and 0 columns (presolve time = 240s)...
Presolve removed 0 rows and 0 columns (presolve time = 245s)...
Presolve removed 0 rows and 0 columns (presolve time = 250s)...
Presolve removed 0 rows and 0 columns (presolve time = 255s)...
Presolve removed 0 rows and 0 columns (presolve time = 260s)...
Presolve removed 0 rows and 0 columns (presolve time = 265s)...
Presolve removed 0 rows and 0 columns (presolve time = 270s)...
Presolve removed 0 rows and 0 columns (presolve time = 275s)...
Presolve removed 0 rows and 0 columns (presolve time = 280s)...
Presolve removed 0 rows and 0 columns (presolve time = 285s)...
Presolve removed 0 rows and 0 columns (presolve time = 290s)...
Presolve removed 0 rows and 0 columns (presolve time = 295s)...
Presolve removed 0 rows and 0 columns (presolve time = 300s)...
Presolve removed 0 rows and 0 columns (presolve time = 305s)...
Presolve removed 0 rows and 0 columns (presolve time = 310s)...
Presolve removed 0 rows and 0 columns (presolve time = 315s)...
Presolve removed 0 rows and 0 columns (presolve time = 320s)...
Presolve removed 0 rows and 0 columns (presolve time = 325s)...
Presolve removed 0 rows and 0 columns (presolve time = 330s)...
Presolve removed 0 rows and 0 columns (presolve time = 335s)...
Presolve removed 0 rows and 0 columns (presolve time = 340s)...
Presolve removed 0 rows and 0 columns (presolve time = 345s)...
Presolve removed 0 rows and 0 columns (presolve time = 350s)...
Presolve removed 0 rows and 0 columns (presolve time = 355s)...
Presolve removed 0 rows and 0 columns (presolve time = 360s)...
Presolve removed 0 rows and 0 columns (presolve time = 365s)...
Presolve removed 0 rows and 0 columns (presolve time = 370s)...
Presolve removed 0 rows and 0 columns (presolve time = 375s)...
Presolve removed 0 rows and 0 columns (presolve time = 380s)...
Presolve removed 0 rows and 0 columns (presolve time = 385s)...
Presolve removed 0 rows and 0 columns (presolve time = 390s)...
Presolve removed 0 rows and 0 columns (presolve time = 395s)...
Presolve removed 0 rows and 0 columns (presolve time = 400s)...
Presolve removed 0 rows and 0 columns (presolve time = 405s)...
Presolve removed 0 rows and 0 columns (presolve time = 410s)...
Presolve removed 0 rows and 0 columns (presolve time = 415s)...
Presolve removed 0 rows and 0 columns (presolve time = 420s)...
Presolve removed 0 rows and 0 columns (presolve time = 425s)...
Presolve removed 0 rows and 0 columns (presolve time = 430s)...
Presolve removed 0 rows and 0 columns (presolve time = 435s)...
Presolve removed 0 rows and 0 columns (presolve time = 440s)...
Presolve removed 0 rows and 0 columns (presolve time = 445s)...
Presolve removed 0 rows and 0 columns (presolve time = 450s)...
Presolve removed 0 rows and 0 columns (presolve time = 455s)...
Presolve removed 0 rows and 0 columns (presolve time = 460s)...
Presolve removed 0 rows and 0 columns (presolve time = 467s)...
Presolve time: 467.39s
Presolved: 196014 rows, 35900 columns, 40954002 nonzeros
Variable types: 0 continuous, 35900 integer (35900 binary)

Root simplex log...

Iteration    Objective       Primal Inf.    Dual Inf.      Time
       0   -0.0000000e+00   0.000000e+00   6.825000e+03    486s
     105    4.2665044e+03   0.000000e+00   0.000000e+00    486s
     105    4.2665044e+03   0.000000e+00   0.000000e+00    486s

Use crossover to convert LP symmetric solution to basic solution...

Root crossover log...

  182948 variables added to crossover basis                      490s
  185678 variables added to crossover basis                      495s
  187328 variables added to crossover basis                      500s
  188048 variables added to crossover basis                      505s
  188678 variables added to crossover basis                      510s
  189218 variables added to crossover basis                      515s
  189698 variables added to crossover basis                      520s
  190118 variables added to crossover basis                      525s
  190628 variables added to crossover basis                      530s
  191108 variables added to crossover basis                      535s
  191468 variables added to crossover basis                      540s
  191768 variables added to crossover basis                      545s
  192068 variables added to crossover basis                      550s
  192368 variables added to crossover basis                      555s
  192638 variables added to crossover basis                      560s
  192908 variables added to crossover basis                      565s
  193148 variables added to crossover basis                      570s
  193388 variables added to crossover basis                      575s
  193628 variables added to crossover basis                      580s
  193868 variables added to crossover basis                      586s
  194078 variables added to crossover basis                      590s
  194318 variables added to crossover basis                      596s
  194498 variables added to crossover basis                      600s
  194708 variables added to crossover basis                      605s
  194918 variables added to crossover basis                      610s
  195128 variables added to crossover basis                      615s
  195308 variables added to crossover basis                      620s
  195518 variables added to crossover basis                      625s
  195698 variables added to crossover basis                      630s
  195908 variables added to crossover basis                      635s

       0 DPushes remaining with DInf 0.0000000e+00              1086s

       0 PPushes remaining with PInf 0.0000000e+00              1087s

  Push phase complete: Pinf 0.0000000e+00, Dinf 6.8717413e-09   1088s


Root simplex log...

Iteration    Objective       Primal Inf.    Dual Inf.      Time
     108    4.2665044e+03   0.000000e+00   0.000000e+00   1228s
Crossover time: 741.45 seconds (2003.60 work units)

Root relaxation: objective 4.266504e+03, 108 iterations, 756.68 seconds (2018.15 work units)

    Nodes    |    Current Node    |     Objective Bounds      |     Work
 Expl Unexpl |  Obj  Depth IntInf | Incumbent    BestBd   Gap | It/Node Time

     0     0 4266.50439    0 15796 8616.00000 4266.50439  50.5%     - 1654s
H    0     0                    5744.0000000 4266.50439  25.7%     - 1654s
H    0     0                    5026.0000000 4266.50439  15.1%     - 1654s
H    0     0                    4978.0000000 4266.50439  14.3%     - 2399s
H    0     0                    4973.0000000 4266.50439  14.2%     - 2400s
H    0     0                    4971.0000000 4266.50439  14.2%     - 2400s
H    0     0                    4969.0000000 4266.50439  14.1%     - 2453s
H    0     0                    4968.0000000 4266.50439  14.1%     - 2581s
H    0     0                    4966.0000000 4266.50439  14.1%     - 2640s
H    0     0                    4965.0000000 4266.50439  14.1%     - 2751s
H    0     0                    4961.0000000 4266.50439  14.0%     - 4034s
H    0     0                    4960.0000000 4266.50439  14.0%     - 4034s
H    0     0                    4959.0000000 4266.50439  14.0%     - 4076s
H    0     0                    4958.0000000 4266.50439  13.9%     - 4076s
H    0     0                    4957.0000000 4266.50439  13.9%     - 4098s
H    0     0                    4956.0000000 4266.50439  13.9%     - 4152s
H    0     0                    4952.0000000 4266.50439  13.8%     - 4192s
H    0     0                    4951.0000000 4266.50439  13.8%     - 4228s
H    0     0                    4950.0000000 4266.50439  13.8%     - 4228s
H    0     0                    4948.0000000 4266.50439  13.8%     - 4480s
     0     0 4266.50439    0 15796 4948.00000 4266.50439  13.8%     - 8159s

Explored 1 nodes (108 simplex iterations) in 10800.88 seconds (22872.68 work units)
Thread count was 32 (of 32 available processors)

Solution count 10: 4948 4950 4951 ... 4961

Time limit reached
Best objective 4.948000000000e+03, best bound 4.267000000000e+03, gap 13.7631%

User-callback calls 170563, time in user-callback 0.90 sec
