
Gurobi 13.0.2 (linux64) logging started Sun Jul 19 23:20:40 2026

Set parameter LogFile to value "/tmp/sweep_20260716_013919_north-korea_alt550km_s35_i6_v6_gurobi.log"
Set parameter Method to value 1
Set parameter NodefileStart to value 4
Set parameter RINS to value 50
Gurobi Optimizer version 13.0.2 build v13.0.2rc1 (linux64 - "Debian GNU/Linux 13 (trixie)")

CPU model: Intel(R) Xeon(R) Platinum 8375C CPU @ 2.90GHz, instruction set [SSE2|AVX|AVX2|AVX512]
Thread count: 16 physical cores, 32 logical processors, using up to 32 threads

Non-default parameters:
TimeLimit  14400
MIPGap  0.001
Method  1
LPWarmStart  1
Heuristics  0.2
MIPFocus  1
NodefileStart  4
RINS  50
Symmetry  2
Cuts  2
CoverCuts  2
LogToConsole  0

Academic license 2812613 - for non-commercial use only - registered to no___@gatech.edu
Optimize a model with 1436 rows, 14360 columns and 153652 nonzeros (Min)
Model fingerprint: 0xb6dd5be7
Model has 14360 linear objective coefficients
Variable types: 0 continuous, 14360 integer (14360 binary)
Coefficient statistics:
  Matrix range     [1e+00, 1e+00]
  Objective range  [1e+00, 1e+00]
  Bounds range     [1e+00, 1e+00]
  RHS range        [6e+00, 6e+00]

Found heuristic solution: objective 1120.0000000
Presolve removed 0 rows and 4308 columns
Presolve time: 0.11s
Presolved: 1436 rows, 10052 columns, 114880 nonzeros
Variable types: 0 continuous, 10052 integer (8616 binary)

Root simplex log...

Iteration    Objective       Primal Inf.    Dual Inf.      Time
   13360    5.8592519e+02   5.873952e+02   0.000000e+00      5s
   16763    5.8745455e+02   0.000000e+00   0.000000e+00      8s

Root relaxation: objective 5.874545e+02, 16763 iterations, 7.86 seconds (16.34 work units)

    Nodes    |    Current Node    |     Objective Bounds      |     Work
 Expl Unexpl |  Obj  Depth IntInf | Incumbent    BestBd   Gap | It/Node Time

     0     0  587.45455    0 1077 1120.00000  587.45455  47.5%     -    9s
H    0     0                    1077.0000000  587.45455  45.5%     -    9s
H    0     0                     663.0000000  587.45455  11.4%     -    9s
H    0     0                     662.0000000  587.45455  11.3%     -   12s
H    0     0                     659.0000000  587.45455  10.9%     -   12s
H    0     0                     656.0000000  587.45455  10.4%     -   12s
H    0     0                     641.0000000  587.45455  8.35%     -   12s
H    0     0                     639.0000000  587.45455  8.07%     -   12s
     0     0  587.45455    0 1436  639.00000  587.45455  8.07%     -   13s
H    0     0                     637.0000000  587.45455  7.78%     -   15s
H    0     0                     635.0000000  587.45455  7.49%     -   15s
H    0     0                     634.0000000  587.45455  7.34%     -   15s
H    0     0                     633.0000000  587.45455  7.20%     -   15s
H    0     0                     632.0000000  587.45455  7.05%     -   15s
H    0     0                     631.0000000  587.45455  6.90%     -   15s
H    0     0                     630.0000000  587.45455  6.75%     -   16s
H    0     0                     629.0000000  587.45455  6.61%     -   16s
H    0     0                     628.0000000  587.45455  6.46%     -   17s
H    0     0                     627.0000000  587.45455  6.31%     -   18s
H    0     0                     626.0000000  587.45455  6.16%     -   19s
H    0     0                     625.0000000  587.45455  6.01%     -   19s
H    0     0                     624.0000000  587.45455  5.86%     -   20s
H    0     0                     623.0000000  587.45455  5.71%     -   20s
H    0     0                     622.0000000  587.45455  5.55%     -   31s
     0     0  587.52727    0 1436  622.00000  587.52727  5.54%     -   32s
     0     0  587.52727    0 1436  622.00000  587.52727  5.54%     -   34s
H    0     0                     621.0000000  587.52727  5.39%     -   62s
H    0     0                     620.0000000  587.52727  5.24%     -   62s
H    0     0                     619.0000000  587.52727  5.08%     -   62s
H    0     0                     618.0000000  587.52727  4.93%     -   81s
H    0     0                     617.0000000  587.52727  4.78%     -   81s
     0     2  587.52727    0 1436  617.00000  587.52727  4.78%     -   83s
     1     3  587.53141    1 1433  617.00000  587.52727  4.78%  74.0   88s
     2     5  587.59351    2 1428  617.00000  587.52727  4.78%  55.0   94s
H    4     9                     615.0000000  587.52727  4.47%  35.0  100s
     8    16  587.64838    4 1431  615.00000  587.52727  4.47%  67.8  112s
    15    16  587.75782    4 1425  615.00000  587.52727  4.47%  91.5  115s
    17    32  587.69050    5 1430  615.00000  587.66261  4.45%  88.8  123s
    27    32  587.77331    5 1427  615.00000  587.70353  4.44%  91.9  125s
    33    48  587.72061    6 1430  615.00000  587.70622  4.44%   107  134s
H   35    48                     614.0000000  587.70685  4.28%   102  134s
    49    80  587.79217    7 1426  614.00000  587.70685  4.28%   101  141s
H   77    80                     613.0000000  587.70685  4.13%   118  141s
    81    96  587.84460    8 1425  613.00000  587.70685  4.13%   122  145s
    97   112  587.91952    9 1422  613.00000  587.70685  4.13%   128  150s
H  101   112                     612.0000000  587.70685  3.97%   128  150s
   318   357  588.49357   21 1397  612.00000  587.70685  3.97%   171  155s
H  348   357                     611.0000000  587.70685  3.81%   174  155s
   400   415  588.61908   24 1399  611.00000  587.70685  3.81%   184  161s
   464   479  588.75100   27 1391  611.00000  587.70685  3.81%   190  165s
   496   511  588.79894   28 1392  611.00000  587.70685  3.81%   197  170s
   528   543  588.87451   30 1391  611.00000  587.70685  3.81%   202  176s
   544   559  588.90374   30 1396  611.00000  587.70685  3.81%   203  180s
   560   575  588.96589   31 1398  611.00000  587.70685  3.81%   206  185s
   576   591  588.93780   31 1390  611.00000  587.70685  3.81%   208  191s
   592   607  588.96588   32 1393  611.00000  587.70685  3.81%   211  198s
   624   639  588.98829   33 1396  611.00000  587.70685  3.81%   216  201s
   672   687  589.03857   35 1390  611.00000  587.70685  3.81%   224  205s
   704   719  589.08363   36 1394  611.00000  587.70685  3.81%   229  211s
   736   751  589.12928   37 1396  611.00000  587.70685  3.81%   234  218s
   752   767  589.16159   38 1395  611.00000  587.70685  3.81%   236  221s
   768   783  589.17641   38 1391  611.00000  587.70685  3.81%   237  228s
   784   799  589.23332   39 1387  611.00000  587.70685  3.81%   239  236s
   800   815  589.17663   39 1393  611.00000  587.70685  3.81%   240  244s
   816   831  589.24726   40 1393  611.00000  587.70685  3.81%   242  253s
   832   847  589.20432   40 1395  611.00000  587.70685  3.81%   243  261s
   848   863  589.26858   41 1382  611.00000  587.70685  3.81%   245  268s
   864   879  589.29950   42 1382  611.00000  587.70685  3.81%   245  276s
   880   895  589.34742   43 1375  611.00000  587.70685  3.81%   246  283s
   896   911  589.37641   44 1378  611.00000  587.70685  3.81%   249  292s
   912   927  589.39522   44 1385  611.00000  587.70685  3.81%   250  300s
   928   943  589.43345   45 1378  611.00000  587.70685  3.81%   251  308s
H  937   943                     610.0000000  587.70685  3.65%   252  308s
   944   991  589.46883   46 1384  610.00000  587.70685  3.65%   254  313s
   992  1026  589.49828   47 1380  610.00000  587.70685  3.65%   257  320s
  1146  1169  589.73084   54 1366  610.00000  587.70685  3.65%   267  331s
H 1161  1169                     609.0000000  587.70685  3.50%   270  331s
  1320  1455  589.94853   60 1360  609.00000  587.70685  3.50%   284  339s
  1456  1471  590.07173   64 1354  609.00000  587.70685  3.50%   287  343s
  1472  1487  590.10833   65 1359  609.00000  587.70685  3.50%   287  347s
  1488  1523  590.12108   66 1360  609.00000  587.70685  3.50%   288  351s
H 1511  1523                     608.0000000  587.70685  3.34%   289  351s
  1524  1673  590.29849   71 1356  608.00000  587.70685  3.34%   289  356s
  1674  1689  590.51962   78 1340  608.00000  587.70685  3.34%   301  361s
  1690  1705  590.55141   79 1346  608.00000  587.70685  3.34%   302  365s
  1706  1735  590.54866   79 1342  608.00000  587.70685  3.34%   302  370s
  1834  2029  590.61233   82 1332  608.00000  587.70685  3.34%   304  378s
  2030  2232  590.85507   91 1329  608.00000  587.70685  3.34%   305  382s
  2233  2448  591.07779  100 1310  608.00000  587.70685  3.34%   319  386s
  2449  2480  591.30101  111 1311  608.00000  587.70685  3.34%   320  391s
  2481  2496  591.32648  112 1308  608.00000  587.70685  3.34%   320  395s
  2497  2512  591.37189  113 1311  608.00000  587.70685  3.34%   320  404s
  2513  2528  591.40242  114 1309  608.00000  587.70685  3.34%   319  413s
  2529  2544  591.40843  114 1303  608.00000  587.70685  3.34%   320  418s
  2545  2560  591.41522  115 1310  608.00000  587.70685  3.34%   320  426s
  2561  2576  591.42831  116 1305  608.00000  587.70685  3.34%   319  435s
  2577  2592  591.44747  117 1304  608.00000  587.70685  3.34%   320  445s
  2593  2608  591.49370  118 1310  608.00000  587.70685  3.34%   320  454s
  2609  2624  591.51201  119 1310  608.00000  587.70685  3.34%   320  463s
  2625  2640  591.52196  119 1311  608.00000  587.70685  3.34%   321  473s
  2641  2656  591.55308  120 1309  608.00000  587.70685  3.34%   321  480s
  2657  2672  591.55374  120 1311  608.00000  587.70685  3.34%   321  492s
  2673  2688  591.62818  121 1298  608.00000  587.70685  3.34%   321  502s
  2689  2704  591.65573  122 1292  608.00000  587.70685  3.34%   321  515s
  2705  2720  591.68234  122 1303  608.00000  587.70685  3.34%   321  526s
  2721  2741  591.70224  123 1299  608.00000  587.70685  3.34%   321  539s
  2742  2757  591.71757  124 1298  608.00000  587.70685  3.34%   322  550s
  2758  2773  591.78872  125 1290  608.00000  587.70685  3.34%   322  558s
  2774  2793  591.73042  125 1307  608.00000  587.70685  3.34%   322  567s
  2794  2809  591.78614  127 1304  608.00000  587.70685  3.34%   323  577s
  2810  2825  591.82775  127 1313  608.00000  587.70685  3.34%   323  586s
  2826  2859  591.90212  128 1298  608.00000  587.70685  3.34%   323  594s
  2860  3031  591.91671  129 1286  608.00000  587.70685  3.34%   325  600s
  3032  3326  592.23117  136 1257  608.00000  587.70685  3.34%   330  610s
  3327  3415  592.61263  146 1262  608.00000  587.70685  3.34%   333  621s
  3416  3520  593.20958  160 1232  608.00000  587.70685  3.34%   338  631s
  3521  3625  593.65287  174 1224  608.00000  587.70685  3.34%   339  641s
  3626  3641  594.16915  192 1206  608.00000  587.70685  3.34%   341  653s
  3642  3657  594.17562  192 1197  608.00000  587.70685  3.34%   341  667s
  3658  3677  594.18942  193 1200  608.00000  587.70685  3.34%   341  679s
  3678  3765  594.18622  193 1202  608.00000  587.70685  3.34%   341  689s
  3766  3850  594.81998  207 1182  608.00000  587.70685  3.34%   343  701s
  3851  3993  594.83495  207 1179  608.00000  587.70685  3.34%   344  716s
  3994  4009  594.86950  208 1195  608.00000  587.70685  3.34%   345  729s
H 4003  4009                     607.0000000  587.70685  3.18%   345  729s
  4010  4524  594.86649  208 1181  607.00000  587.70685  3.18%   345  739s
  4525  4540  595.59969  232 1155  607.00000  587.70685  3.18%   348  750s
  4541  4556  595.62381  233 1160  607.00000  587.70685  3.18%   348  762s
  4557  4572  595.65288  234 1153  607.00000  587.70685  3.18%   348  775s
  4573  4613  595.66727  234 1160  607.00000  587.70685  3.18%   348  788s
  4614  4930  595.67608  235 1151  607.00000  587.70685  3.18%   348  799s
  4931  5193  596.23971  254 1137  607.00000  587.70685  3.18%   350  809s
  5194  5215  596.65554  265 1121  607.00000  587.70685  3.18%   351  822s
  5216  5231  596.68807  266 1134  607.00000  587.70685  3.18%   351  835s
  5232  5247  596.66138  266 1119  607.00000  587.70685  3.18%   351  847s
  5248  5265  596.71082  267 1129  607.00000  587.70685  3.18%   351  860s
  5266  5293  596.71915  267 1130  607.00000  587.70685  3.18%   351  874s
  5294  5354  596.73735  268 1122  607.00000  587.70685  3.18%   351  886s
  5355  5528  596.88702  273 1122  607.00000  587.70685  3.18%   352  898s
  5529  5711  596.88079  273 1120  607.00000  587.70685  3.18%   353  913s
  5712  5764  596.91488  274 1116  607.00000  587.70685  3.18%   354  926s
  5765  5858  596.93145  274 1122  607.00000  587.70685  3.18%   354  940s
  5859  5973  596.94355  275 1118  607.00000  587.70685  3.18%   355  957s
  5974  6073  596.98282  276 1117  607.00000  587.70685  3.18%   355  974s
  6074  6314  597.64195  290 1085  607.00000  587.70685  3.18%   355  989s
  6315  6551  598.20850  307 1074  607.00000  587.70685  3.18%   357 1007s
  6552  6711  598.25262  307 1066  607.00000  587.70685  3.18%   359 1024s
  6712  6766  598.31394  308 1068  607.00000  587.70685  3.18%   358 1042s
  6767  6894  598.25940  308 1071  607.00000  587.70685  3.18%   359 1058s
  6895  6968  598.94878  329 1045  607.00000  587.70685  3.18%   359 1077s
  7006  6984  599.05639  333 1051  607.00000  587.70685  3.18%   358 1098s
  7022  7028  599.01328  333 1048  607.00000  587.70685  3.18%   358 1117s
  7066  7370  599.04199  334 1054  607.00000  587.70685  3.18%   358 1135s
  7408  7667  599.48852  347 1047  607.00000  587.70685  3.18%   360 1154s
  7705  7683  600.25211  374 1039  607.00000  587.70685  3.18%   361 1176s
  7721  7769  600.30614  375 1043  607.00000  587.70685  3.18%   362 1198s
  7807  8133  600.31052  375 1033  607.00000  587.70685  3.18%   361 1219s
  8171  8322  600.68991  383 1014  607.00000  587.70685  3.18%   363 1242s
  8372  8336  601.42456  402 1007  607.00000  587.70685  3.18%   364 1266s
  8390  8413  601.42233  402  991  607.00000  587.70685  3.18%   364 1291s
  8479  8451  601.56894  406  988  607.00000  587.70685  3.18%   364 1317s
  8521  8570  601.62469  406  991  607.00000  587.70685  3.18%   364 1342s
  8656  8897  601.56894  407  988  607.00000  587.71389  3.18%   364 1366s
  8983  9068  602.79520  436  979  607.00000  587.71389  3.18%   366 1390s
  9154  9226  602.82663  437  971  607.00000  587.71389  3.18%   367 1414s
  9312  9538  603.70234  463  946  607.00000  587.71389  3.18%   367 1440s
  9624  9751  604.62457  488  903  607.00000  587.71389  3.18%   367 1466s
  9837  9785  604.86123  491  923  607.00000  587.71389  3.18%   368 1499s
  9871  9955  604.85455  492  898  607.00000  587.71389  3.18%   369 1531s
 10041  9971  604.85082  493  907  607.00000  587.71389  3.18%   369 1565s
 10057 10197  604.93834  494  906  607.00000  587.71389  3.18%   370 1599s
 10284 10198  595.79004  236 1436  607.00000  587.71389  3.18%   370 1702s
 10286 10199  595.36191  233 1077  607.00000  587.71389  3.18%   370 1715s
 10287 10200  595.07173  213 1436  607.00000  587.71389  3.18%   370 1740s
 10288 10201  588.75845   29 1436  607.00000  587.71389  3.18%   370 1753s
 10289 10201  589.04602   33 1436  607.00000  587.71389  3.18%   370 1806s
 10290 10204  587.71389   15 1433  607.00000  587.71389  3.18%   373 1812s
 10291 10206  587.71389   16 1428  607.00000  587.71389  3.18%   373 1817s
 10293 10208  587.71389   17 1430  607.00000  587.71389  3.18%   373 1820s
 10322 10280  587.72061   20 1430  607.00000  587.71389  3.18%   372 1825s
 10544 10398  587.89393   24 1426  607.00000  587.71389  3.18%   368 1830s
 10613 10432  587.94771   25 1427  607.00000  587.71389  3.18%   368 1838s
 10629 10443  587.98179   26 1423  607.00000  587.71389  3.18%   367 1842s
 10645 10454  587.98547   26 1423  607.00000  587.71389  3.18%   367 1846s
 10661 10464  588.02435   27 1424  607.00000  587.71389  3.18%   367 1850s
 10677 10475  588.04063   27 1424  607.00000  587.71389  3.18%   367 1855s
 10693 10486  588.05678   28 1426  607.00000  587.71389  3.18%   367 1860s
 10725 10507  588.09687   29 1426  607.00000  587.71389  3.18%   366 1869s
 10741 10518  588.09704   29 1423  607.00000  587.71389  3.18%   366 1874s
 10757 10528  588.15275   30 1420  607.00000  587.71389  3.18%   366 1878s
 10773 10539  588.11689   30 1426  607.00000  587.71389  3.18%   366 1883s
 10789 10550  588.16371   31 1425  607.00000  587.71389  3.18%   366 1888s
 10805 10560  588.13216   31 1426  607.00000  587.71389  3.18%   365 1893s
 10821 10571  588.17519   32 1423  607.00000  587.71389  3.18%   365 1898s
 10837 10582  588.19751   32 1420  607.00000  587.71389  3.18%   365 1903s
 10853 10592  588.25228   33 1419  607.00000  587.71389  3.18%   365 1908s
 10869 10603  588.22869   33 1422  607.00000  587.71389  3.18%   365 1914s
 10885 10614  588.31252   34 1422  607.00000  587.71389  3.18%   365 1919s
 10901 10624  588.28606   34 1418  607.00000  587.71389  3.18%   365 1924s
 10917 10635  588.33338   35 1418  607.00000  587.71389  3.18%   365 1929s
 10933 10646  588.34162   35 1416  607.00000  587.71389  3.18%   365 1934s
 10949 10656  588.39456   36 1412  607.00000  587.71389  3.18%   364 1951s
 10965 10669  588.36258   36 1417  607.00000  587.71389  3.18%   364 1968s
 10983 10691  588.47572   38 1411  607.00000  587.71389  3.18%   364 1973s
 11011 10718  588.60989   42 1409  607.00000  587.71389  3.18%   364 1991s
 11047 10734  588.78075   45 1401  607.00000  587.71389  3.18%   364 2013s
 11075 10741  588.85907   47 1395  607.00000  587.71389  3.18%   364 2029s
 11092 10765  588.92424   48 1395  607.00000  587.71389  3.18%   364 2045s
 11121 10810  588.90114   48 1395  607.00000  587.71389  3.18%   364 2054s
 11176 10855  588.96167   49 1392  607.00000  587.71389  3.18%   363 2063s
 11239 10940  588.94303   49 1394  607.00000  587.71389  3.18%   363 2072s
 11345 10974  588.96414   50 1394  607.00000  587.71389  3.18%   363 2081s
 11415 10978  588.99511   50 1388  607.00000  587.71389  3.18%   363 2090s
 11442 10993  588.99202   51 1391  607.00000  587.71389  3.18%   363 2099s
 11466 11001  589.01993   51 1393  607.00000  587.71389  3.18%   363 2109s
 11482 11012  589.04405   52 1386  607.00000  587.71389  3.18%   363 2121s
 11498 11022  589.01559   52 1394  607.00000  587.71389  3.18%   363 2129s
 11514 11033  589.04793   53 1387  607.00000  587.71389  3.18%   363 2140s
 11530 11044  589.05373   53 1392  607.00000  587.71389  3.18%   363 2150s
 11546 11054  589.10796   54 1389  607.00000  587.71389  3.18%   363 2160s
 11562 11065  589.07946   54 1386  607.00000  587.71389  3.18%   363 2170s
 11578 11076  589.11254   55 1375  607.00000  587.71389  3.18%   363 2183s
 11594 11086  589.10013   55 1395  607.00000  587.71389  3.18%   363 2193s
 11610 11097  589.11292   56 1390  607.00000  587.71389  3.18%   363 2207s
 11626 11116  589.16708   56 1385  607.00000  587.71389  3.18%   363 2235s
 11650 11124  589.14276   57 1391  607.00000  587.71389  3.18%   363 2248s
 11666 11139  589.17671   57 1385  607.00000  587.71389  3.18%   363 2264s
 11687 11207  589.19244   58 1391  607.00000  587.71389  3.18%   363 2303s
 11762 11306  589.27139   58 1384  607.00000  587.71389  3.18%   363 2317s
 11886 11281  589.24692   59 1382  607.00000  587.71389  3.18%   364 2340s
 11902 11396  589.21058   59 1387  607.00000  587.71389  3.18%   364 2371s
 12022 11386  589.30254   60 1377  607.00000  587.71389  3.18%   364 2387s
 12052 11543  589.27901   60 1391  607.00000  587.71389  3.18%   364 2403s
 12219 11579  589.29498   61 1386  607.00000  587.71389  3.18%   366 2423s
 12311 11729  589.35237   61 1378  607.00000  587.71389  3.18%   365 2450s
 12492 11685  589.35079   62 1386  607.00000  587.71389  3.18%   365 2466s
 12508 11697  589.33363   62 1386  607.00000  587.71389  3.18%   366 2481s
 12525 11789  589.39001   63 1383  607.00000  587.71389  3.18%   366 2493s
 12623 11780  589.38701   63 1386  607.00000  587.71389  3.18%   367 2515s
 12647 11812  589.44268   64 1387  607.00000  587.71389  3.18%   367 2529s
 12687 11845  589.42719   64 1391  607.00000  587.71389  3.18%   367 2548s
 12733 11846  589.45192   65 1390  607.00000  587.71389  3.18%   367 2565s
 12749 11857  589.48696   65 1383  607.00000  587.71389  3.18%   367 2581s
 12766 11930  589.49638   66 1381  607.00000  587.71389  3.18%   367 2595s
 12844 11938  589.85092   75 1355  607.00000  587.71389  3.18%   367 2609s
 12878 11960  589.83977   75 1359  607.00000  587.71389  3.18%   367 2628s
 12912 11965  590.16112   83 1344  607.00000  587.71389  3.18%   367 2647s
 12928 12024  590.18110   83 1344  607.00000  587.71389  3.18%   367 2664s
 12992 12018  590.19317   84 1346  607.00000  587.71389  3.18%   367 2683s
 13008 12029  590.23355   84 1345  607.00000  587.71389  3.18%   367 2702s
 13024 12040  590.21680   85 1357  607.00000  587.71389  3.18%   367 2718s
 13040 12062  590.25654   85 1355  607.00000  587.71389  3.18%   367 2734s
 13068 12206  590.24278   86 1355  607.00000  587.71389  3.18%   367 2753s
 13221 12378  590.41465   91 1339  607.00000  587.71389  3.18%   367 2774s
 13444 12320  590.91454  106 1325  607.00000  587.71389  3.18%   367 2795s
 13460 12376  590.96752  107 1327  607.00000  587.71389  3.18%   368 2815s
 13522 12372  590.96921  107 1324  607.00000  587.71389  3.18%   368 2837s
 13538 12406  590.97292  108 1329  607.00000  587.71389  3.18%   368 2866s
 13578 12450  591.00758  108 1319  607.00000  587.71389  3.18%   368 2886s
 13635 12538  590.98961  109 1326  607.00000  587.71389  3.18%   368 2918s
 13742 12571  591.20895  117 1315  607.00000  587.71389  3.18%   367 2941s
 13811 12642  591.20009  117 1331  607.00000  587.71389  3.18%   367 2965s
 13905 12775  591.26245  118 1318  607.00000  587.71389  3.18%   368 2993s
 14069 12862  591.23607  118 1325  607.00000  587.71389  3.18%   368 3016s
 14211 13066  591.47939  125 1316  607.00000  587.71389  3.18%   369 3041s
 14462 13184  592.01950  145 1313  607.00000  587.71389  3.18%   369 3065s
 14664 13254  592.03079  145 1309  607.00000  587.71389  3.18%   369 3093s
 14801 13407  592.06002  146 1304  607.00000  587.71389  3.18%   370 3118s
 15000 13357  592.05949  146 1307  607.00000  587.71389  3.18%   369 3145s
 15016 13465  592.09986  147 1297  607.00000  587.71389  3.18%   369 3176s
 15129 13628  592.10873  147 1311  607.00000  587.71389  3.18%   370 3205s
 15330 13577  592.13733  148 1300  607.00000  587.71389  3.18%   369 3237s
 15346 13608  592.14374  148 1310  607.00000  587.71389  3.18%   369 3271s
 15382 13759  592.15484  149 1306  607.00000  587.71389  3.18%   369 3302s
 15545 13750  592.19786  149 1309  607.00000  587.71389  3.18%   370 3335s
 15591 13805  592.29823  152 1304  607.00000  587.71389  3.18%   369 3367s
 15661 13993  592.33960  153 1296  607.00000  587.71389  3.18%   370 3400s
 15872 14322  592.64168  161 1280  607.00000  587.71389  3.18%   370 3437s
 16272 14317  593.14196  176 1273  607.00000  587.71389  3.18%   370 3476s
 16400 14290  593.14870  176 1278  607.00000  587.71389  3.18%   370 3512s
 16416 14301  593.16562  177 1269  607.00000  587.71389  3.18%   370 3554s
 16432 14417  593.15376  177 1279  607.00000  587.71389  3.18%   370 3592s
 16553 14909  593.19636  178 1276  607.00000  587.71389  3.18%   370 3629s
 17086 14800  593.92365  202 1233  607.00000  587.71389  3.18%   371 3671s
 17154 15323  593.89923  202 1232  607.00000  587.71389  3.18%   371 3710s
 17700 15157  594.70675  226 1197  607.00000  587.71389  3.18%   371 3751s
 17716 15168  594.72108  226 1201  607.00000  587.71389  3.18%   371 3797s
 17732 15250  594.71015  227 1193  607.00000  587.71389  3.18%   371 3841s
 17820 15566  594.74556  227 1200  607.00000  587.71389  3.18%   372 3886s
 18196 15489  594.73451  228 1202  607.00000  587.71389  3.18%   372 3930s
 18244 15555  594.77029  230 1191  607.00000  587.71389  3.18%   372 3980s
 18326 15737  594.94956  234 1175  607.00000  587.71389  3.18%   372 4026s
 18560 16129  594.92299  234 1178  607.00000  587.71389  3.18%   372 4073s
 19040 16115  595.77015  255 1184  607.00000  587.72110  3.18%   372 4127s
 19186 16277  595.92567  260 1159  607.00000  587.72110  3.18%   373 4178s
 19396 16271  595.93539  261 1176  607.00000  587.72110  3.18%   373 4234s
 19460 16837  596.03244  263 1167  607.00000  587.72110  3.18%   373 4290s
 20048 16680  596.86252  284 1118  607.00000  587.72110  3.18%   374 4350s
 20087 16865  596.90599  285 1128  607.00000  587.72110  3.18%   374 4408s
 20285 16815  597.09535  292 1124  607.00000  587.72110  3.18%   375 4471s
 20301 17136  597.13563  293 1125  607.00000  587.72110  3.18%   375 4532s
 20627 17427  597.90363  318 1108  607.00000  587.72110  3.18%   375 4622s
 21027 17652  598.29777  330 1081  607.00000  587.72110  3.18%   376 4722s
 21385 18389  599.49948  359 1064  607.00000  587.72110  3.18%   376 4829s
 22241 18776  600.83360  392 1011  607.00000  587.72110  3.18%   377 4911s
 22914 18568  602.33177  422 1001  607.00000  587.72110  3.18%   378 5000s
 22930 19042  602.35591  423  988  607.00000  587.72110  3.18%   378 5082s
 23453 19898  602.97452  433  946  607.00000  587.72110  3.18%   379 5165s
 24484 19688  604.48881  466  957  607.00000  587.72110  3.18%   380 5242s
 24661 20748  604.79505  474  939  607.00000  587.72110  3.18%   380 5321s
 25904 21130  588.29236   28 1410  607.00000  587.72110  3.18%   379 5395s
 26815 21546  590.12780   75 1365  607.00000  587.72110  3.18%   379 5467s
 27534 21842  591.48104  111 1302  607.00000  587.72110  3.18%   379 5543s
 28074 22294  592.07670  128 1254  607.00000  587.72110  3.18%   379 5625s
 28784 22480  592.90646  155 1255  607.00000  587.72110  3.18%   379 5712s
 29310 22320  593.32033  172 1242  607.00000  587.72110  3.18%   378 5804s
 29327 22618  593.35314  173 1239  607.00000  587.72110  3.18%   378 5892s
 29673 23218  593.96566  193 1223  607.00000  587.72110  3.18%   377 5984s
 30442 23170  596.46605  271 1147  607.00000  587.72110  3.18%   376 6084s
 30650 23267  596.79659  280 1159  607.00000  587.72110  3.18%   376 6183s
 30817 23878  596.81823  281 1152  607.00000  587.72110  3.18%   376 6282s
 31523 24424  599.75481  365 1068  607.00000  587.72110  3.18%   375 6389s
 32305 25227  601.10800  404 1065  607.00000  587.72110  3.18%   373 6499s
 33460 24906  605.91835  523  944  607.00000  587.72110  3.18%   372 6619s
H33474 23484                     606.0000000  587.72110  3.02%   372 6619s
 33524 24637     cutoff  524       606.00000  587.73609  3.01%   372 6736s
 34781 25199  590.48988   90 1336  606.00000  587.73609  3.01%   370 6853s
 35846 25712  592.84986  160 1249  606.00000  587.73609  3.01%   369 6977s
 36783 26337  592.97920  165 1249  606.00000  587.73609  3.01%   368 7102s
 37855 26177  595.33701  233 1155  606.00000  587.74479  3.01%   366 7243s
 38078 26999  595.36925  234 1153  606.00000  587.76472  3.01%   366 7379s
 39011 27909  597.85139  307 1134  606.00000  587.76472  3.01%   365 7526s
 40270 28469  602.73747  447  995  606.00000  587.76472  3.01%   364 7685s
 40946 28916  604.31504  490  965  606.00000  587.76472  3.01%   363 7840s
 41421 30930  588.64734   39 1407  606.00000  587.76472  3.01%   363 8053s
 43663 31055  591.22459  119 1336  606.00000  587.76472  3.01%   362 8191s
 43828 31979  591.26049  120 1324  606.00000  587.76472  3.01%   361 8342s
 44898 33018  593.70559  193 1240  606.00000  587.76472  3.01%   360 8506s
 45985 33390  595.65118  246 1186  606.00000  587.76472  3.01%   360 8688s
 46447 34548  595.71290  248 1189  606.00000  587.76472  3.01%   359 8882s
 47733 34919  599.72745  352 1084  606.00000  587.77288  3.01%   358 9097s
 48104 36207  600.38340  370 1063  606.00000  587.77288  3.01%   358 9326s
 49392 38060  604.26031  467  966  606.00000  587.77288  3.01%   357 9575s
 51402 40614  590.60314   93 1342  606.00000  587.77288  3.01%   356 9813s
 54286 40999  593.71968  192 1242  606.00000  587.77288  3.01%   354 10028s
 54797 42011  594.29240  207 1228  606.00000  587.77288  3.01%   354 10251s
 55809 44069  597.93245  311 1118  606.00000  587.77288  3.01%   353 10481s
 57931 45255     cutoff  485       606.00000  587.78599  3.01%   352 10703s
 59123 45635  590.58384   87 1348  606.00000  587.78599  3.01%   352 10932s
 59503 48034  591.44377  115 1322  606.00000  587.78599  3.01%   352 11174s
 62223 50125  596.17838  263 1157  606.00000  587.78599  3.01%   350 11438s
 64484 51503  602.34028  441  999  606.00000  587.78599  3.01%   349 11628s
 65905 52264  588.05770   25 1419  606.00000  587.78599  3.01%   349 11829s
 66666 54366  589.83535   71 1373  606.00000  587.78599  3.01%   348 12054s
 68973 56078  592.35098  156 1292  606.00000  587.78599  3.01%   348 12256s
 70889 57371  596.48859  263 1122  606.00000  587.78599  3.01%   347 12449s
 72228 58781  602.14228  425  984  606.00000  587.78599  3.01%   347 12645s
 73737 58940  588.70249   42 1406  606.00000  587.79344  3.00%   347 12849s
 73896 59999  589.28176   56 1395  606.00000  587.79344  3.00%   347 13051s
 74955 62162  589.56180   63 1377  606.00000  587.79344  3.00%   347 13262s
 77118 64358  593.95200  209 1238  606.00000  587.79344  3.00%   347 13462s
 79398 66139  598.15581  362 1111  606.00000  587.79344  3.00%   348 13653s
 81233 67716  588.72770   43 1407  606.00000  587.79344  3.00%   349 13842s
 82916 67764  589.39098   61 1387  606.00000  587.79344  3.00%   349 14096s
 82984 70412  589.42933   62 1383  606.00000  587.79344  3.00%   349 14400s

Cutting planes:
  Lift-and-project: 1

Explored 85824 nodes (29993996 simplex iterations) in 14400.07 seconds (50655.28 work units)
Thread count was 32 (of 32 available processors)

Solution count 10: 606 607 608 ... 615

Time limit reached
Best objective 6.060000000000e+02, best bound 5.880000000000e+02, gap 2.9703%

User-callback calls 3484901, time in user-callback 12.96 sec
