
Gurobi 13.0.2 (linux64) logging started Sun Jul 12 02:08:57 2026

Set parameter LogFile to value "/tmp/sweep_20260709_012313_china_alt400km_s50_i4_v10_gurobi.log"
Set parameter Method to value 1
Set parameter NodefileStart to value 4
Set parameter RINS to value 50
Gurobi Optimizer version 13.0.2 build v13.0.2rc1 (linux64 - "Debian GNU/Linux 13 (trixie)")

CPU model: Intel(R) Xeon(R) Platinum 8375C CPU @ 2.90GHz, instruction set [SSE2|AVX|AVX2|AVX512]
Thread count: 16 physical cores, 32 logical processors, using up to 32 threads

Non-default parameters:
TimeLimit  14400
MIPGap  0.001
Method  1
LPWarmStart  1
Heuristics  0.2
MIPFocus  1
NodefileStart  4
RINS  50
Symmetry  2
Cuts  2
CoverCuts  2
LogToConsole  0

Academic license 2812613 - for non-commercial use only - registered to no___@gatech.edu
Optimize a model with 392028 rows, 43080 columns and 185213844 nonzeros (Min)
Model fingerprint: 0xa1298227
Model has 43080 linear objective coefficients
Variable types: 0 continuous, 43080 integer (43080 binary)
Coefficient statistics:
  Matrix range     [1e+00, 1e+00]
  Objective range  [1e+00, 1e+00]
  Bounds range     [1e+00, 1e+00]
  RHS range        [1e+01, 1e+01]

Found heuristic solution: objective 2322.0000000
Presolve removed 0 rows and 0 columns (presolve time = 7s)...
Presolve removed 0 rows and 0 columns (presolve time = 23s)...
Presolve removed 0 rows and 0 columns (presolve time = 26s)...
Presolve removed 0 rows and 0 columns (presolve time = 40s)...
Presolve removed 0 rows and 0 columns (presolve time = 54s)...
Presolve removed 0 rows and 0 columns (presolve time = 56s)...
Presolve removed 0 rows and 0 columns (presolve time = 70s)...
Presolve removed 0 rows and 0 columns (presolve time = 91s)...
Presolve removed 0 rows and 0 columns (presolve time = 116s)...
Presolve removed 0 rows and 0 columns (presolve time = 120s)...
Presolve removed 0 rows and 0 columns (presolve time = 125s)...
Presolve removed 0 rows and 0 columns (presolve time = 130s)...
Presolve removed 0 rows and 0 columns (presolve time = 135s)...
Presolve removed 0 rows and 0 columns (presolve time = 140s)...
Presolve removed 0 rows and 0 columns (presolve time = 145s)...
Presolve removed 0 rows and 0 columns (presolve time = 150s)...
Presolve removed 0 rows and 0 columns (presolve time = 184s)...
Presolve removed 0 rows and 0 columns (presolve time = 201s)...
Presolve removed 0 rows and 0 columns (presolve time = 217s)...
Presolve removed 0 rows and 0 columns (presolve time = 232s)...
Presolve removed 0 rows and 0 columns (presolve time = 235s)...
Presolve removed 0 rows and 0 columns (presolve time = 240s)...
Presolve removed 0 rows and 0 columns (presolve time = 245s)...
Presolve removed 0 rows and 0 columns (presolve time = 253s)...
Presolve removed 0 rows and 0 columns (presolve time = 273s)...
Presolve removed 0 rows and 0 columns (presolve time = 276s)...
Presolve removed 0 rows and 0 columns (presolve time = 280s)...
Presolve removed 0 rows and 0 columns (presolve time = 288s)...
Presolve removed 0 rows and 0 columns (presolve time = 291s)...
Presolve removed 0 rows and 0 columns (presolve time = 306s)...
Presolve removed 0 rows and 0 columns (presolve time = 310s)...
Presolve removed 0 rows and 0 columns (presolve time = 315s)...
Presolve removed 0 rows and 0 columns (presolve time = 320s)...
Presolve removed 0 rows and 0 columns (presolve time = 325s)...
Presolve removed 0 rows and 0 columns (presolve time = 330s)...
Presolve removed 0 rows and 0 columns (presolve time = 335s)...
Presolve removed 0 rows and 0 columns (presolve time = 340s)...
Presolve removed 0 rows and 0 columns (presolve time = 345s)...
Presolve removed 0 rows and 0 columns (presolve time = 350s)...
Presolve removed 0 rows and 0 columns (presolve time = 355s)...
Presolve removed 0 rows and 0 columns (presolve time = 360s)...
Presolve removed 0 rows and 0 columns (presolve time = 365s)...
Presolve removed 0 rows and 0 columns (presolve time = 370s)...
Presolve removed 0 rows and 0 columns (presolve time = 395s)...
Presolve removed 0 rows and 0 columns (presolve time = 401s)...
Presolve removed 0 rows and 0 columns (presolve time = 450s)...
Presolve removed 0 rows and 0 columns (presolve time = 450s)...
Presolve removed 0 rows and 0 columns (presolve time = 455s)...
Presolve removed 0 rows and 0 columns (presolve time = 460s)...
Presolve removed 0 rows and 0 columns (presolve time = 465s)...
Presolve removed 0 rows and 0 columns (presolve time = 470s)...
Presolve removed 0 rows and 0 columns (presolve time = 475s)...
Presolve removed 0 rows and 0 columns (presolve time = 480s)...
Presolve removed 0 rows and 0 columns (presolve time = 485s)...
Presolve removed 0 rows and 0 columns (presolve time = 490s)...
Presolve removed 0 rows and 0 columns (presolve time = 495s)...
Presolve removed 0 rows and 0 columns (presolve time = 500s)...
Presolve removed 0 rows and 0 columns (presolve time = 505s)...
Presolve removed 0 rows and 0 columns (presolve time = 510s)...
Presolve removed 0 rows and 0 columns (presolve time = 515s)...
Presolve removed 0 rows and 0 columns (presolve time = 520s)...
Presolve removed 0 rows and 0 columns (presolve time = 525s)...
Presolve removed 0 rows and 0 columns (presolve time = 530s)...
Presolve removed 0 rows and 0 columns (presolve time = 535s)...
Presolve removed 0 rows and 0 columns (presolve time = 540s)...
Presolve removed 0 rows and 0 columns (presolve time = 545s)...
Presolve removed 0 rows and 0 columns (presolve time = 550s)...
Presolve removed 0 rows and 0 columns (presolve time = 555s)...
Presolve removed 0 rows and 0 columns (presolve time = 560s)...
Presolve removed 0 rows and 0 columns (presolve time = 565s)...
Presolve removed 0 rows and 0 columns (presolve time = 570s)...
Presolve removed 0 rows and 0 columns (presolve time = 575s)...
Presolve removed 0 rows and 0 columns (presolve time = 580s)...
Presolve removed 0 rows and 0 columns (presolve time = 585s)...
Presolve removed 0 rows and 0 columns (presolve time = 590s)...
Presolve removed 0 rows and 0 columns (presolve time = 595s)...
Presolve removed 0 rows and 0 columns (presolve time = 600s)...
Presolve removed 0 rows and 0 columns (presolve time = 605s)...
Presolve removed 0 rows and 0 columns (presolve time = 610s)...
Presolve removed 0 rows and 0 columns (presolve time = 615s)...
Presolve removed 0 rows and 0 columns (presolve time = 620s)...
Presolve removed 0 rows and 0 columns (presolve time = 625s)...
Presolve removed 0 rows and 0 columns (presolve time = 630s)...
Presolve removed 0 rows and 0 columns (presolve time = 635s)...
Presolve removed 0 rows and 0 columns (presolve time = 640s)...
Presolve removed 0 rows and 0 columns (presolve time = 645s)...
Presolve removed 0 rows and 0 columns (presolve time = 650s)...
Presolve removed 0 rows and 0 columns (presolve time = 655s)...
Presolve removed 0 rows and 0 columns (presolve time = 660s)...
Presolve removed 0 rows and 0 columns (presolve time = 665s)...
Presolve removed 0 rows and 0 columns (presolve time = 670s)...
Presolve removed 0 rows and 0 columns (presolve time = 675s)...
Presolve removed 0 rows and 0 columns (presolve time = 680s)...
Presolve removed 0 rows and 0 columns (presolve time = 685s)...
Presolve removed 0 rows and 0 columns (presolve time = 690s)...
Presolve removed 0 rows and 0 columns (presolve time = 695s)...
Presolve removed 0 rows and 0 columns (presolve time = 700s)...
Presolve removed 0 rows and 0 columns (presolve time = 705s)...
Presolve removed 0 rows and 0 columns (presolve time = 710s)...
Presolve removed 0 rows and 0 columns (presolve time = 715s)...
Presolve removed 0 rows and 0 columns (presolve time = 720s)...
Presolve removed 0 rows and 0 columns (presolve time = 725s)...
Presolve removed 0 rows and 0 columns (presolve time = 730s)...
Presolve removed 0 rows and 0 columns (presolve time = 735s)...
Presolve removed 0 rows and 0 columns (presolve time = 740s)...
Presolve removed 0 rows and 0 columns (presolve time = 745s)...
Presolve removed 0 rows and 0 columns (presolve time = 750s)...
Presolve removed 0 rows and 0 columns (presolve time = 755s)...
Presolve removed 0 rows and 0 columns (presolve time = 760s)...
Presolve removed 0 rows and 0 columns (presolve time = 765s)...
Presolve removed 0 rows and 0 columns (presolve time = 770s)...
Presolve removed 0 rows and 0 columns (presolve time = 775s)...
Presolve removed 0 rows and 0 columns (presolve time = 780s)...
Presolve removed 0 rows and 0 columns (presolve time = 785s)...
Presolve removed 0 rows and 0 columns (presolve time = 790s)...
Presolve removed 0 rows and 0 columns (presolve time = 795s)...
Presolve removed 0 rows and 0 columns (presolve time = 800s)...
Presolve removed 0 rows and 0 columns (presolve time = 805s)...
Presolve removed 0 rows and 0 columns (presolve time = 810s)...
Presolve removed 0 rows and 0 columns (presolve time = 815s)...
Presolve removed 0 rows and 0 columns (presolve time = 820s)...
Presolve removed 0 rows and 0 columns (presolve time = 825s)...
Presolve removed 0 rows and 0 columns (presolve time = 830s)...
Presolve removed 0 rows and 0 columns (presolve time = 835s)...
Presolve removed 0 rows and 0 columns (presolve time = 840s)...
Presolve removed 0 rows and 0 columns (presolve time = 845s)...
Presolve removed 0 rows and 0 columns (presolve time = 850s)...
Presolve removed 0 rows and 0 columns (presolve time = 855s)...
Presolve removed 0 rows and 0 columns (presolve time = 860s)...
Presolve removed 0 rows and 0 columns (presolve time = 865s)...
Presolve removed 0 rows and 0 columns (presolve time = 870s)...
Presolve removed 0 rows and 0 columns (presolve time = 875s)...
Presolve removed 0 rows and 0 columns (presolve time = 880s)...
Presolve removed 0 rows and 0 columns (presolve time = 885s)...
Presolve removed 0 rows and 0 columns (presolve time = 890s)...
Presolve removed 0 rows and 0 columns (presolve time = 895s)...
Presolve removed 0 rows and 0 columns (presolve time = 900s)...
Presolve removed 0 rows and 0 columns (presolve time = 905s)...
Presolve removed 0 rows and 0 columns (presolve time = 910s)...
Presolve removed 0 rows and 0 columns (presolve time = 915s)...
Presolve removed 0 rows and 0 columns (presolve time = 920s)...
Presolve removed 0 rows and 0 columns (presolve time = 925s)...
Presolve removed 0 rows and 0 columns (presolve time = 930s)...
Presolve removed 0 rows and 0 columns (presolve time = 935s)...
Presolve removed 0 rows and 0 columns (presolve time = 940s)...
Presolve removed 0 rows and 0 columns (presolve time = 945s)...
Presolve removed 0 rows and 0 columns (presolve time = 950s)...
Presolve removed 0 rows and 0 columns (presolve time = 955s)...
Presolve removed 0 rows and 0 columns (presolve time = 960s)...
Presolve removed 0 rows and 0 columns (presolve time = 965s)...
Presolve removed 0 rows and 0 columns (presolve time = 970s)...
Presolve removed 0 rows and 0 columns (presolve time = 975s)...
Presolve removed 0 rows and 0 columns (presolve time = 980s)...
Presolve removed 0 rows and 0 columns (presolve time = 985s)...
Presolve removed 0 rows and 0 columns (presolve time = 990s)...
Presolve removed 0 rows and 0 columns (presolve time = 995s)...
Presolve removed 0 rows and 0 columns (presolve time = 1000s)...
Presolve removed 0 rows and 0 columns (presolve time = 1005s)...
Presolve removed 0 rows and 0 columns (presolve time = 1010s)...
Presolve removed 0 rows and 0 columns (presolve time = 1015s)...
Presolve removed 0 rows and 0 columns (presolve time = 1020s)...
Presolve removed 0 rows and 0 columns (presolve time = 1025s)...
Presolve removed 0 rows and 0 columns (presolve time = 1030s)...
Presolve removed 0 rows and 0 columns (presolve time = 1035s)...
Presolve removed 0 rows and 0 columns (presolve time = 1040s)...
Presolve removed 0 rows and 0 columns (presolve time = 1045s)...
Presolve removed 0 rows and 0 columns (presolve time = 1050s)...
Presolve removed 0 rows and 0 columns (presolve time = 1055s)...
Presolve removed 0 rows and 0 columns (presolve time = 1060s)...
Presolve removed 0 rows and 0 columns (presolve time = 1065s)...
Presolve removed 0 rows and 0 columns (presolve time = 1070s)...
Presolve removed 0 rows and 0 columns (presolve time = 1075s)...
Presolve removed 0 rows and 0 columns (presolve time = 1080s)...
Presolve removed 0 rows and 0 columns (presolve time = 1085s)...
Presolve removed 0 rows and 0 columns (presolve time = 1090s)...
Presolve removed 0 rows and 0 columns (presolve time = 1095s)...
Presolve removed 0 rows and 0 columns (presolve time = 1100s)...
Presolve removed 0 rows and 0 columns (presolve time = 1105s)...
Presolve removed 0 rows and 0 columns (presolve time = 1110s)...
Presolve removed 0 rows and 0 columns (presolve time = 1115s)...
Presolve removed 0 rows and 0 columns (presolve time = 1120s)...
Presolve removed 0 rows and 0 columns (presolve time = 1125s)...
Presolve removed 0 rows and 0 columns (presolve time = 1130s)...
Presolve removed 0 rows and 0 columns (presolve time = 1135s)...
Presolve removed 0 rows and 0 columns (presolve time = 1140s)...
Presolve removed 0 rows and 0 columns (presolve time = 1145s)...
Presolve removed 0 rows and 0 columns (presolve time = 1150s)...
Presolve removed 0 rows and 0 columns (presolve time = 1155s)...
Presolve removed 0 rows and 0 columns (presolve time = 1160s)...
Presolve removed 0 rows and 0 columns (presolve time = 1165s)...
Presolve removed 0 rows and 0 columns (presolve time = 1170s)...
Presolve removed 0 rows and 0 columns (presolve time = 1175s)...
Presolve removed 0 rows and 0 columns (presolve time = 1180s)...
Presolve removed 0 rows and 0 columns (presolve time = 1185s)...
Presolve removed 0 rows and 0 columns (presolve time = 1190s)...
Presolve removed 0 rows and 0 columns (presolve time = 1195s)...
Presolve removed 0 rows and 0 columns (presolve time = 1200s)...
Presolve removed 0 rows and 0 columns (presolve time = 1205s)...
Presolve removed 0 rows and 0 columns (presolve time = 1210s)...
Presolve removed 0 rows and 0 columns (presolve time = 1215s)...
Presolve removed 0 rows and 0 columns (presolve time = 1220s)...
Presolve removed 0 rows and 0 columns (presolve time = 1225s)...
Presolve removed 0 rows and 0 columns (presolve time = 1230s)...
Presolve removed 0 rows and 0 columns (presolve time = 1235s)...
Presolve removed 0 rows and 0 columns (presolve time = 1240s)...
Presolve removed 0 rows and 0 columns (presolve time = 1245s)...
Presolve removed 0 rows and 0 columns (presolve time = 1250s)...
Presolve removed 0 rows and 0 columns (presolve time = 1255s)...
Presolve removed 0 rows and 0 columns (presolve time = 1260s)...
Presolve removed 0 rows and 0 columns (presolve time = 1265s)...
Presolve removed 0 rows and 0 columns (presolve time = 1270s)...
Presolve removed 0 rows and 0 columns (presolve time = 1275s)...
Presolve removed 0 rows and 0 columns (presolve time = 1280s)...
Presolve removed 0 rows and 0 columns (presolve time = 1285s)...
Presolve removed 0 rows and 0 columns (presolve time = 1290s)...
Presolve removed 0 rows and 0 columns (presolve time = 1295s)...
Presolve removed 0 rows and 0 columns (presolve time = 1300s)...
Presolve removed 0 rows and 0 columns (presolve time = 1305s)...
Presolve removed 0 rows and 0 columns (presolve time = 1310s)...
Presolve removed 0 rows and 0 columns (presolve time = 1315s)...
Presolve removed 0 rows and 0 columns (presolve time = 1320s)...
Presolve removed 0 rows and 0 columns (presolve time = 1325s)...
Presolve removed 0 rows and 0 columns (presolve time = 1330s)...
Presolve removed 0 rows and 0 columns (presolve time = 1335s)...
Presolve removed 0 rows and 0 columns (presolve time = 1340s)...
Presolve removed 0 rows and 0 columns (presolve time = 1345s)...
Presolve removed 0 rows and 0 columns (presolve time = 1350s)...
Presolve removed 0 rows and 0 columns (presolve time = 1355s)...
Presolve removed 0 rows and 0 columns (presolve time = 1360s)...
Presolve removed 0 rows and 0 columns (presolve time = 1365s)...
Presolve removed 0 rows and 0 columns (presolve time = 1370s)...
Presolve removed 0 rows and 0 columns (presolve time = 1375s)...
Presolve removed 0 rows and 0 columns (presolve time = 1380s)...
Presolve removed 0 rows and 0 columns (presolve time = 1385s)...
Presolve removed 0 rows and 0 columns (presolve time = 1390s)...
Presolve removed 0 rows and 0 columns (presolve time = 1395s)...
Presolve removed 0 rows and 0 columns (presolve time = 1400s)...
Presolve removed 0 rows and 0 columns (presolve time = 1405s)...
Presolve removed 0 rows and 0 columns (presolve time = 1410s)...
Presolve removed 0 rows and 0 columns (presolve time = 1415s)...
Presolve removed 0 rows and 0 columns (presolve time = 1420s)...
Presolve removed 0 rows and 0 columns (presolve time = 1425s)...
Presolve removed 0 rows and 0 columns (presolve time = 1430s)...
Presolve removed 0 rows and 0 columns (presolve time = 1435s)...
Presolve removed 0 rows and 0 columns (presolve time = 1440s)...
Presolve removed 0 rows and 0 columns (presolve time = 1445s)...
Presolve removed 0 rows and 0 columns (presolve time = 1450s)...
Presolve removed 0 rows and 0 columns (presolve time = 1455s)...
Presolve removed 0 rows and 0 columns (presolve time = 1460s)...
Presolve removed 0 rows and 0 columns (presolve time = 1465s)...
Presolve removed 0 rows and 0 columns (presolve time = 1470s)...
Presolve removed 0 rows and 0 columns (presolve time = 1475s)...
Presolve removed 0 rows and 0 columns (presolve time = 1480s)...
Presolve removed 0 rows and 0 columns (presolve time = 1485s)...
Presolve removed 0 rows and 0 columns (presolve time = 1490s)...
Presolve removed 0 rows and 0 columns (presolve time = 1495s)...
Presolve removed 0 rows and 0 columns (presolve time = 1500s)...
Presolve removed 0 rows and 0 columns (presolve time = 1505s)...
Presolve removed 0 rows and 0 columns (presolve time = 1510s)...
Presolve removed 0 rows and 0 columns (presolve time = 1515s)...
Presolve removed 0 rows and 0 columns (presolve time = 1520s)...
Presolve removed 0 rows and 0 columns (presolve time = 1525s)...
Presolve removed 0 rows and 0 columns (presolve time = 1530s)...
Presolve removed 0 rows and 0 columns (presolve time = 1535s)...
Presolve removed 0 rows and 0 columns (presolve time = 1540s)...
Presolve removed 0 rows and 0 columns (presolve time = 1545s)...
Presolve removed 0 rows and 0 columns (presolve time = 1550s)...
Presolve removed 0 rows and 0 columns (presolve time = 1555s)...
Presolve removed 0 rows and 0 columns (presolve time = 1560s)...
Presolve removed 0 rows and 0 columns (presolve time = 1565s)...
Presolve removed 0 rows and 0 columns (presolve time = 1570s)...
Presolve removed 0 rows and 0 columns (presolve time = 1575s)...
Presolve removed 0 rows and 0 columns (presolve time = 1580s)...
Presolve removed 0 rows and 0 columns (presolve time = 1585s)...
Presolve removed 0 rows and 0 columns (presolve time = 1590s)...
Presolve removed 0 rows and 0 columns (presolve time = 1595s)...
Presolve removed 0 rows and 0 columns (presolve time = 1600s)...
Presolve removed 0 rows and 0 columns (presolve time = 1605s)...
Presolve removed 0 rows and 0 columns (presolve time = 1610s)...
Presolve removed 0 rows and 0 columns (presolve time = 1615s)...
Presolve removed 0 rows and 0 columns (presolve time = 1620s)...
Presolve removed 0 rows and 0 columns (presolve time = 1625s)...
Presolve removed 0 rows and 0 columns (presolve time = 1630s)...
Presolve removed 0 rows and 0 columns (presolve time = 1635s)...
Presolve removed 0 rows and 0 columns (presolve time = 1640s)...
Presolve removed 0 rows and 0 columns (presolve time = 1645s)...
Presolve removed 0 rows and 0 columns (presolve time = 1650s)...
Presolve removed 0 rows and 0 columns (presolve time = 1655s)...
Presolve removed 0 rows and 0 columns (presolve time = 1660s)...
Presolve removed 0 rows and 0 columns (presolve time = 1665s)...
Presolve removed 0 rows and 0 columns (presolve time = 1670s)...
Presolve removed 0 rows and 0 columns (presolve time = 1675s)...
Presolve removed 0 rows and 0 columns (presolve time = 1680s)...
Presolve removed 0 rows and 0 columns (presolve time = 1685s)...
Presolve removed 0 rows and 0 columns (presolve time = 1690s)...
Presolve removed 0 rows and 0 columns (presolve time = 1695s)...
Presolve removed 0 rows and 0 columns (presolve time = 1700s)...
Presolve removed 0 rows and 0 columns (presolve time = 1705s)...
Presolve removed 0 rows and 0 columns (presolve time = 1710s)...
Presolve removed 0 rows and 0 columns (presolve time = 1715s)...
Presolve removed 0 rows and 0 columns (presolve time = 1720s)...
Presolve removed 0 rows and 0 columns (presolve time = 1725s)...
Presolve removed 0 rows and 0 columns (presolve time = 1730s)...
Presolve removed 0 rows and 0 columns (presolve time = 1735s)...
Presolve removed 0 rows and 0 columns (presolve time = 1740s)...
Presolve removed 0 rows and 0 columns (presolve time = 1745s)...
Presolve removed 0 rows and 0 columns (presolve time = 1750s)...
Presolve removed 0 rows and 0 columns (presolve time = 1755s)...
Presolve removed 0 rows and 0 columns (presolve time = 1760s)...
Presolve removed 0 rows and 0 columns (presolve time = 1765s)...
Presolve removed 0 rows and 0 columns (presolve time = 1770s)...
Presolve removed 0 rows and 0 columns (presolve time = 1775s)...
Presolve removed 0 rows and 0 columns (presolve time = 1780s)...
Presolve removed 0 rows and 0 columns (presolve time = 1785s)...
Presolve removed 0 rows and 0 columns (presolve time = 1790s)...
Presolve removed 0 rows and 0 columns (presolve time = 1795s)...
Presolve removed 0 rows and 0 columns (presolve time = 1800s)...
Presolve removed 0 rows and 0 columns (presolve time = 1805s)...
Presolve removed 0 rows and 0 columns (presolve time = 1810s)...
Presolve removed 0 rows and 0 columns (presolve time = 1815s)...
Presolve removed 0 rows and 0 columns (presolve time = 1820s)...
Presolve removed 0 rows and 0 columns (presolve time = 1825s)...
Presolve removed 0 rows and 0 columns (presolve time = 1830s)...
Presolve removed 0 rows and 0 columns (presolve time = 1835s)...
Presolve removed 0 rows and 0 columns (presolve time = 1840s)...
Presolve removed 0 rows and 0 columns (presolve time = 1845s)...
Presolve removed 0 rows and 0 columns (presolve time = 1850s)...
Presolve removed 0 rows and 0 columns (presolve time = 1855s)...
Presolve removed 0 rows and 0 columns (presolve time = 1860s)...
Presolve removed 0 rows and 0 columns (presolve time = 1865s)...
Presolve removed 0 rows and 0 columns (presolve time = 1870s)...
Presolve removed 0 rows and 0 columns (presolve time = 1875s)...
Presolve removed 0 rows and 0 columns (presolve time = 1880s)...
Presolve removed 0 rows and 0 columns (presolve time = 1885s)...
Presolve removed 0 rows and 0 columns (presolve time = 1890s)...
Presolve removed 0 rows and 0 columns (presolve time = 1895s)...
Presolve removed 0 rows and 0 columns (presolve time = 1900s)...
Presolve removed 0 rows and 0 columns (presolve time = 1905s)...
Presolve removed 0 rows and 0 columns (presolve time = 1910s)...
Presolve removed 0 rows and 0 columns (presolve time = 1915s)...
Presolve removed 0 rows and 0 columns (presolve time = 1920s)...
Presolve removed 0 rows and 0 columns (presolve time = 1925s)...
Presolve removed 0 rows and 0 columns (presolve time = 1930s)...
Presolve removed 0 rows and 0 columns (presolve time = 1935s)...
Presolve removed 0 rows and 0 columns (presolve time = 1940s)...
Presolve removed 0 rows and 0 columns (presolve time = 1945s)...
Presolve removed 0 rows and 0 columns (presolve time = 1950s)...
Presolve removed 0 rows and 0 columns (presolve time = 1955s)...
Presolve removed 0 rows and 0 columns (presolve time = 1960s)...
Presolve removed 0 rows and 0 columns (presolve time = 1965s)...
Presolve removed 0 rows and 0 columns (presolve time = 1970s)...
Presolve removed 0 rows and 0 columns (presolve time = 1975s)...
Presolve removed 0 rows and 0 columns (presolve time = 1980s)...
Presolve removed 0 rows and 0 columns (presolve time = 1985s)...
Presolve removed 0 rows and 0 columns (presolve time = 1990s)...
Presolve removed 0 rows and 0 columns (presolve time = 1995s)...
Presolve removed 0 rows and 0 columns (presolve time = 2000s)...
Presolve removed 0 rows and 0 columns (presolve time = 2005s)...
Presolve removed 0 rows and 0 columns (presolve time = 2010s)...
Presolve removed 0 rows and 0 columns (presolve time = 2015s)...
Presolve removed 0 rows and 0 columns (presolve time = 2020s)...
Presolve removed 0 rows and 0 columns (presolve time = 2025s)...
Presolve removed 0 rows and 0 columns (presolve time = 2030s)...
Presolve removed 0 rows and 0 columns (presolve time = 2035s)...
Presolve removed 0 rows and 0 columns (presolve time = 2040s)...
Presolve removed 0 rows and 0 columns (presolve time = 2045s)...
Presolve removed 0 rows and 0 columns (presolve time = 2050s)...
Presolve removed 0 rows and 0 columns (presolve time = 2055s)...
Presolve removed 0 rows and 0 columns (presolve time = 2060s)...
Presolve removed 0 rows and 0 columns (presolve time = 2065s)...
Presolve removed 0 rows and 0 columns (presolve time = 2070s)...
Presolve removed 0 rows and 0 columns (presolve time = 2075s)...
Presolve removed 0 rows and 0 columns (presolve time = 2080s)...
Presolve removed 0 rows and 0 columns (presolve time = 2085s)...
Presolve removed 0 rows and 0 columns (presolve time = 2090s)...
Presolve removed 0 rows and 0 columns (presolve time = 2095s)...
Presolve removed 0 rows and 0 columns (presolve time = 2100s)...
Presolve removed 0 rows and 0 columns (presolve time = 2105s)...
Presolve removed 0 rows and 0 columns (presolve time = 2110s)...
Presolve removed 0 rows and 0 columns (presolve time = 2115s)...
Presolve removed 0 rows and 0 columns (presolve time = 2120s)...
Presolve removed 0 rows and 0 columns (presolve time = 2125s)...
Presolve removed 0 rows and 0 columns (presolve time = 2130s)...
Presolve removed 0 rows and 0 columns (presolve time = 2135s)...
Presolve removed 0 rows and 0 columns (presolve time = 2140s)...
Presolve removed 0 rows and 0 columns (presolve time = 2145s)...
Presolve removed 0 rows and 0 columns (presolve time = 2150s)...
Presolve removed 0 rows and 0 columns (presolve time = 2155s)...
Presolve removed 0 rows and 0 columns (presolve time = 2160s)...
Presolve removed 0 rows and 0 columns (presolve time = 2165s)...
Presolve removed 0 rows and 0 columns (presolve time = 2170s)...
Presolve removed 0 rows and 0 columns (presolve time = 2175s)...
Presolve removed 0 rows and 0 columns (presolve time = 2180s)...
Presolve removed 0 rows and 0 columns (presolve time = 2185s)...
Presolve removed 0 rows and 0 columns (presolve time = 2190s)...
Presolve removed 0 rows and 0 columns (presolve time = 2195s)...
Presolve removed 0 rows and 0 columns (presolve time = 2200s)...
Presolve removed 0 rows and 0 columns (presolve time = 2205s)...
Presolve removed 0 rows and 0 columns (presolve time = 2210s)...
Presolve removed 0 rows and 0 columns (presolve time = 2215s)...
Presolve removed 0 rows and 0 columns (presolve time = 2220s)...
Presolve removed 0 rows and 0 columns (presolve time = 2225s)...
Presolve removed 0 rows and 0 columns (presolve time = 2230s)...
Presolve removed 0 rows and 0 columns (presolve time = 2235s)...
Presolve removed 0 rows and 0 columns (presolve time = 2240s)...
Presolve removed 0 rows and 0 columns (presolve time = 2245s)...
Presolve removed 0 rows and 0 columns (presolve time = 2250s)...
Presolve removed 0 rows and 0 columns (presolve time = 2255s)...
Presolve removed 0 rows and 0 columns (presolve time = 2260s)...
Presolve removed 0 rows and 0 columns (presolve time = 2265s)...
Presolve removed 0 rows and 0 columns (presolve time = 2270s)...
Presolve removed 0 rows and 0 columns (presolve time = 2275s)...
Presolve removed 0 rows and 0 columns (presolve time = 2280s)...
Presolve removed 0 rows and 0 columns (presolve time = 2285s)...
Presolve removed 0 rows and 0 columns (presolve time = 2290s)...
Presolve removed 0 rows and 0 columns (presolve time = 2295s)...
Presolve removed 0 rows and 0 columns (presolve time = 2300s)...
Presolve removed 0 rows and 0 columns (presolve time = 2305s)...
Presolve removed 0 rows and 0 columns (presolve time = 2310s)...
Presolve removed 0 rows and 0 columns (presolve time = 2315s)...
Presolve removed 0 rows and 0 columns (presolve time = 2320s)...
Presolve removed 0 rows and 0 columns (presolve time = 2325s)...
Presolve removed 0 rows and 0 columns (presolve time = 2330s)...
Presolve removed 0 rows and 0 columns (presolve time = 2335s)...
Presolve removed 0 rows and 0 columns (presolve time = 2340s)...
Presolve removed 0 rows and 0 columns (presolve time = 2345s)...
Presolve removed 0 rows and 0 columns (presolve time = 2350s)...
Presolve removed 0 rows and 0 columns (presolve time = 2355s)...
Presolve removed 0 rows and 0 columns (presolve time = 2360s)...
Presolve removed 0 rows and 0 columns (presolve time = 2365s)...
Presolve removed 0 rows and 0 columns (presolve time = 2370s)...
Presolve removed 0 rows and 0 columns (presolve time = 2375s)...
Presolve removed 0 rows and 0 columns (presolve time = 2380s)...
Presolve removed 0 rows and 0 columns (presolve time = 2385s)...
Presolve removed 0 rows and 0 columns (presolve time = 2390s)...
Presolve removed 0 rows and 0 columns (presolve time = 2395s)...
Presolve removed 0 rows and 0 columns (presolve time = 2400s)...
Presolve removed 0 rows and 0 columns (presolve time = 2405s)...
Presolve removed 0 rows and 0 columns (presolve time = 2410s)...
Presolve removed 0 rows and 0 columns (presolve time = 2415s)...
Presolve removed 0 rows and 0 columns (presolve time = 2420s)...
Presolve removed 0 rows and 0 columns (presolve time = 2425s)...
Presolve removed 0 rows and 0 columns (presolve time = 2430s)...
Presolve removed 0 rows and 0 columns (presolve time = 2435s)...
Presolve removed 0 rows and 0 columns (presolve time = 2440s)...
Presolve removed 0 rows and 0 columns (presolve time = 2445s)...
Presolve removed 0 rows and 0 columns (presolve time = 2450s)...
Presolve removed 0 rows and 0 columns (presolve time = 2455s)...
Presolve removed 0 rows and 0 columns (presolve time = 2460s)...
Presolve removed 0 rows and 0 columns (presolve time = 2465s)...
Presolve removed 0 rows and 0 columns (presolve time = 2470s)...
Presolve removed 0 rows and 0 columns (presolve time = 2475s)...
Presolve removed 0 rows and 0 columns (presolve time = 2480s)...
Presolve removed 0 rows and 0 columns (presolve time = 2485s)...
Presolve removed 0 rows and 0 columns (presolve time = 2490s)...
Presolve removed 0 rows and 0 columns (presolve time = 2495s)...
Presolve removed 0 rows and 0 columns (presolve time = 2500s)...
Presolve removed 0 rows and 0 columns (presolve time = 2505s)...
Presolve removed 0 rows and 0 columns (presolve time = 2510s)...
Presolve removed 0 rows and 0 columns (presolve time = 2515s)...
Presolve removed 0 rows and 0 columns (presolve time = 2520s)...
Presolve removed 0 rows and 0 columns (presolve time = 2525s)...
Presolve removed 0 rows and 0 columns (presolve time = 2530s)...
Presolve removed 0 rows and 0 columns (presolve time = 2535s)...
Presolve removed 0 rows and 0 columns (presolve time = 2540s)...
Presolve removed 0 rows and 0 columns (presolve time = 2545s)...
Presolve removed 0 rows and 0 columns (presolve time = 2550s)...
Presolve removed 0 rows and 0 columns (presolve time = 2555s)...
Presolve removed 0 rows and 0 columns (presolve time = 2560s)...
Presolve removed 0 rows and 0 columns (presolve time = 2565s)...
Presolve removed 0 rows and 0 columns (presolve time = 2570s)...
Presolve removed 0 rows and 0 columns (presolve time = 2575s)...
Presolve removed 0 rows and 0 columns (presolve time = 2580s)...
Presolve removed 0 rows and 0 columns (presolve time = 2585s)...
Presolve removed 0 rows and 0 columns (presolve time = 2590s)...
Presolve removed 0 rows and 0 columns (presolve time = 2595s)...
Presolve removed 0 rows and 0 columns (presolve time = 2600s)...
Presolve removed 0 rows and 0 columns (presolve time = 2605s)...
Presolve removed 0 rows and 0 columns (presolve time = 2610s)...
Presolve removed 0 rows and 0 columns (presolve time = 2615s)...
Presolve removed 0 rows and 0 columns (presolve time = 2620s)...
Presolve removed 0 rows and 0 columns (presolve time = 2625s)...
Presolve removed 0 rows and 0 columns (presolve time = 2630s)...
Presolve removed 0 rows and 0 columns (presolve time = 2635s)...
Presolve removed 0 rows and 0 columns (presolve time = 2640s)...
Presolve removed 0 rows and 0 columns (presolve time = 2645s)...
Presolve removed 0 rows and 0 columns (presolve time = 2651s)...
Presolve removed 0 rows and 0 columns (presolve time = 2673s)...
Presolve time: 2673.39s
Presolved: 392028 rows, 43080 columns, 185213844 nonzeros
Variable types: 0 continuous, 43080 integer (43080 binary)

Root simplex log...

Iteration    Objective       Primal Inf.    Dual Inf.      Time
       0   -0.0000000e+00   0.000000e+00   8.872500e+02   2768s
      69    1.3618691e+03   0.000000e+00   0.000000e+00   2768s
      69    1.3618691e+03   0.000000e+00   0.000000e+00   2768s

Use crossover to convert LP symmetric solution to basic solution...

Root crossover log...

  371924 variables added to crossover basis                     2784s
  372644 variables added to crossover basis                     2785s
  373094 variables added to crossover basis                     2790s
  373394 variables added to crossover basis                     2795s
  373634 variables added to crossover basis                     2800s
  373844 variables added to crossover basis                     2805s
  374024 variables added to crossover basis                     2810s
  374204 variables added to crossover basis                     2816s
  374324 variables added to crossover basis                     2820s
  374474 variables added to crossover basis                     2825s
  374624 variables added to crossover basis                     2831s
  374744 variables added to crossover basis                     2835s
  374864 variables added to crossover basis                     2840s
  374984 variables added to crossover basis                     2845s
  375104 variables added to crossover basis                     2851s
  375224 variables added to crossover basis                     2856s
  375314 variables added to crossover basis                     2861s
  375434 variables added to crossover basis                     2866s
  375524 variables added to crossover basis                     2871s
  375614 variables added to crossover basis                     2876s
  375704 variables added to crossover basis                     2881s
  375794 variables added to crossover basis                     2886s
  375884 variables added to crossover basis                     2891s
  375974 variables added to crossover basis                     2896s
  376064 variables added to crossover basis                     2901s
  376154 variables added to crossover basis                     2906s
  376214 variables added to crossover basis                     2910s
  376304 variables added to crossover basis                     2916s
  376394 variables added to crossover basis                     2921s
  376454 variables added to crossover basis                     2925s
  376544 variables added to crossover basis                     2931s
  376604 variables added to crossover basis                     2935s
  376694 variables added to crossover basis                     2941s
  376754 variables added to crossover basis                     2945s
  376844 variables added to crossover basis                     2951s
  376904 variables added to crossover basis                     2956s
  376994 variables added to crossover basis                     2962s
  377054 variables added to crossover basis                     2966s
  377114 variables added to crossover basis                     2971s
  377174 variables added to crossover basis                     2975s
  377264 variables added to crossover basis                     2982s
  377324 variables added to crossover basis                     2987s
  377384 variables added to crossover basis                     2991s
  377444 variables added to crossover basis                     2996s
  377504 variables added to crossover basis                     3000s
  377564 variables added to crossover basis                     3005s
  377654 variables added to crossover basis                     3012s
  377714 variables added to crossover basis                     3017s
  377774 variables added to crossover basis                     3022s
  377834 variables added to crossover basis                     3027s
  377894 variables added to crossover basis                     3032s
  377954 variables added to crossover basis                     3037s
  378014 variables added to crossover basis                     3042s
  378074 variables added to crossover basis                     3047s
  378134 variables added to crossover basis                     3052s
  378194 variables added to crossover basis                     3057s
  378254 variables added to crossover basis                     3062s
  378314 variables added to crossover basis                     3068s
  378344 variables added to crossover basis                     3070s
  378404 variables added to crossover basis                     3075s
  378464 variables added to crossover basis                     3081s
  378524 variables added to crossover basis                     3086s
  378584 variables added to crossover basis                     3092s
  378644 variables added to crossover basis                     3097s
  378704 variables added to crossover basis                     3103s
  378734 variables added to crossover basis                     3105s
  378794 variables added to crossover basis                     3111s
  378854 variables added to crossover basis                     3117s
  378914 variables added to crossover basis                     3122s
  378974 variables added to crossover basis                     3128s
  379004 variables added to crossover basis                     3131s
  379064 variables added to crossover basis                     3136s
  379124 variables added to crossover basis                     3142s
  379184 variables added to crossover basis                     3148s
  379214 variables added to crossover basis                     3151s
  379274 variables added to crossover basis                     3157s
  379334 variables added to crossover basis                     3163s
  379364 variables added to crossover basis                     3166s
  379424 variables added to crossover basis                     3172s
  379484 variables added to crossover basis                     3177s
  379514 variables added to crossover basis                     3180s
  379574 variables added to crossover basis                     3186s
  379634 variables added to crossover basis                     3192s
  379664 variables added to crossover basis                     3195s
  379724 variables added to crossover basis                     3201s
  379784 variables added to crossover basis                     3207s
  379844 variables added to crossover basis                     3213s
  379874 variables added to crossover basis                     3216s
  379934 variables added to crossover basis                     3222s
  379964 variables added to crossover basis                     3225s
  380024 variables added to crossover basis                     3232s
  380084 variables added to crossover basis                     3238s
  380114 variables added to crossover basis                     3241s
  380174 variables added to crossover basis                     3248s
  380204 variables added to crossover basis                     3251s
  380264 variables added to crossover basis                     3257s
  380294 variables added to crossover basis                     3260s
  380354 variables added to crossover basis                     3267s
  380414 variables added to crossover basis                     3273s
  380444 variables added to crossover basis                     3276s
  380504 variables added to crossover basis                     3283s
  380534 variables added to crossover basis                     3286s
  380594 variables added to crossover basis                     3293s
  380624 variables added to crossover basis                     3296s
  380684 variables added to crossover basis                     3303s
  380714 variables added to crossover basis                     3306s
  380774 variables added to crossover basis                     3313s
  380804 variables added to crossover basis                     3317s
  380834 variables added to crossover basis                     3320s
  380894 variables added to crossover basis                     3327s
  380924 variables added to crossover basis                     3330s
  380984 variables added to crossover basis                     3337s
  381014 variables added to crossover basis                     3341s
  381074 variables added to crossover basis                     3348s
  381104 variables added to crossover basis                     3351s
  381164 variables added to crossover basis                     3358s
  381194 variables added to crossover basis                     3362s
  381224 variables added to crossover basis                     3365s
  381284 variables added to crossover basis                     3372s
  381314 variables added to crossover basis                     3376s
  381374 variables added to crossover basis                     3383s
  381404 variables added to crossover basis                     3387s
  381434 variables added to crossover basis                     3390s
  381494 variables added to crossover basis                     3398s
  381524 variables added to crossover basis                     3401s
  381554 variables added to crossover basis                     3405s
  381614 variables added to crossover basis                     3412s
  381644 variables added to crossover basis                     3416s
  381704 variables added to crossover basis                     3423s
  381734 variables added to crossover basis                     3427s
  381764 variables added to crossover basis                     3431s
  381824 variables added to crossover basis                     3438s
  381854 variables added to crossover basis                     3442s
  381884 variables added to crossover basis                     3445s
  381944 variables added to crossover basis                     3453s
  381974 variables added to crossover basis                     3457s
  382004 variables added to crossover basis                     3460s
  382064 variables added to crossover basis                     3468s
  382094 variables added to crossover basis                     3472s
  382124 variables added to crossover basis                     3476s
  382184 variables added to crossover basis                     3483s
  382214 variables added to crossover basis                     3487s
  382244 variables added to crossover basis                     3491s
  382304 variables added to crossover basis                     3499s
  382334 variables added to crossover basis                     3502s
  382364 variables added to crossover basis                     3506s
  382394 variables added to crossover basis                     3510s
  382454 variables added to crossover basis                     3518s
  382484 variables added to crossover basis                     3522s
  382514 variables added to crossover basis                     3525s
  382574 variables added to crossover basis                     3533s
  382604 variables added to crossover basis                     3537s
  382634 variables added to crossover basis                     3541s
  382694 variables added to crossover basis                     3549s
  382724 variables added to crossover basis                     3553s
  382754 variables added to crossover basis                     3557s
  382784 variables added to crossover basis                     3561s
  382844 variables added to crossover basis                     3569s
  382874 variables added to crossover basis                     3573s
  382904 variables added to crossover basis                     3577s
  382934 variables added to crossover basis                     3581s
  382994 variables added to crossover basis                     3589s
  383024 variables added to crossover basis                     3593s
  383054 variables added to crossover basis                     3597s
  383084 variables added to crossover basis                     3601s
  383114 variables added to crossover basis                     3605s
  383174 variables added to crossover basis                     3613s
  383204 variables added to crossover basis                     3617s
  383234 variables added to crossover basis                     3621s
  383264 variables added to crossover basis                     3625s
  383324 variables added to crossover basis                     3633s
  383354 variables added to crossover basis                     3637s
  383384 variables added to crossover basis                     3642s
  383414 variables added to crossover basis                     3646s
  383474 variables added to crossover basis                     3652s
  383504 variables added to crossover basis                     3656s
  383564 variables added to crossover basis                     3663s
  383594 variables added to crossover basis                     3667s
  383624 variables added to crossover basis                     3671s
  383684 variables added to crossover basis                     3678s
  383714 variables added to crossover basis                     3682s
  383744 variables added to crossover basis                     3685s
  383804 variables added to crossover basis                     3692s
  383834 variables added to crossover basis                     3695s
  383894 variables added to crossover basis                     3702s
  383924 variables added to crossover basis                     3706s
  383984 variables added to crossover basis                     3712s
  384014 variables added to crossover basis                     3716s
  384074 variables added to crossover basis                     3723s
  384104 variables added to crossover basis                     3727s
  384134 variables added to crossover basis                     3730s
  384194 variables added to crossover basis                     3737s
  384224 variables added to crossover basis                     3741s
  384284 variables added to crossover basis                     3749s
  384314 variables added to crossover basis                     3753s
  384344 variables added to crossover basis                     3756s
  384374 variables added to crossover basis                     3760s
  384434 variables added to crossover basis                     3768s
  384464 variables added to crossover basis                     3771s
  384524 variables added to crossover basis                     3779s
  384554 variables added to crossover basis                     3782s
  384584 variables added to crossover basis                     3786s
  384644 variables added to crossover basis                     3793s
  384674 variables added to crossover basis                     3796s
  384734 variables added to crossover basis                     3804s
  384764 variables added to crossover basis                     3807s
  384794 variables added to crossover basis                     3811s
  384854 variables added to crossover basis                     3819s
  384884 variables added to crossover basis                     3823s
  384914 variables added to crossover basis                     3827s
  384944 variables added to crossover basis                     3832s
  384974 variables added to crossover basis                     3836s
  385004 variables added to crossover basis                     3841s
  385034 variables added to crossover basis                     3845s
  385094 variables added to crossover basis                     3854s
  385124 variables added to crossover basis                     3859s
  385154 variables added to crossover basis                     3863s
  385184 variables added to crossover basis                     3868s
  385214 variables added to crossover basis                     3872s
  385244 variables added to crossover basis                     3877s
  385274 variables added to crossover basis                     3881s
  385304 variables added to crossover basis                     3885s
  385364 variables added to crossover basis                     3894s
  385394 variables added to crossover basis                     3899s
  385424 variables added to crossover basis                     3903s
  385454 variables added to crossover basis                     3908s
  385484 variables added to crossover basis                     3912s
  385514 variables added to crossover basis                     3917s
  385544 variables added to crossover basis                     3921s
  385574 variables added to crossover basis                     3926s
  385604 variables added to crossover basis                     3931s
  385634 variables added to crossover basis                     3935s
  385694 variables added to crossover basis                     3944s
  385724 variables added to crossover basis                     3949s
  385754 variables added to crossover basis                     3953s
  385784 variables added to crossover basis                     3958s
  385814 variables added to crossover basis                     3963s
  385844 variables added to crossover basis                     3967s
  385874 variables added to crossover basis                     3972s
  385904 variables added to crossover basis                     3976s
  385934 variables added to crossover basis                     3981s
  385964 variables added to crossover basis                     3986s
  385994 variables added to crossover basis                     3990s
  386054 variables added to crossover basis                     3999s
  386084 variables added to crossover basis                     4004s
  386114 variables added to crossover basis                     4008s
  386144 variables added to crossover basis                     4013s
  386174 variables added to crossover basis                     4018s
  386204 variables added to crossover basis                     4022s
  386234 variables added to crossover basis                     4027s
  386264 variables added to crossover basis                     4032s
  386294 variables added to crossover basis                     4037s
  386324 variables added to crossover basis                     4041s
  386354 variables added to crossover basis                     4046s
  386384 variables added to crossover basis                     4051s
  386414 variables added to crossover basis                     4055s
  386444 variables added to crossover basis                     4060s
  386504 variables added to crossover basis                     4070s
  386534 variables added to crossover basis                     4074s
  386564 variables added to crossover basis                     4079s
  386594 variables added to crossover basis                     4084s
  386624 variables added to crossover basis                     4088s
  386654 variables added to crossover basis                     4093s
  386684 variables added to crossover basis                     4098s
  386714 variables added to crossover basis                     4102s
  386744 variables added to crossover basis                     4107s
  386774 variables added to crossover basis                     4112s
  386804 variables added to crossover basis                     4116s
  386834 variables added to crossover basis                     4121s
  386864 variables added to crossover basis                     4126s
  386894 variables added to crossover basis                     4131s
  386924 variables added to crossover basis                     4135s
  386954 variables added to crossover basis                     4140s
  387014 variables added to crossover basis                     4150s
  387044 variables added to crossover basis                     4154s
  387074 variables added to crossover basis                     4159s
  387104 variables added to crossover basis                     4164s
  387134 variables added to crossover basis                     4169s
  387164 variables added to crossover basis                     4174s
  387194 variables added to crossover basis                     4178s
  387224 variables added to crossover basis                     4183s
  387254 variables added to crossover basis                     4188s
  387284 variables added to crossover basis                     4193s
  387314 variables added to crossover basis                     4198s
  387344 variables added to crossover basis                     4202s
  387374 variables added to crossover basis                     4207s
  387404 variables added to crossover basis                     4212s
  387434 variables added to crossover basis                     4217s
  387464 variables added to crossover basis                     4222s
  387494 variables added to crossover basis                     4226s
  387524 variables added to crossover basis                     4231s
  387554 variables added to crossover basis                     4236s
  387584 variables added to crossover basis                     4241s
  387614 variables added to crossover basis                     4245s
  387644 variables added to crossover basis                     4250s
  387674 variables added to crossover basis                     4255s
  387704 variables added to crossover basis                     4260s
  387764 variables added to crossover basis                     4269s
  387794 variables added to crossover basis                     4273s
  387824 variables added to crossover basis                     4277s
  387854 variables added to crossover basis                     4281s
  387884 variables added to crossover basis                     4285s
  387944 variables added to crossover basis                     4293s
  387974 variables added to crossover basis                     4297s
  388004 variables added to crossover basis                     4301s
  388064 variables added to crossover basis                     4309s
  388094 variables added to crossover basis                     4312s
  388124 variables added to crossover basis                     4315s
  388184 variables added to crossover basis                     4322s
  388214 variables added to crossover basis                     4326s
  388274 variables added to crossover basis                     4333s
  388304 variables added to crossover basis                     4336s
  388364 variables added to crossover basis                     4343s
  388394 variables added to crossover basis                     4347s
  388424 variables added to crossover basis                     4351s
  388454 variables added to crossover basis                     4356s
  388514 variables added to crossover basis                     4364s
  388544 variables added to crossover basis                     4368s
  388574 variables added to crossover basis                     4372s
  388604 variables added to crossover basis                     4377s
  388634 variables added to crossover basis                     4381s
  388694 variables added to crossover basis                     4389s
  388724 variables added to crossover basis                     4393s
  388754 variables added to crossover basis                     4397s
  388784 variables added to crossover basis                     4401s
  388844 variables added to crossover basis                     4408s
  388874 variables added to crossover basis                     4411s
  388934 variables added to crossover basis                     4418s
  388964 variables added to crossover basis                     4422s
  388994 variables added to crossover basis                     4425s
  389054 variables added to crossover basis                     4433s
  389084 variables added to crossover basis                     4437s
  389114 variables added to crossover basis                     4441s
  389174 variables added to crossover basis                     4450s
  389204 variables added to crossover basis                     4455s
  389234 variables added to crossover basis                     4460s
  389264 variables added to crossover basis                     4465s
  389294 variables added to crossover basis                     4470s
  389324 variables added to crossover basis                     4475s
  389354 variables added to crossover basis                     4480s
  389384 variables added to crossover basis                     4485s
  389414 variables added to crossover basis                     4490s
  389444 variables added to crossover basis                     4495s
  389474 variables added to crossover basis                     4500s
  389504 variables added to crossover basis                     4505s
  389534 variables added to crossover basis                     4510s
  389564 variables added to crossover basis                     4515s
  389594 variables added to crossover basis                     4520s
  389624 variables added to crossover basis                     4525s
  389654 variables added to crossover basis                     4530s
  389684 variables added to crossover basis                     4535s
  389714 variables added to crossover basis                     4540s
  389744 variables added to crossover basis                     4545s
  389774 variables added to crossover basis                     4550s
  389804 variables added to crossover basis                     4555s
  389834 variables added to crossover basis                     4560s
  389864 variables added to crossover basis                     4565s
  389894 variables added to crossover basis                     4570s
  389924 variables added to crossover basis                     4575s
  389954 variables added to crossover basis                     4580s
  389984 variables added to crossover basis                     4585s
  390014 variables added to crossover basis                     4590s
  390044 variables added to crossover basis                     4595s
  390074 variables added to crossover basis                     4601s
  390104 variables added to crossover basis                     4606s
  390134 variables added to crossover basis                     4611s
  390164 variables added to crossover basis                     4616s
  390194 variables added to crossover basis                     4621s
  390224 variables added to crossover basis                     4626s
  390254 variables added to crossover basis                     4631s
  390284 variables added to crossover basis                     4636s
  390314 variables added to crossover basis                     4641s
  390344 variables added to crossover basis                     4646s
  390374 variables added to crossover basis                     4651s
  390404 variables added to crossover basis                     4656s
  390434 variables added to crossover basis                     4661s
  390464 variables added to crossover basis                     4666s
  390494 variables added to crossover basis                     4671s
  390524 variables added to crossover basis                     4676s
  390554 variables added to crossover basis                     4681s
  390584 variables added to crossover basis                     4687s
  390614 variables added to crossover basis                     4691s
  390644 variables added to crossover basis                     4695s
  390704 variables added to crossover basis                     4704s
  390734 variables added to crossover basis                     4709s
  390764 variables added to crossover basis                     4713s
  390794 variables added to crossover basis                     4718s
  390824 variables added to crossover basis                     4722s
  390854 variables added to crossover basis                     4726s
  390884 variables added to crossover basis                     4730s
  390944 variables added to crossover basis                     4738s
  390974 variables added to crossover basis                     4742s
  391004 variables added to crossover basis                     4745s
  391064 variables added to crossover basis                     4753s
  391094 variables added to crossover basis                     4756s
  391124 variables added to crossover basis                     4760s
  391184 variables added to crossover basis                     4768s
  391214 variables added to crossover basis                     4772s
  391244 variables added to crossover basis                     4776s
  391274 variables added to crossover basis                     4780s
  391334 variables added to crossover basis                     4789s
  391364 variables added to crossover basis                     4793s
  391394 variables added to crossover basis                     4798s
  391424 variables added to crossover basis                     4802s
  391454 variables added to crossover basis                     4807s
  391484 variables added to crossover basis                     4811s
  391514 variables added to crossover basis                     4815s
  391574 variables added to crossover basis                     4824s
  391604 variables added to crossover basis                     4828s
  391634 variables added to crossover basis                     4832s
  391664 variables added to crossover basis                     4835s
  391724 variables added to crossover basis                     4843s
  391754 variables added to crossover basis                     4846s
  391814 variables added to crossover basis                     4853s
  391844 variables added to crossover basis                     4857s
  391874 variables added to crossover basis                     4861s
  391904 variables added to crossover basis                     4865s
  391964 variables added to crossover basis                     4873s
  391994 variables added to crossover basis                     4877s
  392024 variables added to crossover basis                     4882s

       0 DPushes remaining with DInf 0.0000000e+00              5539s

       0 PPushes remaining with PInf 0.0000000e+00              5541s

  Push phase complete: Pinf 0.0000000e+00, Dinf 8.0982470e-09   5543s


Root simplex log...

Iteration    Objective       Primal Inf.    Dual Inf.      Time
      72    1.3618691e+03   0.000000e+00   0.000000e+00   5834s
Crossover time: 3063.94 seconds (8139.93 work units)

Root relaxation: objective 1.361869e+03, 72 iterations, 3142.77 seconds (8207.44 work units)

    Nodes    |    Current Node    |     Objective Bounds      |     Work
 Expl Unexpl |  Obj  Depth IntInf | Incumbent    BestBd   Gap | It/Node Time

     0     0 1361.86906    0 20104 2322.00000 1361.86906  41.3%     - 6626s
H    0     0                    2321.0000000 1361.86906  41.3%     - 6628s
H    0     0                    2175.0000000 1361.86906  37.4%     - 10476s
H    0     0                    2105.0000000 1361.86906  35.3%     - 10477s
H    0     0                    2104.0000000 1361.86906  35.3%     - 10478s
H    0     0                    2079.0000000 1361.86906  34.5%     - 10479s
H    0     0                    2078.0000000 1361.86906  34.5%     - 10480s
H    0     0                    2073.0000000 1361.86906  34.3%     - 10481s
H    0     0                    2072.0000000 1361.86906  34.3%     - 10527s
H    0     0                    2069.0000000 1361.86906  34.2%     - 10528s
H    0     0                    2064.0000000 1361.86906  34.0%     - 10550s
H    0     0                    2061.0000000 1361.86906  33.9%     - 10551s
H    0     0                    2058.0000000 1361.86906  33.8%     - 10620s
H    0     0                    2054.0000000 1361.86906  33.7%     - 10673s
H    0     0                    2053.0000000 1361.86906  33.7%     - 10674s
H    0     0                    2050.0000000 1361.86906  33.6%     - 10798s
H    0     0                    2048.0000000 1361.86906  33.5%     - 10806s
H    0     0                    2044.0000000 1361.86906  33.4%     - 10845s
H    0     0                    2042.0000000 1361.86906  33.3%     - 10897s
H    0     0                    2041.0000000 1361.86906  33.3%     - 10979s
H    0     0                    2040.0000000 1361.86906  33.2%     - 11110s
H    0     0                    2039.0000000 1361.86906  33.2%     - 11277s
H    0     0                    2038.0000000 1361.86906  33.2%     - 11278s
H    0     0                    2037.0000000 1361.86906  33.1%     - 11279s
H    0     0                    2036.0000000 1361.86906  33.1%     - 11456s
H    0     0                    2035.0000000 1361.86906  33.1%     - 12164s
H    0     0                    2034.0000000 1361.86906  33.0%     - 12251s
H    0     0                    2033.0000000 1361.86906  33.0%     - 12330s
H    0     0                    2032.0000000 1361.86906  33.0%     - 12672s
H    0     0                    2031.0000000 1361.86906  32.9%     - 13013s
H    0     0                    2015.0000000 1361.86906  32.4%     - 13396s
H    0     0                    2011.0000000 1361.86906  32.3%     - 13397s
H    0     0                    2000.0000000 1361.86906  31.9%     - 13418s
H    0     0                    1996.0000000 1361.86906  31.8%     - 13461s
H    0     0                    1995.0000000 1361.86906  31.7%     - 14014s
H    0     0                    1994.0000000 1361.86906  31.7%     - 14303s

Explored 1 nodes (72 simplex iterations) in 14401.85 seconds (23789.29 work units)
Thread count was 32 (of 32 available processors)

Solution count 10: 1994 1995 1996 ... 2034

Time limit reached
Best objective 1.994000000000e+03, best bound 1.362000000000e+03, gap 31.6951%

User-callback calls 559820, time in user-callback 1.83 sec
