
Gurobi 13.0.2 (linux64) logging started Fri Jul 10 22:05:47 2026

Set parameter LogFile to value "/tmp/sweep_20260709_012313_china_alt400km_s10_i1_v6_gurobi.log"
Set parameter Method to value 1
Set parameter NodefileStart to value 4
Set parameter RINS to value 50
Gurobi Optimizer version 13.0.2 build v13.0.2rc1 (linux64 - "Debian GNU/Linux 13 (trixie)")

CPU model: Intel(R) Xeon(R) Platinum 8375C CPU @ 2.90GHz, instruction set [SSE2|AVX|AVX2|AVX512]
Thread count: 16 physical cores, 32 logical processors, using up to 32 threads

Non-default parameters:
TimeLimit  14400
MIPGap  0.001
Method  1
LPWarmStart  1
Heuristics  0.2
MIPFocus  1
NodefileStart  4
RINS  50
Symmetry  2
Cuts  2
CoverCuts  2
LogToConsole  0

Academic license 2812613 - for non-commercial use only - registered to no___@gatech.edu
Optimize a model with 392028 rows, 21540 columns and 48667476 nonzeros (Min)
Model fingerprint: 0x5ce46757
Model has 21540 linear objective coefficients
Variable types: 0 continuous, 21540 integer (21540 binary)
Coefficient statistics:
  Matrix range     [1e+00, 1e+00]
  Objective range  [1e+00, 1e+00]
  Bounds range     [1e+00, 1e+00]
  RHS range        [1e+01, 1e+01]

Found heuristic solution: objective 4032.0000000
Presolve removed 0 rows and 0 columns (presolve time = 5s)...
Presolve removed 0 rows and 0 columns (presolve time = 10s)...
Presolve removed 0 rows and 0 columns (presolve time = 17s)...
Presolve removed 0 rows and 0 columns (presolve time = 22s)...
Presolve removed 0 rows and 0 columns (presolve time = 27s)...
Presolve removed 0 rows and 0 columns (presolve time = 36s)...
Presolve removed 0 rows and 0 columns (presolve time = 43s)...
Presolve removed 0 rows and 0 columns (presolve time = 47s)...
Presolve removed 0 rows and 0 columns (presolve time = 50s)...
Presolve removed 0 rows and 0 columns (presolve time = 57s)...
Presolve removed 0 rows and 0 columns (presolve time = 61s)...
Presolve removed 0 rows and 0 columns (presolve time = 65s)...
Presolve removed 0 rows and 0 columns (presolve time = 70s)...
Presolve removed 0 rows and 0 columns (presolve time = 75s)...
Presolve removed 0 rows and 0 columns (presolve time = 84s)...
Presolve removed 0 rows and 0 columns (presolve time = 86s)...
Presolve removed 0 rows and 0 columns (presolve time = 93s)...
Presolve removed 0 rows and 0 columns (presolve time = 99s)...
Presolve time: 98.78s
Presolved: 392028 rows, 21540 columns, 48667476 nonzeros
Variable types: 0 continuous, 21540 integer (21540 binary)

Root simplex log...

Iteration    Objective       Primal Inf.    Dual Inf.      Time
       0   -0.0000000e+00   0.000000e+00   2.850000e+03    122s
      48    2.6858519e+03   0.000000e+00   0.000000e+00    122s
      48    2.6858519e+03   0.000000e+00   0.000000e+00    122s

Use crossover to convert LP symmetric solution to basic solution...

Root crossover log...

  384848 variables added to crossover basis                      126s
  389738 variables added to crossover basis                      130s

       2 DPushes remaining with DInf 0.0000000e+00               135s
       0 DPushes remaining with DInf 0.0000000e+00               137s

       2 PPushes remaining with PInf 0.0000000e+00               137s
       0 PPushes remaining with PInf 0.0000000e+00               139s

  Push phase complete: Pinf 0.0000000e+00, Dinf 9.7822252e-10    139s


Root simplex log...

Iteration    Objective       Primal Inf.    Dual Inf.      Time
      55    2.6858519e+03   0.000000e+00   0.000000e+00    142s
Crossover time: 19.39 seconds (30.39 work units)

Root relaxation: objective 2.685852e+03, 55 iterations, 38.31 seconds (47.71 work units)

    Nodes    |    Current Node    |     Objective Bounds      |     Work
 Expl Unexpl |  Obj  Depth IntInf | Incumbent    BestBd   Gap | It/Node Time

     0     0 2685.85185    0 5744 4032.00000 2685.85185  33.4%     -  297s
H    0     0                    3169.0000000 2685.85185  15.2%     -  297s
H    0     0                    3147.0000000 2685.85185  14.7%     -  297s
H    0     0                    2886.0000000 2685.85185  6.94%     -  321s
H    0     0                    2878.0000000 2685.85185  6.68%     -  322s
H    0     0                    2877.0000000 2685.85185  6.64%     -  322s
H    0     0                    2875.0000000 2685.85185  6.58%     -  322s
H    0     0                    2874.0000000 2685.85185  6.55%     -  325s
H    0     0                    2873.0000000 2685.85185  6.51%     -  326s
H    0     0                    2872.0000000 2685.85185  6.48%     -  326s
     0     0 2685.85185    0 5744 2872.00000 2685.85185  6.48%     -  807s
     0     0 2685.85185    0 5744 2872.00000 2685.85185  6.48%     -  965s
     0     2 2685.85185    0 5744 2872.00000 2685.85185  6.48%     - 2310s
     1     3 2686.06121    1 5645 2872.00000 2685.85185  6.48%  1971 5428s
H    2     5                    2871.0000000 2685.85185  6.45%   986 14402s
     2     5 2686.25786    2 5569 2871.00000 2685.85185  6.45% 10350 14420s

Explored 4 nodes (40757 simplex iterations) in 14421.32 seconds (38704.00 work units)
Thread count was 32 (of 32 available processors)

Solution count 10: 2871 2872 2873 ... 3169

Time limit reached
Best objective 2.871000000000e+03, best bound 2.686000000000e+03, gap 6.4437%

User-callback calls 1292405, time in user-callback 1.73 sec
