
Gurobi 13.0.2 (linux64) logging started Mon Jul 20 03:01:16 2026

Set parameter LogFile to value "/tmp/sweep_20260716_013919_north-korea_alt550km_s50_i4_v6_gurobi.log"
Set parameter Method to value 1
Set parameter NodefileStart to value 4
Set parameter RINS to value 50
Gurobi Optimizer version 13.0.2 build v13.0.2rc1 (linux64 - "Debian GNU/Linux 13 (trixie)")

CPU model: Intel(R) Xeon(R) Platinum 8375C CPU @ 2.90GHz, instruction set [SSE2|AVX|AVX2|AVX512]
Thread count: 16 physical cores, 32 logical processors, using up to 32 threads

Non-default parameters:
TimeLimit  14400
MIPGap  0.001
Method  1
LPWarmStart  1
Heuristics  0.2
MIPFocus  1
NodefileStart  4
RINS  50
Symmetry  2
Cuts  2
CoverCuts  2
LogToConsole  0

Academic license 2812613 - for non-commercial use only - registered to no___@gatech.edu
Optimize a model with 1436 rows, 17950 columns and 182372 nonzeros (Min)
Model fingerprint: 0x72f226c1
Model has 17950 linear objective coefficients
Variable types: 0 continuous, 17950 integer (17950 binary)
Coefficient statistics:
  Matrix range     [1e+00, 1e+00]
  Objective range  [1e+00, 1e+00]
  Bounds range     [1e+00, 1e+00]
  RHS range        [1e+01, 1e+01]

Found heuristic solution: objective 2388.0000000
Presolve removed 0 rows and 7180 columns
Presolve time: 0.13s
Presolved: 1436 rows, 10770 columns, 120624 nonzeros
Variable types: 0 continuous, 10770 integer (8616 binary)

Root simplex log...

Iteration    Objective       Primal Inf.    Dual Inf.      Time
   12370    1.2785576e+03   1.692198e+03   0.000000e+00      5s
   19560    1.2821439e+03   1.624948e+01   0.000000e+00     10s
   19755    1.2821429e+03   0.000000e+00   0.000000e+00     10s

Root relaxation: objective 1.282143e+03, 19755 iterations, 10.01 seconds (20.02 work units)

    Nodes    |    Current Node    |     Objective Bounds      |     Work
 Expl Unexpl |  Obj  Depth IntInf | Incumbent    BestBd   Gap | It/Node Time

     0     0 1282.14286    0 1355 2388.00000 1282.14286  46.3%     -   16s
H    0     0                    2057.0000000 1282.14286  37.7%     -   16s
H    0     0                    1964.0000000 1282.14286  34.7%     -   16s
H    0     0                    1524.0000000 1282.14286  15.9%     -   16s
H    0     0                    1465.0000000 1282.14286  12.5%     -   16s
H    0     0                    1401.0000000 1282.14286  8.48%     -   16s
H    0     0                    1390.0000000 1282.14286  7.76%     -   16s
H    0     0                    1382.0000000 1282.14286  7.23%     -   16s
H    0     0                    1374.0000000 1282.14286  6.69%     -   16s
H    0     0                    1368.0000000 1282.14286  6.28%     -   16s
H    0     0                    1366.0000000 1282.14286  6.14%     -   16s
H    0     0                    1365.0000000 1282.14286  6.07%     -   16s
H    0     0                    1363.0000000 1282.14286  5.93%     -   16s
H    0     0                    1362.0000000 1282.14286  5.86%     -   16s
H    0     0                    1361.0000000 1282.14286  5.79%     -   16s
H    0     0                    1358.0000000 1282.14286  5.59%     -   17s
H    0     0                    1356.0000000 1282.14286  5.45%     -   17s
H    0     0                    1355.0000000 1282.14286  5.38%     -   18s
H    0     0                    1354.0000000 1282.14286  5.31%     -   18s
H    0     0                    1352.0000000 1282.14286  5.17%     -   18s
H    0     0                    1351.0000000 1282.14286  5.10%     -   18s
H    0     0                    1350.0000000 1282.14286  5.03%     -   18s
H    0     0                    1349.0000000 1282.14286  4.96%     -   18s
H    0     0                    1348.0000000 1282.14286  4.89%     -   21s
H    0     0                    1347.0000000 1282.14286  4.81%     -   21s
H    0     0                    1346.0000000 1282.14286  4.74%     -   21s
H    0     0                    1341.0000000 1282.14286  4.39%     -   28s
     0     0 1282.14286    0 1358 1341.00000 1282.14286  4.39%     -   28s
H    0     0                    1340.0000000 1282.14286  4.32%     -   28s
H    0     0                    1339.0000000 1282.14286  4.25%     -   28s
H    0     0                    1336.0000000 1282.14286  4.03%     -   28s
H    0     0                    1334.0000000 1282.14286  3.89%     -   28s
H    0     0                    1332.0000000 1282.14286  3.74%     -   28s
H    0     0                    1331.0000000 1282.14286  3.67%     -   28s
H    0     0                    1330.0000000 1282.14286  3.60%     -   28s
H    0     0                    1328.0000000 1282.14286  3.45%     -   28s
H    0     0                    1327.0000000 1282.14286  3.38%     -   28s
H    0     0                    1325.0000000 1282.14286  3.23%     -   28s
H    0     0                    1322.0000000 1282.14286  3.01%     -   29s
H    0     0                    1321.0000000 1282.14286  2.94%     -   29s
H    0     0                    1320.0000000 1282.14286  2.87%     -   29s
H    0     0                    1318.0000000 1282.14286  2.72%     -   29s
H    0     0                    1317.0000000 1282.14286  2.65%     -   29s
H    0     0                    1316.0000000 1282.14286  2.57%     -   29s
H    0     0                    1315.0000000 1282.14286  2.50%     -   33s
H    0     0                    1313.0000000 1282.14286  2.35%     -   34s
H    0     0                    1312.0000000 1282.14286  2.28%     -   37s
H    0     0                    1311.0000000 1282.14286  2.20%     -   49s
     0     0 1282.14286    0 1358 1311.00000 1282.14286  2.20%     -   51s
     0     0 1282.14286    0 1249 1311.00000 1282.14286  2.20%     -   59s
H    0     0                    1310.0000000 1282.14286  2.13%     -   80s
H    0     0                    1309.0000000 1282.14286  2.05%     -   80s
H    0     0                    1308.0000000 1282.14286  1.98%     -   83s
     0     2 1282.14286    0 1249 1308.00000 1282.14286  1.98%     -   93s
     1     4 1282.14286    1  718 1308.00000 1282.14286  1.98%  6754   96s
     3     7 1282.14286    2 1291 1308.00000 1282.14286  1.98%  3160  102s
     6    13 1282.14286    3 1309 1308.00000 1282.14286  1.98%  2021  111s
    12    26 1282.14286    4 1315 1308.00000 1282.14286  1.98%  2033  119s
H   14    26                    1307.0000000 1282.14286  1.90%  2378  119s
    19    26 1282.14286    4 1331 1307.00000 1282.14286  1.90%  3521  121s
    25    40 1282.14286    5 1326 1307.00000 1282.14286  1.90%  3459  130s
H   41    56                    1306.0000000 1282.14286  1.83%  2732  144s
H   46    56                    1295.0000000 1282.14286  0.99%  2522  144s
    57    72 1282.14286    7 1330 1295.00000 1282.14286  0.99%  2204  161s
H   59    72                    1294.0000000 1282.14286  0.92%  2143  161s
H   62    72                    1292.0000000 1282.14286  0.76%  2064  161s
    73   108 1282.14286    8 1319 1292.00000 1282.14286  0.76%  1882  177s
   109   124 1282.14286    9 1340 1292.00000 1282.14286  0.76%  1474  201s
H  114   124                    1291.0000000 1282.14286  0.69%  1439  201s
   125   291 1282.14286    9 1320 1291.00000 1282.14286  0.69%  1399  227s
   292   339 1282.14286   19 1294 1291.00000 1282.14286  0.69%  1066  265s
H  302   339                    1290.0000000 1282.14286  0.61%  1049  265s
   340   577 1282.14286   19 1296 1290.00000 1282.14286  0.61%   990  315s
   578   694 1282.14286   25 1339 1290.00000 1282.14286  0.61%   809  392s
   695  1025 1282.14286   26 1312 1290.00000 1282.14286  0.61%   716  491s
  1026  1720 1282.14286   30 1335 1290.00000 1282.14286  0.61%   600  600s
  1721  2762 1282.14286   46 1321 1290.00000 1282.14286  0.61%   591  752s
  2771  3515 1282.14286   64 1340 1290.00000 1282.14286  0.61%   578  908s
  3532  4161 1282.14286   81 1351 1290.00000 1282.14286  0.61%   590 1067s
  4204  5344 1282.63916  124 1340 1290.00000 1282.14286  0.61%   579 1219s
  5387  5885 1283.50628  167 1322 1290.00000 1282.14286  0.61%   556 1368s
H 5758  5587                    1289.0000000 1282.14286  0.53%   546 1368s
  5928  5874 1284.34212  208 1308 1289.00000 1282.14286  0.53%   543 1519s
  6239  6714 1284.65865  222 1284 1289.00000 1282.14286  0.53%   538 1672s
  7080  7615 1285.61999  263 1249 1289.00000 1282.14286  0.53%   530 1833s
  7981  8542 1286.63913  305 1242 1289.00000 1282.14286  0.53%   518 1994s
  8477  8542 1282.14286   15 1324 1289.00000 1282.14286  0.53%   505 1995s
  8956  9749 1287.54946  349 1236 1289.00000 1282.14286  0.53%   501 2144s
  8989  9749 1282.14286   12 1339 1289.00000 1282.14286  0.53%   501 2145s
 10187 10536 1282.14286   17 1344 1289.00000 1282.14286  0.53%   484 2294s
 10987 10537 1285.70126  272 1249 1289.00000 1282.14286  0.53%   477 2423s
 10989 10538 1286.01011  178 1355 1289.00000 1282.14286  0.53%   476 2446s
 10990 10539 1282.14286   58 1231 1289.00000 1282.14286  0.53%   476 2458s
 10991 10540 1286.18767  262 1231 1289.00000 1282.28571  0.52%   476 2571s
 10992 10542 1282.28571   14 1259 1289.00000 1282.28571  0.52%   481 2582s
 10993 10543 1282.28571   15 1280 1289.00000 1282.28571  0.52%   481 2585s
 11000 10553 1282.28571   17 1307 1289.00000 1282.28571  0.52%   481 2591s
 11008 10566 1282.28571   18 1333 1289.00000 1282.28571  0.52%   482 2597s
 11024 10634 1282.28571   19 1320 1289.00000 1282.28571  0.52%   490 2603s
 11097 10625 1282.28571   20 1317 1289.00000 1282.28571  0.52%   494 2614s
 11113 10636 1282.28571   20 1319 1289.00000 1282.28571  0.52%   495 2628s
 11129 10647 1282.28571   21 1330 1289.00000 1282.28571  0.52%   496 2656s
 11145 10682 1282.28571   21 1308 1289.00000 1282.28571  0.52%   497 2686s
 11186 10697 1282.28571   24 1343 1289.00000 1282.28571  0.52%   499 2733s
 11214 10765 1282.28571   25 1333 1289.00000 1282.28571  0.52%   501 2793s
 11292 10875 1282.28571   25 1326 1289.00000 1282.28571  0.52%   506 2905s
 11428 11264 1282.28571   30 1329 1289.00000 1282.28571  0.52%   513 3091s
 11862 12743 1282.28571   41 1336 1289.00000 1282.28571  0.52%   534 3422s
 13486 13324 1282.33631   86 1349 1289.00000 1282.28571  0.52%   587 3634s
 14672 14103 1282.73625  118 1331 1289.00000 1282.28571  0.52%   580 3813s
 15846 13745 1283.31705  158 1315 1289.00000 1282.28571  0.52%   567 3983s
 15880 14704 1283.32602  159 1297 1289.00000 1282.28571  0.52%   567 4155s
 16893 15206 1283.91790  194 1302 1289.00000 1282.28571  0.52%   555 4324s
 17733 15722 1284.61811  223 1289 1289.00000 1282.28571  0.52%   547 4489s
 18529 16525 1284.79099  232 1273 1289.00000 1282.28571  0.52%   541 4648s
 19597 16837 1285.44824  268 1271 1289.00000 1282.28571  0.52%   532 4802s
 20265 17825 1286.00672  295 1220 1289.00000 1282.28571  0.52%   527 4969s
 21580 18078 1287.07264  346 1190 1289.00000 1282.28571  0.52%   518 5156s
 22351 18182 1287.71827  374 1168 1289.00000 1282.28571  0.52%   514 5351s
 22712 19603 1287.71775  375 1168 1289.00000 1282.28571  0.52%   515 5582s
 24349 19487 1282.30268   70 1380 1289.00000 1282.28571  0.52%   510 5747s
 24895 20044 1282.98533  122 1362 1289.00000 1282.28571  0.52%   508 5916s
 25674 20754 1283.08850  128 1358 1289.00000 1282.28571  0.52%   504 6087s
 26848 21124 1284.51446  205 1308 1289.00000 1282.28571  0.52%   499 6244s
 27673 21722 1284.81062  221 1277 1289.00000 1282.28571  0.52%   496 6412s
 28683 22191 1286.28424  289 1230 1289.00000 1282.28571  0.52%   493 6564s
 29519 22568 1287.55471  357 1201 1289.00000 1282.28571  0.52%   491 6722s
 30202 23005     cutoff  380      1289.00000 1282.28571  0.52%   492 6874s
 31029 23214 1282.28571   71 1351 1289.00000 1282.28571  0.52%   492 7029s
 31538 23624 1282.40509   93 1346 1289.00000 1282.28571  0.52%   492 7190s
 32153 24257 1282.65416  111 1355 1289.00000 1282.28571  0.52%   490 7358s
 33031 24585 1283.33679  159 1348 1289.00000 1282.28571  0.52%   487 7533s
 33692 25251 1284.46594  229 1299 1289.00000 1282.28571  0.52%   485 7720s
 34623 25952 1285.48658  288 1270 1289.00000 1282.28571  0.52%   481 7923s
 35667 26784 1286.22490  334 1211 1289.00000 1282.28571  0.52%   477 8122s
 36925 27731 1286.85644  368 1212 1289.00000 1282.28571  0.52%   471 8325s
 38353 28289 1282.28571   44 1359 1289.00000 1282.28571  0.52%   469 8530s
 39623 29216 1282.28571   62 1378 1289.00000 1282.28571  0.52%   470 8731s
 41061 30557 1282.65228   95 1370 1289.00000 1282.28571  0.52%   468 8949s
 43007 31494 1283.06116  120 1359 1289.00000 1282.28571  0.52%   462 9199s
 44498 33336 1283.44363  149 1338 1289.00000 1282.28571  0.52%   457 9416s
 46550 34218 1283.70238  163 1344 1289.00000 1282.28571  0.52%   451 9606s
 47486 34733 1284.00749  176 1338 1289.00000 1282.28571  0.52%   450 9827s
 48030 36009 1284.17658  186 1319 1289.00000 1282.28571  0.52%   450 10056s
 49469 37786 1284.86519  218 1313 1289.00000 1282.28571  0.52%   451 10299s
 51322 38879 1285.57731  249 1272 1289.00000 1282.28571  0.52%   451 10551s
 52551 41327 1285.78513  257 1289 1289.00000 1282.28571  0.52%   448 10812s
 55246 42957 1286.44432  288 1260 1289.00000 1282.28571  0.52%   444 11043s
 57010 43150 1287.07553  313 1263 1289.00000 1282.28571  0.52%   442 11284s
 57221 43413 1287.07830  313 1254 1289.00000 1282.28571  0.52%   442 11514s
 57486 44963 1287.44764  329 1228 1289.00000 1282.28571  0.52%   444 11761s
 59082 45742 1287.99679  354 1232 1289.00000 1282.28571  0.52%   444 12013s
 59909 46251 1282.59917   81 1358 1289.00000 1282.28571  0.52%   444 12288s
 60486 47765 1282.66161   83 1367 1289.00000 1282.28571  0.52%   444 12553s
 62206 48933 1284.36763  198 1320 1289.00000 1282.28571  0.52%   445 12822s
 63495 50940 1286.22530  293 1237 1289.00000 1282.28571  0.52%   446 13122s
 65630 52435 1287.94208  381 1157 1289.00000 1282.28571  0.52%   445 13355s
 67167 53173 1282.28571   58 1332 1289.00000 1282.28571  0.52%   444 13591s
 68013 54973 1282.28571   61 1347 1289.00000 1282.28571  0.52%   444 13854s
 70003 56776 1282.28571   76 1338 1289.00000 1282.28571  0.52%   445 14092s
 72015 58518 1282.28571   93 1372 1289.00000 1282.28571  0.52%   446 14331s
 73941 58534 1282.28571   96 1376 1289.00000 1282.28571  0.52%   445 14400s

Explored 73957 nodes (32969686 simplex iterations) in 14400.57 seconds (50376.13 work units)
Thread count was 32 (of 32 available processors)

Solution count 10: 1289 1290 1291 ... 1309

Time limit reached
Best objective 1.289000000000e+03, best bound 1.283000000000e+03, gap 0.4655%

User-callback calls 2735989, time in user-callback 14.37 sec
