
Gurobi 13.0.2 (linux64) logging started Mon Jun 29 01:40:37 2026

Set parameter LogFile to value "/tmp/sweep_20260629_013743_china_alt260km_s50_i1_v6_gurobi.log"
Set parameter Method to value 1
Set parameter NodefileStart to value 4
Set parameter RINS to value 50
Gurobi Optimizer version 13.0.2 build v13.0.2rc1 (linux64 - "Debian GNU/Linux 13 (trixie)")

CPU model: Intel(R) Xeon(R) Platinum 8375C CPU @ 2.90GHz, instruction set [SSE2|AVX|AVX2|AVX512]
Thread count: 16 physical cores, 32 logical processors, using up to 32 threads

Non-default parameters:
TimeLimit  10800
MIPGap  0.01
Method  1
LPWarmStart  1
Heuristics  0.2
MIPFocus  1
NodefileStart  4
RINS  50
Symmetry  2
Cuts  2
CoverCuts  2
LogToConsole  0

Academic license 2812613 - for non-commercial use only - registered to no___@gatech.edu
Optimize a model with 196014 rows, 35900 columns and 34851002 nonzeros (Min)
Model fingerprint: 0x07cf7ad2
Model has 35900 linear objective coefficients
Variable types: 0 continuous, 35900 integer (35900 binary)
Coefficient statistics:
  Matrix range     [1e+00, 1e+00]
  Objective range  [1e+00, 1e+00]
  Bounds range     [1e+00, 1e+00]
  RHS range        [5e+01, 5e+01]

Found heuristic solution: objective 17567.000000
Presolve removed 0 rows and 0 columns (presolve time = 6s)...
Presolve removed 0 rows and 0 columns (presolve time = 11s)...
Presolve removed 0 rows and 0 columns (presolve time = 16s)...
Presolve removed 0 rows and 0 columns (presolve time = 21s)...
Presolve removed 0 rows and 0 columns (presolve time = 26s)...
Presolve removed 0 rows and 0 columns (presolve time = 30s)...
Presolve removed 0 rows and 0 columns (presolve time = 35s)...
Presolve removed 0 rows and 0 columns (presolve time = 40s)...
Presolve removed 0 rows and 0 columns (presolve time = 46s)...
Presolve removed 0 rows and 0 columns (presolve time = 51s)...
Presolve removed 0 rows and 0 columns (presolve time = 55s)...
Presolve removed 0 rows and 0 columns (presolve time = 60s)...
Presolve removed 0 rows and 0 columns (presolve time = 72s)...
Presolve removed 0 rows and 0 columns (presolve time = 75s)...
Presolve removed 0 rows and 0 columns (presolve time = 80s)...
Presolve removed 0 rows and 0 columns (presolve time = 85s)...
Presolve removed 0 rows and 0 columns (presolve time = 90s)...
Presolve removed 0 rows and 0 columns (presolve time = 95s)...
Presolve removed 0 rows and 0 columns (presolve time = 100s)...
Presolve removed 0 rows and 0 columns (presolve time = 105s)...
Presolve removed 0 rows and 0 columns (presolve time = 110s)...
Presolve removed 0 rows and 0 columns (presolve time = 115s)...
Presolve removed 0 rows and 0 columns (presolve time = 120s)...
Presolve removed 0 rows and 0 columns (presolve time = 125s)...
Presolve removed 0 rows and 0 columns (presolve time = 130s)...
Presolve removed 0 rows and 0 columns (presolve time = 135s)...
Presolve removed 0 rows and 0 columns (presolve time = 140s)...
Presolve removed 0 rows and 0 columns (presolve time = 145s)...
Presolve removed 0 rows and 0 columns (presolve time = 150s)...
Presolve removed 0 rows and 0 columns (presolve time = 155s)...
Presolve removed 0 rows and 0 columns (presolve time = 160s)...
Presolve removed 0 rows and 0 columns (presolve time = 165s)...
Presolve removed 0 rows and 0 columns (presolve time = 170s)...
Presolve removed 0 rows and 0 columns (presolve time = 175s)...
Presolve removed 0 rows and 0 columns (presolve time = 180s)...
Presolve removed 0 rows and 0 columns (presolve time = 185s)...
Presolve removed 0 rows and 0 columns (presolve time = 190s)...
Presolve removed 0 rows and 0 columns (presolve time = 195s)...
Presolve removed 0 rows and 0 columns (presolve time = 200s)...
Presolve removed 0 rows and 0 columns (presolve time = 205s)...
Presolve removed 0 rows and 0 columns (presolve time = 210s)...
Presolve removed 0 rows and 0 columns (presolve time = 215s)...
Presolve removed 0 rows and 0 columns (presolve time = 220s)...
Presolve removed 0 rows and 0 columns (presolve time = 225s)...
Presolve removed 0 rows and 0 columns (presolve time = 230s)...
Presolve removed 0 rows and 0 columns (presolve time = 235s)...
Presolve removed 0 rows and 0 columns (presolve time = 240s)...
Presolve removed 0 rows and 0 columns (presolve time = 245s)...
Presolve removed 0 rows and 0 columns (presolve time = 250s)...
Presolve removed 0 rows and 0 columns (presolve time = 255s)...
Presolve removed 0 rows and 0 columns (presolve time = 260s)...
Presolve removed 0 rows and 0 columns (presolve time = 265s)...
Presolve removed 0 rows and 0 columns (presolve time = 270s)...
Presolve removed 0 rows and 0 columns (presolve time = 275s)...
Presolve removed 0 rows and 0 columns (presolve time = 280s)...
Presolve removed 0 rows and 0 columns (presolve time = 285s)...
Presolve removed 0 rows and 0 columns (presolve time = 290s)...
Presolve removed 0 rows and 0 columns (presolve time = 295s)...
Presolve removed 0 rows and 0 columns (presolve time = 300s)...
Presolve removed 0 rows and 0 columns (presolve time = 305s)...
Presolve removed 0 rows and 0 columns (presolve time = 310s)...
Presolve removed 0 rows and 0 columns (presolve time = 315s)...
Presolve removed 0 rows and 0 columns (presolve time = 320s)...
Presolve removed 0 rows and 0 columns (presolve time = 325s)...
Presolve removed 0 rows and 0 columns (presolve time = 330s)...
Presolve removed 0 rows and 0 columns (presolve time = 335s)...
Presolve removed 0 rows and 0 columns (presolve time = 340s)...
Presolve removed 0 rows and 0 columns (presolve time = 345s)...
Presolve removed 0 rows and 0 columns (presolve time = 350s)...
Presolve removed 0 rows and 0 columns (presolve time = 355s)...
Presolve removed 0 rows and 0 columns (presolve time = 360s)...
Presolve removed 0 rows and 0 columns (presolve time = 365s)...
Presolve removed 0 rows and 0 columns (presolve time = 370s)...
Presolve removed 0 rows and 0 columns (presolve time = 375s)...
Presolve removed 0 rows and 0 columns (presolve time = 380s)...
Presolve removed 0 rows and 0 columns (presolve time = 388s)...
Presolve time: 387.57s
Presolved: 196014 rows, 35900 columns, 34851002 nonzeros
Variable types: 0 continuous, 35900 integer (35900 binary)

Root simplex log...

Iteration    Objective       Primal Inf.    Dual Inf.      Time
       0   -0.0000000e+00   0.000000e+00   1.400000e+04    403s
     101    1.0269856e+04   0.000000e+00   0.000000e+00    403s
     101    1.0269856e+04   0.000000e+00   0.000000e+00    403s

Use crossover to convert LP symmetric solution to basic solution...

Root crossover log...

  193396 variables added to crossover basis                      410s
  194476 variables added to crossover basis                      415s
  195316 variables added to crossover basis                      420s

       0 DPushes remaining with DInf 0.0000000e+00               428s

       0 PPushes remaining with PInf 0.0000000e+00               428s

  Push phase complete: Pinf 0.0000000e+00, Dinf 1.2958401e-09    429s


Root simplex log...

Iteration    Objective       Primal Inf.    Dual Inf.      Time
     104    1.0269856e+04   0.000000e+00   0.000000e+00    432s
Crossover time: 29.26 seconds (54.21 work units)

Root relaxation: objective 1.026986e+04, 104 iterations, 41.56 seconds (66.57 work units)

    Nodes    |    Current Node    |     Objective Bounds      |     Work
 Expl Unexpl |  Obj  Depth IntInf | Incumbent    BestBd   Gap | It/Node Time

     0     0 10269.8556    0 7898 17567.0000 10269.8556  41.5%     -  440s
H    0     0                    13416.000000 10269.8556  23.5%     -  440s
H    0     0                    11037.000000 10269.8556  6.95%     -  440s
H    0     0                    11036.000000 10269.8556  6.94%     -  440s
H    0     0                    10770.000000 10269.8556  4.64%     -  474s
H    0     0                    10601.000000 10269.8556  3.12%     -  474s
H    0     0                    10600.000000 10269.8556  3.11%     -  474s
H    0     0                    10560.000000 10269.8556  2.75%     -  474s
H    0     0                    10555.000000 10269.8556  2.70%     -  475s
H    0     0                    10553.000000 10269.8556  2.68%     -  475s
H    0     0                    10548.000000 10269.8556  2.64%     -  478s
H    0     0                    10547.000000 10269.8556  2.63%     -  478s
H    0     0                    10546.000000 10269.8556  2.62%     -  503s
H    0     0                    10545.000000 10269.8556  2.61%     -  503s
H    0     0                    10538.000000 10269.8556  2.54%     -  520s
     0     0 10269.8556    0 7898 10538.0000 10269.8556  2.54%     -  922s
H    0     2                    10411.000000 10269.8556  1.36%     - 2548s
     0     2 10269.8556    0 7898 10411.0000 10269.8556  1.36%     - 2548s
     1     3 10269.8710    1 8075 10411.0000 10269.8646  1.36%   370 4893s
     2     5 10269.8823    2 8095 10411.0000 10269.8646  1.36%  1470 8354s
     4     9 10269.9117    3 8147 10411.0000 10269.8646  1.36%  3188 10808s

Explored 8 nodes (24849 simplex iterations) in 10809.41 seconds (24347.75 work units)
Thread count was 32 (of 32 available processors)

Solution count 10: 10411 10538 10545 ... 10600

Time limit reached
Best objective 1.041100000000e+04, best bound 1.027000000000e+04, gap 1.3543%

User-callback calls 1714281, time in user-callback 1.74 sec
