
Gurobi 13.0.2 (linux64) logging started Wed Jul 22 02:07:49 2026

Set parameter LogFile to value "/tmp/sweep_20260721_030322_iran_alt400km_s35_i1_v10_gurobi.log"
Set parameter Method to value 1
Set parameter NodefileStart to value 4
Set parameter RINS to value 50
Gurobi Optimizer version 13.0.2 build v13.0.2rc1 (linux64 - "Debian GNU/Linux 13 (trixie)")

CPU model: Intel(R) Xeon(R) Platinum 8375C CPU @ 2.90GHz, instruction set [SSE2|AVX|AVX2|AVX512]
Thread count: 16 physical cores, 32 logical processors, using up to 32 threads

Non-default parameters:
TimeLimit  14400
MIPGap  0.001
Method  1
LPWarmStart  1
Heuristics  0.2
MIPFocus  1
NodefileStart  4
RINS  50
Symmetry  2
Cuts  2
CoverCuts  2
LogToConsole  0

Academic license 2812613 - for non-commercial use only - registered to no___@gatech.edu
Optimize a model with 63184 rows, 35900 columns and 28807596 nonzeros (Min)
Model fingerprint: 0xafb03b4d
Model has 35900 linear objective coefficients
Variable types: 0 continuous, 35900 integer (35900 binary)
Coefficient statistics:
  Matrix range     [1e+00, 1e+00]
  Objective range  [1e+00, 1e+00]
  Bounds range     [1e+00, 1e+00]
  RHS range        [4e+01, 4e+01]

Found heuristic solution: objective 5075.0000000
Presolve removed 0 rows and 0 columns (presolve time = 6s)...
Presolve removed 0 rows and 0 columns (presolve time = 11s)...
Presolve removed 0 rows and 0 columns (presolve time = 17s)...
Presolve removed 0 rows and 0 columns (presolve time = 21s)...
Presolve removed 0 rows and 0 columns (presolve time = 27s)...
Presolve removed 0 rows and 0 columns (presolve time = 31s)...
Presolve removed 0 rows and 0 columns (presolve time = 35s)...
Presolve removed 0 rows and 0 columns (presolve time = 41s)...
Presolve removed 0 rows and 0 columns (presolve time = 48s)...
Presolve removed 0 rows and 0 columns (presolve time = 50s)...
Presolve removed 0 rows and 0 columns (presolve time = 55s)...
Presolve removed 0 rows and 0 columns (presolve time = 60s)...
Presolve removed 0 rows and 0 columns (presolve time = 65s)...
Presolve removed 0 rows and 0 columns (presolve time = 70s)...
Presolve removed 0 rows and 0 columns (presolve time = 75s)...
Presolve removed 0 rows and 0 columns (presolve time = 80s)...
Presolve removed 0 rows and 0 columns (presolve time = 85s)...
Presolve removed 0 rows and 0 columns (presolve time = 90s)...
Presolve removed 0 rows and 0 columns (presolve time = 95s)...
Presolve removed 0 rows and 0 columns (presolve time = 100s)...
Presolve removed 0 rows and 0 columns (presolve time = 105s)...
Presolve removed 0 rows and 0 columns (presolve time = 110s)...
Presolve removed 0 rows and 0 columns (presolve time = 115s)...
Presolve removed 0 rows and 0 columns (presolve time = 120s)...
Presolve removed 0 rows and 0 columns (presolve time = 125s)...
Presolve removed 0 rows and 0 columns (presolve time = 130s)...
Presolve removed 0 rows and 0 columns (presolve time = 135s)...
Presolve removed 0 rows and 0 columns (presolve time = 140s)...
Presolve removed 0 rows and 0 columns (presolve time = 145s)...
Presolve removed 0 rows and 0 columns (presolve time = 150s)...
Presolve removed 0 rows and 0 columns (presolve time = 155s)...
Presolve removed 0 rows and 0 columns (presolve time = 160s)...
Presolve removed 0 rows and 0 columns (presolve time = 165s)...
Presolve removed 0 rows and 0 columns (presolve time = 170s)...
Presolve removed 0 rows and 0 columns (presolve time = 175s)...
Presolve removed 0 rows and 0 columns (presolve time = 180s)...
Presolve removed 0 rows and 0 columns (presolve time = 185s)...
Presolve removed 0 rows and 0 columns (presolve time = 190s)...
Presolve removed 0 rows and 0 columns (presolve time = 195s)...
Presolve removed 0 rows and 0 columns (presolve time = 200s)...
Presolve removed 0 rows and 0 columns (presolve time = 205s)...
Presolve removed 0 rows and 0 columns (presolve time = 210s)...
Presolve removed 0 rows and 0 columns (presolve time = 215s)...
Presolve removed 0 rows and 0 columns (presolve time = 220s)...
Presolve removed 0 rows and 0 columns (presolve time = 225s)...
Presolve removed 0 rows and 0 columns (presolve time = 230s)...
Presolve removed 0 rows and 0 columns (presolve time = 235s)...
Presolve removed 0 rows and 0 columns (presolve time = 240s)...
Presolve removed 0 rows and 0 columns (presolve time = 245s)...
Presolve removed 0 rows and 0 columns (presolve time = 250s)...
Presolve removed 0 rows and 0 columns (presolve time = 255s)...
Presolve removed 0 rows and 0 columns (presolve time = 261s)...
Presolve time: 260.86s
Presolved: 63184 rows, 35900 columns, 28807596 nonzeros
Variable types: 0 continuous, 35900 integer (35900 binary)

Root simplex log...

Iteration    Objective       Primal Inf.    Dual Inf.      Time
       0    0.0000000e+00   2.211440e+06   0.000000e+00    265s
     641    1.4647020e+03   1.735427e+06   0.000000e+00    265s
    1801    1.9122422e+03   1.507708e+07   0.000000e+00    271s
Warning: Markowitz tolerance tightened to 0.125
    2526    2.0159141e+03   3.002282e+07   0.000000e+00    276s
    3166    2.0705743e+03   1.017430e+07   0.000000e+00    282s
    3608    2.0989251e+03   6.523344e+06   0.000000e+00    286s
    4118    2.1233124e+03   1.939935e+06   0.000000e+00    291s
    4538    2.1431454e+03   5.201927e+06   0.000000e+00    296s
    4908    2.1589530e+03   1.314557e+06   0.000000e+00    300s
    5438    2.1752765e+03   2.382573e+07   0.000000e+00    307s
    5778    2.1857853e+03   1.249156e+06   0.000000e+00    311s
    6098    2.1949143e+03   3.180648e+06   0.000000e+00    315s
    6578    2.2084748e+03   3.403030e+06   0.000000e+00    322s
    6898    2.2162816e+03   1.798739e+06   0.000000e+00    326s
    7198    2.2244122e+03   6.590848e+06   0.000000e+00    331s
    7488    2.2316294e+03   2.671318e+06   0.000000e+00    335s
    7908    2.2394312e+03   9.982660e+06   0.000000e+00    342s
    8178    2.2453811e+03   9.826107e+05   0.000000e+00    347s
    8438    2.2513625e+03   4.432932e+06   0.000000e+00    351s
    8698    2.2568954e+03   2.309170e+07   0.000000e+00    355s
    9088    2.2643819e+03   4.491987e+06   0.000000e+00    362s
    9348    2.2693238e+03   7.412775e+06   0.000000e+00    367s
    9608    2.2738147e+03   6.091321e+06   0.000000e+00    371s
    9848    2.2777830e+03   3.732334e+07   0.000000e+00    376s
   10088    2.2810934e+03   2.203651e+07   0.000000e+00    380s
   10448    2.2878302e+03   9.394828e+06   0.000000e+00    387s
   10688    2.2909804e+03   4.380995e+06   0.000000e+00    391s
   10928    2.2945916e+03   3.359790e+06   0.000000e+00    396s
   11168    2.2978701e+03   2.248947e+06   0.000000e+00    401s
   11408    2.3017868e+03   9.643740e+05   0.000000e+00    405s
   11638    2.3046921e+03   5.598490e+06   0.000000e+00    410s
   11888    2.3076795e+03   2.881484e+06   0.000000e+00    415s
   12178    2.3106274e+03   6.186806e+06   0.000000e+00    421s
   12448    2.3145918e+03   3.741426e+06   0.000000e+00    427s
   12708    2.3185110e+03   3.006789e+06   0.000000e+00    433s
   12828    2.3200619e+03   1.300528e+06   0.000000e+00    435s
   13118    2.3239483e+03   1.921757e+06   0.000000e+00    441s
   13398    2.3276706e+03   4.721867e+06   0.000000e+00    447s
   13538    2.3295522e+03   5.641257e+06   0.000000e+00    451s
   13818    2.3330755e+03   1.030802e+06   0.000000e+00    457s
   14108    2.3367550e+03   1.564632e+06   0.000000e+00    463s
   14248    2.3385947e+03   7.566225e+06   0.000000e+00    466s
   14528    2.3415010e+03   6.580354e+05   0.000000e+00    473s
   14668    2.3429650e+03   6.896160e+05   0.000000e+00    476s
   14958    2.3466151e+03   1.342127e+06   0.000000e+00    483s
   15098    2.3483023e+03   1.624012e+06   0.000000e+00    486s
   15378    2.3511343e+03   1.581511e+06   0.000000e+00    492s
   15518    2.3525994e+03   1.917065e+06   0.000000e+00    496s
   15798    2.3552632e+03   5.907751e+05   0.000000e+00    502s
   15938    2.3565720e+03   2.671698e+06   0.000000e+00    505s
   16218    2.3594391e+03   1.482747e+07   0.000000e+00    512s
   16358    2.3606988e+03   6.229925e+05   0.000000e+00    516s
   16638    2.3631894e+03   3.070921e+06   0.000000e+00    522s
   16778    2.3643489e+03   1.679917e+06   0.000000e+00    526s
   17038    2.3667943e+03   2.076466e+06   0.000000e+00    532s
   17168    2.3680912e+03   7.536701e+05   0.000000e+00    536s
   17428    2.3700866e+03   1.287290e+06   0.000000e+00    542s
   17558    2.3714827e+03   4.734514e+06   0.000000e+00    546s
   17818    2.3738043e+03   1.085748e+08   0.000000e+00    552s
   17948    2.3749520e+03   9.407024e+05   0.000000e+00    556s
   18208    2.3774050e+03   1.123297e+06   0.000000e+00    562s
   18338    2.3784878e+03   9.605581e+05   0.000000e+00    566s
   18598    2.3806513e+03   1.623812e+06   0.000000e+00    573s
   18728    2.3817578e+03   1.125274e+06   0.000000e+00    576s
   18988    2.3835917e+03   1.639213e+06   0.000000e+00    583s
   19118    2.3847673e+03   7.697982e+05   0.000000e+00    586s
   19378    2.3867019e+03   1.613231e+06   0.000000e+00    593s
   19508    2.3876257e+03   7.028950e+06   0.000000e+00    597s
   19638    2.3883852e+03   2.738567e+06   0.000000e+00    600s
   19898    2.3903384e+03   1.066627e+06   0.000000e+00    608s
   20028    2.3913715e+03   4.652565e+05   0.000000e+00    611s
   20288    2.3933110e+03   1.176472e+06   0.000000e+00    618s
   20418    2.3943361e+03   6.925615e+05   0.000000e+00    622s
   20548    2.3955245e+03   6.202723e+05   0.000000e+00    625s
   20798    2.3973078e+03   2.280008e+06   0.000000e+00    632s
   20918    2.3982519e+03   3.304389e+06   0.000000e+00    636s
   21178    2.4003036e+03   2.225121e+06   0.000000e+00    643s
   21308    2.4011935e+03   2.972842e+05   0.000000e+00    647s
   21438    2.4021357e+03   6.803713e+05   0.000000e+00    650s
   21688    2.4038617e+03   3.295848e+06   0.000000e+00    657s
   21828    2.4048143e+03   1.855255e+06   0.000000e+00    661s
   21958    2.4057115e+03   1.297202e+06   0.000000e+00    665s
   22208    2.4074201e+03   1.366210e+06   0.000000e+00    672s
   22328    2.4082212e+03   6.795838e+06   0.000000e+00    676s
   22568    2.4099205e+03   6.914399e+05   0.000000e+00    683s
   22688    2.4106906e+03   2.242272e+06   0.000000e+00    687s
   22828    2.4116441e+03   8.248714e+06   0.000000e+00    691s
   23088    2.4136041e+03   1.181921e+06   0.000000e+00    698s
   23218    2.4144496e+03   9.041031e+06   0.000000e+00    702s
   23358    2.4154420e+03   8.475851e+05   0.000000e+00    706s
   23498    2.4162938e+03   5.119933e+06   0.000000e+00    711s
   23758    2.4179280e+03   8.329884e+05   0.000000e+00    718s
   23878    2.4188417e+03   1.065064e+07   0.000000e+00    722s
   24008    2.4196913e+03   1.434197e+06   0.000000e+00    726s
   24258    2.4213208e+03   1.159392e+06   0.000000e+00    733s
   24388    2.4219655e+03   1.365590e+06   0.000000e+00    737s
   24528    2.4228160e+03   1.245900e+06   0.000000e+00    742s
   24668    2.4236178e+03   1.478367e+06   0.000000e+00    746s
   24808    2.4243216e+03   3.940373e+05   0.000000e+00    750s
   25088    2.4259903e+03   1.786750e+06   0.000000e+00    759s
   25228    2.4267933e+03   1.576269e+06   0.000000e+00    763s
   25368    2.4275205e+03   5.231874e+05   0.000000e+00    767s
   25508    2.4282796e+03   8.545258e+05   0.000000e+00    772s
   25648    2.4290428e+03   1.822999e+06   0.000000e+00    776s
   25788    2.4297797e+03   2.042649e+06   0.000000e+00    781s
   26068    2.4310759e+03   4.994629e+06   0.000000e+00    789s
   26208    2.4317257e+03   1.601930e+06   0.000000e+00    794s
   26348    2.4325153e+03   1.733200e+06   0.000000e+00    798s
   26488    2.4332387e+03   1.311578e+06   0.000000e+00    802s
   26628    2.4338842e+03   2.082120e+07   0.000000e+00    807s
   26768    2.4343128e+03   1.821755e+06   0.000000e+00    811s
   26908    2.4348783e+03   6.709145e+06   0.000000e+00    816s
   27048    2.4355165e+03   7.883001e+05   0.000000e+00    820s
   27328    2.4371684e+03   5.895575e+06   0.000000e+00    829s
   27468    2.4379785e+03   1.257485e+06   0.000000e+00    834s
   27608    2.4387944e+03   1.113958e+06   0.000000e+00    838s
   27748    2.4395887e+03   9.726127e+05   0.000000e+00    843s
   27888    2.4402515e+03   1.730253e+07   0.000000e+00    847s
   28028    2.4409698e+03   2.482795e+06   0.000000e+00    852s
   28168    2.4416691e+03   1.400000e+06   0.000000e+00    856s
   28308    2.4424155e+03   8.077038e+06   0.000000e+00    861s
   28448    2.4431310e+03   4.947005e+06   0.000000e+00    865s
   28728    2.4446800e+03   1.178750e+07   0.000000e+00    874s
   28868    2.4453776e+03   2.172312e+06   0.000000e+00    879s
   29008    2.4461429e+03   8.538136e+05   0.000000e+00    883s
   29148    2.4469432e+03   4.265243e+06   0.000000e+00    888s
   29288    2.4476091e+03   3.148916e+05   0.000000e+00    892s
   29428    2.4483097e+03   1.589450e+06   0.000000e+00    897s
   29568    2.4490590e+03   2.104486e+06   0.000000e+00    901s
   29708    2.4497939e+03   1.651357e+06   0.000000e+00    906s
   29838    2.4503099e+03   7.113228e+05   0.000000e+00    910s
   30108    2.4516047e+03   7.949935e+06   0.000000e+00    919s
   30238    2.4521529e+03   6.530315e+05   0.000000e+00    924s
   30378    2.4527042e+03   1.068399e+06   0.000000e+00    928s
   30508    2.4533694e+03   7.408693e+05   0.000000e+00    933s
   30648    2.4539565e+03   1.574171e+06   0.000000e+00    937s
   30788    2.4545580e+03   5.077786e+06   0.000000e+00    942s
   30918    2.4550875e+03   2.843441e+06   0.000000e+00    946s
   31058    2.4557314e+03   6.932129e+05   0.000000e+00    951s
   31198    2.4564139e+03   3.228932e+05   0.000000e+00    956s
   31348    2.4571910e+03   4.225513e+05   0.000000e+00    961s
   31488    2.4578697e+03   4.780267e+06   0.000000e+00    966s
   31628    2.4584819e+03   3.429911e+05   0.000000e+00    970s
   31778    2.4591166e+03   2.280434e+06   0.000000e+00    975s
   31918    2.4597271e+03   2.685032e+06   0.000000e+00    980s
   32058    2.4602917e+03   1.506270e+06   0.000000e+00    985s
   32198    2.4607946e+03   5.543593e+05   0.000000e+00    990s
   32458    2.4616507e+03   6.463174e+06   0.000000e+00    999s
   32598    2.4621409e+03   2.312735e+06   0.000000e+00   1004s
   32738    2.4626175e+03   1.220152e+06   0.000000e+00   1009s
   32868    2.4631837e+03   1.438200e+06   0.000000e+00   1013s
   32998    2.4637244e+03   2.022979e+06   0.000000e+00   1018s
   33128    2.4642102e+03   2.034348e+06   0.000000e+00   1023s
   33258    2.4646707e+03   9.039423e+05   0.000000e+00   1027s
   33408    2.4652227e+03   7.904789e+05   0.000000e+00   1033s
   33558    2.4658587e+03   7.432921e+05   0.000000e+00   1038s
   33708    2.4663876e+03   7.207482e+05   0.000000e+00   1043s
   33848    2.4669214e+03   2.439906e+06   0.000000e+00   1048s
   33988    2.4673404e+03   2.009087e+06   0.000000e+00   1053s
   34128    2.4678492e+03   2.093391e+06   0.000000e+00   1058s
   34278    2.4683766e+03   5.484898e+05   0.000000e+00   1064s
   34408    2.4687891e+03   5.718926e+05   0.000000e+00   1069s
   34548    2.4691893e+03   6.632014e+05   0.000000e+00   1074s
   34698    2.4695928e+03   1.436519e+07   0.000000e+00   1079s
   34848    2.4700986e+03   1.138764e+06   0.000000e+00   1085s
   34998    2.4705623e+03   1.668503e+06   0.000000e+00   1090s
   35148    2.4710192e+03   1.139432e+06   0.000000e+00   1096s
   35288    2.4715201e+03   6.127935e+05   0.000000e+00   1101s
   35418    2.4720089e+03   9.354068e+06   0.000000e+00   1106s
   35558    2.4725443e+03   1.415259e+06   0.000000e+00   1111s
   35698    2.4730171e+03   6.367377e+05   0.000000e+00   1116s
   35838    2.4733586e+03   1.834094e+06   0.000000e+00   1121s
   35988    2.4738048e+03   1.180030e+06   0.000000e+00   1126s
   36138    2.4741955e+03   2.027240e+06   0.000000e+00   1132s
   36288    2.4745839e+03   4.670275e+06   0.000000e+00   1137s
   36438    2.4750337e+03   1.863446e+06   0.000000e+00   1143s
   36578    2.4754617e+03   5.087471e+05   0.000000e+00   1148s
   36708    2.4758821e+03   7.307278e+05   0.000000e+00   1153s
   36848    2.4762718e+03   5.622269e+05   0.000000e+00   1158s
   36998    2.4767420e+03   1.475264e+06   0.000000e+00   1164s
   37148    2.4772341e+03   1.037326e+06   0.000000e+00   1169s
   37288    2.4776765e+03   1.318935e+07   0.000000e+00   1175s
   37438    2.4781205e+03   6.867770e+05   0.000000e+00   1180s
   37588    2.4786541e+03   3.225851e+05   0.000000e+00   1186s
   37738    2.4790745e+03   1.186631e+06   0.000000e+00   1192s
   37888    2.4795621e+03   4.538647e+05   0.000000e+00   1197s
   38028    2.4800759e+03   1.021312e+06   0.000000e+00   1202s
   38168    2.4805332e+03   1.790060e+06   0.000000e+00   1208s
   38318    2.4809969e+03   6.003564e+05   0.000000e+00   1213s
   38458    2.4813423e+03   1.449708e+06   0.000000e+00   1219s
   38608    2.4817283e+03   1.050732e+06   0.000000e+00   1224s
   38748    2.4820808e+03   3.754727e+05   0.000000e+00   1230s
   38898    2.4825137e+03   2.959264e+05   0.000000e+00   1236s
   39038    2.4829366e+03   2.061941e+07   0.000000e+00   1241s
   39178    2.4833661e+03   3.827984e+05   0.000000e+00   1246s
   39318    2.4838075e+03   1.077737e+06   0.000000e+00   1252s
   39458    2.4841904e+03   3.989666e+06   0.000000e+00   1257s
   39598    2.4844649e+03   8.082927e+05   0.000000e+00   1263s
   39738    2.4848570e+03   1.036911e+06   0.000000e+00   1268s
   39878    2.4852444e+03   1.238801e+06   0.000000e+00   1273s
   40008    2.4856196e+03   1.912606e+06   0.000000e+00   1278s
   40158    2.4860606e+03   7.329296e+05   0.000000e+00   1284s
   40308    2.4864846e+03   1.259843e+06   0.000000e+00   1290s
   40458    2.4868539e+03   9.389785e+05   0.000000e+00   1296s
   40608    2.4872628e+03   4.285401e+05   0.000000e+00   1301s
   40748    2.4876076e+03   3.743731e+06   0.000000e+00   1307s
   40888    2.4880151e+03   7.727928e+05   0.000000e+00   1312s
   41028    2.4883468e+03   4.715923e+05   0.000000e+00   1318s
   41168    2.4886425e+03   2.211224e+06   0.000000e+00   1323s
   41308    2.4890625e+03   7.286924e+05   0.000000e+00   1329s
   41448    2.4894822e+03   8.909892e+05   0.000000e+00   1334s
   41588    2.4898030e+03   8.547839e+05   0.000000e+00   1340s
   41728    2.4901955e+03   4.756736e+05   0.000000e+00   1345s
   41868    2.4906339e+03   7.665049e+06   0.000000e+00   1351s
   42008    2.4909762e+03   5.369195e+05   0.000000e+00   1356s
   42148    2.4913354e+03   1.851525e+06   0.000000e+00   1362s
   42288    2.4917395e+03   4.534522e+05   0.000000e+00   1367s
   42428    2.4922007e+03   5.060222e+05   0.000000e+00   1373s
   42568    2.4925751e+03   4.900975e+05   0.000000e+00   1378s
   42708    2.4928906e+03   8.552588e+05   0.000000e+00   1384s
   42848    2.4932555e+03   3.407698e+06   0.000000e+00   1389s
   42988    2.4936178e+03   1.219623e+06   0.000000e+00   1395s
   43138    2.4939679e+03   8.802960e+05   0.000000e+00   1400s
   43278    2.4943397e+03   6.913542e+05   0.000000e+00   1406s
   43418    2.4947350e+03   8.091491e+05   0.000000e+00   1412s
   43558    2.4951088e+03   5.199369e+05   0.000000e+00   1417s
   43698    2.4954388e+03   5.318736e+06   0.000000e+00   1423s
   43838    2.4957712e+03   8.473119e+05   0.000000e+00   1428s
   43978    2.4961048e+03   2.667220e+06   0.000000e+00   1434s
   44128    2.4964327e+03   5.154037e+06   0.000000e+00   1440s
   44268    2.4968187e+03   3.792473e+05   0.000000e+00   1445s
   44408    2.4972194e+03   5.977008e+05   0.000000e+00   1451s
   44548    2.4975887e+03   6.311801e+05   0.000000e+00   1456s
   44688    2.4979334e+03   7.465449e+05   0.000000e+00   1462s
   44818    2.4982523e+03   5.228084e+05   0.000000e+00   1467s
   44958    2.4985816e+03   3.399199e+05   0.000000e+00   1473s
   45098    2.4989244e+03   1.318261e+06   0.000000e+00   1478s
   45238    2.4991330e+03   2.488640e+06   0.000000e+00   1484s
   45378    2.4994309e+03   1.346404e+06   0.000000e+00   1489s
   45518    2.4997030e+03   5.484021e+05   0.000000e+00   1495s
   45648    2.4999729e+03   2.638785e+06   0.000000e+00   1500s
   45778    2.5002162e+03   1.253921e+07   0.000000e+00   1506s
   45908    2.5004487e+03   1.786999e+06   0.000000e+00   1511s
   46058    2.5006937e+03   8.837927e+05   0.000000e+00   1517s
   46198    2.5009540e+03   8.990590e+05   0.000000e+00   1523s
   46338    2.5012752e+03   3.785359e+05   0.000000e+00   1528s
   46478    2.5015544e+03   1.458770e+06   0.000000e+00   1534s
   46628    2.5018457e+03   8.289336e+06   0.000000e+00   1540s
   46768    2.5021623e+03   9.853090e+05   0.000000e+00   1546s
   46918    2.5024550e+03   6.457882e+06   0.000000e+00   1552s
   47058    2.5026783e+03   3.309470e+05   0.000000e+00   1558s
   47198    2.5029147e+03   6.217038e+05   0.000000e+00   1563s
   47338    2.5031657e+03   2.905631e+05   0.000000e+00   1569s
   47468    2.5034180e+03   3.841544e+05   0.000000e+00   1575s
   47608    2.5037096e+03   2.407858e+06   0.000000e+00   1580s
   47738    2.5039624e+03   1.562724e+06   0.000000e+00   1586s
   47888    2.5042133e+03   8.537692e+05   0.000000e+00   1592s
   48028    2.5044770e+03   1.561748e+06   0.000000e+00   1597s
   48168    2.5048258e+03   6.945384e+05   0.000000e+00   1603s
   48298    2.5051419e+03   7.478128e+05   0.000000e+00   1608s
   48428    2.5053837e+03   8.919735e+05   0.000000e+00   1614s
   48558    2.5056302e+03   5.731586e+05   0.000000e+00   1619s
   48698    2.5058623e+03   4.209405e+06   0.000000e+00   1625s
   48848    2.5061270e+03   1.120160e+07   0.000000e+00   1631s
   48988    2.5064179e+03   4.224626e+05   0.000000e+00   1637s
   49138    2.5066792e+03   2.621021e+06   0.000000e+00   1644s
   49288    2.5070019e+03   9.749541e+05   0.000000e+00   1650s
   49438    2.5073050e+03   9.084047e+05   0.000000e+00   1656s
   49588    2.5076375e+03   4.176925e+06   0.000000e+00   1662s
   49738    2.5079479e+03   1.603881e+06   0.000000e+00   1668s
   49878    2.5082320e+03   7.347957e+05   0.000000e+00   1674s
   50028    2.5085367e+03   6.521003e+05   0.000000e+00   1680s
   50178    2.5088070e+03   9.374968e+05   0.000000e+00   1686s
   50318    2.5090558e+03   1.045348e+06   0.000000e+00   1692s
   50468    2.5093124e+03   9.202456e+05   0.000000e+00   1699s
   50608    2.5095918e+03   1.341856e+07   0.000000e+00   1705s
   50748    2.5098097e+03   1.072428e+06   0.000000e+00   1711s
   50898    2.5101203e+03   4.410583e+07   0.000000e+00   1717s
   51038    2.5103663e+03   2.834652e+06   0.000000e+00   1723s
   51188    2.5106052e+03   5.117606e+05   0.000000e+00   1729s
   51338    2.5108528e+03   4.276617e+06   0.000000e+00   1736s
   51488    2.5111913e+03   4.520719e+05   0.000000e+00   1742s
   51638    2.5114560e+03   8.534457e+05   0.000000e+00   1749s
   51788    2.5117006e+03   3.210094e+05   0.000000e+00   1755s
   51938    2.5119797e+03   3.998911e+06   0.000000e+00   1762s
   52098    2.5122432e+03   1.463726e+06   0.000000e+00   1768s
   52248    2.5125253e+03   1.112383e+06   0.000000e+00   1775s
   52398    2.5127565e+03   3.226208e+06   0.000000e+00   1781s
   52548    2.5130133e+03   4.169250e+05   0.000000e+00   1788s
   52698    2.5132985e+03   3.757895e+05   0.000000e+00   1794s
   52838    2.5135308e+03   5.861754e+05   0.000000e+00   1800s
   52988    2.5138116e+03   2.248620e+06   0.000000e+00   1806s
   53128    2.5139818e+03   1.482820e+06   0.000000e+00   1813s
   53278    2.5142019e+03   2.649589e+05   0.000000e+00   1819s
   53418    2.5143787e+03   1.063597e+06   0.000000e+00   1825s
   53558    2.5145873e+03   8.403453e+05   0.000000e+00   1831s
   53698    2.5147835e+03   4.623628e+05   0.000000e+00   1837s
   53848    2.5150346e+03   2.488259e+05   0.000000e+00   1843s
   53998    2.5152505e+03   7.327783e+05   0.000000e+00   1850s
   54138    2.5154291e+03   4.316081e+05   0.000000e+00   1856s
   54288    2.5156571e+03   6.221148e+05   0.000000e+00   1862s
   54428    2.5159076e+03   2.694715e+05   0.000000e+00   1868s
   54568    2.5161444e+03   6.945365e+05   0.000000e+00   1874s
   54708    2.5163228e+03   3.987135e+05   0.000000e+00   1880s
   54848    2.5165172e+03   4.370624e+05   0.000000e+00   1886s
   54998    2.5167697e+03   3.775988e+05   0.000000e+00   1892s
   55148    2.5169956e+03   4.449785e+05   0.000000e+00   1899s
   55298    2.5172003e+03   1.704672e+06   0.000000e+00   1905s
   55438    2.5173881e+03   4.047678e+05   0.000000e+00   1911s
   55578    2.5175692e+03   4.500611e+05   0.000000e+00   1917s
   55728    2.5177664e+03   5.228249e+05   0.000000e+00   1924s
   55868    2.5179360e+03   3.588229e+05   0.000000e+00   1930s
   56008    2.5181579e+03   5.349926e+05   0.000000e+00   1936s
   56148    2.5183714e+03   3.065386e+06   0.000000e+00   1942s
   56288    2.5185959e+03   3.907137e+05   0.000000e+00   1948s
   56428    2.5188492e+03   4.484668e+05   0.000000e+00   1954s
   56578    2.5190616e+03   3.255031e+05   0.000000e+00   1961s
   56728    2.5193009e+03   9.339096e+05   0.000000e+00   1967s
   56878    2.5195347e+03   4.792441e+05   0.000000e+00   1974s
   57028    2.5197426e+03   4.630634e+05   0.000000e+00   1980s
   57178    2.5199534e+03   3.722676e+05   0.000000e+00   1987s
   57328    2.5201699e+03   3.711621e+05   0.000000e+00   1993s
   57478    2.5203800e+03   1.190600e+06   0.000000e+00   2000s
   57618    2.5205747e+03   1.367714e+06   0.000000e+00   2006s
   57768    2.5207686e+03   9.307965e+06   0.000000e+00   2012s
   57918    2.5209745e+03   1.519141e+06   0.000000e+00   2019s
   58058    2.5211373e+03   2.823814e+05   0.000000e+00   2025s
   58198    2.5213444e+03   6.906151e+06   0.000000e+00   2031s
   58348    2.5215852e+03   7.465727e+05   0.000000e+00   2038s
   58498    2.5218153e+03   1.637520e+06   0.000000e+00   2044s
   58638    2.5220013e+03   1.308261e+06   0.000000e+00   2051s
   58778    2.5221757e+03   1.222580e+06   0.000000e+00   2057s
   58918    2.5223616e+03   5.864745e+05   0.000000e+00   2063s
   59058    2.5225161e+03   1.052582e+06   0.000000e+00   2069s
   59198    2.5226607e+03   8.694162e+06   0.000000e+00   2076s
   59348    2.5228365e+03   3.963255e+05   0.000000e+00   2082s
   59488    2.5230586e+03   2.436414e+05   0.000000e+00   2088s
   59628    2.5232458e+03   2.533331e+05   0.000000e+00   2095s
   59778    2.5234266e+03   4.514398e+05   0.000000e+00   2101s
   59918    2.5236321e+03   2.402005e+05   0.000000e+00   2107s
   60058    2.5237863e+03   4.429934e+05   0.000000e+00   2113s
   60198    2.5239534e+03   1.653419e+06   0.000000e+00   2120s
   60338    2.5241138e+03   6.193819e+05   0.000000e+00   2126s
   60478    2.5243041e+03   3.128336e+05   0.000000e+00   2132s
   60618    2.5244879e+03   9.005714e+05   0.000000e+00   2138s
   60768    2.5246577e+03   1.539938e+05   0.000000e+00   2145s
   60908    2.5248272e+03   7.437369e+05   0.000000e+00   2151s
   61048    2.5249575e+03   5.657224e+05   0.000000e+00   2158s
   61188    2.5251116e+03   1.494191e+05   0.000000e+00   2164s
   61328    2.5252964e+03   5.044656e+05   0.000000e+00   2170s
   61478    2.5254875e+03   2.215500e+06   0.000000e+00   2177s
   61628    2.5256587e+03   5.174059e+05   0.000000e+00   2184s
   61778    2.5258195e+03   3.321167e+05   0.000000e+00   2191s
   61918    2.5259944e+03   1.942814e+06   0.000000e+00   2197s
   62058    2.5261580e+03   1.410921e+06   0.000000e+00   2203s
   62198    2.5263283e+03   3.639002e+06   0.000000e+00   2210s
   62338    2.5264624e+03   1.641123e+06   0.000000e+00   2216s
   62488    2.5265947e+03   3.319479e+06   0.000000e+00   2223s
   62648    2.5267522e+03   6.548019e+05   0.000000e+00   2230s
   62798    2.5268802e+03   1.295280e+06   0.000000e+00   2236s
   62948    2.5270608e+03   4.634311e+05   0.000000e+00   2243s
   63088    2.5272340e+03   2.547583e+06   0.000000e+00   2249s
   63248    2.5274257e+03   3.076919e+05   0.000000e+00   2257s
   63398    2.5275688e+03   1.758201e+06   0.000000e+00   2263s
   63558    2.5277380e+03   3.872852e+05   0.000000e+00   2270s
   63708    2.5279496e+03   9.711308e+05   0.000000e+00   2277s
   63858    2.5281000e+03   5.319650e+05   0.000000e+00   2284s
   63998    2.5282178e+03   4.645579e+05   0.000000e+00   2290s
   64138    2.5283395e+03   4.030893e+05   0.000000e+00   2297s
   64278    2.5284935e+03   1.254031e+06   0.000000e+00   2303s
   64418    2.5286658e+03   5.691834e+05   0.000000e+00   2309s
   64558    2.5287955e+03   6.326108e+05   0.000000e+00   2316s
   64708    2.5289543e+03   2.047547e+05   0.000000e+00   2323s
   64848    2.5290825e+03   1.524751e+06   0.000000e+00   2329s
   64988    2.5292416e+03   1.583005e+06   0.000000e+00   2336s
   65128    2.5293923e+03   1.689481e+06   0.000000e+00   2342s
   65268    2.5295092e+03   1.637270e+06   0.000000e+00   2349s
   65408    2.5296360e+03   2.578949e+05   0.000000e+00   2356s
   65538    2.5297695e+03   2.479676e+06   0.000000e+00   2362s
   65678    2.5299083e+03   4.181527e+05   0.000000e+00   2369s
   65808    2.5300356e+03   9.036765e+05   0.000000e+00   2375s
   65948    2.5301604e+03   5.514033e+05   0.000000e+00   2382s
   66078    2.5302818e+03   1.163815e+06   0.000000e+00   2388s
   66208    2.5303990e+03   1.842949e+06   0.000000e+00   2394s
   66348    2.5305643e+03   5.679679e+05   0.000000e+00   2401s
   66488    2.5307112e+03   2.690458e+05   0.000000e+00   2407s
   66618    2.5308258e+03   3.642884e+05   0.000000e+00   2414s
   66748    2.5309850e+03   3.052555e+06   0.000000e+00   2420s
   66878    2.5311170e+03   2.829563e+05   0.000000e+00   2426s
   67018    2.5312159e+03   1.220469e+06   0.000000e+00   2433s
   67168    2.5313433e+03   7.439993e+05   0.000000e+00   2440s
   67308    2.5315148e+03   1.215324e+06   0.000000e+00   2446s
   67438    2.5316361e+03   1.162097e+06   0.000000e+00   2453s
   67578    2.5317284e+03   2.636612e+05   0.000000e+00   2459s
   67738    2.5318647e+03   5.816005e+05   0.000000e+00   2466s
   67888    2.5319894e+03   9.938573e+05   0.000000e+00   2473s
   68038    2.5321157e+03   4.772863e+05   0.000000e+00   2481s
   68178    2.5322138e+03   1.258503e+06   0.000000e+00   2487s
   68318    2.5323021e+03   1.646354e+06   0.000000e+00   2494s
   68458    2.5324025e+03   5.997511e+05   0.000000e+00   2500s
   68608    2.5325124e+03   5.785261e+05   0.000000e+00   2508s
   68748    2.5326219e+03   1.843661e+05   0.000000e+00   2514s
   68888    2.5327292e+03   3.156383e+05   0.000000e+00   2521s
   69028    2.5328368e+03   1.659999e+07   0.000000e+00   2528s
   69178    2.5329594e+03   5.890890e+05   0.000000e+00   2535s
   69328    2.5330812e+03   2.672080e+05   0.000000e+00   2542s
   69478    2.5331849e+03   5.008836e+05   0.000000e+00   2549s
   69628    2.5332935e+03   3.581860e+05   0.000000e+00   2557s
   69768    2.5334018e+03   6.597586e+05   0.000000e+00   2564s
   69918    2.5335012e+03   1.495780e+05   0.000000e+00   2571s
   70058    2.5336034e+03   1.324406e+06   0.000000e+00   2578s
   70198    2.5337234e+03   1.950276e+06   0.000000e+00   2584s
   70348    2.5338128e+03   4.129573e+05   0.000000e+00   2592s
   70488    2.5339333e+03   2.397240e+05   0.000000e+00   2598s
   70638    2.5340466e+03   6.809809e+05   0.000000e+00   2606s
   70778    2.5341527e+03   3.849202e+05   0.000000e+00   2613s
   70918    2.5342522e+03   2.235437e+06   0.000000e+00   2620s
   71068    2.5343881e+03   4.959200e+05   0.000000e+00   2627s
   71208    2.5344989e+03   7.379496e+05   0.000000e+00   2634s
   71358    2.5346161e+03   4.647584e+05   0.000000e+00   2641s
   71498    2.5347257e+03   5.684172e+05   0.000000e+00   2648s
   71648    2.5348244e+03   2.676182e+05   0.000000e+00   2655s
   71788    2.5349136e+03   3.388578e+05   0.000000e+00   2662s
   71928    2.5350028e+03   5.313501e+05   0.000000e+00   2669s
   72078    2.5350960e+03   6.116419e+05   0.000000e+00   2676s
   72228    2.5351897e+03   3.108072e+05   0.000000e+00   2683s
   72368    2.5352829e+03   1.038166e+06   0.000000e+00   2690s
   72508    2.5353898e+03   6.763384e+05   0.000000e+00   2697s
   72648    2.5354789e+03   1.860892e+05   0.000000e+00   2704s
   72788    2.5355953e+03   4.599418e+05   0.000000e+00   2710s
   72938    2.5356818e+03   1.057375e+06   0.000000e+00   2718s
   73088    2.5357760e+03   2.940223e+05   0.000000e+00   2725s
   73228    2.5358772e+03   9.153017e+05   0.000000e+00   2732s
   73368    2.5359598e+03   1.462123e+06   0.000000e+00   2739s
   73508    2.5360351e+03   2.110615e+05   0.000000e+00   2746s
   73648    2.5361227e+03   1.815824e+05   0.000000e+00   2753s
   73788    2.5362267e+03   4.874798e+05   0.000000e+00   2759s
   73928    2.5363088e+03   7.678741e+05   0.000000e+00   2766s
   74078    2.5363804e+03   3.362856e+05   0.000000e+00   2773s
   74208    2.5364401e+03   4.228140e+06   0.000000e+00   2780s
   74348    2.5365242e+03   2.766242e+05   0.000000e+00   2787s
   74488    2.5366087e+03   7.096743e+05   0.000000e+00   2794s
   74628    2.5366742e+03   4.898632e+05   0.000000e+00   2801s
   74778    2.5367789e+03   8.415756e+05   0.000000e+00   2808s
   74928    2.5368844e+03   4.706930e+05   0.000000e+00   2815s
   75068    2.5369671e+03   4.329627e+05   0.000000e+00   2822s
   75218    2.5370783e+03   1.612731e+05   0.000000e+00   2829s
   75368    2.5371547e+03   4.795127e+05   0.000000e+00   2837s
   75518    2.5372383e+03   2.797535e+05   0.000000e+00   2844s
   75648    2.5373086e+03   3.253612e+05   0.000000e+00   2851s
   75788    2.5373870e+03   2.328381e+05   0.000000e+00   2858s
   75918    2.5374831e+03   2.380930e+05   0.000000e+00   2864s
   76058    2.5375605e+03   5.020054e+05   0.000000e+00   2871s
   76208    2.5376284e+03   1.781533e+06   0.000000e+00   2878s
   76348    2.5376984e+03   5.808378e+05   0.000000e+00   2885s
   76488    2.5377797e+03   1.218465e+06   0.000000e+00   2892s
   76648    2.5378741e+03   4.806031e+05   0.000000e+00   2900s
   76798    2.5379559e+03   1.092886e+06   0.000000e+00   2907s
   76938    2.5380374e+03   1.148344e+06   0.000000e+00   2914s
   77078    2.5381095e+03   1.996977e+05   0.000000e+00   2921s
   77218    2.5381732e+03   5.432583e+05   0.000000e+00   2928s
   77358    2.5382517e+03   2.211027e+05   0.000000e+00   2935s
   77488    2.5383295e+03   2.360225e+05   0.000000e+00   2941s
   77628    2.5384022e+03   1.566195e+05   0.000000e+00   2948s
   77768    2.5384770e+03   3.475550e+05   0.000000e+00   2955s
   77908    2.5385586e+03   2.829133e+05   0.000000e+00   2962s
   78048    2.5386273e+03   2.047330e+05   0.000000e+00   2969s
   78198    2.5387043e+03   3.865765e+05   0.000000e+00   2976s
   78338    2.5387713e+03   1.447857e+06   0.000000e+00   2983s
   78478    2.5388430e+03   7.219446e+05   0.000000e+00   2990s
   78618    2.5389067e+03   5.540739e+05   0.000000e+00   2997s
   78758    2.5389844e+03   6.137471e+05   0.000000e+00   3004s
   78888    2.5390513e+03   4.412740e+05   0.000000e+00   3010s
   79018    2.5391263e+03   4.214947e+05   0.000000e+00   3017s
   79158    2.5391879e+03   2.945324e+05   0.000000e+00   3024s
   79308    2.5392541e+03   1.618753e+05   0.000000e+00   3031s
   79448    2.5393241e+03   9.862538e+05   0.000000e+00   3038s
   79588    2.5393762e+03   1.314351e+05   0.000000e+00   3045s
   79728    2.5394350e+03   9.960097e+05   0.000000e+00   3052s
   79868    2.5394865e+03   4.906131e+05   0.000000e+00   3059s
   80018    2.5395481e+03   3.940187e+05   0.000000e+00   3067s
   80158    2.5396204e+03   3.871418e+05   0.000000e+00   3074s
   80298    2.5396891e+03   2.172842e+05   0.000000e+00   3081s
   80438    2.5397587e+03   2.254210e+05   0.000000e+00   3088s
   80578    2.5398202e+03   2.304314e+05   0.000000e+00   3095s
   80718    2.5398887e+03   8.402982e+05   0.000000e+00   3102s
   80858    2.5399566e+03   6.413191e+05   0.000000e+00   3109s
   80998    2.5400371e+03   1.389053e+06   0.000000e+00   3116s
   81138    2.5401075e+03   7.451082e+05   0.000000e+00   3123s
   81288    2.5401698e+03   4.241944e+05   0.000000e+00   3130s
   81438    2.5402318e+03   2.904223e+05   0.000000e+00   3138s
   81588    2.5402999e+03   5.043921e+05   0.000000e+00   3145s
   81738    2.5403668e+03   3.630910e+05   0.000000e+00   3153s
   81888    2.5404335e+03   1.530179e+05   0.000000e+00   3160s
   82038    2.5405091e+03   6.335614e+05   0.000000e+00   3168s
   82178    2.5405702e+03   2.819960e+05   0.000000e+00   3175s
   82308    2.5406193e+03   4.198036e+05   0.000000e+00   3181s
   82438    2.5406796e+03   8.322529e+05   0.000000e+00   3188s
   82578    2.5407411e+03   4.352219e+05   0.000000e+00   3195s
   82718    2.5407888e+03   1.679633e+06   0.000000e+00   3202s
   82868    2.5408399e+03   1.050681e+06   0.000000e+00   3209s
   83018    2.5408968e+03   9.720839e+05   0.000000e+00   3217s
   83158    2.5409488e+03   4.178681e+05   0.000000e+00   3224s
   83308    2.5410032e+03   2.723602e+05   0.000000e+00   3231s
   83448    2.5410551e+03   3.027245e+05   0.000000e+00   3238s
   83588    2.5411196e+03   2.550878e+05   0.000000e+00   3245s
   83738    2.5411790e+03   5.856404e+05   0.000000e+00   3253s
   83878    2.5412419e+03   9.465831e+05   0.000000e+00   3260s
   84018    2.5412987e+03   1.689060e+05   0.000000e+00   3267s
   84158    2.5413495e+03   2.713498e+05   0.000000e+00   3274s
   84298    2.5413970e+03   1.897262e+06   0.000000e+00   3282s
   84448    2.5414515e+03   1.849538e+05   0.000000e+00   3289s
   84588    2.5414977e+03   3.604889e+05   0.000000e+00   3296s
   84728    2.5415442e+03   2.795801e+05   0.000000e+00   3303s
   84868    2.5415972e+03   1.547113e+05   0.000000e+00   3310s
   85008    2.5416406e+03   5.165331e+05   0.000000e+00   3318s
   85148    2.5417026e+03   8.773757e+04   0.000000e+00   3325s
   85298    2.5417589e+03   2.973582e+05   0.000000e+00   3332s
   85438    2.5418165e+03   1.913221e+05   0.000000e+00   3339s
   85578    2.5418673e+03   5.325939e+05   0.000000e+00   3346s
   85718    2.5419142e+03   5.830423e+05   0.000000e+00   3353s
   85858    2.5419568e+03   3.353059e+06   0.000000e+00   3360s
   85998    2.5419945e+03   1.728281e+05   0.000000e+00   3367s
   86128    2.5420445e+03   1.732051e+05   0.000000e+00   3373s
   86268    2.5420903e+03   2.977226e+05   0.000000e+00   3381s
   86398    2.5421335e+03   2.902202e+05   0.000000e+00   3387s
   86548    2.5421820e+03   7.072652e+04   0.000000e+00   3395s
   86688    2.5422223e+03   3.116843e+05   0.000000e+00   3402s
   86838    2.5422668e+03   2.584216e+05   0.000000e+00   3410s
   86998    2.5423268e+03   2.002596e+05   0.000000e+00   3418s
   87158    2.5423761e+03   2.304859e+05   0.000000e+00   3426s
   87308    2.5424136e+03   3.856754e+05   0.000000e+00   3433s
   87448    2.5424537e+03   3.280805e+05   0.000000e+00   3440s
   87598    2.5424926e+03   3.261278e+05   0.000000e+00   3448s
   87758    2.5425415e+03   4.348189e+05   0.000000e+00   3455s
   87908    2.5425831e+03   1.451833e+05   0.000000e+00   3463s
   88058    2.5426192e+03   1.303556e+05   0.000000e+00   3470s
   88198    2.5426503e+03   1.124336e+05   0.000000e+00   3478s
   88338    2.5426814e+03   1.876538e+05   0.000000e+00   3485s
   88478    2.5427190e+03   6.856341e+05   0.000000e+00   3492s
   88618    2.5427563e+03   1.631001e+05   0.000000e+00   3499s
   88768    2.5428012e+03   3.610224e+05   0.000000e+00   3506s
   88908    2.5428338e+03   2.581138e+05   0.000000e+00   3514s
   89058    2.5428777e+03   9.745407e+04   0.000000e+00   3521s
   89198    2.5429104e+03   1.122623e+05   0.000000e+00   3528s
   89338    2.5429477e+03   2.870235e+05   0.000000e+00   3535s
   89478    2.5429844e+03   2.265453e+05   0.000000e+00   3542s
   89618    2.5430130e+03   7.143267e+05   0.000000e+00   3549s
   89758    2.5430454e+03   9.406328e+05   0.000000e+00   3557s
   89908    2.5430739e+03   2.425930e+05   0.000000e+00   3564s
   90058    2.5431050e+03   1.481251e+05   0.000000e+00   3572s
   90198    2.5431384e+03   1.123658e+06   0.000000e+00   3579s
   90348    2.5431771e+03   2.010852e+05   0.000000e+00   3586s
   90498    2.5432149e+03   1.216903e+05   0.000000e+00   3594s
   90638    2.5432500e+03   1.857675e+05   0.000000e+00   3601s
   90788    2.5432757e+03   2.317873e+06   0.000000e+00   3609s
   90938    2.5433018e+03   2.049160e+05   0.000000e+00   3616s
   91088    2.5433287e+03   2.098858e+05   0.000000e+00   3624s
   91228    2.5433658e+03   1.977622e+05   0.000000e+00   3631s
   91368    2.5434024e+03   2.552042e+05   0.000000e+00   3638s
   91518    2.5434366e+03   5.001273e+05   0.000000e+00   3646s
   91668    2.5434670e+03   1.350316e+05   0.000000e+00   3653s
   91808    2.5434938e+03   7.284784e+04   0.000000e+00   3661s
   91958    2.5435237e+03   9.916862e+05   0.000000e+00   3668s
   92108    2.5435504e+03   4.919122e+05   0.000000e+00   3676s
   92258    2.5435904e+03   1.914649e+05   0.000000e+00   3683s
   92408    2.5436290e+03   2.712455e+05   0.000000e+00   3691s
   92538    2.5436543e+03   8.323612e+05   0.000000e+00   3697s
   92668    2.5436756e+03   1.716021e+05   0.000000e+00   3704s
   92808    2.5437077e+03   1.719127e+05   0.000000e+00   3711s
   92948    2.5437377e+03   4.858517e+05   0.000000e+00   3719s
   93078    2.5437627e+03   7.329094e+04   0.000000e+00   3725s
   93228    2.5437917e+03   5.211717e+04   0.000000e+00   3733s
   93368    2.5438255e+03   1.149416e+05   0.000000e+00   3740s
   93518    2.5438542e+03   8.172475e+04   0.000000e+00   3748s
   93658    2.5438821e+03   1.754580e+05   0.000000e+00   3755s
   93798    2.5439135e+03   3.670058e+05   0.000000e+00   3762s
   93938    2.5439418e+03   6.935699e+05   0.000000e+00   3770s
   94088    2.5439744e+03   1.455950e+05   0.000000e+00   3777s
   94228    2.5440016e+03   2.129438e+05   0.000000e+00   3785s
   94378    2.5440328e+03   1.411362e+05   0.000000e+00   3792s
   94528    2.5440654e+03   6.332516e+04   0.000000e+00   3800s
   94668    2.5440943e+03   1.026208e+05   0.000000e+00   3808s
   94808    2.5441244e+03   1.467364e+05   0.000000e+00   3815s
   94948    2.5441538e+03   1.447263e+05   0.000000e+00   3822s
   95098    2.5441796e+03   2.351079e+05   0.000000e+00   3830s
   95238    2.5441995e+03   2.543902e+05   0.000000e+00   3837s
   95388    2.5442263e+03   1.215538e+05   0.000000e+00   3845s
   95528    2.5442506e+03   4.476291e+05   0.000000e+00   3852s
   95668    2.5442702e+03   4.529374e+05   0.000000e+00   3859s
   95808    2.5442973e+03   6.698312e+04   0.000000e+00   3867s
   95948    2.5443197e+03   3.882676e+05   0.000000e+00   3874s
   96088    2.5443467e+03   5.852422e+04   0.000000e+00   3881s
   96228    2.5443726e+03   2.898326e+05   0.000000e+00   3888s
   96368    2.5443941e+03   2.120198e+05   0.000000e+00   3895s
   96518    2.5444201e+03   9.288503e+04   0.000000e+00   3903s
   96658    2.5444485e+03   1.458744e+05   0.000000e+00   3910s
   96798    2.5444777e+03   1.564645e+05   0.000000e+00   3918s
   96938    2.5445012e+03   8.685469e+05   0.000000e+00   3925s
   97078    2.5445247e+03   1.137181e+05   0.000000e+00   3932s
   97218    2.5445521e+03   1.020520e+06   0.000000e+00   3939s
   97358    2.5445754e+03   1.265140e+05   0.000000e+00   3946s
   97498    2.5445956e+03   1.824553e+05   0.000000e+00   3954s
   97638    2.5446190e+03   2.279619e+04   0.000000e+00   3961s
   97778    2.5446411e+03   1.447613e+05   0.000000e+00   3968s
   97918    2.5446702e+03   2.618125e+05   0.000000e+00   3975s
   98048    2.5446958e+03   2.824239e+05   0.000000e+00   3982s
   98188    2.5447209e+03   3.599974e+05   0.000000e+00   3989s
   98328    2.5447416e+03   8.749710e+04   0.000000e+00   3996s
   98478    2.5447617e+03   4.168729e+04   0.000000e+00   4004s
   98628    2.5447859e+03   3.666895e+05   0.000000e+00   4012s
   98778    2.5448065e+03   9.435448e+05   0.000000e+00   4019s
   98918    2.5448292e+03   7.103230e+04   0.000000e+00   4026s
   99058    2.5448514e+03   1.382827e+05   0.000000e+00   4034s
   99198    2.5448729e+03   2.022507e+05   0.000000e+00   4041s
   99358    2.5448956e+03   1.896634e+06   0.000000e+00   4048s
   99498    2.5449125e+03   6.413993e+04   0.000000e+00   4056s
   99648    2.5449337e+03   1.055669e+05   0.000000e+00   4063s
   99798    2.5449567e+03   5.288693e+05   0.000000e+00   4071s
   99938    2.5449719e+03   3.373331e+04   0.000000e+00   4078s
  100078    2.5449911e+03   9.439983e+04   0.000000e+00   4085s
  100218    2.5450138e+03   2.828076e+05   0.000000e+00   4092s
  100368    2.5450298e+03   2.262216e+05   0.000000e+00   4100s
  100518    2.5450504e+03   1.319979e+05   0.000000e+00   4108s
  100668    2.5450708e+03   2.535808e+05   0.000000e+00   4115s
  100818    2.5450899e+03   3.570846e+04   0.000000e+00   4123s
  100978    2.5451102e+03   6.849111e+04   0.000000e+00   4131s
  101128    2.5451323e+03   1.241460e+05   0.000000e+00   4138s
  101278    2.5451544e+03   7.579803e+04   0.000000e+00   4146s
  101438    2.5451754e+03   1.493874e+05   0.000000e+00   4154s
  101598    2.5451958e+03   1.407700e+05   0.000000e+00   4162s
  101748    2.5452174e+03   1.283743e+06   0.000000e+00   4169s
  101888    2.5452271e+03   1.347806e+05   0.000000e+00   4176s
  102028    2.5452429e+03   1.402353e+06   0.000000e+00   4184s
  102178    2.5452603e+03   4.906655e+04   0.000000e+00   4191s
  102328    2.5452767e+03   1.623954e+06   0.000000e+00   4199s
  102468    2.5452903e+03   2.750853e+05   0.000000e+00   4206s
  102618    2.5453125e+03   2.021154e+05   0.000000e+00   4214s
  102778    2.5453325e+03   3.739854e+05   0.000000e+00   4222s
  102928    2.5453548e+03   5.634093e+04   0.000000e+00   4230s
  103078    2.5453725e+03   6.083120e+05   0.000000e+00   4237s
  103238    2.5453930e+03   3.226410e+05   0.000000e+00   4245s
  103398    2.5454079e+03   1.113205e+05   0.000000e+00   4253s
  103558    2.5454263e+03   4.442596e+04   0.000000e+00   4261s
  103708    2.5454412e+03   1.428861e+06   0.000000e+00   4269s
  103868    2.5454569e+03   8.675083e+05   0.000000e+00   4277s
  104028    2.5454712e+03   6.934744e+04   0.000000e+00   4285s
  104178    2.5454880e+03   9.257630e+05   0.000000e+00   4293s
  104318    2.5455032e+03   2.037712e+05   0.000000e+00   4300s
  104468    2.5455174e+03   4.222843e+04   0.000000e+00   4308s
  104618    2.5455330e+03   1.211060e+05   0.000000e+00   4316s
  104768    2.5455488e+03   1.024670e+06   0.000000e+00   4324s
  104918    2.5455667e+03   1.358708e+05   0.000000e+00   4331s
  105068    2.5455813e+03   3.457046e+06   0.000000e+00   4339s
  105218    2.5455971e+03   2.875687e+05   0.000000e+00   4347s
  105368    2.5456120e+03   1.787232e+06   0.000000e+00   4354s
  105528    2.5456301e+03   2.561201e+05   0.000000e+00   4363s
  105688    2.5456432e+03   1.433122e+05   0.000000e+00   4371s
  105858    2.5456593e+03   1.393072e+05   0.000000e+00   4379s
  106008    2.5456770e+03   1.720636e+05   0.000000e+00   4387s
  106158    2.5456958e+03   7.084056e+04   0.000000e+00   4395s
  106298    2.5457129e+03   4.388265e+04   0.000000e+00   4403s
  106458    2.5457287e+03   6.822129e+04   0.000000e+00   4411s
  106618    2.5457437e+03   5.270412e+05   0.000000e+00   4419s
  106768    2.5457619e+03   1.127995e+05   0.000000e+00   4427s
  106918    2.5457832e+03   5.307954e+04   0.000000e+00   4435s
  107058    2.5457995e+03   6.316713e+04   0.000000e+00   4442s
  107208    2.5458166e+03   8.651810e+04   0.000000e+00   4450s
  107348    2.5458300e+03   3.352226e+05   0.000000e+00   4457s
  107498    2.5458433e+03   1.652181e+05   0.000000e+00   4465s
  107658    2.5458573e+03   3.783531e+04   0.000000e+00   4473s
  107808    2.5458724e+03   2.436233e+05   0.000000e+00   4481s
  107948    2.5458874e+03   1.778027e+05   0.000000e+00   4488s
  108088    2.5458986e+03   1.936465e+05   0.000000e+00   4496s
  108228    2.5459117e+03   1.150833e+05   0.000000e+00   4503s
  108368    2.5459240e+03   6.863482e+04   0.000000e+00   4510s
  108518    2.5459379e+03   1.773370e+05   0.000000e+00   4518s
  108678    2.5459493e+03   2.794028e+05   0.000000e+00   4525s
  108828    2.5459618e+03   6.843650e+04   0.000000e+00   4533s
  108988    2.5459755e+03   1.726250e+04   0.000000e+00   4541s
  109158    2.5459908e+03   1.928484e+04   0.000000e+00   4550s
  109318    2.5460037e+03   2.744770e+04   0.000000e+00   4558s
  109478    2.5460178e+03   5.217466e+04   0.000000e+00   4566s
  109638    2.5460287e+03   2.691755e+05   0.000000e+00   4574s
  109798    2.5460385e+03   6.321662e+04   0.000000e+00   4582s
  109978    2.5460562e+03   2.444902e+05   0.000000e+00   4591s
  110148    2.5460693e+03   2.932093e+05   0.000000e+00   4599s
  110318    2.5460831e+03   2.374076e+04   0.000000e+00   4608s
  110478    2.5460947e+03   1.855629e+05   0.000000e+00   4616s
  110648    2.5461063e+03   5.002257e+05   0.000000e+00   4624s
  110798    2.5461176e+03   2.824394e+05   0.000000e+00   4632s
  110948    2.5461281e+03   1.646280e+05   0.000000e+00   4640s
  111098    2.5461368e+03   1.544193e+05   0.000000e+00   4648s
  111258    2.5461487e+03   2.671488e+05   0.000000e+00   4656s
  111418    2.5461612e+03   6.588244e+05   0.000000e+00   4664s
  111568    2.5461737e+03   8.976157e+04   0.000000e+00   4672s
  111728    2.5461846e+03   1.700288e+06   0.000000e+00   4680s
  111888    2.5461934e+03   2.711037e+05   0.000000e+00   4688s
  112038    2.5462059e+03   1.267545e+05   0.000000e+00   4696s
  112188    2.5462185e+03   2.649572e+05   0.000000e+00   4704s
  112338    2.5462344e+03   4.615322e+05   0.000000e+00   4712s
  112508    2.5462488e+03   6.780157e+04   0.000000e+00   4720s
  112678    2.5462635e+03   3.506768e+04   0.000000e+00   4729s
  112828    2.5462761e+03   1.093906e+05   0.000000e+00   4737s
  112978    2.5462877e+03   1.541332e+05   0.000000e+00   4745s
  113138    2.5462994e+03   4.685406e+05   0.000000e+00   4753s
  113298    2.5463111e+03   9.541050e+04   0.000000e+00   4761s
  113458    2.5463231e+03   2.493814e+05   0.000000e+00   4769s
  113618    2.5463346e+03   2.370845e+04   0.000000e+00   4777s
  113758    2.5463439e+03   1.130302e+05   0.000000e+00   4785s
  113908    2.5463545e+03   1.162502e+05   0.000000e+00   4793s
  114068    2.5463662e+03   1.129415e+05   0.000000e+00   4801s
  114228    2.5463805e+03   3.969978e+04   0.000000e+00   4810s
  114378    2.5463920e+03   7.211823e+04   0.000000e+00   4818s
  114538    2.5464036e+03   7.301955e+04   0.000000e+00   4826s
  114698    2.5464167e+03   1.660531e+05   0.000000e+00   4834s
  114858    2.5464288e+03   2.528055e+05   0.000000e+00   4843s
  115008    2.5464438e+03   2.922958e+04   0.000000e+00   4851s
  115158    2.5464556e+03   6.801229e+04   0.000000e+00   4858s
  115308    2.5464650e+03   2.094061e+05   0.000000e+00   4866s
  115458    2.5464765e+03   1.438179e+05   0.000000e+00   4874s
  115618    2.5464889e+03   6.709152e+04   0.000000e+00   4882s
  115778    2.5465012e+03   8.049136e+04   0.000000e+00   4890s
  115948    2.5465131e+03   5.829317e+05   0.000000e+00   4899s
  116108    2.5465232e+03   2.219052e+05   0.000000e+00   4907s
  116268    2.5465294e+03   9.411131e+04   0.000000e+00   4915s
  116418    2.5465388e+03   1.000746e+05   0.000000e+00   4923s
  116568    2.5465468e+03   1.218742e+05   0.000000e+00   4931s
  116718    2.5465552e+03   2.949490e+04   0.000000e+00   4939s
  116868    2.5465657e+03   1.030097e+05   0.000000e+00   4947s
  117018    2.5465776e+03   2.130868e+05   0.000000e+00   4955s
  117168    2.5465872e+03   7.323580e+05   0.000000e+00   4962s
  117328    2.5465969e+03   6.772416e+05   0.000000e+00   4970s
  117498    2.5466085e+03   2.209276e+05   0.000000e+00   4979s
  117648    2.5466190e+03   7.010836e+04   0.000000e+00   4987s
  117798    2.5466283e+03   2.023699e+05   0.000000e+00   4995s
  117948    2.5466397e+03   3.813881e+04   0.000000e+00   5003s
  118108    2.5466516e+03   2.535557e+05   0.000000e+00   5011s
  118258    2.5466627e+03   3.070302e+05   0.000000e+00   5019s
  118418    2.5466738e+03   5.711416e+04   0.000000e+00   5027s
  118578    2.5466856e+03   5.816402e+04   0.000000e+00   5035s
  118728    2.5466982e+03   1.276436e+05   0.000000e+00   5043s
  118888    2.5467072e+03   1.380982e+05   0.000000e+00   5051s
  119048    2.5467175e+03   4.590438e+04   0.000000e+00   5059s
  119208    2.5467283e+03   5.245908e+04   0.000000e+00   5068s
  119358    2.5467395e+03   1.838993e+05   0.000000e+00   5076s
  119528    2.5467508e+03   2.905192e+04   0.000000e+00   5084s
  119688    2.5467610e+03   1.696228e+04   0.000000e+00   5093s
  119858    2.5467695e+03   9.923571e+04   0.000000e+00   5101s
  120018    2.5467793e+03   2.685744e+05   0.000000e+00   5110s
  120188    2.5467908e+03   1.994900e+05   0.000000e+00   5118s
  120348    2.5467994e+03   8.788469e+04   0.000000e+00   5126s
  120498    2.5468102e+03   5.186877e+04   0.000000e+00   5134s
  120658    2.5468177e+03   2.930458e+05   0.000000e+00   5143s
  120818    2.5468284e+03   4.568887e+04   0.000000e+00   5151s
  120968    2.5468381e+03   4.574677e+04   0.000000e+00   5159s
  121128    2.5468486e+03   1.791709e+05   0.000000e+00   5167s
  121288    2.5468575e+03   2.379211e+04   0.000000e+00   5176s
  121448    2.5468683e+03   5.285151e+05   0.000000e+00   5184s
  121608    2.5468782e+03   1.147884e+05   0.000000e+00   5192s
  121768    2.5468871e+03   1.298285e+05   0.000000e+00   5200s
  121928    2.5468935e+03   2.236052e+05   0.000000e+00   5208s
  122078    2.5469021e+03   3.282093e+04   0.000000e+00   5216s
  122228    2.5469118e+03   3.342816e+04   0.000000e+00   5224s
  122388    2.5469213e+03   3.003268e+04   0.000000e+00   5232s
  122548    2.5469294e+03   1.556092e+04   0.000000e+00   5240s
  122708    2.5469414e+03   2.854883e+04   0.000000e+00   5248s
  122858    2.5469498e+03   8.158371e+04   0.000000e+00   5256s
  123008    2.5469584e+03   4.121365e+05   0.000000e+00   5264s
  123158    2.5469675e+03   9.359232e+05   0.000000e+00   5272s
  123318    2.5469763e+03   2.284141e+05   0.000000e+00   5280s
  123468    2.5469851e+03   4.365327e+04   0.000000e+00   5288s
  123628    2.5469928e+03   1.715354e+04   0.000000e+00   5297s
  123788    2.5470004e+03   7.777975e+05   0.000000e+00   5305s
  123948    2.5470081e+03   1.859129e+04   0.000000e+00   5313s
  124128    2.5470171e+03   2.344231e+04   0.000000e+00   5322s
  124288    2.5470246e+03   5.541344e+04   0.000000e+00   5330s
  124458    2.5470319e+03   1.660375e+05   0.000000e+00   5339s
  124628    2.5470387e+03   6.661340e+04   0.000000e+00   5348s
  124798    2.5470472e+03   2.965530e+04   0.000000e+00   5356s
  124968    2.5470540e+03   6.230366e+04   0.000000e+00   5365s
  125138    2.5470626e+03   5.668607e+04   0.000000e+00   5374s
  125298    2.5470708e+03   7.328196e+05   0.000000e+00   5382s
  125458    2.5470767e+03   2.642008e+05   0.000000e+00   5390s
  125618    2.5470833e+03   1.952363e+05   0.000000e+00   5399s
  125778    2.5470899e+03   9.018776e+03   0.000000e+00   5407s
  125938    2.5470971e+03   9.152193e+04   0.000000e+00   5415s
  126098    2.5471036e+03   8.003990e+04   0.000000e+00   5424s
  126268    2.5471112e+03   1.133792e+05   0.000000e+00   5432s
  126428    2.5471203e+03   4.039910e+04   0.000000e+00   5441s
  126598    2.5471279e+03   3.235812e+06   0.000000e+00   5450s
  126758    2.5471342e+03   1.510079e+04   0.000000e+00   5458s
  126918    2.5471415e+03   1.414251e+05   0.000000e+00   5466s
  127078    2.5471461e+03   3.916725e+06   0.000000e+00   5475s
  127228    2.5471508e+03   2.017250e+05   0.000000e+00   5482s
  127388    2.5471561e+03   1.978302e+05   0.000000e+00   5491s
  127548    2.5471632e+03   4.751421e+04   0.000000e+00   5499s
  127708    2.5471687e+03   5.406789e+04   0.000000e+00   5507s
  127878    2.5471754e+03   2.224745e+05   0.000000e+00   5516s
  128038    2.5471815e+03   4.807329e+05   0.000000e+00   5525s
  128198    2.5471869e+03   7.901310e+03   0.000000e+00   5533s
  128348    2.5471922e+03   3.239340e+05   0.000000e+00   5541s
  128508    2.5471984e+03   1.131182e+05   0.000000e+00   5549s
  128668    2.5472061e+03   3.028449e+04   0.000000e+00   5558s
  128828    2.5472129e+03   3.400673e+04   0.000000e+00   5566s
  128988    2.5472195e+03   4.585014e+03   0.000000e+00   5575s
  129158    2.5472249e+03   1.880984e+04   0.000000e+00   5584s
  129318    2.5472304e+03   1.762413e+05   0.000000e+00   5593s
  129488    2.5472382e+03   1.759256e+04   0.000000e+00   5602s
  129658    2.5472455e+03   4.242374e+05   0.000000e+00   5610s
  129828    2.5472528e+03   3.957407e+05   0.000000e+00   5619s
  129998    2.5472589e+03   1.053828e+05   0.000000e+00   5628s
  130168    2.5472663e+03   2.005455e+05   0.000000e+00   5637s
  130338    2.5472730e+03   6.742459e+04   0.000000e+00   5646s
  130508    2.5472810e+03   2.522637e+04   0.000000e+00   5655s
  130678    2.5472874e+03   7.046197e+04   0.000000e+00   5664s
  130848    2.5472953e+03   1.214510e+05   0.000000e+00   5673s
  131018    2.5473017e+03   1.788441e+05   0.000000e+00   5682s
  131188    2.5473085e+03   6.279305e+04   0.000000e+00   5691s
  131358    2.5473142e+03   1.208818e+04   0.000000e+00   5700s
  131528    2.5473193e+03   1.176061e+05   0.000000e+00   5709s
  131698    2.5473262e+03   4.904501e+04   0.000000e+00   5718s
  131858    2.5473313e+03   1.665469e+04   0.000000e+00   5726s
  132008    2.5473364e+03   1.575261e+05   0.000000e+00   5734s
  132168    2.5473408e+03   1.491795e+04   0.000000e+00   5743s
  132328    2.5473449e+03   1.323650e+04   0.000000e+00   5751s
  132488    2.5473503e+03   5.426547e+04   0.000000e+00   5760s
  132648    2.5473559e+03   2.298041e+04   0.000000e+00   5768s
  132808    2.5473614e+03   5.671322e+04   0.000000e+00   5777s
  132968    2.5473666e+03   1.520356e+04   0.000000e+00   5785s
  133138    2.5473719e+03   7.165224e+04   0.000000e+00   5794s
  133298    2.5473755e+03   4.258006e+04   0.000000e+00   5802s
  133458    2.5473802e+03   3.925017e+04   0.000000e+00   5811s
  133608    2.5473849e+03   9.757784e+04   0.000000e+00   5819s
  133768    2.5473892e+03   1.687532e+04   0.000000e+00   5828s
  133918    2.5473940e+03   5.134817e+04   0.000000e+00   5836s
  134078    2.5473984e+03   1.022718e+04   0.000000e+00   5844s
  134238    2.5474040e+03   5.396796e+04   0.000000e+00   5852s
  134408    2.5474091e+03   1.642186e+05   0.000000e+00   5861s
  134598    2.5474147e+03   1.939603e+04   0.000000e+00   5870s
  134778    2.5474198e+03   9.390093e+04   0.000000e+00   5880s
  134948    2.5474249e+03   1.645574e+04   0.000000e+00   5889s
  135128    2.5474299e+03   3.387611e+04   0.000000e+00   5898s
  135298    2.5474345e+03   1.062449e+06   0.000000e+00   5907s
  135468    2.5474402e+03   3.410262e+05   0.000000e+00   5915s
  135628    2.5474455e+03   3.204325e+04   0.000000e+00   5924s
  135798    2.5474516e+03   8.581878e+03   0.000000e+00   5932s
  135968    2.5474561e+03   6.937390e+05   0.000000e+00   5941s
  136138    2.5474613e+03   4.713205e+04   0.000000e+00   5950s
  136308    2.5474665e+03   1.840033e+04   0.000000e+00   5959s
  136488    2.5474718e+03   2.848197e+04   0.000000e+00   5968s
  136668    2.5474761e+03   2.535096e+04   0.000000e+00   5977s
  136838    2.5474803e+03   1.252848e+04   0.000000e+00   5986s
  137008    2.5474844e+03   1.789222e+04   0.000000e+00   5994s
  137168    2.5474879e+03   4.540249e+05   0.000000e+00   6003s
  137338    2.5474914e+03   1.163765e+04   0.000000e+00   6011s
  137508    2.5474954e+03   5.258811e+03   0.000000e+00   6020s
  137668    2.5474992e+03   3.264599e+04   0.000000e+00   6028s
  137828    2.5475033e+03   1.929106e+04   0.000000e+00   6036s
  138008    2.5475081e+03   3.807452e+04   0.000000e+00   6046s
  138168    2.5475119e+03   6.576616e+05   0.000000e+00   6054s
  138338    2.5475157e+03   2.159274e+04   0.000000e+00   6063s
  138508    2.5475199e+03   4.217112e+03   0.000000e+00   6071s
  138668    2.5475238e+03   1.277179e+04   0.000000e+00   6080s
  138838    2.5475284e+03   7.034686e+03   0.000000e+00   6089s
  138998    2.5475322e+03   1.038786e+05   0.000000e+00   6098s
  139168    2.5475359e+03   4.368131e+04   0.000000e+00   6106s
  139338    2.5475398e+03   4.358799e+04   0.000000e+00   6115s
  139528    2.5475438e+03   4.065691e+03   0.000000e+00   6125s
  139708    2.5475481e+03   2.738474e+04   0.000000e+00   6134s
  139878    2.5475517e+03   1.352022e+04   0.000000e+00   6143s
  140058    2.5475554e+03   1.422994e+04   0.000000e+00   6152s
  140218    2.5475589e+03   7.777102e+03   0.000000e+00   6160s
  140398    2.5475636e+03   4.653212e+03   0.000000e+00   6169s
  140568    2.5475669e+03   4.461876e+03   0.000000e+00   6178s
  140738    2.5475702e+03   1.579033e+04   0.000000e+00   6187s
  140908    2.5475738e+03   1.583256e+04   0.000000e+00   6196s
  141078    2.5475784e+03   1.627254e+04   0.000000e+00   6205s
  141238    2.5475820e+03   3.100105e+04   0.000000e+00   6213s
  141418    2.5475855e+03   1.480313e+04   0.000000e+00   6222s
  141588    2.5475906e+03   1.302742e+05   0.000000e+00   6231s
  141758    2.5475948e+03   7.113556e+03   0.000000e+00   6240s
  141938    2.5475992e+03   1.779650e+04   0.000000e+00   6250s
  142108    2.5476028e+03   1.501617e+05   0.000000e+00   6259s
  142278    2.5476059e+03   5.483825e+03   0.000000e+00   6268s
  142448    2.5476092e+03   7.892533e+03   0.000000e+00   6277s
  142628    2.5476122e+03   6.262671e+04   0.000000e+00   6286s
  142798    2.5476147e+03   4.299352e+04   0.000000e+00   6295s
  142978    2.5476179e+03   1.310285e+04   0.000000e+00   6305s
  143168    2.5476210e+03   1.546064e+04   0.000000e+00   6314s
  143358    2.5476242e+03   1.020196e+04   0.000000e+00   6324s
  143548    2.5476283e+03   1.664363e+05   0.000000e+00   6333s
  143728    2.5476313e+03   1.753527e+03   0.000000e+00   6343s
  143908    2.5476345e+03   9.479670e+04   0.000000e+00   6352s
  144088    2.5476376e+03   1.206052e+04   0.000000e+00   6361s
  144268    2.5476407e+03   2.235984e+05   0.000000e+00   6371s
  144448    2.5476429e+03   1.776419e+04   0.000000e+00   6380s
  144618    2.5476454e+03   8.836145e+04   0.000000e+00   6389s
  144798    2.5476481e+03   3.909196e+04   0.000000e+00   6398s
  144978    2.5476512e+03   1.093750e+04   0.000000e+00   6408s
  145168    2.5476541e+03   5.195001e+03   0.000000e+00   6417s
  145348    2.5476579e+03   4.363452e+04   0.000000e+00   6426s
  145528    2.5476612e+03   6.638280e+03   0.000000e+00   6435s
  145708    2.5476637e+03   3.553348e+04   0.000000e+00   6445s
  145878    2.5476661e+03   3.859466e+03   0.000000e+00   6453s
  146068    2.5476691e+03   2.090046e+03   0.000000e+00   6463s
  146248    2.5476716e+03   7.399751e+03   0.000000e+00   6472s
  146428    2.5476741e+03   1.807894e+04   0.000000e+00   6481s
  146618    2.5476765e+03   8.936856e+04   0.000000e+00   6490s
  146798    2.5476786e+03   4.450825e+03   0.000000e+00   6499s
  146988    2.5476815e+03   7.440672e+03   0.000000e+00   6509s
  147168    2.5476845e+03   2.121431e+04   0.000000e+00   6518s
  147348    2.5476875e+03   5.478829e+03   0.000000e+00   6527s
  147528    2.5476899e+03   4.139575e+04   0.000000e+00   6536s
  147708    2.5476921e+03   1.977300e+04   0.000000e+00   6546s
  147888    2.5476945e+03   1.710658e+04   0.000000e+00   6554s
  148078    2.5476968e+03   1.591084e+03   0.000000e+00   6564s
  148278    2.5476994e+03   2.860816e+03   0.000000e+00   6574s
  148498    2.5477020e+03   3.526793e+04   0.000000e+00   6584s
  148698    2.5477043e+03   2.130429e+05   0.000000e+00   6593s
  148898    2.5477066e+03   5.516591e+03   0.000000e+00   6604s
  149098    2.5477091e+03   3.971464e+03   0.000000e+00   6613s
  149318    2.5477114e+03   1.312108e+03   0.000000e+00   6624s
  149518    2.5477141e+03   1.432414e+04   0.000000e+00   6634s
  149718    2.5477164e+03   1.206751e+04   0.000000e+00   6644s
  149918    2.5477186e+03   4.211216e+03   0.000000e+00   6654s
  150108    2.5477206e+03   1.138948e+04   0.000000e+00   6663s
  150308    2.5477226e+03   3.751353e+03   0.000000e+00   6673s
  150508    2.5477245e+03   7.787604e+03   0.000000e+00   6683s
  150708    2.5477268e+03   7.171014e+02   0.000000e+00   6693s
  150908    2.5477291e+03   9.306669e+02   0.000000e+00   6703s
  151108    2.5477312e+03   5.101887e+04   0.000000e+00   6713s
  151308    2.5477330e+03   4.319693e+03   0.000000e+00   6722s
  151498    2.5477343e+03   4.216430e+03   0.000000e+00   6731s
  151698    2.5477359e+03   3.789338e+04   0.000000e+00   6741s
  151898    2.5477377e+03   7.135120e+03   0.000000e+00   6751s
  152078    2.5477389e+03   1.183380e+03   0.000000e+00   6760s
  152278    2.5477407e+03   9.116814e+02   0.000000e+00   6769s
  152488    2.5477427e+03   1.638937e+03   0.000000e+00   6779s
  152688    2.5477444e+03   6.528126e+02   0.000000e+00   6789s
  152888    2.5477462e+03   1.633377e+03   0.000000e+00   6799s
  153098    2.5477477e+03   2.555328e+03   0.000000e+00   6809s
  153298    2.5477497e+03   1.097036e+03   0.000000e+00   6819s
  153508    2.5477513e+03   1.203044e+03   0.000000e+00   6829s
  153718    2.5477528e+03   1.085700e+04   0.000000e+00   6839s
  153918    2.5477540e+03   2.346625e+02   0.000000e+00   6849s
  154138    2.5477552e+03   7.397120e+02   0.000000e+00   6859s
  154348    2.5477561e+03   1.489058e+02   0.000000e+00   6869s
  154417    2.5477419e+03   0.000000e+00   0.000000e+00   6875s

Root relaxation: objective 2.547742e+03, 154417 iterations, 6612.31 seconds (15545.92 work units)

    Nodes    |    Current Node    |     Objective Bounds      |     Work
 Expl Unexpl |  Obj  Depth IntInf | Incumbent    BestBd   Gap | It/Node Time

     0     0 2547.74194    0 4308 5075.00000 2547.74194  49.8%     - 6879s
H    0     0                    2872.0000000 2547.74194  11.3%     - 6879s
H    0     0                    2871.0000000 2547.74194  11.3%     - 6879s
H    0     0                    2870.0000000 2547.74194  11.2%     - 6880s
H    0     0                    2842.0000000 2547.74194  10.4%     - 6935s
H    0     0                    2760.0000000 2547.74194  7.69%     - 6935s
H    0     0                    2759.0000000 2547.74194  7.66%     - 6935s
H    0     0                    2729.0000000 2547.74194  6.64%     - 6936s
H    0     0                    2727.0000000 2547.74194  6.57%     - 6936s
H    0     0                    2722.0000000 2547.74194  6.40%     - 6936s
H    0     0                    2714.0000000 2547.74194  6.13%     - 6974s
H    0     0                    2713.0000000 2547.74194  6.09%     - 6974s
H    0     0                    2705.0000000 2547.74194  5.81%     - 6982s
H    0     0                    2704.0000000 2547.74194  5.78%     - 7004s
H    0     0                    2697.0000000 2547.74194  5.53%     - 7005s
H    0     0                    2696.0000000 2547.74194  5.50%     - 7022s
H    0     0                    2695.0000000 2547.74194  5.46%     - 7022s
H    0     0                    2691.0000000 2547.74194  5.32%     - 7050s
H    0     0                    2689.0000000 2547.74194  5.25%     - 7050s
H    0     0                    2688.0000000 2547.74194  5.22%     - 7091s
H    0     0                    2687.0000000 2547.74194  5.18%     - 7091s
H    0     0                    2684.0000000 2547.74194  5.08%     - 7161s
H    0     0                    2683.0000000 2547.74194  5.04%     - 7161s
H    0     0                    2682.0000000 2547.74194  5.01%     - 7237s
H    0     0                    2681.0000000 2547.74194  4.97%     - 7303s
H    0     0                    2680.0000000 2547.74194  4.94%     - 7303s
H    0     0                    2679.0000000 2547.74194  4.90%     - 7365s
H    0     0                    2677.0000000 2547.74194  4.83%     - 7423s
H    0     0                    2676.0000000 2547.74194  4.79%     - 7491s
H    0     0                    2675.0000000 2547.74194  4.76%     - 7522s
H    0     0                    2674.0000000 2547.74194  4.72%     - 7720s
H    0     0                    2672.0000000 2547.74194  4.65%     - 7891s
H    0     0                    2671.0000000 2547.74194  4.61%     - 8446s
H    0     0                    2670.0000000 2547.74194  4.58%     - 10288s
     0     0          -    0      2670.00000 2547.74194  4.58%     - 14400s

Cutting planes:
  Lift-and-project: 1

Explored 1 nodes (184228 simplex iterations) in 14400.23 seconds (32557.14 work units)
Thread count was 32 (of 32 available processors)

Solution count 10: 2670 2671 2672 ... 2681

Time limit reached
Best objective 2.670000000000e+03, best bound 2.548000000000e+03, gap 4.5693%

User-callback calls 924834, time in user-callback 2.90 sec
