
Gurobi 13.0.2 (linux64) logging started Sat Jun 27 00:01:01 2026

Set parameter LogFile to value "/tmp/sweep_20260626_235454_china_alt260km_s1_i2_v6_gurobi.log"
Set parameter Method to value 1
Set parameter NodefileStart to value 4
Set parameter RINS to value 50
Gurobi Optimizer version 13.0.2 build v13.0.2rc1 (linux64 - "Debian GNU/Linux 13 (trixie)")

CPU model: Intel(R) Xeon(R) Platinum 8375C CPU @ 2.90GHz, instruction set [SSE2|AVX|AVX2|AVX512]
Thread count: 16 physical cores, 32 logical processors, using up to 32 threads

Non-default parameters:
TimeLimit  10800
MIPGap  0.01
Method  1
LPWarmStart  1
Heuristics  0.2
MIPFocus  1
NodefileStart  4
RINS  50
Symmetry  2
Cuts  2
CoverCuts  2
LogToConsole  0

Academic license 2812613 - for non-commercial use only - registered to no___@gatech.edu
Optimize a model with 196014 rows, 7180 columns and 9609712 nonzeros (Min)
Model fingerprint: 0x09706cf2
Model has 7180 linear objective coefficients
Variable types: 0 continuous, 7180 integer (7180 binary)
Coefficient statistics:
  Matrix range     [1e+00, 1e+00]
  Objective range  [1e+00, 1e+00]
  Bounds range     [1e+00, 1e+00]
  RHS range        [1e+00, 1e+00]

Found heuristic solution: objective 718.0000000
Presolve removed 0 rows and 0 columns (presolve time = 5s)...
Presolve removed 172320 rows and 0 columns
Presolve time: 7.94s
Presolved: 23694 rows, 7180 columns, 903962 nonzeros
Variable types: 0 continuous, 7180 integer (7180 binary)
Performing another presolve...
Presolve removed 718 rows and 0 columns
Presolve time: 1.44s

Root simplex log...

Iteration    Objective       Primal Inf.    Dual Inf.      Time
       0    0.0000000e+00   2.297600e+04   0.000000e+00     10s

Root relaxation: interrupted, 711 iterations, 0.05 seconds (0.03 work units)

    Nodes    |    Current Node    |     Objective Bounds      |     Work
 Expl Unexpl |  Obj  Depth IntInf | Incumbent    BestBd   Gap | It/Node Time

     0     0          -    0       718.00000  711.00000  0.97%     -   10s

Explored 1 nodes (711 simplex iterations) in 10.07 seconds (7.88 work units)
Thread count was 32 (of 32 available processors)

Solution count 1: 718 

Optimal solution found (tolerance 1.00e-02)
Best objective 7.180000000000e+02, best bound 7.110000000000e+02, gap 0.9749%

User-callback calls 252, time in user-callback 0.00 sec
