
Gurobi 13.0.2 (linux64) logging started Fri Jul 17 20:43:33 2026

Set parameter LogFile to value "/tmp/sweep_20260716_013919_north-korea_alt400km_s10_i6_v4_gurobi.log"
Set parameter Method to value 1
Set parameter NodefileStart to value 4
Set parameter RINS to value 50
Gurobi Optimizer version 13.0.2 build v13.0.2rc1 (linux64 - "Debian GNU/Linux 13 (trixie)")

CPU model: Intel(R) Xeon(R) Platinum 8375C CPU @ 2.90GHz, instruction set [SSE2|AVX|AVX2|AVX512]
Thread count: 16 physical cores, 32 logical processors, using up to 32 threads

Non-default parameters:
TimeLimit  14400
MIPGap  0.001
Method  1
LPWarmStart  1
Heuristics  0.2
MIPFocus  1
NodefileStart  4
RINS  50
Symmetry  2
Cuts  2
CoverCuts  2
LogToConsole  0

Academic license 2812613 - for non-commercial use only - registered to no___@gatech.edu
Optimize a model with 2872 rows, 14360 columns and 202476 nonzeros (Min)
Model fingerprint: 0x426792f7
Model has 14360 linear objective coefficients
Variable types: 0 continuous, 14360 integer (14360 binary)
Coefficient statistics:
  Matrix range     [1e+00, 1e+00]
  Objective range  [1e+00, 1e+00]
  Bounds range     [1e+00, 1e+00]
  RHS range        [2e+00, 2e+00]

Found heuristic solution: objective 718.0000000
Presolve time: 0.13s
Presolved: 2872 rows, 14360 columns, 202476 nonzeros
Variable types: 0 continuous, 14360 integer (14360 binary)

Root simplex log...

Iteration    Objective       Primal Inf.    Dual Inf.      Time
   11925    3.0586359e+02   2.020030e+04   0.000000e+00      5s
   17965    3.1295613e+02   2.468306e+03   0.000000e+00     10s
   22845    3.1629272e+02   5.045350e+03   0.000000e+00     15s
   27175    3.1811756e+02   1.874410e+03   0.000000e+00     20s
   31245    3.1862162e+02   2.076713e+03   0.000000e+00     25s
   35175    3.1885556e+02   1.491244e+03   0.000000e+00     30s
   39475    3.1895482e+02   8.519654e+03   0.000000e+00     35s
   44325    3.1901503e+02   6.526527e+03   0.000000e+00     40s
Warning: Markowitz tolerance tightened to 0.03125
   49935    3.1906159e+02   3.842882e+03   0.000000e+00     45s
   55265    3.1907793e+02   1.041796e+05   0.000000e+00     50s
   60435    3.1908662e+02   5.546035e+02   0.000000e+00     55s
Warning: Markowitz tolerance tightened to 0.125
   65155    3.1909874e+02   5.929256e+06   0.000000e+00     60s
   69965    3.1910898e+02   2.002698e+05   0.000000e+00     65s
   74455    3.1911050e+02   2.701395e+05   0.000000e+00     70s
   78515    3.1911143e+02   2.426382e+04   0.000000e+00     75s
   82025    3.1911163e+02   3.321475e+03   0.000000e+00     80s
   84565    3.1911111e+02   0.000000e+00   0.000000e+00     84s

Root relaxation: objective 3.191111e+02, 84565 iterations, 84.15 seconds (185.40 work units)

    Nodes    |    Current Node    |     Objective Bounds      |     Work
 Expl Unexpl |  Obj  Depth IntInf | Incumbent    BestBd   Gap | It/Node Time

     0     0  319.11111    0 1436  718.00000  319.11111  55.6%     -   96s
H    0     0                     707.0000000  319.11111  54.9%     -   96s
H    0     0                     488.0000000  319.11111  34.6%     -   98s
H    0     0                     468.0000000  319.11111  31.8%     -   98s
H    0     0                     446.0000000  319.11111  28.5%     -   98s
H    0     0                     445.0000000  319.11111  28.3%     -   98s
H    0     0                     438.0000000  319.11111  27.1%     -   98s
H    0     0                     437.0000000  319.11111  27.0%     -  100s
H    0     0                     436.0000000  319.11111  26.8%     -  100s
H    0     0                     433.0000000  319.11111  26.3%     -  101s
H    0     0                     431.0000000  319.11111  26.0%     -  101s
H    0     0                     430.0000000  319.11111  25.8%     -  101s
H    0     0                     428.0000000  319.11111  25.4%     -  101s
H    0     0                     427.0000000  319.11111  25.3%     -  102s
H    0     0                     426.0000000  319.11111  25.1%     -  102s
H    0     0                     425.0000000  319.11111  24.9%     -  102s
H    0     0                     424.0000000  319.11111  24.7%     -  102s
H    0     0                     423.0000000  319.11111  24.6%     -  102s
H    0     0                     422.0000000  319.11111  24.4%     -  102s
H    0     0                     421.0000000  319.11111  24.2%     -  102s
H    0     0                     420.0000000  319.11111  24.0%     -  103s
H    0     0                     418.0000000  319.11111  23.7%     -  103s
H    0     0                     417.0000000  319.11111  23.5%     -  103s
H    0     0                     415.0000000  319.11111  23.1%     -  103s
H    0     0                     414.0000000  319.11111  22.9%     -  103s
H    0     0                     403.0000000  319.11111  20.8%     -  109s
H    0     0                     393.0000000  319.11111  18.8%     -  109s
H    0     0                     389.0000000  319.11111  18.0%     -  109s
H    0     0                     388.0000000  319.11111  17.8%     -  109s
H    0     0                     387.0000000  319.11111  17.5%     -  109s
H    0     0                     385.0000000  319.11111  17.1%     -  109s
H    0     0                     383.0000000  319.11111  16.7%     -  109s
H    0     0                     382.0000000  319.11111  16.5%     -  109s
H    0     0                     381.0000000  319.11111  16.2%     -  110s
H    0     0                     378.0000000  319.11111  15.6%     -  110s
H    0     0                     377.0000000  319.11111  15.4%     -  110s
H    0     0                     376.0000000  319.11111  15.1%     -  110s
H    0     0                     375.0000000  319.11111  14.9%     -  110s
H    0     0                     374.0000000  319.11111  14.7%     -  110s
H    0     0                     373.0000000  319.11111  14.4%     -  110s
H    0     0                     372.0000000  319.11111  14.2%     -  110s
H    0     0                     371.0000000  319.11111  14.0%     -  110s
H    0     0                     370.0000000  319.11111  13.8%     -  110s
     0     0  319.11111    0 1436  370.00000  319.11111  13.8%     -  154s
     0     0  319.11111    0 1436  370.00000  319.11111  13.8%     -  163s
H    0     0                     358.0000000  319.11111  10.9%     -  192s
H    0     0                     356.0000000  319.11111  10.4%     -  192s
H    0     0                     355.0000000  319.11111  10.1%     -  193s
H    0     0                     352.0000000  319.11111  9.34%     -  196s
H    0     0                     351.0000000  319.11111  9.09%     -  196s
H    0     0                     349.0000000  319.11111  8.56%     -  196s
H    0     0                     346.0000000  319.11111  7.77%     -  196s
H    0     0                     344.0000000  319.11111  7.24%     -  196s
H    0     0                     341.0000000  319.11111  6.42%     -  196s
H    0     0                     340.0000000  319.11111  6.14%     -  197s
H    0     0                     339.0000000  319.11111  5.87%     -  197s
H    0     0                     338.0000000  319.11111  5.59%     -  198s
H    0     0                     337.0000000  319.11111  5.31%     -  198s
H    0     0                     336.0000000  319.11111  5.03%     -  198s
H    0     0                     335.0000000  319.11111  4.74%     -  198s
H    0     0                     334.0000000  319.11111  4.46%     -  205s
     0     2  319.11111    0 1436  334.00000  319.11111  4.46%     -  228s
     1     4  319.11111    1 1436  334.00000  319.11111  4.46%  1301  243s
     2     4  319.43040    1 2642  334.00000  319.11111  4.46%  1418  245s
     3     6  319.47714    2 2700  334.00000  319.11111  4.46%   955  256s
     5    10  319.71595    3 2550  334.00000  319.11111  4.46%   648  276s
     9    18  319.77795    4 2565  334.00000  319.11111  4.46%   413  296s
    15    18  319.96819    4 2516  334.00000  319.11111  4.46%   303  301s
    17    34  319.80128    5 2623  334.00000  319.11111  4.46%   287  330s
    30    34  320.09273    5 2601  334.00000  319.11111  4.46%   275  341s
    33    38  319.77203    6 2663  334.00000  319.11111  4.46%   296  363s
    37    50  319.97487    7 2609  334.00000  319.11111  4.46%   340  394s
    39    50  320.20323    7 2531  334.00000  319.11111  4.46%   340  397s
    51    66  320.00692    8 2504  334.00000  319.59641  4.31%   492  432s
    58    66  320.23117    8 2366  334.00000  319.59641  4.31%   465  436s
    67    82  320.05299    9 2509  334.00000  319.59641  4.31%   440  454s
    83    98  320.16098   10 2617  334.00000  319.59641  4.31%   598  471s
    99   114  320.17864   11 2565  334.00000  319.59641  4.31%   584  494s
H  106   114                     333.0000000  319.59641  4.03%   654  494s
   115   190  320.17934   12 2595  333.00000  319.59641  4.03%   616  507s
   191   205  320.40584   17 2561  333.00000  319.59641  4.03%   579  538s
   206   244  320.43182   18 2572  333.00000  319.59641  4.03%   554  555s
   245   283  321.02391   23 2396  333.00000  319.59641  4.03%   513  574s
   284   308  321.26421   28 2291  333.00000  319.59641  4.03%   488  592s
   309   345  321.46895   30 2214  333.00000  319.59641  4.03%   473  612s
   346   385  321.76373   35 2105  333.00000  319.59641  4.03%   471  633s
   386   416  322.17599   40 2070  333.00000  319.59641  4.03%   471  652s
   417   441  322.63386   45 2103  333.00000  319.59641  4.03%   493  671s
   442   471  322.79100   47 2031  333.00000  319.59641  4.03%   500  691s
   472   492  323.02956   53 2104  333.00000  319.59641  4.03%   510  710s
   493   513  323.17825   55 2078  333.00000  319.59641  4.03%   523  731s
   514   529  323.30138   57 2107  333.00000  319.59641  4.03%   530  760s
   530   545  323.38213   58 2125  333.00000  319.59641  4.03%   540  782s
   546   561  323.40923   59 2133  333.00000  319.59641  4.03%   538  796s
   562   577  323.44161   60 2082  333.00000  319.59641  4.03%   537  814s
   578   593  323.48165   61 2080  333.00000  319.59641  4.03%   536  828s
   594   610  323.55509   62 2134  333.00000  319.59641  4.03%   550  842s
   611   626  323.65959   63 2139  333.00000  319.59641  4.03%   556  856s
   627   642  323.68246   64 2128  333.00000  319.59641  4.03%   556  886s
   643   662  323.75096   65 2131  333.00000  319.59641  4.03%   558  915s
   663   679  323.83114   66 2120  333.00000  319.59641  4.03%   568  941s
   680   701  323.99369   67 2149  333.00000  319.59641  4.03%   569  964s
   702   722  324.12281   68 2133  333.00000  319.59641  4.03%   570  985s
   723   749  324.15340   69 2108  333.00000  319.59641  4.03%   573 1000s
   750   765  324.27767   70 2096  333.00000  319.59641  4.03%   589 1015s
   766   781  324.33054   71 2106  333.00000  319.59641  4.03%   589 1029s
   782   797  324.46839   72 2050  333.00000  319.59641  4.03%   592 1056s
   798   813  324.51648   73 2080  333.00000  319.59641  4.03%   594 1094s
   814   839  324.62554   74 2059  333.00000  319.59641  4.03%   598 1110s
   840   861  324.65677   75 2077  333.00000  319.59641  4.03%   608 1148s
   862   887  324.81789   76 2006  333.00000  319.59641  4.03%   611 1164s
   888   913  324.92830   77 2013  333.00000  319.59641  4.03%   607 1196s
   914   973  324.95289   78 1994  333.00000  319.59641  4.03%   610 1212s
   974  1004  324.98806   79 2018  333.00000  319.59641  4.03%   600 1231s
  1005  1020  325.01179   80 1994  333.00000  319.59641  4.03%   598 1261s
  1021  1036  325.15410   81 1978  333.00000  319.59641  4.03%   600 1281s
  1037  1052  325.16480   82 1980  333.00000  319.59641  4.03%   601 1299s
H 1050  1052                     332.0000000  319.59641  3.74%   608 1299s
H 1053  1135                     330.0000000  319.59641  3.15%   609 1323s
  1136  1200  325.93287   93 2038  330.00000  319.59641  3.15%   620 1346s
  1201  1227  327.12019  103 1864  330.00000  319.59641  3.15%   648 1375s
  1234  1256  327.15306  104 1901  330.00000  319.59641  3.15%   653 1402s
  1263  1291  327.16488  105 1876  330.00000  319.59641  3.15%   657 1426s
  1298  1319  327.23462  106 1858  330.00000  319.59641  3.15%   665 1456s
  1326  1362  327.27394  107 1854  330.00000  319.59641  3.15%   665 1483s
  1369  1441  327.90733  117 1895  330.00000  319.59641  3.15%   666 1516s
  1448  1471  328.65018  135 1843  330.00000  319.59641  3.15%   675 1571s
  1478  1487  328.94372  138 1806  330.00000  319.59641  3.15%   676 1603s
  1494  1503  328.96153  139 1824  330.00000  319.59641  3.15%   675 1663s
  1510  1543     cutoff  140       330.00000  319.59641  3.15%   675 1687s
  1562  1597  328.89508  139 1834  330.00000  319.59641  3.15%   678 1715s
  1616  1660     cutoff  140       330.00000  319.59641  3.15%   675 1749s
  1693  1704  328.99180  141 1816  330.00000  319.59641  3.15%   671 1780s
  1737  1726     cutoff  142       330.00000  319.59641  3.15%   669 1808s
  1765  1797  328.99655  140 1775  330.00000  319.59641  3.15%   670 1835s
  1852  1916     cutoff  141       330.00000  319.59641  3.15%   667 1869s
  1855  1916  319.99151    7 2542  330.00000  319.59641  3.15%   666 1871s
  1976  1916  325.23086   88 2227  330.00000  319.59641  3.15%   652 1875s
  2006  2084  321.20647   28 2446  330.00000  319.59641  3.15%   650 1906s
  2202  2101  323.10197   54 2207  330.00000  319.59641  3.15%   646 1962s
  2226  2102  326.55378   58 1436  330.00000  319.59641  3.15%   645 2132s
  2228  2103  319.99147    9 1436  330.00000  319.59641  3.15%   644 2263s
  2229  2104  326.85733   63 1436  330.00000  319.59641  3.15%   644 2280s
  2230  2105  326.47989  129 1436  330.00000  319.59641  3.15%   644 2328s
  2231  2108  319.59641   12 1436  330.00000  319.59641  3.15%   687 2349s
  2233  2110  319.59641   13 2700  330.00000  319.59641  3.15%   687 2354s
  2235  2113  319.71595   14 2550  330.00000  319.59641  3.15%   686 2361s
  2239  2120  319.77795   15 2565  330.00000  319.59641  3.15%   685 2368s
  2247  2133  319.80128   16 2623  330.00000  319.59641  3.15%   683 2395s
  2263  2144  319.83393   17 2641  330.00000  319.59641  3.15%   681 2431s
  2279  2154  319.85480   18 2668  330.00000  319.59641  3.15%   676 2461s
  2295  2165  320.01665   18 2618  330.00000  319.59641  3.15%   673 2492s
  2311  2176  320.08643   19 2631  330.00000  319.59641  3.15%   671 2527s
  2327  2186  320.14911   19 2329  330.00000  319.59641  3.15%   667 2557s
  2343  2197  320.18387   20 2325  330.00000  319.59641  3.15%   665 2612s
  2359  2208  320.26609   20 2520  330.00000  319.59641  3.15%   661 2663s
  2375  2218  320.30124   21 2490  330.00000  319.59641  3.15%   660 2694s
  2391  2229  320.44986   21 2403  330.00000  319.59641  3.15%   657 2752s
  2407  2241  320.47318   22 2423  330.00000  319.59641  3.15%   654 2789s
  2424  2252  320.68680   23 2331  330.00000  319.59641  3.15%   651 2845s
  2441  2266  320.95341   23 2513  330.00000  319.59641  3.15%   649 2878s
  2461  2282  320.99626   24 2457  330.00000  319.59641  3.15%   647 2923s
  2483  2308  321.11211   24 2418  330.00000  319.59641  3.15%   644 2950s
  2517  2337  321.12656   25 2419  330.00000  319.59641  3.15%   640 2978s
  2557  2364  321.28924   25 2344  330.00000  319.59641  3.15%   638 3009s
  2597  2384  321.30017   26 2300  330.00000  319.59641  3.15%   635 3037s
  2631  2389  321.50018   26 2348  330.00000  319.59641  3.15%   633 3062s
  2647  2400  321.50018   27 2348  330.00000  319.59641  3.15%   634 3086s
  2663  2410  321.75670   27 2350  330.00000  319.59641  3.15%   633 3110s
  2679  2421  321.77197   28 2336  330.00000  319.59641  3.15%   632 3149s
  2695  2432  321.92465   28 2304  330.00000  319.59641  3.15%   632 3208s
  2711  2442  321.98767   29 2246  330.00000  319.59641  3.15%   632 3237s
  2727  2453  321.96579   29 2252  330.00000  319.59641  3.15%   631 3288s
  2743  2464  322.02074   30 2303  330.00000  319.59641  3.15%   630 3318s
  2759  2474  322.19498   30 2197  330.00000  319.59641  3.15%   631 3345s
  2775  2485  322.20117   31 2215  330.00000  319.59641  3.15%   632 3371s
  2791  2496  322.43027   31 2176  330.00000  319.59641  3.15%   632 3427s
  2807  2513  322.32551   32 2211  330.00000  319.59641  3.15%   632 3464s
  2830  2532  322.28728   32 2168  330.00000  319.59641  3.15%   633 3500s
  2856  2568  322.34945   33 2222  330.00000  319.59641  3.15%   633 3541s
  2901  2601  322.45434   33 2042  330.00000  319.59641  3.15%   640 3631s
  2949  2608  322.48153   34 1972  330.00000  319.59641  3.15%   644 3679s
  2972  2625  322.68646   34 2069  330.00000  319.59641  3.15%   651 3723s
  2997  2636  322.72935   35 2151  330.00000  319.59641  3.15%   651 3818s
  3016  2646  322.91595   35 1958  330.00000  319.59641  3.15%   652 3915s
  3032  2656  322.94425   36 1968  330.00000  319.59641  3.15%   653 4013s
  3048  2671  323.16203   36 1940  330.00000  319.59641  3.15%   654 4046s
  3068  2680  323.19930   37 1955  330.00000  319.59641  3.15%   656 4077s
  3084  2697  323.43633   37 1880  330.00000  319.59641  3.15%   656 4112s
  3106  2762  323.45145   38 1895  330.00000  319.59641  3.15%   658 4145s
  3178  2853  324.61061   43 1836  330.00000  319.59641  3.15%   675 4177s
  3293  2868  325.37328   49 1822  330.00000  319.59641  3.15%   692 4216s
  3347  2883  325.72358   53 1770  330.00000  319.59641  3.15%   707 4253s
  3380  2944  325.86146   54 1747  330.00000  319.59641  3.15%   709 4295s
  3452  3011  326.05781   54 1698  330.00000  319.59641  3.15%   715 4329s
  3543  3046  326.05804   55 1715  330.00000  319.59641  3.15%   722 4368s
  3608  3056  326.22555   55 1721  330.00000  319.59641  3.15%   729 4413s
  3642  3080  327.25686   64 1678  330.00000  319.59641  3.15%   733 4458s
  3691  3078  328.04461   69 1583  330.00000  319.59641  3.15%   738 4507s
  3709  3118  328.13624   69 1574  330.00000  319.59641  3.15%   740 4555s
  3761  3171  328.27961   70 1540  330.00000  319.59641  3.15%   744 4605s
  3852  3230  328.72466   73 1526  330.00000  319.59641  3.15%   754 4661s
  3977  3216  320.03755   23 2529  330.00000  319.60050  3.15%   759 4729s
  4013  3240  320.27465   27 2587  330.00000  319.60050  3.15%   760 4783s
  4053  3340  320.29401   28 2559  330.00000  319.60050  3.15%   766 4848s
  4208  3530  320.32619   29 2586  330.00000  319.69018  3.12%   771 4901s
  4506  3774  322.35729   54 2307  330.00000  319.69018  3.12%   770 4940s
  4935  3857  323.94296   83 2198  330.00000  319.74745  3.11%   767 4991s
  5179  3795  325.09852   99 2183  330.00000  319.74745  3.11%   763 5056s
  5198  3806  325.11396  100 2169  330.00000  319.74745  3.11%   769 5103s
  5216  3839  325.17605  101 2181  330.00000  319.74745  3.11%   771 5151s
  5281  3874  325.25891  102 2203  330.00000  319.74745  3.11%   774 5200s
  5373  3930  325.29592  103 2198  330.00000  319.74745  3.11%   780 5281s
  5470  4098  325.38611  104 2220  330.00000  319.74745  3.11%   772 5338s
  5670  4257  325.38958  105 2240  330.00000  319.74745  3.11%   756 5404s
  5896  4198  327.53070  136 2078  330.00000  319.74745  3.11%   740 5479s
  5912  4208  327.62185  137 2015  330.00000  319.74745  3.11%   740 5529s
  5928  4274  327.65140  138 2065  330.00000  319.74745  3.11%   740 5598s
  5999  4271  327.74324  139 2074  330.00000  319.74745  3.11%   736 5652s
  6020  4404  327.80901  141 2038  330.00000  319.74745  3.11%   736 5714s
  6160  4487  327.95351  142 1991  330.00000  319.74745  3.11%   726 5784s
  6289  4493  327.97908  143 1984  330.00000  319.74745  3.11%   721 5883s
  6338  4557  328.08523  144 1995  330.00000  319.74745  3.11%   721 5947s
  6429  4627  321.71600   55 2264  330.00000  319.74745  3.11%   717 6011s
  6529  4688  322.39093   77 2471  330.00000  319.74745  3.11%   715 6082s
  6637  4707  322.48283   78 2566  330.00000  319.74745  3.11%   710 6176s
  6692  4726  322.50972   79 2478  330.00000  319.74745  3.11%   712 6272s
  6730  4848  322.52344   80 2531  330.00000  319.74745  3.11%   712 6370s
  6866  4903  323.19329  101 2475  330.00000  319.74745  3.11%   708 6440s
  6967  5058  323.21751  102 2448  330.00000  319.74745  3.11%   705 6523s
  7197  5018  323.38744  103 2389  330.00000  319.74745  3.11%   698 6607s
  7240  5037  323.42718  104 2382  330.00000  319.74745  3.11%   698 6686s
  7279  5081  323.88000  115 2402  330.00000  319.75092  3.11%   696 6771s
  7338  5210  324.07802  116 2365  330.00000  319.75092  3.11%   699 6864s
  7497  5182  324.29823  117 2370  330.00000  319.75092  3.11%   700 6977s
  7522  5305  324.34364  118 2363  330.00000  319.75092  3.11%   702 7062s
  7687  5357  325.83613  147 2338  330.00000  319.75092  3.11%   697 7153s
  7794  5367  325.87187  148 2327  330.00000  319.75092  3.11%   695 7247s
  7840  5408  325.93451  149 2317  330.00000  319.75092  3.11%   693 7349s
  7896  5425  325.93522  150 2321  330.00000  319.75092  3.11%   693 7453s
  7932  5559  326.24969  155 2238  330.00000  319.75092  3.11%   692 7553s
  8078  5730  326.40607  156 2237  330.00000  319.75092  3.11%   689 7667s
  8298  5677  327.22445  179 2307  330.00000  319.75092  3.11%   686 7789s
  8318  6056  327.25465  180 2293  330.00000  319.75092  3.11%   686 7907s
  8730  6097  327.29194  181 2304  330.00000  319.75092  3.11%   689 8023s
  8846  6130  328.49629  202 2267  330.00000  319.75092  3.11%   694 8140s
  8893  6233  328.64545  203 2211  330.00000  319.75092  3.11%   693 8292s
  9024  6499  328.64821  204 2157  330.00000  319.75215  3.11%   688 8427s
  9330  6681  320.28846   32 2614  330.00000  319.75215  3.11%   680 8580s
  9526  6823  320.91749   53 2637  330.00000  319.80481  3.09%   677 8718s
  9726  7079  320.95118   54 2642  330.00000  319.80481  3.09%   675 8861s
 10008  7261  320.96815   55 2674  330.00000  319.80680  3.09%   671 9004s
 10246  7333  322.37385   98 2570  330.00000  319.80680  3.09%   677 9180s
 10318  7543  322.47806   99 2552  330.00000  319.80680  3.09%   681 9330s
 10540  7693  323.13794  114 2563  330.00000  319.80680  3.09%   687 9490s
 10726  7844  323.92348  125 2387  330.00000  319.84268  3.08%   686 9649s
 10885  7860  324.46333  141 2392  330.00000  319.84690  3.08%   683 9847s
 10901  8229  324.49214  142 2520  330.00000  319.84690  3.08%   684 10024s
 11298  8309  324.51872  143 2546  330.00000  319.84690  3.08%   683 10202s
 11388  8457  324.74368  146 2429  330.00000  319.84690  3.08%   683 10387s
 11536  8603  325.41047  159 2437  330.00000  319.84690  3.08%   680 10576s
 11694  8723  325.45177  160 2458  330.00000  319.84690  3.08%   689 10779s
 11814  9136  326.04470  167 2456  330.00000  319.84690  3.08%   692 10971s
 12265  9455  327.27512  204 2335  330.00000  319.84690  3.08%   686 11164s
 12584  9691  327.35535  205 2345  330.00000  319.84690  3.08%   684 11355s
 12820 10125  328.38696  222 2317  330.00000  319.84690  3.08%   682 11566s
 13306 10622  320.38261   23 2536  330.00000  319.84690  3.08%   683 11783s
 13939 10762  323.39418   68 2286  330.00000  319.84690  3.08%   683 12001s
 14119 11171  324.63531   80 1912  330.00000  319.84690  3.08%   685 12229s
 14592 11429  326.53498   99 1902  330.00000  319.87373  3.07%   683 12463s
 14929 11620  320.95060   23 2366  330.00000  319.87373  3.07%   684 12735s
 15120 12218  320.99873   24 2354  330.00000  319.87373  3.07%   684 13008s
 15828 12775  323.02921   43 2075  330.00000  319.87373  3.07%   699 13284s
 16481 13227  325.88865   64 1785  330.00000  319.87373  3.07%   705 13564s
 16963 13782  320.19064   30 2648  330.00000  319.87373  3.07%   710 13869s
 17600 13922  321.25432   68 2678  330.00000  319.87373  3.07%   721 14169s
 17760 14167  321.26451   69 2664  330.00000  319.87373  3.07%   720 14400s

Cutting planes:
  Flow cover: 4

Explored 18041 nodes (13009219 simplex iterations) in 14400.29 seconds (43873.65 work units)
Thread count was 32 (of 32 available processors)

Solution count 10: 330 332 333 ... 340

Time limit reached
Best objective 3.300000000000e+02, best bound 3.200000000000e+02, gap 3.0303%

User-callback calls 3460893, time in user-callback 8.57 sec
