
Gurobi 13.0.2 (linux64) logging started Mon Jun 29 01:40:38 2026

Set parameter LogFile to value "/tmp/sweep_20260629_013743_china_alt260km_s50_i1_v10_gurobi.log"
Set parameter Method to value 1
Set parameter NodefileStart to value 4
Set parameter RINS to value 50
Gurobi Optimizer version 13.0.2 build v13.0.2rc1 (linux64 - "Debian GNU/Linux 13 (trixie)")

CPU model: Intel(R) Xeon(R) Platinum 8375C CPU @ 2.90GHz, instruction set [SSE2|AVX|AVX2|AVX512]
Thread count: 16 physical cores, 32 logical processors, using up to 32 threads

Non-default parameters:
TimeLimit  10800
MIPGap  0.01
Method  1
LPWarmStart  1
Heuristics  0.2
MIPFocus  1
NodefileStart  4
RINS  50
Symmetry  2
Cuts  2
CoverCuts  2
LogToConsole  0

Academic license 2812613 - for non-commercial use only - registered to no___@gatech.edu
Optimize a model with 196014 rows, 35900 columns and 40912358 nonzeros (Min)
Model fingerprint: 0xc0660431
Model has 35900 linear objective coefficients
Variable types: 0 continuous, 35900 integer (35900 binary)
Coefficient statistics:
  Matrix range     [1e+00, 1e+00]
  Objective range  [1e+00, 1e+00]
  Bounds range     [1e+00, 1e+00]
  RHS range        [5e+01, 5e+01]

Found heuristic solution: objective 14971.000000
Presolve removed 0 rows and 0 columns (presolve time = 5s)...
Presolve removed 0 rows and 0 columns (presolve time = 10s)...
Presolve removed 0 rows and 0 columns (presolve time = 17s)...
Presolve removed 0 rows and 0 columns (presolve time = 20s)...
Presolve removed 0 rows and 0 columns (presolve time = 27s)...
Presolve removed 0 rows and 0 columns (presolve time = 30s)...
Presolve removed 0 rows and 0 columns (presolve time = 36s)...
Presolve removed 0 rows and 0 columns (presolve time = 40s)...
Presolve removed 0 rows and 0 columns (presolve time = 45s)...
Presolve removed 0 rows and 0 columns (presolve time = 50s)...
Presolve removed 0 rows and 0 columns (presolve time = 55s)...
Presolve removed 0 rows and 0 columns (presolve time = 61s)...
Presolve removed 0 rows and 0 columns (presolve time = 65s)...
Presolve removed 0 rows and 0 columns (presolve time = 70s)...
Presolve removed 0 rows and 0 columns (presolve time = 76s)...
Presolve removed 0 rows and 0 columns (presolve time = 86s)...
Presolve removed 0 rows and 0 columns (presolve time = 90s)...
Presolve removed 0 rows and 0 columns (presolve time = 95s)...
Presolve removed 0 rows and 0 columns (presolve time = 100s)...
Presolve removed 0 rows and 0 columns (presolve time = 105s)...
Presolve removed 0 rows and 0 columns (presolve time = 110s)...
Presolve removed 0 rows and 0 columns (presolve time = 115s)...
Presolve removed 0 rows and 0 columns (presolve time = 120s)...
Presolve removed 0 rows and 0 columns (presolve time = 125s)...
Presolve removed 0 rows and 0 columns (presolve time = 130s)...
Presolve removed 0 rows and 0 columns (presolve time = 135s)...
Presolve removed 0 rows and 0 columns (presolve time = 140s)...
Presolve removed 0 rows and 0 columns (presolve time = 145s)...
Presolve removed 0 rows and 0 columns (presolve time = 150s)...
Presolve removed 0 rows and 0 columns (presolve time = 155s)...
Presolve removed 0 rows and 0 columns (presolve time = 160s)...
Presolve removed 0 rows and 0 columns (presolve time = 165s)...
Presolve removed 0 rows and 0 columns (presolve time = 170s)...
Presolve removed 0 rows and 0 columns (presolve time = 175s)...
Presolve removed 0 rows and 0 columns (presolve time = 180s)...
Presolve removed 0 rows and 0 columns (presolve time = 185s)...
Presolve removed 0 rows and 0 columns (presolve time = 190s)...
Presolve removed 0 rows and 0 columns (presolve time = 195s)...
Presolve removed 0 rows and 0 columns (presolve time = 200s)...
Presolve removed 0 rows and 0 columns (presolve time = 205s)...
Presolve removed 0 rows and 0 columns (presolve time = 210s)...
Presolve removed 0 rows and 0 columns (presolve time = 215s)...
Presolve removed 0 rows and 0 columns (presolve time = 220s)...
Presolve removed 0 rows and 0 columns (presolve time = 225s)...
Presolve removed 0 rows and 0 columns (presolve time = 230s)...
Presolve removed 0 rows and 0 columns (presolve time = 235s)...
Presolve removed 0 rows and 0 columns (presolve time = 240s)...
Presolve removed 0 rows and 0 columns (presolve time = 245s)...
Presolve removed 0 rows and 0 columns (presolve time = 250s)...
Presolve removed 0 rows and 0 columns (presolve time = 255s)...
Presolve removed 0 rows and 0 columns (presolve time = 260s)...
Presolve removed 0 rows and 0 columns (presolve time = 265s)...
Presolve removed 0 rows and 0 columns (presolve time = 270s)...
Presolve removed 0 rows and 0 columns (presolve time = 275s)...
Presolve removed 0 rows and 0 columns (presolve time = 280s)...
Presolve removed 0 rows and 0 columns (presolve time = 285s)...
Presolve removed 0 rows and 0 columns (presolve time = 290s)...
Presolve removed 0 rows and 0 columns (presolve time = 295s)...
Presolve removed 0 rows and 0 columns (presolve time = 300s)...
Presolve removed 0 rows and 0 columns (presolve time = 305s)...
Presolve removed 0 rows and 0 columns (presolve time = 310s)...
Presolve removed 0 rows and 0 columns (presolve time = 315s)...
Presolve removed 0 rows and 0 columns (presolve time = 320s)...
Presolve removed 0 rows and 0 columns (presolve time = 325s)...
Presolve removed 0 rows and 0 columns (presolve time = 330s)...
Presolve removed 0 rows and 0 columns (presolve time = 335s)...
Presolve removed 0 rows and 0 columns (presolve time = 340s)...
Presolve removed 0 rows and 0 columns (presolve time = 345s)...
Presolve removed 0 rows and 0 columns (presolve time = 350s)...
Presolve removed 0 rows and 0 columns (presolve time = 355s)...
Presolve removed 0 rows and 0 columns (presolve time = 360s)...
Presolve removed 0 rows and 0 columns (presolve time = 365s)...
Presolve removed 0 rows and 0 columns (presolve time = 370s)...
Presolve removed 0 rows and 0 columns (presolve time = 375s)...
Presolve removed 0 rows and 0 columns (presolve time = 380s)...
Presolve removed 0 rows and 0 columns (presolve time = 385s)...
Presolve removed 0 rows and 0 columns (presolve time = 390s)...
Presolve removed 0 rows and 0 columns (presolve time = 395s)...
Presolve removed 0 rows and 0 columns (presolve time = 400s)...
Presolve removed 0 rows and 0 columns (presolve time = 405s)...
Presolve removed 0 rows and 0 columns (presolve time = 410s)...
Presolve removed 0 rows and 0 columns (presolve time = 415s)...
Presolve removed 0 rows and 0 columns (presolve time = 420s)...
Presolve removed 0 rows and 0 columns (presolve time = 425s)...
Presolve removed 0 rows and 0 columns (presolve time = 430s)...
Presolve removed 0 rows and 0 columns (presolve time = 435s)...
Presolve removed 0 rows and 0 columns (presolve time = 440s)...
Presolve removed 0 rows and 0 columns (presolve time = 446s)...
Presolve time: 445.68s
Presolved: 196014 rows, 35900 columns, 40912358 nonzeros
Variable types: 0 continuous, 35900 integer (35900 binary)

Root simplex log...

Iteration    Objective       Primal Inf.    Dual Inf.      Time
       0   -0.0000000e+00   0.000000e+00   1.365000e+04    464s
     119    8.6066117e+03   0.000000e+00   0.000000e+00    464s
     119    8.6066117e+03   0.000000e+00   0.000000e+00    464s

Use crossover to convert LP symmetric solution to basic solution...

Root crossover log...

  185076 variables added to crossover basis                      470s
  187476 variables added to crossover basis                      475s
  188376 variables added to crossover basis                      480s
  189066 variables added to crossover basis                      485s
  189606 variables added to crossover basis                      490s
  190056 variables added to crossover basis                      495s
  190656 variables added to crossover basis                      500s
  191136 variables added to crossover basis                      505s
  191556 variables added to crossover basis                      510s
  191886 variables added to crossover basis                      515s
  192186 variables added to crossover basis                      520s
  192486 variables added to crossover basis                      525s
  192756 variables added to crossover basis                      530s
  192996 variables added to crossover basis                      535s
  193266 variables added to crossover basis                      540s
  193506 variables added to crossover basis                      545s
  193746 variables added to crossover basis                      550s
  193986 variables added to crossover basis                      555s
  194226 variables added to crossover basis                      561s
  194436 variables added to crossover basis                      565s
  194646 variables added to crossover basis                      570s
  194856 variables added to crossover basis                      575s
  195066 variables added to crossover basis                      580s
  195276 variables added to crossover basis                      585s
  195486 variables added to crossover basis                      590s
  195696 variables added to crossover basis                      595s
  195906 variables added to crossover basis                      600s

       0 DPushes remaining with DInf 0.0000000e+00               874s

       0 PPushes remaining with PInf 0.0000000e+00               874s

  Push phase complete: Pinf 0.0000000e+00, Dinf 6.7425712e-09    875s


Root simplex log...

Iteration    Objective       Primal Inf.    Dual Inf.      Time
     122    8.6066117e+03   0.000000e+00   0.000000e+00    980s
Crossover time: 515.61 seconds (1309.48 work units)

Root relaxation: objective 8.606612e+03, 122 iterations, 530.44 seconds (1324.02 work units)

    Nodes    |    Current Node    |     Objective Bounds      |     Work
 Expl Unexpl |  Obj  Depth IntInf | Incumbent    BestBd   Gap | It/Node Time

     0     0 8606.61169    0 15078 14971.0000 8606.61169  42.5%     - 1339s
H    0     0                    11488.000000 8606.61169  25.1%     - 1339s
H    0     0                    9334.0000000 8606.61169  7.79%     - 1339s
H    0     0                    9324.0000000 8606.61169  7.69%     - 1401s
H    0     0                    9323.0000000 8606.61169  7.68%     - 1407s
H    0     0                    9322.0000000 8606.61169  7.67%     - 1407s
H    0     0                    9317.0000000 8606.61169  7.62%     - 1419s
H    0     0                    9315.0000000 8606.61169  7.60%     - 1429s
H    0     0                    9314.0000000 8606.61169  7.59%     - 1452s
H    0     0                    9313.0000000 8606.61169  7.58%     - 1452s
H    0     0                    9312.0000000 8606.61169  7.58%     - 1461s
H    0     0                    9311.0000000 8606.61169  7.57%     - 1564s
H    0     0                    9310.0000000 8606.61169  7.56%     - 1580s
H    0     0                    9309.0000000 8606.61169  7.55%     - 1606s
H    0     0                    9308.0000000 8606.61169  7.54%     - 1614s
H    0     0                    9014.0000000 8606.61169  4.52%     - 1707s
H    0     0                    9012.0000000 8606.61169  4.50%     - 2159s
H    0     0                    9011.0000000 8606.61169  4.49%     - 2414s
H    0     0                    9009.0000000 8606.61169  4.47%     - 2888s
H    0     0                    9007.0000000 8606.61169  4.45%     - 2938s
H    0     0                    9005.0000000 8606.61169  4.42%     - 2995s
H    0     0                    8993.0000000 8606.61169  4.30%     - 3142s
     0     0 8606.61169    0 15078 8993.00000 8606.61169  4.30%     - 5945s

Explored 1 nodes (122 simplex iterations) in 10800.55 seconds (24019.61 work units)
Thread count was 32 (of 32 available processors)

Solution count 10: 8993 9005 9007 ... 9310

Time limit reached
Best objective 8.993000000000e+03, best bound 8.607000000000e+03, gap 4.2922%

User-callback calls 209488, time in user-callback 0.86 sec
