
Gurobi 13.0.2 (linux64) logging started Tue Jun 23 10:21:34 2026

Set parameter LogFile to value "/tmp/sweep_20260623_041454_china_alt400km_s10_i4_v10_gurobi.log"
Set parameter Method to value 1
Set parameter NodefileStart to value 4
Set parameter RINS to value 50
Gurobi Optimizer version 13.0.2 build v13.0.2rc1 (linux64 - "Debian GNU/Linux 13 (trixie)")

CPU model: Intel(R) Xeon(R) Platinum 8375C CPU @ 2.90GHz, instruction set [SSE2|AVX|AVX2|AVX512]
Thread count: 16 physical cores, 32 logical processors, using up to 32 threads

Non-default parameters:
TimeLimit  21600
MIPGap  0.01
Method  1
LPWarmStart  1
Heuristics  0.2
MIPFocus  1
NodefileStart  4
RINS  50
Symmetry  2
Cuts  2
CoverCuts  2
LogToConsole  0

Academic license 2812613 - for non-commercial use only - registered to no___@gatech.edu
Optimize a model with 392028 rows, 35900 columns and 160806152 nonzeros (Min)
Model fingerprint: 0x3b204c4a
Model has 35900 linear objective coefficients
Variable types: 0 continuous, 35900 integer (35900 binary)
Coefficient statistics:
  Matrix range     [1e+00, 1e+00]
  Objective range  [1e+00, 1e+00]
  Bounds range     [1e+00, 1e+00]
  RHS range        [3e+00, 3e+00]

Found heuristic solution: objective 718.0000000
Presolve removed 0 rows and 0 columns (presolve time = 6s)...
Presolve removed 0 rows and 0 columns (presolve time = 22s)...
Presolve removed 0 rows and 0 columns (presolve time = 25s)...
Presolve removed 0 rows and 0 columns (presolve time = 41s)...
Presolve removed 0 rows and 0 columns (presolve time = 55s)...
Presolve removed 0 rows and 0 columns (presolve time = 71s)...
Presolve removed 0 rows and 0 columns (presolve time = 91s)...
Presolve removed 0 rows and 0 columns (presolve time = 114s)...
Presolve removed 0 rows and 0 columns (presolve time = 115s)...
Presolve removed 0 rows and 0 columns (presolve time = 120s)...
Presolve removed 0 rows and 0 columns (presolve time = 125s)...
Presolve removed 0 rows and 0 columns (presolve time = 130s)...
Presolve removed 0 rows and 0 columns (presolve time = 135s)...
Presolve removed 0 rows and 0 columns (presolve time = 140s)...
Presolve removed 0 rows and 0 columns (presolve time = 170s)...
Presolve removed 0 rows and 0 columns (presolve time = 186s)...
Presolve removed 0 rows and 0 columns (presolve time = 202s)...
Presolve removed 0 rows and 0 columns (presolve time = 217s)...
Presolve removed 0 rows and 0 columns (presolve time = 220s)...
Presolve removed 0 rows and 0 columns (presolve time = 225s)...
Presolve removed 0 rows and 0 columns (presolve time = 230s)...
Presolve removed 0 rows and 0 columns (presolve time = 236s)...
Presolve removed 0 rows and 0 columns (presolve time = 256s)...
Presolve removed 0 rows and 0 columns (presolve time = 260s)...
Presolve removed 0 rows and 0 columns (presolve time = 269s)...
Presolve removed 0 rows and 0 columns (presolve time = 272s)...
Presolve removed 0 rows and 0 columns (presolve time = 287s)...
Presolve removed 0 rows and 0 columns (presolve time = 290s)...
Presolve removed 0 rows and 0 columns (presolve time = 295s)...
Presolve removed 0 rows and 0 columns (presolve time = 300s)...
Presolve removed 0 rows and 0 columns (presolve time = 305s)...
Presolve removed 0 rows and 0 columns (presolve time = 310s)...
Presolve removed 0 rows and 0 columns (presolve time = 315s)...
Presolve removed 0 rows and 0 columns (presolve time = 320s)...
Presolve removed 0 rows and 0 columns (presolve time = 325s)...
Presolve removed 0 rows and 0 columns (presolve time = 330s)...
Presolve removed 0 rows and 0 columns (presolve time = 335s)...
Presolve removed 0 rows and 0 columns (presolve time = 340s)...
Presolve removed 0 rows and 0 columns (presolve time = 345s)...
Presolve removed 0 rows and 0 columns (presolve time = 350s)...
Presolve removed 0 rows and 0 columns (presolve time = 373s)...
Presolve removed 0 rows and 0 columns (presolve time = 378s)...
Presolve removed 0 rows and 0 columns (presolve time = 406s)...
Presolve removed 0 rows and 0 columns (presolve time = 428s)...
Presolve time: 427.86s
Presolved: 392028 rows, 35900 columns, 160806152 nonzeros
Variable types: 0 continuous, 35900 integer (35900 binary)

Root simplex log...

Iteration    Objective       Primal Inf.    Dual Inf.      Time
       0   -0.0000000e+00   0.000000e+00   2.047500e+02    515s
      46    3.3557608e+02   0.000000e+00   0.000000e+00    515s
      46    3.3557608e+02   0.000000e+00   0.000000e+00    515s

Use crossover to convert LP symmetric solution to basic solution...

Root crossover log...

  384166 variables added to crossover basis                      525s
  386986 variables added to crossover basis                      530s
  388816 variables added to crossover basis                      535s
  389806 variables added to crossover basis                      540s
  390526 variables added to crossover basis                      545s
  391126 variables added to crossover basis                      550s
  391666 variables added to crossover basis                      555s

       0 DPushes remaining with DInf 0.0000000e+00               566s

       0 PPushes remaining with PInf 0.0000000e+00               567s

  Push phase complete: Pinf 0.0000000e+00, Dinf 1.8728266e-09    567s


Root simplex log...

Iteration    Objective       Primal Inf.    Dual Inf.      Time
      49    3.3557608e+02   0.000000e+00   0.000000e+00    580s
Crossover time: 64.43 seconds (90.28 work units)

Root relaxation: objective 3.355761e+02, 49 iterations, 136.94 seconds (148.73 work units)

    Nodes    |    Current Node    |     Objective Bounds      |     Work
 Expl Unexpl |  Obj  Depth IntInf | Incumbent    BestBd   Gap | It/Node Time

     0     0  335.57608    0 10052  718.00000  335.57608  53.3%     -  600s
H    0     0                     717.0000000  335.57608  53.2%     -  601s
H    0     0                     702.0000000  335.57608  52.2%     -  780s
     0     0  335.57608    0 10052  702.00000  335.57608  52.2%     - 1651s
H    0     2                     638.0000000  335.57608  47.4%     - 9984s
     0     2  335.57608    0 10052  638.00000  335.57608  47.4%     - 9984s

Explored 1 nodes (49 simplex iterations) in 21602.08 seconds (63610.35 work units)
Thread count was 32 (of 32 available processors)

Solution count 4: 638 702 717 718 

Time limit reached
Best objective 6.380000000000e+02, best bound 3.360000000000e+02, gap 47.3354%

User-callback calls 296145, time in user-callback 1.01 sec
