
Gurobi 13.0.2 (linux64) logging started Sun Jun 28 02:44:55 2026

Set parameter LogFile to value "/tmp/sweep_20260626_235454_china_alt550km_s10_i2_v4_gurobi.log"
Set parameter Method to value 1
Set parameter NodefileStart to value 4
Set parameter RINS to value 50
Gurobi Optimizer version 13.0.2 build v13.0.2rc1 (linux64 - "Debian GNU/Linux 13 (trixie)")

CPU model: Intel(R) Xeon(R) Platinum 8375C CPU @ 2.90GHz, instruction set [SSE2|AVX|AVX2|AVX512]
Thread count: 16 physical cores, 32 logical processors, using up to 32 threads

Non-default parameters:
TimeLimit  10800
MIPGap  0.01
Method  1
LPWarmStart  1
Heuristics  0.2
MIPFocus  1
NodefileStart  4
RINS  50
Symmetry  2
Cuts  2
CoverCuts  2
LogToConsole  0

Academic license 2812613 - for non-commercial use only - registered to no___@gatech.edu
Optimize a model with 196014 rows, 17950 columns and 7019886 nonzeros (Min)
Model fingerprint: 0x24c99edc
Model has 17950 linear objective coefficients
Variable types: 0 continuous, 17950 integer (17950 binary)
Coefficient statistics:
  Matrix range     [1e+00, 1e+00]
  Objective range  [1e+00, 1e+00]
  Bounds range     [1e+00, 1e+00]
  RHS range        [5e+00, 5e+00]

Found heuristic solution: objective 6644.0000000
Presolve removed 0 rows and 0 columns (presolve time = 6s)...
Presolve removed 0 rows and 0 columns (presolve time = 10s)...
Presolve removed 2154 rows and 0 columns (presolve time = 15s)...
Presolve removed 2154 rows and 0 columns (presolve time = 20s)...
Presolve removed 2154 rows and 0 columns (presolve time = 25s)...
Presolve removed 2154 rows and 0 columns
Presolve time: 28.79s
Presolved: 193860 rows, 17950 columns, 6943778 nonzeros
Variable types: 0 continuous, 17950 integer (17950 binary)

Root simplex log...

Iteration    Objective       Primal Inf.    Dual Inf.      Time
       0   -0.0000000e+00   0.000000e+00   1.505000e+03     33s
      99    3.5889502e+03   0.000000e+00   0.000000e+00     33s
      99    3.5889502e+03   0.000000e+00   0.000000e+00     33s

Use crossover to convert LP symmetric solution to basic solution...

Root crossover log...

  188646 variables added to crossover basis                       40s
  189996 variables added to crossover basis                       45s
  190926 variables added to crossover basis                       50s
  192156 variables added to crossover basis                       55s
  192966 variables added to crossover basis                       60s
  193656 variables added to crossover basis                       65s

       0 DPushes remaining with DInf 0.0000000e+00                75s

       0 PPushes remaining with PInf 0.0000000e+00                75s

  Push phase complete: Pinf 0.0000000e+00, Dinf 6.1071021e-09     75s


Root simplex log...

Iteration    Objective       Primal Inf.    Dual Inf.      Time
     102    3.5889502e+03   0.000000e+00   0.000000e+00     80s
Crossover time: 46.97 seconds (81.82 work units)

Root relaxation: objective 3.588950e+03, 102 iterations, 50.22 seconds (84.24 work units)

    Nodes    |    Current Node    |     Objective Bounds      |     Work
 Expl Unexpl |  Obj  Depth IntInf | Incumbent    BestBd   Gap | It/Node Time

     0     0 3588.95019    0 12924 6644.00000 3588.95019  46.0%     -   90s
H    0     0                    4308.0000000 3588.95019  16.7%     -   90s
H    0     0                    4306.0000000 3588.95019  16.7%     -   99s
H    0     0                    4304.0000000 3588.95019  16.6%     -  100s
H    0     0                    4300.0000000 3588.95019  16.5%     -  101s
H    0     0                    4299.0000000 3588.95019  16.5%     -  101s
H    0     0                    4298.0000000 3588.95019  16.5%     -  101s
H    0     0                    4297.0000000 3588.95019  16.5%     -  101s
H    0     0                    4296.0000000 3588.95019  16.5%     -  102s
H    0     0                    4295.0000000 3588.95019  16.4%     -  102s
H    0     0                    4294.0000000 3588.95019  16.4%     -  103s
H    0     0                    4289.0000000 3588.95019  16.3%     -  104s
H    0     0                    4287.0000000 3588.95019  16.3%     -  104s
H    0     0                    4286.0000000 3588.95019  16.3%     -  110s
H    0     0                    4284.0000000 3588.95019  16.2%     -  111s
H    0     0                    4283.0000000 3588.95019  16.2%     -  111s
H    0     0                    4282.0000000 3588.95019  16.2%     -  112s
H    0     0                    4281.0000000 3588.95019  16.2%     -  113s
H    0     0                    4280.0000000 3588.95019  16.1%     -  113s
H    0     0                    4278.0000000 3588.95019  16.1%     -  116s
H    0     0                    4277.0000000 3588.95019  16.1%     -  116s
H    0     0                    4276.0000000 3588.95019  16.1%     -  116s
H    0     0                    4275.0000000 3588.95019  16.0%     -  116s
H    0     0                    4274.0000000 3588.95019  16.0%     -  117s
H    0     0                    4269.0000000 3588.95019  15.9%     -  117s
H    0     0                    4268.0000000 3588.95019  15.9%     -  118s
H    0     0                    4266.0000000 3588.95019  15.9%     -  118s
     0     0 3588.95019    0 12924 4266.00000 3588.95019  15.9%     -  669s
     0     2 3588.95019    0 12924 4266.00000 3588.95019  15.9%     - 2006s

Explored 1 nodes (102 simplex iterations) in 10800.29 seconds (44645.11 work units)
Thread count was 32 (of 32 available processors)

Solution count 10: 4266 4268 4269 ... 4281

Time limit reached
Best objective 4.266000000000e+03, best bound 3.589000000000e+03, gap 15.8697%

User-callback calls 55255, time in user-callback 0.36 sec
