
Gurobi 13.0.2 (linux64) logging started Fri Jun 26 23:57:56 2026

Set parameter LogFile to value "/tmp/sweep_20260626_235454_china_alt260km_s1_i1_v4_gurobi.log"
Set parameter Method to value 1
Set parameter NodefileStart to value 4
Set parameter RINS to value 50
Gurobi Optimizer version 13.0.2 build v13.0.2rc1 (linux64 - "Debian GNU/Linux 13 (trixie)")

CPU model: Intel(R) Xeon(R) Platinum 8375C CPU @ 2.90GHz, instruction set [SSE2|AVX|AVX2|AVX512]
Thread count: 16 physical cores, 32 logical processors, using up to 32 threads

Non-default parameters:
TimeLimit  10800
MIPGap  0.01
Method  1
LPWarmStart  1
Heuristics  0.2
MIPFocus  1
NodefileStart  4
RINS  50
Symmetry  2
Cuts  2
CoverCuts  2
LogToConsole  0

Academic license 2812613 - for non-commercial use only - registered to no___@gatech.edu
Optimize a model with 196014 rows, 7180 columns and 4966406 nonzeros (Min)
Model fingerprint: 0x84a81cc6
Model has 7180 linear objective coefficients
Variable types: 0 continuous, 7180 integer (7180 binary)
Coefficient statistics:
  Matrix range     [1e+00, 1e+00]
  Objective range  [1e+00, 1e+00]
  Bounds range     [1e+00, 1e+00]
  RHS range        [1e+00, 1e+00]

Found heuristic solution: objective 1144.0000000
Presolve removed 188834 rows and 718 columns
Presolve time: 2.03s
Presolved: 7180 rows, 6462 columns, 156524 nonzeros
Variable types: 0 continuous, 6462 integer (6462 binary)
Performing another presolve...
Presolve removed 0 rows and 718 columns
Presolve time: 0.13s
Warning: Markowitz tolerance tightened to 0.0625

Root simplex log...

Iteration    Objective       Primal Inf.    Dual Inf.      Time
    6613    9.5195914e+02   7.661598e+03   0.000000e+00      5s
   14083    9.8149125e+02   1.477185e+04   0.000000e+00     10s
   20693    9.9147807e+02   4.427586e+04   0.000000e+00     15s
   26023    9.9705914e+02   1.194221e+05   0.000000e+00     20s
   31223    1.0009620e+03   4.296132e+04   0.000000e+00     25s
   36713    1.0034910e+03   7.533984e+03   0.000000e+00     30s
   42863    1.0049642e+03   5.821001e+03   0.000000e+00     35s
   50787    1.0051997e+03   1.053368e+04   0.000000e+00     40s
   53334    1.0052000e+03   0.000000e+00   0.000000e+00     41s

Root relaxation: objective 1.005200e+03, 53334 iterations, 39.01 seconds (66.84 work units)
Total elapsed time = 41.45s (DegenMoves)

    Nodes    |    Current Node    |     Objective Bounds      |     Work
 Expl Unexpl |  Obj  Depth IntInf | Incumbent    BestBd   Gap | It/Node Time

     0     0 1005.20000    0 1436 1144.00000 1005.20000  12.1%     -   44s
H    0     0                    1137.0000000 1005.20000  11.6%     -   44s
H    0     0                    1136.0000000 1005.20000  11.5%     -   44s
H    0     0                    1126.0000000 1005.20000  10.7%     -   44s
H    0     0                    1125.0000000 1005.20000  10.6%     -   44s
H    0     0                    1124.0000000 1005.20000  10.6%     -   44s
H    0     0                    1122.0000000 1005.20000  10.4%     -   44s
H    0     0                    1121.0000000 1005.20000  10.3%     -   44s
H    0     0                    1119.0000000 1005.20000  10.2%     -   44s
H    0     0                    1116.0000000 1005.20000  9.93%     -   47s
H    0     0                    1115.0000000 1005.20000  9.85%     -   47s
     0     0 1014.06701    0 2134 1115.00000 1014.06701  9.05%     -   65s
H    0     0                    1114.0000000 1014.06701  8.97%     -   65s
     0     0 1020.83510    0 2127 1114.00000 1020.83510  8.36%     -   92s
H    0     0                    1113.0000000 1024.98181  7.91%     -  119s
H    0     0                    1112.0000000 1024.98181  7.83%     -  119s
     0     0 1024.98181    0 2195 1112.00000 1024.98181  7.83%     -  119s
H    0     0                    1111.0000000 1026.45140  7.61%     -  139s
H    0     0                    1110.0000000 1026.45140  7.53%     -  139s
H    0     0                    1109.0000000 1026.45140  7.44%     -  139s
H    0     0                    1108.0000000 1026.45140  7.36%     -  139s
H    0     0                    1106.0000000 1026.45140  7.19%     -  139s
     0     0 1026.45140    0 2203 1106.00000 1026.45140  7.19%     -  139s
     0     0 1026.79326    0 2224 1106.00000 1026.79326  7.16%     -  148s
     0     0 1026.88056    0 2227 1106.00000 1026.88056  7.15%     -  151s
     0     0 1026.93493    0 2212 1106.00000 1026.93493  7.15%     -  154s
     0     0 1026.94162    0 2230 1106.00000 1026.94162  7.15%     -  154s
     0     0 1026.94292    0 2236 1106.00000 1026.94292  7.15%     -  155s
     0     0 1026.94339    0 2236 1106.00000 1026.94339  7.15%     -  155s
     0     0 1030.79092    0 2108 1106.00000 1030.79092  6.80%     -  199s
H    0     0                    1105.0000000 1033.50401  6.47%     -  220s
     0     0 1033.50401    0 2072 1105.00000 1033.50401  6.47%     -  220s
     0     0 1035.30835    0 2103 1105.00000 1035.30835  6.31%     -  241s
     0     0 1036.40762    0 2088 1105.00000 1036.40762  6.21%     -  257s
     0     0 1036.77378    0 2100 1105.00000 1036.77378  6.17%     -  264s
     0     0 1036.91861    0 2134 1105.00000 1036.91861  6.16%     -  269s
     0     0 1036.96988    0 2151 1105.00000 1036.96988  6.16%     -  271s
     0     0 1037.00512    0 2178 1105.00000 1037.00512  6.15%     -  273s
     0     0 1037.02222    0 2199 1105.00000 1037.02222  6.15%     -  274s
     0     0 1037.02730    0 2202 1105.00000 1037.02730  6.15%     -  275s
     0     0 1037.03099    0 2208 1105.00000 1037.03099  6.15%     -  276s
     0     0 1037.03353    0 2221 1105.00000 1037.03353  6.15%     -  276s
     0     0 1037.28618    0 2151 1105.00000 1037.28618  6.13%     -  285s
     0     0 1037.43951    0 2161 1105.00000 1037.43951  6.11%     -  290s
     0     0 1037.47783    0 2173 1105.00000 1037.47783  6.11%     -  293s
     0     0 1037.50445    0 2193 1105.00000 1037.50445  6.11%     -  295s
     0     0 1037.52310    0 2195 1105.00000 1037.52310  6.11%     -  296s
     0     0 1037.53067    0 2216 1105.00000 1037.53067  6.11%     -  297s
     0     0 1037.53485    0 2218 1105.00000 1037.53485  6.11%     -  298s
     0     0 1037.53818    0 2227 1105.00000 1037.53818  6.11%     -  298s
     0     0 1037.54001    0 2236 1105.00000 1037.54001  6.10%     -  299s
     0     0 1038.78626    0 2132 1105.00000 1038.78626  5.99%     -  317s
     0     0 1039.37956    0 2140 1105.00000 1039.37956  5.94%     -  329s
     0     0 1039.59479    0 2153 1105.00000 1039.59479  5.92%     -  336s
     0     0 1039.71865    0 2171 1105.00000 1039.71865  5.91%     -  341s
     0     0 1039.79451    0 2180 1105.00000 1039.79451  5.90%     -  344s
H    0     0                    1104.0000000 1039.82189  5.81%     -  347s
     0     0 1039.82189    0 2209 1104.00000 1039.82189  5.81%     -  347s
     0     0 1039.83455    0 2227 1104.00000 1039.83455  5.81%     -  348s
     0     0 1039.83880    0 2238 1104.00000 1039.83880  5.81%     -  349s
     0     0 1039.84209    0 2242 1104.00000 1039.84209  5.81%     -  349s
H    0     0                    1102.0000000 1039.84209  5.64%     -  351s
     0     0 1041.44193    0 2104 1102.00000 1041.44193  5.50%     -  368s
     0     0 1041.44193    0 2104 1102.00000 1041.44193  5.50%     -  368s
H    0     0                    1101.0000000 1041.44193  5.41%     -  545s
H    0     0                    1100.0000000 1041.44193  5.32%     -  550s
H    0     0                    1099.0000000 1041.44193  5.24%     -  556s
H    0     0                    1098.0000000 1041.44193  5.15%     -  559s
H    0     0                    1097.0000000 1041.44193  5.06%     -  722s
H    0     0                    1096.0000000 1041.44193  4.98%     -  733s
H    0     0                    1094.0000000 1041.44193  4.80%     -  745s
H    0     0                    1093.0000000 1041.44193  4.72%     -  783s
H    0     0                    1092.0000000 1041.44193  4.63%     -  790s
H    0     0                    1091.0000000 1041.44193  4.54%     -  803s
H    0     0                    1090.0000000 1041.44193  4.45%     -  830s
     0     2 1041.44193    0 2103 1090.00000 1041.44193  4.45%     -  932s
     1     3 1041.70751    1 2086 1090.00000 1041.44216  4.45%  3743  950s
     2     5 1042.83031    2 2090 1090.00000 1041.44216  4.45%  5466  980s
H    4    10                    1088.0000000 1041.44216  4.28%  4581 1041s
     9    20 1077.00000    2 1291 1088.00000 1044.81968  3.97% 11644 1086s
    19    36 1077.00000    3 1351 1088.00000 1048.16814  3.66% 17367 1187s
H   21    36                    1087.0000000 1048.16814  3.57% 17231 1187s
    35    53 1077.00000    4 2154 1087.00000 1048.99211  3.50% 24082 1250s
    52   116 1077.00000    5  718 1087.00000 1048.99211  3.50% 23275 1300s
H   91   116                    1083.0000000 1048.99211  3.14% 14456 1300s
   115   174 1079.50000   10  713 1083.00000 1048.99211  3.14% 12026 1327s
   173   213 1082.00000   15  708 1083.00000 1048.99211  3.14%  8869 1345s
   218   248     cutoff   16      1083.00000 1048.99211  3.14%  7553 1364s
   258   282 1056.04847   11 2126 1083.00000 1048.99211  3.14%  6783 1381s
H  273   282                    1082.0000000 1048.99211  3.05%  6568 1381s
H  292   283                    1079.0000000 1048.99211  2.78%  6306 1400s
   293   284 1077.00000   22  582 1079.00000 1048.99211  2.78%  6295 1418s
   294   286 1077.00000   23  636 1079.00000 1048.99211  2.78%  6279 1437s
   296   291 1077.00000   24  690 1079.00000 1048.99211  2.78%  6251 1454s
H  298   291                    1078.0000000 1048.99211  2.69%  6220 1454s
   300   291 1077.00000   24  650 1078.00000 1048.99211  2.69%  6202 1455s
   301   346 1077.00000   24  795 1078.00000 1048.99211  2.69%  6192 1470s
   356   361 1077.00000   29  804 1078.00000 1048.99211  2.69%  5578 1482s
   371   377 1077.00000   30  707 1078.00000 1048.99211  2.69%  5456 1493s
   387   393 1077.00000   31  719 1078.00000 1048.99211  2.69%  5324 1504s
   403   409 1077.00000   32  655 1078.00000 1048.99211  2.69%  5204 1513s
   419   425 1077.00000   33  740 1078.00000 1048.99211  2.69%  5093 1523s
   435   441 1077.00000   34  778 1078.00000 1048.99211  2.69%  4986 1538s
   452   464 1077.00000   35  684 1078.00000 1048.99211  2.69%  4880 1555s
   475   498 1077.00000   36  748 1078.00000 1048.99211  2.69%  4755 1569s
   509   538 1077.00000   37  759 1078.00000 1048.99211  2.69%  4588 1586s
   549   578 1077.00000   38  729 1078.00000 1048.99211  2.69%  4413 1603s
   589   636 1077.00000   39  741 1078.00000 1048.99211  2.69%  4252 1621s
   647   709 1077.00000   40  734 1078.00000 1048.99211  2.69%  4057 1641s
   722   797 1077.00000   41  686 1078.00000 1048.99211  2.69%  3852 1658s
   810   889 1077.00000   42  611 1078.00000 1048.99211  2.69%  3659 1682s
   906   986 1077.00000   43  640 1078.00000 1048.99211  2.69%  3490 1697s
  1005  1072 1077.00000   44  694 1078.00000 1048.99211  2.69%  3346 1713s
  1112  1140 1077.00000   45  682 1078.00000 1048.99211  2.69%  3241 1736s
  1218  1186 1077.00000   46  719 1078.00000 1048.99211  2.69%  3170 1753s
  1311  1200 1077.00000   47  649 1078.00000 1048.99211  2.69%  3142 1797s
  1328  1208 1077.00000   48  606 1078.00000 1048.99211  2.69%  3129 1812s
  1350  1221 1077.00000   49  696 1078.00000 1048.99211  2.69%  3131 1832s
  1382  1274 1077.00000   50  768 1078.00000 1048.99211  2.69%  3123 1857s
  1476  1359 1077.00000   51  640 1078.00000 1048.99211  2.69%  3076 1890s
  1581  1471 1077.00000   52  725 1078.00000 1048.99211  2.69%  3044 1912s
  1723  1616 1077.00000   53  713 1078.00000 1048.99211  2.69%  2984 1933s
  1888  1840 1077.00000   54  752 1078.00000 1048.99211  2.69%  2912 1951s
  2128  2069 1077.00000   55  707 1078.00000 1048.99211  2.69%  2825 1974s
  2388  2070 1077.00000   47 2872 1078.00000 1048.99211  2.69%  2745 2584s
  2390  2071 1077.00000   57 1436 1078.00000 1048.99211  2.69%  2742 2629s
  2391  2072 1077.00000   89 1915 1078.00000 1048.99211  2.69%  2741 2651s
  2392  2073 1077.00000   67 1855 1078.00000 1048.99211  2.69%  2740 2673s
  2393  2073 1077.00000   81 1824 1078.00000 1048.99211  2.69%  2739 2693s
  2394  2074 1077.00000   33 1867 1078.00000 1048.99211  2.69%  2738 2732s
  2395  2075 1077.00000   64 1897 1078.00000 1048.99211  2.69%  2737 2750s
  2396  2075 1077.00000   37 1884 1078.00000 1048.99211  2.69%  2736 2765s
  2397  2076 1077.00000   38 1928 1078.00000 1049.42764  2.65%  2734 2777s
  2398  2077 1077.00000   57 1953 1078.00000 1049.86537  2.61%  2733 2814s
  2399  2077 1077.00000   81 1957 1078.00000 1050.48128  2.55%  2732 2833s
  2400  2078 1077.00000   70 1940 1078.00000 1050.88552  2.52%  2731 2842s
  2401  2079 1077.00000   83 1966 1078.00000 1051.43834  2.46%  2730 2854s
  2402  2079 1077.00000   83 1970 1078.00000 1051.82176  2.43%  2729 2890s
  2403  2080 1077.00000   85 1975 1078.00000 1052.41065  2.37%  2728 2903s
  2404  2081 1077.00000   38 2010 1078.00000 1052.77735  2.34%  2726 2913s
  2405  2081 1077.00000   63 2031 1078.00000 1053.10929  2.31%  2725 2939s
  2406  2082 1055.53242   14 2048 1078.00000 1053.37801  2.28%  2724 2971s
  2407  2083 1077.00000   92 2058 1078.00000 1053.58602  2.26%  2723 2979s
  2408  2083 1077.00000   27 2070 1078.00000 1053.74051  2.25%  2722 2986s
  2409  2084 1077.00000   46 2091 1078.00000 1053.84754  2.24%  2721 2991s
  2410  2085 1077.00000   55 2077 1078.00000 1053.97398  2.23%  2720 2997s
  2411  2085 1077.00000   87 2089 1078.00000 1054.04865  2.22%  2719 3001s
  2412  2086 1055.07094    9 2111 1078.00000 1054.08820  2.22%  2717 3010s
  2413  2087 1077.00000   62 2117 1078.00000 1054.13035  2.21%  2716 3029s
  2414  2087 1077.00000   29 2110 1078.00000 1054.16644  2.21%  2715 3039s
  2415  2088 1077.00000   70 2114 1078.00000 1054.18375  2.21%  2714 3042s
  2418  2090 1077.00000   78 2135 1078.00000 1054.20518  2.21%  2711 3045s
  2424  2094 1055.14425   20 2167 1078.00000 1054.20859  2.21%  2704 3086s
  2425  2095 1077.00000   80 2087 1078.00000 1054.79109  2.15%  2703 3102s
  2426  2095 1077.00000   92 2057 1078.00000 1055.15493  2.12%  2702 3127s
  2427  2096 1077.00000   72 2051 1078.00000 1055.38655  2.10%  2701 3136s
  2428  2097 1077.00000   75 2074 1078.00000 1055.54383  2.08%  2700 3144s
  2429  2097 1077.00000   40 2059 1078.00000 1055.69032  2.07%  2698 3152s
  2430  2098 1077.00000   89 2070 1078.00000 1055.82069  2.06%  2697 3159s
  2431  2099 1077.00000   65 2092 1078.00000 1055.95550  2.04%  2696 3171s
  2432  2099 1077.00000   67 2118 1078.00000 1056.04665  2.04%  2695 3200s
  2433  2100 1077.00000   26 2136 1078.00000 1056.13576  2.03%  2694 3209s
  2434  2101 1077.00000   35 2126 1078.00000 1056.18839  2.02%  2693 3214s
  2435  2101 1077.00000   33 2146 1078.00000 1056.23611  2.02%  2692 3218s
  2436  2102 1077.00000   78 2130 1078.00000 1056.27645  2.02%  2691 3222s
  2437  2103 1077.00000    6 2158 1078.00000 1056.30077  2.01%  2690 3225s
  2441  2105 1077.00000   89 2175 1078.00000 1056.33325  2.01%  2685 3230s
  2451  2112 1077.00000   96 2210 1078.00000 1056.34060  2.01%  2674 3277s
  2452  2113 1077.00000   93 2102 1078.00000 1056.69271  1.98%  2673 3308s
  2453  2113 1077.00000   82 2073 1078.00000 1056.91319  1.96%  2672 3318s
  2454  2114 1077.00000   80 2091 1078.00000 1057.05894  1.94%  2671 3326s
  2455  2115 1077.00000   56 2099 1078.00000 1057.15343  1.93%  2670 3332s
  2456  2115 1077.00000   94 2117 1078.00000 1057.26978  1.92%  2669 3362s
  2457  2116 1077.00000   67 2112 1078.00000 1057.36344  1.91%  2668 3379s
  2458  2117 1077.00000   86 2121 1078.00000 1057.44155  1.91%  2667 3385s
  2460  2118 1077.00000   52 2151 1078.00000 1057.52371  1.90%  2664 3395s
  2461  2119 1077.00000   76 2150 1078.00000 1057.56918  1.90%  2663 3400s
  2463  2120 1057.59836   14 2169 1078.00000 1057.59836  1.89%  2661 3406s
  2465  2121 1077.00000   96 2161 1078.00000 1057.61619  1.89%  2659 3411s
  2468  2123 1077.00000   96 2180 1078.00000 1057.62667  1.89%  2656 3415s
  2473  2127 1077.00000   76 2198 1078.00000 1057.63133  1.89%  2650 3455s
  2474  2127 1057.84966   13 2111 1078.00000 1057.84966  1.87%  2649 3466s
  2475  2128 1077.00000   42 2097 1078.00000 1057.98863  1.86%  2648 3475s
  2476  2129 1058.07297   10 2067 1078.00000 1058.07297  1.85%  2647 3480s
  2477  2129 1077.00000   99 2107 1078.00000 1058.14670  1.84%  2646 3486s
  2478  2130 1077.00000   98 2095 1078.00000 1058.19714  1.84%  2645 3491s
  2479  2131 1077.00000   80 2113 1078.00000 1058.23287  1.83%  2644 3495s
  2480  2131 1058.27114   14 2098 1078.00000 1058.27114  1.83%  2643 3500s
  2481  2132 1077.00000   41 2103 1078.00000 1058.30521  1.83%  2642 3505s
  2483  2133 1077.00000   88 2142 1078.00000 1058.34358  1.82%  2640 3512s
  2485  2135 1077.00000   51 2174 1078.00000 1058.35723  1.82%  2638 3516s
  2488  2137 1077.00000   47 2191 1078.00000 1058.37093  1.82%  2634 3520s
  2495  2141 1077.00000   64 2194 1078.00000 1058.38381  1.82%  2627 3526s
  2500  2145 1077.00000   70 2221 1078.00000 1058.38801  1.82%  2622 3568s
  2501  2145 1077.00000   83 2101 1078.00000 1058.57602  1.80%  2621 3611s
H 2501  2035                    1077.0000000 1058.57602  1.71%  2621 3751s
  2502  2036 1077.00000   83 2101 1077.00000 1058.59137  1.71%  2620 4242s
  2503  2039 1058.67993   11 2077 1077.00000 1058.59137  1.71%  2805 4267s
  2504  2040 1058.98305   12 2041 1077.00000 1058.59137  1.71%  2806 4297s
  2506  2044 1059.37236   13 2096 1077.00000 1058.59137  1.71%  2809 4336s
  2510  2049 1059.54854   14 2064 1077.00000 1058.59137  1.71%  2816 4409s
  2516  2047 1059.66150   14 2099 1077.00000 1058.59137  1.71%  2827 4410s
  2519  2062 1059.63815   15 2111 1077.00000 1059.30210  1.64%  2880 4500s
  2535  2120 1059.69767   16 2124 1077.00000 1059.39566  1.63%  2920 4547s
  2598  2115 1059.96463   19 2104 1077.00000 1059.39566  1.63%  2932 4571s
  2614  2126 1060.07299   19 2098 1077.00000 1059.39566  1.63%  2929 4586s
  2630  2136 1060.08278   20 2099 1077.00000 1059.39566  1.63%  2926 4600s
  2646  2147 1060.17796   20 2096 1077.00000 1059.39566  1.63%  2926 4622s
  2662  2158 1060.24552   21 2082 1077.00000 1059.39566  1.63%  2927 4646s
  2678  2168 1060.39044   21 2086 1077.00000 1059.39566  1.63%  2927 4680s
  2694  2179 1060.53029   22 2082 1077.00000 1059.39566  1.63%  2927 4709s
  2710  2190 1060.42693   22 2093 1077.00000 1059.39566  1.63%  2931 4729s
  2726  2200 1060.57725   23 2100 1077.00000 1059.39566  1.63%  2930 4775s
  2742  2211 1060.53565   23 2075 1077.00000 1059.39566  1.63%  2928 4811s
  2758  2222 1060.58991   24 2083 1077.00000 1059.39566  1.63%  2933 4839s
  2774  2232 1060.70125   24 2070 1077.00000 1059.39566  1.63%  2931 4879s
  2790  2243 1060.74690   25 2063 1077.00000 1059.39566  1.63%  2928 4908s
  2806  2254 1060.89391   25 2061 1077.00000 1059.39566  1.63%  2928 4940s
  2822  2264 1060.91338   26 2074 1077.00000 1059.39566  1.63%  2935 4978s
  2838  2275 1060.97581   26 2072 1077.00000 1059.39566  1.63%  2932 5012s
  2854  2286 1061.01659   27 2067 1077.00000 1059.39566  1.63%  2935 5047s
  2870  2296 1061.05268   27 2060 1077.00000 1059.39566  1.63%  2932 5080s
  2886  2307 1061.12517   28 2052 1077.00000 1059.39566  1.63%  2930 5111s
  2902  2318 1061.17758   28 2049 1077.00000 1059.39566  1.63%  2935 5153s
  2918  2328 1061.24454   29 2023 1077.00000 1059.39566  1.63%  2934 5198s
  2934  2339 1061.19707   29 2031 1077.00000 1059.39566  1.63%  2931 5229s
  2950  2350 1061.27160   30 2021 1077.00000 1059.39566  1.63%  2931 5251s
  2966  2360 1061.33155   30 2022 1077.00000 1059.39566  1.63%  2935 5304s
  2982  2371 1061.40671   31 2042 1077.00000 1059.39566  1.63%  2938 5351s
  2998  2388 1061.40941   31 2005 1077.00000 1059.39566  1.63%  2936 5388s
  3020  2411 1061.42557   32 1999 1077.00000 1059.39566  1.63%  2935 5429s
  3051  2451 1061.43981   33 2010 1077.00000 1059.39566  1.63%  2946 5469s
  3101  2459 1061.74092   35 2000 1077.00000 1059.39566  1.63%  2941 5511s
  3126  2483 1062.01224   37 1998 1077.00000 1059.39566  1.63%  2943 5548s
  3158  2510 1062.27164   39 1964 1077.00000 1059.39566  1.63%  2944 5585s
  3196  2550 1062.51659   41 1962 1077.00000 1059.39566  1.63%  2956 5629s
  3248  2548 1062.87686   43 1960 1077.00000 1059.39566  1.63%  2953 5666s
  3264  2564 1062.90542   44 1959 1077.00000 1059.39566  1.63%  2951 5704s
  3285  2579 1062.99276   44 1967 1077.00000 1059.39566  1.63%  2952 5742s
  3307  2591 1063.18399   45 1964 1077.00000 1059.39566  1.63%  2949 5791s
  3326  2616 1063.06052   45 1956 1077.00000 1059.39566  1.63%  2947 5842s
  3358  2634 1063.26086   46 1940 1077.00000 1059.39566  1.63%  2946 5907s
  3386  2640 1063.20408   46 1938 1077.00000 1059.39566  1.63%  2946 5954s
  3402  2661 1063.32290   47 1916 1077.00000 1059.39566  1.63%  2952 6007s
  3428  2681 1063.29563   47 1943 1077.00000 1059.39566  1.63%  2958 6053s
  3457  2708 1063.36455   48 1926 1077.00000 1059.39566  1.63%  2955 6101s
  3493  2712 1063.46874   48 1929 1077.00000 1059.39566  1.63%  2952 6156s
  3509  2733 1063.54814   49 1942 1077.00000 1059.39566  1.63%  2953 6234s
  3536  2774 1063.56892   49 1924 1077.00000 1059.39566  1.63%  2949 6284s
  3586  2811 1063.68239   50 1921 1077.00000 1059.39566  1.63%  2946 6440s
  3639  2872 1063.72880   50 1905 1077.00000 1059.39566  1.63%  2945 6510s
  3718  2980 1063.74505   51 1912 1077.00000 1059.39566  1.63%  2939 6609s
  3852  3082 1064.30404   54 1901 1077.00000 1059.39566  1.63%  2933 6675s
  3999  3062 1064.98520   59 1850 1077.00000 1059.39566  1.63%  2933 6741s
  4028  3068 1065.16105   60 1838 1077.00000 1059.39566  1.63%  2931 6804s
  4044  3079 1065.18095   61 1841 1077.00000 1059.39566  1.63%  2929 6864s
  4060  3092 1065.29280   61 1834 1077.00000 1059.39566  1.63%  2928 6940s
  4078  3140 1065.38041   62 1846 1077.00000 1059.39566  1.63%  2927 7012s
  4132  3303 1065.48720   62 1829 1077.00000 1059.39566  1.63%  2923 7116s
  4313  3472 1066.31902   69 1801 1077.00000 1059.39566  1.63%  2911 7193s
  4543  3510 1067.57304   77 1733 1077.00000 1059.39566  1.63%  2902 7261s
  4657  3488 1068.15130   81 1685 1077.00000 1059.39566  1.63%  2901 7328s
  4673  3501 1068.17628   82 1681 1077.00000 1059.39566  1.63%  2898 7394s
  4692  3562 1068.32987   82 1686 1077.00000 1059.39566  1.63%  2898 7477s
  4759  3556 1068.38153   83 1685 1077.00000 1059.39566  1.63%  2894 7614s
  4775  3606 1068.49972   83 1676 1077.00000 1059.39566  1.63%  2892 7687s
  4831  3688 1068.55940   84 1661 1077.00000 1059.39566  1.63%  2896 7768s
  4931  3843 1068.90102   86 1651 1077.00000 1059.39566  1.63%  2892 7856s
  5120  3882 1070.57987   96 1563 1077.00000 1059.39566  1.63%  2887 7939s
  5222  3949 1070.80420   96 1561 1077.00000 1059.39566  1.63%  2894 8031s
  5323  4150 1071.05382   98 1528 1077.00000 1059.39566  1.63%  2910 8131s
  5559  4103 1073.50157  112 1447 1077.00000 1059.39566  1.63%  2915 8224s
  5599  4112 1073.59438  113 1453 1077.00000 1059.39566  1.63%  2920 8316s
  5621  4205 1073.84630  114 1420 1077.00000 1059.39566  1.63%  2925 8408s
  5722  4470 1075.02523  124 1394 1077.00000 1059.39566  1.63%  2918 8547s
  6102  4516 1075.81721  131 1383 1077.00000 1059.39566  1.63%  2905 8685s
  6353  4613     cutoff  132      1077.00000 1059.39566  1.63%  2920 8822s
  6554  4698     cutoff  132      1077.00000 1059.39566  1.63%  2946 8966s
  6718  4660 1075.91438  129 1352 1077.00000 1059.39566  1.63%  2972 9080s
  6734  4674 1075.96958  130 1346 1077.00000 1059.39566  1.63%  2981 9191s
  6766  4788     cutoff  130      1077.00000 1059.46472  1.63%  2985 9456s
  6922  4975 1060.02390   34 2047 1077.00000 1059.46472  1.63%  2972 9616s
  7223  5098 1060.81823   63 2006 1077.00000 1059.46472  1.63%  2989 9953s
  7457  5259 1060.83300   64 2019 1077.00000 1059.52565  1.62%  3008 10113s
  7696  5240 1060.88160   65 2004 1077.00000 1059.52565  1.62%  3023 10260s
  7756  5313 1061.02300   66 2019 1077.00000 1059.52565  1.62%  3038 10416s
  7851  5463 1061.05552   67 2015 1077.00000 1059.52565  1.62%  3050 10580s
  8051  5837 1061.07777   68 2012 1077.00000 1059.52565  1.62%  3069 10747s
  8512  5822 1061.08922   69 2004 1077.00000 1059.53024  1.62%  3065 10800s

Cutting planes:
  Cover: 1
  MIR: 814
  Flow cover: 385
  Zero half: 2610
  Mod-K: 18

Explored 8658 nodes (26806054 simplex iterations) in 10800.10 seconds (26049.67 work units)
Thread count was 32 (of 32 available processors)

Solution count 10: 1077 1078 1079 ... 1092

Time limit reached
Best objective 1.077000000000e+03, best bound 1.060000000000e+03, gap 1.5785%

User-callback calls 2776889, time in user-callback 5.15 sec
