
Gurobi 13.0.2 (linux64) logging started Tue Jul 21 03:00:33 2026

Set parameter LogFile to value "/tmp/run_20260721_025522_pacific-3-blobs_alt400km_s1_i1_v10_gurobi.log"
Set parameter Method to value 1
Set parameter NodefileStart to value 4
Set parameter RINS to value 50
Gurobi Optimizer version 13.0.2 build v13.0.2rc1 (linux64 - "Debian GNU/Linux 13 (trixie)")

CPU model: Intel(R) Xeon(R) Platinum 8375C CPU @ 2.90GHz, instruction set [SSE2|AVX|AVX2|AVX512]
Thread count: 16 physical cores, 32 logical processors, using up to 32 threads

Non-default parameters:
TimeLimit  14400
MIPGap  0.01
Method  1
LPWarmStart  1
Heuristics  0.2
MIPFocus  1
NodefileStart  4
RINS  50
Symmetry  2
Cuts  2
CoverCuts  2
LogToConsole  0

Academic license 2812613 - for non-commercial use only - registered to no___@gatech.edu
Optimize a model with 1089924 rows, 14360 columns and 174367736 nonzeros (Min)
Model fingerprint: 0x3812a597
Model has 14360 linear objective coefficients
Variable types: 0 continuous, 14360 integer (14360 binary)
Coefficient statistics:
  Matrix range     [1e+00, 1e+00]
  Objective range  [1e+00, 1e+00]
  Bounds range     [1e+00, 1e+00]
  RHS range        [1e+00, 1e+00]

Found heuristic solution: objective 694.0000000
Presolve removed 0 rows and 0 columns (presolve time = 7s)...
Presolve removed 0 rows and 0 columns (presolve time = 22s)...
Presolve removed 0 rows and 0 columns (presolve time = 25s)...
Presolve removed 0 rows and 0 columns (presolve time = 39s)...
Presolve removed 0 rows and 0 columns (presolve time = 51s)...
Presolve removed 0 rows and 0 columns (presolve time = 64s)...
Presolve removed 0 rows and 0 columns (presolve time = 66s)...
Presolve removed 0 rows and 0 columns (presolve time = 92s)...
Presolve removed 0 rows and 0 columns (presolve time = 107s)...
Presolve removed 0 rows and 0 columns (presolve time = 121s)...
Presolve removed 0 rows and 0 columns (presolve time = 134s)...
Presolve removed 0 rows and 0 columns (presolve time = 135s)...
Presolve removed 0 rows and 0 columns (presolve time = 140s)...
Presolve removed 0 rows and 0 columns (presolve time = 145s)...
Presolve removed 0 rows and 0 columns (presolve time = 152s)...
Presolve removed 0 rows and 0 columns (presolve time = 166s)...
Presolve removed 0 rows and 0 columns (presolve time = 171s)...
Presolve removed 0 rows and 0 columns (presolve time = 175s)...
Presolve removed 0 rows and 0 columns (presolve time = 180s)...
Presolve removed 0 rows and 0 columns (presolve time = 186s)...
Presolve removed 0 rows and 0 columns (presolve time = 203s)...
Presolve removed 0 rows and 0 columns (presolve time = 205s)...
Presolve removed 0 rows and 0 columns (presolve time = 210s)...
Presolve removed 0 rows and 0 columns (presolve time = 215s)...
Presolve removed 0 rows and 0 columns (presolve time = 220s)...
Presolve removed 0 rows and 0 columns (presolve time = 225s)...
Presolve removed 0 rows and 0 columns (presolve time = 230s)...
Presolve removed 0 rows and 0 columns (presolve time = 235s)...
Presolve removed 0 rows and 0 columns (presolve time = 240s)...
Presolve removed 0 rows and 0 columns (presolve time = 245s)...
Presolve removed 0 rows and 0 columns (presolve time = 250s)...
Presolve removed 0 rows and 0 columns (presolve time = 255s)...
Presolve removed 0 rows and 0 columns (presolve time = 260s)...
Presolve removed 0 rows and 0 columns (presolve time = 265s)...
Presolve removed 0 rows and 0 columns (presolve time = 270s)...
Presolve removed 0 rows and 0 columns (presolve time = 275s)...
Presolve removed 0 rows and 0 columns (presolve time = 305s)...
Presolve removed 0 rows and 0 columns (presolve time = 342s)...
Presolve removed 0 rows and 0 columns (presolve time = 347s)...
Presolve removed 0 rows and 0 columns (presolve time = 375s)...
Presolve removed 0 rows and 0 columns (presolve time = 375s)...
Presolve removed 0 rows and 0 columns (presolve time = 394s)...
Presolve time: 394.45s
Presolved: 1089924 rows, 14360 columns, 174367736 nonzeros
Variable types: 0 continuous, 14360 integer (14360 binary)
Root relaxation presolved: 14360 rows, 1104284 columns, 174382096 nonzeros


Root simplex log...

Iteration    Objective       Primal Inf.    Dual Inf.      Time
       0    4.7866667e+02   0.000000e+00   0.000000e+00    549s

Use crossover to convert LP symmetric solution to basic solution...

Root crossover log...

       0 DPushes remaining with DInf 0.0000000e+00               553s

       0 PPushes remaining with PInf 0.0000000e+00               553s

  Push phase complete: Pinf 0.0000000e+00, Dinf 5.5511151e-16    553s


Root simplex log...

Iteration    Objective       Primal Inf.    Dual Inf.      Time
       3    4.7866667e+02   0.000000e+00   0.000000e+00    553s
Crossover time: 3.72 seconds (1.79 work units)
       3    4.7866667e+02   0.000000e+00   0.000000e+00    558s
       3    4.7866667e+02   0.000000e+00   0.000000e+00    565s

Root relaxation: objective 4.786667e+02, 3 iterations, 152.56 seconds (135.11 work units)

    Nodes    |    Current Node    |     Objective Bounds      |     Work
 Expl Unexpl |  Obj  Depth IntInf | Incumbent    BestBd   Gap | It/Node Time

     0     0  478.66667    0 1436  694.00000  478.66667  31.0%     -  573s
H    0     0                     693.0000000  478.66667  30.9%     -  574s
H    0     0                     545.0000000  478.66667  12.2%     -  584s
H    0     0                     488.0000000  478.66667  1.91%     -  626s
*    0     0               0     480.0000000  480.00000  0.00%     - 2652s

Cutting planes:
  Gomory: 2

Explored 1 nodes (9 simplex iterations) in 2654.37 seconds (13136.33 work units)
Thread count was 32 (of 32 available processors)

Solution count 5: 480 488 545 ... 694

Optimal solution found (tolerance 1.00e-02)
Best objective 4.800000000000e+02, best bound 4.800000000000e+02, gap 0.0000%

User-callback calls 42101, time in user-callback 0.09 sec
