
Gurobi 13.0.2 (linux64) logging started Sat Jul 11 05:54:22 2026

Set parameter LogFile to value "/tmp/sweep_20260709_012313_china_alt400km_s20_i1_v10_gurobi.log"
Set parameter Method to value 1
Set parameter NodefileStart to value 4
Set parameter RINS to value 50
Gurobi Optimizer version 13.0.2 build v13.0.2rc1 (linux64 - "Debian GNU/Linux 13 (trixie)")

CPU model: Intel(R) Xeon(R) Platinum 8375C CPU @ 2.90GHz, instruction set [SSE2|AVX|AVX2|AVX512]
Thread count: 16 physical cores, 32 logical processors, using up to 32 threads

Non-default parameters:
TimeLimit  14400
MIPGap  0.001
Method  1
LPWarmStart  1
Heuristics  0.2
MIPFocus  1
NodefileStart  4
RINS  50
Symmetry  2
Cuts  2
CoverCuts  2
LogToConsole  0

Academic license 2812613 - for non-commercial use only - registered to no___@gatech.edu
Optimize a model with 392028 rows, 28720 columns and 134089372 nonzeros (Min)
Model fingerprint: 0xa0d7891b
Model has 28720 linear objective coefficients
Variable types: 0 continuous, 28720 integer (28720 binary)
Coefficient statistics:
  Matrix range     [1e+00, 1e+00]
  Objective range  [1e+00, 1e+00]
  Bounds range     [1e+00, 1e+00]
  RHS range        [2e+01, 2e+01]

Found heuristic solution: objective 3258.0000000
Presolve removed 0 rows and 0 columns (presolve time = 6s)...
Presolve removed 0 rows and 0 columns (presolve time = 15s)...
Presolve removed 0 rows and 0 columns (presolve time = 27s)...
Presolve removed 0 rows and 0 columns (presolve time = 36s)...
Presolve removed 0 rows and 0 columns (presolve time = 46s)...
Presolve removed 0 rows and 0 columns (presolve time = 59s)...
Presolve removed 0 rows and 0 columns (presolve time = 74s)...
Presolve removed 0 rows and 0 columns (presolve time = 75s)...
Presolve removed 0 rows and 0 columns (presolve time = 80s)...
Presolve removed 0 rows and 0 columns (presolve time = 85s)...
Presolve removed 0 rows and 0 columns (presolve time = 90s)...
Presolve removed 0 rows and 0 columns (presolve time = 110s)...
Presolve removed 0 rows and 0 columns (presolve time = 121s)...
Presolve removed 0 rows and 0 columns (presolve time = 131s)...
Presolve removed 0 rows and 0 columns (presolve time = 140s)...
Presolve removed 0 rows and 0 columns (presolve time = 145s)...
Presolve removed 0 rows and 0 columns (presolve time = 150s)...
Presolve removed 0 rows and 0 columns (presolve time = 167s)...
Presolve removed 0 rows and 0 columns (presolve time = 170s)...
Presolve removed 0 rows and 0 columns (presolve time = 178s)...
Presolve removed 0 rows and 0 columns (presolve time = 180s)...
Presolve removed 0 rows and 0 columns (presolve time = 190s)...
Presolve removed 0 rows and 0 columns (presolve time = 190s)...
Presolve removed 0 rows and 0 columns (presolve time = 195s)...
Presolve removed 0 rows and 0 columns (presolve time = 200s)...
Presolve removed 0 rows and 0 columns (presolve time = 205s)...
Presolve removed 0 rows and 0 columns (presolve time = 210s)...
Presolve removed 0 rows and 0 columns (presolve time = 215s)...
Presolve removed 0 rows and 0 columns (presolve time = 220s)...
Presolve removed 0 rows and 0 columns (presolve time = 225s)...
Presolve removed 0 rows and 0 columns (presolve time = 230s)...
Presolve removed 0 rows and 0 columns (presolve time = 235s)...
Presolve removed 0 rows and 0 columns (presolve time = 250s)...
Presolve removed 0 rows and 0 columns (presolve time = 276s)...
Presolve removed 0 rows and 0 columns (presolve time = 290s)...
Presolve time: 290.13s
Presolved: 392028 rows, 28720 columns, 134089372 nonzeros
Variable types: 0 continuous, 28720 integer (28720 binary)

Root simplex log...

Iteration    Objective       Primal Inf.    Dual Inf.      Time
       0   -0.0000000e+00   0.000000e+00   1.365000e+03    354s
      29    2.2014151e+03   0.000000e+00   0.000000e+00    354s
      29    2.2014151e+03   0.000000e+00   0.000000e+00    354s

Use crossover to convert LP symmetric solution to basic solution...

Root crossover log...

  386284 variables added to crossover basis                      360s

       2 DPushes remaining with DInf 0.0000000e+00               368s
       0 DPushes remaining with DInf 0.0000000e+00               370s

       2 PPushes remaining with PInf 0.0000000e+00               370s
       0 PPushes remaining with PInf 0.0000000e+00               373s

  Push phase complete: Pinf 0.0000000e+00, Dinf 6.5318664e-09    373s


Root simplex log...

Iteration    Objective       Primal Inf.    Dual Inf.      Time
      36    2.2014151e+03   0.000000e+00   0.000000e+00    381s
Crossover time: 25.76 seconds (28.39 work units)

Root relaxation: objective 2.201415e+03, 36 iterations, 78.22 seconds (76.95 work units)

    Nodes    |    Current Node    |     Objective Bounds      |     Work
 Expl Unexpl |  Obj  Depth IntInf | Incumbent    BestBd   Gap | It/Node Time

     0     0 2201.41509    0 5744 3258.00000 2201.41509  32.4%     -  623s
H    0     0                    2872.0000000 2201.41509  23.3%     -  623s
H    0     0                    2591.0000000 2201.41509  15.0%     -  624s
H    0     0                    2586.0000000 2201.41509  14.9%     -  640s
H    0     0                    2569.0000000 2201.41509  14.3%     -  640s
H    0     0                    2554.0000000 2201.41509  13.8%     -  641s
H    0     0                    2547.0000000 2201.41509  13.6%     -  651s
H    0     0                    2543.0000000 2201.41509  13.4%     -  652s
H    0     0                    2541.0000000 2201.41509  13.4%     -  652s
H    0     0                    2540.0000000 2201.41509  13.3%     -  654s
H    0     0                    2538.0000000 2201.41509  13.3%     -  654s
H    0     0                    2537.0000000 2201.41509  13.2%     -  655s
H    0     0                    2536.0000000 2201.41509  13.2%     -  655s
H    0     0                    2535.0000000 2201.41509  13.2%     -  656s
H    0     0                    2534.0000000 2201.41509  13.1%     -  657s
H    0     0                    2532.0000000 2201.41509  13.1%     -  661s
H    0     0                    2531.0000000 2201.41509  13.0%     -  662s
H    0     0                    2530.0000000 2201.41509  13.0%     -  664s
H    0     0                    2529.0000000 2201.41509  13.0%     -  665s
H    0     0                    2528.0000000 2201.41509  12.9%     -  666s
H    0     0                    2526.0000000 2201.41509  12.8%     -  667s
H    0     0                    2522.0000000 2201.41509  12.7%     -  695s
H    0     0                    2521.0000000 2201.41509  12.7%     -  891s
H    0     0                    2497.0000000 2201.41509  11.8%     -  892s
H    0     0                    2478.0000000 2201.41509  11.2%     -  893s
H    0     0                    2474.0000000 2201.41509  11.0%     -  894s
H    0     0                    2464.0000000 2201.41509  10.7%     -  895s
H    0     0                    2461.0000000 2201.41509  10.5%     -  922s
H    0     0                    2460.0000000 2201.41509  10.5%     -  938s
H    0     0                    2459.0000000 2201.41509  10.5%     -  954s
H    0     0                    2458.0000000 2201.41509  10.4%     -  967s
H    0     0                    2453.0000000 2201.41509  10.3%     - 1137s
H    0     0                    2452.0000000 2201.41509  10.2%     - 1144s
     0     0 2201.41509    0 5744 2452.00000 2201.41509  10.2%     - 1629s
     0     0 2201.41509    0 5744 2452.00000 2201.41509  10.2%     - 1870s
H    0     2                    2443.0000000 2201.41509  9.89%     - 8223s
     0     2 2201.41509    0 5744 2443.00000 2201.41509  9.89%     - 8223s
     1     3 2201.47288    1 5807 2443.00000 2201.41509  9.89%  2130 14414s

Explored 2 nodes (5632 simplex iterations) in 14415.83 seconds (32742.98 work units)
Thread count was 32 (of 32 available processors)

Solution count 10: 2443 2452 2453 ... 2478

Time limit reached
Best objective 2.443000000000e+03, best bound 2.202000000000e+03, gap 9.8649%

User-callback calls 3106527, time in user-callback 3.30 sec
