
Gurobi 13.0.2 (linux64) logging started Thu Jul  9 13:39:01 2026

Set parameter LogFile to value "/tmp/sweep_20260709_012313_china_alt260km_s20_i2_v6_gurobi.log"
Set parameter Method to value 1
Set parameter NodefileStart to value 4
Set parameter RINS to value 50
Gurobi Optimizer version 13.0.2 build v13.0.2rc1 (linux64 - "Debian GNU/Linux 13 (trixie)")

CPU model: Intel(R) Xeon(R) Platinum 8375C CPU @ 2.90GHz, instruction set [SSE2|AVX|AVX2|AVX512]
Thread count: 16 physical cores, 32 logical processors, using up to 32 threads

Non-default parameters:
TimeLimit  14400
MIPGap  0.001
Method  1
LPWarmStart  1
Heuristics  0.2
MIPFocus  1
NodefileStart  4
RINS  50
Symmetry  2
Cuts  2
CoverCuts  2
LogToConsole  0

Academic license 2812613 - for non-commercial use only - registered to no___@gatech.edu
Optimize a model with 196014 rows, 14360 columns and 17867430 nonzeros (Min)
Model fingerprint: 0x860ab157
Model has 14360 linear objective coefficients
Variable types: 0 continuous, 14360 integer (14360 binary)
Coefficient statistics:
  Matrix range     [1e+00, 1e+00]
  Objective range  [1e+00, 1e+00]
  Bounds range     [1e+00, 1e+00]
  RHS range        [1e+01, 1e+01]

Found heuristic solution: objective 2841.0000000
Presolve removed 0 rows and 0 columns (presolve time = 6s)...
Presolve removed 0 rows and 0 columns (presolve time = 10s)...
Presolve removed 0 rows and 0 columns (presolve time = 15s)...
Presolve removed 0 rows and 0 columns (presolve time = 20s)...
Presolve removed 0 rows and 0 columns (presolve time = 25s)...
Presolve removed 0 rows and 0 columns (presolve time = 32s)...
Presolve time: 34.03s
Presolved: 196014 rows, 14360 columns, 17867430 nonzeros
Variable types: 0 continuous, 14360 integer (14360 binary)

Root simplex log...

Iteration    Objective       Primal Inf.    Dual Inf.      Time
       0   -0.0000000e+00   0.000000e+00   3.960000e+03     42s
      43    2.2897518e+03   0.000000e+00   0.000000e+00     42s
      43    2.2897518e+03   0.000000e+00   0.000000e+00     42s

Use crossover to convert LP symmetric solution to basic solution...

Root crossover log...

       0 DPushes remaining with DInf 0.0000000e+00                47s

       0 PPushes remaining with PInf 0.0000000e+00                47s

  Push phase complete: Pinf 0.0000000e+00, Dinf 2.7036198e-10     48s


Root simplex log...

Iteration    Objective       Primal Inf.    Dual Inf.      Time
      46    2.2897518e+03   0.000000e+00   0.000000e+00     49s
Crossover time: 6.75 seconds (11.19 work units)

Root relaxation: objective 2.289752e+03, 46 iterations, 13.35 seconds (17.43 work units)

    Nodes    |    Current Node    |     Objective Bounds      |     Work
 Expl Unexpl |  Obj  Depth IntInf | Incumbent    BestBd   Gap | It/Node Time

     0     0 2289.75185    0 5026 2841.00000 2289.75185  19.4%     -   53s
H    0     0                    2736.0000000 2289.75185  16.3%     -   61s
H    0     0                    2715.0000000 2289.75185  15.7%     -   61s
H    0     0                    2714.0000000 2289.75185  15.6%     -   61s
H    0     0                    2713.0000000 2289.75185  15.6%     -   61s
H    0     0                    2712.0000000 2289.75185  15.6%     -   61s
H    0     0                    2700.0000000 2289.75185  15.2%     -   61s
H    0     0                    2696.0000000 2289.75185  15.1%     -   62s
H    0     0                    2691.0000000 2289.75185  14.9%     -   67s
H    0     0                    2688.0000000 2289.75185  14.8%     -   77s
H    0     0                    2687.0000000 2289.75185  14.8%     -   77s
H    0     0                    2685.0000000 2289.75185  14.7%     -   81s
H    0     0                    2683.0000000 2289.75185  14.7%     -   81s
H    0     0                    2682.0000000 2289.75185  14.6%     -   89s
H    0     0                    2677.0000000 2289.75185  14.5%     -   89s
H    0     0                    2673.0000000 2289.75185  14.3%     -   89s
H    0     0                    2670.0000000 2289.75185  14.2%     -   89s
H    0     0                    2669.0000000 2289.75185  14.2%     -   90s
H    0     0                    2666.0000000 2289.75185  14.1%     -   92s
H    0     0                    2664.0000000 2289.75185  14.0%     -   95s
H    0     0                    2663.0000000 2289.75185  14.0%     -  100s
H    0     0                    2661.0000000 2289.75185  14.0%     -  104s
H    0     0                    2660.0000000 2289.75185  13.9%     -  107s
H    0     0                    2659.0000000 2289.75185  13.9%     -  111s
H    0     0                    2656.0000000 2289.75185  13.8%     -  118s
     0     0 2289.75185    0 5026 2656.00000 2289.75185  13.8%     -  217s
H    0     0                    2654.0000000 2289.75185  13.7%     -  553s
H    0     0                    2652.0000000 2289.75185  13.7%     -  554s
H    0     0                    2650.0000000 2289.75185  13.6%     -  557s
H    0     0                    2647.0000000 2289.75185  13.5%     -  559s
H    0     0                    2641.0000000 2289.75185  13.3%     -  563s
H    0     0                    2640.0000000 2289.75185  13.3%     -  605s
H    0     2                    2528.0000000 2289.75185  9.42%     -  632s
     0     2 2289.75185    0 5026 2528.00000 2289.75185  9.42%     -  632s
     1     3 2289.84272    1 5418 2528.00000 2289.75844  9.42%  4139 1890s
H    2     5                    2497.0000000 2289.75844  8.30%  2070 4031s
H    4     9                    2496.0000000 2289.75844  8.26%  4444 11568s
     6     9 2289.94482    3 5186 2496.00000 2289.75844  8.26%  6287 11576s
     7     9 2289.99233    3 5130 2496.00000 2289.75844  8.26%  6967 11589s
     8    17 2289.97581    4 5115 2496.00000 2289.75844  8.26%  6595 14403s

Explored 16 nodes (111343 simplex iterations) in 14405.15 seconds (38796.00 work units)
Thread count was 32 (of 32 available processors)

Solution count 10: 2496 2497 2528 ... 2656

Time limit reached
Best objective 2.496000000000e+03, best bound 2.290000000000e+03, gap 8.2532%

User-callback calls 4519139, time in user-callback 5.63 sec
