
Gurobi 13.0.2 (linux64) logging started Sat Jul 11 12:18:18 2026

Set parameter LogFile to value "/tmp/sweep_20260709_012313_china_alt400km_s20_i6_v5_gurobi.log"
Set parameter Method to value 1
Set parameter NodefileStart to value 4
Set parameter RINS to value 50
Gurobi Optimizer version 13.0.2 build v13.0.2rc1 (linux64 - "Debian GNU/Linux 13 (trixie)")

CPU model: Intel(R) Xeon(R) Platinum 8375C CPU @ 2.90GHz, instruction set [SSE2|AVX|AVX2|AVX512]
Thread count: 16 physical cores, 32 logical processors, using up to 32 threads

Non-default parameters:
TimeLimit  14400
MIPGap  0.001
Method  1
LPWarmStart  1
Heuristics  0.2
MIPFocus  1
NodefileStart  4
RINS  50
Symmetry  2
Cuts  2
CoverCuts  2
LogToConsole  0

Academic license 2812613 - for non-commercial use only - registered to no___@gatech.edu
Optimize a model with 392028 rows, 28720 columns and 48658860 nonzeros (Min)
Model fingerprint: 0x74b71074
Model has 28720 linear objective coefficients
Variable types: 0 continuous, 28720 integer (28720 binary)
Coefficient statistics:
  Matrix range     [1e+00, 1e+00]
  Objective range  [1e+00, 1e+00]
  Bounds range     [1e+00, 1e+00]
  RHS range        [4e+00, 4e+00]

Found heuristic solution: objective 2130.0000000
Presolve removed 0 rows and 0 columns (presolve time = 6s)...
Presolve removed 0 rows and 0 columns (presolve time = 11s)...
Presolve removed 0 rows and 0 columns (presolve time = 15s)...
Presolve removed 0 rows and 0 columns (presolve time = 25s)...
Presolve removed 0 rows and 0 columns (presolve time = 30s)...
Presolve removed 0 rows and 0 columns (presolve time = 30s)...
Presolve removed 0 rows and 0 columns (presolve time = 39s)...
Presolve removed 0 rows and 0 columns (presolve time = 44s)...
Presolve removed 0 rows and 0 columns (presolve time = 48s)...
Presolve removed 0 rows and 0 columns (presolve time = 52s)...
Presolve removed 0 rows and 0 columns (presolve time = 55s)...
Presolve removed 0 rows and 0 columns (presolve time = 63s)...
Presolve removed 0 rows and 0 columns (presolve time = 65s)...
Presolve removed 0 rows and 0 columns (presolve time = 72s)...
Presolve removed 0 rows and 0 columns (presolve time = 75s)...
Presolve removed 0 rows and 0 columns (presolve time = 80s)...
Presolve removed 0 rows and 0 columns (presolve time = 85s)...
Presolve removed 0 rows and 0 columns (presolve time = 92s)...
Presolve removed 0 rows and 0 columns (presolve time = 101s)...
Presolve removed 0 rows and 0 columns (presolve time = 107s)...
Presolve time: 107.09s
Presolved: 392028 rows, 28720 columns, 48658860 nonzeros
Variable types: 0 continuous, 28720 integer (28720 binary)

Root simplex log...

Iteration    Objective       Primal Inf.    Dual Inf.      Time
       0   -0.0000000e+00   0.000000e+00   1.228000e+03    132s
      50    1.3154758e+03   0.000000e+00   0.000000e+00    132s
      50    1.3154758e+03   0.000000e+00   0.000000e+00    132s

Use crossover to convert LP symmetric solution to basic solution...

Root crossover log...

  380540 variables added to crossover basis                      136s
  385370 variables added to crossover basis                      140s
  387260 variables added to crossover basis                      145s
  389390 variables added to crossover basis                      150s
  390230 variables added to crossover basis                      155s
  390890 variables added to crossover basis                      160s
  391490 variables added to crossover basis                      165s

       0 DPushes remaining with DInf 0.0000000e+00               178s

       0 PPushes remaining with PInf 0.0000000e+00               178s

  Push phase complete: Pinf 0.0000000e+00, Dinf 4.5489626e-09    178s


Root simplex log...

Iteration    Objective       Primal Inf.    Dual Inf.      Time
      53    1.3154758e+03   0.000000e+00   0.000000e+00    186s
Crossover time: 53.55 seconds (92.12 work units)

Root relaxation: objective 1.315476e+03, 53 iterations, 73.96 seconds (109.45 work units)

    Nodes    |    Current Node    |     Objective Bounds      |     Work
 Expl Unexpl |  Obj  Depth IntInf | Incumbent    BestBd   Gap | It/Node Time

     0     0 1315.47580    0 11488 2130.00000 1315.47580  38.2%     -  200s
     0     0 1315.47580    0 11488 2130.00000 1315.47580  38.2%     -  905s
H    0     2                    1900.0000000 1315.47580  30.8%     - 2632s
     0     2 1315.47580    0 11488 1900.00000 1315.47580  30.8%     - 2632s

Explored 1 nodes (53 simplex iterations) in 14400.94 seconds (54271.20 work units)
Thread count was 32 (of 32 available processors)

Solution count 2: 1900 2130 

Time limit reached
Best objective 1.900000000000e+03, best bound 1.316000000000e+03, gap 30.7368%

User-callback calls 160997, time in user-callback 0.52 sec
