
Gurobi 13.0.2 (linux64) logging started Fri Jul 17 14:44:44 2026

Set parameter LogFile to value "/tmp/sweep_20260716_013919_north-korea_alt400km_s1_i6_v6_gurobi.log"
Set parameter Method to value 1
Set parameter NodefileStart to value 4
Set parameter RINS to value 50
Gurobi Optimizer version 13.0.2 build v13.0.2rc1 (linux64 - "Debian GNU/Linux 13 (trixie)")

CPU model: Intel(R) Xeon(R) Platinum 8375C CPU @ 2.90GHz, instruction set [SSE2|AVX|AVX2|AVX512]
Thread count: 16 physical cores, 32 logical processors, using up to 32 threads

Non-default parameters:
TimeLimit  14400
MIPGap  0.001
Method  1
LPWarmStart  1
Heuristics  0.2
MIPFocus  1
NodefileStart  4
RINS  50
Symmetry  2
Cuts  2
CoverCuts  2
LogToConsole  0

Academic license 2812613 - for non-commercial use only - registered to no___@gatech.edu
Optimize a model with 2872 rows, 7180 columns and 176628 nonzeros (Min)
Model fingerprint: 0x4e31f701
Model has 7180 linear objective coefficients
Variable types: 0 continuous, 7180 integer (7180 binary)
Coefficient statistics:
  Matrix range     [1e+00, 1e+00]
  Objective range  [1e+00, 1e+00]
  Bounds range     [1e+00, 1e+00]
  RHS range        [1e+00, 1e+00]

Found heuristic solution: objective 174.0000000
Presolve removed 0 rows and 1436 columns
Presolve time: 0.25s
Presolved: 2872 rows, 5744 columns, 163704 nonzeros
Variable types: 0 continuous, 5744 integer (5744 binary)

Root simplex log...

Iteration    Objective       Primal Inf.    Dual Inf.      Time
   10763    9.4405389e+01   3.061232e+03   0.000000e+00      5s
   15763    9.6922340e+01   9.107137e+02   0.000000e+00     10s
   19493    9.8185188e+01   1.049547e+04   0.000000e+00     15s
   22953    9.9158746e+01   8.279242e+03   0.000000e+00     20s
   26353    9.9946262e+01   1.506731e+03   0.000000e+00     25s
   29873    1.0084045e+02   4.256699e+03   0.000000e+00     30s
   33633    1.0164878e+02   2.016706e+04   0.000000e+00     35s
   38653    1.0231106e+02   1.841494e+07   0.000000e+00     40s
Warning: Markowitz tolerance tightened to 0.03125
   43193    1.0249995e+02   3.108085e+04   0.000000e+00     45s
   47273    1.0257152e+02   1.962214e+03   0.000000e+00     50s
   51313    1.0257154e+02   2.630701e+02   0.000000e+00     55s
   54623    1.0257154e+02   7.890979e+00   0.000000e+00     60s
   54961    1.0257143e+02   0.000000e+00   0.000000e+00     61s

Root relaxation: objective 1.025714e+02, 54961 iterations, 60.55 seconds (134.21 work units)

    Nodes    |    Current Node    |     Objective Bounds      |     Work
 Expl Unexpl |  Obj  Depth IntInf | Incumbent    BestBd   Gap | It/Node Time

     0     0  102.57143    0 1932  174.00000  102.57143  41.1%     -   93s
H    0     0                     167.0000000  102.57143  38.6%     -   94s
H    0     0                     165.0000000  102.57143  37.8%     -   94s
H    0     0                     164.0000000  102.57143  37.5%     -   94s
H    0     0                     163.0000000  102.57143  37.1%     -   94s
H    0     0                     162.0000000  102.57143  36.7%     -   94s
H    0     0                     160.0000000  102.57143  35.9%     -   94s
H    0     0                     159.0000000  102.57143  35.5%     -   94s
H    0     0                     158.0000000  102.57143  35.1%     -   95s
H    0     0                     157.0000000  102.57143  34.7%     -   95s
H    0     0                     156.0000000  102.57143  34.2%     -   95s
H    0     0                     155.0000000  102.57143  33.8%     -   95s
H    0     0                     154.0000000  102.57143  33.4%     -   95s
H    0     0                     153.0000000  102.57143  33.0%     -   95s
H    0     0                     152.0000000  102.57143  32.5%     -   95s
H    0     0                     151.0000000  102.57143  32.1%     -   95s
H    0     0                     150.0000000  102.57143  31.6%     -   95s
H    0     0                     149.0000000  102.57143  31.2%     -   95s
H    0     0                     148.0000000  102.57143  30.7%     -   95s
H    0     0                     146.0000000  102.57143  29.7%     -   96s
H    0     0                     145.0000000  102.57143  29.3%     -  129s
H    0     0                     144.0000000  102.57143  28.8%     -  129s
H    0     0                     143.0000000  102.57143  28.3%     -  129s
H    0     0                     141.0000000  102.57143  27.3%     -  129s
H    0     0                     140.0000000  102.57143  26.7%     -  129s
H    0     0                     135.0000000  102.57143  24.0%     -  129s
H    0     0                     134.0000000  102.57143  23.5%     -  129s
H    0     0                     133.0000000  102.57143  22.9%     -  129s
H    0     0                     132.0000000  102.57143  22.3%     -  140s
H    0     0                     131.0000000  102.57143  21.7%     -  140s
     0     0  102.57143    0 1822  131.00000  102.57143  21.7%     -  144s
H    0     0                     130.0000000  102.57143  21.1%     -  160s
H    0     0                     129.0000000  102.57143  20.5%     -  161s
H    0     0                     128.0000000  102.57143  19.9%     -  161s
H    0     0                     127.0000000  102.57143  19.2%     -  161s
     0     0  102.57143    0 1757  127.00000  102.57143  19.2%     -  176s
     0     0  102.57143    0 1747  127.00000  102.57143  19.2%     -  215s
     0     0  102.57143    0 1747  127.00000  102.57143  19.2%     -  260s
     0     0  102.57143    0 1743  127.00000  102.57143  19.2%     -  280s
     0     0  102.57143    0 1725  127.00000  102.57143  19.2%     -  323s
     0     0  102.57143    0 1725  127.00000  102.57143  19.2%     -  369s
H    0     0                     126.0000000  102.57143  18.6%     -  372s
H    0     0                     125.0000000  102.57143  17.9%     -  372s
     0     0  102.57143    0 1713  125.00000  102.57143  17.9%     -  393s
     0     0  102.57143    0 1672  125.00000  102.57143  17.9%     -  427s
     0     0  102.57143    0 1672  125.00000  102.57143  17.9%     -  494s
H    0     0                     124.0000000  102.57143  17.3%     -  495s
H    0     0                     123.0000000  102.57143  16.6%     -  495s
     0     0  102.57143    0 1641  123.00000  102.57143  16.6%     -  495s
     0     0  102.57143    0 1769  123.00000  102.57143  16.6%     -  538s
     0     0  102.57143    0 1705  123.00000  102.57143  16.6%     -  617s
H    0     0                     122.0000000  102.57143  15.9%     -  723s
H    0     0                     121.0000000  102.57143  15.2%     -  770s
     0     2  102.57143    0 1705  121.00000  102.57143  15.2%     - 1074s
     1     3  102.57143    1 1820  121.00000  102.57143  15.2%  3718 1138s
     2     6  102.57143    2 1436  121.00000  102.57143  15.2%  3870 1242s
H    3     6                     117.0000000  102.57143  12.3%  2580 1242s
H    4     6                     114.0000000  102.57143  10.0%  6460 1243s
     5    12  104.56122    3 1436  114.00000  102.57143  10.0% 18337 1712s
H    6    12                     113.0000000  102.57143  9.23% 15280 1712s
    11    22 infeasible    4       113.00000  102.63707  9.17% 21136 1984s
H   12    22                     112.0000000  102.63707  8.36% 19374 1984s
    19    22  102.97167    4 1924  112.00000  102.64520  8.35% 21371 1987s
    24    23  102.78925    4 1705  112.00000  102.64520  8.35% 19327 2318s
    26    24  102.97167    5 1932  112.00000  102.64520  8.35% 17840 2477s
    27    25  102.97167    5 1759  112.00000  102.64520  8.35% 17179 2575s
    28    26  102.93289    4 1747  112.00000  102.64520  8.35% 16566 2653s
    29    26  103.18363    5 1838  112.00000  102.64520  8.35% 15995 2767s
    30    27  103.43332    5 1824  112.00000  102.64520  8.35% 15461 2845s
    31    28  102.64520    4 1768  112.00000  102.64520  8.35% 14963 3000s
    32    28  103.18363    5 1835  112.00000  102.64520  8.35% 14495 3076s
    33    29  102.93287    4 1775  112.00000  102.64520  8.35% 14056 3220s
    34    30  102.80153    5 1813  112.00000  102.64520  8.35% 13642 3318s
    35    30  102.64520    4 1756  112.00000  102.64520  8.35% 13253 3483s
    36    31  102.78926    4 1756  112.00000  102.64520  8.35% 12884 3864s
    38    34  102.80154    5 1705  112.00000  102.64520  8.35% 20264 4330s
    40    35  102.93287    4 1932  112.00000  102.64520  8.35% 19251 4485s
    41    36  102.97168    5 1820  112.00000  102.64520  8.35% 18781 4591s
    42    37  102.78862    4 1787  112.00000  102.64520  8.35% 18334 4665s
    43    37  103.84982    5 1763  112.00000  102.64520  8.35% 17908 4818s
H   43    35                     111.0000000  102.64520  7.53% 17908 4929s
    45    37  105.62780    5 1818  111.00000  102.64520  7.53% 17112 5092s
    46    37  102.80153    5 1846  111.00000  102.64520  7.53% 16740 5208s
    47    38  102.78925    4 1782  111.00000  102.64520  7.53% 16384 5418s
    48    39  103.84982    5 1851  111.00000  102.64520  7.53% 16042 5551s
    49    39  102.78926    4 1784  111.00000  102.64520  7.53% 15715 5747s
    50    40  102.78862    4 1784  111.00000  102.64520  7.53% 15401 6218s
    52    43  102.97167    5 1705  111.00000  102.64520  7.53% 20619 6788s
    54    44  103.84978    5 1932  111.00000  102.64520  7.53% 19856 6950s
    55    45  102.93289    4 1742  111.00000  102.64520  7.53% 19495 7071s
    56    46  102.78862    4 1761  111.00000  102.64520  7.53% 19146 7151s
    57    46  102.80154    5 1761  111.00000  102.64520  7.53% 18811 7336s
    58    47  105.62780    5 1795  111.00000  102.64520  7.53% 18486 7461s
    59    48  103.18365    5 1787  111.00000  102.64520  7.53% 18173 7672s
    60    48  105.62868    5 1856  111.00000  102.64520  7.53% 17870 7781s
    61    49  103.18363    5 1764  111.00000  102.64520  7.53% 17577 7988s
    62    50  102.97168    5 1866  111.00000  102.64520  7.53% 17294 8111s
    63    50  102.98502    5 1782  111.00000  102.64520  7.53% 17019 8325s
    64    51  105.62780    5 1782  111.00000  102.64520  7.53% 16753 8819s
    66    54  102.97167    5 1705  111.00000  102.64520  7.53% 20976 9470s
    68    55  102.80153    5 1932  111.00000  102.64520  7.53% 20360 9631s
    69    56  103.43324    5 1745  111.00000  102.64520  7.53% 20064 9745s
    70    57  105.62780    5 1750  111.00000  102.64520  7.53% 19778 9824s
    71    57  103.84982    5 1740  111.00000  102.64520  7.53% 19499 9983s
    72    58  102.97167    5 1801  111.00000  102.64520  7.53% 19228 10079s
    73    59  102.98502    5 1762  111.00000  102.64520  7.53% 18965 10280s
    74    59  102.93287    4 1813  111.00000  102.64520  7.53% 18709 10416s
    75    60  102.64520    4 1817  111.00000  102.64520  7.53% 18459 10601s
    76    61  103.84982    5 1862  111.00000  102.64520  7.53% 18216 10739s
    77    61  103.18363    5 1790  111.00000  102.64520  7.53% 17980 10968s
    78    62  102.98502    5 1790  111.00000  102.64520  7.53% 17749 11375s
    80    65  102.97168    5 1705  111.00000  102.64520  7.53% 21177 12039s
    82    66  103.84978    5 1932  111.00000  102.64520  7.53% 20661 12203s
    83    67  102.64520    4 1808  111.00000  102.64520  7.53% 20412 12330s
    84    68  102.78925    4 1765  111.00000  102.64520  7.53% 20169 12401s
    85    68  103.18365    5 1745  111.00000  102.64520  7.53% 19932 12575s
    86    69  102.78862    4 1812  111.00000  102.64520  7.53% 19700 12683s
    87    70  102.80154    5 1777  111.00000  102.64520  7.53% 19473 12870s
    88    70  102.93287    4 1830  111.00000  102.64520  7.53% 19252 12993s
    89    71  103.43332    5 1773  111.00000  102.64520  7.53% 19036 13191s
    90    72  102.98502    5 1872  111.00000  102.64520  7.53% 18824 13308s
    91    72  102.93289    4 1749  111.00000  102.64520  7.53% 18617 13533s
    92    73  103.84982    5 1749  111.00000  102.64520  7.53% 18415 13940s
    94    76  102.80154    5 1705  111.00000  102.64520  7.53% 21314 14098s
    96    77  102.64520    4 1932  111.00000  102.64520  7.53% 20870 14263s
    97    78  103.84978    5 1764  111.00000  102.64520  7.53% 20655 14369s

Cutting planes:
  MIR: 37
  Flow cover: 315

Explored 97 nodes (2370369 simplex iterations) in 14412.67 seconds (25317.26 work units)
Thread count was 32 (of 32 available processors)

Solution count 10: 111 112 113 ... 125

Time limit reached
Best objective 1.110000000000e+02, best bound 1.030000000000e+02, gap 7.2072%

User-callback calls 1549947, time in user-callback 3.95 sec
