
Gurobi 13.0.2 (linux64) logging started Fri Jul 17 22:48:09 2026

Set parameter LogFile to value "/tmp/sweep_20260716_013919_north-korea_alt400km_s20_i1_v10_gurobi.log"
Set parameter Method to value 1
Set parameter NodefileStart to value 4
Set parameter RINS to value 50
Gurobi Optimizer version 13.0.2 build v13.0.2rc1 (linux64 - "Debian GNU/Linux 13 (trixie)")

CPU model: Intel(R) Xeon(R) Platinum 8375C CPU @ 2.90GHz, instruction set [SSE2|AVX|AVX2|AVX512]
Thread count: 16 physical cores, 32 logical processors, using up to 32 threads

Non-default parameters:
TimeLimit  14400
MIPGap  0.001
Method  1
LPWarmStart  1
Heuristics  0.2
MIPFocus  1
NodefileStart  4
RINS  50
Symmetry  2
Cuts  2
CoverCuts  2
LogToConsole  0

Academic license 2812613 - for non-commercial use only - registered to no___@gatech.edu
Optimize a model with 2872 rows, 21540 columns and 956376 nonzeros (Min)
Model fingerprint: 0xc885b0db
Model has 21540 linear objective coefficients
Variable types: 0 continuous, 21540 integer (21540 binary)
Coefficient statistics:
  Matrix range     [1e+00, 1e+00]
  Objective range  [1e+00, 1e+00]
  Bounds range     [1e+00, 1e+00]
  RHS range        [2e+01, 2e+01]

Found heuristic solution: objective 1695.0000000
Presolve time: 1.30s
Presolved: 2872 rows, 21540 columns, 956376 nonzeros
Variable types: 0 continuous, 21540 integer (21540 binary)

Root simplex log...

Iteration    Objective       Primal Inf.    Dual Inf.      Time
    5124    1.0998087e+03   2.240248e+04   0.000000e+00      5s
    7744    1.1286811e+03   1.020977e+04   0.000000e+00     10s
    9504    1.1399165e+03   2.550920e+04   0.000000e+00     15s
   11014    1.1466798e+03   1.045873e+04   0.000000e+00     20s
   12264    1.1512124e+03   1.070793e+04   0.000000e+00     25s
   13404    1.1550605e+03   1.050526e+04   0.000000e+00     30s
   14364    1.1579104e+03   8.006695e+03   0.000000e+00     35s
   15324    1.1601085e+03   6.137413e+03   0.000000e+00     40s
   16204    1.1619823e+03   2.683591e+04   0.000000e+00     45s
   17044    1.1635642e+03   1.092418e+04   0.000000e+00     50s
   17844    1.1647398e+03   9.248191e+03   0.000000e+00     55s
   18644    1.1660105e+03   1.960566e+04   0.000000e+00     60s
   19404    1.1670612e+03   1.160269e+04   0.000000e+00     65s
   20244    1.1682328e+03   1.114906e+04   0.000000e+00     70s
   21044    1.1691060e+03   2.237367e+04   0.000000e+00     75s
   21804    1.1699047e+03   2.849135e+04   0.000000e+00     80s
   22524    1.1707121e+03   1.497433e+04   0.000000e+00     85s
   23204    1.1713037e+03   6.527730e+03   0.000000e+00     90s
   23884    1.1719672e+03   1.448883e+04   0.000000e+00     95s
   24564    1.1726837e+03   9.539323e+03   0.000000e+00    100s
   25204    1.1732383e+03   3.129517e+04   0.000000e+00    105s
   25884    1.1737890e+03   1.606631e+04   0.000000e+00    110s
   26524    1.1742931e+03   1.010905e+04   0.000000e+00    115s
   27164    1.1747046e+03   8.126653e+03   0.000000e+00    120s
   27764    1.1751165e+03   1.029257e+04   0.000000e+00    125s
   28364    1.1755119e+03   4.990839e+03   0.000000e+00    130s
   29004    1.1758432e+03   1.350766e+04   0.000000e+00    135s
   29604    1.1761768e+03   4.792010e+03   0.000000e+00    140s
   30164    1.1764815e+03   5.420391e+03   0.000000e+00    145s
   30764    1.1767501e+03   5.157383e+03   0.000000e+00    150s
   31324    1.1769743e+03   1.066450e+04   0.000000e+00    155s
   31884    1.1772373e+03   3.120603e+03   0.000000e+00    160s
   32444    1.1774813e+03   3.887845e+03   0.000000e+00    165s
   33004    1.1777251e+03   7.447925e+03   0.000000e+00    170s
   33564    1.1779173e+03   5.323167e+03   0.000000e+00    175s
   34084    1.1780471e+03   1.003741e+04   0.000000e+00    180s
   34604    1.1781586e+03   4.472194e+03   0.000000e+00    185s
   35141    1.1782783e+03   8.024796e+03   0.000000e+00    190s
   35679    1.1784127e+03   6.522854e+03   0.000000e+00    195s
   36295    1.1785341e+03   3.208360e+03   0.000000e+00    200s
   36870    1.1786389e+03   4.019372e+03   0.000000e+00    205s
   37392    1.1787243e+03   5.912474e+03   0.000000e+00    210s
   37988    1.1788264e+03   3.011952e+03   0.000000e+00    215s
   38589    1.1789110e+03   8.559589e+03   0.000000e+00    220s
   39124    1.1790088e+03   3.431467e+03   0.000000e+00    225s
   39727    1.1791436e+03   5.214106e+03   0.000000e+00    231s
   40260    1.1792886e+03   1.023047e+04   0.000000e+00    235s
   40794    1.1801617e+03   8.718335e+04   0.000000e+00    240s
   41329    1.1802209e+03   3.660006e+04   0.000000e+00    245s
   41863    1.1802213e+03   1.188956e+04   0.000000e+00    250s
   42396    1.1802216e+03   2.304629e+05   0.000000e+00    255s
   42923    1.1802765e+03   6.310067e+03   0.000000e+00    260s
   43452    1.1802766e+03   7.875357e+03   0.000000e+00    266s
   43979    1.1802767e+03   5.675698e+03   0.000000e+00    271s
   44507    1.1802767e+03   7.132854e+03   0.000000e+00    275s
   45038    1.1802767e+03   2.503580e+03   0.000000e+00    280s
   45561    1.1802768e+03   4.684234e+03   0.000000e+00    285s
   46089    1.1802768e+03   4.551014e+03   0.000000e+00    290s
   46683    1.1802768e+03   4.811535e+03   0.000000e+00    295s
   47215    1.1802768e+03   2.588553e+03   0.000000e+00    300s
   47805    1.1802768e+03   1.570851e+03   0.000000e+00    305s
   48402    1.1802768e+03   4.758762e+02   0.000000e+00    310s
   49015    1.1802740e+03   0.000000e+00   0.000000e+00    316s

Root relaxation: objective 1.180274e+03, 49015 iterations, 314.23 seconds (800.91 work units)

    Nodes    |    Current Node    |     Objective Bounds      |     Work
 Expl Unexpl |  Obj  Depth IntInf | Incumbent    BestBd   Gap | It/Node Time

     0     0 1180.27397    0 2871 1695.00000 1180.27397  30.4%     -  365s
H    0     0                    1482.0000000 1180.27397  20.4%     -  365s
H    0     0                    1467.0000000 1180.27397  19.5%     -  365s
H    0     0                    1466.0000000 1180.27397  19.5%     -  365s
H    0     0                    1361.0000000 1180.27397  13.3%     -  366s
H    0     0                    1321.0000000 1180.27397  10.7%     -  366s
H    0     0                    1320.0000000 1180.27397  10.6%     -  366s
H    0     0                    1285.0000000 1180.27397  8.15%     -  366s
H    0     0                    1260.0000000 1180.27397  6.33%     -  366s
H    0     0                    1259.0000000 1180.27397  6.25%     -  366s
H    0     0                    1258.0000000 1180.27397  6.18%     -  366s
H    0     0                    1253.0000000 1180.27397  5.80%     -  367s
H    0     0                    1251.0000000 1180.27397  5.65%     -  369s
H    0     0                    1249.0000000 1180.27397  5.50%     -  370s
H    0     0                    1248.0000000 1180.27397  5.43%     -  370s
H    0     0                    1247.0000000 1180.27397  5.35%     -  370s
H    0     0                    1246.0000000 1180.27397  5.27%     -  377s
H    0     0                    1245.0000000 1180.27397  5.20%     -  380s
H    0     0                    1244.0000000 1180.27397  5.12%     -  388s
H    0     0                    1240.0000000 1180.27397  4.82%     -  388s
H    0     0                    1239.0000000 1180.27397  4.74%     -  388s
H    0     0                    1236.0000000 1180.27397  4.51%     -  388s
H    0     0                    1234.0000000 1180.27397  4.35%     -  389s
H    0     0                    1232.0000000 1180.27397  4.20%     -  389s
H    0     0                    1231.0000000 1180.27397  4.12%     -  390s
H    0     0                    1230.0000000 1180.27397  4.04%     -  392s
H    0     0                    1229.0000000 1180.27397  3.96%     -  392s
H    0     0                    1228.0000000 1180.27397  3.89%     -  393s
H    0     0                    1227.0000000 1180.27397  3.81%     -  394s
H    0     0                    1226.0000000 1180.27397  3.73%     -  399s
H    0     0                    1225.0000000 1180.27397  3.65%     -  401s
H    0     0                    1224.0000000 1180.27397  3.57%     -  402s
     0     0 1180.27397    0 2871 1224.00000 1180.27397  3.57%     -  705s
     0     0 1180.27397    0 2871 1224.00000 1180.27397  3.57%     -  761s
H    0     0                    1223.0000000 1180.27397  3.49%     - 2166s
H    0     0                    1221.9999995 1180.27397  3.41%     - 2177s
H    0     0                    1221.0000000 1180.27397  3.34%     - 2243s
H    0     0                    1220.0000000 1180.27397  3.26%     - 2298s
H    0     0                    1219.0000000 1180.27397  3.18%     - 2345s
H    0     0                    1218.0000000 1180.27397  3.10%     - 2393s
     0     2 1180.27397    0 2870 1218.00000 1180.27397  3.10%     - 2575s
     1     3 1180.27397    1 2872 1218.00000 1180.27397  3.10%   321 2674s
     2     5 1180.27397    2 2872 1218.00000 1180.27397  3.10%   310 2826s
     4    10 1180.27397    3 2872 1218.00000 1180.27397  3.10%   310 3003s
     6    10 1180.27397    3 2872 1218.00000 1180.27397  3.10%   297 3005s
     8    10 1180.27397    1 2872 1218.00000 1180.27397  3.10%   626 3011s
     9    19 1180.27397    4 2872 1218.00000 1180.27397  3.10%   579 3255s
    16    19 1180.27397    4 2872 1218.00000 1180.27397  3.10%   459 3266s
    18    35 1180.27397    5 2870 1218.00000 1180.27397  3.10%   434 3609s
    28    35 1180.27397    5 2872 1218.00000 1180.27397  3.10%   386 3614s
    34    36 1180.30039    4 2871 1218.00000 1180.27397  3.10%   400 3863s
    35    38 1180.31346    5 2870 1218.00000 1180.27397  3.10%   388 4152s
    37    54 1180.32134    6 2870 1218.00000 1180.27397  3.10%   367 4570s
    39    54 1180.32672    6 2869 1218.00000 1180.27397  3.10%   349 4575s
    53    70 1180.33404    7 2869 1218.00000 1180.27397  3.10%  3126 5110s
H   64    70                    1217.0000000 1180.27397  3.02%  2646 5110s
    69    86 1180.34706    8 2868 1217.00000 1180.27397  3.02%  2492 5836s
    85   180 1180.36084    9 2867 1217.00000 1180.27397  3.02%  2101 7195s
H  139   180                    1216.0000000 1180.27397  2.94%  1397 7195s
H  179   180                    1215.0000000 1180.27397  2.86%  1172 7451s
   180   181 1180.27397   13 2871 1215.00000 1180.27397  2.86%  1166 9250s
   182   182 1180.36623   11 2871 1215.00000 1180.27397  2.86%  1153 10214s
   183   183 1180.36372   10 2871 1215.00000 1180.27397  2.86%  1147 10525s
H  183   173                    1214.0000000 1180.28767  2.78%  1147 13104s
   184   174 1180.28767   10 2871 1214.00000 1180.28767  2.78%  1141 13159s

Explored 185 nodes (334056 simplex iterations) in 14400.17 seconds (31134.42 work units)
Thread count was 32 (of 32 available processors)

Solution count 10: 1214 1215 1216 ... 1223

Time limit reached
Best objective 1.214000000000e+03, best bound 1.181000000000e+03, gap 2.7183%

User-callback calls 1800534, time in user-callback 4.98 sec
