
Gurobi 13.0.2 (linux64) logging started Fri Jul 24 13:28:22 2026

Set parameter LogFile to value "/tmp/sweep_20260724_011830_russia_alt400km_s10_i2_v10_gurobi.log"
Set parameter Method to value 1
Set parameter NodefileStart to value 4
Set parameter RINS to value 50
Gurobi Optimizer version 13.0.2 build v13.0.2rc1 (linux64 - "Debian GNU/Linux 13 (trixie)")

CPU model: Intel(R) Xeon(R) Platinum 8375C CPU @ 2.90GHz, instruction set [SSE2|AVX|AVX2|AVX512]
Thread count: 16 physical cores, 32 logical processors, using up to 32 threads

Non-default parameters:
TimeLimit  14400
MIPGap  0.001
Method  1
LPWarmStart  1
Heuristics  0.2
MIPFocus  1
NodefileStart  4
RINS  50
Symmetry  2
Cuts  2
CoverCuts  2
LogToConsole  0

Academic license 2812613 - for non-commercial use only - registered to no___@gatech.edu
Optimize a model with 718000 rows, 28720 columns and 281497644 nonzeros (Min)
Model fingerprint: 0xd8db0db3
Model has 28720 linear objective coefficients
Variable types: 0 continuous, 28720 integer (28720 binary)
Coefficient statistics:
  Matrix range     [1e+00, 1e+00]
  Objective range  [1e+00, 1e+00]
  Bounds range     [1e+00, 1e+00]
  RHS range        [5e+00, 5e+00]

Found heuristic solution: objective 1061.0000000
Presolve removed 0 rows and 0 columns (presolve time = 12s)...
Presolve removed 0 rows and 0 columns (presolve time = 36s)...
Presolve removed 0 rows and 0 columns (presolve time = 41s)...
Presolve removed 0 rows and 0 columns (presolve time = 64s)...
Presolve removed 0 rows and 0 columns (presolve time = 84s)...
Presolve removed 0 rows and 0 columns (presolve time = 86s)...
Presolve removed 0 rows and 0 columns (presolve time = 107s)...
Presolve removed 0 rows and 0 columns (presolve time = 152s)...
Presolve removed 0 rows and 0 columns (presolve time = 176s)...
Presolve removed 0 rows and 0 columns (presolve time = 200s)...
Presolve removed 0 rows and 0 columns (presolve time = 222s)...
Presolve removed 0 rows and 0 columns (presolve time = 225s)...
Presolve removed 0 rows and 0 columns (presolve time = 230s)...
Presolve removed 0 rows and 0 columns (presolve time = 235s)...
Presolve removed 0 rows and 0 columns (presolve time = 240s)...
Presolve removed 0 rows and 0 columns (presolve time = 253s)...
Presolve removed 0 rows and 0 columns (presolve time = 284s)...
Presolve removed 0 rows and 0 columns (presolve time = 289s)...
Presolve removed 0 rows and 0 columns (presolve time = 290s)...
Presolve removed 0 rows and 0 columns (presolve time = 296s)...
Presolve removed 0 rows and 0 columns (presolve time = 307s)...
Presolve removed 0 rows and 0 columns (presolve time = 313s)...
Presolve removed 0 rows and 0 columns (presolve time = 335s)...
Presolve removed 0 rows and 0 columns (presolve time = 335s)...
Presolve removed 0 rows and 0 columns (presolve time = 340s)...
Presolve removed 0 rows and 0 columns (presolve time = 345s)...
Presolve removed 0 rows and 0 columns (presolve time = 350s)...
Presolve removed 0 rows and 0 columns (presolve time = 355s)...
Presolve removed 0 rows and 0 columns (presolve time = 360s)...
Presolve removed 0 rows and 0 columns (presolve time = 365s)...
Presolve removed 0 rows and 0 columns (presolve time = 370s)...
Presolve removed 0 rows and 0 columns (presolve time = 375s)...
Presolve removed 0 rows and 0 columns (presolve time = 380s)...
Presolve removed 0 rows and 0 columns (presolve time = 385s)...
Presolve removed 0 rows and 0 columns (presolve time = 390s)...
Presolve removed 0 rows and 0 columns (presolve time = 395s)...
Presolve removed 0 rows and 0 columns (presolve time = 400s)...
Presolve removed 0 rows and 0 columns (presolve time = 405s)...
Presolve removed 0 rows and 0 columns (presolve time = 410s)...
Presolve removed 0 rows and 0 columns (presolve time = 415s)...
Presolve removed 0 rows and 0 columns (presolve time = 420s)...
Presolve removed 0 rows and 0 columns (presolve time = 425s)...
Presolve removed 0 rows and 0 columns (presolve time = 430s)...
Presolve removed 0 rows and 0 columns (presolve time = 435s)...
Presolve removed 0 rows and 0 columns (presolve time = 440s)...
Presolve removed 0 rows and 0 columns (presolve time = 445s)...
Presolve removed 0 rows and 0 columns (presolve time = 450s)...
Presolve removed 0 rows and 0 columns (presolve time = 455s)...
Presolve removed 0 rows and 0 columns (presolve time = 460s)...
Presolve removed 0 rows and 0 columns (presolve time = 465s)...
Presolve removed 0 rows and 0 columns (presolve time = 508s)...
Presolve removed 0 rows and 0 columns (presolve time = 516s)...
Presolve removed 0 rows and 0 columns (presolve time = 564s)...
Presolve removed 0 rows and 0 columns (presolve time = 565s)...
Presolve removed 0 rows and 0 columns (presolve time = 599s)...
Presolve time: 599.12s
Presolved: 718000 rows, 28720 columns, 281497644 nonzeros
Variable types: 0 continuous, 28720 integer (28720 binary)

Root simplex log...

Iteration    Objective       Primal Inf.    Dual Inf.      Time
       0   -0.0000000e+00   0.000000e+00   2.301250e+03    754s
      13    6.0256566e+02   0.000000e+00   0.000000e+00    754s
      13    6.0256566e+02   0.000000e+00   0.000000e+00    754s

Use crossover to convert LP symmetric solution to basic solution...

Root crossover log...

    8616 DPushes remaining with DInf 0.0000000e+00               764s
    7238 DPushes remaining with DInf 0.0000000e+00               773s
    6806 DPushes remaining with DInf 0.0000000e+00               786s
    6374 DPushes remaining with DInf 0.0000000e+00               803s
    5834 DPushes remaining with DInf 0.0000000e+00               830s
    5254 DPushes remaining with DInf 0.0000000e+00               867s
    4534 DPushes remaining with DInf 0.0000000e+00               921s
    3634 DPushes remaining with DInf 0.0000000e+00              1001s
    3094 DPushes remaining with DInf 0.0000000e+00              1063s
    2714 DPushes remaining with DInf 0.0000000e+00              1113s
    2384 DPushes remaining with DInf 0.0000000e+00              1161s
    2094 DPushes remaining with DInf 0.0000000e+00              1206s
    1824 DPushes remaining with DInf 0.0000000e+00              1252s
    1554 DPushes remaining with DInf 0.0000000e+00              1300s
    1294 DPushes remaining with DInf 0.0000000e+00              1349s
    1044 DPushes remaining with DInf 0.0000000e+00              1399s
     794 DPushes remaining with DInf 0.0000000e+00              1453s
     554 DPushes remaining with DInf 0.0000000e+00              1508s
     314 DPushes remaining with DInf 0.0000000e+00              1566s
      74 DPushes remaining with DInf 0.0000000e+00              1626s
       0 DPushes remaining with DInf 0.0000000e+00              1651s

       0 PPushes remaining with PInf 0.0000000e+00              1652s

  Push phase complete: Pinf 0.0000000e+00, Dinf 1.7539753e-09   1652s


Root simplex log...

Iteration    Objective       Primal Inf.    Dual Inf.      Time
    8632    6.0256566e+02   0.000000e+00   0.000000e+00   1671s
Crossover time: 915.58 seconds (1401.14 work units)

Root relaxation: objective 6.025657e+02, 8632 iterations, 1043.48 seconds (1504.58 work units)

    Nodes    |    Current Node    |     Objective Bounds      |     Work
 Expl Unexpl |  Obj  Depth IntInf | Incumbent    BestBd   Gap | It/Node Time

     0     0  602.56566    0 8616 1061.00000  602.56566  43.2%     - 1714s
H    0     0                    1060.0000000  602.56566  43.2%     - 1716s
H    0     0                    1013.0000000  602.56566  40.5%     - 2291s
     0     0  602.56566    0 8616 1013.00000  602.56566  40.5%     - 4564s
H    0     2                     833.0000000  602.56566  27.7%     - 14410s
     0     2  602.56566    0 8616  833.00000  602.56566  27.7%     - 14410s

Explored 1 nodes (8632 simplex iterations) in 14412.56 seconds (32146.26 work units)
Thread count was 32 (of 32 available processors)

Solution count 4: 833 1013 1060 1061 

Time limit reached
Best objective 8.330000000000e+02, best bound 6.030000000000e+02, gap 27.6110%

User-callback calls 354911, time in user-callback 1.19 sec
