
Gurobi 13.0.2 (linux64) logging started Thu Jul  9 01:29:38 2026

Set parameter LogFile to value "/tmp/sweep_20260709_012313_china_alt260km_s1_i1_v10_gurobi.log"
Set parameter Method to value 1
Set parameter NodefileStart to value 4
Set parameter RINS to value 50
Gurobi Optimizer version 13.0.2 build v13.0.2rc1 (linux64 - "Debian GNU/Linux 13 (trixie)")

CPU model: Intel(R) Xeon(R) Platinum 8375C CPU @ 2.90GHz, instruction set [SSE2|AVX|AVX2|AVX512]
Thread count: 16 physical cores, 32 logical processors, using up to 32 threads

Non-default parameters:
TimeLimit  14400
MIPGap  0.001
Method  1
LPWarmStart  1
Heuristics  0.2
MIPFocus  1
NodefileStart  4
RINS  50
Symmetry  2
Cuts  2
CoverCuts  2
LogToConsole  0

Academic license 2812613 - for non-commercial use only - registered to no___@gatech.edu
Optimize a model with 196014 rows, 7180 columns and 11213006 nonzeros (Min)
Model fingerprint: 0x656ae59d
Model has 7180 linear objective coefficients
Variable types: 0 continuous, 7180 integer (7180 binary)
Coefficient statistics:
  Matrix range     [1e+00, 1e+00]
  Objective range  [1e+00, 1e+00]
  Bounds range     [1e+00, 1e+00]
  RHS range        [1e+00, 1e+00]

Found heuristic solution: objective 588.0000000
Presolve removed 718 rows and 0 columns (presolve time = 6s)...
Presolve removed 718 rows and 0 columns (presolve time = 11s)...
Presolve removed 718 rows and 0 columns (presolve time = 15s)...
Presolve removed 718 rows and 0 columns (presolve time = 20s)...
Presolve removed 101956 rows and 0 columns (presolve time = 26s)...
Presolve removed 101956 rows and 0 columns (presolve time = 30s)...
Presolve removed 101956 rows and 0 columns (presolve time = 35s)...
Presolve removed 101956 rows and 0 columns
Presolve time: 37.69s
Presolved: 94058 rows, 7180 columns, 5084158 nonzeros
Variable types: 0 continuous, 7180 integer (7180 binary)

Root simplex log...

Iteration    Objective       Primal Inf.    Dual Inf.      Time
       0   -0.0000000e+00   0.000000e+00   2.010000e+02     40s
       4    3.0771429e+02   0.000000e+00   0.000000e+00     40s
       4    3.0771429e+02   0.000000e+00   0.000000e+00     40s

Use crossover to convert LP symmetric solution to basic solution...

Root crossover log...

       0 DPushes remaining with DInf 0.0000000e+00                40s

       0 PPushes remaining with PInf 0.0000000e+00                40s

  Push phase complete: Pinf 0.0000000e+00, Dinf 2.9208247e-11     40s


Root simplex log...

Iteration    Objective       Primal Inf.    Dual Inf.      Time
       7    3.0771429e+02   0.000000e+00   0.000000e+00     40s
Crossover time: 0.36 seconds (0.26 work units)

Root relaxation: objective 3.077143e+02, 7 iterations, 2.00 seconds (1.98 work units)

    Nodes    |    Current Node    |     Objective Bounds      |     Work
 Expl Unexpl |  Obj  Depth IntInf | Incumbent    BestBd   Gap | It/Node Time

     0     0  307.71429    0 1436  588.00000  307.71429  47.7%     -   40s
H    0     0                     587.0000000  307.71429  47.6%     -   40s
H    0     0                     575.0000000  307.71429  46.5%     -   41s
H    0     0                     563.0000000  307.71429  45.3%     -   41s
H    0     0                     560.0000000  307.71429  45.1%     -   41s
H    0     0                     558.0000000  307.71429  44.9%     -   41s
H    0     0                     557.0000000  307.71429  44.8%     -   41s
H    0     0                     556.0000000  307.71429  44.7%     -   41s
H    0     0                     554.0000000  307.71429  44.5%     -   41s
H    0     0                     553.0000000  307.71429  44.4%     -   41s
H    0     0                     552.0000000  307.71429  44.3%     -   41s
H    0     0                     551.0000000  307.71429  44.2%     -   41s
H    0     0                     550.0000000  307.71429  44.1%     -   41s
H    0     0                     547.0000000  307.71429  43.7%     -   41s
H    0     0                     546.0000000  307.71429  43.6%     -   41s
H    0     0                     545.0000000  307.71429  43.5%     -   41s
H    0     0                     544.0000000  307.71429  43.4%     -   41s
H    0     0                     543.0000000  307.71429  43.3%     -   41s
H    0     0                     542.0000000  307.71429  43.2%     -   42s
H    0     0                     539.0000000  307.71429  42.9%     -   42s
H    0     0                     508.0000000  307.71429  39.4%     -   42s
H    0     0                     505.0000000  307.71429  39.1%     -   42s
H    0     0                     504.0000000  307.71429  38.9%     -   42s
H    0     0                     498.0000000  307.71429  38.2%     -   42s
H    0     0                     495.0000000  307.71429  37.8%     -   43s
H    0     0                     494.0000000  307.71429  37.7%     -   43s
H    0     0                     485.0000000  307.71429  36.6%     -   43s
H    0     0                     484.0000000  307.71429  36.4%     -   43s
H    0     0                     483.0000000  307.71429  36.3%     -   43s
H    0     0                     482.0000000  307.71429  36.2%     -   43s
H    0     0                     481.0000000  307.71429  36.0%     -   44s
H    0     0                     476.0000000  307.71429  35.4%     -   44s
H    0     0                     475.0000000  307.71429  35.2%     -   44s
H    0     0                     474.0000000  307.71429  35.1%     -   44s
H    0     0                     472.0000000  307.71429  34.8%     -   44s
H    0     0                     471.0000000  307.71429  34.7%     -   44s
H    0     0                     470.0000000  307.71429  34.5%     -   44s
H    0     0                     469.0000000  307.71429  34.4%     -   45s
H    0     0                     468.0000000  307.71429  34.2%     -   45s
H    0     0                     467.0000000  307.71429  34.1%     -   45s
H    0     0                     466.0000000  307.71429  34.0%     -   45s
     0     0  326.36364    0 1436  466.00000  326.36364  30.0%     -  156s
H    0     0                     465.0000000  326.36364  29.8%     -  158s
H    0     0                     464.0000000  326.36364  29.7%     -  159s
H    0     0                     463.0000000  326.36364  29.5%     -  159s
H    0     0                     462.0000000  326.36364  29.4%     -  159s
H    0     0                     450.0000000  326.36364  27.5%     -  159s
H    0     0                     442.0000000  326.36364  26.2%     -  159s
H    0     0                     438.0000000  326.36364  25.5%     -  159s
H    0     0                     436.0000000  326.36364  25.1%     -  159s
H    0     0                     435.0000000  326.36364  25.0%     -  160s
H    0     0                     432.0000000  326.36364  24.5%     -  160s
H    0     0                     430.0000000  326.36364  24.1%     -  160s
H    0     0                     429.0000000  326.36364  23.9%     -  161s
H    0     0                     428.0000000  326.36364  23.7%     -  161s
H    0     0                     427.0000000  326.36364  23.6%     -  161s
H    0     0                     426.0000000  326.36364  23.4%     -  161s
H    0     0                     425.0000000  326.36364  23.2%     -  162s
     0     0  326.52762    0 1442  425.00000  326.52762  23.2%     -  176s
     0     0  326.64897    0 1453  425.00000  326.64897  23.1%     -  177s
     0     0  326.74688    0 1460  425.00000  326.74688  23.1%     -  178s
     0     0  326.82991    0 1468  425.00000  326.82991  23.1%     -  179s
     0     0  326.88466    0 1475  425.00000  326.88466  23.1%     -  180s
     0     0  326.94151    0 1481  425.00000  326.94151  23.1%     -  181s
     0     0  326.98557    0 1483  425.00000  326.98557  23.1%     -  182s
     0     0  327.01995    0 1485  425.00000  327.01995  23.1%     -  184s
     0     0  327.05230    0 1486  425.00000  327.05230  23.0%     -  185s
     0     0  327.07029    0 1488  425.00000  327.07029  23.0%     -  186s
     0     0  327.08511    0 1490  425.00000  327.08511  23.0%     -  188s
     0     0  327.10614    0 1498  425.00000  327.10614  23.0%     -  189s
     0     0  327.12186    0 1497  425.00000  327.12186  23.0%     -  191s
     0     0  327.13429    0 1495  425.00000  327.13429  23.0%     -  192s
     0     0  327.14940    0 1496  425.00000  327.14940  23.0%     -  193s
     0     0  327.16683    0 1504  425.00000  327.16683  23.0%     -  195s
     0     0  327.17545    0 1502  425.00000  327.17545  23.0%     -  196s
     0     0  327.18767    0 1506  425.00000  327.18767  23.0%     -  198s
     0     0  327.20270    0 1508  425.00000  327.20270  23.0%     -  200s
     0     0  327.21603    0 1512  425.00000  327.21603  23.0%     -  202s
     0     0  327.22407    0 1506  425.00000  327.22407  23.0%     -  203s
     0     0  327.23305    0 1508  425.00000  327.23305  23.0%     -  205s
     0     0  327.23954    0 1510  425.00000  327.23954  23.0%     -  206s
     0     0  327.24377    0 1511  425.00000  327.24377  23.0%     -  208s
     0     0  327.25221    0 1520  425.00000  327.25221  23.0%     -  210s
     0     0  327.25711    0 1526  425.00000  327.25711  23.0%     -  211s
     0     0  327.26063    0 1514  425.00000  327.26063  23.0%     -  213s
     0     0  327.26553    0 1520  425.00000  327.26553  23.0%     -  215s
     0     0  327.27083    0 1518  425.00000  327.27083  23.0%     -  216s
     0     0  327.27568    0 1524  425.00000  327.27568  23.0%     -  218s
     0     0  327.27943    0 1521  425.00000  327.27943  23.0%     -  219s
     0     0  327.28541    0 1523  425.00000  327.28541  23.0%     -  221s
     0     0  327.29061    0 1532  425.00000  327.29061  23.0%     -  223s
     0     0  327.29490    0 1530  425.00000  327.29490  23.0%     -  225s
     0     0  327.30023    0 1520  425.00000  327.30023  23.0%     -  227s
     0     0  327.30462    0 1524  425.00000  327.30462  23.0%     -  229s
     0     0  327.30886    0 1522  425.00000  327.30886  23.0%     -  231s
     0     0  327.31164    0 1528  425.00000  327.31164  23.0%     -  232s
     0     0  327.31375    0 1524  425.00000  327.31375  23.0%     -  234s
     0     0  327.31638    0 1522  425.00000  327.31638  23.0%     -  235s
     0     0  327.31753    0 1522  425.00000  327.31753  23.0%     -  236s
     0     0  327.32423    0 1524  425.00000  327.32423  23.0%     -  259s
H    0     0                     421.0000000  327.32423  22.3%     -  263s
     0     0  327.32766    0 1525  421.00000  327.32766  22.2%     -  270s
     0     0  327.33142    0 1525  421.00000  327.33142  22.2%     -  272s
     0     0  327.33446    0 1510  421.00000  327.33446  22.2%     -  274s
     0     0  327.33939    0 1500  421.00000  327.33939  22.2%     -  276s
     0     0  327.34397    0 1517  421.00000  327.34397  22.2%     -  278s
     0     0  327.34618    0 1524  421.00000  327.34618  22.2%     -  280s
     0     0  327.34970    0 1520  421.00000  327.34970  22.2%     -  282s
     0     0  327.35330    0 1519  421.00000  327.35330  22.2%     -  284s
     0     0  327.35531    0 1514  421.00000  327.35531  22.2%     -  286s
     0     0  327.35810    0 1517  421.00000  327.35810  22.2%     -  288s
     0     0  327.36049    0 1521  421.00000  327.36049  22.2%     -  290s
     0     0  327.36311    0 1516  421.00000  327.36311  22.2%     -  292s
     0     0  327.36438    0 1522  421.00000  327.36438  22.2%     -  293s
     0     0  327.36710    0 1521  421.00000  327.36710  22.2%     -  318s
     0     0  327.36896    0 1522  421.00000  327.36896  22.2%     -  321s
     0     0  327.37486    0 1525  421.00000  327.37486  22.2%     -  348s
H    0     0                     420.0000000  327.37486  22.1%     -  803s
H    0     0                     419.0000000  327.37486  21.9%     -  803s
H    0     0                     417.0000000  327.37486  21.5%     -  830s
     0     2  327.37486    0 1525  417.00000  327.37486  21.5%     -  912s
     1     1     cutoff    1       417.00000  327.37494  21.5%  1455  935s
     2     2  327.50213    1 1526  417.00000  327.50213  21.5%   863 1023s
H    3     4                     416.0000000  327.50242  21.3%   575 1175s
     5     8  327.71516    3 1515  416.00000  327.57250  21.3%  1418 1498s
     9    16  327.78785    4 1542  416.00000  327.71525  21.2%  1627 2493s
    17    32  328.49347    5 1695  416.00000  327.78845  21.2%  2138 4313s
    33    96  329.52075    6 1923  416.00000  328.49357  21.0%  4305 5004s
H   89    96                     415.0000000  328.49357  20.8%  3305 5004s
    97   112  330.57237   10 1917  415.00000  328.49357  20.8%  3243 5397s
   113   128  330.66908   11 1907  415.00000  328.49357  20.8%  3180 5755s
   129   144  330.86211   12 1911  415.00000  328.49357  20.8%  3123 6050s
   145   160  330.94718   11 1908  415.00000  328.49357  20.8%  2991 6499s
   161   176  331.15151   12 1900  415.00000  328.49357  20.8%  2914 6858s
   177   192  331.33105   12 1893  415.00000  328.49357  20.8%  2915 7203s
   193   208  331.74853   13 1887  415.00000  328.49357  20.8%  2849 7525s
   209   224  331.72333   13 1902  415.00000  328.49357  20.8%  2792 7875s
   225   240  331.95888   14 1881  415.00000  328.49357  20.8%  2801 8299s
   241   256  332.20271   15 1874  415.00000  328.49357  20.8%  2748 8753s
   257   272  332.35988   15 1879  415.00000  328.49357  20.8%  2715 9129s
   273   288  332.68857   16 1866  415.00000  328.49357  20.8%  2718 9452s
   289   304  332.70822   16 1875  415.00000  328.49357  20.8%  2685 9891s
   305   320  333.07401   17 1872  415.00000  328.49357  20.8%  2693 10406s
   321   336  333.00100   17 1882  415.00000  328.49357  20.8%  2668 10856s
   337   352  333.27765   18 1855  415.00000  328.49357  20.8%  2643 11278s
   353   368  333.41175   18 1870  415.00000  328.49357  20.8%  2655 11723s
   369   384  333.71529   19 1853  415.00000  328.49357  20.8%  2620 12061s
   385   400  333.85337   19 1863  415.00000  328.49357  20.8%  2599 12385s
   401   416  334.14279   20 1857  415.00000  328.49357  20.8%  2617 12843s
   417   432  334.28441   20 1864  415.00000  328.49357  20.8%  2598 13285s
   433   448  334.67026   21 1857  415.00000  328.49357  20.8%  2578 13752s
   449   464  334.69337   21 1850  415.00000  328.49357  20.8%  2596 14134s
   465   480  334.90216   22 1856  415.00000  328.49357  20.8%  2580 14400s

Cutting planes:
  Gomory: 66
  MIR: 736
  Flow cover: 362
  Zero half: 606

Explored 481 nodes (1265399 simplex iterations) in 14400.29 seconds (38061.00 work units)
Thread count was 32 (of 32 available processors)

Solution count 10: 415 416 417 ... 428

Time limit reached
Best objective 4.150000000000e+02, best bound 3.290000000000e+02, gap 20.7229%

User-callback calls 2773213, time in user-callback 6.64 sec
