
Gurobi 13.0.2 (linux64) logging started Fri Jul 10 13:42:59 2026

Set parameter LogFile to value "/tmp/sweep_20260709_012313_china_alt260km_s100_i2_v5_gurobi.log"
Set parameter Method to value 1
Set parameter NodefileStart to value 4
Set parameter RINS to value 50
Gurobi Optimizer version 13.0.2 build v13.0.2rc1 (linux64 - "Debian GNU/Linux 13 (trixie)")

CPU model: Intel(R) Xeon(R) Platinum 8375C CPU @ 2.90GHz, instruction set [SSE2|AVX|AVX2|AVX512]
Thread count: 16 physical cores, 32 logical processors, using up to 32 threads

Non-default parameters:
TimeLimit  14400
MIPGap  0.001
Method  1
LPWarmStart  1
Heuristics  0.2
MIPFocus  1
NodefileStart  4
RINS  50
Symmetry  2
Cuts  2
CoverCuts  2
LogToConsole  0

Academic license 2812613 - for non-commercial use only - registered to no___@gatech.edu
Optimize a model with 196014 rows, 35900 columns and 26110070 nonzeros (Min)
Model fingerprint: 0x0830eeb3
Model has 35900 linear objective coefficients
Variable types: 0 continuous, 35900 integer (35900 binary)
Coefficient statistics:
  Matrix range     [1e+00, 1e+00]
  Objective range  [1e+00, 1e+00]
  Bounds range     [1e+00, 1e+00]
  RHS range        [5e+01, 5e+01]

Found heuristic solution: objective 22337.000000
Presolve removed 0 rows and 0 columns (presolve time = 5s)...
Presolve removed 0 rows and 0 columns (presolve time = 11s)...
Presolve removed 0 rows and 0 columns (presolve time = 17s)...
Presolve removed 0 rows and 0 columns (presolve time = 20s)...
Presolve removed 0 rows and 0 columns (presolve time = 25s)...
Presolve removed 0 rows and 0 columns (presolve time = 30s)...
Presolve removed 0 rows and 0 columns (presolve time = 37s)...
Presolve removed 0 rows and 0 columns (presolve time = 41s)...
Presolve removed 0 rows and 0 columns (presolve time = 45s)...
Presolve removed 0 rows and 0 columns (presolve time = 50s)...
Presolve removed 0 rows and 0 columns (presolve time = 57s)...
Presolve removed 0 rows and 0 columns (presolve time = 60s)...
Presolve removed 0 rows and 0 columns (presolve time = 65s)...
Presolve removed 0 rows and 0 columns (presolve time = 70s)...
Presolve removed 0 rows and 0 columns (presolve time = 75s)...
Presolve removed 0 rows and 0 columns (presolve time = 80s)...
Presolve removed 0 rows and 0 columns (presolve time = 85s)...
Presolve removed 0 rows and 0 columns (presolve time = 90s)...
Presolve removed 0 rows and 0 columns (presolve time = 95s)...
Presolve removed 0 rows and 0 columns (presolve time = 100s)...
Presolve removed 0 rows and 0 columns (presolve time = 105s)...
Presolve removed 0 rows and 0 columns (presolve time = 110s)...
Presolve removed 0 rows and 0 columns (presolve time = 115s)...
Presolve removed 0 rows and 0 columns (presolve time = 120s)...
Presolve removed 0 rows and 0 columns (presolve time = 125s)...
Presolve removed 0 rows and 0 columns (presolve time = 130s)...
Presolve removed 0 rows and 0 columns (presolve time = 135s)...
Presolve removed 0 rows and 0 columns (presolve time = 140s)...
Presolve removed 0 rows and 0 columns (presolve time = 145s)...
Presolve removed 0 rows and 0 columns (presolve time = 150s)...
Presolve removed 0 rows and 0 columns (presolve time = 155s)...
Presolve removed 0 rows and 0 columns (presolve time = 160s)...
Presolve removed 0 rows and 0 columns (presolve time = 165s)...
Presolve removed 0 rows and 0 columns (presolve time = 170s)...
Presolve removed 0 rows and 0 columns (presolve time = 175s)...
Presolve removed 0 rows and 0 columns (presolve time = 180s)...
Presolve removed 0 rows and 0 columns (presolve time = 185s)...
Presolve removed 0 rows and 0 columns (presolve time = 190s)...
Presolve removed 0 rows and 0 columns (presolve time = 195s)...
Presolve removed 0 rows and 0 columns (presolve time = 200s)...
Presolve removed 0 rows and 0 columns (presolve time = 205s)...
Presolve removed 0 rows and 0 columns (presolve time = 210s)...
Presolve removed 0 rows and 0 columns (presolve time = 215s)...
Presolve removed 0 rows and 0 columns (presolve time = 220s)...
Presolve removed 0 rows and 0 columns (presolve time = 225s)...
Presolve removed 0 rows and 0 columns (presolve time = 230s)...
Presolve removed 0 rows and 0 columns (presolve time = 235s)...
Presolve removed 0 rows and 0 columns (presolve time = 240s)...
Presolve removed 0 rows and 0 columns (presolve time = 245s)...
Presolve removed 0 rows and 0 columns (presolve time = 250s)...
Presolve removed 0 rows and 0 columns (presolve time = 255s)...
Presolve removed 0 rows and 0 columns (presolve time = 260s)...
Presolve removed 0 rows and 0 columns (presolve time = 265s)...
Presolve removed 0 rows and 0 columns (presolve time = 270s)...
Presolve removed 0 rows and 0 columns (presolve time = 275s)...
Presolve removed 0 rows and 0 columns (presolve time = 280s)...
Presolve removed 0 rows and 0 columns (presolve time = 285s)...
Presolve removed 0 rows and 0 columns (presolve time = 290s)...
Presolve removed 0 rows and 0 columns (presolve time = 295s)...
Presolve removed 0 rows and 0 columns (presolve time = 302s)...
Presolve time: 301.59s
Presolved: 196014 rows, 35900 columns, 26110070 nonzeros
Variable types: 0 continuous, 35900 integer (35900 binary)

Root simplex log...

Iteration    Objective       Primal Inf.    Dual Inf.      Time
       0   -0.0000000e+00   0.000000e+00   1.365000e+04    313s
     123    1.4075901e+04   0.000000e+00   0.000000e+00    313s
     123    1.4075901e+04   0.000000e+00   0.000000e+00    313s

Use crossover to convert LP symmetric solution to basic solution...

Root crossover log...

  191244 variables added to crossover basis                      320s
  192234 variables added to crossover basis                      325s
  193374 variables added to crossover basis                      330s
  194274 variables added to crossover basis                      335s
  194994 variables added to crossover basis                      340s
  195654 variables added to crossover basis                      345s

       0 DPushes remaining with DInf 0.0000000e+00               355s

       0 PPushes remaining with PInf 0.0000000e+00               355s

  Push phase complete: Pinf 0.0000000e+00, Dinf 4.9566405e-09    356s


Root simplex log...

Iteration    Objective       Primal Inf.    Dual Inf.      Time
     126    1.4075901e+04   0.000000e+00   0.000000e+00    362s
Crossover time: 48.56 seconds (85.80 work units)

Root relaxation: objective 1.407590e+04, 126 iterations, 58.09 seconds (95.03 work units)

    Nodes    |    Current Node    |     Objective Bounds      |     Work
 Expl Unexpl |  Obj  Depth IntInf | Incumbent    BestBd   Gap | It/Node Time

     0     0 14075.9013    0 10770 22337.0000 14075.9013  37.0%     -  374s
H    0     0                    17402.000000 14075.9013  19.1%     -  374s
H    0     0                    15078.000000 14075.9013  6.65%     -  374s
H    0     0                    14865.000000 14075.9013  5.31%     -  374s
     0     0 14075.9013    0 10770 14865.0000 14075.9013  5.31%     - 1041s
H    0     2                    14655.000000 14075.9013  3.95%     - 3163s
     0     2 14075.9013    0 10770 14655.0000 14075.9013  3.95%     - 3163s
     1     3 14075.9267    1 10178 14655.0000 14075.9044  3.95%  4635 8920s
     2     5 14075.9523    2 9936 14655.0000 14075.9044  3.95%  3040 14415s

Explored 4 nodes (6495 simplex iterations) in 14416.48 seconds (41402.19 work units)
Thread count was 32 (of 32 available processors)

Solution count 5: 14655 14865 15078 ... 22337

Time limit reached
Best objective 1.465500000000e+04, best bound 1.407600000000e+04, gap 3.9509%

User-callback calls 229951, time in user-callback 0.75 sec
