
Gurobi 13.0.2 (linux64) logging started Wed Jul  1 00:54:21 2026

Set parameter LogFile to value "/tmp/sweep_20260701_005042_russia_alt400km_s10_i2_v4_gurobi.log"
Set parameter Method to value 1
Set parameter NodefileStart to value 4
Set parameter RINS to value 50
Gurobi Optimizer version 13.0.2 build v13.0.2rc1 (linux64 - "Debian GNU/Linux 13 (trixie)")

CPU model: Intel(R) Xeon(R) Platinum 8375C CPU @ 2.90GHz, instruction set [SSE2|AVX|AVX2|AVX512]
Thread count: 16 physical cores, 32 logical processors, using up to 32 threads

Non-default parameters:
TimeLimit  18000
MIPGap  0.001
Method  1
LPWarmStart  1
Heuristics  0.2
MIPFocus  1
NodefileStart  4
RINS  50
Symmetry  2
Cuts  2
CoverCuts  2
LogToConsole  0

Academic license 2812613 - for non-commercial use only - registered to no___@gatech.edu
Optimize a model with 718000 rows, 21540 columns and 52518828 nonzeros (Min)
Model fingerprint: 0x38305fa8
Model has 21540 linear objective coefficients
Variable types: 0 continuous, 21540 integer (21540 binary)
Coefficient statistics:
  Matrix range     [1e+00, 1e+00]
  Objective range  [1e+00, 1e+00]
  Bounds range     [1e+00, 1e+00]
  RHS range        [5e+00, 5e+00]

Found heuristic solution: objective 4084.0000000
Presolve removed 0 rows and 0 columns (presolve time = 8s)...
Presolve removed 0 rows and 0 columns (presolve time = 16s)...
Presolve removed 0 rows and 0 columns (presolve time = 21s)...
Presolve removed 0 rows and 0 columns (presolve time = 28s)...
Presolve removed 0 rows and 0 columns (presolve time = 36s)...
Presolve removed 0 rows and 0 columns (presolve time = 43s)...
Presolve removed 0 rows and 0 columns (presolve time = 56s)...
Presolve removed 0 rows and 0 columns (presolve time = 63s)...
Presolve removed 0 rows and 0 columns (presolve time = 69s)...
Presolve removed 0 rows and 0 columns (presolve time = 75s)...
Presolve removed 429364 rows and 0 columns (presolve time = 80s)...
Presolve removed 429364 rows and 0 columns (presolve time = 85s)...
Presolve removed 429364 rows and 0 columns (presolve time = 90s)...
Presolve removed 429364 rows and 0 columns (presolve time = 95s)...
Presolve removed 429364 rows and 0 columns (presolve time = 100s)...
Presolve removed 429364 rows and 0 columns (presolve time = 105s)...
Presolve removed 429364 rows and 0 columns (presolve time = 112s)...
Presolve removed 429364 rows and 0 columns (presolve time = 118s)...
Presolve removed 429364 rows and 0 columns (presolve time = 121s)...
Presolve removed 429364 rows and 0 columns (presolve time = 126s)...
Presolve removed 429364 rows and 0 columns (presolve time = 136s)...
Presolve removed 429364 rows and 0 columns (presolve time = 142s)...
Presolve removed 429364 rows and 0 columns (presolve time = 147s)...
Presolve removed 429364 rows and 0 columns (presolve time = 151s)...
Presolve removed 429364 rows and 0 columns (presolve time = 155s)...
Presolve removed 429364 rows and 0 columns (presolve time = 163s)...
Presolve removed 429364 rows and 0 columns (presolve time = 165s)...
Presolve removed 429364 rows and 0 columns
Presolve time: 165.27s
Presolved: 288636 rows, 21540 columns, 16792584 nonzeros
Variable types: 0 continuous, 21540 integer (21540 binary)

Root simplex log...

Iteration    Objective       Primal Inf.    Dual Inf.      Time
       0   -0.0000000e+00   0.000000e+00   1.205000e+03    178s
      10    3.1711667e+03   0.000000e+00   0.000000e+00    178s
      10    3.1711667e+03   0.000000e+00   0.000000e+00    178s

Use crossover to convert LP symmetric solution to basic solution...

Root crossover log...

  285895 variables added to crossover basis                      185s
  286525 variables added to crossover basis                      190s
  286945 variables added to crossover basis                      195s
  287305 variables added to crossover basis                      200s
  287605 variables added to crossover basis                      205s
  287905 variables added to crossover basis                      210s
  288145 variables added to crossover basis                      215s
  288415 variables added to crossover basis                      221s
  288625 variables added to crossover basis                      225s

       1 DPushes remaining with DInf 0.0000000e+00               226s
       0 DPushes remaining with DInf 0.0000000e+00               227s

    3711 PPushes remaining with PInf 0.0000000e+00               227s
    3037 PPushes remaining with PInf 0.0000000e+00               253s
    2327 PPushes remaining with PInf 0.0000000e+00               286s
    1618 PPushes remaining with PInf 0.0000000e+00               323s
     910 PPushes remaining with PInf 0.0000000e+00               366s
     362 PPushes remaining with PInf 0.0000000e+00               401s
      74 PPushes remaining with PInf 0.0000000e+00               422s
       0 PPushes remaining with PInf 0.0000000e+00               429s

  Push phase complete: Pinf 0.0000000e+00, Dinf 3.5719850e-09    429s


Root simplex log...

Iteration    Objective       Primal Inf.    Dual Inf.      Time
    3725    3.1711667e+03   0.000000e+00   0.000000e+00    432s
Crossover time: 254.19 seconds (439.84 work units)

Root relaxation: objective 3.171167e+03, 3725 iterations, 262.43 seconds (445.73 work units)

    Nodes    |    Current Node    |     Objective Bounds      |     Work
 Expl Unexpl |  Obj  Depth IntInf | Incumbent    BestBd   Gap | It/Node Time

     0     0 3171.16667    0 10052 4084.00000 3171.16667  22.4%     - 1806s
H    0     0                    3996.0000000 3171.16667  20.6%     - 1806s
H    0     0                    3590.0000000 3171.16667  11.7%     - 1810s
     0     0 3171.16667    0 10055 3590.00000 3171.16667  11.7%     - 3834s

Cutting planes:
  Lift-and-project: 2

Explored 1 nodes (21210 simplex iterations) in 21114.81 seconds (27937.80 work units)
Thread count was 32 (of 32 available processors)

Solution count 3: 3590 3996 4084 

Time limit reached
Best objective 3.590000000000e+03, best bound 3.172000000000e+03, gap 11.6435%

User-callback calls 45662, time in user-callback 0.27 sec
