
Gurobi 13.0.2 (linux64) logging started Sun Jul 19 10:19:05 2026

Set parameter LogFile to value "/tmp/sweep_20260716_013919_north-korea_alt550km_s10_i2_v5_gurobi.log"
Set parameter Method to value 1
Set parameter NodefileStart to value 4
Set parameter RINS to value 50
Gurobi Optimizer version 13.0.2 build v13.0.2rc1 (linux64 - "Debian GNU/Linux 13 (trixie)")

CPU model: Intel(R) Xeon(R) Platinum 8375C CPU @ 2.90GHz, instruction set [SSE2|AVX|AVX2|AVX512]
Thread count: 16 physical cores, 32 logical processors, using up to 32 threads

Non-default parameters:
TimeLimit  14400
MIPGap  0.001
Method  1
LPWarmStart  1
Heuristics  0.2
MIPFocus  1
NodefileStart  4
RINS  50
Symmetry  2
Cuts  2
CoverCuts  2
LogToConsole  0

Academic license 2812613 - for non-commercial use only - registered to no___@gatech.edu
Optimize a model with 1436 rows, 7180 columns and 68928 nonzeros (Min)
Model fingerprint: 0x88f02e61
Model has 7180 linear objective coefficients
Variable types: 0 continuous, 7180 integer (7180 binary)
Coefficient statistics:
  Matrix range     [1e+00, 1e+00]
  Objective range  [1e+00, 1e+00]
  Bounds range     [1e+00, 1e+00]
  RHS range        [5e+00, 5e+00]

Found heuristic solution: objective 926.0000000
Presolve time: 0.04s
Presolved: 1436 rows, 7180 columns, 68928 nonzeros
Variable types: 0 continuous, 7180 integer (7180 binary)

Root relaxation: objective 5.983333e+02, 16177 iterations, 3.06 seconds (4.88 work units)

    Nodes    |    Current Node    |     Objective Bounds      |     Work
 Expl Unexpl |  Obj  Depth IntInf | Incumbent    BestBd   Gap | It/Node Time

     0     0  598.33333    0  718  926.00000  598.33333  35.4%     -    3s
H    0     0                     746.0000000  598.33333  19.8%     -    3s
H    0     0                     734.0000000  598.33333  18.5%     -    3s
H    0     0                     699.0000000  598.33333  14.4%     -    3s
H    0     0                     680.0000000  598.33333  12.0%     -    3s
H    0     0                     673.0000000  598.33333  11.1%     -    3s
H    0     0                     667.0000000  598.33333  10.3%     -    3s
H    0     0                     666.0000000  598.33333  10.2%     -    3s
H    0     0                     654.0000000  598.33333  8.51%     -    3s
H    0     0                     652.0000000  598.33333  8.23%     -    3s
H    0     0                     651.0000000  598.33333  8.09%     -    3s
H    0     0                     646.0000000  598.33333  7.38%     -    3s
H    0     0                     645.0000000  598.33333  7.24%     -    3s
H    0     0                     638.0000000  598.33333  6.22%     -    3s
H    0     0                     632.0000000  598.33333  5.33%     -    3s
H    0     0                     631.0000000  598.33333  5.18%     -    3s
H    0     0                     630.0000000  598.33333  5.03%     -    3s
H    0     0                     629.0000000  598.33333  4.88%     -    3s
H    0     0                     628.0000000  598.33333  4.72%     -    3s
H    0     0                     627.0000000  598.33333  4.57%     -    3s
H    0     0                     625.0000000  598.33333  4.27%     -    3s
H    0     0                     624.0000000  598.33333  4.11%     -    3s
H    0     0                     623.0000000  598.33333  3.96%     -    3s
H    0     0                     622.0000000  598.33333  3.80%     -    5s
     0     0  598.33333    0  721  622.00000  598.33333  3.80%     -    6s
H    0     0                     621.0000000  598.33333  3.65%     -   21s
H    0     0                     620.0000000  598.33333  3.49%     -   21s
H    0     0                     619.0000000  598.33333  3.34%     -   21s
H    0     0                     618.0000000  598.33333  3.18%     -   21s
H    0     0                     617.0000000  598.33333  3.03%     -   21s
H    0     0                     616.0000000  598.33333  2.87%     -   22s
H    0     0                     615.0000000  598.33333  2.71%     -   22s
     0     0  598.33333    0  719  615.00000  598.33333  2.71%     -   22s
H    0     0                     613.0000000  598.33333  2.39%     -   25s
     0     0  598.33333    0  719  613.00000  598.33333  2.39%     -   25s
     0     0  598.33333    0  718  613.00000  598.33333  2.39%     -   25s
H    0     0                     612.0000000  598.33333  2.23%     -   35s
     0     2  598.33333    0  717  612.00000  598.33333  2.23%     -   37s
    11    12  598.33333    3  718  612.00000  598.33333  2.23%   348   40s
    25    40  598.33333    5  718  612.00000  598.33333  2.23%  1070   47s
    41    56  598.33333    6  718  612.00000  598.33333  2.23%  4429   50s
H   58    72                     611.0000000  598.33333  2.07%  3165   51s
H   76    88                     607.0000000  598.33333  1.43%  2440   52s
H   90   104                     606.0000000  598.33333  1.27%  2079   54s
   105   120  598.33333    9  718  606.00000  598.33333  1.27%  1797   55s
   137   152  598.33333   10  718  606.00000  598.33333  1.27%  1404   60s
   169   223  598.33333   11  718  606.00000  598.33333  1.27%  1157   69s
   224   568  598.33333   12  718  606.00000  598.33333  1.27%   891   78s
   569   783  598.33333   29  718  606.00000  598.33333  1.27%   402   97s
H  635   783                     605.0000000  598.33333  1.10%   384   97s
   784   815  598.33333   36  718  605.00000  598.33333  1.10%   363  123s
H  785   815                     603.0000000  598.33333  0.77%   363  123s
   816  1212  598.33333   37  718  603.00000  598.33333  0.77%   355  153s
H 1133  1212                     601.9999998  598.33333  0.61%   276  153s
  1243  1472  598.33333   57  718  602.00000  598.33333  0.61%   260  201s
  1562  2804  598.33333   92  718  602.00000  598.33333  0.61%   220  260s
  2894  3429  598.33333  147  717  602.00000  598.33333  0.61%   169  305s
  3519  4422  598.33333  179  715  602.00000  598.33333  0.61%   157  352s
  4562  5411  598.43114  228  715  602.00000  598.33333  0.61%   155  397s
  5603  6573  599.00267  251  708  602.00000  598.33333  0.61%   163  440s
  6845  6849  598.33333   21  718  602.00000  598.33333  0.61%   166  483s
H 7062  6622                     601.0000000  598.33333  0.44%   170  483s
  7129  7601  598.33333   27  718  601.00000  598.33333  0.44%   180  526s
  8134  8234  598.33333   99  718  601.00000  598.33333  0.44%   188  566s
  8783  8836  598.33333  116  718  601.00000  598.33333  0.44%   195  610s
  9420  8837  598.33333  139  718  601.00000  598.33333  0.44%   201  641s
  9422  8838  598.33333   62  718  601.00000  598.33333  0.44%   201  647s
  9423  8839  598.33333   79  716  601.00000  598.33333  0.44%   201  665s
  9425  8840  598.50000  252  716  601.00000  598.50000  0.42%   201  683s
  9432  8850  598.50000   16  718  601.00000  598.50000  0.42%   204  685s
  9466  8883  598.50000   19  718  601.00000  598.50000  0.42%   203  690s
  9522  8929  598.50000   21  718  601.00000  598.50000  0.42%   203  695s
  9591  8975  598.50000   27  718  601.00000  598.50000  0.42%   202  703s
  9616  8983  598.50000   32  718  601.00000  598.50000  0.42%   202  711s
  9632  9003  598.50000   32  718  601.00000  598.50000  0.42%   201  717s
  9658  9242  598.50000   33  718  601.00000  598.50000  0.42%   201  723s
  9915  9722  598.50000   33  718  601.00000  598.50000  0.42%   198  735s
 10541  9616  598.50000   51  718  601.00000  598.50000  0.42%   191  758s
 10650  9695  598.50000   52  718  601.00000  598.50000  0.42%   189  782s
 10765 10466  598.50000   52  718  601.00000  598.50000  0.42%   188  812s
 11592 10565  598.50000   81  718  601.00000  598.50000  0.42%   179  845s
 11967 11257  598.50000   86  718  601.00000  598.50000  0.42%   176  881s
 12784 11161  598.50000  111  718  601.00000  598.50000  0.42%   174  918s
 12960 11959  598.50000  120  718  601.00000  598.50000  0.42%   172  955s
H13332 11319                     600.0000000  598.50000  0.25%   174  955s
 13834 12161  598.50000  140  718  600.00000  598.50000  0.25%   172  990s
 14914 11965  598.50000  174  718  600.00000  598.50000  0.25%   168 1024s
 15078 12600  598.50000  192  718  600.00000  598.50000  0.25%   168 1059s
 15784 12920  598.50000  229  713  600.00000  598.50000  0.25%   168 1095s
 16371 13651  598.50000  237  712  600.00000  598.50000  0.25%   170 1131s
 17423 14066     cutoff  252       600.00000  598.50000  0.25%   173 1165s
 18261 14711  598.50000   54  718  600.00000  598.50000  0.25%   173 1199s
 19227 15002  598.50000  144  718  600.00000  598.50000  0.25%   175 1234s
 19868 15690  598.50000  145  717  600.00000  598.50000  0.25%   174 1268s
 20837 15871  598.50000  201  707  600.00000  598.50000  0.25%   174 1307s
 21387 16844  598.50000   63  718  600.00000  598.50000  0.25%   175 1365s
 22661 17503  598.50000  177  716  600.00000  598.50000  0.25%   175 1406s
 23840 17581  598.50000   57  718  600.00000  598.50000  0.25%   177 1441s
 24348 17796  598.50000   68  718  600.00000  598.50000  0.25%   178 1481s
 24732 18211  598.50000   71  718  600.00000  598.50000  0.25%   178 1523s
 25275 18392  598.50000  140  718  600.00000  598.50000  0.25%   178 1568s
 25637 18824  598.50000  141  718  600.00000  598.50000  0.25%   179 1614s
 26272 19647  598.50000  142  718  600.00000  598.50000  0.25%   183 1660s
 27391 20231  598.50000  171  718  600.00000  598.50000  0.25%   187 1705s
 28496 20295  598.50000  231  718  600.00000  598.50000  0.25%   186 1747s
 28969 21208  598.50805  286  711  600.00000  598.50000  0.25%   189 1791s
 30200 21353  598.50000   64  718  600.00000  598.50000  0.25%   195 1834s
 30863 22279  598.50000   89  718  600.00000  598.50000  0.25%   196 1879s
 32134 22761  598.50000  133  718  600.00000  598.50000  0.25%   193 1923s
 33075 23510  598.50000  167  718  600.00000  598.50000  0.25%   192 1970s
 34216 24256  598.96093  205  703  600.00000  598.50000  0.25%   193 2018s
 35550 24870  598.50000  103  718  600.00000  598.50000  0.25%   192 2068s
 36360 26027  598.50000  104  718  600.00000  598.50000  0.25%   192 2119s
 37673 27302  598.50000  195  718  600.00000  598.50000  0.25%   192 2171s
 39112 28844  598.50000   83  718  600.00000  598.50000  0.25%   194 2225s
 40873 30072  598.50000  172  715  600.00000  598.50000  0.25%   197 2279s
 42344 31298  598.50000   85  718  600.00000  598.50000  0.25%   200 2342s
 43838 31467  598.50000   97  718  600.00000  598.50000  0.25%   197 2401s
 44007 33699  598.50000  104  718  600.00000  598.50000  0.25%   197 2472s
 46499 34822  598.50000  149  718  600.00000  598.50000  0.25%   197 2526s
 47744 35928  598.50000  174  718  600.00000  598.50000  0.25%   196 2584s
 49001 37476  598.50000  185  718  600.00000  598.50000  0.25%   197 2646s
 50642 38906  598.50000  221  718  600.00000  598.50000  0.25%   199 2709s
 52212 39900  598.50000  237  711  600.00000  598.50000  0.25%   201 2776s
 53503 41744  598.50000  122  718  600.00000  598.50000  0.25%   203 2840s
 55590 42796  598.50000  226  717  600.00000  598.50000  0.25%   204 2901s
 56799 43644  598.50000   89  718  600.00000  598.50000  0.25%   207 2965s
 57922 44935  598.50000  191  714  600.00000  598.50000  0.25%   209 3030s
 59450 46394  598.50000  162  717  600.00000  598.50000  0.25%   208 3097s
 60979 48101  599.00020  240  701  600.00000  598.50000  0.25%   207 3163s
 62884 49425  598.50000  139  718  600.00000  598.50000  0.25%   206 3237s
 64269 50319  598.50000  173  717  600.00000  598.50000  0.25%   205 3327s
 65163 52996  598.50000  201  718  600.00000  598.50000  0.25%   206 3433s
 68130 54739  598.50000  103  718  600.00000  598.50000  0.25%   213 3507s
 70229 56654  598.50000   89  718  600.00000  598.50000  0.25%   213 3576s
 72321 58217  598.50000  121  718  600.00000  598.50000  0.25%   210 3641s
 74054 60079  598.50000  159  715  600.00000  598.50000  0.25%   209 3705s
 76056 61551  598.50000  189  715  600.00000  598.50000  0.25%   210 3767s
 77684 62917  598.50000  216  708  600.00000  598.50000  0.25%   213 3828s
 79272 63922  598.72184  244  715  600.00000  598.50000  0.25%   220 3889s
 80631 65028     cutoff  256       600.00000  598.50000  0.25%   225 3953s
 82310 66251     cutoff  205       600.00000  598.50000  0.25%   233 4015s
 84081 67407  598.50000  193  712  600.00000  598.50000  0.25%   240 4084s
 85543 68829  598.50000  161  677  600.00000  598.50000  0.25%   249 4160s
 87135 70306  598.50000  188  712  600.00000  598.50000  0.25%   257 4236s
 88863 71935  598.62535  225  707  600.00000  598.50000  0.25%   265 4310s
 90956 73906  598.50000  186  681  600.00000  598.50000  0.25%   269 4379s
 93141 75244  598.50000  202  704  600.00000  598.50000  0.25%   274 4443s
 94919 76418  598.82301  210  700  600.00000  598.50000  0.25%   280 4506s
 96856 77399  598.50000  203  708  600.00000  598.50000  0.25%   286 4567s
 98487 78155     cutoff  247       600.00000  598.50000  0.25%   291 4629s
 99782 78631  598.57370  197  708  600.00000  598.50000  0.25%   296 4694s
 100540 79537  598.67649  210  708  600.00000  598.50000  0.25%   298 4759s
 101832 80607  598.97832  233  708  600.00000  598.50000  0.25%   303 4827s
 103344 81503  598.50000  186  707  600.00000  598.50000  0.25%   309 4895s
 104400 81643  598.60867  203  716  600.00000  598.50000  0.25%   314 4970s
 104569 82335  598.60923  204  716  600.00000  598.50000  0.25%   316 5042s
 105513 84126  598.60008  202  712  600.00000  598.50000  0.25%   321 5161s
 108101 85684  598.50000  191  712  600.00000  598.50000  0.25%   331 5246s
 110063 86743  598.82316  213  708  600.00000  598.50000  0.25%   340 5324s
 111554 88575  598.95738  227  710  600.00000  598.50000  0.25%   347 5403s
 113753 90114  598.50000  199  708  600.00000  598.50000  0.25%   353 5477s
 115811 91871  598.78337  233  708  600.00000  598.50000  0.25%   357 5547s
 117989 93250  598.50000  202  699  600.00000  598.50000  0.25%   360 5615s
 119494 94252  598.50000  213  712  600.00000  598.50000  0.25%   363 5682s
 120763 95351  598.67350  219  703  600.00000  598.50000  0.25%   365 5752s
 122715 97068     cutoff  252       600.00000  598.50000  0.25%   367 5820s
 124976 98551     cutoff  232       600.00000  598.50000  0.25%   370 5890s
 126801 99675  598.67037  215  712  600.00000  598.50000  0.25%   372 5952s
 128363 101228  598.50000  213  715  600.00000  598.50000  0.25%   375 6014s
 130049 102170  598.80962  231  710  600.00000  598.50000  0.25%   379 6075s
 131356 103496     cutoff  239       600.00000  598.50000  0.25%   381 6138s
 133550 104146  598.50000  178  693  600.00000  598.50000  0.25%   383 6197s
 134421 105407  598.50000  197  711  600.00000  598.50000  0.25%   384 6260s
 136212 106558  598.50135  203  713  600.00000  598.50000  0.25%   386 6323s
 137841 107361  598.58403  194  710  600.00000  598.50000  0.25%   388 6385s
 138926 108483  598.84609  204  704  600.00000  598.50000  0.25%   390 6448s
 140401 109947  598.50000  171  691  600.00000  598.50000  0.25%   392 6512s
 142504 110924     cutoff  210       600.00000  598.50000  0.25%   394 6574s
 144176 111685  598.50000  206  693  600.00000  598.50000  0.25%   395 6635s
 145521 112030     cutoff  264       600.00000  598.50000  0.25%   397 6706s
 146184 114925  598.50000  210  715  600.00000  598.50000  0.25%   397 6873s
 151031 115862  598.50000  172  679  600.00000  598.50000  0.25%   401 6936s
 152601 117274  598.50000  180  698  600.00000  598.50000  0.25%   403 7000s
 155048 118010  598.50000  189  703  600.00000  598.50000  0.25%   406 7056s
 156303 118700  598.66774  208  712  600.00000  598.50000  0.25%   408 7116s
 157585 119762  598.50000  202  703  600.00000  598.50000  0.25%   409 7176s
 159102 121175  598.66270  218  704  600.00000  598.50000  0.25%   411 7236s
 160800 122225  598.74030  205  703  600.00000  598.50000  0.25%   413 7297s
 162436 122262  598.50000  196  694  600.00000  598.50000  0.25%   415 7367s
 162477 122868  598.96354  211  706  600.00000  598.50000  0.25%   415 7430s
 163476 123612  598.98536  228  706  600.00000  598.50000  0.25%   415 7493s
 164711 125013  598.50000  199  706  600.00000  598.50000  0.25%   416 7560s
 166991 125901  598.95645  236  706  600.00000  598.50000  0.25%   417 7630s
 168505 127440  598.50000  185  698  600.00000  598.50000  0.25%   419 7702s
 170615 128781  598.82700  234  711  600.00000  598.50000  0.25%   420 7764s
 172802 129976     cutoff  213       600.00000  598.50000  0.25%   421 7820s
 174473 131098  598.50000  220  708  600.00000  598.50000  0.25%   422 7875s
 175723 132308  598.50000  204  713  600.00000  598.50000  0.25%   424 7932s
 177392 133273  598.67033  215  709  600.00000  598.50000  0.25%   425 7989s
 178929 134216  598.86015  222  710  600.00000  598.50000  0.25%   425 8048s
 180393 134988  598.80333  199  706  600.00000  598.50000  0.25%   426 8106s
 181436 135905  598.81642  200  708  600.00000  598.50000  0.25%   427 8167s
 182605 137343  598.50000  210  706  600.00000  598.50000  0.25%   428 8229s
 184498 138069  598.50660  196  714  600.00000  598.50000  0.25%   429 8290s
 185706 139109  598.54441  234  711  600.00000  598.50000  0.25%   429 8353s
 187191 140214  598.50000  183  713  600.00000  598.50000  0.25%   430 8416s
 188483 141362  598.52579  210  705  600.00000  598.50000  0.25%   431 8485s
 190071 142482  598.50000  205  711  600.00000  598.50000  0.25%   431 8555s
 192054 143667  598.50000  205  707  600.00000  598.50000  0.25%   431 8616s
 194146 144573  598.93457  237  710  600.00000  598.50000  0.25%   432 8672s
 195721 145593  598.87351  229  708  600.00000  598.50000  0.25%   432 8728s
 197645 146370  598.50000  194  700  600.00000  598.50000  0.25%   433 8782s
 198902 147510  598.50000  202  701  600.00000  598.50000  0.25%   433 8838s
 200696 148190  598.50000  163  707  600.00000  598.50000  0.25%   434 8893s
 201763 149604  598.50000  188  714  600.00000  598.50000  0.25%   434 8950s
 204048 150284  598.50000  210  710  600.00000  598.50000  0.25%   435 9005s
 205277 151186  598.50000  213  711  600.00000  598.50000  0.25%   435 9060s
 206837 151348  598.50000  213  711  600.00000  598.50000  0.25%   435 9116s
 207064 152197  598.68625  227  704  600.00000  598.50000  0.25%   435 9174s
 208580 153054  598.50000  215  715  600.00000  598.50000  0.25%   435 9232s
 210204 154048     cutoff  241       600.00000  598.50000  0.25%   435 9299s
 212071 154975  598.50000  193  708  600.00000  598.50000  0.25%   436 9358s
 213859 156120  598.50000  207  712  600.00000  598.50000  0.25%   436 9413s
 215788 156969  598.50000  213  711  600.00000  598.50000  0.25%   436 9465s
 216983 157907  598.50000  193  712  600.00000  598.50000  0.25%   436 9521s
 218320 159088  598.93296  211  704  600.00000  598.50000  0.25%   436 9577s
 220380 159981  598.50000  191  716  600.00000  598.50000  0.25%   437 9631s
 222178 160704  598.50000  183  679  600.00000  598.50000  0.25%   437 9685s
 223446 161455  598.50000  206  707  600.00000  598.50000  0.25%   437 9739s
 224719 162568  598.75125  229  697  600.00000  598.50000  0.25%   437 9795s
 226230 163582  598.50000  198  675  600.00000  598.50000  0.25%   437 9850s
 227590 164653  598.53210  217  710  600.00000  598.50000  0.25%   438 9908s
 229217 165954  598.83934  237  710  600.00000  598.50000  0.25%   438 9965s
 231558 167560  598.50000  214  705  600.00000  598.50000  0.25%   437 10031s
 233669 168597  598.54882  231  715  600.00000  598.50000  0.25%   437 10081s
 235266 169638  598.50000  208  708  600.00000  598.50000  0.25%   437 10133s
 237111 170580  598.64283  236  712  600.00000  598.50000  0.25%   437 10182s
 238758 171280     cutoff  234       600.00000  598.50000  0.25%   437 10230s
 240119 171988  598.94438  225  705  600.00000  598.50000  0.25%   437 10279s
 241434 172731  598.50000  185  681  600.00000  598.50000  0.25%   437 10330s
 242565 174104  598.50000  193  704  600.00000  598.50000  0.25%   437 10382s
 244099 174121  598.73250  231  694  600.00000  598.50000  0.25%   438 10447s
 244116 174657  598.72766  231  695  600.00000  598.50000  0.25%   438 10507s
 244770 175092  598.72312  230  696  600.00000  598.50000  0.25%   439 10564s
 245346 175977  598.92571  242  696  600.00000  598.50000  0.25%   439 10624s
 246469 176893  598.92117  254  714  600.00000  598.50000  0.25%   440 10685s
 248081 177994  598.50000  186  707  600.00000  598.50000  0.25%   440 10747s
 249596 179078  598.50000  214  715  600.00000  598.50000  0.25%   440 10810s
 250901 180359  598.50993  222  712  600.00000  598.50000  0.25%   440 10873s
 253255 181866  598.81684  212  710  600.00000  598.50000  0.25%   441 10939s
 255499 182476  598.50000  202  702  600.00000  598.50000  0.25%   441 10987s
 256492 183318  598.50000  227  713  600.00000  598.50000  0.25%   442 11044s
 257518 184214  598.71889  248  712  600.00000  598.50000  0.25%   442 11106s
 258766 185289  598.99807  264  706  600.00000  598.50000  0.25%   442 11171s
 260686 186180  598.68131  218  704  600.00000  598.50000  0.25%   443 11233s
 261918 187520  598.98453  233  703  600.00000  598.50000  0.25%   443 11298s
 263714 188717  598.50000  175  715  600.00000  598.50000  0.25%   444 11361s
 265595 189439     cutoff  238       600.00000  598.50000  0.25%   444 11423s
 266685 190787  598.50000  193  707  600.00000  598.50000  0.25%   445 11487s
 268421 192127  598.88818  220  698  600.00000  598.50000  0.25%   445 11549s
 270588 192847  598.77383  235  709  600.00000  598.50000  0.25%   445 11610s
 271967 193204  598.50000  178  716  600.00000  598.50000  0.25%   445 11672s
 272609 194145  598.50000  179  713  600.00000  598.50000  0.25%   445 11736s
 274495 195133  598.50000  226  711  600.00000  598.50000  0.25%   446 11803s
 276248 196208  598.50000  209  708  600.00000  598.50000  0.25%   446 11864s
 277684 197408  598.73664  243  706  600.00000  598.50000  0.25%   446 11928s
 279466 198557  598.92719  233  707  600.00000  598.50000  0.25%   447 11989s
 281453 199706  598.50000  191  702  600.00000  598.50000  0.25%   447 12048s
 283565 200781  598.96631  215  707  600.00000  598.50000  0.25%   447 12102s
 285298 201665  598.50000  218  713  600.00000  598.50000  0.25%   448 12155s
 286764 202829  598.94117  236  711  600.00000  598.50000  0.25%   448 12209s
 288429 203797  598.50000  209  712  600.00000  598.50000  0.25%   449 12263s
 289828 204824  598.75565  228  712  600.00000  598.50000  0.25%   449 12318s
 291637 205377  598.94724  235  711  600.00000  598.50000  0.25%   449 12373s
 292764 206392  598.61021  201  696  600.00000  598.50000  0.25%   450 12429s
 294581 207073  598.50000  212  712  600.00000  598.50000  0.25%   450 12484s
 295917 208244     cutoff  211       600.00000  598.50000  0.25%   451 12550s
 297751 209329  598.50000  210  713  600.00000  598.50000  0.25%   451 12609s
 299302 210632  598.50000  219  709  600.00000  598.50000  0.25%   451 12667s
 300995 211681  598.90756  245  710  600.00000  598.50000  0.25%   452 12724s
 302570 212656  598.50000  192  681  600.00000  598.50000  0.25%   452 12782s
 304197 213456  598.50000  205  712  600.00000  598.50000  0.25%   453 12839s
 305606 214721     cutoff  235       600.00000  598.50000  0.25%   453 12900s
 307438 215820  598.50000  194  694  600.00000  598.50000  0.25%   454 12957s
 309311 217143  598.51624  217  708  600.00000  598.50000  0.25%   454 13012s
 311270 218014  598.95328  237  702  600.00000  598.50000  0.25%   454 13067s
 312518 219108  598.82272  249  706  600.00000  598.50000  0.25%   455 13122s
 313785 220103  598.55556  220  710  600.00000  598.50000  0.25%   456 13180s
 315112 221461  598.70808  230  710  600.00000  598.50000  0.25%   456 13238s
 316759 222764  598.50000  215  715  600.00000  598.50000  0.25%   457 13303s
 318713 223626  598.50000  222  712  600.00000  598.50000  0.25%   457 13357s
 320374 224403  598.50645  214  705  600.00000  598.50000  0.25%   457 13409s
 321759 225318  598.50000  194  704  600.00000  598.50000  0.25%   458 13463s
 323131 226440  598.50000  208  715  600.00000  598.50000  0.25%   459 13519s
 324418 227577  598.84682  235  700  600.00000  598.50000  0.25%   461 13577s
 326126 228723  598.50000  201  676  600.00000  598.50000  0.25%   462 13635s
 327408 229864  598.50000  219  712  600.00000  598.50000  0.25%   464 13695s
 328974 230822  598.63552  255  711  600.00000  598.50000  0.25%   464 13753s
 330651 230859  598.50000  211  714  600.00000  598.50000  0.25%   465 13832s
H330655   959                     599.0000000  598.50000  0.08%   465 13833s

Cutting planes:
  Zero half: 3

Explored 330716 nodes (153868360 simplex iterations) in 13833.25 seconds (47029.01 work units)
Thread count was 32 (of 32 available processors)

Solution count 10: 599 600 601 ... 612

Optimal solution found (tolerance 1.00e-03)
Best objective 5.990000000000e+02, best bound 5.990000000000e+02, gap 0.0000%

User-callback calls 4495176, time in user-callback 16.22 sec
