
Gurobi 13.0.2 (linux64) logging started Sun Jul 19 23:20:56 2026

Set parameter LogFile to value "/tmp/sweep_20260716_013919_north-korea_alt550km_s35_i6_v10_gurobi.log"
Set parameter Method to value 1
Set parameter NodefileStart to value 4
Set parameter RINS to value 50
Gurobi Optimizer version 13.0.2 build v13.0.2rc1 (linux64 - "Debian GNU/Linux 13 (trixie)")

CPU model: Intel(R) Xeon(R) Platinum 8375C CPU @ 2.90GHz, instruction set [SSE2|AVX|AVX2|AVX512]
Thread count: 16 physical cores, 32 logical processors, using up to 32 threads

Non-default parameters:
TimeLimit  14400
MIPGap  0.001
Method  1
LPWarmStart  1
Heuristics  0.2
MIPFocus  1
NodefileStart  4
RINS  50
Symmetry  2
Cuts  2
CoverCuts  2
LogToConsole  0

Academic license 2812613 - for non-commercial use only - registered to no___@gatech.edu
Optimize a model with 1436 rows, 14360 columns and 292944 nonzeros (Min)
Model fingerprint: 0x92af29df
Model has 14360 linear objective coefficients
Variable types: 0 continuous, 14360 integer (14360 binary)
Coefficient statistics:
  Matrix range     [1e+00, 1e+00]
  Objective range  [1e+00, 1e+00]
  Bounds range     [1e+00, 1e+00]
  RHS range        [6e+00, 6e+00]

Found heuristic solution: objective 619.0000000
Presolve removed 0 rows and 1436 columns
Presolve time: 0.25s
Presolved: 1436 rows, 12924 columns, 259916 nonzeros
Variable types: 0 continuous, 12924 integer (11488 binary)

Root simplex log...

Iteration    Objective       Primal Inf.    Dual Inf.      Time
    8216    3.4594891e+02   1.626651e+03   0.000000e+00      5s
   11536    3.4889000e+02   1.132076e+02   0.000000e+00     10s
   12195    3.4929730e+02   0.000000e+00   0.000000e+00     11s

Root relaxation: objective 3.492973e+02, 12195 iterations, 11.10 seconds (24.70 work units)

    Nodes    |    Current Node    |     Objective Bounds      |     Work
 Expl Unexpl |  Obj  Depth IntInf | Incumbent    BestBd   Gap | It/Node Time

     0     0  349.29730    0 1436  619.00000  349.29730  43.6%     -   11s
H    0     0                     526.0000000  349.29730  33.6%     -   11s
H    0     0                     480.0000000  349.29730  27.2%     -   11s
H    0     0                     471.0000000  349.29730  25.8%     -   13s
H    0     0                     435.0000000  349.29730  19.7%     -   13s
H    0     0                     433.0000000  349.29730  19.3%     -   13s
H    0     0                     429.0000000  349.29730  18.6%     -   13s
H    0     0                     428.0000000  349.29730  18.4%     -   13s
H    0     0                     427.0000000  349.29730  18.2%     -   14s
H    0     0                     426.0000000  349.29730  18.0%     -   14s
H    0     0                     425.0000000  349.29730  17.8%     -   15s
H    0     0                     423.0000000  349.29730  17.4%     -   16s
H    0     0                     421.0000000  349.29730  17.0%     -   17s
H    0     0                     420.0000000  349.29730  16.8%     -   17s
H    0     0                     419.0000000  349.29730  16.6%     -   17s
H    0     0                     418.0000000  349.29730  16.4%     -   17s
H    0     0                     417.0000000  349.29730  16.2%     -   17s
H    0     0                     416.0000000  349.29730  16.0%     -   17s
H    0     0                     415.0000000  349.29730  15.8%     -   18s
H    0     0                     414.0000000  349.29730  15.6%     -   18s
H    0     0                     413.0000000  349.29730  15.4%     -   18s
H    0     0                     412.0000000  349.29730  15.2%     -   26s
     0     0  349.30712    0 1436  412.00000  349.30712  15.2%     -   38s
H    0     0                     411.0000000  349.30712  15.0%     -   52s
H    0     0                     410.0000000  349.30712  14.8%     -   60s
H    0     0                     409.0000000  349.30712  14.6%     -   60s
H    0     0                     406.0000000  349.30712  14.0%     -   60s
H    0     0                     404.0000000  349.30712  13.5%     -   60s
H    0     0                     403.0000000  349.30712  13.3%     -   60s
H    0     0                     401.0000000  349.30712  12.9%     -   61s
H    0     0                     400.0000000  349.30712  12.7%     -   62s
H    0     0                     399.0000000  349.30712  12.5%     -   62s
H    0     0                     398.0000000  349.30712  12.2%     -   63s
H    0     0                     396.0000000  349.30712  11.8%     -   67s
H    0     2                     380.0000000  349.30712  8.08%     -   85s
     0     2  349.30712    0 1436  380.00000  349.30712  8.08%     -   85s
     1     3  349.47067    1 1411  380.00000  349.30712  8.08%  53.0  104s
H    2     5                     378.0000000  349.30712  7.59%  26.5  128s
     4    10  349.64646    3 1392  378.00000  349.30712  7.59%  64.0  157s
     9    20  349.66936    4 1388  378.00000  349.50354  7.54%  5827  185s
H   19    34                     377.0000000  349.51481  7.29%  2843  218s
H   28    34                     376.0000000  349.51539  7.04%  2000  218s
    30    34  349.74674    5 1371  376.00000  349.52906  7.04%  1887  220s
    35    50  349.69895    6 1384  376.00000  349.52906  7.04%  1638  253s
H   43    50                     374.9999997  349.53426  6.79%  1341  254s
    51    66  349.73512    7 1384  375.00000  349.53426  6.79%  1151  270s
    68    67  359.00000    6 1436  375.00000  349.53542  6.79%   882  336s
    70    68  349.74665    6 1436  375.00000  349.53542  6.79%   857  416s
    71    69  349.64024    7 1436  375.00000  349.53542  6.79%   845  426s
    72    70  349.73430    6 1436  375.00000  349.53542  6.79%   833  485s
    74    72  349.75060    7 1436  375.00000  349.53542  6.79%   976  559s
    76    73  349.76930    8 1436  375.00000  349.53542  6.79%   950  641s
    77    74  349.72958    7 1436  375.00000  349.53542  6.79%   937  651s
    78    75  349.55062    8 1436  375.00000  349.53542  6.79%   925  711s
    80    77  349.55062    8 1436  375.00000  349.53542  6.79%  1055  799s
    82    78  349.54734    8 1436  375.00000  349.53542  6.79%  1029  880s
    83    79  349.64385    6 1436  375.00000  349.53542  6.79%  1017  890s
    84    80  349.84180    7 1436  375.00000  349.53542  6.79%  1005  950s
    86    82  349.65279    8 1436  375.00000  349.53542  6.79%  1123 1043s
    88    83  349.62688    7 1436  375.00000  349.53542  6.79%  1097 1123s
    89    84  349.61591    6 1436  375.00000  349.53542  6.79%  1085 1133s
    90    85  349.68758    8 1436  375.00000  349.53542  6.79%  1073 1193s
    92    87  349.78965    8 1436  375.00000  349.53542  6.79%  1182 1296s
    94    88  349.78965    8 1436  375.00000  349.53542  6.79%  1157 1377s
    95    89  349.64024    7 1436  375.00000  349.53542  6.79%  1145 1386s
    96    90  349.53542    7 1436  375.00000  349.53542  6.79%  1133 1446s
    98    92  349.80097    5 1436  375.00000  349.53542  6.79%  1234 1558s
   100    93  349.54734    8 1436  375.00000  349.53542  6.79%  1210 1639s
   101    94  349.61591    6 1436  375.00000  349.53542  6.79%  1198 1649s
   102    95  349.73362    5 1436  375.00000  349.53542  6.79%  1186 1707s
H  103    91                     374.0000000  349.53542  6.54%  1293 1746s
   104    92  349.65279    8 1436  374.00000  349.53542  6.54%  1280 1831s
   106    93  349.53542    7 1436  374.00000  349.53542  6.54%  1256 1910s
   107    94  349.57924    8 1436  374.00000  349.53542  6.54%  1245 1920s
   108    95  349.61591    6 1436  374.00000  349.53542  6.54%  1233 1979s
H  109    91                     373.0000000  349.53542  6.29%  1334 2010s
   110    92  349.78057    8 1436  373.00000  349.53542  6.29%  1321 2110s
   112    93  349.66834    8 1436  373.00000  349.53542  6.29%  1298 2190s
   113    94  349.70134    6 1436  373.00000  349.53542  6.29%  1286 2200s
   114    95  359.00000    5 1436  373.00000  349.53542  6.29%  1275 2263s
   116    97  349.74819    8 1436  373.00000  349.53542  6.29%  1358 2385s
   118    98  349.57924    8 1436  373.00000  349.53542  6.29%  1335 2465s
   119    99  349.68758    8 1436  373.00000  349.53542  6.29%  1324 2475s
   120   100  349.73634    8 1436  373.00000  349.53542  6.29%  1313 2538s
   122   102  349.78100    8 1436  373.00000  349.53542  6.29%  1391 2685s
   124   103  349.79091    8 1436  373.00000  349.53542  6.29%  1369 2765s
   125   104  349.57924    8 1436  373.00000  349.53542  6.29%  1358 2775s
   126   105  349.66834    8 1436  373.00000  349.53542  6.29%  1347 2837s
   128   107  349.63191    8 1436  373.00000  349.53542  6.29%  1421 2977s
   130   108  349.78057    8 1436  373.00000  349.53542  6.29%  1400 3058s
   131   109  349.76095    7 1436  373.00000  349.53542  6.29%  1389 3068s
   132   110  349.66834    8 1436  373.00000  349.53542  6.29%  1378 3132s
   134   112  349.69010    8 1436  373.00000  349.53542  6.29%  1449 3267s
   136   113  359.00000    5 1436  373.00000  349.53542  6.29%  1427 3347s
   137   114  349.73362    5 1436  373.00000  349.53542  6.29%  1417 3357s
   138   115  349.54303    7 1436  373.00000  349.53542  6.29%  1407 3420s
   140   117  349.84180    7 1436  373.00000  349.53542  6.29%  1474 3550s
   142   118  349.69010    8 1436  373.00000  349.53542  6.29%  1453 3631s
   143   119  349.64573    7 1436  373.00000  349.53542  6.29%  1443 3641s
   144   120  349.75060    7 1436  373.00000  349.53542  6.29%  1433 3704s
   146   122  349.76413    8 1436  373.00000  349.53542  6.29%  1497 3830s
   148   123  349.80097    5 1436  373.00000  349.53542  6.29%  1477 3911s
   149   124  349.65300    8 1436  373.00000  349.53542  6.29%  1467 3921s
   150   125  349.77151    8 1436  373.00000  349.53542  6.29%  1457 3984s
   152   127  349.84180    7 1436  373.00000  349.53542  6.29%  1518 4126s
   154   128  359.00000    4 1436  373.00000  349.53542  6.29%  1498 4206s
   155   129  349.79091    8 1436  373.00000  349.53542  6.29%  1489 4217s
   156   130  349.76134    7 1436  373.00000  349.53542  6.29%  1479 4280s
   158   132  349.76095    7 1436  373.00000  349.53542  6.29%  1537 4406s
   160   133  349.74665    6 1436  373.00000  349.53542  6.29%  1518 4487s
   161   134  349.77107    7 1436  373.00000  349.53542  6.29%  1509 4497s
   162   135  359.00000    3 1436  373.00000  349.53542  6.29%  1499 4560s
   164   137  349.66890    8 1436  373.00000  349.53542  6.29%  1556 4692s
   166   138  349.64024    7 1436  373.00000  349.53542  6.29%  1537 4773s
   167   139  349.74873    8 1436  373.00000  349.53542  6.29%  1528 4783s
   168   140  359.00000    6 1436  373.00000  349.53542  6.29%  1519 4846s
   170   142  349.74665    6 1436  373.00000  349.53542  6.29%  1572 5009s
   172   143  349.73430    6 1436  373.00000  349.53542  6.29%  1554 5090s
   173   144  349.65279    8 1436  373.00000  349.53542  6.29%  1545 5100s
   174   145  349.75060    7 1436  373.00000  349.53542  6.29%  1536 5163s
   176   147  349.76930    8 1436  373.00000  349.53542  6.29%  1588 5292s
   178   148  349.55062    8 1436  373.00000  349.53542  6.29%  1570 5373s
   179   149  359.00000    4 1436  373.00000  349.53542  6.29%  1561 5383s
   180   150  349.55062    8 1436  373.00000  349.53542  6.29%  1553 5446s
   182   152  349.54734    8 1436  373.00000  349.53542  6.29%  1603 5587s
   184   153  349.84180    7 1436  373.00000  349.53542  6.29%  1585 5668s
   185   154  349.76930    8 1436  373.00000  349.53542  6.29%  1577 5678s
   186   155  349.65279    8 1436  373.00000  349.53542  6.29%  1568 5741s
   188   157  349.62688    7 1436  373.00000  349.53542  6.29%  1616 5877s
   190   158  349.68758    8 1436  373.00000  349.53542  6.29%  1599 5958s
   191   159  349.55062    8 1436  373.00000  349.53542  6.29%  1591 5968s
   192   160  349.78965    8 1436  373.00000  349.53542  6.29%  1583 6031s
   194   162  349.78965    8 1436  373.00000  349.53542  6.29%  1629 6174s
   196   163  349.53542    7 1436  373.00000  349.53542  6.29%  1613 6255s
   197   164  349.70101    7 1436  373.00000  349.53542  6.29%  1605 6265s
   198   165  349.80097    5 1436  373.00000  349.53542  6.29%  1596 6329s
   200   167  349.54734    8 1436  373.00000  349.53542  6.29%  1641 6477s
   202   168  349.73362    5 1436  373.00000  349.53542  6.29%  1625 6557s
   203   169  349.78965    8 1436  373.00000  349.53542  6.29%  1617 6567s
   204   170  349.65279    8 1436  373.00000  349.53542  6.29%  1609 6630s
   206   172  349.53542    7 1436  373.00000  349.53542  6.29%  1653 6758s
   208   173  349.61591    6 1436  373.00000  349.53542  6.29%  1637 6838s
   209   174  349.57924    8 1436  373.00000  349.53542  6.29%  1629 6848s
   210   175  349.78057    8 1436  373.00000  349.53542  6.29%  1621 6911s
   212   177  349.66834    8 1436  373.00000  349.53542  6.29%  1664 7048s
   214   178  359.00000    5 1436  373.00000  349.53542  6.29%  1648 7129s
   215   179  349.65279    8 1436  373.00000  349.53542  6.29%  1640 7139s
   216   180  349.74819    8 1436  373.00000  349.53542  6.29%  1633 7203s
   218   182  349.57924    8 1436  373.00000  349.53542  6.29%  1674 7339s
   220   183  349.73634    8 1436  373.00000  349.53542  6.29%  1658 7420s
   221   184  349.76960    7 1436  373.00000  349.53542  6.29%  1651 7431s
   222   185  349.78100    8 1436  373.00000  349.53542  6.29%  1644 7494s
   224   187  349.79091    8 1436  373.00000  349.53542  6.29%  1683 7636s
   226   188  349.66834    8 1436  373.00000  349.53542  6.29%  1668 7717s
   227   189  349.57924    8 1436  373.00000  349.53542  6.29%  1661 7728s
   228   190  349.63191    8 1436  373.00000  349.53542  6.29%  1654 7791s
   230   192  349.78057    8 1436  373.00000  349.53542  6.29%  1692 7917s
   232   193  349.66834    8 1436  373.00000  349.53542  6.29%  1678 7998s
   233   194  359.00000    5 1436  373.00000  349.53542  6.29%  1671 8008s
   234   195  349.69010    8 1436  373.00000  349.53542  6.29%  1663 8071s
   236   197  359.00000    5 1436  373.00000  349.53542  6.29%  1701 8197s
   238   198  349.54303    7 1436  373.00000  349.53542  6.29%  1687 8278s
   239   199  349.74665    6 1436  373.00000  349.53542  6.29%  1680 8288s
   240   200  349.84180    7 1436  373.00000  349.53542  6.29%  1673 8353s
   242   202  349.69010    8 1436  373.00000  349.53542  6.29%  1709 8503s
   244   203  349.75060    7 1436  373.00000  349.53542  6.29%  1695 8583s
   245   204  349.76398    8 1436  373.00000  349.53542  6.29%  1688 8593s
   246   205  349.76413    8 1436  373.00000  349.53542  6.29%  1681 8656s
   248   207  349.80097    5 1436  373.00000  349.53542  6.29%  1717 8792s
   250   208  349.77151    8 1436  373.00000  349.53542  6.29%  1703 8872s
   251   209  359.00000    6 1436  373.00000  349.53542  6.29%  1697 8882s
   252   210  349.84180    7 1436  373.00000  349.53542  6.29%  1690 8945s
   254   212  359.00000    4 1436  373.00000  349.53542  6.29%  1725 9072s
   256   213  349.76134    7 1436  373.00000  349.53542  6.29%  1711 9152s
   257   214  349.64573    7 1436  373.00000  349.53542  6.29%  1704 9162s
   258   215  349.76095    7 1436  373.00000  349.53542  6.29%  1698 9225s
   260   217  349.74665    6 1436  373.00000  349.53542  6.29%  1732 9357s
   262   218  359.00000    3 1436  373.00000  349.53542  6.29%  1718 9438s
   263   219  349.77107    7 1436  373.00000  349.53542  6.29%  1712 9448s
   264   220  349.66890    8 1436  373.00000  349.53542  6.29%  1705 9511s
   266   222  349.64024    7 1436  373.00000  349.53542  6.29%  1738 9646s
   268   223  359.00000    6 1436  373.00000  349.53542  6.29%  1725 9727s
   269   224  349.75060    7 1436  373.00000  349.53542  6.29%  1719 9737s
   270   225  349.74665    6 1436  373.00000  349.53542  6.29%  1713 9801s
   272   227  349.73430    6 1436  373.00000  349.53542  6.29%  1745 9935s
   274   228  349.75060    7 1436  373.00000  349.53542  6.29%  1732 10016s
   275   229  349.63014    8 1436  373.00000  349.53542  6.29%  1726 10026s
   276   230  349.76930    8 1436  373.00000  349.53542  6.29%  1720 10089s
   278   232  349.55062    8 1436  373.00000  349.53542  6.29%  1751 10223s
   280   233  349.55062    8 1436  373.00000  349.53542  6.29%  1739 10304s
   281   234  349.74665    6 1436  373.00000  349.53542  6.29%  1732 10314s
   282   235  349.54734    8 1436  373.00000  349.53542  6.29%  1726 10378s
H  283   224                     372.0000000  349.53542  6.04%  1763 10410s
   284   225  349.84180    7 1436  372.00000  349.53542  6.04%  1757 10516s
   286   226  349.65279    8 1436  372.00000  349.53542  6.04%  1745 10597s
   287   227  359.00000    4 1436  372.00000  349.53542  6.04%  1739 10607s
   288   228  349.62688    7 1436  372.00000  349.53542  6.04%  1733 10671s
   290   230  349.68758    8 1436  372.00000  349.53542  6.04%  1763 10815s
   292   231  349.78965    8 1436  372.00000  349.53542  6.04%  1751 10895s
   293   232  349.73430    6 1436  372.00000  349.53542  6.04%  1745 10905s
   294   233  349.78965    8 1436  372.00000  349.53542  6.04%  1739 10968s
   296   235  349.53542    7 1436  372.00000  349.53542  6.04%  1768 11112s
   298   236  349.80097    5 1436  372.00000  349.53542  6.04%  1756 11193s
   299   237  349.57352    8 1436  372.00000  349.53542  6.04%  1751 11203s
   300   238  349.54734    8 1436  372.00000  349.53542  6.04%  1745 11266s
   302   240  349.73362    5 1436  372.00000  349.53542  6.04%  1774 11538s
   304   241  349.65279    8 1436  372.00000  349.53542  6.04%  1762 11618s
   305   242  349.65300    8 1436  372.00000  349.53542  6.04%  1756 11628s
   306   243  349.53542    7 1436  372.00000  349.53542  6.04%  1750 11691s
   308   245  349.61591    6 1436  372.00000  349.53542  6.04%  1779 11835s
   310   246  349.78057    8 1436  372.00000  349.53542  6.04%  1767 11915s
   311   247  349.76398    8 1436  372.00000  349.53542  6.04%  1761 11925s
   312   248  349.66834    8 1436  372.00000  349.53542  6.04%  1756 11989s
   314   250  359.00000    5 1436  372.00000  349.53542  6.04%  1783 12119s
   316   251  349.74819    8 1436  372.00000  349.53542  6.04%  1772 12200s
   317   252  359.00000    6 1436  372.00000  349.53542  6.04%  1767 12210s
   318   253  349.57924    8 1436  372.00000  349.53542  6.04%  1761 12274s
   320   255  349.73634    8 1436  372.00000  349.53542  6.04%  1788 12417s
   322   256  349.78100    8 1436  372.00000  349.53542  6.04%  1777 12496s
   323   257  349.63198    6 1436  372.00000  349.53542  6.04%  1771 12506s
   324   258  349.79091    8 1436  372.00000  349.53542  6.04%  1766 12569s
   326   260  349.66834    8 1436  372.00000  349.53542  6.04%  1793 12717s
   328   261  349.63191    8 1436  372.00000  349.53542  6.04%  1782 12796s
   329   262  349.73634    8 1436  372.00000  349.53542  6.04%  1776 12806s
   330   263  349.78057    8 1436  372.00000  349.53542  6.04%  1771 12868s
H  331   250                     371.0000000  349.53542  5.79%  1802 12897s
   332   251  349.66834    8 1436  371.00000  349.53542  5.79%  1797 13026s
   334   252  349.69010    8 1436  371.00000  349.53542  5.79%  1786 13105s
   335   253  349.85455    8 1436  371.00000  349.53542  5.79%  1781 13115s
   336   254  359.00000    5 1436  371.00000  349.53542  5.79%  1776 13173s
   338   256  349.54303    7 1436  371.00000  349.53542  5.79%  1801 13320s
   340   257  349.84180    7 1436  371.00000  349.53542  5.79%  1790 13400s
   341   258  359.00000    3 1436  371.00000  349.53542  5.79%  1785 13410s
   342   259  349.69010    8 1436  371.00000  349.53542  5.79%  1780 13468s
   344   261  349.75060    7 1436  371.00000  349.53542  5.79%  1805 13600s
   346   262  349.76413    8 1436  371.00000  349.53542  5.79%  1795 13680s
   347   263  349.53542    7 1436  371.00000  349.53542  5.79%  1790 13690s
   348   264  349.80097    5 1436  371.00000  349.53542  5.79%  1784 13748s
   350   266  349.77151    8 1436  371.00000  349.53542  5.79%  1809 13913s
   352   267  349.84180    7 1436  371.00000  349.53542  5.79%  1799 13993s
   353   268  349.78847    8 1436  371.00000  349.53542  5.79%  1794 14003s
   354   269  359.00000    4 1436  371.00000  349.53542  5.79%  1789 14061s
   356   271  349.76134    7 1436  371.00000  349.53542  5.79%  1813 14210s
   358   272  349.76095    7 1436  371.00000  349.53542  5.79%  1803 14290s
   359   273  349.68933    6 1436  371.00000  349.53542  5.79%  1798 14300s
   360   274  349.74665    6 1436  371.00000  349.53542  5.79%  1793 14358s

Explored 361 nodes (669742 simplex iterations) in 14400.04 seconds (29187.29 work units)
Thread count was 32 (of 32 available processors)

Solution count 10: 371 372 373 ... 396

Time limit reached
Best objective 3.710000000000e+02, best bound 3.500000000000e+02, gap 5.6604%

User-callback calls 2327761, time in user-callback 5.88 sec
