
Gurobi 13.0.2 (linux64) logging started Mon Jul 13 14:22:25 2026

Set parameter LogFile to value "/tmp/sweep_20260709_012313_china_alt550km_s50_i1_v5_gurobi.log"
Set parameter Method to value 1
Set parameter NodefileStart to value 4
Set parameter RINS to value 50
Gurobi Optimizer version 13.0.2 build v13.0.2rc1 (linux64 - "Debian GNU/Linux 13 (trixie)")

CPU model: Intel(R) Xeon(R) Platinum 8375C CPU @ 2.90GHz, instruction set [SSE2|AVX|AVX2|AVX512]
Thread count: 16 physical cores, 32 logical processors, using up to 32 threads

Non-default parameters:
TimeLimit  14400
MIPGap  0.001
Method  1
LPWarmStart  1
Heuristics  0.2
MIPFocus  1
NodefileStart  4
RINS  50
Symmetry  2
Cuts  2
CoverCuts  2
LogToConsole  0

Academic license 2812613 - for non-commercial use only - registered to no___@gatech.edu
Optimize a model with 196014 rows, 21540 columns and 13066164 nonzeros (Min)
Model fingerprint: 0x1c20e4da
Model has 21540 linear objective coefficients
Variable types: 0 continuous, 21540 integer (21540 binary)
Coefficient statistics:
  Matrix range     [1e+00, 1e+00]
  Objective range  [1e+00, 1e+00]
  Bounds range     [1e+00, 1e+00]
  RHS range        [5e+01, 5e+01]

Found heuristic solution: objective 20822.000000
Presolve removed 196014 rows and 20822 columns (presolve time = 5s)...
Presolve removed 196014 rows and 21540 columns
Presolve time: 5.24s
Presolve: All rows and columns removed

Explored 0 nodes (0 simplex iterations) in 5.99 seconds (2.52 work units)
Thread count was 1 (of 32 available processors)

Solution count 1: 20822 

Optimal solution found (tolerance 1.00e-03)
Best objective 2.082200000000e+04, best bound 2.082200000000e+04, gap 0.0000%

User-callback calls 143, time in user-callback 0.00 sec
