
Gurobi 13.0.2 (linux64) logging started Sun Jul 12 04:30:12 2026

Set parameter LogFile to value "/tmp/sweep_20260709_012313_china_alt400km_s75_i1_v5_gurobi.log"
Set parameter Method to value 1
Set parameter NodefileStart to value 4
Set parameter RINS to value 50
Gurobi Optimizer version 13.0.2 build v13.0.2rc1 (linux64 - "Debian GNU/Linux 13 (trixie)")

CPU model: Intel(R) Xeon(R) Platinum 8375C CPU @ 2.90GHz, instruction set [SSE2|AVX|AVX2|AVX512]
Thread count: 16 physical cores, 32 logical processors, using up to 32 threads

Non-default parameters:
TimeLimit  14400
MIPGap  0.001
Method  1
LPWarmStart  1
Heuristics  0.2
MIPFocus  1
NodefileStart  4
RINS  50
Symmetry  2
Cuts  2
CoverCuts  2
LogToConsole  0

Academic license 2812613 - for non-commercial use only - registered to no___@gatech.edu
Optimize a model with 392028 rows, 57440 columns and 81172772 nonzeros (Min)
Model fingerprint: 0x9f3c7cb7
Model has 57440 linear objective coefficients
Variable types: 0 continuous, 57440 integer (57440 binary)
Coefficient statistics:
  Matrix range     [1e+00, 1e+00]
  Objective range  [1e+00, 1e+00]
  Bounds range     [1e+00, 1e+00]
  RHS range        [8e+01, 8e+01]

Found heuristic solution: objective 30821.000000
Presolve removed 0 rows and 0 columns (presolve time = 11s)...
Presolve removed 0 rows and 0 columns (presolve time = 20s)...
Presolve removed 0 rows and 0 columns (presolve time = 27s)...
Presolve removed 0 rows and 0 columns (presolve time = 35s)...
Presolve removed 0 rows and 0 columns (presolve time = 35s)...
Presolve removed 0 rows and 0 columns (presolve time = 44s)...
Presolve removed 0 rows and 0 columns (presolve time = 53s)...
Presolve removed 0 rows and 0 columns (presolve time = 55s)...
Presolve removed 0 rows and 0 columns (presolve time = 69s)...
Presolve removed 0 rows and 0 columns (presolve time = 77s)...
Presolve removed 0 rows and 0 columns (presolve time = 85s)...
Presolve removed 0 rows and 0 columns (presolve time = 92s)...
Presolve removed 0 rows and 0 columns (presolve time = 95s)...
Presolve removed 0 rows and 0 columns (presolve time = 102s)...
Presolve removed 0 rows and 0 columns (presolve time = 105s)...
Presolve removed 0 rows and 0 columns (presolve time = 110s)...
Presolve removed 0 rows and 0 columns (presolve time = 115s)...
Presolve removed 0 rows and 0 columns (presolve time = 120s)...
Presolve removed 0 rows and 0 columns (presolve time = 125s)...
Presolve removed 0 rows and 0 columns (presolve time = 130s)...
Presolve removed 0 rows and 0 columns (presolve time = 141s)...
Presolve removed 0 rows and 0 columns (presolve time = 145s)...
Presolve removed 0 rows and 0 columns (presolve time = 157s)...
Presolve removed 0 rows and 0 columns (presolve time = 160s)...
Presolve removed 0 rows and 0 columns (presolve time = 165s)...
Presolve removed 0 rows and 0 columns (presolve time = 170s)...
Presolve removed 0 rows and 0 columns (presolve time = 175s)...
Presolve removed 0 rows and 0 columns (presolve time = 180s)...
Presolve removed 0 rows and 0 columns (presolve time = 191s)...
Presolve removed 0 rows and 0 columns (presolve time = 215s)...
Presolve removed 0 rows and 0 columns (presolve time = 220s)...
Presolve removed 0 rows and 0 columns (presolve time = 225s)...
Presolve removed 0 rows and 0 columns (presolve time = 230s)...
Presolve removed 0 rows and 0 columns (presolve time = 235s)...
Presolve removed 0 rows and 0 columns (presolve time = 240s)...
Presolve removed 0 rows and 0 columns (presolve time = 245s)...
Presolve removed 0 rows and 0 columns (presolve time = 250s)...
Presolve removed 0 rows and 0 columns (presolve time = 255s)...
Presolve removed 0 rows and 0 columns (presolve time = 260s)...
Presolve removed 0 rows and 0 columns (presolve time = 265s)...
Presolve removed 0 rows and 0 columns (presolve time = 270s)...
Presolve removed 0 rows and 0 columns (presolve time = 275s)...
Presolve removed 0 rows and 0 columns (presolve time = 280s)...
Presolve removed 0 rows and 0 columns (presolve time = 285s)...
Presolve removed 0 rows and 0 columns (presolve time = 290s)...
Presolve removed 0 rows and 0 columns (presolve time = 295s)...
Presolve removed 0 rows and 0 columns (presolve time = 300s)...
Presolve removed 0 rows and 0 columns (presolve time = 305s)...
Presolve removed 0 rows and 0 columns (presolve time = 310s)...
Presolve removed 0 rows and 0 columns (presolve time = 315s)...
Presolve removed 0 rows and 0 columns (presolve time = 320s)...
Presolve removed 0 rows and 0 columns (presolve time = 325s)...
Presolve removed 0 rows and 0 columns (presolve time = 330s)...
Presolve removed 0 rows and 0 columns (presolve time = 335s)...
Presolve removed 0 rows and 0 columns (presolve time = 340s)...
Presolve removed 0 rows and 0 columns (presolve time = 345s)...
Presolve removed 0 rows and 0 columns (presolve time = 350s)...
Presolve removed 0 rows and 0 columns (presolve time = 355s)...
Presolve removed 0 rows and 0 columns (presolve time = 360s)...
Presolve removed 0 rows and 0 columns (presolve time = 365s)...
Presolve removed 0 rows and 0 columns (presolve time = 370s)...
Presolve removed 0 rows and 0 columns (presolve time = 375s)...
Presolve removed 0 rows and 0 columns (presolve time = 380s)...
Presolve removed 0 rows and 0 columns (presolve time = 385s)...
Presolve removed 0 rows and 0 columns (presolve time = 390s)...
Presolve removed 0 rows and 0 columns (presolve time = 395s)...
Presolve removed 0 rows and 0 columns (presolve time = 400s)...
Presolve removed 0 rows and 0 columns (presolve time = 405s)...
Presolve removed 0 rows and 0 columns (presolve time = 410s)...
Presolve removed 0 rows and 0 columns (presolve time = 415s)...
Presolve removed 0 rows and 0 columns (presolve time = 420s)...
Presolve removed 0 rows and 0 columns (presolve time = 425s)...
Presolve removed 0 rows and 0 columns (presolve time = 430s)...
Presolve removed 0 rows and 0 columns (presolve time = 435s)...
Presolve removed 0 rows and 0 columns (presolve time = 440s)...
Presolve removed 0 rows and 0 columns (presolve time = 445s)...
Presolve removed 0 rows and 0 columns (presolve time = 450s)...
Presolve removed 0 rows and 0 columns (presolve time = 455s)...
Presolve removed 0 rows and 0 columns (presolve time = 460s)...
Presolve removed 0 rows and 0 columns (presolve time = 465s)...
Presolve removed 0 rows and 0 columns (presolve time = 470s)...
Presolve removed 0 rows and 0 columns (presolve time = 475s)...
Presolve removed 0 rows and 0 columns (presolve time = 480s)...
Presolve removed 0 rows and 0 columns (presolve time = 485s)...
Presolve removed 0 rows and 0 columns (presolve time = 490s)...
Presolve removed 0 rows and 0 columns (presolve time = 495s)...
Presolve removed 0 rows and 0 columns (presolve time = 500s)...
Presolve removed 0 rows and 0 columns (presolve time = 505s)...
Presolve removed 0 rows and 0 columns (presolve time = 510s)...
Presolve removed 0 rows and 0 columns (presolve time = 515s)...
Presolve removed 0 rows and 0 columns (presolve time = 520s)...
Presolve removed 0 rows and 0 columns (presolve time = 525s)...
Presolve removed 0 rows and 0 columns (presolve time = 530s)...
Presolve removed 0 rows and 0 columns (presolve time = 535s)...
Presolve removed 0 rows and 0 columns (presolve time = 540s)...
Presolve removed 0 rows and 0 columns (presolve time = 545s)...
Presolve removed 0 rows and 0 columns (presolve time = 550s)...
Presolve removed 0 rows and 0 columns (presolve time = 555s)...
Presolve removed 0 rows and 0 columns (presolve time = 560s)...
Presolve removed 0 rows and 0 columns (presolve time = 565s)...
Presolve removed 0 rows and 0 columns (presolve time = 570s)...
Presolve removed 0 rows and 0 columns (presolve time = 575s)...
Presolve removed 0 rows and 0 columns (presolve time = 580s)...
Presolve removed 0 rows and 0 columns (presolve time = 585s)...
Presolve removed 0 rows and 0 columns (presolve time = 590s)...
Presolve removed 0 rows and 0 columns (presolve time = 595s)...
Presolve removed 0 rows and 0 columns (presolve time = 600s)...
Presolve removed 0 rows and 0 columns (presolve time = 605s)...
Presolve removed 0 rows and 0 columns (presolve time = 610s)...
Presolve removed 0 rows and 0 columns (presolve time = 615s)...
Presolve removed 0 rows and 0 columns (presolve time = 620s)...
Presolve removed 0 rows and 0 columns (presolve time = 625s)...
Presolve removed 0 rows and 0 columns (presolve time = 630s)...
Presolve removed 0 rows and 0 columns (presolve time = 635s)...
Presolve removed 0 rows and 0 columns (presolve time = 640s)...
Presolve removed 0 rows and 0 columns (presolve time = 645s)...
Presolve removed 0 rows and 0 columns (presolve time = 650s)...
Presolve removed 0 rows and 0 columns (presolve time = 655s)...
Presolve removed 0 rows and 0 columns (presolve time = 660s)...
Presolve removed 0 rows and 0 columns (presolve time = 665s)...
Presolve removed 0 rows and 0 columns (presolve time = 670s)...
Presolve removed 0 rows and 0 columns (presolve time = 675s)...
Presolve removed 0 rows and 0 columns (presolve time = 680s)...
Presolve removed 0 rows and 0 columns (presolve time = 685s)...
Presolve removed 0 rows and 0 columns (presolve time = 690s)...
Presolve removed 0 rows and 0 columns (presolve time = 695s)...
Presolve removed 0 rows and 0 columns (presolve time = 700s)...
Presolve removed 0 rows and 0 columns (presolve time = 705s)...
Presolve removed 0 rows and 0 columns (presolve time = 710s)...
Presolve removed 0 rows and 0 columns (presolve time = 715s)...
Presolve removed 0 rows and 0 columns (presolve time = 720s)...
Presolve removed 0 rows and 0 columns (presolve time = 725s)...
Presolve removed 0 rows and 0 columns (presolve time = 730s)...
Presolve removed 0 rows and 0 columns (presolve time = 735s)...
Presolve removed 0 rows and 0 columns (presolve time = 740s)...
Presolve removed 0 rows and 0 columns (presolve time = 745s)...
Presolve removed 0 rows and 0 columns (presolve time = 750s)...
Presolve removed 0 rows and 0 columns (presolve time = 755s)...
Presolve removed 0 rows and 0 columns (presolve time = 760s)...
Presolve removed 0 rows and 0 columns (presolve time = 765s)...
Presolve removed 0 rows and 0 columns (presolve time = 770s)...
Presolve removed 0 rows and 0 columns (presolve time = 775s)...
Presolve removed 0 rows and 0 columns (presolve time = 780s)...
Presolve removed 0 rows and 0 columns (presolve time = 785s)...
Presolve removed 0 rows and 0 columns (presolve time = 790s)...
Presolve removed 0 rows and 0 columns (presolve time = 795s)...
Presolve removed 0 rows and 0 columns (presolve time = 800s)...
Presolve removed 0 rows and 0 columns (presolve time = 805s)...
Presolve removed 0 rows and 0 columns (presolve time = 810s)...
Presolve removed 0 rows and 0 columns (presolve time = 815s)...
Presolve removed 0 rows and 0 columns (presolve time = 820s)...
Presolve removed 0 rows and 0 columns (presolve time = 825s)...
Presolve removed 0 rows and 0 columns (presolve time = 830s)...
Presolve removed 0 rows and 0 columns (presolve time = 835s)...
Presolve removed 0 rows and 0 columns (presolve time = 840s)...
Presolve removed 0 rows and 0 columns (presolve time = 845s)...
Presolve removed 0 rows and 0 columns (presolve time = 850s)...
Presolve removed 0 rows and 0 columns (presolve time = 855s)...
Presolve removed 0 rows and 0 columns (presolve time = 860s)...
Presolve removed 0 rows and 0 columns (presolve time = 865s)...
Presolve removed 0 rows and 0 columns (presolve time = 870s)...
Presolve removed 0 rows and 0 columns (presolve time = 875s)...
Presolve removed 0 rows and 0 columns (presolve time = 880s)...
Presolve removed 0 rows and 0 columns (presolve time = 885s)...
Presolve removed 0 rows and 0 columns (presolve time = 890s)...
Presolve removed 0 rows and 0 columns (presolve time = 895s)...
Presolve removed 0 rows and 0 columns (presolve time = 900s)...
Presolve removed 0 rows and 0 columns (presolve time = 905s)...
Presolve removed 0 rows and 0 columns (presolve time = 910s)...
Presolve removed 0 rows and 0 columns (presolve time = 915s)...
Presolve removed 0 rows and 0 columns (presolve time = 920s)...
Presolve removed 0 rows and 0 columns (presolve time = 925s)...
Presolve removed 0 rows and 0 columns (presolve time = 930s)...
Presolve removed 0 rows and 0 columns (presolve time = 935s)...
Presolve removed 0 rows and 0 columns (presolve time = 940s)...
Presolve removed 0 rows and 0 columns (presolve time = 945s)...
Presolve removed 0 rows and 0 columns (presolve time = 950s)...
Presolve removed 0 rows and 0 columns (presolve time = 955s)...
Presolve removed 0 rows and 0 columns (presolve time = 960s)...
Presolve removed 0 rows and 0 columns (presolve time = 965s)...
Presolve removed 0 rows and 0 columns (presolve time = 970s)...
Presolve removed 0 rows and 0 columns (presolve time = 975s)...
Presolve removed 0 rows and 0 columns (presolve time = 980s)...
Presolve removed 0 rows and 0 columns (presolve time = 985s)...
Presolve removed 0 rows and 0 columns (presolve time = 990s)...
Presolve removed 0 rows and 0 columns (presolve time = 995s)...
Presolve removed 0 rows and 0 columns (presolve time = 1000s)...
Presolve removed 0 rows and 0 columns (presolve time = 1005s)...
Presolve removed 0 rows and 0 columns (presolve time = 1010s)...
Presolve removed 0 rows and 0 columns (presolve time = 1015s)...
Presolve removed 0 rows and 0 columns (presolve time = 1020s)...
Presolve removed 0 rows and 0 columns (presolve time = 1025s)...
Presolve removed 0 rows and 0 columns (presolve time = 1030s)...
Presolve removed 0 rows and 0 columns (presolve time = 1035s)...
Presolve removed 0 rows and 0 columns (presolve time = 1040s)...
Presolve removed 0 rows and 0 columns (presolve time = 1051s)...
Presolve time: 1050.81s
Presolved: 392028 rows, 57440 columns, 81172772 nonzeros
Variable types: 0 continuous, 57440 integer (57440 binary)

Root simplex log...

Iteration    Objective       Primal Inf.    Dual Inf.      Time
       0   -0.0000000e+00   0.000000e+00   2.047500e+04   1094s
      54    2.2979085e+04   0.000000e+00   0.000000e+00   1094s
      54    2.2979085e+04   0.000000e+00   0.000000e+00   1094s

Use crossover to convert LP symmetric solution to basic solution...

Root crossover log...

  379558 variables added to crossover basis                     1100s
  382198 variables added to crossover basis                     1105s
  382708 variables added to crossover basis                     1110s
  383068 variables added to crossover basis                     1115s
  384028 variables added to crossover basis                     1120s
  386008 variables added to crossover basis                     1125s
  387568 variables added to crossover basis                     1130s
  388438 variables added to crossover basis                     1135s
  389098 variables added to crossover basis                     1140s
  389608 variables added to crossover basis                     1145s
  390088 variables added to crossover basis                     1150s
  390508 variables added to crossover basis                     1155s
  390928 variables added to crossover basis                     1160s
  391318 variables added to crossover basis                     1165s
  391678 variables added to crossover basis                     1170s

       0 DPushes remaining with DInf 0.0000000e+00              1188s

       0 PPushes remaining with PInf 0.0000000e+00              1189s

  Push phase complete: Pinf 0.0000000e+00, Dinf 1.4876432e-08   1189s


Root simplex log...

Iteration    Objective       Primal Inf.    Dual Inf.      Time
      57    2.2979085e+04   0.000000e+00   0.000000e+00   1203s
Crossover time: 108.61 seconds (185.11 work units)

Root relaxation: objective 2.297908e+04, 57 iterations, 144.48 seconds (214.34 work units)

    Nodes    |    Current Node    |     Objective Bounds      |     Work
 Expl Unexpl |  Obj  Depth IntInf | Incumbent    BestBd   Gap | It/Node Time

     0     0 22979.0848    0 14360 30821.0000 22979.0848  25.4%     - 1229s
H    0     0                    28715.000000 22979.0848  20.0%     - 1229s
H    0     0                    24656.000000 22979.0848  6.80%     - 1230s
H    0     0                    24655.000000 22979.0848  6.80%     - 1230s
H    0     0                    23814.000000 22979.0848  3.51%     - 1311s
H    0     0                    23736.000000 22979.0848  3.19%     - 1311s
H    0     0                    23680.000000 22979.0848  2.96%     - 1312s
H    0     0                    23649.000000 22979.0848  2.83%     - 1312s
H    0     0                    23564.000000 22979.0848  2.48%     - 1312s
H    0     0                    23551.000000 22979.0848  2.43%     - 1313s
H    0     0                    23545.000000 22979.0848  2.40%     - 1313s
H    0     0                    23544.000000 22979.0848  2.40%     - 1313s
H    0     0                    23542.000000 22979.0848  2.39%     - 1321s
H    0     0                    23541.000000 22979.0848  2.39%     - 1321s
H    0     0                    23540.000000 22979.0848  2.38%     - 1328s
H    0     0                    23539.000000 22979.0848  2.38%     - 1328s
H    0     0                    23538.000000 22979.0848  2.37%     - 1340s
H    0     0                    23537.000000 22979.0848  2.37%     - 1347s
H    0     0                    23536.000000 22979.0848  2.37%     - 1352s
H    0     0                    23535.000000 22979.0848  2.36%     - 1354s
H    0     0                    23533.000000 22979.0848  2.35%     - 1358s
H    0     0                    23530.000000 22979.0848  2.34%     - 1359s
H    0     0                    23521.000000 22979.0848  2.30%     - 1359s
H    0     0                    23520.000000 22979.0848  2.30%     - 1369s
H    0     0                    23517.000000 22979.0848  2.29%     - 1370s
H    0     0                    23515.000000 22979.0848  2.28%     - 1370s
H    0     0                    23506.000000 22979.0848  2.24%     - 1412s
H    0     0                    23505.000000 22979.0848  2.24%     - 1440s
     0     0 22979.0848    0 14360 23505.0000 22979.0848  2.24%     - 2772s
     0     2 22979.0848    0 14360 23505.0000 22979.0848  2.24%     - 7188s
     1     3 22979.0858    1 14341 23505.0000 22979.0852  2.24%   484 13499s
     2     5 22979.0867    2 14320 23505.0000 22979.0852  2.24%  1004 14414s

Explored 4 nodes (3533 simplex iterations) in 14415.71 seconds (22013.37 work units)
Thread count was 32 (of 32 available processors)

Solution count 10: 23505 23506 23515 ... 23536

Time limit reached
Best objective 2.350500000000e+04, best bound 2.298000000000e+04, gap 2.2336%

User-callback calls 6145628, time in user-callback 5.43 sec
