
Gurobi 13.0.2 (linux64) logging started Fri Jun 26 05:18:34 2026

Set parameter LogFile to value "/tmp/sweep_20260625_231022_china_alt400km_s50_i6_v10_gurobi.log"
Set parameter Method to value 1
Set parameter NodefileStart to value 4
Set parameter RINS to value 50
Gurobi Optimizer version 13.0.2 build v13.0.2rc1 (linux64 - "Debian GNU/Linux 13 (trixie)")

CPU model: Intel(R) Xeon(R) Platinum 8375C CPU @ 2.90GHz, instruction set [SSE2|AVX|AVX2|AVX512]
Thread count: 16 physical cores, 32 logical processors, using up to 32 threads

Non-default parameters:
TimeLimit  21600
MIPGap  0.01
Method  1
LPWarmStart  1
Heuristics  0.2
MIPFocus  1
NodefileStart  4
RINS  50
Symmetry  2
Cuts  2
CoverCuts  2
LogToConsole  0

Academic license 2812613 - for non-commercial use only - registered to no___@gatech.edu
Optimize a model with 392028 rows, 57440 columns and 227236948 nonzeros (Min)
Model fingerprint: 0x11dcc21a
Model has 57440 linear objective coefficients
Variable types: 0 continuous, 57440 integer (57440 binary)
Coefficient statistics:
  Matrix range     [1e+00, 1e+00]
  Objective range  [1e+00, 1e+00]
  Bounds range     [1e+00, 1e+00]
  RHS range        [9e+00, 9e+00]

Found heuristic solution: objective 2023.0000000
Presolve removed 0 rows and 0 columns (presolve time = 10s)...
Presolve removed 0 rows and 0 columns (presolve time = 11s)...
Presolve removed 0 rows and 0 columns (presolve time = 35s)...
Presolve removed 0 rows and 0 columns (presolve time = 36s)...
Presolve removed 0 rows and 0 columns (presolve time = 63s)...
Presolve removed 0 rows and 0 columns (presolve time = 86s)...
Presolve removed 0 rows and 0 columns (presolve time = 111s)...
Presolve removed 0 rows and 0 columns (presolve time = 142s)...
Presolve removed 0 rows and 0 columns (presolve time = 178s)...
Presolve removed 0 rows and 0 columns (presolve time = 180s)...
Presolve removed 0 rows and 0 columns (presolve time = 185s)...
Presolve removed 0 rows and 0 columns (presolve time = 190s)...
Presolve removed 0 rows and 0 columns (presolve time = 195s)...
Presolve removed 0 rows and 0 columns (presolve time = 200s)...
Presolve removed 0 rows and 0 columns (presolve time = 205s)...
Presolve removed 0 rows and 0 columns (presolve time = 255s)...
Presolve removed 0 rows and 0 columns (presolve time = 281s)...
Presolve removed 0 rows and 0 columns (presolve time = 305s)...
Presolve removed 0 rows and 0 columns (presolve time = 329s)...
Presolve removed 0 rows and 0 columns (presolve time = 330s)...
Presolve removed 0 rows and 0 columns (presolve time = 335s)...
Presolve removed 0 rows and 0 columns (presolve time = 340s)...
Presolve removed 0 rows and 0 columns (presolve time = 345s)...
Presolve removed 0 rows and 0 columns (presolve time = 350s)...
Presolve removed 0 rows and 0 columns (presolve time = 360s)...
Presolve removed 0 rows and 0 columns (presolve time = 390s)...
Presolve removed 0 rows and 0 columns (presolve time = 395s)...
Presolve removed 0 rows and 0 columns (presolve time = 400s)...
Presolve removed 0 rows and 0 columns (presolve time = 408s)...
Presolve removed 0 rows and 0 columns (presolve time = 413s)...
Presolve removed 0 rows and 0 columns (presolve time = 436s)...
Presolve removed 0 rows and 0 columns (presolve time = 440s)...
Presolve removed 0 rows and 0 columns (presolve time = 445s)...
Presolve removed 0 rows and 0 columns (presolve time = 450s)...
Presolve removed 0 rows and 0 columns (presolve time = 455s)...
Presolve removed 0 rows and 0 columns (presolve time = 460s)...
Presolve removed 0 rows and 0 columns (presolve time = 465s)...
Presolve removed 0 rows and 0 columns (presolve time = 470s)...
Presolve removed 0 rows and 0 columns (presolve time = 475s)...
Presolve removed 0 rows and 0 columns (presolve time = 480s)...
Presolve removed 0 rows and 0 columns (presolve time = 485s)...
Presolve removed 0 rows and 0 columns (presolve time = 490s)...
Presolve removed 0 rows and 0 columns (presolve time = 495s)...
Presolve removed 0 rows and 0 columns (presolve time = 500s)...
Presolve removed 0 rows and 0 columns (presolve time = 505s)...
Presolve removed 0 rows and 0 columns (presolve time = 510s)...
Presolve removed 0 rows and 0 columns (presolve time = 515s)...
Presolve removed 0 rows and 0 columns (presolve time = 520s)...
Presolve removed 0 rows and 0 columns (presolve time = 525s)...
Presolve removed 0 rows and 0 columns (presolve time = 530s)...
Presolve removed 0 rows and 0 columns (presolve time = 535s)...
Presolve removed 0 rows and 0 columns (presolve time = 540s)...
Presolve removed 0 rows and 0 columns (presolve time = 545s)...
Presolve removed 0 rows and 0 columns (presolve time = 581s)...
Presolve removed 0 rows and 0 columns (presolve time = 588s)...
Presolve removed 0 rows and 0 columns (presolve time = 657s)...
Presolve removed 0 rows and 0 columns (presolve time = 660s)...
Presolve removed 0 rows and 0 columns (presolve time = 665s)...
Presolve removed 0 rows and 0 columns (presolve time = 670s)...
Presolve removed 0 rows and 0 columns (presolve time = 675s)...
Presolve removed 0 rows and 0 columns (presolve time = 680s)...
Presolve removed 0 rows and 0 columns (presolve time = 685s)...
Presolve removed 0 rows and 0 columns (presolve time = 690s)...
Presolve removed 0 rows and 0 columns (presolve time = 695s)...
Presolve removed 0 rows and 0 columns (presolve time = 700s)...
Presolve removed 0 rows and 0 columns (presolve time = 705s)...
Presolve removed 0 rows and 0 columns (presolve time = 710s)...
Presolve removed 0 rows and 0 columns (presolve time = 715s)...
Presolve removed 0 rows and 0 columns (presolve time = 720s)...
Presolve removed 0 rows and 0 columns (presolve time = 725s)...
Presolve removed 0 rows and 0 columns (presolve time = 730s)...
Presolve removed 0 rows and 0 columns (presolve time = 735s)...
Presolve removed 0 rows and 0 columns (presolve time = 740s)...
Presolve removed 0 rows and 0 columns (presolve time = 745s)...
Presolve removed 0 rows and 0 columns (presolve time = 750s)...
Presolve removed 0 rows and 0 columns (presolve time = 755s)...
Presolve removed 0 rows and 0 columns (presolve time = 760s)...
Presolve removed 0 rows and 0 columns (presolve time = 765s)...
Presolve removed 0 rows and 0 columns (presolve time = 770s)...
Presolve removed 0 rows and 0 columns (presolve time = 775s)...
Presolve removed 0 rows and 0 columns (presolve time = 780s)...
Presolve removed 0 rows and 0 columns (presolve time = 785s)...
Presolve removed 0 rows and 0 columns (presolve time = 790s)...
Presolve removed 0 rows and 0 columns (presolve time = 795s)...
Presolve removed 0 rows and 0 columns (presolve time = 800s)...
Presolve removed 0 rows and 0 columns (presolve time = 805s)...
Presolve removed 0 rows and 0 columns (presolve time = 810s)...
Presolve removed 0 rows and 0 columns (presolve time = 815s)...
Presolve removed 0 rows and 0 columns (presolve time = 820s)...
Presolve removed 0 rows and 0 columns (presolve time = 825s)...
Presolve removed 0 rows and 0 columns (presolve time = 830s)...
Presolve removed 0 rows and 0 columns (presolve time = 835s)...
Presolve removed 0 rows and 0 columns (presolve time = 840s)...
Presolve removed 0 rows and 0 columns (presolve time = 845s)...
Presolve removed 0 rows and 0 columns (presolve time = 850s)...
Presolve removed 0 rows and 0 columns (presolve time = 855s)...
Presolve removed 0 rows and 0 columns (presolve time = 860s)...
Presolve removed 0 rows and 0 columns (presolve time = 865s)...
Presolve removed 0 rows and 0 columns (presolve time = 870s)...
Presolve removed 0 rows and 0 columns (presolve time = 875s)...
Presolve removed 0 rows and 0 columns (presolve time = 880s)...
Presolve removed 0 rows and 0 columns (presolve time = 885s)...
Presolve removed 0 rows and 0 columns (presolve time = 890s)...
Presolve removed 0 rows and 0 columns (presolve time = 895s)...
Presolve removed 0 rows and 0 columns (presolve time = 900s)...
Presolve removed 0 rows and 0 columns (presolve time = 905s)...
Presolve removed 0 rows and 0 columns (presolve time = 910s)...
Presolve removed 0 rows and 0 columns (presolve time = 915s)...
Presolve removed 0 rows and 0 columns (presolve time = 920s)...
Presolve removed 0 rows and 0 columns (presolve time = 925s)...
Presolve removed 0 rows and 0 columns (presolve time = 930s)...
Presolve removed 0 rows and 0 columns (presolve time = 935s)...
Presolve removed 0 rows and 0 columns (presolve time = 940s)...
Presolve removed 0 rows and 0 columns (presolve time = 945s)...
Presolve removed 0 rows and 0 columns (presolve time = 950s)...
Presolve removed 0 rows and 0 columns (presolve time = 955s)...
Presolve removed 0 rows and 0 columns (presolve time = 960s)...
Presolve removed 0 rows and 0 columns (presolve time = 965s)...
Presolve removed 0 rows and 0 columns (presolve time = 970s)...
Presolve removed 0 rows and 0 columns (presolve time = 975s)...
Presolve removed 0 rows and 0 columns (presolve time = 980s)...
Presolve removed 0 rows and 0 columns (presolve time = 985s)...
Presolve removed 0 rows and 0 columns (presolve time = 990s)...
Presolve removed 0 rows and 0 columns (presolve time = 995s)...
Presolve removed 0 rows and 0 columns (presolve time = 1000s)...
Presolve removed 0 rows and 0 columns (presolve time = 1005s)...
Presolve removed 0 rows and 0 columns (presolve time = 1010s)...
Presolve removed 0 rows and 0 columns (presolve time = 1015s)...
Presolve removed 0 rows and 0 columns (presolve time = 1020s)...
Presolve removed 0 rows and 0 columns (presolve time = 1025s)...
Presolve removed 0 rows and 0 columns (presolve time = 1030s)...
Presolve removed 0 rows and 0 columns (presolve time = 1035s)...
Presolve removed 0 rows and 0 columns (presolve time = 1040s)...
Presolve removed 0 rows and 0 columns (presolve time = 1045s)...
Presolve removed 0 rows and 0 columns (presolve time = 1050s)...
Presolve removed 0 rows and 0 columns (presolve time = 1055s)...
Presolve removed 0 rows and 0 columns (presolve time = 1060s)...
Presolve removed 0 rows and 0 columns (presolve time = 1065s)...
Presolve removed 0 rows and 0 columns (presolve time = 1070s)...
Presolve removed 0 rows and 0 columns (presolve time = 1075s)...
Presolve removed 0 rows and 0 columns (presolve time = 1080s)...
Presolve removed 0 rows and 0 columns (presolve time = 1085s)...
Presolve removed 0 rows and 0 columns (presolve time = 1090s)...
Presolve removed 0 rows and 0 columns (presolve time = 1095s)...
Presolve removed 0 rows and 0 columns (presolve time = 1100s)...
Presolve removed 0 rows and 0 columns (presolve time = 1105s)...
Presolve removed 0 rows and 0 columns (presolve time = 1110s)...
Presolve removed 0 rows and 0 columns (presolve time = 1115s)...
Presolve removed 0 rows and 0 columns (presolve time = 1120s)...
Presolve removed 0 rows and 0 columns (presolve time = 1125s)...
Presolve removed 0 rows and 0 columns (presolve time = 1130s)...
Presolve removed 0 rows and 0 columns (presolve time = 1135s)...
Presolve removed 0 rows and 0 columns (presolve time = 1140s)...
Presolve removed 0 rows and 0 columns (presolve time = 1145s)...
Presolve removed 0 rows and 0 columns (presolve time = 1150s)...
Presolve removed 0 rows and 0 columns (presolve time = 1155s)...
Presolve removed 0 rows and 0 columns (presolve time = 1160s)...
Presolve removed 0 rows and 0 columns (presolve time = 1165s)...
Presolve removed 0 rows and 0 columns (presolve time = 1170s)...
Presolve removed 0 rows and 0 columns (presolve time = 1175s)...
Presolve removed 0 rows and 0 columns (presolve time = 1180s)...
Presolve removed 0 rows and 0 columns (presolve time = 1185s)...
Presolve removed 0 rows and 0 columns (presolve time = 1190s)...
Presolve removed 0 rows and 0 columns (presolve time = 1195s)...
Presolve removed 0 rows and 0 columns (presolve time = 1200s)...
Presolve removed 0 rows and 0 columns (presolve time = 1205s)...
Presolve removed 0 rows and 0 columns (presolve time = 1210s)...
Presolve removed 0 rows and 0 columns (presolve time = 1215s)...
Presolve removed 0 rows and 0 columns (presolve time = 1220s)...
Presolve removed 0 rows and 0 columns (presolve time = 1225s)...
Presolve removed 0 rows and 0 columns (presolve time = 1230s)...
Presolve removed 0 rows and 0 columns (presolve time = 1235s)...
Presolve removed 0 rows and 0 columns (presolve time = 1240s)...
Presolve removed 0 rows and 0 columns (presolve time = 1245s)...
Presolve removed 0 rows and 0 columns (presolve time = 1250s)...
Presolve removed 0 rows and 0 columns (presolve time = 1255s)...
Presolve removed 0 rows and 0 columns (presolve time = 1260s)...
Presolve removed 0 rows and 0 columns (presolve time = 1265s)...
Presolve removed 0 rows and 0 columns (presolve time = 1270s)...
Presolve removed 0 rows and 0 columns (presolve time = 1275s)...
Presolve removed 0 rows and 0 columns (presolve time = 1280s)...
Presolve removed 0 rows and 0 columns (presolve time = 1285s)...
Presolve removed 0 rows and 0 columns (presolve time = 1290s)...
Presolve removed 0 rows and 0 columns (presolve time = 1295s)...
Presolve removed 0 rows and 0 columns (presolve time = 1300s)...
Presolve removed 0 rows and 0 columns (presolve time = 1305s)...
Presolve removed 0 rows and 0 columns (presolve time = 1310s)...
Presolve removed 0 rows and 0 columns (presolve time = 1315s)...
Presolve removed 0 rows and 0 columns (presolve time = 1320s)...
Presolve removed 0 rows and 0 columns (presolve time = 1325s)...
Presolve removed 0 rows and 0 columns (presolve time = 1330s)...
Presolve removed 0 rows and 0 columns (presolve time = 1335s)...
Presolve removed 0 rows and 0 columns (presolve time = 1340s)...
Presolve removed 0 rows and 0 columns (presolve time = 1345s)...
Presolve removed 0 rows and 0 columns (presolve time = 1350s)...
Presolve removed 0 rows and 0 columns (presolve time = 1355s)...
Presolve removed 0 rows and 0 columns (presolve time = 1360s)...
Presolve removed 0 rows and 0 columns (presolve time = 1365s)...
Presolve removed 0 rows and 0 columns (presolve time = 1370s)...
Presolve removed 0 rows and 0 columns (presolve time = 1375s)...
Presolve removed 0 rows and 0 columns (presolve time = 1380s)...
Presolve removed 0 rows and 0 columns (presolve time = 1385s)...
Presolve removed 0 rows and 0 columns (presolve time = 1390s)...
Presolve removed 0 rows and 0 columns (presolve time = 1395s)...
Presolve removed 0 rows and 0 columns (presolve time = 1400s)...
Presolve removed 0 rows and 0 columns (presolve time = 1405s)...
Presolve removed 0 rows and 0 columns (presolve time = 1410s)...
Presolve removed 0 rows and 0 columns (presolve time = 1415s)...
Presolve removed 0 rows and 0 columns (presolve time = 1420s)...
Presolve removed 0 rows and 0 columns (presolve time = 1425s)...
Presolve removed 0 rows and 0 columns (presolve time = 1430s)...
Presolve removed 0 rows and 0 columns (presolve time = 1435s)...
Presolve removed 0 rows and 0 columns (presolve time = 1440s)...
Presolve removed 0 rows and 0 columns (presolve time = 1445s)...
Presolve removed 0 rows and 0 columns (presolve time = 1450s)...
Presolve removed 0 rows and 0 columns (presolve time = 1455s)...
Presolve removed 0 rows and 0 columns (presolve time = 1460s)...
Presolve removed 0 rows and 0 columns (presolve time = 1465s)...
Presolve removed 0 rows and 0 columns (presolve time = 1470s)...
Presolve removed 0 rows and 0 columns (presolve time = 1475s)...
Presolve removed 0 rows and 0 columns (presolve time = 1480s)...
Presolve removed 0 rows and 0 columns (presolve time = 1485s)...
Presolve removed 0 rows and 0 columns (presolve time = 1490s)...
Presolve removed 0 rows and 0 columns (presolve time = 1495s)...
Presolve removed 0 rows and 0 columns (presolve time = 1500s)...
Presolve removed 0 rows and 0 columns (presolve time = 1505s)...
Presolve removed 0 rows and 0 columns (presolve time = 1510s)...
Presolve removed 0 rows and 0 columns (presolve time = 1515s)...
Presolve removed 0 rows and 0 columns (presolve time = 1520s)...
Presolve removed 0 rows and 0 columns (presolve time = 1525s)...
Presolve removed 0 rows and 0 columns (presolve time = 1530s)...
Presolve removed 0 rows and 0 columns (presolve time = 1535s)...
Presolve removed 0 rows and 0 columns (presolve time = 1540s)...
Presolve removed 0 rows and 0 columns (presolve time = 1545s)...
Presolve removed 0 rows and 0 columns (presolve time = 1550s)...
Presolve removed 0 rows and 0 columns (presolve time = 1555s)...
Presolve removed 0 rows and 0 columns (presolve time = 1560s)...
Presolve removed 0 rows and 0 columns (presolve time = 1565s)...
Presolve removed 0 rows and 0 columns (presolve time = 1570s)...
Presolve removed 0 rows and 0 columns (presolve time = 1575s)...
Presolve removed 0 rows and 0 columns (presolve time = 1580s)...
Presolve removed 0 rows and 0 columns (presolve time = 1585s)...
Presolve removed 0 rows and 0 columns (presolve time = 1590s)...
Presolve removed 0 rows and 0 columns (presolve time = 1595s)...
Presolve removed 0 rows and 0 columns (presolve time = 1600s)...
Presolve removed 0 rows and 0 columns (presolve time = 1605s)...
Presolve removed 0 rows and 0 columns (presolve time = 1610s)...
Presolve removed 0 rows and 0 columns (presolve time = 1615s)...
Presolve removed 0 rows and 0 columns (presolve time = 1620s)...
Presolve removed 0 rows and 0 columns (presolve time = 1625s)...
Presolve removed 0 rows and 0 columns (presolve time = 1630s)...
Presolve removed 0 rows and 0 columns (presolve time = 1635s)...
Presolve removed 0 rows and 0 columns (presolve time = 1640s)...
Presolve removed 0 rows and 0 columns (presolve time = 1645s)...
Presolve removed 0 rows and 0 columns (presolve time = 1650s)...
Presolve removed 0 rows and 0 columns (presolve time = 1655s)...
Presolve removed 0 rows and 0 columns (presolve time = 1660s)...
Presolve removed 0 rows and 0 columns (presolve time = 1665s)...
Presolve removed 0 rows and 0 columns (presolve time = 1670s)...
Presolve removed 0 rows and 0 columns (presolve time = 1675s)...
Presolve removed 0 rows and 0 columns (presolve time = 1680s)...
Presolve removed 0 rows and 0 columns (presolve time = 1685s)...
Presolve removed 0 rows and 0 columns (presolve time = 1690s)...
Presolve removed 0 rows and 0 columns (presolve time = 1695s)...
Presolve removed 0 rows and 0 columns (presolve time = 1700s)...
Presolve removed 0 rows and 0 columns (presolve time = 1705s)...
Presolve removed 0 rows and 0 columns (presolve time = 1710s)...
Presolve removed 0 rows and 0 columns (presolve time = 1715s)...
Presolve removed 0 rows and 0 columns (presolve time = 1720s)...
Presolve removed 0 rows and 0 columns (presolve time = 1725s)...
Presolve removed 0 rows and 0 columns (presolve time = 1730s)...
Presolve removed 0 rows and 0 columns (presolve time = 1735s)...
Presolve removed 0 rows and 0 columns (presolve time = 1740s)...
Presolve removed 0 rows and 0 columns (presolve time = 1745s)...
Presolve removed 0 rows and 0 columns (presolve time = 1750s)...
Presolve removed 0 rows and 0 columns (presolve time = 1755s)...
Presolve removed 0 rows and 0 columns (presolve time = 1760s)...
Presolve removed 0 rows and 0 columns (presolve time = 1765s)...
Presolve removed 0 rows and 0 columns (presolve time = 1770s)...
Presolve removed 0 rows and 0 columns (presolve time = 1775s)...
Presolve removed 0 rows and 0 columns (presolve time = 1780s)...
Presolve removed 0 rows and 0 columns (presolve time = 1785s)...
Presolve removed 0 rows and 0 columns (presolve time = 1790s)...
Presolve removed 0 rows and 0 columns (presolve time = 1795s)...
Presolve removed 0 rows and 0 columns (presolve time = 1800s)...
Presolve removed 0 rows and 0 columns (presolve time = 1805s)...
Presolve removed 0 rows and 0 columns (presolve time = 1810s)...
Presolve removed 0 rows and 0 columns (presolve time = 1815s)...
Presolve removed 0 rows and 0 columns (presolve time = 1820s)...
Presolve removed 0 rows and 0 columns (presolve time = 1825s)...
Presolve removed 0 rows and 0 columns (presolve time = 1830s)...
Presolve removed 0 rows and 0 columns (presolve time = 1835s)...
Presolve removed 0 rows and 0 columns (presolve time = 1840s)...
Presolve removed 0 rows and 0 columns (presolve time = 1845s)...
Presolve removed 0 rows and 0 columns (presolve time = 1850s)...
Presolve removed 0 rows and 0 columns (presolve time = 1855s)...
Presolve removed 0 rows and 0 columns (presolve time = 1860s)...
Presolve removed 0 rows and 0 columns (presolve time = 1865s)...
Presolve removed 0 rows and 0 columns (presolve time = 1870s)...
Presolve removed 0 rows and 0 columns (presolve time = 1875s)...
Presolve removed 0 rows and 0 columns (presolve time = 1880s)...
Presolve removed 0 rows and 0 columns (presolve time = 1885s)...
Presolve removed 0 rows and 0 columns (presolve time = 1890s)...
Presolve removed 0 rows and 0 columns (presolve time = 1895s)...
Presolve removed 0 rows and 0 columns (presolve time = 1900s)...
Presolve removed 0 rows and 0 columns (presolve time = 1905s)...
Presolve removed 0 rows and 0 columns (presolve time = 1910s)...
Presolve removed 0 rows and 0 columns (presolve time = 1915s)...
Presolve removed 0 rows and 0 columns (presolve time = 1920s)...
Presolve removed 0 rows and 0 columns (presolve time = 1925s)...
Presolve removed 0 rows and 0 columns (presolve time = 1930s)...
Presolve removed 0 rows and 0 columns (presolve time = 1935s)...
Presolve removed 0 rows and 0 columns (presolve time = 1940s)...
Presolve removed 0 rows and 0 columns (presolve time = 1945s)...
Presolve removed 0 rows and 0 columns (presolve time = 1950s)...
Presolve removed 0 rows and 0 columns (presolve time = 1955s)...
Presolve removed 0 rows and 0 columns (presolve time = 1960s)...
Presolve removed 0 rows and 0 columns (presolve time = 1965s)...
Presolve removed 0 rows and 0 columns (presolve time = 1970s)...
Presolve removed 0 rows and 0 columns (presolve time = 1975s)...
Presolve removed 0 rows and 0 columns (presolve time = 1980s)...
Presolve removed 0 rows and 0 columns (presolve time = 1985s)...
Presolve removed 0 rows and 0 columns (presolve time = 1990s)...
Presolve removed 0 rows and 0 columns (presolve time = 1995s)...
Presolve removed 0 rows and 0 columns (presolve time = 2000s)...
Presolve removed 0 rows and 0 columns (presolve time = 2005s)...
Presolve removed 0 rows and 0 columns (presolve time = 2010s)...
Presolve removed 0 rows and 0 columns (presolve time = 2015s)...
Presolve removed 0 rows and 0 columns (presolve time = 2020s)...
Presolve removed 0 rows and 0 columns (presolve time = 2025s)...
Presolve removed 0 rows and 0 columns (presolve time = 2030s)...
Presolve removed 0 rows and 0 columns (presolve time = 2035s)...
Presolve removed 0 rows and 0 columns (presolve time = 2040s)...
Presolve removed 0 rows and 0 columns (presolve time = 2045s)...
Presolve removed 0 rows and 0 columns (presolve time = 2050s)...
Presolve removed 0 rows and 0 columns (presolve time = 2055s)...
Presolve removed 0 rows and 0 columns (presolve time = 2060s)...
Presolve removed 0 rows and 0 columns (presolve time = 2065s)...
Presolve removed 0 rows and 0 columns (presolve time = 2070s)...
Presolve removed 0 rows and 0 columns (presolve time = 2075s)...
Presolve removed 0 rows and 0 columns (presolve time = 2080s)...
Presolve removed 0 rows and 0 columns (presolve time = 2085s)...
Presolve removed 0 rows and 0 columns (presolve time = 2090s)...
Presolve removed 0 rows and 0 columns (presolve time = 2095s)...
Presolve removed 0 rows and 0 columns (presolve time = 2100s)...
Presolve removed 0 rows and 0 columns (presolve time = 2105s)...
Presolve removed 0 rows and 0 columns (presolve time = 2110s)...
Presolve removed 0 rows and 0 columns (presolve time = 2115s)...
Presolve removed 0 rows and 0 columns (presolve time = 2120s)...
Presolve removed 0 rows and 0 columns (presolve time = 2125s)...
Presolve removed 0 rows and 0 columns (presolve time = 2130s)...
Presolve removed 0 rows and 0 columns (presolve time = 2135s)...
Presolve removed 0 rows and 0 columns (presolve time = 2140s)...
Presolve removed 0 rows and 0 columns (presolve time = 2145s)...
Presolve removed 0 rows and 0 columns (presolve time = 2150s)...
Presolve removed 0 rows and 0 columns (presolve time = 2155s)...
Presolve removed 0 rows and 0 columns (presolve time = 2160s)...
Presolve removed 0 rows and 0 columns (presolve time = 2165s)...
Presolve removed 0 rows and 0 columns (presolve time = 2170s)...
Presolve removed 0 rows and 0 columns (presolve time = 2175s)...
Presolve removed 0 rows and 0 columns (presolve time = 2180s)...
Presolve removed 0 rows and 0 columns (presolve time = 2185s)...
Presolve removed 0 rows and 0 columns (presolve time = 2190s)...
Presolve removed 0 rows and 0 columns (presolve time = 2195s)...
Presolve removed 0 rows and 0 columns (presolve time = 2200s)...
Presolve removed 0 rows and 0 columns (presolve time = 2205s)...
Presolve removed 0 rows and 0 columns (presolve time = 2210s)...
Presolve removed 0 rows and 0 columns (presolve time = 2215s)...
Presolve removed 0 rows and 0 columns (presolve time = 2220s)...
Presolve removed 0 rows and 0 columns (presolve time = 2225s)...
Presolve removed 0 rows and 0 columns (presolve time = 2230s)...
Presolve removed 0 rows and 0 columns (presolve time = 2235s)...
Presolve removed 0 rows and 0 columns (presolve time = 2240s)...
Presolve removed 0 rows and 0 columns (presolve time = 2245s)...
Presolve removed 0 rows and 0 columns (presolve time = 2250s)...
Presolve removed 0 rows and 0 columns (presolve time = 2255s)...
Presolve removed 0 rows and 0 columns (presolve time = 2260s)...
Presolve removed 0 rows and 0 columns (presolve time = 2265s)...
Presolve removed 0 rows and 0 columns (presolve time = 2270s)...
Presolve removed 0 rows and 0 columns (presolve time = 2275s)...
Presolve removed 0 rows and 0 columns (presolve time = 2280s)...
Presolve removed 0 rows and 0 columns (presolve time = 2285s)...
Presolve removed 0 rows and 0 columns (presolve time = 2290s)...
Presolve removed 0 rows and 0 columns (presolve time = 2295s)...
Presolve removed 0 rows and 0 columns (presolve time = 2300s)...
Presolve removed 0 rows and 0 columns (presolve time = 2305s)...
Presolve removed 0 rows and 0 columns (presolve time = 2310s)...
Presolve removed 0 rows and 0 columns (presolve time = 2315s)...
Presolve removed 0 rows and 0 columns (presolve time = 2320s)...
Presolve removed 0 rows and 0 columns (presolve time = 2325s)...
Presolve removed 0 rows and 0 columns (presolve time = 2330s)...
Presolve removed 0 rows and 0 columns (presolve time = 2335s)...
Presolve removed 0 rows and 0 columns (presolve time = 2340s)...
Presolve removed 0 rows and 0 columns (presolve time = 2345s)...
Presolve removed 0 rows and 0 columns (presolve time = 2350s)...
Presolve removed 0 rows and 0 columns (presolve time = 2355s)...
Presolve removed 0 rows and 0 columns (presolve time = 2360s)...
Presolve removed 0 rows and 0 columns (presolve time = 2365s)...
Presolve removed 0 rows and 0 columns (presolve time = 2370s)...
Presolve removed 0 rows and 0 columns (presolve time = 2375s)...
Presolve removed 0 rows and 0 columns (presolve time = 2380s)...
Presolve removed 0 rows and 0 columns (presolve time = 2385s)...
Presolve removed 0 rows and 0 columns (presolve time = 2390s)...
Presolve removed 0 rows and 0 columns (presolve time = 2395s)...
Presolve removed 0 rows and 0 columns (presolve time = 2400s)...
Presolve removed 0 rows and 0 columns (presolve time = 2405s)...
Presolve removed 0 rows and 0 columns (presolve time = 2410s)...
Presolve removed 0 rows and 0 columns (presolve time = 2415s)...
Presolve removed 0 rows and 0 columns (presolve time = 2420s)...
Presolve removed 0 rows and 0 columns (presolve time = 2425s)...
Presolve removed 0 rows and 0 columns (presolve time = 2430s)...
Presolve removed 0 rows and 0 columns (presolve time = 2435s)...
Presolve removed 0 rows and 0 columns (presolve time = 2440s)...
Presolve removed 0 rows and 0 columns (presolve time = 2445s)...
Presolve removed 0 rows and 0 columns (presolve time = 2450s)...
Presolve removed 0 rows and 0 columns (presolve time = 2455s)...
Presolve removed 0 rows and 0 columns (presolve time = 2460s)...
Presolve removed 0 rows and 0 columns (presolve time = 2465s)...
Presolve removed 0 rows and 0 columns (presolve time = 2470s)...
Presolve removed 0 rows and 0 columns (presolve time = 2475s)...
Presolve removed 0 rows and 0 columns (presolve time = 2480s)...
Presolve removed 0 rows and 0 columns (presolve time = 2485s)...
Presolve removed 0 rows and 0 columns (presolve time = 2490s)...
Presolve removed 0 rows and 0 columns (presolve time = 2495s)...
Presolve removed 0 rows and 0 columns (presolve time = 2500s)...
Presolve removed 0 rows and 0 columns (presolve time = 2505s)...
Presolve removed 0 rows and 0 columns (presolve time = 2510s)...
Presolve removed 0 rows and 0 columns (presolve time = 2515s)...
Presolve removed 0 rows and 0 columns (presolve time = 2520s)...
Presolve removed 0 rows and 0 columns (presolve time = 2525s)...
Presolve removed 0 rows and 0 columns (presolve time = 2530s)...
Presolve removed 0 rows and 0 columns (presolve time = 2535s)...
Presolve removed 0 rows and 0 columns (presolve time = 2540s)...
Presolve removed 0 rows and 0 columns (presolve time = 2545s)...
Presolve removed 0 rows and 0 columns (presolve time = 2550s)...
Presolve removed 0 rows and 0 columns (presolve time = 2555s)...
Presolve removed 0 rows and 0 columns (presolve time = 2560s)...
Presolve removed 0 rows and 0 columns (presolve time = 2565s)...
Presolve removed 0 rows and 0 columns (presolve time = 2570s)...
Presolve removed 0 rows and 0 columns (presolve time = 2575s)...
Presolve removed 0 rows and 0 columns (presolve time = 2580s)...
Presolve removed 0 rows and 0 columns (presolve time = 2585s)...
Presolve removed 0 rows and 0 columns (presolve time = 2590s)...
Presolve removed 0 rows and 0 columns (presolve time = 2595s)...
Presolve removed 0 rows and 0 columns (presolve time = 2600s)...
Presolve removed 0 rows and 0 columns (presolve time = 2605s)...
Presolve removed 0 rows and 0 columns (presolve time = 2610s)...
Presolve removed 0 rows and 0 columns (presolve time = 2615s)...
Presolve removed 0 rows and 0 columns (presolve time = 2620s)...
Presolve removed 0 rows and 0 columns (presolve time = 2625s)...
Presolve removed 0 rows and 0 columns (presolve time = 2630s)...
Presolve removed 0 rows and 0 columns (presolve time = 2635s)...
Presolve removed 0 rows and 0 columns (presolve time = 2640s)...
Presolve removed 0 rows and 0 columns (presolve time = 2645s)...
Presolve removed 0 rows and 0 columns (presolve time = 2650s)...
Presolve removed 0 rows and 0 columns (presolve time = 2655s)...
Presolve removed 0 rows and 0 columns (presolve time = 2660s)...
Presolve removed 0 rows and 0 columns (presolve time = 2665s)...
Presolve removed 0 rows and 0 columns (presolve time = 2670s)...
Presolve removed 0 rows and 0 columns (presolve time = 2675s)...
Presolve removed 0 rows and 0 columns (presolve time = 2680s)...
Presolve removed 0 rows and 0 columns (presolve time = 2685s)...
Presolve removed 0 rows and 0 columns (presolve time = 2690s)...
Presolve removed 0 rows and 0 columns (presolve time = 2695s)...
Presolve removed 0 rows and 0 columns (presolve time = 2700s)...
Presolve removed 0 rows and 0 columns (presolve time = 2705s)...
Presolve removed 0 rows and 0 columns (presolve time = 2710s)...
Presolve removed 0 rows and 0 columns (presolve time = 2715s)...
Presolve removed 0 rows and 0 columns (presolve time = 2720s)...
Presolve removed 0 rows and 0 columns (presolve time = 2725s)...
Presolve removed 0 rows and 0 columns (presolve time = 2730s)...
Presolve removed 0 rows and 0 columns (presolve time = 2735s)...
Presolve removed 0 rows and 0 columns (presolve time = 2740s)...
Presolve removed 0 rows and 0 columns (presolve time = 2745s)...
Presolve removed 0 rows and 0 columns (presolve time = 2750s)...
Presolve removed 0 rows and 0 columns (presolve time = 2755s)...
Presolve removed 0 rows and 0 columns (presolve time = 2760s)...
Presolve removed 0 rows and 0 columns (presolve time = 2765s)...
Presolve removed 0 rows and 0 columns (presolve time = 2770s)...
Presolve removed 0 rows and 0 columns (presolve time = 2775s)...
Presolve removed 0 rows and 0 columns (presolve time = 2780s)...
Presolve removed 0 rows and 0 columns (presolve time = 2785s)...
Presolve removed 0 rows and 0 columns (presolve time = 2790s)...
Presolve removed 0 rows and 0 columns (presolve time = 2795s)...
Presolve removed 0 rows and 0 columns (presolve time = 2800s)...
Presolve removed 0 rows and 0 columns (presolve time = 2805s)...
Presolve removed 0 rows and 0 columns (presolve time = 2810s)...
Presolve removed 0 rows and 0 columns (presolve time = 2815s)...
Presolve removed 0 rows and 0 columns (presolve time = 2820s)...
Presolve removed 0 rows and 0 columns (presolve time = 2825s)...
Presolve removed 0 rows and 0 columns (presolve time = 2830s)...
Presolve removed 0 rows and 0 columns (presolve time = 2835s)...
Presolve removed 0 rows and 0 columns (presolve time = 2840s)...
Presolve removed 0 rows and 0 columns (presolve time = 2845s)...
Presolve removed 0 rows and 0 columns (presolve time = 2850s)...
Presolve removed 0 rows and 0 columns (presolve time = 2855s)...
Presolve removed 0 rows and 0 columns (presolve time = 2860s)...
Presolve removed 0 rows and 0 columns (presolve time = 2865s)...
Presolve removed 0 rows and 0 columns (presolve time = 2870s)...
Presolve removed 0 rows and 0 columns (presolve time = 2875s)...
Presolve removed 0 rows and 0 columns (presolve time = 2880s)...
Presolve removed 0 rows and 0 columns (presolve time = 2885s)...
Presolve removed 0 rows and 0 columns (presolve time = 2890s)...
Presolve removed 0 rows and 0 columns (presolve time = 2895s)...
Presolve removed 0 rows and 0 columns (presolve time = 2900s)...
Presolve removed 0 rows and 0 columns (presolve time = 2905s)...
Presolve removed 0 rows and 0 columns (presolve time = 2910s)...
Presolve removed 0 rows and 0 columns (presolve time = 2915s)...
Presolve removed 0 rows and 0 columns (presolve time = 2920s)...
Presolve removed 0 rows and 0 columns (presolve time = 2925s)...
Presolve removed 0 rows and 0 columns (presolve time = 2930s)...
Presolve removed 0 rows and 0 columns (presolve time = 2935s)...
Presolve removed 0 rows and 0 columns (presolve time = 2940s)...
Presolve removed 0 rows and 0 columns (presolve time = 2945s)...
Presolve removed 0 rows and 0 columns (presolve time = 2950s)...
Presolve removed 0 rows and 0 columns (presolve time = 2955s)...
Presolve removed 0 rows and 0 columns (presolve time = 2960s)...
Presolve removed 0 rows and 0 columns (presolve time = 2965s)...
Presolve removed 0 rows and 0 columns (presolve time = 2970s)...
Presolve removed 0 rows and 0 columns (presolve time = 2975s)...
Presolve removed 0 rows and 0 columns (presolve time = 2980s)...
Presolve removed 0 rows and 0 columns (presolve time = 2985s)...
Presolve removed 0 rows and 0 columns (presolve time = 2990s)...
Presolve removed 0 rows and 0 columns (presolve time = 2995s)...
Presolve removed 0 rows and 0 columns (presolve time = 3000s)...
Presolve removed 0 rows and 0 columns (presolve time = 3005s)...
Presolve removed 0 rows and 0 columns (presolve time = 3010s)...
Presolve removed 0 rows and 0 columns (presolve time = 3015s)...
Presolve removed 0 rows and 0 columns (presolve time = 3020s)...
Presolve removed 0 rows and 0 columns (presolve time = 3025s)...
Presolve removed 0 rows and 0 columns (presolve time = 3030s)...
Presolve removed 0 rows and 0 columns (presolve time = 3035s)...
Presolve removed 0 rows and 0 columns (presolve time = 3040s)...
Presolve removed 0 rows and 0 columns (presolve time = 3045s)...
Presolve removed 0 rows and 0 columns (presolve time = 3050s)...
Presolve removed 0 rows and 0 columns (presolve time = 3055s)...
Presolve removed 0 rows and 0 columns (presolve time = 3060s)...
Presolve removed 0 rows and 0 columns (presolve time = 3065s)...
Presolve removed 0 rows and 0 columns (presolve time = 3070s)...
Presolve removed 0 rows and 0 columns (presolve time = 3075s)...
Presolve removed 0 rows and 0 columns (presolve time = 3080s)...
Presolve removed 0 rows and 0 columns (presolve time = 3085s)...
Presolve removed 0 rows and 0 columns (presolve time = 3090s)...
Presolve removed 0 rows and 0 columns (presolve time = 3095s)...
Presolve removed 0 rows and 0 columns (presolve time = 3100s)...
Presolve removed 0 rows and 0 columns (presolve time = 3105s)...
Presolve removed 0 rows and 0 columns (presolve time = 3110s)...
Presolve removed 0 rows and 0 columns (presolve time = 3115s)...
Presolve removed 0 rows and 0 columns (presolve time = 3120s)...
Presolve removed 0 rows and 0 columns (presolve time = 3125s)...
Presolve removed 0 rows and 0 columns (presolve time = 3130s)...
Presolve removed 0 rows and 0 columns (presolve time = 3135s)...
Presolve removed 0 rows and 0 columns (presolve time = 3140s)...
Presolve removed 0 rows and 0 columns (presolve time = 3145s)...
Presolve removed 0 rows and 0 columns (presolve time = 3150s)...
Presolve removed 0 rows and 0 columns (presolve time = 3155s)...
Presolve removed 0 rows and 0 columns (presolve time = 3160s)...
Presolve removed 0 rows and 0 columns (presolve time = 3165s)...
Presolve removed 0 rows and 0 columns (presolve time = 3170s)...
Presolve removed 0 rows and 0 columns (presolve time = 3175s)...
Presolve removed 0 rows and 0 columns (presolve time = 3180s)...
Presolve removed 0 rows and 0 columns (presolve time = 3185s)...
Presolve removed 0 rows and 0 columns (presolve time = 3190s)...
Presolve removed 0 rows and 0 columns (presolve time = 3195s)...
Presolve removed 0 rows and 0 columns (presolve time = 3200s)...
Presolve removed 0 rows and 0 columns (presolve time = 3205s)...
Presolve removed 0 rows and 0 columns (presolve time = 3210s)...
Presolve removed 0 rows and 0 columns (presolve time = 3215s)...
Presolve removed 0 rows and 0 columns (presolve time = 3220s)...
Presolve removed 0 rows and 0 columns (presolve time = 3225s)...
Presolve removed 0 rows and 0 columns (presolve time = 3230s)...
Presolve removed 0 rows and 0 columns (presolve time = 3235s)...
Presolve removed 0 rows and 0 columns (presolve time = 3240s)...
Presolve removed 0 rows and 0 columns (presolve time = 3245s)...
Presolve removed 0 rows and 0 columns (presolve time = 3250s)...
Presolve removed 0 rows and 0 columns (presolve time = 3255s)...
Presolve removed 0 rows and 0 columns (presolve time = 3260s)...
Presolve removed 0 rows and 0 columns (presolve time = 3265s)...
Presolve removed 0 rows and 0 columns (presolve time = 3270s)...
Presolve removed 0 rows and 0 columns (presolve time = 3275s)...
Presolve removed 0 rows and 0 columns (presolve time = 3280s)...
Presolve removed 0 rows and 0 columns (presolve time = 3285s)...
Presolve removed 0 rows and 0 columns (presolve time = 3290s)...
Presolve removed 0 rows and 0 columns (presolve time = 3295s)...
Presolve removed 0 rows and 0 columns (presolve time = 3300s)...
Presolve removed 0 rows and 0 columns (presolve time = 3305s)...
Presolve removed 0 rows and 0 columns (presolve time = 3310s)...
Presolve removed 0 rows and 0 columns (presolve time = 3315s)...
Presolve removed 0 rows and 0 columns (presolve time = 3320s)...
Presolve removed 0 rows and 0 columns (presolve time = 3325s)...
Presolve removed 0 rows and 0 columns (presolve time = 3330s)...
Presolve removed 0 rows and 0 columns (presolve time = 3335s)...
Presolve removed 0 rows and 0 columns (presolve time = 3340s)...
Presolve removed 0 rows and 0 columns (presolve time = 3345s)...
Presolve removed 0 rows and 0 columns (presolve time = 3350s)...
Presolve removed 0 rows and 0 columns (presolve time = 3355s)...
Presolve removed 0 rows and 0 columns (presolve time = 3360s)...
Presolve removed 0 rows and 0 columns (presolve time = 3365s)...
Presolve removed 0 rows and 0 columns (presolve time = 3370s)...
Presolve removed 0 rows and 0 columns (presolve time = 3375s)...
Presolve removed 0 rows and 0 columns (presolve time = 3380s)...
Presolve removed 0 rows and 0 columns (presolve time = 3385s)...
Presolve removed 0 rows and 0 columns (presolve time = 3390s)...
Presolve removed 0 rows and 0 columns (presolve time = 3395s)...
Presolve removed 0 rows and 0 columns (presolve time = 3400s)...
Presolve removed 0 rows and 0 columns (presolve time = 3405s)...
Presolve removed 0 rows and 0 columns (presolve time = 3410s)...
Presolve removed 0 rows and 0 columns (presolve time = 3415s)...
Presolve removed 0 rows and 0 columns (presolve time = 3420s)...
Presolve removed 0 rows and 0 columns (presolve time = 3425s)...
Presolve removed 0 rows and 0 columns (presolve time = 3430s)...
Presolve removed 0 rows and 0 columns (presolve time = 3435s)...
Presolve removed 0 rows and 0 columns (presolve time = 3440s)...
Presolve removed 0 rows and 0 columns (presolve time = 3445s)...
Presolve removed 0 rows and 0 columns (presolve time = 3450s)...
Presolve removed 0 rows and 0 columns (presolve time = 3455s)...
Presolve removed 0 rows and 0 columns (presolve time = 3460s)...
Presolve removed 0 rows and 0 columns (presolve time = 3465s)...
Presolve removed 0 rows and 0 columns (presolve time = 3470s)...
Presolve removed 0 rows and 0 columns (presolve time = 3475s)...
Presolve removed 0 rows and 0 columns (presolve time = 3480s)...
Presolve removed 0 rows and 0 columns (presolve time = 3485s)...
Presolve removed 0 rows and 0 columns (presolve time = 3490s)...
Presolve removed 0 rows and 0 columns (presolve time = 3495s)...
Presolve removed 0 rows and 0 columns (presolve time = 3500s)...
Presolve removed 0 rows and 0 columns (presolve time = 3505s)...
Presolve removed 0 rows and 0 columns (presolve time = 3510s)...
Presolve removed 0 rows and 0 columns (presolve time = 3515s)...
Presolve removed 0 rows and 0 columns (presolve time = 3520s)...
Presolve removed 0 rows and 0 columns (presolve time = 3525s)...
Presolve removed 0 rows and 0 columns (presolve time = 3530s)...
Presolve removed 0 rows and 0 columns (presolve time = 3535s)...
Presolve removed 0 rows and 0 columns (presolve time = 3540s)...
Presolve removed 0 rows and 0 columns (presolve time = 3545s)...
Presolve removed 0 rows and 0 columns (presolve time = 3550s)...
Presolve removed 0 rows and 0 columns (presolve time = 3555s)...
Presolve removed 0 rows and 0 columns (presolve time = 3560s)...
Presolve removed 0 rows and 0 columns (presolve time = 3565s)...
Presolve removed 0 rows and 0 columns (presolve time = 3570s)...
Presolve removed 0 rows and 0 columns (presolve time = 3575s)...
Presolve removed 0 rows and 0 columns (presolve time = 3580s)...
Presolve removed 0 rows and 0 columns (presolve time = 3585s)...
Presolve removed 0 rows and 0 columns (presolve time = 3590s)...
Presolve removed 0 rows and 0 columns (presolve time = 3595s)...
Presolve removed 0 rows and 0 columns (presolve time = 3600s)...
Presolve removed 0 rows and 0 columns (presolve time = 3605s)...
Presolve removed 0 rows and 0 columns (presolve time = 3610s)...
Presolve removed 0 rows and 0 columns (presolve time = 3615s)...
Presolve removed 0 rows and 0 columns (presolve time = 3620s)...
Presolve removed 0 rows and 0 columns (presolve time = 3625s)...
Presolve removed 0 rows and 0 columns (presolve time = 3630s)...
Presolve removed 0 rows and 0 columns (presolve time = 3635s)...
Presolve removed 0 rows and 0 columns (presolve time = 3640s)...
Presolve removed 0 rows and 0 columns (presolve time = 3645s)...
Presolve removed 0 rows and 0 columns (presolve time = 3650s)...
Presolve removed 0 rows and 0 columns (presolve time = 3655s)...
Presolve removed 0 rows and 0 columns (presolve time = 3660s)...
Presolve removed 0 rows and 0 columns (presolve time = 3665s)...
Presolve removed 0 rows and 0 columns (presolve time = 3670s)...
Presolve removed 0 rows and 0 columns (presolve time = 3675s)...
Presolve removed 0 rows and 0 columns (presolve time = 3680s)...
Presolve removed 0 rows and 0 columns (presolve time = 3685s)...
Presolve removed 0 rows and 0 columns (presolve time = 3690s)...
Presolve removed 0 rows and 0 columns (presolve time = 3695s)...
Presolve removed 0 rows and 0 columns (presolve time = 3700s)...
Presolve removed 0 rows and 0 columns (presolve time = 3705s)...
Presolve removed 0 rows and 0 columns (presolve time = 3710s)...
Presolve removed 0 rows and 0 columns (presolve time = 3715s)...
Presolve removed 0 rows and 0 columns (presolve time = 3720s)...
Presolve removed 0 rows and 0 columns (presolve time = 3725s)...
Presolve removed 0 rows and 0 columns (presolve time = 3730s)...
Presolve removed 0 rows and 0 columns (presolve time = 3735s)...
Presolve removed 0 rows and 0 columns (presolve time = 3740s)...
Presolve removed 0 rows and 0 columns (presolve time = 3745s)...
Presolve removed 0 rows and 0 columns (presolve time = 3750s)...
Presolve removed 0 rows and 0 columns (presolve time = 3755s)...
Presolve removed 0 rows and 0 columns (presolve time = 3760s)...
Presolve removed 0 rows and 0 columns (presolve time = 3765s)...
Presolve removed 0 rows and 0 columns (presolve time = 3770s)...
Presolve removed 0 rows and 0 columns (presolve time = 3775s)...
Presolve removed 0 rows and 0 columns (presolve time = 3780s)...
Presolve removed 0 rows and 0 columns (presolve time = 3785s)...
Presolve removed 0 rows and 0 columns (presolve time = 3790s)...
Presolve removed 0 rows and 0 columns (presolve time = 3795s)...
Presolve removed 0 rows and 0 columns (presolve time = 3800s)...
Presolve removed 0 rows and 0 columns (presolve time = 3805s)...
Presolve removed 0 rows and 0 columns (presolve time = 3841s)...
Presolve time: 3840.95s
Presolved: 392028 rows, 57440 columns, 227236948 nonzeros
Variable types: 0 continuous, 57440 integer (57440 binary)

Root simplex log...

Iteration    Objective       Primal Inf.    Dual Inf.      Time
       0   -0.0000000e+00   0.000000e+00   6.142500e+02   3971s
      55    9.5486455e+02   0.000000e+00   0.000000e+00   3971s
      55    9.5486455e+02   0.000000e+00   0.000000e+00   3971s

Use crossover to convert LP symmetric solution to basic solution...

Root crossover log...

  373360 variables added to crossover basis                     3989s
  374200 variables added to crossover basis                     3990s
  374740 variables added to crossover basis                     3995s
  375040 variables added to crossover basis                     4000s
  375280 variables added to crossover basis                     4005s
  375490 variables added to crossover basis                     4010s
  375700 variables added to crossover basis                     4016s
  375850 variables added to crossover basis                     4020s
  376000 variables added to crossover basis                     4025s
  376150 variables added to crossover basis                     4030s
  376300 variables added to crossover basis                     4036s
  376420 variables added to crossover basis                     4040s
  376540 variables added to crossover basis                     4045s
  376660 variables added to crossover basis                     4050s
  376780 variables added to crossover basis                     4055s
  376900 variables added to crossover basis                     4061s
  377020 variables added to crossover basis                     4066s
  377110 variables added to crossover basis                     4070s
  377230 variables added to crossover basis                     4076s
  377320 variables added to crossover basis                     4081s
  377410 variables added to crossover basis                     4086s
  377500 variables added to crossover basis                     4090s
  377590 variables added to crossover basis                     4095s
  377680 variables added to crossover basis                     4100s
  377770 variables added to crossover basis                     4106s
  377860 variables added to crossover basis                     4111s
  377950 variables added to crossover basis                     4116s
  378040 variables added to crossover basis                     4122s
  378100 variables added to crossover basis                     4125s
  378190 variables added to crossover basis                     4131s
  378280 variables added to crossover basis                     4137s
  378340 variables added to crossover basis                     4141s
  378430 variables added to crossover basis                     4147s
  378490 variables added to crossover basis                     4151s
  378580 variables added to crossover basis                     4157s
  378640 variables added to crossover basis                     4161s
  378700 variables added to crossover basis                     4165s
  378790 variables added to crossover basis                     4171s
  378850 variables added to crossover basis                     4176s
  378940 variables added to crossover basis                     4182s
  379000 variables added to crossover basis                     4186s
  379060 variables added to crossover basis                     4191s
  379120 variables added to crossover basis                     4195s
  379210 variables added to crossover basis                     4202s
  379270 variables added to crossover basis                     4207s
  379330 variables added to crossover basis                     4211s
  379390 variables added to crossover basis                     4216s
  379450 variables added to crossover basis                     4221s
  379510 variables added to crossover basis                     4225s
  379570 variables added to crossover basis                     4230s
  379660 variables added to crossover basis                     4237s
  379720 variables added to crossover basis                     4242s
  379780 variables added to crossover basis                     4247s
  379840 variables added to crossover basis                     4252s
  379900 variables added to crossover basis                     4257s
  379960 variables added to crossover basis                     4262s
  380020 variables added to crossover basis                     4267s
  380080 variables added to crossover basis                     4272s
  380140 variables added to crossover basis                     4277s
  380170 variables added to crossover basis                     4280s
  380230 variables added to crossover basis                     4285s
  380290 variables added to crossover basis                     4291s
  380350 variables added to crossover basis                     4296s
  380410 variables added to crossover basis                     4301s
  380470 variables added to crossover basis                     4306s
  380530 variables added to crossover basis                     4312s
  380590 variables added to crossover basis                     4317s
  380620 variables added to crossover basis                     4320s
  380680 variables added to crossover basis                     4326s
  380740 variables added to crossover basis                     4331s
  380800 variables added to crossover basis                     4337s
  380860 variables added to crossover basis                     4342s
  380890 variables added to crossover basis                     4345s
  380950 variables added to crossover basis                     4351s
  381010 variables added to crossover basis                     4357s
  381070 variables added to crossover basis                     4362s
  381100 variables added to crossover basis                     4365s
  381160 variables added to crossover basis                     4371s
  381220 variables added to crossover basis                     4377s
  381280 variables added to crossover basis                     4383s
  381310 variables added to crossover basis                     4386s
  381370 variables added to crossover basis                     4391s
  381430 variables added to crossover basis                     4397s
  381460 variables added to crossover basis                     4400s
  381520 variables added to crossover basis                     4406s
  381580 variables added to crossover basis                     4413s
  381610 variables added to crossover basis                     4416s
  381670 variables added to crossover basis                     4422s
  381730 variables added to crossover basis                     4428s
  381760 variables added to crossover basis                     4431s
  381820 variables added to crossover basis                     4437s
  381880 variables added to crossover basis                     4443s
  381910 variables added to crossover basis                     4446s
  381970 variables added to crossover basis                     4452s
  382000 variables added to crossover basis                     4455s
  382060 variables added to crossover basis                     4462s
  382090 variables added to crossover basis                     4465s
  382150 variables added to crossover basis                     4471s
  382210 variables added to crossover basis                     4478s
  382240 variables added to crossover basis                     4481s
  382300 variables added to crossover basis                     4487s
  382330 variables added to crossover basis                     4491s
  382390 variables added to crossover basis                     4497s
  382420 variables added to crossover basis                     4500s
  382480 variables added to crossover basis                     4507s
  382540 variables added to crossover basis                     4513s
  382570 variables added to crossover basis                     4516s
  382630 variables added to crossover basis                     4523s
  382660 variables added to crossover basis                     4526s
  382720 variables added to crossover basis                     4533s
  382750 variables added to crossover basis                     4536s
  382810 variables added to crossover basis                     4543s
  382840 variables added to crossover basis                     4546s
  382900 variables added to crossover basis                     4553s
  382930 variables added to crossover basis                     4556s
  382990 variables added to crossover basis                     4563s
  383020 variables added to crossover basis                     4566s
  383080 variables added to crossover basis                     4573s
  383110 variables added to crossover basis                     4577s
  383170 variables added to crossover basis                     4583s
  383200 variables added to crossover basis                     4587s
  383230 variables added to crossover basis                     4590s
  383290 variables added to crossover basis                     4597s
  383320 variables added to crossover basis                     4600s
  383380 variables added to crossover basis                     4607s
  383410 variables added to crossover basis                     4611s
  383470 variables added to crossover basis                     4618s
  383500 variables added to crossover basis                     4621s
  383560 variables added to crossover basis                     4628s
  383590 variables added to crossover basis                     4632s
  383620 variables added to crossover basis                     4635s
  383680 variables added to crossover basis                     4643s
  383710 variables added to crossover basis                     4646s
  383770 variables added to crossover basis                     4653s
  383800 variables added to crossover basis                     4657s
  383830 variables added to crossover basis                     4660s
  383890 variables added to crossover basis                     4668s
  383920 variables added to crossover basis                     4671s
  383980 variables added to crossover basis                     4678s
  384010 variables added to crossover basis                     4682s
  384040 variables added to crossover basis                     4686s
  384100 variables added to crossover basis                     4693s
  384130 variables added to crossover basis                     4697s
  384160 variables added to crossover basis                     4700s
  384220 variables added to crossover basis                     4708s
  384250 variables added to crossover basis                     4712s
  384280 variables added to crossover basis                     4715s
  384340 variables added to crossover basis                     4723s
  384370 variables added to crossover basis                     4726s
  384400 variables added to crossover basis                     4730s
  384460 variables added to crossover basis                     4738s
  384490 variables added to crossover basis                     4741s
  384520 variables added to crossover basis                     4745s
  384580 variables added to crossover basis                     4753s
  384610 variables added to crossover basis                     4756s
  384640 variables added to crossover basis                     4760s
  384700 variables added to crossover basis                     4768s
  384730 variables added to crossover basis                     4771s
  384760 variables added to crossover basis                     4775s
  384820 variables added to crossover basis                     4783s
  384850 variables added to crossover basis                     4787s
  384880 variables added to crossover basis                     4791s
  384940 variables added to crossover basis                     4798s
  384970 variables added to crossover basis                     4802s
  385000 variables added to crossover basis                     4806s
  385060 variables added to crossover basis                     4814s
  385090 variables added to crossover basis                     4817s
  385120 variables added to crossover basis                     4821s
  385150 variables added to crossover basis                     4825s
  385210 variables added to crossover basis                     4833s
  385240 variables added to crossover basis                     4837s
  385270 variables added to crossover basis                     4841s
  385330 variables added to crossover basis                     4849s
  385360 variables added to crossover basis                     4852s
  385390 variables added to crossover basis                     4856s
  385420 variables added to crossover basis                     4860s
  385480 variables added to crossover basis                     4868s
  385510 variables added to crossover basis                     4872s
  385540 variables added to crossover basis                     4876s
  385600 variables added to crossover basis                     4884s
  385630 variables added to crossover basis                     4888s
  385660 variables added to crossover basis                     4892s
  385690 variables added to crossover basis                     4896s
  385750 variables added to crossover basis                     4904s
  385780 variables added to crossover basis                     4908s
  385810 variables added to crossover basis                     4912s
  385840 variables added to crossover basis                     4916s
  385900 variables added to crossover basis                     4924s
  385930 variables added to crossover basis                     4928s
  385960 variables added to crossover basis                     4932s
  385990 variables added to crossover basis                     4936s
  386050 variables added to crossover basis                     4944s
  386080 variables added to crossover basis                     4948s
  386110 variables added to crossover basis                     4952s
  386140 variables added to crossover basis                     4956s
  386170 variables added to crossover basis                     4960s
  386230 variables added to crossover basis                     4968s
  386260 variables added to crossover basis                     4972s
  386290 variables added to crossover basis                     4976s
  386320 variables added to crossover basis                     4980s
  386380 variables added to crossover basis                     4989s
  386410 variables added to crossover basis                     4993s
  386440 variables added to crossover basis                     4997s
  386470 variables added to crossover basis                     5001s
  386500 variables added to crossover basis                     5005s
  386560 variables added to crossover basis                     5013s
  386590 variables added to crossover basis                     5017s
  386620 variables added to crossover basis                     5022s
  386650 variables added to crossover basis                     5026s
  386710 variables added to crossover basis                     5034s
  386740 variables added to crossover basis                     5038s
  386770 variables added to crossover basis                     5042s
  386800 variables added to crossover basis                     5046s
  386830 variables added to crossover basis                     5050s
  386890 variables added to crossover basis                     5059s
  386920 variables added to crossover basis                     5063s
  386950 variables added to crossover basis                     5067s
  386980 variables added to crossover basis                     5071s
  387010 variables added to crossover basis                     5075s
  387070 variables added to crossover basis                     5083s
  387100 variables added to crossover basis                     5088s
  387130 variables added to crossover basis                     5092s
  387160 variables added to crossover basis                     5096s
  387190 variables added to crossover basis                     5100s
  387250 variables added to crossover basis                     5108s
  387280 variables added to crossover basis                     5113s
  387310 variables added to crossover basis                     5117s
  387340 variables added to crossover basis                     5121s
  387370 variables added to crossover basis                     5125s
  387430 variables added to crossover basis                     5134s
  387460 variables added to crossover basis                     5138s
  387490 variables added to crossover basis                     5142s
  387520 variables added to crossover basis                     5146s
  387550 variables added to crossover basis                     5150s
  387610 variables added to crossover basis                     5159s
  387640 variables added to crossover basis                     5163s
  387670 variables added to crossover basis                     5167s
  387700 variables added to crossover basis                     5171s
  387730 variables added to crossover basis                     5175s
  387790 variables added to crossover basis                     5184s
  387820 variables added to crossover basis                     5188s
  387850 variables added to crossover basis                     5192s
  387880 variables added to crossover basis                     5196s
  387910 variables added to crossover basis                     5200s
  387970 variables added to crossover basis                     5209s
  388000 variables added to crossover basis                     5213s
  388030 variables added to crossover basis                     5217s
  388060 variables added to crossover basis                     5221s
  388090 variables added to crossover basis                     5226s
  388150 variables added to crossover basis                     5234s
  388180 variables added to crossover basis                     5238s
  388210 variables added to crossover basis                     5242s
  388240 variables added to crossover basis                     5246s
  388270 variables added to crossover basis                     5251s
  388330 variables added to crossover basis                     5259s
  388360 variables added to crossover basis                     5263s
  388390 variables added to crossover basis                     5267s
  388420 variables added to crossover basis                     5271s
  388450 variables added to crossover basis                     5276s
  388510 variables added to crossover basis                     5284s
  388540 variables added to crossover basis                     5288s
  388570 variables added to crossover basis                     5293s
  388600 variables added to crossover basis                     5297s
  388630 variables added to crossover basis                     5301s
  388660 variables added to crossover basis                     5306s
  388720 variables added to crossover basis                     5314s
  388750 variables added to crossover basis                     5318s
  388780 variables added to crossover basis                     5323s
  388810 variables added to crossover basis                     5327s
  388840 variables added to crossover basis                     5331s
  388870 variables added to crossover basis                     5335s
  388930 variables added to crossover basis                     5344s
  388960 variables added to crossover basis                     5348s
  388990 variables added to crossover basis                     5352s
  389020 variables added to crossover basis                     5357s
  389050 variables added to crossover basis                     5361s
  389080 variables added to crossover basis                     5365s
  389140 variables added to crossover basis                     5374s
  389170 variables added to crossover basis                     5378s
  389200 variables added to crossover basis                     5382s
  389230 variables added to crossover basis                     5386s
  389260 variables added to crossover basis                     5390s
  389320 variables added to crossover basis                     5399s
  389350 variables added to crossover basis                     5403s
  389380 variables added to crossover basis                     5407s
  389410 variables added to crossover basis                     5411s
  389440 variables added to crossover basis                     5416s
  389500 variables added to crossover basis                     5424s
  389530 variables added to crossover basis                     5428s
  389560 variables added to crossover basis                     5432s
  389590 variables added to crossover basis                     5436s
  389650 variables added to crossover basis                     5444s
  389680 variables added to crossover basis                     5448s
  389710 variables added to crossover basis                     5452s
  389740 variables added to crossover basis                     5456s
  389800 variables added to crossover basis                     5464s
  389830 variables added to crossover basis                     5468s
  389860 variables added to crossover basis                     5472s
  389890 variables added to crossover basis                     5476s
  389920 variables added to crossover basis                     5480s
  389980 variables added to crossover basis                     5489s
  390010 variables added to crossover basis                     5493s
  390040 variables added to crossover basis                     5498s
  390070 variables added to crossover basis                     5502s
  390100 variables added to crossover basis                     5506s
  390130 variables added to crossover basis                     5510s
  390190 variables added to crossover basis                     5519s
  390220 variables added to crossover basis                     5523s
  390250 variables added to crossover basis                     5527s
  390280 variables added to crossover basis                     5531s
  390310 variables added to crossover basis                     5536s
  390370 variables added to crossover basis                     5544s
  390400 variables added to crossover basis                     5548s
  390430 variables added to crossover basis                     5552s
  390460 variables added to crossover basis                     5557s
  390490 variables added to crossover basis                     5561s
  390550 variables added to crossover basis                     5569s
  390580 variables added to crossover basis                     5573s
  390610 variables added to crossover basis                     5577s
  390640 variables added to crossover basis                     5581s
  390670 variables added to crossover basis                     5585s
  390730 variables added to crossover basis                     5594s
  390760 variables added to crossover basis                     5598s
  390790 variables added to crossover basis                     5602s
  390820 variables added to crossover basis                     5606s
  390850 variables added to crossover basis                     5611s
  390910 variables added to crossover basis                     5619s
  390940 variables added to crossover basis                     5623s
  390970 variables added to crossover basis                     5627s
  391000 variables added to crossover basis                     5631s
  391060 variables added to crossover basis                     5639s
  391090 variables added to crossover basis                     5643s
  391120 variables added to crossover basis                     5647s
  391150 variables added to crossover basis                     5651s
  391210 variables added to crossover basis                     5659s
  391240 variables added to crossover basis                     5663s
  391270 variables added to crossover basis                     5667s
  391300 variables added to crossover basis                     5671s
  391330 variables added to crossover basis                     5675s
  391390 variables added to crossover basis                     5683s
  391420 variables added to crossover basis                     5688s
  391450 variables added to crossover basis                     5692s
  391480 variables added to crossover basis                     5696s
  391540 variables added to crossover basis                     5704s
  391570 variables added to crossover basis                     5708s
  391600 variables added to crossover basis                     5712s
  391630 variables added to crossover basis                     5716s
  391690 variables added to crossover basis                     5723s
  391720 variables added to crossover basis                     5727s
  391750 variables added to crossover basis                     5731s
  391810 variables added to crossover basis                     5738s
  391840 variables added to crossover basis                     5742s
  391870 variables added to crossover basis                     5746s
  391930 variables added to crossover basis                     5753s
  391960 variables added to crossover basis                     5757s
  391990 variables added to crossover basis                     5761s

       0 DPushes remaining with DInf 0.0000000e+00              6247s

       0 PPushes remaining with PInf 0.0000000e+00              6248s

  Push phase complete: Pinf 0.0000000e+00, Dinf 1.0577189e-08   6250s


Root simplex log...

Iteration    Objective       Primal Inf.    Dual Inf.      Time
      58    9.5486455e+02   0.000000e+00   0.000000e+00   6513s
Crossover time: 2540.21 seconds (6019.69 work units)

Root relaxation: objective 9.548646e+02, 58 iterations, 2649.19 seconds (6102.87 work units)

    Nodes    |    Current Node    |     Objective Bounds      |     Work
 Expl Unexpl |  Obj  Depth IntInf | Incumbent    BestBd   Gap | It/Node Time

     0     0  954.86455    0 18668 2023.00000  954.86455  52.8%     - 7139s
H    0     0                    1436.0000000  954.86455  33.5%     - 7140s
     0     0  954.86455    0 18668 1436.00000  954.86455  33.5%     - 21600s

Explored 1 nodes (58 simplex iterations) in 21603.11 seconds (30787.80 work units)
Thread count was 32 (of 32 available processors)

Solution count 2: 1436 2023 

Time limit reached
Best objective 1.436000000000e+03, best bound 9.550000000000e+02, gap 33.4958%

User-callback calls 335687, time in user-callback 1.46 sec
