
Gurobi 13.0.2 (linux64) logging started Mon Jul 13 14:49:01 2026

Set parameter LogFile to value "/tmp/sweep_20260709_012313_china_alt550km_s50_i2_v4_gurobi.log"
Set parameter Method to value 1
Set parameter NodefileStart to value 4
Set parameter RINS to value 50
Gurobi Optimizer version 13.0.2 build v13.0.2rc1 (linux64 - "Debian GNU/Linux 13 (trixie)")

CPU model: Intel(R) Xeon(R) Platinum 8375C CPU @ 2.90GHz, instruction set [SSE2|AVX|AVX2|AVX512]
Thread count: 16 physical cores, 32 logical processors, using up to 32 threads

Non-default parameters:
TimeLimit  14400
MIPGap  0.001
Method  1
LPWarmStart  1
Heuristics  0.2
MIPFocus  1
NodefileStart  4
RINS  50
Symmetry  2
Cuts  2
CoverCuts  2
LogToConsole  0

Academic license 2812613 - for non-commercial use only - registered to no___@gatech.edu
Optimize a model with 196014 rows, 21540 columns and 7835534 nonzeros (Min)
Model fingerprint: 0x06d0b178
Model has 21540 linear objective coefficients
Variable types: 0 continuous, 21540 integer (21540 binary)
Coefficient statistics:
  Matrix range     [1e+00, 1e+00]
  Objective range  [1e+00, 1e+00]
  Bounds range     [1e+00, 1e+00]
  RHS range        [2e+01, 2e+01]

Found heuristic solution: objective 18104.000000
Presolve removed 0 rows and 0 columns (presolve time = 6s)...
Presolve removed 718 rows and 0 columns (presolve time = 10s)...
Presolve removed 718 rows and 0 columns (presolve time = 15s)...
Presolve removed 718 rows and 0 columns (presolve time = 20s)...
Presolve removed 718 rows and 0 columns (presolve time = 25s)...
Presolve removed 718 rows and 0 columns (presolve time = 30s)...
Presolve removed 718 rows and 0 columns
Presolve time: 30.09s
Presolved: 195296 rows, 21540 columns, 7810404 nonzeros
Variable types: 0 continuous, 21540 integer (21540 binary)

Root simplex log...

Iteration    Objective       Primal Inf.    Dual Inf.      Time
       0   -0.0000000e+00   0.000000e+00   7.650000e+03     34s
     179    1.7079026e+04   0.000000e+00   0.000000e+00     34s
     179    1.7079026e+04   0.000000e+00   0.000000e+00     34s

Use crossover to convert LP symmetric solution to basic solution...

Root crossover log...

       0 DPushes remaining with DInf 0.0000000e+00                39s

      20 PPushes remaining with PInf 0.0000000e+00                39s
       0 PPushes remaining with PInf 0.0000000e+00                39s

  Push phase complete: Pinf 0.0000000e+00, Dinf 7.0591105e-10     39s


Root simplex log...

Iteration    Objective       Primal Inf.    Dual Inf.      Time
     202    1.7079026e+04   0.000000e+00   0.000000e+00     40s
Crossover time: 5.75 seconds (10.82 work units)

Root relaxation: objective 1.707903e+04, 202 iterations, 8.97 seconds (13.56 work units)

    Nodes    |    Current Node    |     Objective Bounds      |     Work
 Expl Unexpl |  Obj  Depth IntInf | Incumbent    BestBd   Gap | It/Node Time

     0     0 17079.0258    0 6462 18104.0000 17079.0258  5.66%     -   42s
H    0     0                    17950.000000 17079.0258  4.85%     -   42s
H    0     0                    17574.000000 17079.0258  2.82%     -   42s
H    0     0                    17573.000000 17079.0258  2.81%     -   43s
H    0     0                    17516.000000 17079.0258  2.49%     -   44s
H    0     0                    17506.000000 17079.0258  2.44%     -   55s
H    0     0                    17503.000000 17079.0258  2.42%     -   55s
H    0     0                    17497.000000 17079.0258  2.39%     -   60s
H    0     0                    17496.000000 17079.0258  2.38%     -   60s
H    0     0                    17493.000000 17079.0258  2.37%     -   66s
H    0     0                    17491.000000 17079.0258  2.36%     -   66s
H    0     0                    17490.000000 17079.0258  2.35%     -   69s
H    0     0                    17489.000000 17079.0258  2.34%     -   69s
H    0     0                    17475.000000 17079.0258  2.27%     -   70s
H    0     0                    17474.000000 17079.0258  2.26%     -   70s
H    0     0                    17473.000000 17079.0258  2.25%     -   73s
H    0     0                    17469.000000 17079.0258  2.23%     -   74s
H    0     0                    17464.000000 17079.0258  2.20%     -   78s
     0     0 17079.0258    0 6462 17464.0000 17079.0258  2.20%     -  130s
     0     0 17079.0258    0 6462 17464.0000 17079.0258  2.20%     -  133s
H    0     2                    17452.000000 17079.0258  2.14%     -  421s
     0     2 17079.0258    0 6462 17452.0000 17079.0258  2.14%     -  421s
     1     3 17079.0319    1 6454 17452.0000 17079.0319  2.14%  16.0  691s
     2     6 17079.0391    2 6462 17452.0000 17079.0340  2.14%  67.5 1057s
H    5    11                    17444.000000 17079.0398  2.09%   509 1151s
H    9    11                    17443.000000 17079.0457  2.09%   950 1151s
H   10    21                    17440.000000 17079.0457  2.07%   962 1311s
H   10    21                    17438.000000 17079.0457  2.06%   962 1311s
H   18    21                    17437.000000 17079.0526  2.05%  1803 1311s
H   20    32                    17433.000000 17079.0526  2.03%  1716 2285s
H   20    32                    17432.000000 17079.0526  2.02%  1716 2285s
    23    32 17079.0610    5 6430 17432.0000 17079.0610  2.02%  1927 2299s
    26    32 17079.1025    5 6386 17432.0000 17079.0610  2.02%  2099 2311s
H   31    48                    17428.000000 17079.0610  2.00%  1918 3108s
H   31    48                    17426.000000 17079.0610  1.99%  1918 3108s
H   47    74                    17423.000000 17079.0689  1.97%  2590 6177s
H   47    74                    17421.000000 17079.0689  1.96%  2590 6177s
H   48    74                    17409.000000 17079.0689  1.90%  2609 6177s
H   50    74                    17408.000000 17079.0689  1.89%  2575 6178s
H   73    90                    17407.000000 17079.0689  1.88%  2995 8105s
H   73    90                    17378.000000 17079.0689  1.72%  2995 8105s
H   89   106                    17377.000000 17079.0689  1.71%  2979 10910s
H   90   106                    17351.000000 17079.0689  1.57%  3000 10910s
H   91   106                    17345.000000 17079.0689  1.53%  2987 10910s
H  105   160                    17343.000000 17079.0689  1.52%  2956 14400s
H  106   160                    17340.000000 17079.0689  1.50%  2940 14400s
H  107   160                    17339.000000 17079.0689  1.50%  3000 14400s

Cutting planes:
  Relax-and-lift: 3

Explored 159 nodes (454184 simplex iterations) in 14400.89 seconds (28849.73 work units)
Thread count was 32 (of 32 available processors)

Solution count 10: 17339 17340 17343 ... 17409

Time limit reached
Best objective 1.733900000000e+04, best bound 1.708000000000e+04, gap 1.4937%

User-callback calls 4181606, time in user-callback 8.19 sec
