
Gurobi 13.0.2 (linux64) logging started Sun Jul 19 11:18:10 2026

Set parameter LogFile to value "/tmp/sweep_20260716_013919_north-korea_alt550km_s10_i4_v10_gurobi.log"
Set parameter Method to value 1
Set parameter NodefileStart to value 4
Set parameter RINS to value 50
Gurobi Optimizer version 13.0.2 build v13.0.2rc1 (linux64 - "Debian GNU/Linux 13 (trixie)")

CPU model: Intel(R) Xeon(R) Platinum 8375C CPU @ 2.90GHz, instruction set [SSE2|AVX|AVX2|AVX512]
Thread count: 16 physical cores, 32 logical processors, using up to 32 threads

Non-default parameters:
TimeLimit  14400
MIPGap  0.001
Method  1
LPWarmStart  1
Heuristics  0.2
MIPFocus  1
NodefileStart  4
RINS  50
Symmetry  2
Cuts  2
CoverCuts  2
LogToConsole  0

Academic license 2812613 - for non-commercial use only - registered to no___@gatech.edu
Optimize a model with 1436 rows, 7180 columns and 159396 nonzeros (Min)
Model fingerprint: 0x8c9ba7fd
Model has 7180 linear objective coefficients
Variable types: 0 continuous, 7180 integer (7180 binary)
Coefficient statistics:
  Matrix range     [1e+00, 1e+00]
  Objective range  [1e+00, 1e+00]
  Bounds range     [1e+00, 1e+00]
  RHS range        [3e+00, 3e+00]

Found heuristic solution: objective 282.0000000
Presolve removed 0 rows and 718 columns
Presolve time: 0.13s
Presolved: 1436 rows, 6462 columns, 140728 nonzeros
Variable types: 0 continuous, 6462 integer (5744 binary)

Root simplex log...

Iteration    Objective       Primal Inf.    Dual Inf.      Time
    9525    1.7306835e+02   3.431129e+03   0.000000e+00      5s
   13505    1.7446237e+02   4.736515e+02   0.000000e+00     10s
   14357    1.7464865e+02   0.000000e+00   0.000000e+00     12s

Root relaxation: objective 1.746486e+02, 14357 iterations, 11.43 seconds (25.48 work units)

    Nodes    |    Current Node    |     Objective Bounds      |     Work
 Expl Unexpl |  Obj  Depth IntInf | Incumbent    BestBd   Gap | It/Node Time

     0     0  174.64865    0 1436  282.00000  174.64865  38.1%     -   11s
H    0     0                     281.0000000  174.64865  37.8%     -   11s
H    0     0                     247.0000000  174.64865  29.3%     -   12s
H    0     0                     246.0000000  174.64865  29.0%     -   12s
H    0     0                     243.0000000  174.64865  28.1%     -   12s
H    0     0                     242.0000000  174.64865  27.8%     -   12s
H    0     0                     241.0000000  174.64865  27.5%     -   12s
H    0     0                     239.0000000  174.64865  26.9%     -   12s
H    0     0                     238.0000000  174.64865  26.6%     -   12s
H    0     0                     237.0000000  174.64865  26.3%     -   12s
H    0     0                     236.0000000  174.64865  26.0%     -   12s
H    0     0                     235.0000000  174.64865  25.7%     -   13s
H    0     0                     234.0000000  174.64865  25.4%     -   13s
H    0     0                     232.0000000  174.64865  24.7%     -   13s
H    0     0                     231.0000000  174.64865  24.4%     -   13s
H    0     0                     230.0000000  174.64865  24.1%     -   13s
H    0     0                     229.0000000  174.64865  23.7%     -   13s
H    0     0                     228.0000000  174.64865  23.4%     -   13s
H    0     0                     227.0000000  174.64865  23.1%     -   14s
H    0     0                     226.0000000  174.64865  22.7%     -   14s
H    0     0                     225.0000000  174.64865  22.4%     -   21s
H    0     0                     224.0000000  174.64865  22.0%     -   21s
H    0     0                     223.0000000  174.64865  21.7%     -   21s
     0     0  174.64865    0 1436  223.00000  174.64865  21.7%     -   33s
H    0     0                     220.0000000  174.64865  20.6%     -   63s
H    0     0                     219.0000000  174.64865  20.3%     -   65s
H    0     0                     218.0000000  174.64865  19.9%     -   65s
H    0     0                     217.0000000  174.64865  19.5%     -   65s
H    0     0                     216.0000000  174.64865  19.1%     -   66s
H    0     0                     208.0000000  174.64865  16.0%     -   66s
H    0     0                     207.0000000  174.64865  15.6%     -   67s
H    0     0                     206.0000000  174.64865  15.2%     -   68s
     0     2  174.64865    0 1436  206.00000  174.64865  15.2%     -   68s
     1     3  174.98869    1 1384  206.00000  174.65356  15.2%   204   75s
     2     5  175.22226    2 1356  206.00000  174.65356  15.2%   391   82s
     4     9  175.22875    3 1362  206.00000  174.65356  15.2%   229   90s
H    5     9                     205.0000000  174.65356  14.8%   183   90s
     8    17  175.23518    4 1361  205.00000  174.65356  14.8%   250  107s
H   16    33                     204.0000000  174.65356  14.4%   276  126s
H   18    33                     202.0000000  174.65356  13.5%   254  126s
H   22    33                     200.9999997  174.65356  13.1%   233  126s
    32    49  175.25219    6 1360  201.00000  174.65356  13.1%   401  130s
    48    65  175.26021    7 1359  201.00000  174.65356  13.1%   306  152s
    64    81  175.27264    8 1352  201.00000  174.65356  13.1%   257  174s
H   70    81                     200.0000000  174.65356  12.7%   240  174s
    80    97  175.27993    9 1356  200.00000  174.65356  12.7%   227  198s
H   96    97                     199.0000000  174.65356  12.2%   210  235s
    97    98  175.60707   10 1436  199.00000  174.65356  12.2%   208  256s
    99    99  175.70048    9 1436  199.00000  174.65356  12.2%   204  308s
   100   100  175.39876    7 1436  199.00000  174.65356  12.2%   202  317s
   101   101  175.59547    9 1436  199.00000  174.68919  12.2%   200  399s
   103   103  175.78858    7 1436  199.00000  174.68919  12.2%   335  466s
   105   104  175.70048    9 1436  199.00000  174.68919  12.2%   329  519s
   106   105  175.83782    8 1436  199.00000  174.68919  12.2%   326  528s
   107   106  175.28185   10 1436  199.00000  174.68919  12.2%   323  616s
   109   108  175.35430   10 1436  199.00000  174.68919  12.2%   449  687s
   111   109  175.54733    6 1436  199.00000  174.68919  12.2%   441  740s
   112   110  175.58361   10 1436  199.00000  174.68919  12.2%   437  749s
   113   111  175.04760   10 1436  199.00000  174.68919  12.2%   433  845s
H  114   106                     198.0000000  174.68919  11.8%   555  867s
   115   107  175.30670   10 1436  198.00000  174.68919  11.8%   550  918s
   117   108  175.28185   10 1436  198.00000  174.68919  11.8%   541  969s
   118   109  175.81441    9 1436  198.00000  174.68919  11.8%   536  978s
   119   110  175.87191    9 1436  198.00000  174.68919  11.8%   532 1074s
   121   112  175.02574    7 1436  198.00000  174.68919  11.8%   641 1145s
   123   113  175.27278    9 1436  198.00000  174.68919  11.8%   631 1196s
   124   114  175.26043    8 1436  198.00000  174.68919  11.8%   626 1205s
   125   115  175.96523   10 1436  198.00000  174.68919  11.8%   621 1301s
   127   117  175.04760   10 1436  198.00000  174.68919  11.8%   724 1368s
   129   118  175.33983   10 1436  198.00000  174.68919  11.8%   713 1420s
   130   119  175.54733    6 1436  198.00000  174.68919  11.8%   708 1429s
   131   120  175.31571    7 1436  198.00000  174.68919  11.8%   702 1526s
   133   122  174.68919    1 1436  198.00000  174.68919  11.8%   800 1603s
   135   123  175.59177    8 1436  198.00000  174.68919  11.8%   788 1655s
   136   124  175.82440   10 1436  198.00000  174.68919  11.8%   782 1664s
   137   125  175.30271    6 1436  198.00000  174.68919  11.8%   776 1761s
   139   127  175.88257   10 1436  198.00000  174.68919  11.8%   868 1829s
   141   128  175.26043    8 1436  198.00000  174.68919  11.8%   856 1880s
   142   129  175.60708   10 1436  198.00000  174.68919  11.8%   850 1889s
   143   130  175.30670   10 1436  198.00000  174.68919  11.8%   844 1985s
   145   132  175.24505    6 1436  198.00000  174.68919  11.8%   931 2056s
   147   133  175.56494    7 1436  198.00000  174.68919  11.8%   919 2108s
   148   134  175.96524   10 1436  198.00000  174.68919  11.8%   912 2117s
   149   135  175.03851    8 1436  198.00000  174.68919  11.8%   906 2213s
   151   137  175.86239   10 1436  198.00000  174.68919  11.8%   989 2284s
   153   138  175.55021    9 1436  198.00000  174.68919  11.8%   977 2336s
   154   139  175.32782    7 1436  198.00000  174.68919  11.8%   970 2345s
   155   140  175.82466    7 1436  198.00000  174.68919  11.8%   964 2441s
   157   142  175.56494    7 1436  198.00000  174.68919  11.8%  1043 2522s
   159   143  175.33433    9 1436  198.00000  174.68919  11.8%  1030 2574s
   160   144  175.56494    7 1436  198.00000  174.68919  11.8%  1024 2583s
   161   145  175.82451    6 1436  198.00000  174.68919  11.8%  1017 2679s
   163   147  175.38408    6 1436  198.00000  174.68919  11.8%  1093 2756s
   165   148  175.42178   10 1436  198.00000  174.68919  11.8%  1080 2808s
   166   149  175.66252    6 1436  198.00000  174.68919  11.8%  1073 2817s
   167   150  175.42178   10 1436  198.00000  174.68919  11.8%  1067 2914s
   169   152  175.82518   10 1436  198.00000  174.68919  11.8%  1139 2992s
   171   153  175.94504    8 1436  198.00000  174.68919  11.8%  1126 3044s
   172   154  175.59640    9 1436  198.00000  174.68919  11.8%  1119 3053s
   173   155  175.31172   10 1436  198.00000  174.68919  11.8%  1113 3150s
   175   157  175.56219    7 1436  198.00000  174.68919  11.8%  1182 3222s
   177   158  175.29884    9 1436  198.00000  174.68919  11.8%  1169 3273s
   178   159  175.71405   10 1436  198.00000  174.68919  11.8%  1162 3282s
   179   160  175.67041    7 1436  198.00000  174.68919  11.8%  1155 3379s
   181   162  175.82451    6 1436  198.00000  174.68919  11.8%  1222 3467s
   183   163  175.34699    9 1436  198.00000  174.68919  11.8%  1209 3519s
   184   164  175.30670   10 1436  198.00000  174.68919  11.8%  1202 3529s
   185   165  175.38408    6 1436  198.00000  174.68919  11.8%  1196 3625s
   187   167  175.39876    7 1436  198.00000  174.68919  11.8%  1260 3707s
   189   168  175.31172   10 1436  198.00000  174.68919  11.8%  1246 3760s
   190   169  175.35430   10 1436  198.00000  174.68919  11.8%  1240 3769s
   191   170  175.53167    7 1436  198.00000  174.68919  11.8%  1233 3865s
   193   172  175.55238    6 1436  198.00000  174.68919  11.8%  1295 3937s
   195   173  175.96523   10 1436  198.00000  174.68919  11.8%  1282 3988s
   196   174  175.26043    8 1436  198.00000  174.68919  11.8%  1275 3997s
   197   175  175.60707   10 1436  198.00000  174.68919  11.8%  1269 4094s
   199   177  175.70048    9 1436  198.00000  174.68919  11.8%  1328 4168s
   201   178  175.59547    9 1436  198.00000  174.68919  11.8%  1315 4219s
   202   179  175.33983   10 1436  198.00000  174.68919  11.8%  1308 4228s
   203   180  175.78858    7 1436  198.00000  174.68919  11.8%  1302 4325s
   205   182  175.70048    9 1436  198.00000  174.68919  11.8%  1359 4418s
   207   183  175.28185   10 1436  198.00000  174.68919  11.8%  1346 4471s
   208   184  175.31184   10 1436  198.00000  174.68919  11.8%  1340 4480s
   209   185  175.35430   10 1436  198.00000  174.68919  11.8%  1333 4577s
   211   187  175.54733    6 1436  198.00000  174.68919  11.8%  1389 4650s
   213   188  175.04760   10 1436  198.00000  174.68919  11.8%  1375 4703s
   214   189  175.28622    7 1436  198.00000  174.68919  11.8%  1369 4712s
   215   190  175.30670   10 1436  198.00000  174.68919  11.8%  1363 4809s
   217   192  175.28185   10 1436  198.00000  174.68919  11.8%  1416 4890s
   219   193  175.87191    9 1436  198.00000  174.68919  11.8%  1403 4943s
   220   194  175.69242    9 1436  198.00000  174.68919  11.8%  1397 4952s
   221   195  175.02574    7 1436  198.00000  174.68919  11.8%  1391 5048s
   223   197  175.27278    9 1436  198.00000  174.68919  11.8%  1443 5118s
   225   198  175.96523   10 1436  198.00000  174.68919  11.8%  1430 5170s
   226   199  175.96524   10 1436  198.00000  174.68919  11.8%  1423 5179s
   227   200  175.04760   10 1436  198.00000  174.68919  11.8%  1417 5276s
   229   202  175.33983   10 1436  198.00000  174.68919  11.8%  1467 5353s
   231   203  175.31571    7 1436  198.00000  174.68919  11.8%  1455 5405s
   232   204  175.56466   10 1436  198.00000  174.68919  11.8%  1448 5414s
   233   205  174.68919    1 1436  198.00000  174.68919  11.8%  1442 5510s
   235   207  175.59177    8 1436  198.00000  174.68919  11.8%  1491 5583s
   237   208  175.30271    6 1436  198.00000  174.68919  11.8%  1478 5635s
   238   209  175.70048    9 1436  198.00000  174.68919  11.8%  1472 5644s
   239   210  175.88257   10 1436  198.00000  174.68919  11.8%  1466 5741s
   241   212  175.26043    8 1436  198.00000  174.68919  11.8%  1514 5819s
   243   213  175.30670   10 1436  198.00000  174.68919  11.8%  1501 5871s
   244   214  175.38408    6 1436  198.00000  174.68919  11.8%  1495 5880s
   245   215  175.24505    6 1436  198.00000  174.68919  11.8%  1489 5976s
   247   217  175.56494    7 1436  198.00000  174.68919  11.8%  1535 6054s
   249   218  175.03851    8 1436  198.00000  174.68919  11.8%  1523 6106s
   250   219  175.57342    7 1436  198.00000  174.68919  11.8%  1516 6114s
   251   220  175.86239   10 1436  198.00000  174.68919  11.8%  1510 6211s
   253   222  175.55021    9 1436  198.00000  174.68919  11.8%  1555 6289s
   255   223  175.82466    7 1436  198.00000  174.68919  11.8%  1543 6341s
   256   224  175.69242    9 1436  198.00000  174.68919  11.8%  1537 6349s
   257   225  175.56494    7 1436  198.00000  174.68919  11.8%  1531 6446s
   259   227  175.33433    9 1436  198.00000  174.68919  11.8%  1575 6519s
   261   228  175.82451    6 1436  198.00000  174.68919  11.8%  1563 6571s
   262   229  175.58258   10 1436  198.00000  174.68919  11.8%  1557 6580s
   263   230  175.38408    6 1436  198.00000  174.68919  11.8%  1551 6676s
   265   232  175.42178   10 1436  198.00000  174.68919  11.8%  1593 6748s
   267   233  175.42178   10 1436  198.00000  174.68919  11.8%  1581 6800s
   268   234  175.86254   10 1436  198.00000  174.68919  11.8%  1575 6809s
   269   235  175.82518   10 1436  198.00000  174.68919  11.8%  1569 6905s
   271   237  175.94504    8 1436  198.00000  174.68919  11.8%  1611 6972s
   273   238  175.31172   10 1436  198.00000  174.68919  11.8%  1599 7024s
   274   239  175.60707   10 1436  198.00000  174.68919  11.8%  1593 7033s
   275   240  175.56219    7 1436  198.00000  174.68919  11.8%  1587 7130s
   277   242  175.29884    9 1436  198.00000  174.68919  11.8%  1628 7205s
   279   243  175.67041    7 1436  198.00000  174.68919  11.8%  1616 7257s
   280   244  175.71405   10 1436  198.00000  174.68919  11.8%  1610 7266s
   281   245  175.82451    6 1436  198.00000  174.68919  11.8%  1605 7362s
   283   247  175.34699    9 1436  198.00000  174.68919  11.8%  1644 7432s
   285   248  175.38408    6 1436  198.00000  174.68919  11.8%  1632 7484s
   286   249  175.66252    6 1436  198.00000  174.68919  11.8%  1627 7493s
   287   250  175.39876    7 1436  198.00000  174.68919  11.8%  1621 7589s
   289   252  175.31172   10 1436  198.00000  174.68919  11.8%  1660 7656s
   291   253  175.53167    7 1436  198.00000  174.68919  11.8%  1648 7708s
   292   254  175.56508   10 1436  198.00000  174.68919  11.8%  1643 7717s
   293   255  175.55238    6 1436  198.00000  174.68919  11.8%  1637 7813s
   295   257  175.96523   10 1436  198.00000  174.68919  11.8%  1674 7891s
   297   258  175.60707   10 1436  198.00000  174.68919  11.8%  1663 7944s
   298   259  175.94504    8 1436  198.00000  174.68919  11.8%  1658 7953s
   299   260  175.70048    9 1436  198.00000  174.68919  11.8%  1652 8050s
   301   262  175.59547    9 1436  198.00000  174.68919  11.8%  1689 8128s
   303   263  175.78858    7 1436  198.00000  174.68919  11.8%  1678 8180s
   304   264  175.25832    7 1436  198.00000  174.68919  11.8%  1672 8189s
   305   265  175.70048    9 1436  198.00000  174.68919  11.8%  1667 8286s
   307   267  175.28185   10 1436  198.00000  174.68919  11.8%  1703 8364s
   309   268  175.35430   10 1436  198.00000  174.68919  11.8%  1692 8416s
   310   269  175.04760   10 1436  198.00000  174.68919  11.8%  1686 8425s
   311   270  175.54733    6 1436  198.00000  174.68919  11.8%  1681 8522s
   313   272  175.04760   10 1436  198.00000  174.68919  11.8%  1716 8591s
   315   273  175.30670   10 1436  198.00000  174.68919  11.8%  1705 8643s
   316   274  175.35546   10 1436  198.00000  174.68919  11.8%  1700 8652s
   317   275  175.28185   10 1436  198.00000  174.68919  11.8%  1694 8749s
   319   277  175.87191    9 1436  198.00000  174.68919  11.8%  1729 8818s
   321   278  175.02574    7 1436  198.00000  174.68919  11.8%  1718 8869s
   322   279  175.42187   10 1436  198.00000  174.68919  11.8%  1712 8879s
   323   280  175.27278    9 1436  198.00000  174.68919  11.8%  1707 8975s
   325   282  175.96523   10 1436  198.00000  174.68919  11.8%  1741 9053s
   327   283  175.04760   10 1436  198.00000  174.68919  11.8%  1730 9106s
   328   284  175.55549    8 1436  198.00000  174.68919  11.8%  1725 9115s
   329   285  175.33983   10 1436  198.00000  174.68919  11.8%  1720 9212s
   331   287  175.31571    7 1436  198.00000  174.68919  11.8%  1753 9283s
   333   288  174.68919    1 1436  198.00000  174.68919  11.8%  1742 9336s
   334   289  175.03851    8 1436  198.00000  174.68919  11.8%  1737 9345s
   335   290  175.59177    8 1436  198.00000  174.68919  11.8%  1732 9442s
   337   292  175.30271    6 1436  198.00000  174.68919  11.8%  1764 9513s
   339   293  175.88257   10 1436  198.00000  174.68919  11.8%  1754 9565s
   340   294  175.32782    7 1436  198.00000  174.68919  11.8%  1748 9574s
   341   295  175.26043    8 1436  198.00000  174.68919  11.8%  1743 9671s
   343   297  175.30670   10 1436  198.00000  174.68919  11.8%  1775 9750s
   345   298  175.24505    6 1436  198.00000  174.68919  11.8%  1765 9802s
   346   299  175.96524   10 1436  198.00000  174.68919  11.8%  1760 9811s
   347   300  175.56494    7 1436  198.00000  174.68919  11.8%  1755 9907s
   349   302  175.03851    8 1436  198.00000  174.68919  11.8%  1786 9979s
   351   303  175.86239   10 1436  198.00000  174.68919  11.8%  1775 10030s
   352   304  175.33983   10 1436  198.00000  174.68919  11.8%  1770 10039s
   353   305  175.55021    9 1436  198.00000  174.68919  11.8%  1765 10135s
   355   307  175.82466    7 1436  198.00000  174.68919  11.8%  1796 10211s
   357   308  175.56494    7 1436  198.00000  174.68919  11.8%  1786 10262s
   358   309  175.84167    7 1436  198.00000  174.68919  11.8%  1781 10271s
   359   310  175.33433    9 1436  198.00000  174.68919  11.8%  1776 10368s
   361   312  175.82451    6 1436  198.00000  174.68919  11.8%  1806 10451s
   363   313  175.38408    6 1436  198.00000  174.68919  11.8%  1796 10503s
   364   314  175.88257   10 1436  198.00000  174.68919  11.8%  1791 10512s
   365   315  175.42178   10 1436  198.00000  174.68919  11.8%  1786 10609s
   367   317  175.42178   10 1436  198.00000  174.68919  11.8%  1815 10680s
   369   318  175.82518   10 1436  198.00000  174.68919  11.8%  1806 10732s
   370   319  175.58258   10 1436  198.00000  174.68919  11.8%  1801 10741s
   371   320  175.94504    8 1436  198.00000  174.68919  11.8%  1796 10838s
   373   322  175.31172   10 1436  198.00000  174.68919  11.8%  1825 10914s
   375   323  175.56219    7 1436  198.00000  174.68919  11.8%  1815 10966s
   376   324  175.58258   10 1436  198.00000  174.68919  11.8%  1810 10975s
   377   325  175.29884    9 1436  198.00000  174.68919  11.8%  1805 11071s
H  378   309                     197.0000000  174.68919  11.3%  1839 11096s
   379   310  175.67041    7 1436  197.00000  174.68919  11.3%  1834 11156s
   381   311  175.82451    6 1436  197.00000  174.68919  11.3%  1824 11207s
   382   312  175.86239   10 1436  197.00000  174.68919  11.3%  1819 11216s
   383   313  175.34699    9 1436  197.00000  174.68919  11.3%  1815 11322s
   385   315  175.38408    6 1436  197.00000  174.68919  11.3%  1842 11390s
   387   316  175.39876    7 1436  197.00000  174.68919  11.3%  1833 11442s
   388   317  175.71405   10 1436  197.00000  174.68919  11.3%  1828 11451s
   389   318  175.31172   10 1436  197.00000  174.68919  11.3%  1823 11556s
   391   320  175.53167    7 1436  197.00000  174.68919  11.3%  1851 11627s
   393   321  175.55238    6 1436  197.00000  174.68919  11.3%  1841 11679s
   394   322  175.68432    8 1436  197.00000  174.68919  11.3%  1837 11688s
   395   323  175.96523   10 1436  197.00000  174.68919  11.3%  1832 11793s
   397   325  175.60707   10 1436  197.00000  174.68919  11.3%  1859 11882s
   399   326  175.70048    9 1436  197.00000  174.68919  11.3%  1850 11933s
   400   327  175.39876    7 1436  197.00000  174.68919  11.3%  1845 11942s
   401   328  175.59547    9 1436  197.00000  174.68919  11.3%  1841 12048s
   403   330  175.78858    7 1436  197.00000  174.68919  11.3%  1867 12117s
   405   331  175.70048    9 1436  197.00000  174.68919  11.3%  1858 12168s
   406   332  175.83782    8 1436  197.00000  174.68919  11.3%  1853 12177s
   407   333  175.28185   10 1436  197.00000  174.68919  11.3%  1849 12282s
   409   335  175.35430   10 1436  197.00000  174.68919  11.3%  1875 12359s
   411   336  175.54733    6 1436  197.00000  174.68919  11.3%  1866 12412s
   412   337  175.58361   10 1436  197.00000  174.68919  11.3%  1861 12421s
   413   338  175.04760   10 1436  197.00000  174.68919  11.3%  1857 12527s
   415   340  175.30670   10 1436  197.00000  174.68919  11.3%  1882 12599s
   417   341  175.28185   10 1436  197.00000  174.68919  11.3%  1873 12652s
   418   342  175.81441    9 1436  197.00000  174.68919  11.3%  1869 12661s
   419   343  175.87191    9 1436  197.00000  174.68919  11.3%  1864 12766s
   421   345  175.02574    7 1436  197.00000  174.68919  11.3%  1889 12837s
   423   346  175.27278    9 1436  197.00000  174.68919  11.3%  1881 12889s
   424   347  175.26043    8 1436  197.00000  174.68919  11.3%  1876 12898s
   425   348  175.96523   10 1436  197.00000  174.68919  11.3%  1872 13004s
   427   350  175.04760   10 1436  197.00000  174.68919  11.3%  1897 13076s
   429   351  175.33983   10 1436  197.00000  174.68919  11.3%  1888 13128s
   430   352  175.54733    6 1436  197.00000  174.68919  11.3%  1883 13137s
   431   353  175.31571    7 1436  197.00000  174.68919  11.3%  1879 13242s
   433   355  174.68919    1 1436  197.00000  174.68919  11.3%  1903 13310s
   435   356  175.59177    8 1436  197.00000  174.68919  11.3%  1895 13362s
   436   357  175.82440   10 1436  197.00000  174.68919  11.3%  1890 13371s
   437   358  175.30271    6 1436  197.00000  174.68919  11.3%  1886 13476s
   439   360  175.88257   10 1436  197.00000  174.68919  11.3%  1910 13543s
   441   361  175.26043    8 1436  197.00000  174.68919  11.3%  1901 13595s
   442   362  175.60708   10 1436  197.00000  174.68919  11.3%  1897 13604s
   443   363  175.30670   10 1436  197.00000  174.68919  11.3%  1893 13709s
   445   365  175.24505    6 1436  197.00000  174.68919  11.3%  1917 13776s
   447   366  175.56494    7 1436  197.00000  174.68919  11.3%  1908 13828s
   448   367  175.96524   10 1436  197.00000  174.68919  11.3%  1904 13836s
   449   368  175.03851    8 1436  197.00000  174.68919  11.3%  1900 13941s
   451   370  175.86239   10 1436  197.00000  174.68919  11.3%  1923 14008s
   453   371  175.55021    9 1436  197.00000  174.68919  11.3%  1914 14058s
   454   372  175.32782    7 1436  197.00000  174.68919  11.3%  1910 14067s
   455   373  175.82466    7 1436  197.00000  174.68919  11.3%  1906 14172s
   457   375  175.56494    7 1436  197.00000  174.68919  11.3%  1929 14240s
   459   376  175.33433    9 1436  197.00000  174.68919  11.3%  1921 14291s
   460   377  175.56494    7 1436  197.00000  174.68919  11.3%  1917 14300s

Explored 460 nodes (910326 simplex iterations) in 14400.05 seconds (30906.75 work units)
Thread count was 32 (of 32 available processors)

Solution count 10: 197 198 199 ... 207

Time limit reached
Best objective 1.970000000000e+02, best bound 1.750000000000e+02, gap 11.1675%

User-callback calls 2652196, time in user-callback 7.20 sec
