
Gurobi 13.0.2 (linux64) logging started Mon Jul 20 07:22:19 2026

Set parameter LogFile to value "/tmp/sweep_20260716_013919_north-korea_alt550km_s75_i6_v4_gurobi.log"
Set parameter Method to value 1
Set parameter NodefileStart to value 4
Set parameter RINS to value 50
Gurobi Optimizer version 13.0.2 build v13.0.2rc1 (linux64 - "Debian GNU/Linux 13 (trixie)")

CPU model: Intel(R) Xeon(R) Platinum 8375C CPU @ 2.90GHz, instruction set [SSE2|AVX|AVX2|AVX512]
Thread count: 16 physical cores, 32 logical processors, using up to 32 threads

Non-default parameters:
TimeLimit  14400
MIPGap  0.001
Method  1
LPWarmStart  1
Heuristics  0.2
MIPFocus  1
NodefileStart  4
RINS  50
Symmetry  2
Cuts  2
CoverCuts  2
LogToConsole  0

Academic license 2812613 - for non-commercial use only - registered to no___@gatech.edu
Optimize a model with 1436 rows, 21540 columns and 112008 nonzeros (Min)
Model fingerprint: 0x81d6c130
Model has 21540 linear objective coefficients
Variable types: 0 continuous, 21540 integer (21540 binary)
Coefficient statistics:
  Matrix range     [1e+00, 1e+00]
  Objective range  [1e+00, 1e+00]
  Bounds range     [1e+00, 1e+00]
  RHS range        [1e+01, 1e+01]

Found heuristic solution: objective 4678.0000000
Presolve removed 0 rows and 9334 columns
Presolve time: 0.07s
Presolved: 1436 rows, 12206 columns, 66056 nonzeros
Variable types: 0 continuous, 12206 integer (8616 binary)

Root simplex log...

Iteration    Objective       Primal Inf.    Dual Inf.      Time
   18542    2.6563985e+03   8.999117e+03   0.000000e+00      5s
   22916    2.6566000e+03   0.000000e+00   0.000000e+00      6s

Root relaxation: objective 2.656600e+03, 22916 iterations, 6.34 seconds (11.10 work units)

    Nodes    |    Current Node    |     Objective Bounds      |     Work
 Expl Unexpl |  Obj  Depth IntInf | Incumbent    BestBd   Gap | It/Node Time

     0     0 2656.60000    0 1396 4678.00000 2656.60000  43.2%     -    7s
H    0     0                    4197.0000000 2656.60000  36.7%     -    7s
H    0     0                    2872.0000000 2656.60000  7.50%     -    7s
H    0     0                    2747.0000000 2656.60000  3.29%     -    7s
H    0     0                    2746.0000000 2656.60000  3.26%     -    7s
H    0     0                    2726.0000000 2656.60000  2.55%     -    7s
H    0     0                    2724.0000000 2656.60000  2.47%     -    7s
H    0     0                    2723.0000000 2656.60000  2.44%     -    7s
H    0     0                    2720.0000000 2656.60000  2.33%     -    7s
H    0     0                    2717.0000000 2656.60000  2.22%     -    7s
H    0     0                    2713.0000000 2656.60000  2.08%     -    8s
H    0     0                    2712.0000000 2656.60000  2.04%     -    8s
H    0     0                    2710.0000000 2656.60000  1.97%     -    8s
H    0     0                    2709.0000000 2656.60000  1.93%     -    8s
H    0     0                    2708.0000000 2656.60000  1.90%     -    8s
H    0     0                    2707.0000000 2656.60000  1.86%     -    9s
H    0     0                    2706.0000000 2656.60000  1.83%     -    9s
H    0     0                    2705.0000000 2656.60000  1.79%     -    9s
H    0     0                    2704.0000000 2656.60000  1.75%     -    9s
H    0     0                    2703.0000000 2656.60000  1.72%     -   10s
H    0     0                    2702.0000000 2656.60000  1.68%     -   10s
H    0     0                    2701.0000000 2656.60000  1.64%     -   10s
H    0     0                    2700.0000000 2656.60000  1.61%     -   10s
     0     0 2656.60000    0 1431 2700.00000 2656.60000  1.61%     -   18s
H    0     0                    2699.0000000 2656.60000  1.57%     -   38s
H    0     0                    2698.0000000 2656.60000  1.53%     -   38s
H    0     0                    2697.0000000 2656.60000  1.50%     -   38s
H    0     0                    2696.0000000 2656.60000  1.46%     -   38s
H    0     0                    2695.0000000 2656.60000  1.42%     -   38s
H    0     0                    2694.0000000 2656.60000  1.39%     -   39s
H    0     0                    2693.0000000 2656.60000  1.35%     -   39s
H    0     0                    2691.0000000 2656.60000  1.28%     -   39s
H    0     0                    2689.0000000 2656.60000  1.20%     -   39s
H    0     0                    2687.0000000 2656.60000  1.13%     -   39s
H    0     0                    2686.0000000 2656.60000  1.09%     -   39s
H    0     0                    2685.0000000 2656.66338  1.06%     -   44s
     0     0 2656.66338    0 1470 2685.00000 2656.66338  1.06%     -   44s
     0     0 2656.90519    0 1614 2685.00000 2656.90519  1.05%     -   46s
     0     0 2656.99741    0 1655 2685.00000 2656.99741  1.04%     -   46s
     0     0 2657.00265    0 1668 2685.00000 2657.00265  1.04%     -   46s
     0     0 2657.00285    0 1684 2685.00000 2657.00285  1.04%     -   47s
     0     0 2657.44390    0 1829 2685.00000 2657.44390  1.03%     -   53s
     0     0 2657.68899    0 1913 2685.00000 2657.68899  1.02%     -   55s
     0     0 2657.68899    0 1920 2685.00000 2657.68899  1.02%     -   56s
     0     0 2657.68899    0 1938 2685.00000 2657.68899  1.02%     -   56s
     0     0 2657.80812    0 1949 2685.00000 2657.80812  1.01%     -   56s
     0     0 2657.97844    0 2015 2685.00000 2657.97844  1.01%     -   64s
     0     0 2658.21616    0 2095 2685.00000 2658.21616  1.00%     -   68s
     0     0 2658.29791    0 2168 2685.00000 2658.29791  0.99%     -   71s
H    0     0                    2684.0000000 2658.33905  0.96%     -   73s
     0     0 2658.33905    0 2220 2684.00000 2658.33905  0.96%     -   73s
H    0     0                    2683.0000000 2658.42557  0.92%     -   76s
     0     0 2658.42557    0 2254 2683.00000 2658.42557  0.92%     -   76s
     0     0 2658.44683    0 2294 2683.00000 2658.44683  0.92%     -   79s
     0     0 2658.45684    0 2319 2683.00000 2658.45684  0.91%     -   80s
     0     0 2658.46094    0 2360 2683.00000 2658.46094  0.91%     -   81s
     0     0 2658.46178    0 2375 2683.00000 2658.46178  0.91%     -   81s
     0     0 2658.46204    0 2384 2683.00000 2658.46204  0.91%     -   81s
     0     0 2658.52886    0 2342 2683.00000 2658.52886  0.91%     -   96s
     0     0 2658.55223    0 2354 2683.00000 2658.55223  0.91%     -  101s
     0     0 2658.57927    0 2383 2683.00000 2658.57927  0.91%     -  105s
     0     0 2658.59166    0 2413 2683.00000 2658.59166  0.91%     -  106s
     0     0 2658.62398    0 2385 2683.00000 2658.62398  0.91%     -  110s
     0     0 2658.65117    0 2389 2683.00000 2658.65117  0.91%     -  113s
     0     0 2658.67361    0 2395 2683.00000 2658.67361  0.91%     -  116s
     0     0 2658.69775    0 2391 2683.00000 2658.69775  0.91%     -  119s
     0     0 2658.70802    0 2394 2683.00000 2658.70802  0.91%     -  121s
     0     0 2658.71244    0 2420 2683.00000 2658.71244  0.91%     -  122s
     0     0 2658.71345    0 2424 2683.00000 2658.71345  0.91%     -  122s
     0     0 2658.71396    0 2432 2683.00000 2658.71396  0.91%     -  123s
     0     0 2658.71434    0 2442 2683.00000 2658.71434  0.91%     -  123s
     0     0 2658.71445    0 2450 2683.00000 2658.71445  0.91%     -  123s
     0     0 2658.80097    0 2339 2683.00000 2658.80097  0.90%     -  140s
     0     2 2658.80097    0 2339 2683.00000 2658.80097  0.90%     -  248s
     1     3 2658.81219    1 2316 2683.00000 2658.81219  0.90%   576  256s
     2     4 2658.83037    2 2353 2683.00000 2658.81623  0.90%  1074  266s
     5     8 2658.89178    3 2320 2683.00000 2658.83038  0.90%  1393  278s
     8     8 2658.92788    3 2374 2683.00000 2658.84632  0.90%  1725  280s
     9    16 2659.05833    4 2302 2683.00000 2658.84632  0.90%  1994  294s
    17    31 2659.34775    5 2279 2683.00000 2658.93324  0.90%  3252  323s
    32    47 2659.54717    6 2313 2683.00000 2659.04525  0.89%  5519  349s
    48    63 2659.61219    7 2306 2683.00000 2659.04525  0.89%  5345  381s
    65    64 2659.54171    8 2339 2683.00000 2659.04525  0.89%  4413  482s
    67    65 2659.50741    7 1396 2683.00000 2659.04525  0.89%  4281  493s
    68    66 2659.26444    6 1418 2683.00000 2659.04525  0.89%  4218  524s
H   68    62                    2682.0000000 2659.04525  0.86%  4218  529s
    70    63 2659.63118    8 1588 2682.00000 2659.04525  0.86%  4098  531s
    72    65 2659.47766    8 1805 2682.00000 2659.04525  0.86%  3984  536s
    74    66 2659.55091    8 1960 2682.00000 2659.04525  0.86%  3876  541s
    76    67 2659.45164    8 2039 2682.00000 2659.04525  0.86%  3774  546s
    78    69 2659.33082    8 2072 2682.00000 2659.04525  0.86%  3677  551s
    80    70 2659.33082    8 2143 2682.00000 2659.04525  0.86%  3585  555s
    83    72 2659.63114    8 2212 2682.00000 2659.04525  0.86%  3456  560s
    86    74 2659.26444    6 2265 2682.00000 2659.10393  0.85%  3335  566s
    88    75 2659.52276    8 2302 2682.00000 2659.15191  0.85%  3259  570s
    91    77 2659.53192    8 2307 2682.00000 2659.21566  0.85%  3152  576s
    93    79 2659.49376    8 2350 2682.00000 2659.23228  0.85%  3084  580s
    97    81 2659.55722    8 2411 2682.00000 2659.24076  0.85%  2957  596s
    98    82 2659.55091    8 2354 2682.00000 2659.29166  0.85%  2927  620s
H   99    78                    2681.0000000 2659.34390  0.81%  2897  625s
   103    80 2659.37808    6 2422 2681.00000 2659.37808  0.81%  2785  631s
   105    82 2659.42845    7 2426 2681.00000 2659.39800  0.81%  2732  636s
   108    84 2659.41927    6 2448 2681.00000 2659.41927  0.80%  2656  641s
   111    86 2659.43641    8 2466 2681.00000 2659.43641  0.80%  2584  645s
   114    88 2659.44659    6 2495 2681.00000 2659.44659  0.80%  2516  650s
   115    88 2659.61236    8 2503 2681.00000 2659.44740  0.80%  2494  672s
   116    89 2659.68971    8 2429 2681.00000 2659.48324  0.80%  2473  700s
   119    91 2659.51318    6 2461 2681.00000 2659.51318  0.80%  2410  706s
   122    93 2659.53196    8 2485 2681.00000 2659.52971  0.80%  2351  710s
   126    96 2659.54071    8 2506 2681.00000 2659.54071  0.80%  2276  735s
   127    96 2659.56711    7 2457 2681.00000 2659.56711  0.80%  2259  761s
   129    98 2659.58099    6 2489 2681.00000 2659.58099  0.80%  2223  765s
   132   100 2659.58762    6 2523 2681.00000 2659.58762  0.80%  2173  788s
   133   100 2659.60781    7 2464 2681.00000 2659.60781  0.80%  2157  814s
   134   101 2659.61156    8 2464 2681.00000 2659.61156  0.80%  2141 1066s
   136   104 2659.61156    8 2339 2681.00000 2659.61156  0.80%  3158 1097s
   138   105 2659.61156    8 1396 2681.00000 2659.61156  0.80%  3112 1108s
   139   106 2659.61156    8 1415 2681.00000 2659.61156  0.80%  3090 1143s
   140   107 2659.61156    6 1463 2681.00000 2659.61156  0.80%  3068 1149s
   141   107 2659.63114    8 1562 2681.00000 2659.61156  0.80%  3046 1151s
   143   109 2659.61156    8 1730 2681.00000 2659.61156  0.80%  3003 1155s
   145   110 2659.61156    8 1827 2681.00000 2659.61156  0.80%  2962 1160s
   147   111 2659.61156    7 1923 2681.00000 2659.61156  0.80%  2922 1165s
   149   113 2659.61156    8 1974 2681.00000 2659.61156  0.80%  2882 1170s
   151   114 2659.61156    6 2039 2681.00000 2659.61156  0.80%  2844 1175s
   154   116 2659.61156    6 2151 2681.00000 2659.61156  0.80%  2789 1181s
   156   117 2659.61156    8 2203 2681.00000 2659.61156  0.80%  2753 1186s
   158   119 2659.61156    7 2241 2681.00000 2659.61156  0.80%  2718 1192s
   160   120 2659.63118    8 2272 2681.00000 2659.61156  0.80%  2684 1198s
   161   121 2659.61156    6 2302 2681.00000 2659.61156  0.80%  2667 1200s
   163   122 2659.63118    8 2365 2681.00000 2659.61156  0.80%  2635 1205s
   165   123 2659.61156    8 2392 2681.00000 2659.61156  0.80%  2603 1212s
   168   125 2659.61156    6 2474 2681.00000 2659.61156  0.80%  2556 1229s
   169   126 2659.62703    6 2453 2681.00000 2659.62703  0.80%  2541 1253s
   170   127 2659.64096    8 2458 2681.00000 2659.64096  0.80%  2526 1256s
   173   129 2659.65766    8 2511 2681.00000 2659.65766  0.80%  2482 1261s
   176   131 2659.67304    8 2526 2681.00000 2659.67304  0.80%  2440 1266s
   178   132 2659.67564    8 2553 2681.00000 2659.67564  0.80%  2413 1290s
   179   133 2659.68968    8 2527 2681.00000 2659.68968  0.79%  2399 1318s
   180   133 2659.69763    8 2539 2681.00000 2659.69763  0.79%  2386 1321s
   183   135 2659.71214    8 2589 2681.00000 2659.71214  0.79%  2347 1326s
   186   137 2659.71753    6 2623 2681.00000 2659.71753  0.79%  2309 1352s
   187   138 2659.72937    6 2567 2681.00000 2659.72937  0.79%  2297 1381s
   190   140 2659.73964    6 2618 2681.00000 2659.73964  0.79%  2260 1385s
   192   141 2659.74291    8 2638 2681.00000 2659.74291  0.79%  2237 1411s
   193   142 2659.75516    8 2593 2681.00000 2659.75516  0.79%  2225 1438s
   194   143 2659.75595    8 2593 2681.00000 2659.75595  0.79%  2214 1675s
   196   145 2659.75595    8 2339 2681.00000 2659.75595  0.79%  2939 1711s
   198   146 2659.75595    8 1396 2681.00000 2659.75595  0.79%  2910 1723s
   199   147 2659.75595    6 1416 2681.00000 2659.75595  0.79%  2895 1757s
   200   148 2659.75595    7 1453 2681.00000 2659.75595  0.79%  2881 1760s
   203   150 2659.75595    6 1693 2681.00000 2659.75595  0.79%  2838 1766s
   205   151 2659.75595    7 1796 2681.00000 2659.75595  0.79%  2810 1771s
   207   152 2659.75595    7 1882 2681.00000 2659.75595  0.79%  2783 1776s
   209   154 2659.75595    8 1969 2681.00000 2659.75595  0.79%  2757 1781s
   211   155 2659.75595    8 2025 2681.00000 2659.75595  0.79%  2730 1785s
   214   157 2659.75595    6 2101 2681.00000 2659.75595  0.79%  2692 1791s
   216   158 2659.75595    8 2157 2681.00000 2659.75595  0.79%  2667 1796s
   218   160 2659.75595    8 2191 2681.00000 2659.75595  0.79%  2643 1803s
   220   161 2659.75595    7 2245 2681.00000 2659.75595  0.79%  2619 1808s
   221   162 2659.75595    6 2269 2681.00000 2659.75595  0.79%  2607 1810s
   223   163 2659.75595    8 2318 2681.00000 2659.75595  0.79%  2584 1816s
   224   164 2659.75595    7 2340 2681.00000 2659.75595  0.79%  2572 1821s
   225   164 2659.75595    7 2362 2681.00000 2659.75595  0.79%  2561 1827s
   226   165 2659.75595    8 2398 2681.00000 2659.75595  0.79%  2549 1831s
   228   166 2659.75595    6 2458 2681.00000 2659.75595  0.79%  2527 1838s
   229   167 2659.75595    6 2478 2681.00000 2659.75595  0.79%  2516 1841s
   231   168 2659.75595    8 2544 2681.00000 2659.75595  0.79%  2494 1845s
   233   170 2659.75595    7 2582 2681.00000 2659.75595  0.79%  2473 1865s
   234   170 2659.76594    8 2566 2681.00000 2659.76594  0.79%  2462 1892s
   236   172 2659.77498    8 2599 2681.00000 2659.77498  0.79%  2441 1896s
   239   174 2659.78070    8 2633 2681.00000 2659.78070  0.79%  2411 1922s
   240   174 2659.79418    6 2568 2681.00000 2659.79418  0.79%  2401 1951s
   242   176 2659.80194    8 2600 2681.00000 2659.80194  0.79%  2381 1955s
   245   178 2659.80606    8 2633 2681.00000 2659.80606  0.79%  2352 1982s
   246   178 2659.81545    8 2592 2681.00000 2659.81545  0.79%  2342 2012s
   248   180 2659.82334    6 2625 2681.00000 2659.82334  0.79%  2323 2016s
   251   182 2659.82781    6 2637 2681.00000 2659.82781  0.79%  2295 2042s
   252   182 2659.83611    8 2602 2681.00000 2659.83611  0.79%  2286 2068s
H  252   171                    2680.0000000 2659.83936  0.75%  2286 2276s
   253   172 2659.83936    6 2602 2680.00000 2659.83936  0.75%  2277 2303s
   255   175 2659.83936    8 2339 2680.00000 2659.83936  0.75%  2803 2512s
   257   176 2659.83936    8 1396 2680.00000 2659.83936  0.75%  2781 2523s
   258   177 2659.83936    7 1429 2680.00000 2659.83936  0.75%  2770 2554s
   259   178 2659.83936    7 1461 2680.00000 2659.83936  0.75%  2759 2557s
   261   179 2659.83936    6 1636 2680.00000 2659.83936  0.75%  2738 2561s
   263   180 2659.83936    8 1753 2680.00000 2659.83936  0.75%  2717 2566s
   265   182 2659.83936    8 1845 2680.00000 2659.83936  0.75%  2697 2571s
   267   183 2659.83936    7 1929 2680.00000 2659.83936  0.75%  2677 2576s
   269   184 2659.83936    6 1996 2680.00000 2659.83936  0.75%  2657 2582s
   271   186 2659.83936    7 2040 2680.00000 2659.83936  0.75%  2637 2587s
   273   187 2659.83936    8 2091 2680.00000 2659.83936  0.75%  2618 2590s
   276   189 2659.83936    8 2155 2680.00000 2659.83936  0.75%  2589 2596s
   278   190 2659.83936    8 2207 2680.00000 2659.83936  0.75%  2571 2602s
   280   192 2659.83936    8 2244 2680.00000 2659.83936  0.75%  2552 2608s
   281   192 2659.83936    8 2288 2680.00000 2659.83936  0.75%  2543 2611s
   282   193 2659.83936    8 2302 2680.00000 2659.83936  0.75%  2534 2615s
   283   194 2659.83936    8 2327 2680.00000 2659.83936  0.75%  2525 2621s
   284   194 2659.83936    7 2349 2680.00000 2659.83936  0.75%  2516 2625s
   285   195 2659.83936    8 2362 2680.00000 2659.83936  0.75%  2508 2630s
   286   196 2659.83936    6 2373 2680.00000 2659.83936  0.75%  2499 2636s
   288   197 2659.83936    8 2432 2680.00000 2659.83936  0.75%  2481 2643s
   289   198 2659.83936    6 2461 2680.00000 2659.83936  0.75%  2473 2647s
H  289   187                    2679.0000000 2659.83936  0.72%  2473 2649s
   291   188 2659.83936    8 2524 2679.00000 2659.83936  0.72%  2456 2652s
   293   189 2659.83936    8 2578 2679.00000 2659.83936  0.72%  2439 2655s
   294   190 2659.83936    8 2592 2679.00000 2659.83936  0.72%  2431 2671s
   295   191 2659.84539    6 2566 2679.00000 2659.84539  0.71%  2423 2699s
   296   191 2659.85016    8 2587 2679.00000 2659.85016  0.71%  2414 2701s
   299   193 2659.85832    6 2608 2679.00000 2659.85832  0.71%  2390 2705s
   300   194 2659.85880    7 2608 2679.00000 2659.85880  0.71%  2382 2732s
   301   195 2659.86489    8 2564 2679.00000 2659.86489  0.71%  2374 2761s
   304   197 2659.87223    7 2603 2679.00000 2659.87223  0.71%  2351 2791s
   305   197 2659.87785    7 2569 2679.00000 2659.87785  0.71%  2343 2820s
   309   200 2659.88459    8 2618 2679.00000 2659.88459  0.71%  2313 2853s
   310   201 2659.89314    7 2582 2679.00000 2659.89314  0.71%  2305 2883s
   311   201 2659.89513    8 2582 2679.00000 2659.89513  0.71%  2298 3123s
   313   204 2659.89513    8 2339 2679.00000 2659.89513  0.71%  2716 3163s
   315   205 2659.89513    8 1396 2679.00000 2659.89513  0.71%  2699 3175s
   316   206 2659.89513    8 1425 2679.00000 2659.89513  0.71%  2690 3207s
   317   207 2659.89513    8 1454 2679.00000 2659.89513  0.71%  2682 3210s
   319   208 2659.89513    6 1641 2679.00000 2659.89513  0.71%  2665 3215s
   322   210 2659.89513    8 1799 2679.00000 2659.89513  0.71%  2640 3221s
   324   211 2659.89513    7 1886 2679.00000 2659.89513  0.71%  2624 3227s
   326   213 2659.89513    8 1948 2679.00000 2659.89513  0.71%  2608 3232s
   327   213 2659.89513    7 1968 2679.00000 2659.89513  0.71%  2600 3235s
   329   215 2659.89513    6 2012 2679.00000 2659.89513  0.71%  2584 3240s
   332   217 2659.89513    6 2108 2679.00000 2659.89513  0.71%  2561 3245s
   334   218 2659.89513    8 2134 2679.00000 2659.89513  0.71%  2545 3250s
   336   219 2659.89513    8 2182 2679.00000 2659.89513  0.71%  2530 3255s
   338   221 2659.89513    8 2212 2679.00000 2659.89513  0.71%  2515 3263s
   339   221 2659.89513    8 2246 2679.00000 2659.89513  0.71%  2508 3267s
   340   222 2659.89513    6 2235 2679.00000 2659.89513  0.71%  2500 3273s
   341   223 2659.89513    8 2265 2679.00000 2659.89513  0.71%  2493 3277s
   342   223 2659.89513    8 2290 2679.00000 2659.89513  0.71%  2486 3280s
   344   225 2659.89513    7 2336 2679.00000 2659.89513  0.71%  2471 3288s
   345   225 2659.89513    8 2361 2679.00000 2659.89513  0.71%  2464 3293s
   346   226 2659.89513    8 2391 2679.00000 2659.89513  0.71%  2457 3299s
   347   227 2659.89513    7 2422 2679.00000 2659.89513  0.71%  2450 3302s
   348   227 2659.89513    6 2447 2679.00000 2659.89513  0.71%  2443 3307s
   349   228 2659.89513    8 2471 2679.00000 2659.89513  0.71%  2436 3313s
   350   229 2659.89513    8 2505 2679.00000 2659.89513  0.71%  2429 3316s
   353   231 2659.89513    6 2566 2679.00000 2659.89513  0.71%  2408 3338s
   354   231 2659.90049    6 2557 2679.00000 2659.90049  0.71%  2402 3368s
   355   232 2659.90500    8 2570 2679.00000 2659.90500  0.71%  2395 3370s
   358   234 2659.91033    7 2600 2679.00000 2659.91033  0.71%  2375 3401s
   359   235 2659.91762    7 2554 2679.00000 2659.91762  0.71%  2368 3431s
   361   236 2659.92344    6 2580 2679.00000 2659.92344  0.71%  2355 3435s
   363   237 2659.92603    8 2600 2679.00000 2659.92603  0.71%  2342 3463s
   364   238 2659.93300    7 2551 2679.00000 2659.93300  0.71%  2336 3492s
   366   239 2659.93726    8 2586 2679.00000 2659.93726  0.71%  2323 3495s
   367   240 2659.93813    7 2594 2679.00000 2659.93813  0.71%  2317 3521s
   368   241 2659.94264    6 2576 2679.00000 2659.94264  0.71%  2310 3550s
   369   241 2659.94363    6 2576 2679.00000 2659.94363  0.71%  2304 3808s
   371   244 2659.94363    7 2339 2679.00000 2659.94363  0.71%  2673 3851s
   373   245 2659.94363    8 1396 2679.00000 2659.94363  0.71%  2659 3862s
   374   246 2659.94363    8 1419 2679.00000 2659.94363  0.71%  2652 3891s
   375   247 2659.94363    8 1457 2679.00000 2659.94363  0.71%  2645 3895s
   378   249 2659.94363    8 1675 2679.00000 2659.94363  0.71%  2624 3902s
   380   250 2659.94363    8 1791 2679.00000 2659.94363  0.71%  2610 3907s
   382   251 2659.94363    8 1876 2679.00000 2659.94363  0.71%  2596 3912s
   384   253 2659.94363    7 1929 2679.00000 2659.94363  0.71%  2583 3917s
   386   254 2659.94363    6 1977 2679.00000 2659.94363  0.71%  2570 3922s
   387   255 2659.94363    6 1996 2679.00000 2659.94363  0.71%  2563 3925s
   390   257 2659.94363    6 2083 2679.00000 2659.94363  0.71%  2543 3932s
   393   259 2659.94363    8 2137 2679.00000 2659.94363  0.71%  2524 3939s
   394   259 2659.94363    8 2178 2679.00000 2659.94363  0.71%  2517 3941s
   395   260 2659.94363    6 2168 2679.00000 2659.94363  0.71%  2511 3945s
   397   261 2659.94363    8 2230 2679.00000 2659.94363  0.71%  2498 3952s
   398   262 2659.94363    8 2229 2679.00000 2659.94363  0.71%  2492 3959s
   399   263 2659.94363    6 2259 2679.00000 2659.94363  0.71%  2486 3962s
   400   263 2659.94363    7 2282 2679.00000 2659.94363  0.71%  2480 3967s
   401   264 2659.94363    8 2306 2679.00000 2659.94363  0.71%  2473 3971s
   402   265 2659.94363    7 2318 2679.00000 2659.94363  0.71%  2467 3976s
   404   266 2659.94363    7 2370 2679.00000 2659.94363  0.71%  2455 3982s
   405   267 2659.94363    7 2394 2679.00000 2659.94363  0.71%  2449 3985s
   406   267 2659.94363    8 2423 2679.00000 2659.94363  0.71%  2443 3990s
   408   269 2659.94363    6 2463 2679.00000 2659.94363  0.71%  2431 3997s
   409   269 2659.94363    8 2500 2679.00000 2659.94363  0.71%  2425 4000s
   412   271 2659.94363    7 2549 2679.00000 2659.94363  0.71%  2407 4005s
   413   272 2659.94363    8 2561 2679.00000 2659.94363  0.71%  2402 4023s
   414   273 2659.94698    6 2559 2679.00000 2659.94698  0.71%  2396 4050s
   417   275 2659.95346    8 2569 2679.00000 2659.95346  0.71%  2379 4077s
   418   275 2659.96082    8 2544 2679.00000 2659.96082  0.71%  2373 4108s
   419   276 2659.96334    6 2573 2679.00000 2659.96334  0.71%  2367 4110s
   422   278 2659.96763    8 2584 2679.00000 2659.96763  0.71%  2350 4138s
   423   279 2659.97301    8 2551 2679.00000 2659.97301  0.71%  2345 4166s
   426   281 2659.97819    8 2569 2679.00000 2659.97819  0.71%  2328 4195s
   427   281 2659.98482    7 2541 2679.00000 2659.98482  0.71%  2323 4223s
   428   282 2659.98623    6 2541 2679.00000 2659.98623  0.71%  2317 4474s
   429   285 2659.98628   73 2524 2679.00000 2659.98623  0.71%  2634 4478s
   430   284 2659.99311   74 2545 2679.00000 2659.98623  0.71%  2631 4483s
   432   287 2660.04575   75 2490 2679.00000 2659.98630  0.71%  2627 4490s
   435   291 2660.07678   76 2489 2679.00000 2659.99711  0.71%  2619 4500s
   440   300 2660.11583   77 2472 2679.00000 2660.00511  0.71%  2620 4515s
   451   312 2660.19383   78 2502 2679.00000 2660.00820  0.71%  2644 4528s
   467   324 2660.26159   79 2493 2679.00000 2660.01105  0.71%  2650 4550s
   484   402 2660.32436   80 2468 2679.00000 2660.01105  0.71%  2685 4590s
   568   390 2660.42507   81 2471 2679.00000 2660.01105  0.71%  2600 4637s
   584   401 2660.44940   82 2461 2679.00000 2660.01105  0.71%  2610 4684s
   600   412 2660.41340   82 2477 2679.00000 2660.01105  0.71%  2606 4730s
   616   422 2660.46359   83 2461 2679.00000 2660.01105  0.71%  2623 4815s
   632   433 2660.53894   83 2438 2679.00000 2660.01105  0.71%  2615 4912s
   648   444 2660.56746   84 2431 2679.00000 2660.01105  0.71%  2602 4985s
   664   454 2660.58912   84 2436 2679.00000 2660.01105  0.71%  2601 5080s
   680   465 2660.61284   85 2412 2679.00000 2660.01105  0.71%  2619 5167s
   696   476 2660.65190   85 2428 2679.00000 2660.01105  0.71%  2611 5285s
   712   486 2660.66448   86 2430 2679.00000 2660.01105  0.71%  2595 5409s
   728   497 2660.72760   86 2394 2679.00000 2660.01105  0.71%  2589 5529s
   744   508 2660.78241   87 2408 2679.00000 2660.01105  0.71%  2582 5655s
   760   539 2660.80568   87 2377 2679.00000 2660.01105  0.71%  2597 5787s
   797   593 2661.05832   92 2373 2679.00000 2660.01105  0.71%  2588 5928s
   863   716 2661.19584   94 2341 2679.00000 2660.01105  0.71%  2555 6084s
  1008  1044 2661.31829   97 2291 2679.00000 2660.01105  0.71%  2595 6217s
  1384  1201 2662.03408  109 2251 2679.00000 2660.01105  0.71%  2401 6293s
  1630  1403 2662.31584  117 2209 2679.00000 2660.01105  0.71%  2312 6350s
  1832  1552 2662.70492  124 2167 2679.00000 2660.01105  0.71%  2250 6403s
  1981  1696 2662.90142  128 2131 2679.00000 2660.01105  0.71%  2206 6455s
  2125  1857 2663.17352  133 2095 2679.00000 2660.01105  0.71%  2166 6505s
  2286  1990 2663.49463  137 2082 2679.00000 2660.01105  0.71%  2124 6551s
  2419  2104 2663.61363  141 2093 2679.00000 2660.01105  0.71%  2092 6595s
  2533  2120 2663.79925  144 2057 2679.00000 2660.01105  0.71%  2067 6648s
  2549  2136 2663.87008  145 2074 2679.00000 2660.01105  0.71%  2064 6700s
  2565  2216 2663.90391  145 2061 2679.00000 2660.01105  0.71%  2061 6746s
  2645  2232 2664.05330  148 2024 2679.00000 2660.01105  0.71%  2042 6795s
  2661  2248 2664.12341  149 2018 2679.00000 2660.01105  0.71%  2038 6844s
  2677  2302 2664.16483  149 2042 2679.00000 2660.01105  0.71%  2036 6893s
  2731  2319 2664.19503  150 2023 2679.00000 2660.01105  0.71%  2022 6945s
  2748  2335 2664.21065  150 2038 2679.00000 2660.01105  0.71%  2018 7023s
  2764  2351 2664.23997  151 2022 2679.00000 2660.01105  0.71%  2016 7109s
  2780  2367 2664.23087  151 2010 2679.00000 2660.01105  0.71%  2014 7185s
  2796  2383 2664.27800  152 2017 2679.00000 2660.01105  0.71%  2010 7237s
  2812  2399 2664.26120  152 2024 2679.00000 2660.01105  0.71%  2007 7291s
  2828  2415 2664.28776  153 2005 2679.00000 2660.01105  0.71%  2004 7353s
  2844  2431 2664.36856  153 2033 2679.00000 2660.01105  0.71%  2002 7455s
  2860  2447 2664.41711  154 2037 2679.00000 2660.01105  0.71%  1998 7530s
  2876  2467 2664.41059  154 2018 2679.00000 2660.01105  0.71%  1995 7590s
  2896  2492 2664.47598  155 2023 2679.00000 2660.01105  0.71%  1990 7649s
  2921  2515 2664.49258  155 2034 2679.00000 2660.01105  0.71%  1987 7708s
  2944  2550 2664.48927  156 2023 2679.00000 2660.01105  0.71%  1981 7767s
  2979  2754 2664.53637  157 1999 2679.00000 2660.01105  0.71%  1973 7842s
  3183  2770 2664.89569  163 2019 2679.00000 2660.01105  0.71%  1939 7924s
  3199  2786 2664.88710  163 1996 2679.00000 2660.01105  0.71%  1936 8044s
  3215  2802 2664.97748  164 2008 2679.00000 2660.01105  0.71%  1934 8141s
  3231  2819 2664.91803  164 2032 2679.00000 2660.01105  0.71%  1931 8296s
  3248  2836 2665.00554  165 1998 2679.00000 2660.01105  0.71%  1928 8371s
  3265  2944 2665.02629  165 2012 2679.00000 2660.01105  0.71%  1925 8440s
  3373  3186 2665.34053  172 1962 2679.00000 2660.01105  0.71%  1907 8526s
  3615  3222 2665.74798  180 1944 2679.00000 2660.01105  0.71%  1867 8611s
  3651  3267 2665.77740  180 1932 2679.00000 2660.01105  0.71%  1863 8697s
  3696  3328 2665.80392  181 1948 2679.00000 2660.01105  0.71%  1855 8792s
  3757  3541 2665.76422  181 1945 2679.00000 2660.01105  0.71%  1845 8879s
  3970  3754 2665.84293  182 1928 2679.00000 2660.01105  0.71%  1804 8967s
  4183  4008 2666.17840  189 1892 2679.00000 2660.01105  0.71%  1772 9070s
  4437  4037 2666.52649  197 1888 2679.00000 2660.01105  0.71%  1740 9169s
  4466  4193 2666.55609  197 1894 2679.00000 2660.01105  0.71%  1735 9263s
  4622  4335 2666.54337  198 1881 2679.00000 2660.01105  0.71%  1709 9359s
  4764  4411 2666.56295  198 1897 2679.00000 2660.01105  0.71%  1686 9468s
  4840  5043 2666.65652  200 1900 2679.00000 2660.01105  0.71%  1677 9564s
  5472  5236 2667.61430  218 1840 2679.00000 2660.01105  0.71%  1606 9665s
  5665  6122 2667.81394  223 1840 2679.00000 2660.01105  0.71%  1581 9761s
  6551  7006 2669.02610  247 1757 2679.00000 2660.01105  0.71%  1497 9856s
  7465  7364 2670.45625  272 1650 2679.00000 2660.01105  0.71%  1422 9952s
  7861  7763 2671.02096  281 1602 2679.00000 2660.01105  0.71%  1393 10047s
  8260  7801 2671.98174  298 1588 2679.00000 2660.01105  0.71%  1370 10147s
  8298  7929 2672.01425  298 1573 2679.00000 2660.01105  0.71%  1368 10260s
  8468  8071 2672.14471  300 1557 2679.00000 2660.01105  0.71%  1356 10366s
  8648  8112 2672.38796  304 1549 2679.00000 2660.01105  0.71%  1345 10498s
  8719  8413 2672.48192  305 1520 2679.00000 2660.01105  0.71%  1342 10615s
  9080  8590 2672.90011  315 1543 2679.00000 2660.01105  0.71%  1321 10734s
  9257  9133 2673.55273  329 1523 2679.00000 2660.01105  0.71%  1313 10853s
  9800  9243 2675.14161  353 1476 2679.00000 2660.01105  0.71%  1295 10978s
  9938  9456 2676.29592  372 1453 2679.00000 2660.01105  0.71%  1290 11121s
 10191  9589 2677.43408  388 1442 2679.00000 2660.01105  0.71%  1284 11261s
 10354 10000 2677.95579  399 1419 2679.00000 2660.01105  0.71%  1277 11400s
 10789 10036 2661.31411  105 2294 2679.00000 2660.01105  0.71%  1265 11541s
 10825 10374 2661.66016  117 2265 2679.00000 2660.01105  0.71%  1266 11679s
 11163 10812 2661.95556  126 2244 2679.00000 2660.01105  0.71%  1262 11823s
 11601 11519 2663.16197  164 2142 2679.00000 2660.01105  0.71%  1251 11979s
 12359 11919 2663.18758  165 2140 2679.00000 2660.01105  0.71%  1234 12135s
 12842 12452 2663.21119  166 2140 2679.00000 2660.01105  0.71%  1221 12306s
 13545 12508 2663.24391  167 2143 2679.00000 2660.01105  0.71%  1212 12480s
 13601 13238 2663.28528  168 2130 2679.00000 2660.01105  0.71%  1213 12644s
 14331 13681 2664.27936  193 2070 2679.00000 2660.01105  0.71%  1214 12822s
 14774 13860 2665.10827  214 2036 2679.00000 2660.01105  0.71%  1214 12998s
 14953 14237 2665.16382  215 2028 2679.00000 2660.01105  0.71%  1215 13193s
 15330 14739 2665.54417  222 1988 2679.00000 2660.01105  0.71%  1217 13382s
 15876 15558 2668.19656  293 1814 2679.00000 2660.01105  0.71%  1218 13578s
 16695 15884 2671.79020  376 1674 2679.00000 2660.01105  0.71%  1218 13784s
 17021 16221 2672.77167  402 1644 2679.00000 2660.01105  0.71%  1215 14020s
 17410 17450 2676.01520  482 1551 2679.00000 2660.01105  0.71%  1211 14244s
 18751 18820 2660.47153   86 2382 2679.00000 2660.01105  0.71%  1199 14400s

Cutting planes:
  MIR: 550
  Flow cover: 405
  Zero half: 753

Explored 20302 nodes (24044827 simplex iterations) in 14400.05 seconds (41510.23 work units)
Thread count was 32 (of 32 available processors)

Solution count 10: 2679 2680 2681 ... 2689

Time limit reached
Best objective 2.679000000000e+03, best bound 2.661000000000e+03, gap 0.6719%

User-callback calls 2934810, time in user-callback 8.85 sec
