
Gurobi 13.0.2 (linux64) logging started Thu Jul 16 21:52:47 2026

Set parameter LogFile to value "/tmp/sweep_20260716_013919_north-korea_alt260km_s50_i2_v6_gurobi.log"
Set parameter Method to value 1
Set parameter NodefileStart to value 4
Set parameter RINS to value 50
Gurobi Optimizer version 13.0.2 build v13.0.2rc1 (linux64 - "Debian GNU/Linux 13 (trixie)")

CPU model: Intel(R) Xeon(R) Platinum 8375C CPU @ 2.90GHz, instruction set [SSE2|AVX|AVX2|AVX512]
Thread count: 16 physical cores, 32 logical processors, using up to 32 threads

Non-default parameters:
TimeLimit  14400
MIPGap  0.001
Method  1
LPWarmStart  1
Heuristics  0.2
MIPFocus  1
NodefileStart  4
RINS  50
Symmetry  2
Cuts  2
CoverCuts  2
LogToConsole  0

Academic license 2812613 - for non-commercial use only - registered to no___@gatech.edu
Optimize a model with 1436 rows, 17950 columns and 219708 nonzeros (Min)
Model fingerprint: 0xed92b796
Model has 17950 linear objective coefficients
Variable types: 0 continuous, 17950 integer (17950 binary)
Coefficient statistics:
  Matrix range     [1e+00, 1e+00]
  Objective range  [1e+00, 1e+00]
  Bounds range     [1e+00, 1e+00]
  RHS range        [2e+01, 2e+01]

Found heuristic solution: objective 4308.0000000
Presolve removed 0 rows and 1436 columns
Presolve time: 0.18s
Presolved: 1436 rows, 16514 columns, 208220 nonzeros
Variable types: 0 continuous, 16514 integer (15796 binary)

Root simplex log...

Iteration    Objective       Primal Inf.    Dual Inf.      Time
   10186    1.9820021e+03   6.772603e+03   0.000000e+00      5s
   14766    1.9849819e+03   3.752382e+02   0.000000e+00     10s
   17132    1.9850588e+03   0.000000e+00   0.000000e+00     13s

Root relaxation: objective 1.985059e+03, 17132 iterations, 12.53 seconds (26.65 work units)

    Nodes    |    Current Node    |     Objective Bounds      |     Work
 Expl Unexpl |  Obj  Depth IntInf | Incumbent    BestBd   Gap | It/Node Time

     0     0 1985.05882    0 1077 4308.00000 1985.05882  53.9%     -   14s
H    0     0                    2945.0000000 1985.05882  32.6%     -   14s
H    0     0                    2154.0000000 1985.05882  7.84%     -   14s
H    0     0                    2013.0000000 1985.05882  1.39%     -   14s
     0     0 1985.05882    0 1077 2013.00000 1985.05882  1.39%     -   44s
     0     0 1985.05882    0 1077 2013.00000 1985.05882  1.39%     -   46s
     0     2 1985.05882    0 1077 2013.00000 1985.05882  1.39%     -   92s
     1     3 1985.08524    1 1434 2013.00000 1985.05882  1.39%   739   97s
     2     5 1985.11515    2 1432 2013.00000 1985.05882  1.39%   384  104s
     4     9 1985.15741    3 1433 2013.00000 1985.05882  1.39%   200  117s
     8    17 1985.19221    4 1430 2013.00000 1985.05882  1.39%   110  141s
    16    33 1985.20002    5 1429 2013.00000 1985.05882  1.39%  73.1  158s
    32    49 1985.20594    6 1424 2013.00000 1985.05882  1.39%  60.1  180s
    48    65 1985.24404    7 1421 2013.00000 1985.05882  1.39%  60.5  209s
    64    81 1985.28069    8 1419 2013.00000 1985.05882  1.39%  57.7  235s
    80    97 1985.29078    9 1417 2013.00000 1985.05882  1.39%  59.2  265s
    96   120 1985.30848    9 1419 2013.00000 1985.05882  1.39%  60.1  297s
   120   121 1985.34320   11 1077 2013.00000 1985.05882  1.39%  61.3  394s
   122   122 1985.27192    8 1077 2013.00000 1985.05882  1.39%  60.3  483s
   123   123 1985.34320   11 1077 2013.00000 1985.05882  1.39%  59.8  488s
   124   124 1985.28734    9 1077 2013.00000 1985.11765  1.39%  59.3  607s
H  125   118                    2012.0000000 1985.11765  1.34%   225  661s
   126   119 1985.27565    9 1077 2012.00000 1985.11765  1.34%   224  719s
   128   120 1985.26069    9 1077 2012.00000 1985.11765  1.34%   220  807s
   129   121 1985.26164    8 1077 2012.00000 1985.11765  1.34%   218  811s
H  129   114                    2011.0000000 1985.11765  1.29%   218  924s
   130   115 1985.22021    6 1077 2011.00000 1985.11765  1.29%   217  931s
H  131   111                    2010.0000000 1985.11765  1.24%   373  994s
   132   112 1985.27451    9 1077 2010.00000 1985.11765  1.24%   370 1047s
   134   113 1985.25798    9 1077 2010.00000 1985.11765  1.24%   365 1136s
   135   114 1985.29177    9 1077 2010.00000 1985.11765  1.24%   362 1140s
   136   115 1985.26069    9 1077 2010.00000 1985.11765  1.24%   359 1263s
   138   117 1985.24050    6 1077 2010.00000 1985.11765  1.24%   503 1373s
   140   118 1985.27212    8 1077 2010.00000 1985.11765  1.24%   496 1462s
   141   119 1985.42549   10 1077 2010.00000 1985.11765  1.24%   493 1466s
   142   120 1985.22021    6 1077 2010.00000 1985.11765  1.24%   489 1589s
   144   122 1985.27124    7 1077 2010.00000 1985.11765  1.24%   626 1717s
   146   123 1985.21483    7 1077 2010.00000 1985.11765  1.24%   617 1805s
   148   125 1985.23519    6 1077 2010.00000 1985.11765  1.24%   609 1932s
   150   127 1985.21594    7 1077 2010.00000 1985.11765  1.24%   738 2046s
   152   128 1985.27124    7 1077 2010.00000 1985.11765  1.24%   728 2135s
   154   130 1985.29221    8 1077 2010.00000 1985.11765  1.24%   719 2263s
   156   132 1985.30691   10 1077 2010.00000 1985.11765  1.24%   842 2379s
   158   133 1985.26312   10 1077 2010.00000 1985.11765  1.24%   831 2468s
   159   134 1985.35419   10 1077 2010.00000 1985.11765  1.24%   826 2472s
   160   135 1985.40867   11 1077 2010.00000 1985.11765  1.24%   821 2595s
   162   137 1985.24704    8 1077 2010.00000 1985.11765  1.24%   938 2706s
   164   138 1985.19672    7 1077 2010.00000 1985.11765  1.24%   927 2795s
   166   140 1985.23818    7 1077 2010.00000 1985.11765  1.24%   915 2922s
   168   142 1985.23401    9 1077 2010.00000 1985.11765  1.24%  1027 3049s
   170   143 1985.31122   10 1077 2010.00000 1985.11765  1.24%  1015 3138s
   171   144 1985.20923    7 1077 2010.00000 1985.11765  1.24%  1009 3142s
   172   145 1985.26932   10 1077 2010.00000 1985.11765  1.24%  1003 3266s
   174   147 1985.36097    9 1077 2010.00000 1985.11765  1.24%  1110 3385s
   176   148 1985.34355   10 1077 2010.00000 1985.11765  1.24%  1098 3473s
   177   149 1985.37505   11 1077 2010.00000 1985.11765  1.24%  1092 3477s
   178   150 1985.42029   11 1077 2010.00000 1985.11765  1.24%  1085 3600s
   180   152 1985.21483    7 1077 2010.00000 1985.11765  1.24%  1188 3714s
   182   153 1985.34320   11 1077 2010.00000 1985.11765  1.24%  1175 3803s
   183   154 1985.30670   10 1077 2010.00000 1985.11765  1.24%  1168 3807s
   184   155 1985.26932   10 1077 2010.00000 1985.11765  1.24%  1162 3929s
   186   157 1985.21594    7 1077 2010.00000 1985.11765  1.24%  1261 4041s
   188   158 1985.21594    7 1077 2010.00000 1985.11765  1.24%  1247 4129s
   189   159 1985.27565    9 1077 2010.00000 1985.11765  1.24%  1241 4133s
   190   160 1985.16526    6 1077 2010.00000 1985.11765  1.24%  1234 4255s
   192   162 1985.33614   11 1077 2010.00000 1985.11765  1.24%  1329 4363s
   194   163 1985.23818    7 1077 2010.00000 1985.11765  1.24%  1315 4451s
   195   164 1985.24625    7 1077 2010.00000 1985.11765  1.24%  1308 4455s
   196   165 1985.42029   11 1077 2010.00000 1985.11765  1.24%  1301 4577s
   198   167 1985.38045   11 1077 2010.00000 1985.11765  1.24%  1392 4709s
   200   168 1985.30868   10 1077 2010.00000 1985.11765  1.24%  1379 4797s
   201   169 1985.27212    8 1077 2010.00000 1985.11765  1.24%  1372 4801s
   202   170 1985.29221    8 1077 2010.00000 1985.11765  1.24%  1365 4923s
   204   172 1985.21620    6 1077 2010.00000 1985.11765  1.24%  1453 5044s
   206   173 1985.38840   13 1077 2010.00000 1985.11765  1.24%  1438 5133s
   207   174 1985.26379   10 1077 2010.00000 1985.11765  1.24%  1432 5137s
   208   175 1985.24704    8 1077 2010.00000 1985.11765  1.24%  1425 5260s
H  209   167                    2009.0000000 1985.11765  1.19%  1517 5334s
   210   168 1985.34355   10 1077 2009.00000 1985.11765  1.19%  1509 5371s
   212   169 1985.27212    8 1077 2009.00000 1985.11765  1.19%  1495 5459s
   213   170 1985.28222   10 1077 2009.00000 1985.11765  1.19%  1488 5463s
   214   171 1985.35922   12 1077 2009.00000 1985.11765  1.19%  1481 5586s
   216   173 1985.19277    6 1077 2009.00000 1985.11765  1.19%  1563 5701s
   218   174 1985.21375    6 1077 2009.00000 1985.11765  1.19%  1548 5790s
   220   176 1985.34320   11 1077 2009.00000 1985.11765  1.19%  1534 5917s
   222   178 1985.27192    8 1077 2009.00000 1985.11765  1.19%  1613 6036s
   224   179 1985.28734    9 1077 2009.00000 1985.11765  1.19%  1599 6124s
   225   180 1985.25980    9 1077 2009.00000 1985.11765  1.19%  1592 6128s
   226   181 1985.27565    9 1077 2009.00000 1985.11765  1.19%  1585 6251s
   228   183 1985.26069    9 1077 2009.00000 1985.11765  1.19%  1661 6372s
   230   184 1985.22021    6 1077 2009.00000 1985.11765  1.19%  1647 6461s
   231   185 1985.32486    9 1077 2009.00000 1985.11765  1.19%  1640 6465s
   232   186 1985.27451    9 1077 2009.00000 1985.11765  1.19%  1633 6588s
   234   188 1985.25798    9 1077 2009.00000 1985.11765  1.19%  1707 6699s
   236   189 1985.26069    9 1077 2009.00000 1985.11765  1.19%  1692 6788s
   237   190 1985.21483    7 1077 2009.00000 1985.11765  1.19%  1685 6792s
   238   191 1985.24050    6 1077 2009.00000 1985.11765  1.19%  1678 6915s
   240   193 1985.27212    8 1077 2009.00000 1985.11765  1.19%  1750 7037s
   242   194 1985.22021    6 1077 2009.00000 1985.11765  1.19%  1736 7126s
   243   195 1985.25920    8 1077 2009.00000 1985.11765  1.19%  1728 7130s
   244   196 1985.27124    7 1077 2009.00000 1985.11765  1.19%  1721 7253s
   246   198 1985.21483    7 1077 2009.00000 1985.11765  1.19%  1791 7368s
   248   199 1985.23519    6 1077 2009.00000 1985.11765  1.19%  1777 7456s
   249   200 1985.31428   10 1077 2009.00000 1985.11765  1.19%  1770 7460s
   250   201 1985.21594    7 1077 2009.00000 1985.11765  1.19%  1762 7583s
   252   203 1985.27124    7 1077 2009.00000 1985.11765  1.19%  1830 7709s
   254   204 1985.29221    8 1077 2009.00000 1985.11765  1.19%  1816 7799s
   255   205 1985.25920    8 1077 2009.00000 1985.11765  1.19%  1809 7803s
   256   206 1985.30691   10 1077 2009.00000 1985.11765  1.19%  1802 7926s
   258   208 1985.26312   10 1077 2009.00000 1985.11765  1.19%  1868 8041s
   260   209 1985.40867   11 1077 2009.00000 1985.11765  1.19%  1853 8130s
   262   211 1985.24704    8 1077 2009.00000 1985.11765  1.19%  1839 8258s
   264   213 1985.19672    7 1077 2009.00000 1985.11765  1.19%  1903 8368s
   266   214 1985.23818    7 1077 2009.00000 1985.11765  1.19%  1889 8456s
   267   215 1985.31122   10 1077 2009.00000 1985.11765  1.19%  1882 8460s
   268   216 1985.23401    9 1077 2009.00000 1985.11765  1.19%  1875 8583s
   270   218 1985.31122   10 1077 2009.00000 1985.11765  1.19%  1937 8695s
   272   219 1985.26932   10 1077 2009.00000 1985.11765  1.19%  1923 8784s
   273   220 1985.21620    6 1077 2009.00000 1985.11765  1.19%  1916 8788s
   274   221 1985.36097    9 1077 2009.00000 1985.11765  1.19%  1909 8910s
   276   223 1985.34355   10 1077 2009.00000 1985.11765  1.19%  1970 9030s
   278   224 1985.42029   11 1077 2009.00000 1985.11765  1.19%  1956 9118s
   279   225 1985.29319   10 1077 2009.00000 1985.11765  1.19%  1949 9122s
   280   226 1985.21483    7 1077 2009.00000 1985.11765  1.19%  1942 9245s
   282   228 1985.34320   11 1077 2009.00000 1985.11765  1.19%  2001 9353s
   284   229 1985.26932   10 1077 2009.00000 1985.11765  1.19%  1987 9442s
   285   230 1985.30889   10 1077 2009.00000 1985.11765  1.19%  1980 9446s
   286   231 1985.21594    7 1077 2009.00000 1985.11765  1.19%  1973 9570s
   288   233 1985.21594    7 1077 2009.00000 1985.11765  1.19%  2031 9700s
   290   234 1985.16526    6 1077 2009.00000 1985.11765  1.19%  2017 9790s
   292   236 1985.33614   11 1077 2009.00000 1985.11765  1.19%  2003 9917s
   294   238 1985.23818    7 1077 2009.00000 1985.11765  1.19%  2059 9930s
   296   239 1985.42029   11 1077 2009.00000 1985.11765  1.19%  2046 10018s
   297   240 1985.31510   10 1077 2009.00000 1985.11765  1.19%  2039 10022s
   298   241 1985.38045   11 1077 2009.00000 1985.11765  1.19%  2032 10145s
   300   243 1985.30868   10 1077 2009.00000 1985.11765  1.19%  2087 10267s
   302   244 1985.29221    8 1077 2009.00000 1985.11765  1.19%  2073 10357s
   303   245 1985.31401   12 1077 2009.00000 1985.11765  1.19%  2066 10361s
   304   246 1985.21620    6 1077 2009.00000 1985.11765  1.19%  2060 10486s
   306   248 1985.38840   13 1077 2009.00000 1985.11765  1.19%  2113 10614s
   308   249 1985.24704    8 1077 2009.00000 1985.11765  1.19%  2100 10703s
   309   250 1985.24533    8 1077 2009.00000 1985.11765  1.19%  2093 10707s
   310   251 1985.34355   10 1077 2009.00000 1985.11765  1.19%  2086 10830s
   312   253 1985.27212    8 1077 2009.00000 1985.11765  1.19%  2139 10958s
   314   254 1985.35922   12 1077 2009.00000 1985.11765  1.19%  2125 11046s
   315   255 1985.21262    7 1077 2009.00000 1985.11765  1.19%  2118 11050s
   316   256 1985.19277    6 1077 2009.00000 1985.11765  1.19%  2112 11173s
   318   258 1985.21375    6 1077 2009.00000 1985.11765  1.19%  2163 11283s
   320   259 1985.34320   11 1077 2009.00000 1985.11765  1.19%  2150 11371s
   321   260 1985.35386   10 1077 2009.00000 1985.11765  1.19%  2143 11375s
   322   261 1985.27192    8 1077 2009.00000 1985.11765  1.19%  2136 11497s
   324   263 1985.28734    9 1077 2009.00000 1985.11765  1.19%  2187 11624s
   326   264 1985.27565    9 1077 2009.00000 1985.11765  1.19%  2173 11713s
   327   265 1985.31510   10 1077 2009.00000 1985.11765  1.19%  2167 11717s
   328   266 1985.26069    9 1077 2009.00000 1985.11765  1.19%  2160 11839s
   330   268 1985.22021    6 1077 2009.00000 1985.11765  1.19%  2210 11970s
   332   269 1985.27451    9 1077 2009.00000 1985.11765  1.19%  2196 12058s
   333   270 1985.20894    6 1077 2009.00000 1985.11765  1.19%  2190 12062s
   334   271 1985.25798    9 1077 2009.00000 1985.11765  1.19%  2183 12184s
   336   273 1985.26069    9 1077 2009.00000 1985.11765  1.19%  2231 12311s
   338   274 1985.24050    6 1077 2009.00000 1985.11765  1.19%  2218 12399s
   339   275 1985.37094   11 1077 2009.00000 1985.11765  1.19%  2212 12403s
   340   276 1985.27212    8 1077 2009.00000 1985.11765  1.19%  2205 12526s
   342   278 1985.22021    6 1077 2009.00000 1985.11765  1.19%  2253 12649s
   344   279 1985.27124    7 1077 2009.00000 1985.11765  1.19%  2239 12738s
   345   280 1985.23592    7 1077 2009.00000 1985.11765  1.19%  2233 12742s
   346   281 1985.21483    7 1077 2009.00000 1985.11765  1.19%  2226 12865s
   348   283 1985.23519    6 1077 2009.00000 1985.11765  1.19%  2273 12973s
   350   284 1985.21594    7 1077 2009.00000 1985.11765  1.19%  2260 13062s
   351   285 1985.29607    9 1077 2009.00000 1985.11765  1.19%  2254 13066s
   352   286 1985.27124    7 1077 2009.00000 1985.11765  1.19%  2247 13189s
   354   288 1985.29221    8 1077 2009.00000 1985.11765  1.19%  2293 13312s
   356   289 1985.30691   10 1077 2009.00000 1985.11765  1.19%  2280 13400s
   358   291 1985.26312   10 1077 2009.00000 1985.11765  1.19%  2267 13527s
   360   293 1985.40867   11 1077 2009.00000 1985.11765  1.19%  2312 13646s
   362   294 1985.24704    8 1077 2009.00000 1985.11765  1.19%  2299 13735s
   364   296 1985.19672    7 1077 2009.00000 1985.11765  1.19%  2286 13862s
   366   298 1985.23818    7 1077 2009.00000 1985.11765  1.19%  2330 13990s
   368   299 1985.23401    9 1077 2009.00000 1985.11765  1.19%  2317 14078s
   369   300 1985.33517   11 1077 2009.00000 1985.11765  1.19%  2311 14082s
   370   301 1985.31122   10 1077 2009.00000 1985.11765  1.19%  2305 14205s
   372   303 1985.26932   10 1077 2009.00000 1985.11765  1.19%  2348 14314s

Explored 373 nodes (913241 simplex iterations) in 14400.01 seconds (30339.88 work units)
Thread count was 32 (of 32 available processors)

Solution count 8: 2009 2010 2011 ... 4308

Time limit reached
Best objective 2.009000000000e+03, best bound 1.986000000000e+03, gap 1.1448%

User-callback calls 2774896, time in user-callback 7.13 sec
