
Gurobi 13.0.2 (linux64) logging started Thu Jul 16 05:48:11 2026

Set parameter LogFile to value "/tmp/sweep_20260716_013919_north-korea_alt260km_s10_i1_v6_gurobi.log"
Set parameter Method to value 1
Set parameter NodefileStart to value 4
Set parameter RINS to value 50
Gurobi Optimizer version 13.0.2 build v13.0.2rc1 (linux64 - "Debian GNU/Linux 13 (trixie)")

CPU model: Intel(R) Xeon(R) Platinum 8375C CPU @ 2.90GHz, instruction set [SSE2|AVX|AVX2|AVX512]
Thread count: 16 physical cores, 32 logical processors, using up to 32 threads

Non-default parameters:
TimeLimit  14400
MIPGap  0.001
Method  1
LPWarmStart  1
Heuristics  0.2
MIPFocus  1
NodefileStart  4
RINS  50
Symmetry  2
Cuts  2
CoverCuts  2
LogToConsole  0

Academic license 2812613 - for non-commercial use only - registered to no___@gatech.edu
Optimize a model with 1436 rows, 7180 columns and 107700 nonzeros (Min)
Model fingerprint: 0x403c7244
Model has 7180 linear objective coefficients
Variable types: 0 continuous, 7180 integer (7180 binary)
Coefficient statistics:
  Matrix range     [1e+00, 1e+00]
  Objective range  [1e+00, 1e+00]
  Bounds range     [1e+00, 1e+00]
  RHS range        [1e+01, 1e+01]

Found heuristic solution: objective 1084.0000000
Presolve removed 0 rows and 718 columns
Presolve time: 0.08s
Presolved: 1436 rows, 6462 columns, 96930 nonzeros
Variable types: 0 continuous, 6462 integer (5744 binary)

Root simplex log...

Iteration    Objective       Primal Inf.    Dual Inf.      Time
   11730    7.6923903e+02   2.513489e+02   0.000000e+00      5s
   12221    7.6928571e+02   0.000000e+00   0.000000e+00      5s

Root relaxation: objective 7.692857e+02, 12221 iterations, 5.32 seconds (9.18 work units)

    Nodes    |    Current Node    |     Objective Bounds      |     Work
 Expl Unexpl |  Obj  Depth IntInf | Incumbent    BestBd   Gap | It/Node Time

     0     0  769.28571    0 1077 1084.00000  769.28571  29.0%     -    6s
H    0     0                    1077.0000000  769.28571  28.6%     -    6s
H    0     0                     795.0000000  769.28571  3.23%     -    6s
     0     0  769.32026    0 1436  795.00000  769.32026  3.23%     -    9s
H    0     0                     794.0000000  769.32026  3.11%     -   13s
     0     0  769.32026    0 1436  794.00000  769.32026  3.11%     -   14s
     0     0  769.32026    0 1436  794.00000  769.32026  3.11%     -   14s
H    0     0                     793.0000000  769.32026  2.99%     -   33s
     0     2  769.32026    0 1436  793.00000  769.32026  2.99%     -   36s
     1     3  769.32026    1 1434  793.00000  769.32026  2.99%  36.0   41s
     5     8  769.45030    3 1413  793.00000  769.33606  2.98%   103   48s
     9    16  769.53933    4 1411  793.00000  769.38831  2.98%   117   52s
    17    32  769.62316    5 1389  793.00000  769.39437  2.98%   130   57s
    32    32  769.59676    5 1406  793.00000  769.40354  2.98%   156   61s
    49    64  769.76864    7 1375  793.00000  769.40354  2.98%   162   65s
    81    96  769.82889    8 1373  793.00000  769.40354  2.98%   176   71s
    97   112  769.89152    9 1363  793.00000  769.40354  2.98%   186   75s
H  138   145                     792.0000000  769.40354  2.85%   218   77s
   162   177  770.04552   11 1358  792.00000  769.40354  2.85%   228   81s
   194   209  770.18051   13 1344  792.00000  769.40354  2.85%   241   87s
   210   225  770.23253   14 1347  792.00000  769.40354  2.85%   248   90s
   258   273  770.32749   15 1329  792.00000  769.40354  2.85%   261   96s
   290   305  770.39853   16 1333  792.00000  769.40354  2.85%   274  104s
   306   321  770.46171   17 1324  792.00000  769.40354  2.85%   274  106s
   346   377  770.47943   18 1328  792.00000  769.40354  2.85%   285  114s
   378   395  770.60361   19 1322  792.00000  769.40354  2.85%   295  116s
   396   412  770.69303   20 1310  792.00000  769.40354  2.85%   298  121s
   429   444  770.77595   21 1313  792.00000  769.40354  2.85%   302  126s
   445   460  770.81562   22 1304  792.00000  769.40354  2.85%   305  132s
   461   505  770.84542   22 1298  792.00000  769.40354  2.85%   308  136s
   506   554  770.91492   23 1299  792.00000  769.40354  2.85%   310  141s
   555   570  770.97721   24 1288  792.00000  769.40354  2.85%   325  146s
   571   586  771.04434   25 1286  792.00000  769.40354  2.85%   326  152s
   587   602  771.03795   25 1285  792.00000  769.40354  2.85%   328  156s
   603   618  771.05487   26 1288  792.00000  769.40354  2.85%   329  161s
   619   634  771.09703   26 1293  792.00000  769.40354  2.85%   329  166s
H  624   634                     791.0000000  769.40354  2.73%   329  166s
H  636   662                     790.0000000  769.40354  2.61%   329  169s
H  643   662                     789.0000000  769.40354  2.48%   332  169s
H  645   662                     788.0000000  769.40354  2.36%   333  169s
   663   678  771.12644   27 1292  788.00000  769.40354  2.36%   337  172s
   679   694  771.20521   28 1285  788.00000  769.40354  2.36%   338  176s
H  680   694                     787.0000000  769.40354  2.24%   337  176s
   695   710  771.25951   29 1295  787.00000  769.40354  2.24%   340  180s
H  711   726                     786.0000000  769.40354  2.11%   341  184s
   727   829  771.34233   30 1291  786.00000  769.40354  2.11%   344  188s
   830   845  771.68227   36 1282  786.00000  769.40354  2.11%   354  194s
   846   861  771.70200   37 1290  786.00000  769.40354  2.11%   355  198s
H  860   861                     785.0000000  769.40354  1.99%   355  198s
   862   907  771.75292   37 1277  785.00000  769.40354  1.99%   355  202s
H  866   907                     784.0000000  769.40354  1.86%   355  202s
   908   923  771.77351   38 1272  784.00000  769.40354  1.86%   357  206s
   924   939  771.81644   39 1266  784.00000  769.40354  1.86%   358  212s
   940   955  771.87980   40 1265  784.00000  769.40354  1.86%   360  217s
   956   971  771.86250   40 1264  784.00000  769.40354  1.86%   361  223s
   972   987  771.95307   41 1257  784.00000  769.40354  1.86%   363  232s
   988  1003  772.00496   42 1261  784.00000  769.40354  1.86%   364  238s
  1004  1019  772.02245   42 1257  784.00000  769.40354  1.86%   365  245s
  1020  1035  772.09624   43 1241  784.00000  769.40354  1.86%   369  251s
  1036  1051  772.08194   43 1260  784.00000  769.40354  1.86%   370  259s
  1052  1067  772.14075   44 1248  784.00000  769.40354  1.86%   373  265s
  1068  1083  772.10430   44 1251  784.00000  769.40354  1.86%   374  272s
  1084  1099  772.14441   45 1250  784.00000  769.40354  1.86%   374  278s
  1100  1115  772.13185   45 1248  784.00000  769.40354  1.86%   375  285s
  1116  1131  772.16587   46 1253  784.00000  769.40354  1.86%   376  292s
  1132  1147  772.22094   46 1243  784.00000  769.40354  1.86%   377  300s
  1148  1163  772.25614   47 1241  784.00000  769.40354  1.86%   379  307s
  1164  1179  772.29934   48 1244  784.00000  769.40354  1.86%   381  314s
  1180  1195  772.34948   49 1240  784.00000  769.40354  1.86%   381  321s
  1196  1215  772.33545   49 1236  784.00000  769.40354  1.86%   383  330s
  1216  1231  772.39085   50 1237  784.00000  769.40354  1.86%   385  352s
  1232  1247  772.39201   50 1242  784.00000  769.40354  1.86%   387  370s
  1248  1263  772.41549   51 1240  784.00000  769.40354  1.86%   388  392s
  1264  1279  772.42654   51 1249  784.00000  769.40354  1.86%   390  411s
  1280  1295  772.46865   52 1235  784.00000  769.40354  1.86%   391  440s
  1296  1311  772.48325   52 1238  784.00000  769.40354  1.86%   392  466s
  1312  1327  772.53097   53 1240  784.00000  769.40354  1.86%   393  476s
  1328  1350  772.50598   53 1233  784.00000  769.40354  1.86%   394  490s
  1351  1382  772.56533   54 1233  784.00000  769.40354  1.86%   394  505s
  1383  1415  772.55759   54 1223  784.00000  769.40354  1.86%   397  522s
  1416  1431  772.61706   55 1229  784.00000  769.40354  1.86%   398  539s
  1432  1447  772.61325   55 1227  784.00000  769.40354  1.86%   400  553s
  1448  1465  772.67566   56 1228  784.00000  769.40354  1.86%   401  565s
  1466  1481  772.67150   56 1219  784.00000  769.40354  1.86%   402  579s
  1482  1515  772.71867   57 1223  784.00000  769.40354  1.86%   403  594s
  1516  1556  772.74185   57 1222  784.00000  769.40354  1.86%   404  609s
  1557  1664  772.81395   58 1208  784.00000  769.40354  1.86%   406  622s
  1665  1680  772.83160   59 1214  784.00000  769.40354  1.86%   408  633s
  1681  1838  772.87288   59 1208  784.00000  769.40354  1.86%   410  645s
  1839  1883  772.94496   60 1213  784.00000  769.40354  1.86%   418  660s
  1884  1899  773.31534   66 1181  784.00000  769.40354  1.86%   420  674s
  1900  1915  773.38252   67 1173  784.00000  769.40354  1.86%   421  690s
  1916  1931  773.47779   68 1194  784.00000  769.40354  1.86%   423  703s
  1932  1947  773.39621   68 1189  784.00000  769.40354  1.86%   424  716s
  1948  1967  773.47789   69 1176  784.00000  769.40354  1.86%   423  731s
  1968  1983  773.55908   70 1174  784.00000  769.40354  1.86%   425  753s
  1984  1999  773.60071   71 1180  784.00000  769.40354  1.86%   426  771s
  2000  2015  773.59166   71 1173  784.00000  769.40354  1.86%   426  786s
  2016  2031  773.61031   72 1186  784.00000  769.40354  1.86%   426  803s
  2032  2047  773.67956   72 1166  784.00000  769.40354  1.86%   427  817s
  2048  2063  773.64937   73 1185  784.00000  769.40354  1.86%   428  834s
  2064  2082  773.66309   73 1184  784.00000  769.40354  1.86%   428  857s
  2083  2099  773.69977   74 1180  784.00000  769.40354  1.86%   429  880s
  2100  2115  773.75763   75 1174  784.00000  769.40354  1.86%   430  897s
  2116  2131  773.72134   75 1175  784.00000  769.40354  1.86%   430  914s
  2132  2150  773.76649   76 1176  784.00000  769.40354  1.86%   431  934s
  2151  2166  773.79311   76 1182  784.00000  769.40354  1.86%   431  954s
  2167  2184  773.83552   77 1177  784.00000  769.40354  1.86%   431  974s
  2185  2200  773.88018   77 1182  784.00000  769.40354  1.86%   432  992s
  2201  2216  773.89841   78 1173  784.00000  769.40354  1.86%   431 1012s
  2217  2233  773.90554   78 1171  784.00000  769.40354  1.86%   432 1034s
  2234  2330  773.97857   79 1176  784.00000  769.40354  1.86%   433 1052s
  2331  2536  773.94839   79 1174  784.00000  769.40354  1.86%   437 1074s
  2537  2565  774.67302   91 1146  784.00000  769.40354  1.86%   449 1095s
  2566  2695  774.74163   92 1136  784.00000  769.40354  1.86%   450 1114s
  2696  2711  774.81868   93 1143  784.00000  769.40354  1.86%   452 1135s
  2712  2949  774.76438   93 1141  784.00000  769.40354  1.86%   452 1154s
  2950  2965  774.79330   94 1140  784.00000  769.40354  1.86%   453 1175s
  2966  2981  774.83084   94 1160  784.00000  769.40354  1.86%   453 1199s
  2982  3008  774.83604   95 1154  784.00000  769.40354  1.86%   453 1222s
  3009  3024  774.81001   95 1145  784.00000  769.40354  1.86%   452 1250s
  3025  3088  774.86055   96 1151  784.00000  769.40354  1.86%   453 1273s
  3089  3258  774.83276   96 1151  784.00000  769.40354  1.86%   452 1295s
  3259  3354  775.18843  103 1151  784.00000  769.40354  1.86%   453 1323s
  3355  3892  775.20207  103 1145  784.00000  769.40354  1.86%   453 1345s
  3913  4356  776.46007  130 1098  784.00000  769.40354  1.86%   450 1371s
  4377  4371  777.37874  149 1083  784.00000  769.40354  1.86%   448 1393s
  4394  4386  777.38956  149 1080  784.00000  769.40354  1.86%   448 1421s
  4410  4400  777.40126  150 1086  784.00000  769.40354  1.86%   448 1447s
  4428  4416  777.38752  150 1082  784.00000  769.40354  1.86%   448 1481s
  4444  4436  777.40768  151 1096  784.00000  769.40354  1.86%   448 1511s
H 4457  4396                     783.0000000  769.40354  1.74%   448 1511s
  4468  4409  777.43321  151 1083  783.00000  769.40354  1.74%   448 1546s
  4487  4425  777.51262  152 1088  783.00000  769.41473  1.74%   448 1582s
  4503  4715  777.52276  152 1077  783.00000  769.41473  1.74%   448 1612s
  4793  4822  777.57352  153 1080  783.00000  769.41473  1.74%   449 1638s
  4900  4838  777.96828  158 1070  783.00000  769.41473  1.74%   448 1670s
  4916  4942  777.96440  159 1066  783.00000  769.41473  1.74%   448 1695s
  5020  5108  778.21692  164 1069  783.00000  769.41473  1.74%   449 1728s
  5186  5144  778.29461  165 1068  783.00000  769.41473  1.74%   448 1760s
  5222  5484  778.25558  165 1073  783.00000  769.41473  1.74%   448 1788s
  5562  5824  779.19267  186 1036  783.00000  769.41473  1.74%   448 1818s
  5907  5840  779.19559  187 1039  783.00000  769.41473  1.74%   448 1850s
  5923  5943  779.23806  188 1045  783.00000  769.41473  1.74%   448 1881s
  6026  6007  779.23083  188 1034  783.00000  769.41473  1.74%   448 1915s
  6090  6207  779.32525  189 1025  783.00000  769.41473  1.74%   447 1951s
  6298  6247  779.65206  195 1034  783.00000  769.41473  1.74%   446 1988s
  6338  6324  779.70721  197 1013  783.00000  769.41473  1.74%   447 2023s
  6415  6860  779.74276  198 1022  783.00000  769.41473  1.74%   446 2057s
  6975  7220  780.60919  220 1000  783.00000  769.41473  1.74%   442 2098s
  7341  7339  781.19668  237  997  783.00000  769.41473  1.74%   440 2136s
  7460  7708  781.41466  243  979  783.00000  769.41473  1.74%   439 2177s
  7854  7942  770.14364   17 1355  783.00000  769.41473  1.74%   438 2221s
  8098  7966  770.27696   18 1350  783.00000  769.41473  1.74%   437 2265s
  8122  8360  770.42666   21 1344  783.00000  769.41473  1.74%   436 2307s
  8560  8772  770.46811   22 1349  783.00000  769.43665  1.73%   431 2354s
  8983  8773  771.37055   44 1436  783.00000  769.43665  1.73%   427 2443s
  8985  8774  770.95076   29 1077  783.00000  769.43665  1.73%   427 2452s
  8986  8775  774.98211  104 1436  783.00000  769.43665  1.73%   427 2462s
  8987  8776  780.76630  234 1436  783.00000  769.43665  1.73%   427 2471s
  8988  8776  769.60219    7 1436  783.00000  769.43665  1.73%   427 2494s
  8989  8779  769.43665   11 1434  783.00000  769.43665  1.73%   429 2499s
  8993  8783  769.44491   13 1411  783.00000  769.43665  1.73%   429 2500s
  9087  8857  769.74812   18 1384  783.00000  769.46481  1.73%   427 2507s
  9119  8879  769.81633   19 1376  783.00000  769.46481  1.73%   426 2512s
  9135  8889  769.88122   20 1363  783.00000  769.46481  1.73%   426 2515s
  9167  8911  769.95924   21 1360  783.00000  769.46481  1.73%   425 2520s
  9199  8932  770.01787   22 1360  783.00000  769.46481  1.73%   425 2526s
  9231  8953  770.05128   23 1360  783.00000  769.46481  1.73%   425 2532s
  9247  8964  770.09271   23 1344  783.00000  769.46481  1.73%   424 2537s
  9263  8975  770.15285   24 1344  783.00000  769.46481  1.73%   424 2542s
  9279  8985  770.16588   24 1329  783.00000  769.46481  1.73%   424 2545s
  9311  9007  770.23410   25 1340  783.00000  769.46481  1.73%   424 2552s
  9327  9017  770.29848   26 1323  783.00000  769.46481  1.73%   424 2555s
  9359  9039  770.31501   27 1300  783.00000  769.46481  1.73%   424 2564s
  9375  9049  770.31340   27 1323  783.00000  769.46481  1.73%   424 2567s
  9391  9060  770.37642   28 1314  783.00000  769.46481  1.73%   424 2570s
  9423  9089  770.45508   29 1303  783.00000  769.46481  1.73%   424 2579s
  9447  9118  770.45955   29 1297  783.00000  769.46481  1.73%   424 2585s
  9500  9133  770.55920   30 1303  783.00000  769.46481  1.73%   424 2594s
  9516  9148  770.55554   31 1298  783.00000  769.46481  1.73%   424 2600s
  9537  9163  770.53662   31 1290  783.00000  769.46481  1.73%   424 2605s
  9559  9178  770.58204   32 1289  783.00000  769.46481  1.73%   424 2610s
  9581  9193  770.60212   32 1299  783.00000  769.46481  1.73%   424 2619s
  9603  9207  770.64813   33 1288  783.00000  769.46481  1.73%   424 2626s
  9625  9224  770.70604   33 1304  783.00000  769.46481  1.73%   424 2631s
  9649  9235  770.72474   34 1290  783.00000  769.46481  1.73%   424 2635s
  9668  9247  770.75254   34 1285  783.00000  769.46481  1.73%   424 2642s
  9686  9278  770.76338   35 1287  783.00000  769.46481  1.73%   424 2650s
  9723  9308  770.81469   35 1290  783.00000  769.46481  1.73%   424 2656s
  9766  9337  770.84594   36 1284  783.00000  769.46481  1.73%   424 2665s
  9809  9367  770.78193   36 1294  783.00000  769.46481  1.73%   424 2670s
  9853  9396  770.94906   37 1287  783.00000  769.46481  1.73%   424 2680s
  9897  9406  770.88393   37 1280  783.00000  769.46481  1.73%   425 2689s
  9922  9414  771.04037   38 1286  783.00000  769.46481  1.73%   425 2696s
  9938  9425  770.98975   38 1295  783.00000  769.46481  1.73%   425 2704s
  9954  9435  771.09282   39 1273  783.00000  769.46481  1.73%   425 2712s
  9970  9446  771.05752   39 1285  783.00000  769.46481  1.73%   425 2719s
  9986  9462  771.16714   40 1286  783.00000  769.46481  1.73%   425 2724s
 10007  9506  771.15773   40 1288  783.00000  769.46481  1.73%   425 2729s
 10058  9582  771.60780   47 1262  783.00000  769.46481  1.73%   425 2736s
 10151  9689  772.02054   54 1246  783.00000  769.46481  1.73%   426 2741s
 10289  9709  772.41290   61 1221  783.00000  769.46481  1.73%   428 2752s
 10355  9774  772.73137   67 1211  783.00000  769.46481  1.73%   428 2757s
 10442  9849  772.69503   68 1211  783.00000  769.46481  1.73%   428 2768s
 10546  9830  772.69968   68 1216  783.00000  769.46481  1.73%   430 2776s
 10562  9841  772.74296   69 1212  783.00000  769.46481  1.73%   430 2783s
 10578  9851  772.76506   69 1225  783.00000  769.46481  1.73%   430 2793s
 10594  9874  772.76998   70 1218  783.00000  769.46481  1.73%   430 2804s
 10622  9881  772.79988   70 1209  783.00000  769.46481  1.73%   430 2814s
 10638  9891  772.85216   71 1201  783.00000  769.46481  1.73%   430 2822s
 10654  9902  772.86574   71 1218  783.00000  769.46481  1.73%   430 2832s
 10670  9951  772.92686   72 1199  783.00000  769.46481  1.73%   430 2841s
 10724 10010  772.97265   73 1209  783.00000  769.46481  1.73%   430 2850s
 10801 10000  773.66560   84 1188  783.00000  769.46481  1.73%   431 2861s
 10817 10041  773.67110   84 1196  783.00000  769.46481  1.73%   431 2872s
 10863 10145  773.72334   85 1186  783.00000  769.46481  1.73%   432 2881s
 10983 10274  774.14772   93 1178  783.00000  769.46481  1.73%   432 2890s
 11152 10250  774.50777  102 1164  783.00000  769.46481  1.73%   434 2900s
 11184 10291  774.54527  102 1172  783.00000  769.46481  1.73%   434 2909s
 11236 10358  774.54946  103 1170  783.00000  769.46481  1.73%   434 2921s
 11320 10389  774.59049  103 1172  783.00000  769.46481  1.73%   435 2933s
 11379 10392  774.61510  104 1155  783.00000  769.46481  1.73%   435 2946s
 11402 10437  774.62937  104 1167  783.00000  769.46481  1.73%   436 2962s
 11454 10435  774.67335  105 1167  783.00000  769.46481  1.73%   436 2976s
 11470 10464  774.64118  105 1161  783.00000  769.46481  1.73%   437 2993s
 11504 10678  774.68830  106 1165  783.00000  769.46481  1.73%   437 3004s
 11729 10640  774.96456  115 1137  783.00000  769.46481  1.73%   438 3016s
 11766 10809  775.01027  115 1134  783.00000  769.46481  1.73%   438 3029s
 11948 10775  775.35771  123 1119  783.00000  769.46481  1.73%   438 3047s
 11974 10805  775.38019  123 1115  783.00000  769.46481  1.73%   438 3061s
 12013 10998  775.39204  124 1113  783.00000  769.46481  1.73%   438 3073s
 12244 10997  775.56037  130 1132  783.00000  769.46481  1.73%   437 3087s
 12320 11085  775.68642  133 1123  783.00000  769.46481  1.73%   438 3101s
 12433 11097  775.77955  134 1112  783.00000  769.46481  1.73%   438 3115s
 12483 11140  775.71497  134 1130  783.00000  769.46481  1.73%   438 3130s
 12543 11178  775.83008  135 1114  783.00000  769.46481  1.73%   438 3146s
 12601 11175  775.80242  135 1109  783.00000  769.46481  1.73%   438 3165s
 12617 11291  775.84612  136 1109  783.00000  769.46481  1.73%   438 3187s
 12738 11365  775.85955  136 1105  783.00000  769.46481  1.73%   438 3204s
 12853 11717  776.09096  141 1103  783.00000  769.46481  1.73%   438 3220s
 13243 11631  777.21759  165 1074  783.00000  769.46481  1.73%   439 3238s
 13287 11684  777.21584  166 1080  783.00000  769.46481  1.73%   439 3257s
 13355 11836  777.22142  166 1070  783.00000  769.46481  1.73%   439 3275s
 13557 11784  777.71023  175 1057  783.00000  769.46481  1.73%   439 3295s
 13573 11999  777.69615  175 1064  783.00000  769.46481  1.73%   439 3313s
 13793 12005  778.55122  189 1042  783.00000  769.46481  1.73%   440 3332s
 13872 11994  778.51439  190 1031  783.00000  769.46481  1.73%   440 3352s
 13888 12105  778.52086  190 1041  783.00000  769.46481  1.73%   440 3371s
 14004 12457  778.55922  191 1046  783.00000  769.46481  1.73%   440 3392s
 14395 12383  779.55145  214 1034  783.00000  769.46481  1.73%   442 3417s
 14451 12380  779.58137  215 1029  783.00000  769.46481  1.73%   442 3443s
 14467 12721  779.63201  215 1023  783.00000  769.46481  1.73%   442 3473s
 14813 12655  780.33866  232 1029  783.00000  769.46481  1.73%   443 3497s
H14815 12172                     782.0000000  769.46481  1.60%   443 3497s
 14862 12768  780.39702  233 1014  782.00000  769.46481  1.60%   443 3520s
 15486 12576  780.98533  247 1011  782.00000  769.46481  1.60%   443 3544s
 15502 13114  780.98533  248 1011  782.00000  769.49808  1.60%   443 3566s
 16147 12913  770.69039   41 1304  782.00000  769.49808  1.60%   443 3593s
 16165 13267  770.73591   42 1306  782.00000  769.49808  1.60%   443 3617s
 16649 13130  770.80260   43 1294  782.00000  769.49808  1.60%   442 3643s
 16673 13227  770.86449   45 1287  782.00000  769.49808  1.60%   442 3668s
 16816 13488  770.90564   46 1283  782.00000  769.49808  1.60%   442 3697s
 17148 13435  770.93433   47 1280  782.00000  769.49808  1.60%   441 3723s
 17232 13504  771.14758   50 1289  782.00000  769.49808  1.60%   440 3752s
 17367 13474  771.20071   51 1288  782.00000  769.49808  1.60%   440 3782s
 17384 13700  771.21578   52 1288  782.00000  769.49808  1.60%   440 3810s
 17642 13686  771.26246   53 1293  782.00000  769.49808  1.60%   439 3840s
 17714 13838  771.71870   62 1263  782.00000  769.49808  1.60%   439 3870s
 17998 13785  771.76589   63 1262  782.00000  769.49808  1.60%   438 3901s
 18040 13839  771.88336   66 1267  782.00000  769.49808  1.60%   437 3937s
 18108 14177  771.92965   67 1262  782.00000  769.49808  1.60%   437 3972s
 18499 14068  774.26041  110 1149  782.00000  769.49808  1.60%   435 4009s
 18520 14498  774.30914  111 1146  782.00000  769.49808  1.60%   435 4042s
 18989 14358  775.57947  142 1085  782.00000  769.49808  1.60%   434 4081s
 19005 14847  775.65081  143 1073  782.00000  769.49808  1.60%   433 4116s
 19500 14722  776.91204  174 1023  782.00000  769.49808  1.60%   432 4152s
 19540 14913  776.97979  175 1033  782.00000  769.49808  1.60%   432 4189s
 19756 15256  777.45208  186 1006  782.00000  769.49808  1.60%   431 4227s
 20259 15516  778.95850  231  969  782.00000  769.51553  1.60%   429 4265s
 20729 15499  770.00110   26 1364  782.00000  769.51553  1.60%   428 4327s
 20908 17183  770.12514   27 1363  782.00000  769.51846  1.60%   427 4479s
 22951 17147  772.26141   65 1251  782.00000  769.51951  1.60%   419 4528s
 23596 16999  773.68437   90 1207  782.00000  769.51951  1.60%   418 4577s
 23665 17369  773.72089   91 1209  782.00000  769.51951  1.60%   418 4629s
 24104 17316  774.29068  104 1191  782.00000  769.51951  1.60%   417 4687s
 24219 17570  774.22777  104 1186  782.00000  769.51951  1.60%   416 4746s
 24550 17618  774.72982  113 1164  782.00000  769.53712  1.59%   416 4813s
 24724 18007  775.29713  124 1138  782.00000  769.53785  1.59%   415 4882s
 25303 18593  775.35470  125 1140  782.00000  769.53785  1.59%   413 4953s
 26237 18324  776.09921  137 1120  782.00000  769.53785  1.59%   410 5026s
 26279 18793  775.97308  135 1111  782.00000  769.53785  1.59%   410 5102s
 26790 19022  776.27971  141 1101  782.00000  769.53785  1.59%   409 5181s
 27210 19926  776.62159  148 1104  782.00000  769.53785  1.59%   409 5262s
 28281 19972  777.67891  170 1066  782.00000  769.53785  1.59%   408 5345s
 28771 19941  778.07920  180 1063  782.00000  769.54399  1.59%   408 5441s
 28903 20901  778.11966  181 1064  782.00000  769.54399  1.59%   408 5530s
 29971 21228  779.71929  213 1037  782.00000  769.54399  1.59%   407 5618s
 30706 22236  779.72706  214 1034  782.00000  769.54399  1.59%   407 5710s
 31961 22916  780.93511  240 1011  782.00000  769.54399  1.59%   407 5803s
 33207 22733  770.95418   43 1306  782.00000  769.54399  1.59%   406 5900s
 33531 23250  771.02431   44 1299  782.00000  769.54399  1.59%   406 6006s
 34184 23926  774.25508  114 1161  782.00000  769.54399  1.59%   405 6110s
 35041 24842  775.31452  131 1136  782.00000  769.54399  1.59%   405 6223s
 35999 24923  778.17162  191 1057  782.00000  769.54399  1.59%   404 6340s
 36086 25775  778.24669  194 1049  782.00000  769.54399  1.59%   404 6459s
 37091 26577  769.98302   23 1376  782.00000  769.55598  1.59%   403 6583s
 38030 27752  770.56784   33 1334  782.00000  769.57883  1.59%   403 6716s
 39427 28279  773.26709   79 1208  782.00000  769.58112  1.59%   401 6860s
 39954 29138  776.77591  153 1083  782.00000  769.58112  1.59%   400 7006s
 40917 30725  779.16713  200 1031  782.00000  769.58112  1.59%   399 7158s
 42722 32349  770.25103   29 1356  782.00000  769.58573  1.59%   397 7331s
 44549 32431  773.02591   82 1199  782.00000  769.60990  1.58%   394 7466s
 44631 33656  773.09766   83 1190  782.00000  769.60990  1.58%   394 7618s
 45928 35075  774.09020  101 1175  782.00000  769.60990  1.58%   393 7779s
 47448 35605  775.23433  125 1133  782.00000  769.60990  1.58%   392 7950s
 48021 37295  775.88941  139 1113  782.00000  769.60990  1.58%   392 8136s
 49805 39782  777.71766  175 1069  782.00000  769.60990  1.58%   392 8321s
 52386 40245  779.84557  219 1011  782.00000  769.60990  1.58%   393 8492s
 52976 41648  780.09523  226 1030  782.00000  769.60990  1.58%   392 8669s
 54529 43147     cutoff  252       782.00000  769.60990  1.58%   393 8846s
 56178 44896  773.07247   80 1209  782.00000  769.60990  1.58%   393 9018s
 58107 46038  778.91723  203 1027  782.00000  769.60990  1.58%   393 9191s
 59388 47751  770.83487   44 1304  782.00000  769.60990  1.58%   393 9364s
 61253 49894  773.96947  107 1173  782.00000  769.60990  1.58%   392 9533s
 63700 51436  769.70287   20 1388  782.00000  769.60990  1.58%   391 9728s
 65357 52693  772.39166   71 1241  782.00000  769.60990  1.58%   391 9921s
 66711 54534  777.09213  165 1101  782.00000  769.60990  1.58%   391 10126s
 68817 55315  770.93338   41 1335  782.00000  769.66070  1.58%   390 10311s
 69758 56021  772.87406   75 1229  782.00000  769.66681  1.58%   390 10513s
 70464 58408  775.11737  120 1156  782.00000  769.66681  1.58%   389 10726s
 73146 59751  769.93834   24 1375  782.00000  769.66681  1.58%   388 10912s
 74607 59845  772.70003   79 1233  782.00000  769.66681  1.58%   387 11102s
 74701 61338  772.90058   82 1230  782.00000  769.66681  1.58%   387 11301s
 76312 63364  778.03860  182 1073  782.00000  769.66681  1.58%   387 11491s
 78638 64285  774.04918  109 1179  782.00000  769.66681  1.58%   386 11673s
 79593 64818  774.60017  122 1159  782.00000  769.66681  1.58%   386 11868s
 80199 66494  776.83780  162 1088  782.00000  769.67391  1.58%   386 12066s
 82019 68713  772.30516   65 1259  782.00000  769.67391  1.58%   386 12261s
 84485 69446  779.11001  197 1036  782.00000  769.67391  1.58%   385 12466s
 85410 72290     cutoff  236       782.00000  769.67391  1.58%   385 12806s
 88722 73357  778.61289  193 1055  782.00000  769.67391  1.58%   384 13003s
 89960 75760     cutoff  251       782.00000  769.67391  1.58%   383 13209s
 92669 77940  775.32555  143 1093  782.00000  769.67391  1.58%   382 13380s
 95192 79633  771.03343   40 1295  782.00000  769.67391  1.58%   381 13534s
 96977 80339  774.19810   99 1172  782.00000  769.71372  1.57%   380 13691s
 97837 81840  777.68654  173 1045  782.00000  769.71372  1.57%   380 13851s
 99598 83339  770.63952   33 1322  782.00000  769.71476  1.57%   379 14014s
 101231 83987  773.59280   86 1177  782.00000  769.71476  1.57%   379 14177s
 101983 84719  774.98806  114 1116  782.00000  769.71476  1.57%   379 14345s
 102915 85281  777.47330  182 1061  782.00000  769.71476  1.57%   379 14400s

Cutting planes:
  Lift-and-project: 1

Explored 103477 nodes (39179723 simplex iterations) in 14400.05 seconds (49865.55 work units)
Thread count was 32 (of 32 available processors)

Solution count 10: 782 783 784 ... 791

Time limit reached
Best objective 7.820000000000e+02, best bound 7.700000000000e+02, gap 1.5345%

User-callback calls 3186499, time in user-callback 15.08 sec
