
Gurobi 13.0.2 (linux64) logging started Tue Jul 14 03:49:52 2026

Set parameter LogFile to value "/tmp/sweep_20260709_012313_china_alt550km_s100_i4_v6_gurobi.log"
Set parameter Method to value 1
Set parameter NodefileStart to value 4
Set parameter RINS to value 50
Gurobi Optimizer version 13.0.2 build v13.0.2rc1 (linux64 - "Debian GNU/Linux 13 (trixie)")

CPU model: Intel(R) Xeon(R) Platinum 8375C CPU @ 2.90GHz, instruction set [SSE2|AVX|AVX2|AVX512]
Thread count: 16 physical cores, 32 logical processors, using up to 32 threads

Non-default parameters:
TimeLimit  14400
MIPGap  0.001
Method  1
LPWarmStart  1
Heuristics  0.2
MIPFocus  1
NodefileStart  4
RINS  50
Symmetry  2
Cuts  2
CoverCuts  2
LogToConsole  0

Academic license 2812613 - for non-commercial use only - registered to no___@gatech.edu
Optimize a model with 196014 rows, 35900 columns and 27632230 nonzeros (Min)
Model fingerprint: 0x47ec70d9
Model has 35900 linear objective coefficients
Variable types: 0 continuous, 35900 integer (35900 binary)
Coefficient statistics:
  Matrix range     [1e+00, 1e+00]
  Objective range  [1e+00, 1e+00]
  Bounds range     [1e+00, 1e+00]
  RHS range        [2e+01, 2e+01]

Found heuristic solution: objective 13202.000000
Presolve removed 0 rows and 0 columns (presolve time = 5s)...
Presolve removed 0 rows and 0 columns (presolve time = 11s)...
Presolve removed 0 rows and 0 columns (presolve time = 18s)...
Presolve removed 0 rows and 0 columns (presolve time = 22s)...
Presolve removed 0 rows and 0 columns (presolve time = 25s)...
Presolve removed 0 rows and 0 columns (presolve time = 30s)...
Presolve removed 0 rows and 0 columns (presolve time = 35s)...
Presolve removed 0 rows and 0 columns (presolve time = 40s)...
Presolve removed 0 rows and 0 columns (presolve time = 45s)...
Presolve removed 0 rows and 0 columns (presolve time = 50s)...
Presolve removed 0 rows and 0 columns (presolve time = 59s)...
Presolve removed 0 rows and 0 columns (presolve time = 60s)...
Presolve removed 0 rows and 0 columns (presolve time = 65s)...
Presolve removed 0 rows and 0 columns (presolve time = 70s)...
Presolve removed 0 rows and 0 columns (presolve time = 75s)...
Presolve removed 0 rows and 0 columns (presolve time = 80s)...
Presolve removed 0 rows and 0 columns (presolve time = 85s)...
Presolve removed 0 rows and 0 columns (presolve time = 90s)...
Presolve removed 0 rows and 0 columns (presolve time = 95s)...
Presolve removed 0 rows and 0 columns (presolve time = 100s)...
Presolve removed 0 rows and 0 columns (presolve time = 105s)...
Presolve removed 0 rows and 0 columns (presolve time = 110s)...
Presolve removed 0 rows and 0 columns (presolve time = 115s)...
Presolve removed 0 rows and 0 columns (presolve time = 120s)...
Presolve removed 0 rows and 0 columns (presolve time = 125s)...
Presolve removed 0 rows and 0 columns (presolve time = 130s)...
Presolve removed 0 rows and 0 columns (presolve time = 135s)...
Presolve removed 0 rows and 0 columns (presolve time = 140s)...
Presolve removed 0 rows and 0 columns (presolve time = 145s)...
Presolve removed 0 rows and 0 columns (presolve time = 150s)...
Presolve removed 0 rows and 0 columns (presolve time = 155s)...
Presolve removed 0 rows and 0 columns (presolve time = 160s)...
Presolve removed 0 rows and 0 columns (presolve time = 165s)...
Presolve removed 0 rows and 0 columns (presolve time = 170s)...
Presolve removed 0 rows and 0 columns (presolve time = 175s)...
Presolve removed 0 rows and 0 columns (presolve time = 180s)...
Presolve removed 0 rows and 0 columns (presolve time = 185s)...
Presolve removed 0 rows and 0 columns (presolve time = 190s)...
Presolve removed 0 rows and 0 columns (presolve time = 195s)...
Presolve removed 0 rows and 0 columns (presolve time = 200s)...
Presolve removed 0 rows and 0 columns (presolve time = 205s)...
Presolve removed 0 rows and 0 columns (presolve time = 210s)...
Presolve removed 0 rows and 0 columns (presolve time = 215s)...
Presolve removed 0 rows and 0 columns (presolve time = 220s)...
Presolve removed 0 rows and 0 columns (presolve time = 225s)...
Presolve removed 0 rows and 0 columns (presolve time = 230s)...
Presolve removed 0 rows and 0 columns (presolve time = 235s)...
Presolve removed 0 rows and 0 columns (presolve time = 240s)...
Presolve removed 0 rows and 0 columns (presolve time = 245s)...
Presolve removed 0 rows and 0 columns (presolve time = 250s)...
Presolve removed 0 rows and 0 columns (presolve time = 255s)...
Presolve removed 0 rows and 0 columns (presolve time = 260s)...
Presolve removed 0 rows and 0 columns (presolve time = 265s)...
Presolve removed 0 rows and 0 columns (presolve time = 270s)...
Presolve removed 0 rows and 0 columns (presolve time = 275s)...
Presolve removed 0 rows and 0 columns (presolve time = 280s)...
Presolve removed 0 rows and 0 columns (presolve time = 285s)...
Presolve removed 0 rows and 0 columns (presolve time = 290s)...
Presolve removed 0 rows and 0 columns (presolve time = 295s)...
Presolve removed 0 rows and 0 columns (presolve time = 300s)...
Presolve removed 0 rows and 0 columns (presolve time = 306s)...
Presolve time: 306.36s
Presolved: 196014 rows, 35900 columns, 27632230 nonzeros
Variable types: 0 continuous, 35900 integer (35900 binary)

Root simplex log...

Iteration    Objective       Primal Inf.    Dual Inf.      Time
       0   -0.0000000e+00   0.000000e+00   6.825000e+03    319s
     120    6.3656209e+03   0.000000e+00   0.000000e+00    319s
     120    6.3656209e+03   0.000000e+00   0.000000e+00    319s

Use crossover to convert LP symmetric solution to basic solution...

Root crossover log...

  189118 variables added to crossover basis                      325s
  190528 variables added to crossover basis                      330s
  191878 variables added to crossover basis                      335s
  192508 variables added to crossover basis                      340s
  193588 variables added to crossover basis                      345s
  194398 variables added to crossover basis                      350s
  195118 variables added to crossover basis                      355s
  195778 variables added to crossover basis                      360s

       0 DPushes remaining with DInf 0.0000000e+00               376s

       0 PPushes remaining with PInf 0.0000000e+00               376s

  Push phase complete: Pinf 0.0000000e+00, Dinf 6.7432337e-09    376s


Root simplex log...

Iteration    Objective       Primal Inf.    Dual Inf.      Time
     123    6.3656209e+03   0.000000e+00   0.000000e+00    386s
Crossover time: 66.84 seconds (118.19 work units)

Root relaxation: objective 6.365621e+03, 123 iterations, 76.81 seconds (127.96 work units)

    Nodes    |    Current Node    |     Objective Bounds      |     Work
 Expl Unexpl |  Obj  Depth IntInf | Incumbent    BestBd   Gap | It/Node Time

     0     0 6365.62094    0 12206 13202.0000 6365.62094  51.8%     -  405s
H    0     0                    8408.0000000 6365.62094  24.3%     -  405s
H    0     0                    8314.0000000 6365.62094  23.4%     -  406s
H    0     0                    7624.0000000 6365.62094  16.5%     -  406s
H    0     0                    7541.0000000 6365.62094  15.6%     -  409s
H    0     0                    7525.0000000 6365.62094  15.4%     -  409s
H    0     0                    7504.0000000 6365.62094  15.2%     -  409s
H    0     0                    7501.0000000 6365.62094  15.1%     -  409s
H    0     0                    7487.0000000 6365.62094  15.0%     -  409s
H    0     0                    7484.0000000 6365.62094  14.9%     -  410s
H    0     0                    7482.0000000 6365.62094  14.9%     -  411s
H    0     0                    7480.0000000 6365.62094  14.9%     -  412s
H    0     0                    7479.0000000 6365.62094  14.9%     -  422s
H    0     0                    7243.0000000 6365.62094  12.1%     -  430s
H    0     0                    7207.0000000 6365.62094  11.7%     -  430s
H    0     0                    7205.0000000 6365.62094  11.6%     -  430s
H    0     0                    7204.0000000 6365.62094  11.6%     -  430s
H    0     0                    7203.0000000 6365.62094  11.6%     -  433s
H    0     0                    7201.0000000 6365.62094  11.6%     -  436s
H    0     0                    7197.0000000 6365.62094  11.6%     -  436s
H    0     0                    7195.0000000 6365.62094  11.5%     -  438s
H    0     0                    7192.0000000 6365.62094  11.5%     -  442s
H    0     0                    7191.0000000 6365.62094  11.5%     -  444s
H    0     0                    7164.0000000 6365.62094  11.1%     -  459s
H    0     0                    7160.0000000 6365.62094  11.1%     -  540s
H    0     0                    7146.0000000 6365.62094  10.9%     -  540s
H    0     0                    7133.0000000 6365.62094  10.8%     -  540s
H    0     0                    7129.0000000 6365.62094  10.7%     -  548s
H    0     0                    7113.0000000 6365.62094  10.5%     -  580s
H    0     0                    7112.0000000 6365.62094  10.5%     -  620s
H    0     0                    7095.0000000 6365.62094  10.3%     -  624s
     0     0 6365.62094    0 12206 7095.00000 6365.62094  10.3%     - 1390s
H    0     0                    7094.0000000 6365.62094  10.3%     - 3296s
H    0     0                    7078.0000000 6365.62094  10.1%     - 3296s
H    0     0                    7076.0000000 6365.62094  10.0%     - 3297s
H    0     0                    7072.0000000 6365.62094  10.0%     - 3297s
H    0     0                    7071.0000000 6365.62094  10.0%     - 3298s
H    0     0                    7070.0000000 6365.62094  10.0%     - 3302s
H    0     0                    7069.0000000 6365.62094  10.0%     - 3304s
H    0     0                    7055.0000000 6365.62094  9.77%     - 3304s
H    0     2                    7026.0000000 6365.62094  9.40%     - 3464s
     0     2 6365.62094    0 12206 7026.00000 6365.62094  9.40%     - 3464s

Explored 1 nodes (123 simplex iterations) in 14400.55 seconds (59148.89 work units)
Thread count was 32 (of 32 available processors)

Solution count 10: 7026 7055 7069 ... 7095

Time limit reached
Best objective 7.026000000000e+03, best bound 6.366000000000e+03, gap 9.3937%

User-callback calls 193084, time in user-callback 0.56 sec
