
Gurobi 13.0.2 (linux64) logging started Sat Jul 25 08:44:41 2026

Set parameter LogFile to value "/tmp/sweep_20260724_011830_russia_alt400km_s20_i6_v6_gurobi.log"
Set parameter Method to value 1
Set parameter NodefileStart to value 4
Set parameter RINS to value 50
Gurobi Optimizer version 13.0.2 build v13.0.2rc1 (linux64 - "Debian GNU/Linux 13 (trixie)")

CPU model: Intel(R) Xeon(R) Platinum 8375C CPU @ 2.90GHz, instruction set [SSE2|AVX|AVX2|AVX512]
Thread count: 16 physical cores, 32 logical processors, using up to 32 threads

Non-default parameters:
TimeLimit  14400
MIPGap  0.001
Method  1
LPWarmStart  1
Heuristics  0.2
MIPFocus  1
NodefileStart  4
RINS  50
Symmetry  2
Cuts  2
CoverCuts  2
LogToConsole  0

Academic license 2812613 - for non-commercial use only - registered to no___@gatech.edu
Optimize a model with 718000 rows, 43080 columns and 193139128 nonzeros (Min)
Model fingerprint: 0xda03d63b
Model has 43080 linear objective coefficients
Variable types: 0 continuous, 43080 integer (43080 binary)
Coefficient statistics:
  Matrix range     [1e+00, 1e+00]
  Objective range  [1e+00, 1e+00]
  Bounds range     [1e+00, 1e+00]
  RHS range        [4e+00, 4e+00]

Found heuristic solution: objective 1988.0000000
Presolve removed 0 rows and 0 columns (presolve time = 8s)...
Presolve removed 0 rows and 0 columns (presolve time = 27s)...
Presolve removed 0 rows and 0 columns (presolve time = 31s)...
Presolve removed 0 rows and 0 columns (presolve time = 49s)...
Presolve removed 0 rows and 0 columns (presolve time = 66s)...
Presolve removed 0 rows and 0 columns (presolve time = 85s)...
Presolve removed 0 rows and 0 columns (presolve time = 110s)...
Presolve removed 0 rows and 0 columns (presolve time = 138s)...
Presolve removed 0 rows and 0 columns (presolve time = 140s)...
Presolve removed 0 rows and 0 columns (presolve time = 145s)...
Presolve removed 0 rows and 0 columns (presolve time = 183s)...
Presolve removed 0 rows and 0 columns (presolve time = 203s)...
Presolve removed 0 rows and 0 columns (presolve time = 223s)...
Presolve removed 0 rows and 0 columns (presolve time = 242s)...
Presolve removed 0 rows and 0 columns (presolve time = 245s)...
Presolve removed 0 rows and 0 columns (presolve time = 250s)...
Presolve removed 0 rows and 0 columns (presolve time = 255s)...
Presolve removed 0 rows and 0 columns (presolve time = 267s)...
Presolve removed 0 rows and 0 columns (presolve time = 291s)...
Presolve removed 0 rows and 0 columns (presolve time = 295s)...
Presolve removed 0 rows and 0 columns (presolve time = 300s)...
Presolve removed 0 rows and 0 columns (presolve time = 306s)...
Presolve removed 0 rows and 0 columns (presolve time = 328s)...
Presolve removed 0 rows and 0 columns (presolve time = 330s)...
Presolve removed 0 rows and 0 columns (presolve time = 335s)...
Presolve removed 0 rows and 0 columns (presolve time = 340s)...
Presolve removed 0 rows and 0 columns (presolve time = 345s)...
Presolve removed 0 rows and 0 columns (presolve time = 350s)...
Presolve removed 0 rows and 0 columns (presolve time = 355s)...
Presolve removed 0 rows and 0 columns (presolve time = 360s)...
Presolve removed 0 rows and 0 columns (presolve time = 365s)...
Presolve removed 0 rows and 0 columns (presolve time = 370s)...
Presolve removed 0 rows and 0 columns (presolve time = 375s)...
Presolve removed 0 rows and 0 columns (presolve time = 380s)...
Presolve removed 0 rows and 0 columns (presolve time = 385s)...
Presolve removed 0 rows and 0 columns (presolve time = 390s)...
Presolve removed 0 rows and 0 columns (presolve time = 395s)...
Presolve removed 0 rows and 0 columns (presolve time = 400s)...
Presolve removed 0 rows and 0 columns (presolve time = 405s)...
Presolve removed 0 rows and 0 columns (presolve time = 410s)...
Presolve removed 0 rows and 0 columns (presolve time = 415s)...
Presolve removed 0 rows and 0 columns (presolve time = 444s)...
Presolve removed 0 rows and 0 columns (presolve time = 446s)...
Presolve removed 0 rows and 0 columns (presolve time = 451s)...
Presolve removed 0 rows and 0 columns (presolve time = 486s)...
Presolve removed 0 rows and 0 columns (presolve time = 514s)...
Presolve time: 513.69s
Presolved: 718000 rows, 43080 columns, 193139128 nonzeros
Variable types: 0 continuous, 43080 integer (43080 binary)

Root simplex log...

Iteration    Objective       Primal Inf.    Dual Inf.      Time
       0   -0.0000000e+00   0.000000e+00   2.052000e+03    625s
      33    9.7774874e+02   0.000000e+00   0.000000e+00    625s
      33    9.7774874e+02   0.000000e+00   0.000000e+00    625s

Use crossover to convert LP symmetric solution to basic solution...

Root crossover log...

  705076 variables added to crossover basis                      641s
  709156 variables added to crossover basis                      645s
  709786 variables added to crossover basis                      650s
  710206 variables added to crossover basis                      655s
  710536 variables added to crossover basis                      660s
  710836 variables added to crossover basis                      665s
  711106 variables added to crossover basis                      670s
  711346 variables added to crossover basis                      675s
  711586 variables added to crossover basis                      680s
  711796 variables added to crossover basis                      685s
  712006 variables added to crossover basis                      690s
  712216 variables added to crossover basis                      695s
  712396 variables added to crossover basis                      700s
  712576 variables added to crossover basis                      705s
  712756 variables added to crossover basis                      710s
  712936 variables added to crossover basis                      715s
  713116 variables added to crossover basis                      721s
  713266 variables added to crossover basis                      725s
  713446 variables added to crossover basis                      731s
  713596 variables added to crossover basis                      736s
  713746 variables added to crossover basis                      741s
  713896 variables added to crossover basis                      746s
  714046 variables added to crossover basis                      751s
  714166 variables added to crossover basis                      755s
  714316 variables added to crossover basis                      760s
  714466 variables added to crossover basis                      766s
  714586 variables added to crossover basis                      770s
  714736 variables added to crossover basis                      775s
  714886 variables added to crossover basis                      781s
  715006 variables added to crossover basis                      785s
  715156 variables added to crossover basis                      791s
  715276 variables added to crossover basis                      796s
  715396 variables added to crossover basis                      800s
  715546 variables added to crossover basis                      806s
  715666 variables added to crossover basis                      811s
  715786 variables added to crossover basis                      815s
  715936 variables added to crossover basis                      821s
  716056 variables added to crossover basis                      826s
  716176 variables added to crossover basis                      831s
  716296 variables added to crossover basis                      836s
  716416 variables added to crossover basis                      840s
  716536 variables added to crossover basis                      845s
  716656 variables added to crossover basis                      850s
  716776 variables added to crossover basis                      855s
  716926 variables added to crossover basis                      861s
  717046 variables added to crossover basis                      866s
  717166 variables added to crossover basis                      871s
  717286 variables added to crossover basis                      876s
  717406 variables added to crossover basis                      881s
  717526 variables added to crossover basis                      886s
  717646 variables added to crossover basis                      891s
  717766 variables added to crossover basis                      896s
  717886 variables added to crossover basis                      901s

       0 DPushes remaining with DInf 0.0000000e+00               923s

       0 PPushes remaining with PInf 0.0000000e+00               924s

  Push phase complete: Pinf 0.0000000e+00, Dinf 4.5776938e-09    925s


Root simplex log...

Iteration    Objective       Primal Inf.    Dual Inf.      Time
      36    9.7774874e+02   0.000000e+00   0.000000e+00    949s
Crossover time: 322.20 seconds (603.71 work units)

Root relaxation: objective 9.777487e+02, 36 iterations, 415.36 seconds (674.32 work units)
Total elapsed time = 950.07s (DegenMoves)

    Nodes    |    Current Node    |     Objective Bounds      |     Work
 Expl Unexpl |  Obj  Depth IntInf | Incumbent    BestBd   Gap | It/Node Time

     0     0  977.74874    0 12924 1988.00000  977.74874  50.8%     -  991s
H    0     0                    1436.0000000  977.74874  31.9%     -  992s
     0     0  977.74874    0 12924 1436.00000  977.74874  31.9%     - 3302s
     0     2  977.74874    0 12924 1436.00000  977.74874  31.9%     - 13576s

Explored 1 nodes (36 simplex iterations) in 14402.70 seconds (37270.08 work units)
Thread count was 32 (of 32 available processors)

Solution count 2: 1436 1988 

Time limit reached
Best objective 1.436000000000e+03, best bound 9.780000000000e+02, gap 31.8942%

User-callback calls 277986, time in user-callback 1.18 sec
