
Gurobi 13.0.2 (linux64) logging started Sun Jul 19 14:16:11 2026

Set parameter LogFile to value "/tmp/sweep_20260716_013919_north-korea_alt550km_s20_i1_v4_gurobi.log"
Set parameter Method to value 1
Set parameter NodefileStart to value 4
Set parameter RINS to value 50
Gurobi Optimizer version 13.0.2 build v13.0.2rc1 (linux64 - "Debian GNU/Linux 13 (trixie)")

CPU model: Intel(R) Xeon(R) Platinum 8375C CPU @ 2.90GHz, instruction set [SSE2|AVX|AVX2|AVX512]
Thread count: 16 physical cores, 32 logical processors, using up to 32 threads

Non-default parameters:
TimeLimit  14400
MIPGap  0.001
Method  1
LPWarmStart  1
Heuristics  0.2
MIPFocus  1
NodefileStart  4
RINS  50
Symmetry  2
Cuts  2
CoverCuts  2
LogToConsole  0

Academic license 2812613 - for non-commercial use only - registered to no___@gatech.edu
Optimize a model with 1436 rows, 10770 columns and 62466 nonzeros (Min)
Model fingerprint: 0x3ca55464
Model has 10770 linear objective coefficients
Variable types: 0 continuous, 10770 integer (10770 binary)
Coefficient statistics:
  Matrix range     [1e+00, 1e+00]
  Objective range  [1e+00, 1e+00]
  Bounds range     [1e+00, 1e+00]
  RHS range        [2e+01, 2e+01]

Found heuristic solution: objective 5744.0000000
Presolve removed 0 rows and 2154 columns
Presolve time: 0.04s
Presolved: 1436 rows, 8616 columns, 51696 nonzeros
Variable types: 0 continuous, 8616 integer (7180 binary)

Root simplex log...

Iteration    Objective       Primal Inf.    Dual Inf.      Time
   16015    4.1843848e+03   5.099007e+03   0.000000e+00      5s
   20510    4.1883333e+03   0.000000e+00   0.000000e+00      8s

Root relaxation: objective 4.188333e+03, 20510 iterations, 7.72 seconds (15.07 work units)

    Nodes    |    Current Node    |     Objective Bounds      |     Work
 Expl Unexpl |  Obj  Depth IntInf | Incumbent    BestBd   Gap | It/Node Time

     0     0 4188.33333    0 1432 5744.00000 4188.33333  27.1%     -    9s
H    0     0                    4924.0000000 4188.33333  14.9%     -    9s
H    0     0                    4773.0000000 4188.33333  12.2%     -    9s
H    0     0                    4394.0000000 4188.33333  4.68%     -    9s
H    0     0                    4360.0000000 4188.33333  3.94%     -    9s
H    0     0                    4358.0000000 4188.33333  3.89%     -    9s
H    0     0                    4356.0000000 4188.33333  3.85%     -    9s
H    0     0                    4289.0000000 4188.33333  2.35%     -    9s
H    0     0                    4285.0000000 4188.33333  2.26%     -    9s
H    0     0                    4284.0000000 4188.33333  2.23%     -    9s
H    0     0                    4283.0000000 4188.33333  2.21%     -    9s
H    0     0                    4278.0000000 4188.33333  2.10%     -    9s
H    0     0                    4277.0000000 4188.33333  2.07%     -    9s
H    0     0                    4276.0000000 4188.33333  2.05%     -    9s
H    0     0                    4274.0000000 4188.33333  2.00%     -    9s
H    0     0                    4273.0000000 4188.33333  1.98%     -    9s
H    0     0                    4272.0000000 4188.33333  1.96%     -    9s
H    0     0                    4271.0000000 4188.33333  1.94%     -    9s
H    0     0                    4270.0000000 4188.33333  1.91%     -    9s
H    0     0                    4268.0000000 4188.33333  1.87%     -    9s
H    0     0                    4267.0000000 4188.33333  1.84%     -    9s
H    0     0                    4265.0000000 4188.33333  1.80%     -    9s
H    0     0                    4263.0000000 4188.33333  1.75%     -    9s
H    0     0                    4262.0000000 4188.33333  1.73%     -    9s
H    0     0                    4259.0000000 4188.33333  1.66%     -   13s
H    0     0                    4254.0000000 4188.33333  1.54%     -   13s
H    0     0                    4253.0000000 4188.33333  1.52%     -   13s
H    0     0                    4251.0000000 4188.33333  1.47%     -   13s
H    0     0                    4250.0000000 4188.33333  1.45%     -   13s
     0     0 4188.33333    0 1493 4250.00000 4188.33333  1.45%     -   14s
H    0     0                    4249.0000000 4188.33333  1.43%     -   21s
H    0     0                    4248.0000000 4188.33333  1.40%     -   21s
H    0     0                    4247.0000000 4188.33333  1.38%     -   22s
H    0     0                    4246.0000000 4188.33333  1.36%     -   22s
H    0     0                    4245.0000000 4188.33333  1.33%     -   22s
H    0     0                    4244.0000000 4188.33333  1.31%     -   23s
H    0     0                    4243.0000000 4188.33333  1.29%     -   23s
     0     0 4188.33333    0 1449 4243.00000 4188.33333  1.29%     -   23s
     0     0 4188.33333    0 1475 4243.00000 4188.33333  1.29%     -   27s
     0     0 4188.33333    0 1440 4243.00000 4188.33333  1.29%     -   32s
     0     0 4188.33333    0 1448 4243.00000 4188.33333  1.29%     -   36s
     0     0 4188.33333    0 1525 4243.00000 4188.33333  1.29%     -   41s
     0     0 4188.33333    0 1448 4243.00000 4188.33333  1.29%     -   48s
H    0     0                    4242.0000000 4188.33333  1.27%     -   51s
     0     0 4188.33333    0 1446 4242.00000 4188.33333  1.27%     -   56s
H    0     0                    4241.0000000 4188.33333  1.24%     -   60s
     0     0 4188.33333    0 1516 4241.00000 4188.33333  1.24%     -   61s
     0     0 4188.33333    0 1452 4241.00000 4188.33333  1.24%     -   65s
H    0     0                    4240.0000000 4188.33333  1.22%     -   65s
     0     0 4188.33333    0 1445 4240.00000 4188.33333  1.22%     -   65s
     0     0 4188.33333    0 1507 4240.00000 4188.33333  1.22%     -   70s
     0     0 4188.33333    0 1468 4240.00000 4188.33333  1.22%     -   74s
H    0     0                    4239.0000000 4188.33333  1.20%     -  112s
H    0     0                    4238.0000000 4188.33333  1.17%     -  112s
H    0     0                    4237.0000000 4188.33333  1.15%     -  113s
H    0     0                    4236.0000000 4188.33333  1.13%     -  114s
H    0     2                    4235.0000000 4188.33333  1.10%     -  147s
     0     2 4188.33333    0 1446 4235.00000 4188.33333  1.10%     -  147s
     1     3 4188.33333    1 1438 4235.00000 4188.33333  1.10%   322  155s
     2     5 4188.33333    2 1449 4235.00000 4188.33333  1.10%   324  168s
     4    10 4188.33333    3 1469 4235.00000 4188.33333  1.10%   340  181s
     9    19 4188.33333    4 1458 4235.00000 4188.33333  1.10%  3977  198s
    14    19 4188.33333    4 1459 4235.00000 4188.33333  1.10%  2686  200s
    18    35 4188.33333    5 1460 4235.00000 4188.33333  1.10%  2193  217s
H   27    35                    4234.0000003 4188.33333  1.08%  1649  218s
    31    35 4188.33333    5 1464 4234.00000 4188.33333  1.08%  1530  221s
    34    54 4188.33333    6 1470 4234.00000 4188.33333  1.08%  1462  238s
H   43    54                    4233.0000000 4188.33333  1.06%  1296  238s
    53    70 4188.33333    7 1449 4233.00000 4188.33333  1.06%  1671  253s
H   62    70                    4232.0000000 4188.33333  1.03%  1488  253s
    69    86 4188.33333    8 1450 4232.00000 4188.33333  1.03%  1374  266s
H   76    86                    4231.0000000 4188.33333  1.01%  1282  266s
    85   102 4188.33333    8 1440 4231.00000 4188.33333  1.01%  1196  283s
H   87   102                    4230.0000000 4188.33333  0.99%  1171  283s
   101   118 4188.33333    9 1442 4230.00000 4188.33333  0.99%  1047  296s
   117   134 4188.33333    9 1446 4230.00000 4188.33333  0.99%   942  325s
H  121   134                    4229.0000000 4188.33333  0.96%   921  325s
   133   159 4188.33333   10 1447 4229.00000 4188.33333  0.96%   859  353s
H  138   159                    4228.0000000 4188.33333  0.94%   838  353s
   158   479 4188.33333   11 1445 4228.00000 4188.33333  0.94%   760  377s
   478   495 4188.33333   22 1440 4228.00000 4188.33333  0.94%   408  427s
   494   511 4188.33333   23 1438 4228.00000 4188.33333  0.94%   402  488s
   510   567 4188.33333   24 1438 4228.00000 4188.33333  0.94%   395  554s
   566  1090 4188.33333   25 1434 4228.00000 4188.33333  0.94%   383  657s
H  636  1090                    4227.0000000 4188.33333  0.91%   377  657s
H  812  1090                    4226.0000000 4188.33333  0.89%   357  657s
  1089  2008 4188.33333   47 1433 4226.00000 4188.33333  0.89%   339  813s
H 1522  2008                    4225.0000000 4188.33333  0.87%   486  813s
  2007  2489 4188.50954   86 1429 4225.00000 4188.33333  0.87%   555  955s
  2488  2687 4189.33109  115 1432 4225.00000 4188.33333  0.87%   619 1118s
  2686  3576 4189.37999  116 1429 4225.00000 4188.33333  0.87%   660 1292s
  3575  4054 4190.79605  158 1433 4225.00000 4188.33333  0.87%   704 1467s
  4053  5129 4191.30115  173 1430 4225.00000 4188.33333  0.87%   716 1643s
  5136  5699 4192.53991  201 1426 4225.00000 4188.33333  0.87%   699 1815s
  5706  6703 4193.50665  222 1427 4225.00000 4188.33333  0.87%   686 1991s
  6710  7364 4196.18538  282 1414 4225.00000 4188.33333  0.87%   664 2163s
  7371  8160 4197.34058  306 1413 4225.00000 4188.33333  0.87%   653 2333s
  8167  8943 4199.83936  356 1407 4225.00000 4188.33333  0.87%   642 2500s
  8950  9732 4201.22269  382 1399 4225.00000 4188.33333  0.87%   634 2677s
  9739  9974 4202.67073  411 1388 4225.00000 4188.33333  0.87%   627 2853s
  9981 10607 4203.00230  419 1382 4225.00000 4188.33333  0.87%   625 3037s
 10615 10608 4190.72774  139 1468 4225.00000 4188.33333  0.87%   622 3148s
 10617 10609 4188.33333   52 1432 4225.00000 4188.33333  0.87%   622 3164s
 10618 10610 4205.76900  481 1447 4225.00000 4188.33333  0.87%   622 3179s
 10619 10611 4190.29390  147 1445 4225.00000 4188.33333  0.87%   621 3184s
 10620 10611 4188.33333   34 1444 4225.00000 4188.33333  0.87%   621 3203s
 10621 10612 4191.91565  191 1453 4225.00000 4188.33333  0.87%   621 3216s
 10622 10613 4188.82552   96 1480 4225.00000 4188.33333  0.87%   621 3236s
 10623 10613 4190.01332  122 1471 4225.00000 4188.33333  0.87%   621 3248s
 10624 10614 4192.01670  179 1505 4225.00000 4188.33333  0.87%   621 3265s
 10625 10615 4190.61640  142 1487 4225.00000 4188.33333  0.87%   621 3277s
 10626 10615 4188.38387   72 1502 4225.00000 4188.33333  0.87%   621 3295s
 10627 10616 4197.26698  293 1502 4225.00000 4188.53333  0.86%   621 3453s
 10628 10619 4188.53333   15 1442 4225.00000 4188.53333  0.86%   628 3461s
 10629 10620 4188.53333   16 1470 4225.00000 4188.53333  0.86%   628 3466s
 10631 10624 4188.53333   17 1453 4225.00000 4188.53333  0.86%   628 3472s
 10644 10642 4188.53333   19 1454 4225.00000 4188.53333  0.86%   627 3477s
 10708 10685 4188.53333   21 1454 4225.00000 4188.53333  0.86%   627 3482s
 10724 10696 4188.53333   21 1453 4225.00000 4188.53333  0.86%   626 3488s
 10740 10706 4188.53333   22 1450 4225.00000 4188.53333  0.86%   625 3498s
 10756 10778 4188.53333   22 1450 4225.00000 4188.53333  0.86%   625 3517s
 10833 10887 4188.53333   23 1450 4225.00000 4188.53333  0.86%   622 3548s
 10968 11065 4188.53333   32 1440 4225.00000 4188.53333  0.86%   617 3587s
 11191 11151 4188.53333   32 1446 4225.00000 4188.53333  0.86%   608 3671s
 11351 11953 4188.53333   37 1438 4225.00000 4188.53333  0.86%   603 3800s
 12206 12425 4188.53333   62 1438 4225.00000 4188.53333  0.86%   589 3928s
 12963 12778 4188.53333   85 1433 4225.00000 4188.53333  0.86%   597 4061s
 13569 13247 4188.96030  104 1438 4225.00000 4188.53333  0.86%   611 4206s
 14240 13680 4189.47495  120 1435 4225.00000 4188.53333  0.86%   612 4355s
 14896 13538 4190.85836  151 1429 4225.00000 4188.53333  0.86%   609 4512s
 14973 14200 4190.90496  153 1426 4225.00000 4188.53333  0.86%   609 4673s
H15383 13533                    4224.0000000 4188.53333  0.84%   607 4673s
 15661 14669 4191.42523  167 1427 4224.00000 4188.53333  0.84%   605 4842s
 16890 14296 4193.17612  206 1425 4224.00000 4188.53333  0.84%   593 4994s
 16927 15056 4193.20764  206 1421 4224.00000 4188.53333  0.84%   593 5148s
 17699 14879 4194.28615  231 1423 4224.00000 4188.53333  0.84%   586 5303s
 17779 14878 4194.36577  233 1419 4224.00000 4188.53333  0.84%   585 5460s
 17805 15683 4194.45425  234 1419 4224.00000 4188.53333  0.84%   585 5623s
 18619 16016 4195.39458  257 1415 4224.00000 4188.53333  0.84%   577 5787s
 19223 16345 4196.20016  273 1407 4224.00000 4188.53333  0.84%   572 5951s
 19753 17055 4197.31656  293 1395 4224.00000 4188.53333  0.84%   567 6125s
H20542 16287                    4223.0000000 4188.53333  0.82%   560 6125s
 20640 16462 4199.72357  335 1391 4223.00000 4188.53333  0.82%   559 6300s
H20848 15960                    4222.0000000 4188.53333  0.79%   558 6509s
 20894 19792 4200.10428  343 1392 4222.00000 4188.53333  0.79%   557 7197s
 24894 18570 4206.46801  468 1361 4222.00000 4188.53333  0.79%   533 7345s
 25006 19269 4206.69323  472 1363 4222.00000 4188.53333  0.79%   533 7495s
 25742 19509 4207.79362  495 1356 4222.00000 4188.53333  0.79%   529 7647s
 26227 20067 4209.29236  521 1339 4222.00000 4188.53333  0.79%   526 7803s
 26947 20206 4210.41442  547 1337 4222.00000 4188.53333  0.79%   522 7970s
 27326 20858 4210.65614  549 1342 4222.00000 4188.53333  0.79%   520 8143s
 28104 20928 4212.34001  575 1340 4222.00000 4188.53333  0.79%   516 8321s
 28434 21074 4213.58732  598 1330 4222.00000 4188.53333  0.79%   514 8504s
 28690 21565 4214.20581  607 1334 4222.00000 4188.53333  0.79%   513 8695s
 29266 22205 4215.28470  625 1332 4222.00000 4188.53333  0.79%   511 8884s
 30098 22258 4216.64196  651 1330 4222.00000 4188.53333  0.79%   508 9064s
 30428 23016 4217.16981  661 1321 4222.00000 4188.53333  0.79%   506 9267s
 31296 23774 4218.64384  688 1321 4222.00000 4188.53333  0.79%   503 9459s
 32510 23672 4188.53333   64 1413 4222.00000 4188.53333  0.79%   499 9654s
 32846 24627 4189.10100  105 1429 4222.00000 4188.53333  0.79%   499 9857s
 33983 24739 4191.09013  159 1429 4222.00000 4188.53333  0.79%   497 10074s
 34526 26409 4191.76991  178 1424 4222.00000 4188.53333  0.79%   495 10293s
 36686 26875 4194.93498  253 1415 4222.00000 4188.53333  0.79%   488 10501s
 37876 26603 4198.06081  318 1406 4222.00000 4188.53333  0.79%   486 10721s
 38001 28575 4198.60668  332 1413 4222.00000 4188.53333  0.79%   486 10942s
 39991 28678 4206.26452  482 1382 4222.00000 4188.53333  0.79%   482 11161s
 40094 28762 4206.46363  485 1378 4222.00000 4188.53333  0.79%   481 11389s
 40178 30385 4206.51754  486 1376 4222.00000 4188.53333  0.79%   481 11620s
 41889 32683 4212.21835  609 1353 4222.00000 4188.53333  0.79%   477 11936s
 44205 32956 4219.57639  771 1320 4222.00000 4188.53333  0.79%   473 12125s
 44496 34050 4220.91842  800 1315 4222.00000 4188.53333  0.79%   472 12349s
 46010 34080 4189.70817  128 1436 4222.00000 4188.53333  0.79%   469 12592s
 46068 34903 4189.74036  129 1434 4222.00000 4188.53333  0.79%   469 12825s
 47186 35023 4190.52670  154 1435 4222.00000 4188.53333  0.79%   468 13073s
 47308 36354 4190.92065  162 1434 4222.00000 4188.53333  0.79%   468 13322s
 48886 36499 4194.95176  255 1422 4222.00000 4188.53333  0.79%   465 13605s
 49031 38085 4195.55744  270 1421 4222.00000 4188.53333  0.79%   465 13888s
 50876 40135 4198.34141  340 1411 4222.00000 4188.53333  0.79%   461 14164s
 52926 40295 4206.84048  515 1376 4222.00000 4188.53333  0.79%   457 14400s

Cutting planes:
  MIR: 138
  Flow cover: 412
  Zero half: 2

Explored 53086 nodes (24335607 simplex iterations) in 14400.04 seconds (47601.11 work units)
Thread count was 32 (of 32 available processors)

Solution count 10: 4222 4223 4224 ... 4231

Time limit reached
Best objective 4.222000000000e+03, best bound 4.189000000000e+03, gap 0.7816%

User-callback calls 3516155, time in user-callback 12.92 sec
