
Gurobi 13.0.2 (linux64) logging started Thu Jul  9 01:31:05 2026

Set parameter LogFile to value "/tmp/sweep_20260709_012313_china_alt260km_s1_i2_v4_gurobi.log"
Set parameter Method to value 1
Set parameter NodefileStart to value 4
Set parameter RINS to value 50
Gurobi Optimizer version 13.0.2 build v13.0.2rc1 (linux64 - "Debian GNU/Linux 13 (trixie)")

CPU model: Intel(R) Xeon(R) Platinum 8375C CPU @ 2.90GHz, instruction set [SSE2|AVX|AVX2|AVX512]
Thread count: 16 physical cores, 32 logical processors, using up to 32 threads

Non-default parameters:
TimeLimit  14400
MIPGap  0.001
Method  1
LPWarmStart  1
Heuristics  0.2
MIPFocus  1
NodefileStart  4
RINS  50
Symmetry  2
Cuts  2
CoverCuts  2
LogToConsole  0

Academic license 2812613 - for non-commercial use only - registered to no___@gatech.edu
Optimize a model with 196014 rows, 7180 columns and 4970714 nonzeros (Min)
Model fingerprint: 0xec8ad684
Model has 7180 linear objective coefficients
Variable types: 0 continuous, 7180 integer (7180 binary)
Coefficient statistics:
  Matrix range     [1e+00, 1e+00]
  Objective range  [1e+00, 1e+00]
  Bounds range     [1e+00, 1e+00]
  RHS range        [1e+00, 1e+00]

Found heuristic solution: objective 1144.0000000
Presolve removed 189552 rows and 718 columns
Presolve time: 1.96s
Presolved: 6462 rows, 6462 columns, 127804 nonzeros
Variable types: 0 continuous, 6462 integer (6462 binary)
Performing another presolve...
Presolve removed 718 rows and 0 columns
Presolve time: 0.10s

Root simplex log...

Iteration    Objective       Primal Inf.    Dual Inf.      Time
   10373    9.8105087e+02   4.145675e+04   0.000000e+00      5s
Warning: Markowitz tolerance tightened to 0.03125
   21249    1.0052000e+03   0.000000e+00   0.000000e+00     10s

Root relaxation: objective 1.005200e+03, 21249 iterations, 7.29 seconds (9.64 work units)
Total elapsed time = 9.63s (DegenMoves)

    Nodes    |    Current Node    |     Objective Bounds      |     Work
 Expl Unexpl |  Obj  Depth IntInf | Incumbent    BestBd   Gap | It/Node Time

     0     0 1005.20000    0 1436 1144.00000 1005.20000  12.1%     -   10s
H    0     0                    1089.0000000 1005.20000  7.70%     -   10s
H    0     0                    1087.0000000 1005.20000  7.53%     -   10s
H    0     0                    1085.0000000 1005.20000  7.35%     -   10s
H    0     0                    1084.0000000 1005.20000  7.27%     -   13s
H    0     0                    1081.0000000 1005.20000  7.01%     -   13s
H    0     0                    1080.0000000 1005.20000  6.93%     -   13s
H    0     0                    1078.0000000 1005.20000  6.75%     -   13s
H    0     0                    1077.0000000 1005.20000  6.67%     -   13s
H    0     0                    1076.0000000 1005.20000  6.58%     -   13s
H    0     0                    1075.0000000 1005.20000  6.49%     -   13s
H    0     0                    1071.0000000 1005.20000  6.14%     -   13s
H    0     0                    1069.0000000 1005.20000  5.97%     -   13s
H    0     0                    1068.0000000 1005.20000  5.88%     -   13s
H    0     0                    1067.0000000 1005.20000  5.79%     -   13s
H    0     0                    1066.0000000 1005.20000  5.70%     -   13s
     0     0 1005.36344    0 1437 1066.00000 1005.36344  5.69%     -   13s
H    0     0                    1065.0000000 1005.36344  5.60%     -   13s
H    0     0                    1064.0000000 1005.36344  5.51%     -   13s
H    0     0                    1062.0000000 1005.36344  5.33%     -   14s
     0     0 1005.36344    0 1437 1062.00000 1005.36344  5.33%     -   14s
     0     0 1005.36344    0 1436 1062.00000 1005.36344  5.33%     -   15s
H    0     0                    1061.0000000 1005.36344  5.24%     -   22s
H    0     0                    1060.0000000 1005.36344  5.15%     -   22s
H    0     0                    1059.0000000 1005.36344  5.06%     -   25s
H    0     0                    1058.0000000 1005.36344  4.98%     -   25s
H    0     0                    1057.0000000 1005.36344  4.89%     -   26s
H    0     0                    1056.0000000 1005.36344  4.80%     -   26s
H    0     0                    1054.0000000 1005.36344  4.61%     -   26s
H    0     0                    1053.0000000 1005.36344  4.52%     -   26s
H    0     0                    1052.0000000 1005.36344  4.43%     -   28s
H    0     0                    1051.0000000 1005.36344  4.34%     -   28s
     0     2 1005.36344    0 1436 1051.00000 1005.36344  4.34%     -   31s
     1     3 1005.65950    1 1489 1051.00000 1005.36344  4.34%  1079   38s
     2     5 1006.00490    2 1486 1051.00000 1005.36344  4.34%   672   48s
     4     8 1006.15421    3 1478 1051.00000 1005.36344  4.34%   393   52s
     9    16 1006.22265    4 1483 1051.00000 1005.78455  4.30%   303   58s
    14    16 1006.41562    4 1476 1051.00000 1005.78514  4.30%   320   60s
    17    32 1006.43373    5 1472 1051.00000 1005.78514  4.30%   331   67s
    30    32 1006.87380    5 1467 1051.00000 1005.92578  4.29%   386   72s
    33    49 1006.59447    6 1471 1051.00000 1005.92578  4.29%   386   76s
H   54    65                    1050.0000000 1005.92781  4.20%   316   78s
    66   105 1006.91293    7 1468 1050.00000 1005.92781  4.20%   312   80s
   122   137 1007.13352    9 1458 1050.00000 1005.92781  4.20%   303   85s
   154   169 1007.28858   10 1438 1050.00000 1005.92781  4.20%   294   91s
   186   201 1007.51603   12 1436 1050.00000 1005.92781  4.20%   277   97s
H  202   217                    1048.0000000 1005.92781  4.01%   281  101s
H  223   276                    1047.0000000 1005.92781  3.92%   276  103s
   357   431 1009.36398   20 1381 1047.00000 1005.92781  3.92%   291  105s
H  504   507                    1046.0000000 1005.92781  3.83%   290  108s
H  541   556                    1045.0000000 1005.92781  3.74%   292  110s
   750   765 1013.38111   40 1282 1045.00000 1005.92781  3.74%   314  115s
H  752   765                    1044.0000000 1005.92781  3.65%   313  115s
  1192  1296 1017.01058   55 1192 1044.00000 1005.92781  3.65%   318  121s
  1355  1373 1018.44907   61 1145 1044.00000 1005.92781  3.65%   318  125s
  1416  1431 1018.90889   63 1123 1044.00000 1005.92781  3.65%   317  131s
  1448  1463 1019.08880   65 1129 1044.00000 1005.92781  3.65%   317  136s
  1480  1495 1019.50454   66 1133 1044.00000 1005.92781  3.65%   319  140s
  1512  1527 1019.70453   67 1146 1044.00000 1005.92781  3.65%   319  146s
  1544  1559 1020.08929   68 1097 1044.00000 1005.92781  3.65%   320  153s
H 1556  1559                    1043.0000000 1005.92781  3.55%   320  153s
  1560  1575 1020.29200   69 1101 1043.00000 1005.92781  3.55%   320  156s
  1592  1607 1020.71561   71 1101 1043.00000 1005.92781  3.55%   321  161s
  1624  1639 1020.71561   72 1102 1043.00000 1005.92781  3.55%   321  167s
  1640  1655 1020.83386   73 1102 1043.00000 1005.92781  3.55%   322  170s
  1672  1687 1021.18801   75 1097 1043.00000 1005.92781  3.55%   323  179s
  1688  1703 1021.35585   76 1106 1043.00000 1005.92781  3.55%   324  187s
  1704  1719 1021.43215   76 1096 1043.00000 1005.92781  3.55%   324  196s
  1720  1735 1021.44525   77 1101 1043.00000 1005.92781  3.55%   324  202s
  1736  1751 1021.45587   77 1081 1043.00000 1005.92781  3.55%   325  210s
  1752  1767 1021.48796   78 1082 1043.00000 1005.92781  3.55%   326  219s
  1768  1783 1021.68470   79 1090 1043.00000 1005.92781  3.55%   326  229s
  1784  1799 1021.71010   79 1085 1043.00000 1005.92781  3.55%   326  241s
  1816  1836 1021.80329   80 1081 1043.00000 1005.92781  3.55%   327  250s
  1837  1871 1022.04591   81 1087 1043.00000 1005.92781  3.55%   327  259s
  1872  1921 1022.04591   82 1088 1043.00000 1005.92781  3.55%   327  269s
  1921  1921 1023.43030   85  943 1043.00000 1005.92781  3.55%   328  270s
  2027  2171 1022.34733   83 1076 1043.00000 1005.92781  3.55%   328  278s
  2172  2345 1024.44655   91 1014 1043.00000 1005.92781  3.55%   331  281s
H 2231  2345                    1042.0000000 1005.92781  3.46%   333  281s
  2426  2441 1027.73203  105  894 1042.00000 1005.92781  3.46%   336  287s
  2442  2457 1027.91215  106  891 1042.00000 1005.92781  3.46%   337  291s
  2458  2503 1027.97706  106  881 1042.00000 1005.92781  3.46%   337  295s
  2568  2703 1028.36441  108  855 1042.00000 1005.92781  3.46%   335  303s
  2720  2981 1028.36441  109  855 1042.00000 1005.92781  3.46%   333  307s
  2998  3021 1031.08560  126  793 1042.00000 1005.92781  3.46%   334  311s
  3066  3131 1031.83560  129  780 1042.00000 1005.92781  3.46%   334  321s
  3185  3241 1031.63687  129  793 1042.00000 1005.92781  3.46%   331  329s
H 3267  3152                    1039.0000000 1005.92781  3.18%   330  329s
  3295  3253 1032.83613  138  744 1039.00000 1005.92781  3.18%   329  337s
  3452  3339 1033.46409  142  719 1039.00000 1005.92781  3.18%   325  345s
H 3504  3287                    1038.0000000 1005.92781  3.09%   325  345s
  3540  3463 1033.54218  142  703 1038.00000 1005.92781  3.09%   324  350s
  3716  3479 1034.38633  151  678 1038.00000 1005.92781  3.09%   325  355s
  3732  3521 1034.43260  151  657 1038.00000 1005.92781  3.09%   325  362s
  3774  3626 1035.20297  155  654 1038.00000 1005.92781  3.09%   325  370s
  3902  3877 1006.86810   10 1480 1038.00000 1005.92781  3.09%   324  378s
  4177  3938 1011.47012   40 1366 1038.00000 1005.92781  3.09%   323  384s
  4242  3959 1015.18776   64 1266 1038.00000 1005.92781  3.09%   323  390s
  4263  4066 1015.28305   65 1254 1038.00000 1005.92781  3.09%   323  396s
  4394  4130 1015.47352   66 1239 1038.00000 1005.92781  3.09%   323  404s
  4458  4278 1015.59115   67 1235 1038.00000 1005.92781  3.09%   322  411s
  4632  4444 1015.68635   68 1246 1038.00000 1005.92781  3.09%   323  417s
  4889  4494 1016.05150   70 1263 1038.00000 1005.92781  3.09%   320  425s
  4945  4535 1018.50203   82 1200 1038.00000 1005.98509  3.08%   320  432s
  4986  4584 1018.73235   83 1191 1038.00000 1005.98509  3.08%   319  438s
  5035  4674 1018.78793   84 1189 1038.00000 1005.98509  3.08%   320  445s
  5133  4737 1018.88616   85 1186 1038.00000 1005.98509  3.08%   320  452s
  5196  4805 1018.97390   86 1178 1038.00000 1005.98509  3.08%   320  460s
  5298  4825 1019.15878   91 1177 1038.00000 1005.98509  3.08%   319  468s
  5319  4826 1027.45358  120 2872 1038.00000 1005.98509  3.08%   318  530s
  5321  4827 1014.34127   42 1436 1038.00000 1005.98509  3.08%   318  542s
  5322  4828 1007.00704   12 1436 1038.00000 1005.98509  3.08%   318  545s
  5323  4829 1031.13023  138 1436 1038.00000 1005.98509  3.08%   318  560s
  5324  4831 1005.98509   16 1517 1038.00000 1005.98509  3.08%   323  567s
  5325  4833 1006.05472   17 1503 1038.00000 1005.98509  3.08%   323  575s
  5356  4866 1006.38968   21 1516 1038.00000 1005.98509  3.08%   323  580s
  5388  4887 1006.80240   22 1503 1038.00000 1005.98509  3.08%   323  586s
  5404  4898 1006.89267   23 1496 1038.00000 1005.98509  3.08%   323  590s
  5436  4919 1007.19710   24 1507 1038.00000 1005.98509  3.08%   323  598s
  5452  4930 1007.39165   24 1480 1038.00000 1005.98509  3.08%   323  601s
  5468  4940 1007.43698   25 1476 1038.00000 1005.98509  3.08%   323  606s
  5484  4951 1007.71575   25 1460 1038.00000 1005.98509  3.08%   323  610s
  5500  4962 1007.87949   26 1474 1038.00000 1005.98509  3.08%   323  617s
H 5511  4716                    1037.0000000 1005.98509  2.99%   323  617s
  5596  4848 1008.68655   29 1425 1037.00000 1005.98509  2.99%   322  621s
H 5688  4608                    1036.0000000 1005.98509  2.90%   323  623s
  5696  4683 1009.58016   32 1377 1036.00000 1005.98509  2.90%   323  625s
  5848  4733 1009.86684   35 1380 1036.00000 1005.98509  2.90%   322  632s
  5874  4740 1009.86684   36 1381 1036.00000 1005.98509  2.90%   322  635s
  5906  4761 1010.02174   37 1380 1036.00000 1005.98509  2.90%   322  640s
  5938  4783 1010.33393   38 1387 1036.00000 1005.98509  2.90%   323  645s
  5954  4793 1010.48595   38 1377 1036.00000 1005.98509  2.90%   323  651s
  5970  4804 1010.82105   39 1356 1036.00000 1005.98509  2.90%   323  656s
  6002  4825 1011.01829   40 1361 1036.00000 1005.98509  2.90%   323  666s
  6018  4836 1011.19987   40 1348 1036.00000 1005.98509  2.90%   324  672s
  6034  4847 1011.38201   41 1345 1036.00000 1005.98509  2.90%   324  678s
  6050  4857 1011.53537   41 1325 1036.00000 1005.98509  2.90%   324  685s
  6066  4868 1011.73997   42 1324 1036.00000 1005.98509  2.90%   324  692s
  6082  4879 1011.97628   42 1320 1036.00000 1005.98509  2.90%   324  696s
  6098  4889 1012.01612   43 1316 1036.00000 1005.98509  2.90%   324  702s
  6114  4900 1011.78852   43 1326 1036.00000 1005.98509  2.90%   324  711s
  6130  4911 1011.93904   44 1336 1036.00000 1005.98509  2.90%   324  715s
  6146  4925 1012.08017   44 1335 1036.00000 1005.98509  2.90%   325  720s
  6166  4948 1012.22649   45 1335 1036.00000 1005.98509  2.90%   325  727s
  6195  4979 1012.67593   47 1314 1036.00000 1005.98509  2.90%   325  735s
  6236  4981 1013.47439   50 1296 1036.00000 1005.98509  2.90%   325  742s
  6252  5012 1013.56309   50 1269 1036.00000 1005.98509  2.90%   326  745s
  6288  5047 1013.71339   51 1269 1036.00000 1005.98509  2.90%   326  752s
  6335  5085 1013.72954   51 1275 1036.00000 1005.98509  2.90%   328  759s
  6389  5117 1013.71339   52 1269 1036.00000 1005.98509  2.90%   328  763s
  6439  5134 1014.06482   52 1245 1036.00000 1005.98509  2.90%   329  770s
  6532  5262 1014.06482   53 1245 1036.00000 1005.98509  2.90%   330  783s
  6631  5369 1014.42523   54 1230 1036.00000 1005.98509  2.90%   332  787s
  6771  5542 1016.91848   62 1177 1036.00000 1005.98509  2.90%   336  792s
  6991  5593 1019.06611   72 1100 1036.00000 1005.98509  2.90%   340  796s
  7115  5567 1020.53134   77 1049 1036.00000 1005.98509  2.90%   343  800s
  7131  5592 1020.73786   77 1044 1036.00000 1005.98509  2.90%   343  807s
  7161  5615 1020.90974   78 1032 1036.00000 1005.98509  2.90%   343  814s
  7194  5638 1020.93983   78 1036 1036.00000 1005.98509  2.90%   344  821s
  7228  5670 1021.04172   79 1029 1036.00000 1005.98509  2.90%   345  826s
  7271  5822 1022.05632   83 1005 1036.00000 1005.98509  2.90%   346  831s
  7438  5819 1025.54480   96  925 1036.00000 1005.98509  2.90%   349  836s
  7490  5844 1025.70551   96  924 1036.00000 1005.98509  2.90%   349  843s
  7533  5895 1027.37396  102  872 1036.00000 1005.98509  2.90%   350  850s
  7598  5897 1027.43144  102  883 1036.00000 1005.98509  2.90%   351  856s
  7622  6082 1027.52964  103  886 1036.00000 1005.98509  2.90%   351  862s
  7815  6279 1028.65820  109  829 1036.00000 1005.98509  2.90%   352  869s
  8076  6481 1031.67040  125  729 1036.00000 1005.98509  2.90%   353  875s
  8365  6449 1033.69412  137  662 1036.00000 1005.98509  2.90%   355  883s
  8434  6548 1033.88225  138  639 1036.00000 1005.98509  2.90%   356  891s
  8562  6758 1034.89861  146  605 1036.00000 1005.98509  2.90%   356  897s
  8847  6679 1009.84537   47 1426 1036.00000 1005.98509  2.90%   356  905s
  8863  6820 1010.16045   48 1412 1036.00000 1005.98509  2.90%   356  917s
  9048  6780 1010.16045   49 1414 1036.00000 1005.98509  2.90%   355  924s
  9070  6809 1010.26310   50 1418 1036.00000 1005.98509  2.90%   355  931s
  9114  6981 1010.26761   51 1415 1036.00000 1005.98509  2.90%   355  939s
  9323  7119 1010.39839   52 1405 1036.00000 1006.08871  2.89%   353  948s
  9599  7048 1010.49326   53 1412 1036.00000 1006.09290  2.89%   351  962s
  9620  7163 1010.53605   55 1407 1036.00000 1006.09290  2.89%   351  974s
  9782  7123 1010.71769   56 1401 1036.00000 1006.09290  2.89%   350  985s
  9800  7133 1010.79731   57 1414 1036.00000 1006.14622  2.88%   350 1001s
  9816  7167 1010.93285   58 1407 1036.00000 1006.14622  2.88%   350 1018s
  9895  7183 1013.49123   76 1357 1036.00000 1006.14622  2.88%   349 1029s
  9937  7195 1014.36274   82 1326 1036.00000 1006.14622  2.88%   349 1038s
  9969  7354 1014.62264   83 1315 1036.00000 1006.14622  2.88%   349 1047s
 10171  7426 1015.75541   95 1294 1036.00000 1006.14622  2.88%   347 1056s
 10324  7508 1018.75071  125 1203 1036.00000 1006.14622  2.88%   346 1067s
 10459  7507 1018.92905  126 1202 1036.00000 1006.20498  2.88%   345 1077s
 10503  7593 1019.25902  127 1188 1036.00000 1006.20498  2.88%   345 1088s
 10629  7755 1019.50497  128 1175 1036.00000 1006.20498  2.88%   345 1097s
 10833  7830 1019.50497  129 1175 1036.00000 1006.20498  2.88%   343 1108s
 10976  7892 1022.21806  147 1083 1036.00000 1006.20498  2.88%   343 1120s
 11086  8043 1022.33327  148 1069 1036.00000 1006.20498  2.88%   343 1132s
 11273  8149 1024.45757  163 1032 1036.00000 1006.20498  2.88%   343 1146s
 11442  8284 1027.76623  184  932 1036.00000 1006.20498  2.88%   343 1159s
 11665  8392 1033.72397  225  728 1036.00000 1006.20498  2.88%   341 1172s
 11867  8340 1007.98624   27 1454 1036.00000 1006.20498  2.88%   341 1187s
 11883  8453 1008.11535   28 1465 1036.00000 1006.20498  2.88%   341 1205s
 12001  8613 1008.11678   28 1448 1036.00000 1006.20498  2.88%   340 1220s
 12200  8562 1012.17987   43 1320 1036.00000 1006.20498  2.88%   340 1236s
 12216  8836 1012.30778   44 1310 1036.00000 1006.20498  2.88%   340 1251s
 12495  8829 1012.51417   44 1304 1036.00000 1006.20498  2.88%   341 1266s
 12611  9257 1012.99672   47 1281 1036.00000 1006.20498  2.88%   340 1282s
 13164  9346 1013.15736   48 1275 1036.00000 1006.20498  2.88%   338 1297s
 13447  9328 1017.29403   66 1135 1036.00000 1006.20498  2.88%   338 1313s
 13523  9629 1017.53532   67 1139 1036.00000 1006.20498  2.88%   338 1329s
 13881  9761 1021.15370   81 1043 1036.00000 1006.20498  2.88%   338 1347s
 14132  9693 1022.86892   91  990 1036.00000 1006.20498  2.88%   338 1371s
 14148  9708 1023.03411   91  997 1036.00000 1006.20498  2.88%   338 1406s
 14168  9751 1023.20595   92  989 1036.00000 1006.20498  2.88%   338 1434s
 14218  9967 1023.30663   92  994 1036.00000 1006.20498  2.88%   338 1458s
 14464 10346 1023.37992   93  977 1036.00000 1006.20498  2.88%   339 1477s
 15022 10473 1027.46545  111  838 1036.00000 1006.22292  2.87%   338 1498s
 15335 10687 1030.48138  126  733 1036.00000 1006.22292  2.87%   338 1520s
 15726 10681     cutoff  154      1036.00000 1006.22292  2.87%   337 1541s
 15858 11046     cutoff  158      1036.00000 1006.22292  2.87%   337 1561s
 16279 11327 1011.35944   51 1346 1036.00000 1006.22292  2.87%   336 1585s
 16820 11365 1014.21935   73 1301 1036.00000 1006.22292  2.87%   336 1611s
 17039 11759 1018.60777  104 1162 1036.00000 1006.22292  2.87%   336 1637s
 17584 12007 1020.43110  116 1126 1036.00000 1006.24936  2.87%   336 1663s
 18057 12547 1022.73996  133 1066 1036.00000 1006.24936  2.87%   335 1691s
 18887 12633 1028.98495  177  904 1036.00000 1006.24936  2.87%   334 1720s
 19125 13126 1030.42169  191  865 1036.00000 1006.24936  2.87%   334 1748s
 19681 13510 1009.61947   35 1426 1036.00000 1006.24936  2.87%   334 1777s
 20065 14148 1009.07753   34 1444 1036.00000 1006.24936  2.87%   334 1809s
 20732 14866 1012.04649   50 1357 1036.00000 1006.24936  2.87%   333 1849s
 21500 15252 1013.77017   58 1314 1036.00000 1006.24936  2.87%   332 1883s
 21936 15268 1014.04454   59 1298 1036.00000 1006.24936  2.87%   331 1930s
 21952 16225 1013.87728   59 1320 1036.00000 1006.24936  2.87%   331 1976s
 22969 17088 1018.01531   80 1212 1036.00000 1006.24936  2.87%   330 2014s
 23882 17933 1021.57132  103 1135 1036.00000 1006.25987  2.87%   330 2052s
 24836 18098 1026.60021  128 1010 1036.00000 1006.25987  2.87%   330 2091s
 25051 19097 1026.34713  128 1007 1036.00000 1006.25987  2.87%   330 2132s
 26200 19502 1032.13359  161  838 1036.00000 1006.25987  2.87%   329 2172s
 26675 20176 1034.59946  177  755 1036.00000 1006.25987  2.87%   329 2214s
 27481 20664 1007.94462   37 1466 1036.00000 1006.25987  2.87%   328 2257s
 27981 21410 1010.49636   57 1399 1036.00000 1006.25987  2.87%   328 2302s
 28808 21426 1014.10204   86 1330 1036.00000 1006.25987  2.87%   327 2360s
H28814 20786                    1035.0000000 1006.25987  2.78%   327 2360s
 28824 22123 1014.15940   87 1331 1035.00000 1006.25987  2.78%   327 2410s
 30315 23181 1023.21887  164 1153 1035.00000 1006.25987  2.78%   327 2457s
 31524 24227 1032.20475  249  890 1035.00000 1006.31084  2.77%   327 2507s
 32674 25673 1012.63809   59 1308 1035.00000 1006.31084  2.77%   326 2559s
 34343 26448 1025.30357  142  908 1035.00000 1006.31084  2.77%   326 2608s
 35169 26506     cutoff  213      1035.00000 1006.31084  2.77%   326 2671s
 35266 27170 1011.35253   79 1413 1035.00000 1006.31084  2.77%   325 2730s
 35981 28393 1014.56622  117 1368 1035.00000 1006.31084  2.77%   326 2789s
 37434 29497 1022.13102  187 1211 1035.00000 1006.31084  2.77%   325 2851s
 38659 30702 1007.70841   33 1462 1035.00000 1006.31084  2.77%   324 2915s
 39912 32231 1016.20157   79 1234 1035.00000 1006.31084  2.77%   324 2979s
 40318 32231 1024.00258  140 1090 1035.00000 1006.31084  2.77%   324 2980s
 41712 34594 1021.49344  115 1125 1035.00000 1006.31084  2.77%   322 3065s
H43170 33363                    1034.0000000 1006.31084  2.68%   323 3065s
 44300 34297 1029.47654  160  932 1034.00000 1006.31084  2.68%   322 3118s
 45451 35670 1008.94617   43 1431 1034.00000 1006.31084  2.68%   321 3173s
 46862 35755 1015.22641   70 1230 1034.00000 1006.31084  2.68%   321 3242s
 46947 36706 1019.75582   95 1104 1034.00000 1006.31084  2.68%   321 3308s
 48168 37379 1025.18889  124  907 1034.00000 1006.31084  2.68%   321 3370s
 48868 39199 1032.60739  169  735 1034.00000 1006.31084  2.68%   321 3437s
 50931 40683 1009.57382   36 1423 1034.00000 1006.31084  2.68%   320 3503s
 52624 42134 1019.86690   77 1075 1034.00000 1006.66741  2.64%   319 3568s
 54223 43646 1010.80830   55 1414 1034.00000 1006.66741  2.64%   318 3632s
 55845 44652 1022.09762  133 1136 1034.00000 1006.66741  2.64%   317 3696s
 57017 44889 1029.00196  189  959 1034.00000 1006.66741  2.64%   316 3768s
 57254 46780 1029.27229  196  941 1034.00000 1006.66741  2.64%   316 3835s
 59417 47981 1010.91797   65 1398 1034.00000 1006.66741  2.64%   315 3898s
 60833 49549 1025.15938  179 1061 1034.00000 1006.66741  2.64%   313 3965s
 62607 51495 1011.69624   57 1365 1034.00000 1006.66741  2.64%   312 4046s
 64838 52292 1021.00169  126 1133 1034.00000 1006.81042  2.63%   311 4109s
 65664 53710 1027.25835  176  952 1034.00000 1006.81042  2.63%   311 4177s
 67337 54501 1010.56824   54 1395 1034.00000 1006.82137  2.63%   310 4253s
 68239 56182 1018.99745  118 1218 1034.00000 1006.82949  2.63%   309 4330s
 70070 57967 1009.61904   44 1417 1034.00000 1006.82949  2.63%   309 4404s
 72209 59605 1021.11179  125 1136 1034.00000 1006.82949  2.63%   310 4473s
 74132 61105 1013.45929   72 1303 1034.00000 1006.90392  2.62%   309 4540s
 75711 62755 1022.28131  141 1093 1034.00000 1006.90392  2.62%   309 4607s
 77728 64115 1010.96720   72 1391 1034.00000 1006.90392  2.62%   308 4673s
 79230 65637 1020.33052  145 1174 1034.00000 1006.90392  2.62%   308 4739s
 81050 66547 1032.72075  238  830 1034.00000 1006.94985  2.62%   307 4802s
 82069 68289 1016.45990  101 1261 1034.00000 1006.94985  2.62%   307 4871s
 84042 69570 1008.20422   31 1477 1034.00000 1006.94985  2.62%   306 4949s
 85465 70926 1015.26086   90 1269 1034.00000 1006.95402  2.62%   305 5034s
 86926 71879 1029.28810  176  901 1034.00000 1006.95402  2.62%   305 5138s
 88047 74068 1010.42376   57 1413 1034.00000 1006.95402  2.62%   305 5235s
 90636 75724 1010.43144   50 1413 1034.00000 1006.96826  2.61%   304 5319s
 92461 77847 1018.10530  115 1228 1034.00000 1006.96826  2.61%   304 5400s
 94845 79132 1007.79647   25 1453 1034.00000 1006.98509  2.61%   303 5475s
 96276 80162 1008.72085   31 1444 1034.00000 1006.98509  2.61%   302 5550s
 97499 81469 1016.99861   99 1218 1034.00000 1006.98509  2.61%   302 5625s
 98947 83222 1012.17781   55 1350 1034.00000 1006.98509  2.61%   302 5705s
 100999 84684 1018.15762  109 1183 1034.00000 1006.98509  2.61%   302 5780s
 102662 86493 1008.98330   52 1421 1034.00000 1006.98650  2.61%   301 5855s
 104806 88804 1022.12518  151 1151 1034.00000 1006.98650  2.61%   301 5931s
 107295 89688 1020.31716  123 1129 1034.00000 1006.98650  2.61%   300 5982s
 108380 90730 1028.72095  179  958 1034.00000 1006.98650  2.61%   300 6038s
 109566 92065 1009.82667   45 1407 1034.00000 1006.98650  2.61%   299 6100s
 111026 92958 1020.56581  130 1110 1034.00000 1006.98650  2.61%   299 6163s
 112002 93889 1028.63862  193  936 1034.00000 1006.98921  2.61%   299 6231s
 113151 93914 1032.67911  224  868 1034.00000 1006.98921  2.61%   298 6316s
 113176 95091     cutoff  225      1034.00000 1007.01103  2.61%   298 6394s
 114589 96455 1013.09826   88 1344 1034.00000 1007.01103  2.61%   298 6464s
 116133 97874 1019.26934  150 1220 1034.00000 1007.01103  2.61%   298 6536s
 117722 99496     cutoff  251      1034.00000 1007.01103  2.61%   298 6606s
 119588 100868 1017.22782  114 1257 1034.00000 1007.01103  2.61%   297 6677s
 121100 102348 1031.18028  229  983 1034.00000 1007.01103  2.61%   297 6749s
 122777 103873 1015.15032   81 1276 1034.00000 1007.05396  2.61%   297 6823s
 124448 104793 1030.61040  189  826 1034.00000 1007.05396  2.61%   297 6894s
 125581 106211 1008.07365   41 1492 1034.00000 1007.05396  2.61%   297 6972s
 127157 107731 1015.21950   75 1286 1034.00000 1007.05396  2.61%   297 7060s
 128719 108972 1021.81148  114 1062 1034.00000 1007.05396  2.61%   298 7144s
 130046 110869 1024.61692  134 1008 1034.00000 1007.07501  2.60%   298 7233s
 132150 112116 1009.48453   51 1448 1034.00000 1007.08495  2.60%   299 7314s
 133665 112132 1014.17991   86 1297 1034.00000 1007.08495  2.60%   299 7414s
 133681 112695 1014.18105   87 1304 1034.00000 1007.08495  2.60%   299 7497s
 134356 114768 1024.21166  157 1101 1034.00000 1007.08495  2.60%   299 7581s
 136645 115153 1010.52265   60 1395 1034.00000 1007.08495  2.60%   298 7659s
 137257 117035 1011.10323   66 1385 1034.00000 1007.08495  2.60%   298 7739s
 139263 118894 1029.30687  210 1015 1034.00000 1007.08495  2.60%   298 7822s
 141521 119622 1020.43748  104 1107 1034.00000 1007.08495  2.60%   298 7898s
 142275 121370 1025.63234  145 1011 1034.00000 1007.08917  2.60%   298 7979s
 144325 122941 1012.27988   61 1388 1034.00000 1007.08917  2.60%   297 8054s
 146059 124975 1021.97027  143 1181 1034.00000 1007.09384  2.60%   297 8131s
 148473 126183 1017.58879  103 1245 1034.00000 1007.09384  2.60%   297 8186s
 149837 126735 1030.98653  204  845 1034.00000 1007.09384  2.60%   297 8254s
 150447 128256 1011.62126   68 1364 1034.00000 1007.09384  2.60%   297 8321s
 152123 129836 1012.08760   72 1343 1034.00000 1007.09384  2.60%   297 8385s
 153900 130998 1027.66441  190  950 1034.00000 1007.09384  2.60%   297 8448s
 155278 131699 1018.25945   73 1090 1034.00000 1007.09384  2.60%   297 8514s
 156001 133495 1023.44112   96  935 1034.00000 1007.11080  2.60%   298 8583s
 158029 134906 1018.39725   74 1080 1034.00000 1007.13658  2.60%   298 8648s
 159752 136422 1011.29469   52 1378 1034.00000 1007.13939  2.60%   299 8709s
 160247 136422 1010.01692   53 1389 1034.00000 1007.13939  2.60%   299 8710s
 161290 136438 1017.72542   94 1244 1034.00000 1007.13939  2.60%   299 8796s
 161306 137700 1017.83960   95 1242 1034.00000 1007.13939  2.60%   299 8867s
 162568 139511 1022.14603  115 1124 1034.00000 1007.13939  2.60%   300 8939s
 164413 141562 1026.53986  145 1054 1034.00000 1007.14785  2.60%   301 9010s
 166824 143276 1032.85518  183  857 1034.00000 1007.14785  2.60%   301 9092s
 168913 144644 1020.02069  101 1114 1034.00000 1007.14785  2.60%   301 9154s
 170380 145972 1023.87144  128 1037 1034.00000 1007.14818  2.60%   301 9215s
 171762 147910 1027.67884  155  972 1034.00000 1007.14818  2.60%   301 9283s
 173862 149454 1013.27954   77 1352 1034.00000 1007.15686  2.60%   301 9350s
 175464 150685 1024.86572  166 1054 1034.00000 1007.15686  2.60%   302 9411s
 177063 151550 1008.78076   46 1468 1034.00000 1007.15686  2.60%   302 9481s
 178083 152753 1017.84459  109 1211 1034.00000 1007.15734  2.60%   302 9544s
 179587 153991 1031.28927  227  821 1034.00000 1007.15947  2.60%   301 9606s
 180911 155872 1018.29109  117 1195 1034.00000 1007.15947  2.60%   301 9672s
 183118 157235 1009.07010   36 1458 1034.00000 1007.15947  2.60%   301 9731s
 184565 158740 1013.98778   67 1283 1034.00000 1007.15955  2.60%   301 9794s
 186160 160465 1018.30013   98 1181 1034.00000 1007.15955  2.60%   302 9857s
 187903 162795 1023.49513  131 1046 1034.00000 1007.15955  2.60%   302 9940s
 190674 162811 1032.70363  181  814 1034.00000 1007.17762  2.59%   302 9998s
H190676 157577                    1033.0000000 1007.17762  2.50%   302 9998s
 190690 158578     cutoff  184      1033.00000 1007.17762  2.50%   302 10046s
 191816 159779 1014.74546   82 1331 1033.00000 1007.17762  2.50%   302 10096s
 193191 160777 1022.30023  137 1149 1033.00000 1007.17762  2.50%   302 10150s
 194423 162185 1010.43854   51 1413 1033.00000 1007.18061  2.50%   302 10207s
 195923 163726 1013.80084   79 1300 1033.00000 1007.18061  2.50%   302 10269s
 197724 164929 1029.71581  207  794 1033.00000 1007.18061  2.50%   302 10324s
 198957 166402 1017.85332  110 1240 1033.00000 1007.18061  2.50%   302 10384s
 200641 167459 1029.16022  204  978 1033.00000 1007.18061  2.50%   302 10443s
 201884 168391 1008.34719   42 1423 1033.00000 1007.18061  2.50%   302 10504s
 203018 168407 1017.44349   76 1182 1033.00000 1007.18061  2.50%   302 10579s
 203034 169043 1017.55074   76 1171 1033.00000 1007.18061  2.50%   302 10646s
 203743 169905 1019.34014   88 1105 1033.00000 1007.18061  2.50%   302 10720s
 204681 171431 1026.91289  125  845 1033.00000 1007.18061  2.50%   303 10785s
 206379 172977 1014.74964   83 1306 1033.00000 1007.18061  2.50%   302 10850s
 208204 174662 1031.98291  198  686 1033.00000 1007.18912  2.50%   302 10915s
 210135 176246 1017.04681  105 1219 1033.00000 1007.18912  2.50%   302 10988s
 211989 177477 1012.37940   69 1369 1033.00000 1007.18912  2.50%   302 11052s
 213308 179100 1018.02865  115 1203 1033.00000 1007.18912  2.50%   302 11123s
 215266 180727 1009.07788   34 1417 1033.00000 1007.18912  2.50%   302 11192s
 216979 182394 1019.48538   76 1058 1033.00000 1007.18912  2.50%   302 11261s
 218829 183120 1009.31445   40 1424 1033.00000 1007.18912  2.50%   302 11333s
 219575 184861 1011.69151   52 1334 1033.00000 1007.18912  2.50%   303 11404s
 221615 186280 1024.91989  124  914 1033.00000 1007.18912  2.50%   303 11466s
 223175 187762 1008.25802   43 1479 1033.00000 1007.18912  2.50%   302 11532s
 224879 188911 1019.31353  141 1202 1033.00000 1007.18912  2.50%   302 11595s
 226171 190413 1008.80967   46 1454 1033.00000 1007.21720  2.50%   302 11663s
 227864 191995 1013.71408   94 1317 1033.00000 1007.22073  2.50%   302 11728s
 229679 192011 1030.61566  231  977 1033.00000 1007.22073  2.50%   302 11819s
 229695 192198 1030.74812  232  970 1033.00000 1007.22073  2.50%   302 11890s
 229921 193656 1031.34240  238  958 1033.00000 1007.22180  2.50%   302 11957s
 231629 195358 1013.63407   58 1240 1033.00000 1007.22180  2.50%   301 12033s
 233535 196792 1026.45940  119  860 1033.00000 1007.22180  2.50%   302 12101s
 235351 198511 1009.37594   49 1442 1033.00000 1007.22180  2.50%   302 12160s
 237222 199900 1025.33697  149  976 1033.00000 1007.22180  2.50%   302 12217s
 238786 200835 1008.40317   40 1441 1033.00000 1007.22180  2.50%   302 12274s
 239888 201866 1015.73183  105 1239 1033.00000 1007.22180  2.50%   302 12334s
 241151 203508 1023.20859  168 1120 1033.00000 1007.22180  2.50%   301 12397s
 242975 204864 1011.22875   56 1354 1033.00000 1007.22180  2.50%   301 12457s
 244718 206218 1029.17788  182  946 1033.00000 1007.22180  2.50%   301 12516s
 246301 207410 1014.23275   80 1305 1033.00000 1007.22180  2.50%   301 12584s
 247592 208509 1026.86791  180 1020 1033.00000 1007.22180  2.50%   301 12647s
 249096 209388 1008.67566   44 1442 1033.00000 1007.24844  2.49%   300 12708s
 250021 210892 1014.99374   99 1310 1033.00000 1007.25083  2.49%   300 12772s
 251667 212604 1027.43260  201 1021 1033.00000 1007.25083  2.49%   300 12838s
 253661 214446 1016.38861  103 1260 1033.00000 1007.25813  2.49%   300 12913s
 255686 215565 1031.98720  219  891 1033.00000 1007.26134  2.49%   300 12972s
 257065 216931 1015.88177   97 1278 1033.00000 1007.26148  2.49%   300 13034s
 258649 217999 1028.89499  183  949 1033.00000 1007.26148  2.49%   300 13099s
 259970 219425 1014.93025   83 1307 1033.00000 1007.26558  2.49%   300 13165s
 261586 220692 1025.86853  164 1042 1033.00000 1007.26564  2.49%   300 13230s
 263139 221933 1008.01035   31 1483 1033.00000 1007.26564  2.49%   300 13296s
 264608 221949 1018.56241   93 1212 1033.00000 1007.26564  2.49%   300 13380s
 264624 222888 1018.70515   94 1187 1033.00000 1007.26564  2.49%   300 13455s
 265682 224399 1028.09602  168  991 1033.00000 1007.26564  2.49%   300 13530s
 267320 226111 1018.23123   95 1208 1033.00000 1007.26564  2.49%   300 13603s
 269236 227109 1009.66226   60 1414 1033.00000 1007.26564  2.49%   300 13681s
 270322 228716 1019.95772  125 1128 1033.00000 1007.26564  2.49%   300 13751s
 272213 230877 1008.52488   44 1443 1033.00000 1007.27228  2.49%   299 13821s
 274684 232322 1020.43735  132 1090 1033.00000 1007.27228  2.49%   299 13895s
 276290 233816 1009.62491   48 1412 1033.00000 1007.27228  2.49%   299 13972s
 278001 235520 1010.37981   52 1400 1033.00000 1007.27228  2.49%   299 14040s
 279884 236937 1013.93705   75 1315 1033.00000 1007.27879  2.49%   299 14106s
 281430 238311 1017.83353   95 1201 1033.00000 1007.27879  2.49%   299 14175s
 283028 239753 1019.53210  112 1165 1033.00000 1007.28565  2.49%   299 14245s
 284603 241587 1023.27020  131 1092 1033.00000 1007.28885  2.49%   299 14314s
 286671 242894 1028.59149  159  920 1033.00000 1007.28896  2.49%   299 14384s
 288203 243599 1030.92513  175  909 1033.00000 1007.28896  2.49%   299 14400s

Cutting planes:
  Flow cover: 225

Explored 288908 nodes (86498531 simplex iterations) in 14400.27 seconds (42476.90 work units)
Thread count was 32 (of 32 available processors)

Solution count 10: 1033 1034 1035 ... 1044

Time limit reached
Best objective 1.033000000000e+03, best bound 1.008000000000e+03, gap 2.4201%

User-callback calls 4737964, time in user-callback 14.80 sec
