
Gurobi 13.0.2 (linux64) logging started Fri Jun 26 05:18:27 2026

Set parameter LogFile to value "/tmp/sweep_20260625_231022_china_alt400km_s100_i1_v6_gurobi.log"
Set parameter Method to value 1
Set parameter NodefileStart to value 4
Set parameter RINS to value 50
Gurobi Optimizer version 13.0.2 build v13.0.2rc1 (linux64 - "Debian GNU/Linux 13 (trixie)")

CPU model: Intel(R) Xeon(R) Platinum 8375C CPU @ 2.90GHz, instruction set [SSE2|AVX|AVX2|AVX512]
Thread count: 16 physical cores, 32 logical processors, using up to 32 threads

Non-default parameters:
TimeLimit  21600
MIPGap  0.01
Method  1
LPWarmStart  1
Heuristics  0.2
MIPFocus  1
NodefileStart  4
RINS  50
Symmetry  2
Cuts  2
CoverCuts  2
LogToConsole  0

Academic license 2812613 - for non-commercial use only - registered to no___@gatech.edu
Optimize a model with 392028 rows, 71800 columns and 128563644 nonzeros (Min)
Model fingerprint: 0xf017d7ab
Model has 71800 linear objective coefficients
Variable types: 0 continuous, 71800 integer (71800 binary)
Coefficient statistics:
  Matrix range     [1e+00, 1e+00]
  Objective range  [1e+00, 1e+00]
  Bounds range     [1e+00, 1e+00]
  RHS range        [1e+02, 1e+02]

Found heuristic solution: objective 35398.000000
Presolve removed 0 rows and 0 columns (presolve time = 5s)...
Presolve removed 0 rows and 0 columns (presolve time = 20s)...
Presolve removed 0 rows and 0 columns (presolve time = 37s)...
Presolve removed 0 rows and 0 columns (presolve time = 51s)...
Presolve removed 0 rows and 0 columns (presolve time = 66s)...
Presolve removed 0 rows and 0 columns (presolve time = 84s)...
Presolve removed 0 rows and 0 columns (presolve time = 101s)...
Presolve removed 0 rows and 0 columns (presolve time = 105s)...
Presolve removed 0 rows and 0 columns (presolve time = 134s)...
Presolve removed 0 rows and 0 columns (presolve time = 149s)...
Presolve removed 0 rows and 0 columns (presolve time = 164s)...
Presolve removed 0 rows and 0 columns (presolve time = 178s)...
Presolve removed 0 rows and 0 columns (presolve time = 180s)...
Presolve removed 0 rows and 0 columns (presolve time = 185s)...
Presolve removed 0 rows and 0 columns (presolve time = 190s)...
Presolve removed 0 rows and 0 columns (presolve time = 196s)...
Presolve removed 0 rows and 0 columns (presolve time = 200s)...
Presolve removed 0 rows and 0 columns (presolve time = 205s)...
Presolve removed 0 rows and 0 columns (presolve time = 210s)...
Presolve removed 0 rows and 0 columns (presolve time = 215s)...
Presolve removed 0 rows and 0 columns (presolve time = 220s)...
Presolve removed 0 rows and 0 columns (presolve time = 225s)...
Presolve removed 0 rows and 0 columns (presolve time = 230s)...
Presolve removed 0 rows and 0 columns (presolve time = 252s)...
Presolve removed 0 rows and 0 columns (presolve time = 255s)...
Presolve removed 0 rows and 0 columns (presolve time = 263s)...
Presolve removed 0 rows and 0 columns (presolve time = 266s)...
Presolve removed 0 rows and 0 columns (presolve time = 280s)...
Presolve removed 0 rows and 0 columns (presolve time = 280s)...
Presolve removed 0 rows and 0 columns (presolve time = 285s)...
Presolve removed 0 rows and 0 columns (presolve time = 290s)...
Presolve removed 0 rows and 0 columns (presolve time = 295s)...
Presolve removed 0 rows and 0 columns (presolve time = 300s)...
Presolve removed 0 rows and 0 columns (presolve time = 305s)...
Presolve removed 0 rows and 0 columns (presolve time = 310s)...
Presolve removed 0 rows and 0 columns (presolve time = 315s)...
Presolve removed 0 rows and 0 columns (presolve time = 320s)...
Presolve removed 0 rows and 0 columns (presolve time = 325s)...
Presolve removed 0 rows and 0 columns (presolve time = 346s)...
Presolve removed 0 rows and 0 columns (presolve time = 351s)...
Presolve removed 0 rows and 0 columns (presolve time = 390s)...
Presolve removed 0 rows and 0 columns (presolve time = 395s)...
Presolve removed 0 rows and 0 columns (presolve time = 400s)...
Presolve removed 0 rows and 0 columns (presolve time = 405s)...
Presolve removed 0 rows and 0 columns (presolve time = 410s)...
Presolve removed 0 rows and 0 columns (presolve time = 415s)...
Presolve removed 0 rows and 0 columns (presolve time = 420s)...
Presolve removed 0 rows and 0 columns (presolve time = 425s)...
Presolve removed 0 rows and 0 columns (presolve time = 430s)...
Presolve removed 0 rows and 0 columns (presolve time = 435s)...
Presolve removed 0 rows and 0 columns (presolve time = 440s)...
Presolve removed 0 rows and 0 columns (presolve time = 445s)...
Presolve removed 0 rows and 0 columns (presolve time = 450s)...
Presolve removed 0 rows and 0 columns (presolve time = 455s)...
Presolve removed 0 rows and 0 columns (presolve time = 460s)...
Presolve removed 0 rows and 0 columns (presolve time = 465s)...
Presolve removed 0 rows and 0 columns (presolve time = 470s)...
Presolve removed 0 rows and 0 columns (presolve time = 475s)...
Presolve removed 0 rows and 0 columns (presolve time = 480s)...
Presolve removed 0 rows and 0 columns (presolve time = 485s)...
Presolve removed 0 rows and 0 columns (presolve time = 490s)...
Presolve removed 0 rows and 0 columns (presolve time = 495s)...
Presolve removed 0 rows and 0 columns (presolve time = 500s)...
Presolve removed 0 rows and 0 columns (presolve time = 505s)...
Presolve removed 0 rows and 0 columns (presolve time = 510s)...
Presolve removed 0 rows and 0 columns (presolve time = 515s)...
Presolve removed 0 rows and 0 columns (presolve time = 520s)...
Presolve removed 0 rows and 0 columns (presolve time = 525s)...
Presolve removed 0 rows and 0 columns (presolve time = 530s)...
Presolve removed 0 rows and 0 columns (presolve time = 535s)...
Presolve removed 0 rows and 0 columns (presolve time = 540s)...
Presolve removed 0 rows and 0 columns (presolve time = 545s)...
Presolve removed 0 rows and 0 columns (presolve time = 550s)...
Presolve removed 0 rows and 0 columns (presolve time = 555s)...
Presolve removed 0 rows and 0 columns (presolve time = 560s)...
Presolve removed 0 rows and 0 columns (presolve time = 565s)...
Presolve removed 0 rows and 0 columns (presolve time = 570s)...
Presolve removed 0 rows and 0 columns (presolve time = 575s)...
Presolve removed 0 rows and 0 columns (presolve time = 580s)...
Presolve removed 0 rows and 0 columns (presolve time = 585s)...
Presolve removed 0 rows and 0 columns (presolve time = 590s)...
Presolve removed 0 rows and 0 columns (presolve time = 595s)...
Presolve removed 0 rows and 0 columns (presolve time = 600s)...
Presolve removed 0 rows and 0 columns (presolve time = 605s)...
Presolve removed 0 rows and 0 columns (presolve time = 610s)...
Presolve removed 0 rows and 0 columns (presolve time = 615s)...
Presolve removed 0 rows and 0 columns (presolve time = 620s)...
Presolve removed 0 rows and 0 columns (presolve time = 625s)...
Presolve removed 0 rows and 0 columns (presolve time = 630s)...
Presolve removed 0 rows and 0 columns (presolve time = 635s)...
Presolve removed 0 rows and 0 columns (presolve time = 640s)...
Presolve removed 0 rows and 0 columns (presolve time = 645s)...
Presolve removed 0 rows and 0 columns (presolve time = 650s)...
Presolve removed 0 rows and 0 columns (presolve time = 655s)...
Presolve removed 0 rows and 0 columns (presolve time = 660s)...
Presolve removed 0 rows and 0 columns (presolve time = 665s)...
Presolve removed 0 rows and 0 columns (presolve time = 670s)...
Presolve removed 0 rows and 0 columns (presolve time = 675s)...
Presolve removed 0 rows and 0 columns (presolve time = 680s)...
Presolve removed 0 rows and 0 columns (presolve time = 685s)...
Presolve removed 0 rows and 0 columns (presolve time = 690s)...
Presolve removed 0 rows and 0 columns (presolve time = 695s)...
Presolve removed 0 rows and 0 columns (presolve time = 700s)...
Presolve removed 0 rows and 0 columns (presolve time = 705s)...
Presolve removed 0 rows and 0 columns (presolve time = 710s)...
Presolve removed 0 rows and 0 columns (presolve time = 715s)...
Presolve removed 0 rows and 0 columns (presolve time = 720s)...
Presolve removed 0 rows and 0 columns (presolve time = 725s)...
Presolve removed 0 rows and 0 columns (presolve time = 730s)...
Presolve removed 0 rows and 0 columns (presolve time = 735s)...
Presolve removed 0 rows and 0 columns (presolve time = 740s)...
Presolve removed 0 rows and 0 columns (presolve time = 745s)...
Presolve removed 0 rows and 0 columns (presolve time = 750s)...
Presolve removed 0 rows and 0 columns (presolve time = 755s)...
Presolve removed 0 rows and 0 columns (presolve time = 760s)...
Presolve removed 0 rows and 0 columns (presolve time = 765s)...
Presolve removed 0 rows and 0 columns (presolve time = 770s)...
Presolve removed 0 rows and 0 columns (presolve time = 775s)...
Presolve removed 0 rows and 0 columns (presolve time = 780s)...
Presolve removed 0 rows and 0 columns (presolve time = 785s)...
Presolve removed 0 rows and 0 columns (presolve time = 790s)...
Presolve removed 0 rows and 0 columns (presolve time = 795s)...
Presolve removed 0 rows and 0 columns (presolve time = 800s)...
Presolve removed 0 rows and 0 columns (presolve time = 805s)...
Presolve removed 0 rows and 0 columns (presolve time = 810s)...
Presolve removed 0 rows and 0 columns (presolve time = 815s)...
Presolve removed 0 rows and 0 columns (presolve time = 820s)...
Presolve removed 0 rows and 0 columns (presolve time = 825s)...
Presolve removed 0 rows and 0 columns (presolve time = 830s)...
Presolve removed 0 rows and 0 columns (presolve time = 835s)...
Presolve removed 0 rows and 0 columns (presolve time = 840s)...
Presolve removed 0 rows and 0 columns (presolve time = 845s)...
Presolve removed 0 rows and 0 columns (presolve time = 850s)...
Presolve removed 0 rows and 0 columns (presolve time = 855s)...
Presolve removed 0 rows and 0 columns (presolve time = 860s)...
Presolve removed 0 rows and 0 columns (presolve time = 865s)...
Presolve removed 0 rows and 0 columns (presolve time = 870s)...
Presolve removed 0 rows and 0 columns (presolve time = 875s)...
Presolve removed 0 rows and 0 columns (presolve time = 880s)...
Presolve removed 0 rows and 0 columns (presolve time = 885s)...
Presolve removed 0 rows and 0 columns (presolve time = 890s)...
Presolve removed 0 rows and 0 columns (presolve time = 895s)...
Presolve removed 0 rows and 0 columns (presolve time = 900s)...
Presolve removed 0 rows and 0 columns (presolve time = 905s)...
Presolve removed 0 rows and 0 columns (presolve time = 910s)...
Presolve removed 0 rows and 0 columns (presolve time = 915s)...
Presolve removed 0 rows and 0 columns (presolve time = 920s)...
Presolve removed 0 rows and 0 columns (presolve time = 925s)...
Presolve removed 0 rows and 0 columns (presolve time = 930s)...
Presolve removed 0 rows and 0 columns (presolve time = 935s)...
Presolve removed 0 rows and 0 columns (presolve time = 940s)...
Presolve removed 0 rows and 0 columns (presolve time = 945s)...
Presolve removed 0 rows and 0 columns (presolve time = 950s)...
Presolve removed 0 rows and 0 columns (presolve time = 955s)...
Presolve removed 0 rows and 0 columns (presolve time = 960s)...
Presolve removed 0 rows and 0 columns (presolve time = 965s)...
Presolve removed 0 rows and 0 columns (presolve time = 970s)...
Presolve removed 0 rows and 0 columns (presolve time = 975s)...
Presolve removed 0 rows and 0 columns (presolve time = 980s)...
Presolve removed 0 rows and 0 columns (presolve time = 985s)...
Presolve removed 0 rows and 0 columns (presolve time = 990s)...
Presolve removed 0 rows and 0 columns (presolve time = 995s)...
Presolve removed 0 rows and 0 columns (presolve time = 1000s)...
Presolve removed 0 rows and 0 columns (presolve time = 1005s)...
Presolve removed 0 rows and 0 columns (presolve time = 1010s)...
Presolve removed 0 rows and 0 columns (presolve time = 1015s)...
Presolve removed 0 rows and 0 columns (presolve time = 1020s)...
Presolve removed 0 rows and 0 columns (presolve time = 1025s)...
Presolve removed 0 rows and 0 columns (presolve time = 1030s)...
Presolve removed 0 rows and 0 columns (presolve time = 1035s)...
Presolve removed 0 rows and 0 columns (presolve time = 1040s)...
Presolve removed 0 rows and 0 columns (presolve time = 1045s)...
Presolve removed 0 rows and 0 columns (presolve time = 1050s)...
Presolve removed 0 rows and 0 columns (presolve time = 1055s)...
Presolve removed 0 rows and 0 columns (presolve time = 1060s)...
Presolve removed 0 rows and 0 columns (presolve time = 1065s)...
Presolve removed 0 rows and 0 columns (presolve time = 1070s)...
Presolve removed 0 rows and 0 columns (presolve time = 1075s)...
Presolve removed 0 rows and 0 columns (presolve time = 1080s)...
Presolve removed 0 rows and 0 columns (presolve time = 1085s)...
Presolve removed 0 rows and 0 columns (presolve time = 1090s)...
Presolve removed 0 rows and 0 columns (presolve time = 1095s)...
Presolve removed 0 rows and 0 columns (presolve time = 1100s)...
Presolve removed 0 rows and 0 columns (presolve time = 1105s)...
Presolve removed 0 rows and 0 columns (presolve time = 1110s)...
Presolve removed 0 rows and 0 columns (presolve time = 1115s)...
Presolve removed 0 rows and 0 columns (presolve time = 1120s)...
Presolve removed 0 rows and 0 columns (presolve time = 1125s)...
Presolve removed 0 rows and 0 columns (presolve time = 1130s)...
Presolve removed 0 rows and 0 columns (presolve time = 1135s)...
Presolve removed 0 rows and 0 columns (presolve time = 1140s)...
Presolve removed 0 rows and 0 columns (presolve time = 1145s)...
Presolve removed 0 rows and 0 columns (presolve time = 1150s)...
Presolve removed 0 rows and 0 columns (presolve time = 1155s)...
Presolve removed 0 rows and 0 columns (presolve time = 1160s)...
Presolve removed 0 rows and 0 columns (presolve time = 1165s)...
Presolve removed 0 rows and 0 columns (presolve time = 1170s)...
Presolve removed 0 rows and 0 columns (presolve time = 1175s)...
Presolve removed 0 rows and 0 columns (presolve time = 1180s)...
Presolve removed 0 rows and 0 columns (presolve time = 1185s)...
Presolve removed 0 rows and 0 columns (presolve time = 1190s)...
Presolve removed 0 rows and 0 columns (presolve time = 1195s)...
Presolve removed 0 rows and 0 columns (presolve time = 1200s)...
Presolve removed 0 rows and 0 columns (presolve time = 1205s)...
Presolve removed 0 rows and 0 columns (presolve time = 1210s)...
Presolve removed 0 rows and 0 columns (presolve time = 1215s)...
Presolve removed 0 rows and 0 columns (presolve time = 1220s)...
Presolve removed 0 rows and 0 columns (presolve time = 1225s)...
Presolve removed 0 rows and 0 columns (presolve time = 1230s)...
Presolve removed 0 rows and 0 columns (presolve time = 1235s)...
Presolve removed 0 rows and 0 columns (presolve time = 1240s)...
Presolve removed 0 rows and 0 columns (presolve time = 1245s)...
Presolve removed 0 rows and 0 columns (presolve time = 1250s)...
Presolve removed 0 rows and 0 columns (presolve time = 1255s)...
Presolve removed 0 rows and 0 columns (presolve time = 1260s)...
Presolve removed 0 rows and 0 columns (presolve time = 1265s)...
Presolve removed 0 rows and 0 columns (presolve time = 1270s)...
Presolve removed 0 rows and 0 columns (presolve time = 1275s)...
Presolve removed 0 rows and 0 columns (presolve time = 1280s)...
Presolve removed 0 rows and 0 columns (presolve time = 1285s)...
Presolve removed 0 rows and 0 columns (presolve time = 1290s)...
Presolve removed 0 rows and 0 columns (presolve time = 1295s)...
Presolve removed 0 rows and 0 columns (presolve time = 1300s)...
Presolve removed 0 rows and 0 columns (presolve time = 1305s)...
Presolve removed 0 rows and 0 columns (presolve time = 1310s)...
Presolve removed 0 rows and 0 columns (presolve time = 1315s)...
Presolve removed 0 rows and 0 columns (presolve time = 1320s)...
Presolve removed 0 rows and 0 columns (presolve time = 1325s)...
Presolve removed 0 rows and 0 columns (presolve time = 1330s)...
Presolve removed 0 rows and 0 columns (presolve time = 1335s)...
Presolve removed 0 rows and 0 columns (presolve time = 1340s)...
Presolve removed 0 rows and 0 columns (presolve time = 1345s)...
Presolve removed 0 rows and 0 columns (presolve time = 1350s)...
Presolve removed 0 rows and 0 columns (presolve time = 1355s)...
Presolve removed 0 rows and 0 columns (presolve time = 1360s)...
Presolve removed 0 rows and 0 columns (presolve time = 1365s)...
Presolve removed 0 rows and 0 columns (presolve time = 1370s)...
Presolve removed 0 rows and 0 columns (presolve time = 1375s)...
Presolve removed 0 rows and 0 columns (presolve time = 1380s)...
Presolve removed 0 rows and 0 columns (presolve time = 1385s)...
Presolve removed 0 rows and 0 columns (presolve time = 1390s)...
Presolve removed 0 rows and 0 columns (presolve time = 1395s)...
Presolve removed 0 rows and 0 columns (presolve time = 1400s)...
Presolve removed 0 rows and 0 columns (presolve time = 1405s)...
Presolve removed 0 rows and 0 columns (presolve time = 1410s)...
Presolve removed 0 rows and 0 columns (presolve time = 1415s)...
Presolve removed 0 rows and 0 columns (presolve time = 1420s)...
Presolve removed 0 rows and 0 columns (presolve time = 1425s)...
Presolve removed 0 rows and 0 columns (presolve time = 1430s)...
Presolve removed 0 rows and 0 columns (presolve time = 1435s)...
Presolve removed 0 rows and 0 columns (presolve time = 1440s)...
Presolve removed 0 rows and 0 columns (presolve time = 1445s)...
Presolve removed 0 rows and 0 columns (presolve time = 1450s)...
Presolve removed 0 rows and 0 columns (presolve time = 1455s)...
Presolve removed 0 rows and 0 columns (presolve time = 1460s)...
Presolve removed 0 rows and 0 columns (presolve time = 1465s)...
Presolve removed 0 rows and 0 columns (presolve time = 1470s)...
Presolve removed 0 rows and 0 columns (presolve time = 1475s)...
Presolve removed 0 rows and 0 columns (presolve time = 1480s)...
Presolve removed 0 rows and 0 columns (presolve time = 1485s)...
Presolve removed 0 rows and 0 columns (presolve time = 1490s)...
Presolve removed 0 rows and 0 columns (presolve time = 1495s)...
Presolve removed 0 rows and 0 columns (presolve time = 1500s)...
Presolve removed 0 rows and 0 columns (presolve time = 1505s)...
Presolve removed 0 rows and 0 columns (presolve time = 1510s)...
Presolve removed 0 rows and 0 columns (presolve time = 1515s)...
Presolve removed 0 rows and 0 columns (presolve time = 1520s)...
Presolve removed 0 rows and 0 columns (presolve time = 1525s)...
Presolve removed 0 rows and 0 columns (presolve time = 1530s)...
Presolve removed 0 rows and 0 columns (presolve time = 1535s)...
Presolve removed 0 rows and 0 columns (presolve time = 1540s)...
Presolve removed 0 rows and 0 columns (presolve time = 1545s)...
Presolve removed 0 rows and 0 columns (presolve time = 1550s)...
Presolve removed 0 rows and 0 columns (presolve time = 1555s)...
Presolve removed 0 rows and 0 columns (presolve time = 1560s)...
Presolve removed 0 rows and 0 columns (presolve time = 1565s)...
Presolve removed 0 rows and 0 columns (presolve time = 1570s)...
Presolve removed 0 rows and 0 columns (presolve time = 1575s)...
Presolve removed 0 rows and 0 columns (presolve time = 1580s)...
Presolve removed 0 rows and 0 columns (presolve time = 1585s)...
Presolve removed 0 rows and 0 columns (presolve time = 1590s)...
Presolve removed 0 rows and 0 columns (presolve time = 1595s)...
Presolve removed 0 rows and 0 columns (presolve time = 1600s)...
Presolve removed 0 rows and 0 columns (presolve time = 1605s)...
Presolve removed 0 rows and 0 columns (presolve time = 1610s)...
Presolve removed 0 rows and 0 columns (presolve time = 1615s)...
Presolve removed 0 rows and 0 columns (presolve time = 1620s)...
Presolve removed 0 rows and 0 columns (presolve time = 1625s)...
Presolve removed 0 rows and 0 columns (presolve time = 1630s)...
Presolve removed 0 rows and 0 columns (presolve time = 1635s)...
Presolve removed 0 rows and 0 columns (presolve time = 1640s)...
Presolve removed 0 rows and 0 columns (presolve time = 1645s)...
Presolve removed 0 rows and 0 columns (presolve time = 1650s)...
Presolve removed 0 rows and 0 columns (presolve time = 1655s)...
Presolve removed 0 rows and 0 columns (presolve time = 1660s)...
Presolve removed 0 rows and 0 columns (presolve time = 1665s)...
Presolve removed 0 rows and 0 columns (presolve time = 1670s)...
Presolve removed 0 rows and 0 columns (presolve time = 1675s)...
Presolve removed 0 rows and 0 columns (presolve time = 1680s)...
Presolve removed 0 rows and 0 columns (presolve time = 1685s)...
Presolve removed 0 rows and 0 columns (presolve time = 1690s)...
Presolve removed 0 rows and 0 columns (presolve time = 1695s)...
Presolve removed 0 rows and 0 columns (presolve time = 1700s)...
Presolve removed 0 rows and 0 columns (presolve time = 1705s)...
Presolve removed 0 rows and 0 columns (presolve time = 1710s)...
Presolve removed 0 rows and 0 columns (presolve time = 1715s)...
Presolve removed 0 rows and 0 columns (presolve time = 1720s)...
Presolve removed 0 rows and 0 columns (presolve time = 1725s)...
Presolve removed 0 rows and 0 columns (presolve time = 1730s)...
Presolve removed 0 rows and 0 columns (presolve time = 1735s)...
Presolve removed 0 rows and 0 columns (presolve time = 1740s)...
Presolve removed 0 rows and 0 columns (presolve time = 1745s)...
Presolve removed 0 rows and 0 columns (presolve time = 1750s)...
Presolve removed 0 rows and 0 columns (presolve time = 1755s)...
Presolve removed 0 rows and 0 columns (presolve time = 1760s)...
Presolve removed 0 rows and 0 columns (presolve time = 1765s)...
Presolve removed 0 rows and 0 columns (presolve time = 1770s)...
Presolve removed 0 rows and 0 columns (presolve time = 1775s)...
Presolve removed 0 rows and 0 columns (presolve time = 1780s)...
Presolve removed 0 rows and 0 columns (presolve time = 1785s)...
Presolve removed 0 rows and 0 columns (presolve time = 1790s)...
Presolve removed 0 rows and 0 columns (presolve time = 1795s)...
Presolve removed 0 rows and 0 columns (presolve time = 1800s)...
Presolve removed 0 rows and 0 columns (presolve time = 1805s)...
Presolve removed 0 rows and 0 columns (presolve time = 1810s)...
Presolve removed 0 rows and 0 columns (presolve time = 1815s)...
Presolve removed 0 rows and 0 columns (presolve time = 1820s)...
Presolve removed 0 rows and 0 columns (presolve time = 1825s)...
Presolve removed 0 rows and 0 columns (presolve time = 1830s)...
Presolve removed 0 rows and 0 columns (presolve time = 1835s)...
Presolve removed 0 rows and 0 columns (presolve time = 1840s)...
Presolve removed 0 rows and 0 columns (presolve time = 1845s)...
Presolve removed 0 rows and 0 columns (presolve time = 1850s)...
Presolve removed 0 rows and 0 columns (presolve time = 1855s)...
Presolve removed 0 rows and 0 columns (presolve time = 1860s)...
Presolve removed 0 rows and 0 columns (presolve time = 1865s)...
Presolve removed 0 rows and 0 columns (presolve time = 1870s)...
Presolve removed 0 rows and 0 columns (presolve time = 1875s)...
Presolve removed 0 rows and 0 columns (presolve time = 1880s)...
Presolve removed 0 rows and 0 columns (presolve time = 1885s)...
Presolve removed 0 rows and 0 columns (presolve time = 1890s)...
Presolve removed 0 rows and 0 columns (presolve time = 1895s)...
Presolve removed 0 rows and 0 columns (presolve time = 1900s)...
Presolve removed 0 rows and 0 columns (presolve time = 1905s)...
Presolve removed 0 rows and 0 columns (presolve time = 1910s)...
Presolve removed 0 rows and 0 columns (presolve time = 1915s)...
Presolve removed 0 rows and 0 columns (presolve time = 1920s)...
Presolve removed 0 rows and 0 columns (presolve time = 1925s)...
Presolve removed 0 rows and 0 columns (presolve time = 1930s)...
Presolve removed 0 rows and 0 columns (presolve time = 1935s)...
Presolve removed 0 rows and 0 columns (presolve time = 1940s)...
Presolve removed 0 rows and 0 columns (presolve time = 1945s)...
Presolve removed 0 rows and 0 columns (presolve time = 1950s)...
Presolve removed 0 rows and 0 columns (presolve time = 1955s)...
Presolve removed 0 rows and 0 columns (presolve time = 1960s)...
Presolve removed 0 rows and 0 columns (presolve time = 1965s)...
Presolve removed 0 rows and 0 columns (presolve time = 1970s)...
Presolve removed 0 rows and 0 columns (presolve time = 1975s)...
Presolve removed 0 rows and 0 columns (presolve time = 1980s)...
Presolve removed 0 rows and 0 columns (presolve time = 1985s)...
Presolve removed 0 rows and 0 columns (presolve time = 1990s)...
Presolve removed 0 rows and 0 columns (presolve time = 1995s)...
Presolve removed 0 rows and 0 columns (presolve time = 2000s)...
Presolve removed 0 rows and 0 columns (presolve time = 2005s)...
Presolve removed 0 rows and 0 columns (presolve time = 2010s)...
Presolve removed 0 rows and 0 columns (presolve time = 2015s)...
Presolve removed 0 rows and 0 columns (presolve time = 2020s)...
Presolve removed 0 rows and 0 columns (presolve time = 2025s)...
Presolve removed 0 rows and 0 columns (presolve time = 2030s)...
Presolve removed 0 rows and 0 columns (presolve time = 2035s)...
Presolve removed 0 rows and 0 columns (presolve time = 2040s)...
Presolve removed 0 rows and 0 columns (presolve time = 2045s)...
Presolve removed 0 rows and 0 columns (presolve time = 2050s)...
Presolve removed 0 rows and 0 columns (presolve time = 2055s)...
Presolve removed 0 rows and 0 columns (presolve time = 2060s)...
Presolve removed 0 rows and 0 columns (presolve time = 2065s)...
Presolve removed 0 rows and 0 columns (presolve time = 2070s)...
Presolve removed 0 rows and 0 columns (presolve time = 2075s)...
Presolve removed 0 rows and 0 columns (presolve time = 2080s)...
Presolve removed 0 rows and 0 columns (presolve time = 2085s)...
Presolve removed 0 rows and 0 columns (presolve time = 2090s)...
Presolve removed 0 rows and 0 columns (presolve time = 2095s)...
Presolve removed 0 rows and 0 columns (presolve time = 2100s)...
Presolve removed 0 rows and 0 columns (presolve time = 2105s)...
Presolve removed 0 rows and 0 columns (presolve time = 2110s)...
Presolve removed 0 rows and 0 columns (presolve time = 2115s)...
Presolve removed 0 rows and 0 columns (presolve time = 2120s)...
Presolve removed 0 rows and 0 columns (presolve time = 2125s)...
Presolve removed 0 rows and 0 columns (presolve time = 2130s)...
Presolve removed 0 rows and 0 columns (presolve time = 2135s)...
Presolve removed 0 rows and 0 columns (presolve time = 2140s)...
Presolve removed 0 rows and 0 columns (presolve time = 2145s)...
Presolve removed 0 rows and 0 columns (presolve time = 2150s)...
Presolve removed 0 rows and 0 columns (presolve time = 2155s)...
Presolve removed 0 rows and 0 columns (presolve time = 2160s)...
Presolve removed 0 rows and 0 columns (presolve time = 2165s)...
Presolve removed 0 rows and 0 columns (presolve time = 2170s)...
Presolve removed 0 rows and 0 columns (presolve time = 2175s)...
Presolve removed 0 rows and 0 columns (presolve time = 2180s)...
Presolve removed 0 rows and 0 columns (presolve time = 2185s)...
Presolve removed 0 rows and 0 columns (presolve time = 2190s)...
Presolve removed 0 rows and 0 columns (presolve time = 2195s)...
Presolve removed 0 rows and 0 columns (presolve time = 2200s)...
Presolve removed 0 rows and 0 columns (presolve time = 2205s)...
Presolve removed 0 rows and 0 columns (presolve time = 2210s)...
Presolve removed 0 rows and 0 columns (presolve time = 2215s)...
Presolve removed 0 rows and 0 columns (presolve time = 2220s)...
Presolve removed 0 rows and 0 columns (presolve time = 2225s)...
Presolve removed 0 rows and 0 columns (presolve time = 2230s)...
Presolve removed 0 rows and 0 columns (presolve time = 2235s)...
Presolve removed 0 rows and 0 columns (presolve time = 2240s)...
Presolve removed 0 rows and 0 columns (presolve time = 2246s)...
Presolve removed 0 rows and 0 columns (presolve time = 2265s)...
Presolve time: 2265.01s
Presolved: 392028 rows, 71800 columns, 128563644 nonzeros
Variable types: 0 continuous, 71800 integer (71800 binary)

Root simplex log...

Iteration    Objective       Primal Inf.    Dual Inf.      Time
       0   -0.0000000e+00   0.000000e+00   7.300000e+03   2342s
      87    2.2257773e+04   0.000000e+00   0.000000e+00   2342s
      87    2.2257773e+04   0.000000e+00   0.000000e+00   2342s

Use crossover to convert LP symmetric solution to basic solution...

Root crossover log...

  373360 variables added to crossover basis                     2352s
  377710 variables added to crossover basis                     2355s
  379300 variables added to crossover basis                     2360s
  380050 variables added to crossover basis                     2365s
  380620 variables added to crossover basis                     2370s
  381700 variables added to crossover basis                     2375s
  382120 variables added to crossover basis                     2380s
  382510 variables added to crossover basis                     2385s
  382840 variables added to crossover basis                     2390s
  383170 variables added to crossover basis                     2395s
  383470 variables added to crossover basis                     2400s
  383740 variables added to crossover basis                     2405s
  384220 variables added to crossover basis                     2410s
  384610 variables added to crossover basis                     2415s
  384970 variables added to crossover basis                     2420s
  385300 variables added to crossover basis                     2425s
  385690 variables added to crossover basis                     2430s
  386080 variables added to crossover basis                     2435s
  386440 variables added to crossover basis                     2440s
  386740 variables added to crossover basis                     2445s
  387010 variables added to crossover basis                     2450s
  387250 variables added to crossover basis                     2455s
  387460 variables added to crossover basis                     2460s
  387700 variables added to crossover basis                     2466s
  387910 variables added to crossover basis                     2471s
  388090 variables added to crossover basis                     2476s
  388270 variables added to crossover basis                     2480s
  388450 variables added to crossover basis                     2485s
  388660 variables added to crossover basis                     2491s
  388840 variables added to crossover basis                     2496s
  389020 variables added to crossover basis                     2501s
  389170 variables added to crossover basis                     2505s
  389350 variables added to crossover basis                     2510s
  389530 variables added to crossover basis                     2516s
  389710 variables added to crossover basis                     2521s
  389860 variables added to crossover basis                     2525s
  390040 variables added to crossover basis                     2531s
  390190 variables added to crossover basis                     2536s
  390340 variables added to crossover basis                     2540s
  390490 variables added to crossover basis                     2545s
  390640 variables added to crossover basis                     2550s
  390790 variables added to crossover basis                     2555s
  390940 variables added to crossover basis                     2561s
  391090 variables added to crossover basis                     2566s
  391240 variables added to crossover basis                     2571s
  391360 variables added to crossover basis                     2575s
  391510 variables added to crossover basis                     2580s
  391660 variables added to crossover basis                     2586s
  391810 variables added to crossover basis                     2590s
  391960 variables added to crossover basis                     2595s

       0 DPushes remaining with DInf 0.0000000e+00              2997s

       0 PPushes remaining with PInf 0.0000000e+00              2998s

  Push phase complete: Pinf 0.0000000e+00, Dinf 2.6204197e-08   2999s


Root simplex log...

Iteration    Objective       Primal Inf.    Dual Inf.      Time
      90    2.2257773e+04   0.000000e+00   0.000000e+00   3216s
Crossover time: 873.46 seconds (1926.83 work units)

Root relaxation: objective 2.225777e+04, 90 iterations, 937.78 seconds (1973.49 work units)

    Nodes    |    Current Node    |     Objective Bounds      |     Work
 Expl Unexpl |  Obj  Depth IntInf | Incumbent    BestBd   Gap | It/Node Time

     0     0 22257.7727    0 18668 35398.0000 22257.7727  37.1%     - 4064s
H    0     0                    28642.000000 22257.7727  22.3%     - 4065s
H    0     0                    24968.000000 22257.7727  10.9%     - 4066s
H    0     0                    24565.000000 22257.7727  9.39%     - 4066s
H    0     0                    24249.000000 22257.7727  8.21%     - 5344s
H    0     0                    23638.000000 22257.7727  5.84%     - 5345s
H    0     0                    23184.000000 22257.7727  4.00%     - 5345s
H    0     0                    23097.000000 22257.7727  3.63%     - 5346s
H    0     0                    22996.000000 22257.7727  3.21%     - 5347s
H    0     0                    22984.000000 22257.7727  3.16%     - 5348s
H    0     0                    22966.000000 22257.7727  3.08%     - 5350s
H    0     0                    22964.000000 22257.7727  3.08%     - 5350s
H    0     0                    22961.000000 22257.7727  3.06%     - 5433s
H    0     0                    22960.000000 22257.7727  3.06%     - 5434s
H    0     0                    22956.000000 22257.7727  3.04%     - 5507s
H    0     0                    22951.000000 22257.7727  3.02%     - 5553s
     0     0 22257.7727    0 18668 22951.0000 22257.7727  3.02%     - 13736s

Explored 1 nodes (90 simplex iterations) in 21601.76 seconds (37819.43 work units)
Thread count was 32 (of 32 available processors)

Solution count 10: 22951 22956 22960 ... 23184

Time limit reached
Best objective 2.295100000000e+04, best bound 2.225800000000e+04, gap 3.0195%

User-callback calls 349778, time in user-callback 1.22 sec
