
Gurobi 13.0.2 (linux64) logging started Sun Jul 19 18:32:50 2026

Set parameter LogFile to value "/tmp/sweep_20260716_013919_north-korea_alt550km_s20_i6_v6_gurobi.log"
Set parameter Method to value 1
Set parameter NodefileStart to value 4
Set parameter RINS to value 50
Gurobi Optimizer version 13.0.2 build v13.0.2rc1 (linux64 - "Debian GNU/Linux 13 (trixie)")

CPU model: Intel(R) Xeon(R) Platinum 8375C CPU @ 2.90GHz, instruction set [SSE2|AVX|AVX2|AVX512]
Thread count: 16 physical cores, 32 logical processors, using up to 32 threads

Non-default parameters:
TimeLimit  14400
MIPGap  0.001
Method  1
LPWarmStart  1
Heuristics  0.2
MIPFocus  1
NodefileStart  4
RINS  50
Symmetry  2
Cuts  2
CoverCuts  2
LogToConsole  0

Academic license 2812613 - for non-commercial use only - registered to no___@gatech.edu
Optimize a model with 1436 rows, 10770 columns and 123496 nonzeros (Min)
Model fingerprint: 0x2e266d59
Model has 10770 linear objective coefficients
Variable types: 0 continuous, 10770 integer (10770 binary)
Coefficient statistics:
  Matrix range     [1e+00, 1e+00]
  Objective range  [1e+00, 1e+00]
  Bounds range     [1e+00, 1e+00]
  RHS range        [4e+00, 4e+00]

Found heuristic solution: objective 718.0000000
Presolve removed 0 rows and 718 columns
Presolve time: 0.10s
Presolved: 1436 rows, 10052 columns, 113444 nonzeros
Variable types: 0 continuous, 10052 integer (9334 binary)

Root simplex log...

Iteration    Objective       Primal Inf.    Dual Inf.      Time
   14591    3.9022216e+02   1.431015e+03   0.000000e+00      5s
   18260    3.9163636e+02   0.000000e+00   0.000000e+00      8s

Root relaxation: objective 3.916364e+02, 18260 iterations, 8.12 seconds (16.28 work units)

    Nodes    |    Current Node    |     Objective Bounds      |     Work
 Expl Unexpl |  Obj  Depth IntInf | Incumbent    BestBd   Gap | It/Node Time

     0     0  391.63636    0 1077  718.00000  391.63636  45.5%     -   10s
H    0     0                     588.0000000  391.63636  33.4%     -   10s
H    0     0                     556.0000000  391.63636  29.6%     -   10s
H    0     0                     504.0000000  391.63636  22.3%     -   10s
H    0     0                     498.0000000  391.63636  21.4%     -   10s
H    0     0                     496.0000000  391.63636  21.0%     -   10s
H    0     0                     495.0000000  391.63636  20.9%     -   10s
H    0     0                     494.0000000  391.63636  20.7%     -   10s
H    0     0                     493.0000000  391.63636  20.6%     -   11s
H    0     0                     490.0000000  391.63636  20.1%     -   11s
H    0     0                     488.0000000  391.63636  19.7%     -   11s
H    0     0                     487.0000000  391.63636  19.6%     -   11s
H    0     0                     486.0000000  391.63636  19.4%     -   11s
H    0     0                     485.0000000  391.63636  19.3%     -   12s
H    0     0                     484.0000000  391.63636  19.1%     -   13s
H    0     0                     483.0000000  391.63636  18.9%     -   14s
H    0     0                     482.0000000  391.63636  18.7%     -   14s
H    0     0                     481.0000000  391.63636  18.6%     -   14s
H    0     0                     468.0000000  391.63636  16.3%     -   19s
H    0     0                     457.0000000  391.63636  14.3%     -   19s
H    0     0                     455.0000000  391.63636  13.9%     -   19s
H    0     0                     454.0000000  391.63636  13.7%     -   19s
H    0     0                     452.0000000  391.63636  13.4%     -   19s
H    0     0                     451.0000000  391.63636  13.2%     -   19s
H    0     0                     450.0000000  391.63636  13.0%     -   20s
H    0     0                     449.0000000  391.63636  12.8%     -   20s
H    0     0                     448.0000000  391.63636  12.6%     -   20s
H    0     0                     446.0000000  391.63636  12.2%     -   20s
H    0     0                     445.0000000  391.63636  12.0%     -   20s
     0     0  391.63636    0 1436  445.00000  391.63636  12.0%     -   20s
H    0     0                     444.0000000  391.63636  11.8%     -   33s
H    0     0                     443.0000000  391.63636  11.6%     -   33s
H    0     0                     442.0000000  391.63636  11.4%     -   33s
H    0     0                     441.0000000  391.63636  11.2%     -   34s
H    0     0                     440.0000000  391.63636  11.0%     -   34s
H    0     0                     439.0000000  391.63636  10.8%     -   34s
H    0     0                     438.0000000  391.63636  10.6%     -   34s
H    0     0                     437.0000000  391.63636  10.4%     -   34s
H    0     0                     433.0000000  391.63636  9.55%     -   34s
H    0     0                     432.0000000  391.63636  9.34%     -   35s
H    0     0                     431.0000000  391.63636  9.13%     -   35s
H    0     0                     430.0000000  391.63636  8.92%     -   35s
H    0     0                     429.0000000  391.63636  8.71%     -   36s
H    0     0                     428.0000000  391.63636  8.50%     -   37s
H    0     0                     427.0000000  391.63636  8.28%     -   43s
H    0     0                     426.0000000  391.63636  8.07%     -   43s
H    0     0                     425.0000000  391.63636  7.85%     -   43s
     0     0  391.68274    0 1435  425.00000  391.68274  7.84%     -   44s
     0     0  391.68274    0 1435  425.00000  391.68274  7.84%     -   44s
H    0     0                     424.0000000  391.68274  7.62%     -   50s
     0     0  391.70039    0 1434  424.00000  391.70039  7.62%     -   50s
     0     0  391.72501    0 1432  424.00000  391.72501  7.61%     -   51s
     0     0  391.73891    0 1433  424.00000  391.73891  7.61%     -   52s
     0     0  391.74548    0 1431  424.00000  391.74548  7.61%     -   53s
     0     0  391.77173    0 1437  424.00000  391.77173  7.60%     -   55s
     0     0  391.77173    0 1437  424.00000  391.77173  7.60%     -   55s
H    0     0                     423.0000000  391.77173  7.38%     -   76s
H    0     0                     422.0000000  391.77173  7.16%     -   81s
H    0     0                     421.0000000  391.77173  6.94%     -   86s
H    0     2                     420.0000000  391.77173  6.72%     -   94s
     0     2  391.77173    0 1437  420.00000  391.77173  6.72%     -   94s
     1     3  391.82787    1 1430  420.00000  391.77173  6.72%   274   99s
     2     5  391.90625    2 1429  420.00000  391.77173  6.72%   300  105s
     4     9  391.93868    3 1430  420.00000  391.77173  6.72%   242  112s
     8    17  391.95906    4 1429  420.00000  391.77173  6.72%   219  125s
H    9    17                     419.0000000  391.77173  6.50%   195  125s
    16    33  391.97745    5 1429  419.00000  391.77173  6.50%   207  142s
    33    34  392.18624    6 1437  419.00000  391.77173  6.50%   219  172s
    35    35  391.98185    6 1077  419.00000  391.77173  6.50%   206  186s
    36    36  392.02894    6 1435  419.00000  391.77173  6.50%   201  212s
    37    37  392.14918    6 1436  419.00000  391.77173  6.50%   195  217s
    38    37  392.08796    6 1434  419.00000  391.77173  6.50%   190  221s
    40    39  392.07820    6 1436  419.00000  391.77173  6.50%   181  228s
H   40    36                     418.0000000  391.77173  6.27%   181  232s
    42    37  392.10264    6 1437  418.00000  391.79845  6.27%   172  237s
    43    38  392.15924    6 1434  418.00000  391.79845  6.27%   168  242s
    44    38  391.79845    1 1434  418.00000  391.79845  6.27%   164  246s
H   44    36                     417.0000000  391.81981  6.04%   164  311s
H   44    34                     416.0000000  391.81981  5.81%   164  320s
    47    38  392.07820    6 1437  416.00000  391.81981  5.81%   626  354s
    49    39  392.08796    6 1077  416.00000  391.81981  5.81%   600  368s
    50    40  392.18624    6 1435  416.00000  391.81981  5.81%   588  395s
    51    41  392.08158    6 1434  416.00000  391.81981  5.81%   577  400s
    52    41  392.18805    6 1434  416.00000  391.81981  5.81%   566  410s
    53    42  392.18624    6 1433  416.00000  391.81981  5.81%   555  418s
    54    43  392.08896    6 1434  416.00000  391.81981  5.81%   545  428s
    55    43  392.16029    6 1435  416.00000  391.81981  5.81%   535  438s
    56    44  392.07820    6 1437  416.00000  391.81981  5.81%   525  448s
    57    45  392.07820    6 1438  416.00000  391.82868  5.81%   516  458s
    58    45  391.98540    6 1441  416.00000  391.82868  5.81%   507  469s
    59    46  392.00301    6 1441  416.00000  391.90639  5.79%   499  556s
    61    49  392.07820    6 1437  416.00000  391.90639  5.79%   849  566s
    63    50  392.07820    6 1077  416.00000  391.90639  5.79%   822  579s
    64    51  392.08158    6 1435  416.00000  391.90639  5.79%   809  606s
    65    52  392.10264    6 1437  416.00000  391.90639  5.79%   796  611s
    66    52  391.94016    6 1437  416.00000  391.90639  5.79%   784  623s
    67    53  391.99284    6 1437  416.00000  391.90639  5.79%   773  633s
    68    54  392.11131    6 1432  416.00000  391.90639  5.79%   761  645s
    69    54  391.99284    6 1434  416.00000  391.90639  5.79%   750  653s
    70    55  392.04630    6 1435  416.00000  391.90639  5.79%   740  664s
    71    56  391.98185    6 1436  416.00000  391.90639  5.79%   729  673s
    72    56  391.99284    6 1438  416.00000  391.90639  5.79%   719  684s
    73    57  391.98540    6 1438  416.00000  391.96913  5.78%   709  783s
    75    60  391.96913    6 1437  416.00000  391.96913  5.78%   999  793s
    77    61  392.08636    6 1077  416.00000  391.96913  5.78%   973  806s
    78    62  392.22721    6 1435  416.00000  391.96913  5.78%   961  833s
    79    63  391.99284    6 1436  416.00000  391.96913  5.78%   948  838s
    80    63  392.15924    6 1438  416.00000  391.96913  5.78%   937  850s
    81    64  392.15924    6 1438  416.00000  391.96913  5.78%   925  861s
    82    65  392.08636    6 1433  416.00000  391.96913  5.78%   914  873s
    83    65  392.22721    6 1436  416.00000  391.96913  5.78%   903  885s
    84    66  391.98185    6 1440  416.00000  391.96913  5.78%   892  898s
    85    67  392.10264    6 1442  416.00000  391.96913  5.78%   881  911s
    86    67  392.08223    6 1440  416.00000  391.96913  5.78%   871  922s
    87    68  392.18624    6 1440  416.00000  391.96913  5.78%   861 1035s
    89    71  392.04630    6 1437  416.00000  391.96913  5.78%  1099 1046s
    91    72  392.07820    6 1077  416.00000  391.96913  5.78%  1075 1059s
    92    73  391.98540    6 1435  416.00000  391.96913  5.78%  1063 1086s
    93    74  392.02894    6 1435  416.00000  391.96913  5.78%  1052 1090s
    94    74  392.08223    6 1434  416.00000  391.96913  5.78%  1041 1102s
    95    75  392.22721    6 1433  416.00000  391.96913  5.78%  1030 1112s
    96    76  392.15345    6 1434  416.00000  391.96913  5.78%  1019 1124s
    97    76  392.08158    6 1433  416.00000  391.96913  5.78%  1008 1134s
    98    77  391.99284    6 1435  416.00000  391.96913  5.78%   998 1145s
    99    78  392.18624    6 1436  416.00000  391.96913  5.78%   988 1156s
   100    78  392.02836    6 1440  416.00000  391.96913  5.78%   978 1165s
   101    79  391.96913    6 1440  416.00000  391.96913  5.78%   969 1277s
   103    82  392.16029    6 1437  416.00000  391.96913  5.78%  1172 1287s
   105    83  392.08636    6 1077  416.00000  391.96913  5.78%  1149 1300s
   106    84  391.99284    6 1435  416.00000  391.96913  5.78%  1138 1329s
   107    85  392.08158    6 1438  416.00000  391.96913  5.78%  1128 1333s
   108    85  392.09214    6 1437  416.00000  391.96913  5.78%  1117 1346s
   109    86  391.96913    1 1438  416.00000  391.96913  5.78%  1107 1354s
   110    87  392.08796    6 1436  416.00000  391.96913  5.78%  1097 1364s
   111    87  392.02673    6 1435  416.00000  391.96913  5.78%  1087 1373s
   112    88  392.10264    6 1436  416.00000  391.96913  5.78%  1077 1384s
   113    89  392.15106    6 1436  416.00000  391.96913  5.78%  1068 1396s
   114    89  392.15106    6 1435  416.00000  391.96913  5.78%  1058 1408s
   115    90  391.98185    6 1435  416.00000  391.96913  5.78%  1049 1506s
   117    93  392.15163    6 1437  416.00000  391.96913  5.78%  1227 1516s
   119    94  392.08796    6 1077  416.00000  391.96913  5.78%  1207 1530s
   120    95  392.11131    6 1435  416.00000  391.96913  5.78%  1197 1558s
   121    96  392.15163    6 1437  416.00000  391.96913  5.78%  1187 1562s
   122    96  392.15924    6 1437  416.00000  391.96913  5.78%  1177 1573s
   123    97  392.07820    6 1434  416.00000  391.96913  5.78%  1167 1585s
   124    98  392.05493    6 1436  416.00000  391.96913  5.78%  1158 1594s
   125    98  392.05493    6 1438  416.00000  391.96913  5.78%  1149 1603s
   126    99  392.05493    6 1439  416.00000  391.96913  5.78%  1140 1615s
   127   100  392.08796    6 1439  416.00000  391.96913  5.78%  1131 1626s
   128   100  392.14918    6 1440  416.00000  391.96913  5.78%  1122 1638s
   129   101  392.02894    6 1440  416.00000  391.96913  5.78%  1113 1751s
   131   104  392.08796    6 1437  416.00000  391.96913  5.78%  1270 1761s
   133   105  392.18624    6 1077  416.00000  391.96913  5.78%  1251 1775s
   134   106  392.08896    6 1435  416.00000  391.96913  5.78%  1241 1803s
   135   107  391.98185    6 1437  416.00000  391.96913  5.78%  1232 1808s
   136   107  392.02894    6 1436  416.00000  391.96913  5.78%  1223 1819s
   137   108  392.14918    6 1434  416.00000  391.96913  5.78%  1214 1830s
   138   109  392.08796    6 1437  416.00000  391.96913  5.78%  1205 1839s
   139   109  391.96913    1 1435  416.00000  391.96913  5.78%  1197 1851s
   140   110  392.07820    6 1434  416.00000  391.96913  5.78%  1188 1861s
   141   111  392.14918    6 1437  416.00000  391.96913  5.78%  1180 1872s
   142   111  392.10264    6 1437  416.00000  391.96913  5.78%  1171 1882s
   143   112  392.15924    6 1437  416.00000  391.96913  5.78%  1163 1993s
   145   115  392.05493    6 1437  416.00000  391.96913  5.78%  1305 2004s
   147   116  392.07820    6 1077  416.00000  391.96913  5.78%  1287 2017s
   148   117  392.04630    6 1435  416.00000  391.96913  5.78%  1278 2045s
   149   118  392.08796    6 1436  416.00000  391.96913  5.78%  1270 2051s
   150   118  392.18624    6 1437  416.00000  391.96913  5.78%  1261 2061s
   151   119  392.08158    6 1436  416.00000  391.96913  5.78%  1253 2069s
   152   120  392.18805    6 1436  416.00000  391.96913  5.78%  1245 2078s
   153   120  392.18624    6 1437  416.00000  391.96913  5.78%  1237 2089s
   154   121  392.08896    6 1439  416.00000  391.96913  5.78%  1229 2098s
   155   122  392.16029    6 1437  416.00000  391.96913  5.78%  1221 2106s
   156   122  392.07820    6 1436  416.00000  391.96913  5.78%  1213 2117s
   157   123  392.07820    6 1436  416.00000  391.96913  5.78%  1205 2222s
   159   126  392.00301    6 1437  416.00000  391.96913  5.78%  1334 2232s
   161   127  392.07820    6 1077  416.00000  391.96913  5.78%  1317 2246s
   162   128  392.18805    6 1435  416.00000  391.96913  5.78%  1309 2274s
   163   129  392.07820    6 1436  416.00000  391.96913  5.78%  1301 2279s
   164   129  392.08158    6 1437  416.00000  391.96913  5.78%  1293 2289s
   165   130  392.10264    6 1436  416.00000  391.96913  5.78%  1285 2300s
   166   131  391.96913    6 1434  416.00000  391.96913  5.78%  1277 2311s
   167   131  391.99284    6 1436  416.00000  391.96913  5.78%  1270 2323s
   168   132  392.11131    6 1435  416.00000  391.96913  5.78%  1262 2334s
   169   133  391.99284    6 1436  416.00000  391.96913  5.78%  1255 2343s
   170   133  392.04630    6 1436  416.00000  391.96913  5.78%  1247 2353s
   171   134  391.98185    6 1436  416.00000  391.97049  5.78%  1240 2462s
   173   137  391.98540    6 1437  416.00000  391.97049  5.78%  1358 2472s
   175   138  391.97049    6 1077  416.00000  391.97049  5.78%  1343 2486s
   176   139  392.02836    6 1435  416.00000  391.97049  5.78%  1335 2513s
   177   140  392.08636    6 1436  416.00000  391.97049  5.78%  1328 2519s
   178   140  392.22721    6 1437  416.00000  391.97049  5.78%  1320 2529s
   179   141  391.99284    6 1436  416.00000  391.97049  5.78%  1313 2540s
   180   142  392.15924    6 1434  416.00000  391.97049  5.78%  1306 2551s
   181   142  392.15924    6 1436  416.00000  391.97049  5.78%  1298 2563s
   182   143  392.08636    6 1435  416.00000  391.97049  5.78%  1291 2574s
   183   144  392.22721    6 1434  416.00000  391.97049  5.78%  1284 2582s
   184   144  391.98185    6 1437  416.00000  391.97049  5.78%  1277 2590s
   185   145  392.10264    6 1437  416.00000  391.97049  5.78%  1270 2696s
   187   148  392.18624    6 1437  416.00000  391.97049  5.78%  1379 2706s
   189   149  392.04630    6 1077  416.00000  391.97049  5.78%  1364 2720s
   190   150  392.08158    6 1435  416.00000  391.97049  5.78%  1357 2748s
   191   151  392.07820    6 1436  416.00000  391.97049  5.78%  1350 2753s
   192   151  391.98540    6 1437  416.00000  391.97049  5.78%  1343 2763s
   193   152  392.02894    6 1436  416.00000  391.97049  5.78%  1336 2774s
   194   153  392.08223    6 1434  416.00000  391.97049  5.78%  1329 2785s
   195   153  392.22721    6 1436  416.00000  391.97049  5.78%  1322 2797s
   196   154  392.15345    6 1435  416.00000  391.97049  5.78%  1316 2808s
   197   155  392.08158    6 1434  416.00000  391.97049  5.78%  1309 2816s
   198   155  391.99284    6 1437  416.00000  391.97049  5.78%  1302 2824s
   199   156  392.18624    6 1437  416.00000  391.97049  5.78%  1296 2930s
   201   159  391.97049    6 1437  416.00000  391.97049  5.78%  1397 2940s
   203   160  392.16029    6 1077  416.00000  391.97049  5.78%  1383 2954s
   204   161  392.08796    6 1435  416.00000  391.97049  5.78%  1376 2982s
   205   162  392.08636    6 1436  416.00000  391.97049  5.78%  1369 2987s
   206   162  391.99284    6 1437  416.00000  391.97049  5.78%  1363 2998s
   207   163  392.08158    6 1436  416.00000  391.97049  5.78%  1356 3009s
   208   164  392.09214    6 1434  416.00000  391.97049  5.78%  1350 3020s
   209   164  391.97049    1 1436  416.00000  391.97049  5.78%  1343 3033s
   210   165  392.08796    6 1435  416.00000  391.97049  5.78%  1337 3043s
   211   166  392.02673    6 1434  416.00000  391.97049  5.78%  1330 3052s
   212   166  392.10264    6 1437  416.00000  391.97049  5.78%  1324 3060s
   213   167  392.15106    6 1437  416.00000  391.97049  5.78%  1318 3167s
   215   170  391.98185    6 1437  416.00000  391.97049  5.78%  1412 3177s
   217   171  392.15163    6 1077  416.00000  391.97049  5.78%  1399 3190s
   218   172  391.97049    6 1435  416.00000  391.97049  5.78%  1392 3218s
   219   173  392.08796    6 1436  416.00000  391.97049  5.78%  1386 3223s
   220   173  392.11131    6 1437  416.00000  391.97049  5.78%  1380 3234s
   221   174  392.15163    6 1436  416.00000  391.97049  5.78%  1374 3245s
   222   175  392.15924    6 1434  416.00000  391.97049  5.78%  1367 3256s
   223   175  392.07820    6 1436  416.00000  391.97049  5.78%  1361 3268s
   224   176  392.05493    6 1435  416.00000  391.97049  5.78%  1355 3278s
   225   177  392.05493    6 1434  416.00000  391.97049  5.78%  1349 3287s
   226   177  392.05493    6 1437  416.00000  391.97049  5.78%  1343 3295s
   227   178  392.08796    6 1437  416.00000  391.97049  5.78%  1337 3401s
   229   181  392.02894    6 1437  416.00000  391.97049  5.78%  1425 3411s
   231   182  392.08796    6 1077  416.00000  391.97049  5.78%  1413 3425s
   232   183  391.98185    6 1435  416.00000  391.97049  5.78%  1407 3452s
   233   184  392.18624    6 1436  416.00000  391.97049  5.78%  1401 3458s
   234   184  392.08896    6 1437  416.00000  391.97049  5.78%  1395 3468s
   235   185  391.98185    6 1436  416.00000  391.97049  5.78%  1389 3479s
   236   186  392.02894    6 1434  416.00000  391.97049  5.78%  1383 3490s
   237   186  392.14918    6 1436  416.00000  391.97049  5.78%  1377 3502s
   238   187  392.08796    6 1435  416.00000  391.97049  5.78%  1371 3513s
   239   188  391.97049    1 1434  416.00000  391.97049  5.78%  1366 3521s
   240   188  392.07820    6 1437  416.00000  391.97049  5.78%  1360 3529s
   241   189  392.14918    6 1437  416.00000  391.97049  5.78%  1354 3636s
   243   192  392.15924    6 1437  416.00000  391.97049  5.78%  1437 3646s
   245   193  392.05493    6 1077  416.00000  391.97049  5.78%  1426 3659s
   246   194  392.14918    6 1435  416.00000  391.97049  5.78%  1420 3687s
   247   195  392.07820    6 1436  416.00000  391.97049  5.78%  1414 3692s
   248   195  392.04630    6 1437  416.00000  391.97049  5.78%  1408 3703s
   249   196  392.08796    6 1436  416.00000  391.97049  5.78%  1403 3714s
   250   197  392.18624    6 1434  416.00000  391.97049  5.78%  1397 3725s
H  250   187                     415.0000000  391.97049  5.55%  1397 3737s
   252   188  392.18805    6 1435  415.00000  391.97049  5.55%  1386 3747s
   253   189  392.18624    6 1434  415.00000  391.97049  5.55%  1380 3756s
   254   189  392.08896    6 1437  415.00000  391.97049  5.55%  1375 3764s
   255   190  392.16029    6 1437  415.00000  391.97049  5.55%  1370 3867s
   257   193  392.07820    6 1437  415.00000  391.97049  5.55%  1448 3877s
   259   194  392.00301    6 1077  415.00000  391.97049  5.55%  1437 3891s
   260   195  392.08158    6 1435  415.00000  391.97049  5.55%  1431 3919s
   261   196  392.07820    6 1436  415.00000  391.97049  5.55%  1426 3924s
   262   196  392.18805    6 1437  415.00000  391.97049  5.55%  1420 3934s
   263   197  392.07820    6 1436  415.00000  391.97049  5.55%  1415 3946s
   264   198  392.08158    6 1434  415.00000  391.97049  5.55%  1410 3957s
   265   198  392.10264    6 1436  415.00000  391.97049  5.55%  1404 3969s
   266   199  391.97049    6 1435  415.00000  391.97049  5.55%  1399 3980s
   267   200  391.99284    6 1434  415.00000  391.97049  5.55%  1394 3988s
   268   200  392.11131    6 1437  415.00000  391.97049  5.55%  1389 3997s
   269   201  391.99284    6 1437  415.00000  391.97049  5.55%  1383 4100s
   271   204  391.98185    6 1437  415.00000  391.97049  5.55%  1457 4110s
   273   205  391.98540    6 1077  415.00000  391.97049  5.55%  1447 4124s
   274   206  392.16029    6 1435  415.00000  391.97049  5.55%  1442 4152s
   275   207  391.97049    6 1436  415.00000  391.97049  5.55%  1436 4157s
   276   207  392.02836    6 1437  415.00000  391.97049  5.55%  1431 4168s
   277   208  392.08636    6 1436  415.00000  391.97049  5.55%  1426 4179s
   278   209  392.22721    6 1434  415.00000  391.97049  5.55%  1421 4190s
   279   209  391.99284    6 1436  415.00000  391.97049  5.55%  1416 4202s
   280   210  392.15924    6 1435  415.00000  391.97049  5.55%  1411 4213s
   281   211  392.15924    6 1434  415.00000  391.97049  5.55%  1406 4222s
   282   211  392.08636    6 1437  415.00000  391.97049  5.55%  1401 4230s
   283   212  392.22721    6 1437  415.00000  391.97049  5.55%  1396 4334s
   285   215  392.10264    6 1437  415.00000  391.97049  5.55%  1466 4344s
   287   216  392.18624    6 1077  415.00000  391.97049  5.55%  1456 4357s
   288   217  392.15924    6 1435  415.00000  391.97049  5.55%  1451 4386s
   289   218  392.04630    6 1436  415.00000  391.97049  5.55%  1446 4391s
   290   218  392.08158    6 1437  415.00000  391.97049  5.55%  1441 4401s
   291   219  392.07820    6 1436  415.00000  391.97049  5.55%  1436 4413s
   292   220  391.98540    6 1434  415.00000  391.97049  5.55%  1431 4424s
   293   220  392.02894    6 1436  415.00000  391.97049  5.55%  1426 4436s
   294   221  392.08223    6 1435  415.00000  391.97049  5.55%  1421 4447s
   295   222  392.22721    6 1434  415.00000  391.97049  5.55%  1416 4455s
   296   222  392.15345    6 1437  415.00000  391.97049  5.55%  1412 4464s
   297   223  392.08158    6 1437  415.00000  391.97049  5.55%  1407 4568s
   299   226  392.18624    6 1437  415.00000  391.97049  5.55%  1474 4578s
   301   227  391.97049    6 1077  415.00000  391.97049  5.55%  1464 4591s
   302   228  392.15924    6 1435  415.00000  391.97049  5.55%  1459 4619s
   303   229  392.16029    6 1436  415.00000  391.97049  5.55%  1454 4624s
   304   229  392.08796    6 1437  415.00000  391.97049  5.55%  1450 4635s
   305   230  392.08636    6 1436  415.00000  391.97049  5.55%  1445 4646s
   306   231  391.99284    6 1434  415.00000  391.97049  5.55%  1440 4658s
   307   231  392.08158    6 1436  415.00000  391.97049  5.55%  1436 4670s
   308   232  392.09214    6 1435  415.00000  391.97049  5.55%  1431 4681s
   309   233  391.97049    1 1434  415.00000  391.97049  5.55%  1426 4689s
   310   233  392.08796    6 1437  415.00000  391.97049  5.55%  1422 4698s
   311   234  392.02673    6 1437  415.00000  391.97049  5.55%  1417 4801s
   313   237  392.15106    6 1437  415.00000  391.97049  5.55%  1481 4811s
   315   238  391.98185    6 1077  415.00000  391.97049  5.55%  1472 4825s
   316   239  392.02836    6 1435  415.00000  391.97049  5.55%  1467 4853s
   317   240  392.15163    6 1436  415.00000  391.97049  5.55%  1462 4858s
   318   240  391.97049    6 1437  415.00000  391.97049  5.55%  1458 4869s
   319   241  392.08796    6 1436  415.00000  391.97049  5.55%  1453 4880s
   320   242  392.11131    6 1434  415.00000  391.97049  5.55%  1449 4892s
   321   242  392.15163    6 1436  415.00000  391.97049  5.55%  1444 4904s
   322   243  392.15924    6 1435  415.00000  391.97049  5.55%  1440 4915s
   323   244  392.07820    6 1434  415.00000  391.97049  5.55%  1435 4923s
   324   244  392.05493    6 1437  415.00000  391.97049  5.55%  1431 4932s
   325   245  392.05493    6 1437  415.00000  391.97049  5.55%  1426 5035s
   327   248  392.08796    6 1437  415.00000  391.97049  5.55%  1488 5045s
   329   249  392.02894    6 1077  415.00000  391.97049  5.55%  1478 5058s
   330   250  392.08896    6 1435  415.00000  391.97049  5.55%  1474 5086s
   331   251  392.08796    6 1436  415.00000  391.97049  5.55%  1470 5091s
   332   251  391.98185    6 1437  415.00000  391.97049  5.55%  1465 5102s
   333   252  392.18624    6 1436  415.00000  391.97049  5.55%  1461 5113s
   334   253  392.08896    6 1434  415.00000  391.97049  5.55%  1456 5124s
   335   253  391.98185    6 1436  415.00000  391.97049  5.55%  1452 5136s
   336   254  392.02894    6 1435  415.00000  391.97049  5.55%  1448 5147s
   337   255  392.14918    6 1434  415.00000  391.97049  5.55%  1443 5155s
   338   255  392.08796    6 1437  415.00000  391.97049  5.55%  1439 5163s
   339   256  391.97049    1 1437  415.00000  391.97049  5.55%  1435 5266s
   341   259  392.14918    6 1437  415.00000  391.97049  5.55%  1494 5276s
   343   260  392.15924    6 1077  415.00000  391.97049  5.55%  1485 5289s
   344   261  391.97049    1 1435  415.00000  391.97049  5.55%  1480 5317s
   345   262  392.05493    6 1436  415.00000  391.97049  5.55%  1476 5323s
   346   262  392.14918    6 1437  415.00000  391.97049  5.55%  1472 5333s
   347   263  392.07820    6 1436  415.00000  391.97049  5.55%  1468 5345s
   348   264  392.04630    6 1434  415.00000  391.97049  5.55%  1463 5356s
   349   264  392.08796    6 1436  415.00000  391.97049  5.55%  1459 5369s
   350   265  392.18624    6 1435  415.00000  391.97049  5.55%  1455 5380s
   351   266  392.08158    6 1434  415.00000  391.97049  5.55%  1451 5388s
   352   266  392.18805    6 1437  415.00000  391.97049  5.55%  1447 5397s
   353   267  392.18624    6 1437  415.00000  391.97049  5.55%  1443 5501s
   355   270  392.16029    6 1437  415.00000  391.97049  5.55%  1499 5511s
   357   271  392.07820    6 1077  415.00000  391.97049  5.55%  1491 5525s
   358   272  391.98540    6 1435  415.00000  391.97049  5.55%  1486 5552s
   359   273  392.00301    6 1436  415.00000  391.97049  5.55%  1482 5558s
   360   273  392.08158    6 1437  415.00000  391.97049  5.55%  1478 5568s
   361   274  392.07820    6 1436  415.00000  391.97049  5.55%  1474 5580s
   362   275  392.18805    6 1434  415.00000  391.97049  5.55%  1470 5591s
   363   275  392.07820    6 1436  415.00000  391.97049  5.55%  1466 5603s
   364   276  392.08158    6 1435  415.00000  391.97049  5.55%  1462 5614s
   365   277  392.10264    6 1434  415.00000  391.97049  5.55%  1458 5622s
   366   277  391.97049    6 1437  415.00000  391.97049  5.55%  1454 5631s
   367   278  391.99284    6 1437  415.00000  391.97049  5.55%  1450 5735s
   369   281  391.99284    6 1437  415.00000  391.97049  5.55%  1504 5745s
   371   282  391.98185    6 1077  415.00000  391.97049  5.55%  1496 5759s
   372   283  391.99284    6 1435  415.00000  391.97049  5.55%  1492 5787s
   373   284  391.98540    6 1436  415.00000  391.97049  5.55%  1488 5792s
   374   284  392.16029    6 1437  415.00000  391.97049  5.55%  1484 5803s
   375   285  391.97049    6 1436  415.00000  391.97049  5.55%  1480 5814s
   376   286  392.02836    6 1434  415.00000  391.97049  5.55%  1476 5826s
   377   286  392.08636    6 1436  415.00000  391.97049  5.55%  1472 5838s
   378   287  392.22721    6 1435  415.00000  391.97049  5.55%  1468 5849s
   379   288  391.99284    6 1434  415.00000  391.97049  5.55%  1464 5858s
   380   288  392.15924    6 1437  415.00000  391.97049  5.55%  1461 5866s
   381   289  392.15924    6 1437  415.00000  391.97049  5.55%  1457 5970s
   383   292  392.22721    6 1437  415.00000  391.97049  5.55%  1509 5981s
   385   293  392.10264    6 1077  415.00000  391.97049  5.55%  1501 5994s
   386   294  392.08223    6 1435  415.00000  391.97049  5.55%  1497 6022s
   387   295  392.18624    6 1436  415.00000  391.97049  5.55%  1493 6028s
   388   295  392.15924    6 1437  415.00000  391.97049  5.55%  1489 6038s
   389   296  392.04630    6 1436  415.00000  391.97049  5.55%  1486 6050s
   390   297  392.08158    6 1434  415.00000  391.97049  5.55%  1482 6061s
   391   297  392.07820    6 1436  415.00000  391.97049  5.55%  1478 6073s
   392   298  391.98540    6 1435  415.00000  391.97049  5.55%  1474 6084s
   393   299  392.02894    6 1434  415.00000  391.97049  5.55%  1470 6093s
   394   299  392.08223    6 1437  415.00000  391.97049  5.55%  1467 6101s
   395   300  392.22721    6 1437  415.00000  391.97049  5.55%  1463 6205s
   397   303  392.08158    6 1437  415.00000  391.97049  5.55%  1513 6215s
   399   304  392.18624    6 1077  415.00000  391.97049  5.55%  1506 6229s
   400   305  392.02836    6 1435  415.00000  391.97049  5.55%  1502 6257s
   401   306  391.97049    6 1436  415.00000  391.97049  5.55%  1498 6262s
   402   306  392.15924    6 1437  415.00000  391.97049  5.55%  1494 6273s
   403   307  392.16029    6 1436  415.00000  391.97049  5.55%  1491 6284s
   404   308  392.08796    6 1434  415.00000  391.97049  5.55%  1487 6296s
   405   308  392.08636    6 1436  415.00000  391.97049  5.55%  1483 6308s
   406   309  391.99284    6 1435  415.00000  391.97049  5.55%  1480 6319s
   407   310  392.08158    6 1434  415.00000  391.97049  5.55%  1476 6327s
   408   310  392.09214    6 1437  415.00000  391.97049  5.55%  1472 6336s
   409   311  391.97049    1 1437  415.00000  391.97049  5.55%  1469 6440s
   411   314  392.02673    6 1437  415.00000  391.97049  5.55%  1517 6450s
   413   315  392.15106    6 1077  415.00000  391.97049  5.55%  1510 6463s
   414   316  392.15106    6 1435  415.00000  391.97049  5.55%  1506 6491s
   415   317  391.98185    6 1436  415.00000  391.97049  5.55%  1503 6497s
   416   317  392.02836    6 1437  415.00000  391.97049  5.55%  1499 6507s
   417   318  392.15163    6 1436  415.00000  391.97049  5.55%  1495 6519s
   418   319  391.97049    6 1434  415.00000  391.97049  5.55%  1492 6530s
   419   319  392.08796    6 1436  415.00000  391.97049  5.55%  1488 6542s
   420   320  392.11131    6 1435  415.00000  391.97049  5.55%  1485 6553s
   421   321  392.15163    6 1434  415.00000  391.97049  5.55%  1481 6562s
   422   321  392.15924    6 1437  415.00000  391.97049  5.55%  1478 6570s
   423   322  392.07820    6 1437  415.00000  391.97049  5.55%  1474 6674s
   425   325  392.05493    6 1437  415.00000  391.97049  5.55%  1521 6684s
   427   326  392.08796    6 1077  415.00000  391.97049  5.55%  1514 6697s
   428   327  392.14918    6 1435  415.00000  391.97049  5.55%  1510 6725s
   429   328  392.02894    6 1436  415.00000  391.97049  5.55%  1507 6730s
   430   328  392.08896    6 1437  415.00000  391.97049  5.55%  1503 6741s
   431   329  392.08796    6 1436  415.00000  391.97049  5.55%  1500 6752s
   432   330  391.98185    6 1434  415.00000  391.97049  5.55%  1496 6763s
   433   330  392.18624    6 1436  415.00000  391.97049  5.55%  1493 6775s
   434   331  392.08896    6 1435  415.00000  391.97049  5.55%  1490 6786s
   435   332  391.98185    6 1434  415.00000  391.97049  5.55%  1486 6794s
   436   332  392.02894    6 1437  415.00000  391.97049  5.55%  1483 6802s
   437   333  392.14918    6 1437  415.00000  391.97049  5.55%  1479 6905s
   439   336  391.97049    1 1437  415.00000  391.97049  5.55%  1525 6915s
   441   337  392.14918    6 1077  415.00000  391.97049  5.55%  1518 6929s
   442   338  392.10264    6 1435  415.00000  391.97049  5.55%  1514 6957s
   443   339  392.15924    6 1436  415.00000  391.97049  5.55%  1511 6962s
   444   339  391.97049    1 1437  415.00000  391.97049  5.55%  1507 6972s
   445   340  392.05493    6 1436  415.00000  391.97049  5.55%  1504 6983s
   446   341  392.14918    6 1434  415.00000  391.97049  5.55%  1501 6994s
   447   341  392.07820    6 1436  415.00000  391.97049  5.55%  1497 7006s
   448   342  392.04630    6 1435  415.00000  391.97049  5.55%  1494 7017s
   449   343  392.08796    6 1434  415.00000  391.97049  5.55%  1491 7025s
   450   343  392.18624    6 1437  415.00000  391.97049  5.55%  1487 7034s
   451   344  392.08158    6 1437  415.00000  391.97049  5.55%  1484 7137s
   453   347  392.18624    6 1437  415.00000  391.97049  5.55%  1528 7147s
   455   348  392.16029    6 1077  415.00000  391.97049  5.55%  1521 7160s
   456   349  392.07820    6 1435  415.00000  391.97049  5.55%  1518 7188s
   457   350  392.07820    6 1436  415.00000  391.97049  5.55%  1515 7193s
   458   350  391.98540    6 1437  415.00000  391.97049  5.55%  1511 7204s
   459   351  392.00301    6 1436  415.00000  391.97049  5.55%  1508 7215s
   460   352  392.08158    6 1434  415.00000  391.97049  5.55%  1505 7226s
   461   352  392.07820    6 1436  415.00000  391.97049  5.55%  1501 7238s
   462   353  392.18805    6 1435  415.00000  391.97049  5.55%  1498 7248s
   463   354  392.07820    6 1434  415.00000  391.97049  5.55%  1495 7257s
   464   354  392.08158    6 1437  415.00000  391.97049  5.55%  1492 7265s
   465   355  392.10264    6 1437  415.00000  391.97049  5.55%  1489 7368s
   467   358  391.99284    6 1437  415.00000  391.97049  5.55%  1531 7378s
   469   359  391.99284    6 1077  415.00000  391.97049  5.55%  1525 7392s
   470   360  392.04630    6 1435  415.00000  391.97049  5.55%  1521 7419s
   471   361  391.98185    6 1436  415.00000  391.97049  5.55%  1518 7424s
   472   361  391.99284    6 1437  415.00000  391.97049  5.55%  1515 7435s
   473   362  391.98540    6 1436  415.00000  391.97049  5.55%  1512 7446s
   474   363  392.16029    6 1434  415.00000  391.97049  5.55%  1509 7457s
   475   363  391.97049    6 1436  415.00000  391.97049  5.55%  1505 7469s
   476   364  392.02836    6 1435  415.00000  391.97049  5.55%  1502 7480s
   477   365  392.08636    6 1434  415.00000  391.97049  5.55%  1499 7488s
   478   365  392.22721    6 1437  415.00000  391.97049  5.55%  1496 7497s
   479   366  391.99284    6 1437  415.00000  391.97049  5.55%  1493 7600s
   481   369  392.15924    6 1437  415.00000  391.97049  5.55%  1534 7610s
   483   370  392.22721    6 1077  415.00000  391.97049  5.55%  1528 7624s
   484   371  391.98185    6 1435  415.00000  391.97049  5.55%  1525 7652s
   485   372  392.10264    6 1436  415.00000  391.97049  5.55%  1521 7657s
   486   372  392.08223    6 1437  415.00000  391.97049  5.55%  1518 7668s
   487   373  392.18624    6 1436  415.00000  391.97049  5.55%  1515 7679s
   488   374  392.15924    6 1434  415.00000  391.97049  5.55%  1512 7690s
   489   374  392.04630    6 1436  415.00000  391.97049  5.55%  1509 7702s
   490   375  392.08158    6 1435  415.00000  391.97049  5.55%  1506 7714s
   491   376  392.07820    6 1434  415.00000  391.97049  5.55%  1503 7722s
   492   376  391.98540    6 1437  415.00000  391.97049  5.55%  1500 7731s
   493   377  392.02894    6 1437  415.00000  391.97049  5.55%  1497 7834s
   495   380  392.22721    6 1437  415.00000  391.97049  5.55%  1537 7844s
   497   381  392.08158    6 1077  415.00000  391.97049  5.55%  1531 7857s
   498   382  391.99284    6 1435  415.00000  391.97049  5.55%  1528 7885s
   499   383  392.18624    6 1436  415.00000  391.97049  5.55%  1525 7890s
   500   383  392.02836    6 1437  415.00000  391.97049  5.55%  1522 7901s
   501   384  391.97049    6 1436  415.00000  391.97049  5.55%  1518 7912s
   502   385  392.15924    6 1434  415.00000  391.97049  5.55%  1515 7924s
   503   385  392.16029    6 1436  415.00000  391.97049  5.55%  1512 7936s
   504   386  392.08796    6 1435  415.00000  391.97049  5.55%  1509 7947s
   505   387  392.08636    6 1434  415.00000  391.97049  5.55%  1506 7955s
   506   387  391.99284    6 1437  415.00000  391.97049  5.55%  1503 7964s
   507   388  392.08158    6 1437  415.00000  391.97049  5.55%  1501 8067s
   509   391  391.97049    1 1437  415.00000  391.97049  5.55%  1540 8077s
   511   392  392.02673    6 1077  415.00000  391.97049  5.55%  1533 8091s
   512   393  392.10264    6 1435  415.00000  391.97049  5.55%  1531 8119s
   513   394  392.15106    6 1436  415.00000  391.97049  5.55%  1528 8124s
   514   394  392.15106    6 1437  415.00000  391.97049  5.55%  1525 8134s
   515   395  391.98185    6 1436  415.00000  391.97049  5.55%  1522 8146s
   516   396  392.02836    6 1434  415.00000  391.97049  5.55%  1519 8157s
   517   396  392.15163    6 1436  415.00000  391.97049  5.55%  1516 8169s
   518   397  391.97049    6 1435  415.00000  391.97049  5.55%  1513 8180s
   519   398  392.08796    6 1434  415.00000  391.97049  5.55%  1510 8188s
   520   398  392.11131    6 1437  415.00000  391.97049  5.55%  1507 8197s
   521   399  392.15163    6 1437  415.00000  391.97049  5.55%  1504 8300s
   523   402  392.07820    6 1437  415.00000  391.97049  5.55%  1542 8310s
   525   403  392.05493    6 1077  415.00000  391.97049  5.55%  1536 8324s
   526   404  392.05493    6 1435  415.00000  391.97049  5.55%  1533 8352s
   527   405  392.08796    6 1436  415.00000  391.97049  5.55%  1530 8357s
   528   405  392.14918    6 1437  415.00000  391.97049  5.55%  1527 8368s
   529   406  392.02894    6 1436  415.00000  391.97049  5.55%  1525 8379s
   530   407  392.08896    6 1434  415.00000  391.97049  5.55%  1522 8390s
   531   407  392.08796    6 1436  415.00000  391.97049  5.55%  1519 8402s
   532   408  391.98185    6 1435  415.00000  391.97049  5.55%  1516 8413s
   533   409  392.18624    6 1434  415.00000  391.97049  5.55%  1513 8422s
   534   409  392.08896    6 1437  415.00000  391.97049  5.55%  1510 8430s
   535   410  391.98185    6 1437  415.00000  391.97049  5.55%  1507 8533s
   537   413  392.14918    6 1437  415.00000  391.97049  5.55%  1544 8543s
   539   414  391.97049    1 1077  415.00000  391.97049  5.55%  1539 8557s
   540   415  392.07820    6 1435  415.00000  391.97049  5.55%  1536 8585s
   541   416  392.14918    6 1436  415.00000  391.97049  5.55%  1533 8590s
   542   416  392.10264    6 1437  415.00000  391.97049  5.55%  1530 8601s
   543   417  392.15924    6 1436  415.00000  391.97049  5.55%  1527 8612s
   544   418  391.97049    1 1434  415.00000  391.97049  5.55%  1525 8623s
   545   418  392.05493    6 1436  415.00000  391.97049  5.55%  1522 8635s
   546   419  392.14918    6 1435  415.00000  391.97049  5.55%  1519 8646s
   547   420  392.07820    6 1434  415.00000  391.97049  5.55%  1516 8654s
   548   420  392.04630    6 1437  415.00000  391.97049  5.55%  1513 8663s
   549   421  392.08796    6 1437  415.00000  391.97049  5.55%  1511 8766s
   551   424  392.08158    6 1437  415.00000  391.97049  5.55%  1547 8776s
   553   425  392.18624    6 1077  415.00000  391.97049  5.55%  1541 8790s
   554   426  392.08896    6 1435  415.00000  391.97049  5.55%  1538 8818s
   555   427  392.16029    6 1436  415.00000  391.97049  5.55%  1535 8823s
   556   427  392.07820    6 1437  415.00000  391.97049  5.55%  1533 8833s
   557   428  392.07820    6 1436  415.00000  391.97049  5.55%  1530 8845s
   558   429  391.98540    6 1434  415.00000  391.97049  5.55%  1527 8856s
   559   429  392.00301    6 1436  415.00000  391.97049  5.55%  1525 8868s
   560   430  392.08158    6 1435  415.00000  391.97049  5.55%  1522 8879s
   561   431  392.07820    6 1434  415.00000  391.97049  5.55%  1519 8887s
   562   431  392.18805    6 1437  415.00000  391.97049  5.55%  1516 8896s
   563   432  392.07820    6 1437  415.00000  391.97049  5.55%  1514 8999s
   565   435  392.10264    6 1437  415.00000  391.97049  5.55%  1549 9009s
   567   436  391.99284    6 1077  415.00000  391.97049  5.55%  1543 9022s
   568   437  392.11131    6 1435  415.00000  391.97049  5.55%  1541 9050s
   569   438  391.99284    6 1436  415.00000  391.97049  5.55%  1538 9056s
   570   438  392.04630    6 1437  415.00000  391.97049  5.55%  1535 9066s
   571   439  391.98185    6 1436  415.00000  391.97049  5.55%  1533 9077s
   572   440  391.99284    6 1434  415.00000  391.97049  5.55%  1530 9089s
   573   440  391.98540    6 1436  415.00000  391.97049  5.55%  1527 9101s
   574   441  392.16029    6 1435  415.00000  391.97049  5.55%  1524 9111s
   575   442  391.97049    6 1434  415.00000  391.97049  5.55%  1522 9120s
   576   442  392.02836    6 1437  415.00000  391.97049  5.55%  1519 9128s
   577   443  392.08636    6 1437  415.00000  391.97049  5.55%  1517 9232s
   579   446  391.99284    6 1437  415.00000  391.97049  5.55%  1551 9242s
   581   447  392.15924    6 1077  415.00000  391.97049  5.55%  1545 9256s
   582   448  392.08636    6 1435  415.00000  391.97049  5.55%  1543 9284s
   583   449  392.22721    6 1436  415.00000  391.97049  5.55%  1540 9289s
   584   449  391.98185    6 1437  415.00000  391.97049  5.55%  1538 9300s
   585   450  392.10264    6 1436  415.00000  391.97049  5.55%  1535 9311s
   586   451  392.08223    6 1434  415.00000  391.97049  5.55%  1532 9322s
   587   451  392.18624    6 1436  415.00000  391.97049  5.55%  1530 9335s
   588   452  392.15924    6 1435  415.00000  391.97049  5.55%  1527 9346s
   589   453  392.04630    6 1434  415.00000  391.97049  5.55%  1524 9354s
   590   453  392.08158    6 1437  415.00000  391.97049  5.55%  1522 9363s
   591   454  392.07820    6 1437  415.00000  391.97049  5.55%  1519 9467s
   593   457  392.02894    6 1437  415.00000  391.97049  5.55%  1553 9477s
   595   458  392.22721    6 1077  415.00000  391.97049  5.55%  1548 9491s
   596   459  392.15345    6 1435  415.00000  391.97049  5.55%  1545 9519s
   597   460  392.08158    6 1436  415.00000  391.97049  5.55%  1542 9524s
   598   460  391.99284    6 1437  415.00000  391.97049  5.55%  1540 9535s
   599   461  392.18624    6 1436  415.00000  391.97049  5.55%  1537 9547s
   600   462  392.02836    6 1434  415.00000  391.97049  5.55%  1535 9558s
   601   462  391.97049    6 1436  415.00000  391.97049  5.55%  1532 9571s
   602   463  392.15924    6 1435  415.00000  391.97049  5.55%  1530 9582s
   603   464  392.16029    6 1434  415.00000  391.97049  5.55%  1527 9590s
   604   464  392.08796    6 1437  415.00000  391.97049  5.55%  1524 9599s
   605   465  392.08636    6 1437  415.00000  391.97049  5.55%  1522 9702s
   607   468  392.08158    6 1437  415.00000  391.97049  5.55%  1555 9712s
   609   469  391.97049    1 1077  415.00000  391.97049  5.55%  1549 9725s
   610   470  392.08796    6 1435  415.00000  391.97049  5.55%  1547 9753s
   611   471  392.02673    6 1436  415.00000  391.97049  5.55%  1544 9759s
   612   471  392.10264    6 1437  415.00000  391.97049  5.55%  1542 9769s
   613   472  392.15106    6 1436  415.00000  391.97049  5.55%  1539 9780s
   614   473  392.15106    6 1434  415.00000  391.97049  5.55%  1537 9791s
   615   473  391.98185    6 1436  415.00000  391.97049  5.55%  1534 9803s
   616   474  392.02836    6 1435  415.00000  391.97049  5.55%  1532 9814s
   617   475  392.15163    6 1434  415.00000  391.97049  5.55%  1529 9822s
   618   475  391.97049    6 1437  415.00000  391.97049  5.55%  1527 9831s
   619   476  392.08796    6 1437  415.00000  391.97049  5.55%  1524 9933s
   621   479  392.15163    6 1437  415.00000  391.97049  5.55%  1556 9943s
   623   480  392.07820    6 1077  415.00000  391.97049  5.55%  1551 9957s
   624   481  392.05493    6 1435  415.00000  391.97049  5.55%  1549 9985s
   625   482  392.05493    6 1436  415.00000  391.97049  5.55%  1546 9991s
   626   482  392.05493    6 1437  415.00000  391.97049  5.55%  1544 10001s
   627   483  392.08796    6 1436  415.00000  391.97049  5.55%  1541 10012s
   628   484  392.14918    6 1434  415.00000  391.97049  5.55%  1539 10023s
   629   484  392.02894    6 1436  415.00000  391.97049  5.55%  1537 10035s
   630   485  392.08896    6 1435  415.00000  391.97049  5.55%  1534 10046s
   631   486  392.08796    6 1434  415.00000  391.97049  5.55%  1532 10054s
   632   486  391.98185    6 1437  415.00000  391.97049  5.55%  1529 10063s
   633   487  392.18624    6 1437  415.00000  391.97049  5.55%  1527 10166s
   635   490  391.98185    6 1437  415.00000  391.97049  5.55%  1558 10176s
   637   491  392.14918    6 1077  415.00000  391.97049  5.55%  1553 10189s
   638   492  392.08796    6 1435  415.00000  391.97049  5.55%  1551 10217s
   639   493  391.97049    1 1436  415.00000  391.97049  5.55%  1548 10222s
   640   493  392.07820    6 1437  415.00000  391.97049  5.55%  1546 10233s
   641   494  392.14918    6 1436  415.00000  391.97049  5.55%  1543 10244s
   642   495  392.10264    6 1434  415.00000  391.97049  5.55%  1541 10255s
   643   495  392.15924    6 1436  415.00000  391.97049  5.55%  1539 10267s
   644   496  391.97049    1 1435  415.00000  391.97049  5.55%  1536 10278s
   645   497  392.05493    6 1434  415.00000  391.97049  5.55%  1534 10286s
   646   497  392.14918    6 1437  415.00000  391.97049  5.55%  1532 10295s
   647   498  392.07820    6 1437  415.00000  391.97049  5.55%  1529 10399s
   649   501  392.08796    6 1437  415.00000  391.97049  5.55%  1560 10409s
   651   502  392.08158    6 1077  415.00000  391.97049  5.55%  1555 10423s
   652   503  392.18805    6 1435  415.00000  391.97049  5.55%  1552 10451s
   653   504  392.18624    6 1436  415.00000  391.97049  5.55%  1550 10456s
   654   504  392.08896    6 1437  415.00000  391.97049  5.55%  1548 10467s
   655   505  392.16029    6 1436  415.00000  391.97049  5.55%  1545 10479s
   656   506  392.07820    6 1434  415.00000  391.97049  5.55%  1543 10490s
   657   506  392.07820    6 1436  415.00000  391.97049  5.55%  1541 10502s
   658   507  391.98540    6 1435  415.00000  391.97049  5.55%  1538 10514s
   659   508  392.00301    6 1434  415.00000  391.97049  5.55%  1536 10522s
   660   508  392.08158    6 1437  415.00000  391.97049  5.55%  1534 10531s
   661   509  392.07820    6 1437  415.00000  391.97049  5.55%  1531 10635s
   663   512  392.07820    6 1437  415.00000  391.97049  5.55%  1561 10645s
   665   513  392.10264    6 1077  415.00000  391.97049  5.55%  1557 10658s
   666   514  391.97049    6 1435  415.00000  391.97049  5.55%  1554 10687s
   667   515  391.99284    6 1436  415.00000  391.97049  5.55%  1552 10692s
   668   515  392.11131    6 1437  415.00000  391.97049  5.55%  1550 10703s
   669   516  391.99284    6 1436  415.00000  391.97049  5.55%  1547 10714s
   670   517  392.04630    6 1434  415.00000  391.97049  5.55%  1545 10726s
   671   517  391.98185    6 1436  415.00000  391.97049  5.55%  1543 10738s
   672   518  391.99284    6 1435  415.00000  391.97049  5.55%  1540 10749s
   673   519  391.98540    6 1434  415.00000  391.97049  5.55%  1538 10757s
   674   519  392.16029    6 1437  415.00000  391.97049  5.55%  1536 10766s
   675   520  391.97049    6 1437  415.00000  391.97049  5.55%  1533 10870s
   677   523  392.08636    6 1437  415.00000  391.97049  5.55%  1563 10880s
   679   524  391.99284    6 1077  415.00000  391.97049  5.55%  1558 10894s
   680   525  392.15924    6 1435  415.00000  391.97049  5.55%  1556 10922s
   681   526  392.15924    6 1436  415.00000  391.97049  5.55%  1554 10928s
   682   526  392.08636    6 1437  415.00000  391.97049  5.55%  1551 10938s
   683   527  392.22721    6 1436  415.00000  391.97049  5.55%  1549 10950s
   684   528  391.98185    6 1434  415.00000  391.97049  5.55%  1547 10961s
   685   528  392.10264    6 1436  415.00000  391.97049  5.55%  1544 10974s
   686   529  392.08223    6 1435  415.00000  391.97049  5.55%  1542 10985s
   687   530  392.18624    6 1434  415.00000  391.97049  5.55%  1540 10993s
   688   530  392.15924    6 1437  415.00000  391.97049  5.55%  1538 11002s
   689   531  392.04630    6 1437  415.00000  391.97049  5.55%  1535 11106s
   691   534  392.07820    6 1437  415.00000  391.97049  5.55%  1564 11116s
   693   535  392.02894    6 1077  415.00000  391.97049  5.55%  1560 11130s
   694   536  392.08223    6 1435  415.00000  391.97049  5.55%  1557 11158s
   695   537  392.22721    6 1436  415.00000  391.97049  5.55%  1555 11163s
   696   537  392.15345    6 1437  415.00000  391.97049  5.55%  1553 11174s
   697   538  392.08158    6 1436  415.00000  391.97049  5.55%  1551 11186s
   698   539  391.99284    6 1434  415.00000  391.97049  5.55%  1548 11197s
   699   539  392.18624    6 1436  415.00000  391.97049  5.55%  1546 11209s
   700   540  392.02836    6 1435  415.00000  391.97049  5.55%  1544 11220s
   701   541  391.97049    6 1434  415.00000  391.97049  5.55%  1542 11228s
   702   541  392.15924    6 1437  415.00000  391.97049  5.55%  1540 11237s
   703   542  392.16029    6 1437  415.00000  391.97049  5.55%  1537 11341s
   705   545  392.08636    6 1437  415.00000  391.97049  5.55%  1565 11351s
   707   546  392.08158    6 1077  415.00000  391.97049  5.55%  1561 11365s
   708   547  392.09214    6 1435  415.00000  391.97049  5.55%  1559 11393s
   709   548  391.97049    1 1436  415.00000  391.97049  5.55%  1557 11398s
   710   548  392.08796    6 1437  415.00000  391.97049  5.55%  1554 11409s
   711   549  392.02673    6 1436  415.00000  391.97049  5.55%  1552 11420s
   712   550  392.10264    6 1434  415.00000  391.97049  5.55%  1550 11432s
   713   550  392.15106    6 1436  415.00000  391.97049  5.55%  1548 11444s
   714   551  392.15106    6 1435  415.00000  391.97049  5.55%  1546 11455s
   715   552  391.98185    6 1434  415.00000  391.97049  5.55%  1544 11463s
   716   552  392.02836    6 1437  415.00000  391.97049  5.55%  1541 11472s
   717   553  392.15163    6 1437  415.00000  391.97049  5.55%  1539 11575s
   719   556  392.08796    6 1437  415.00000  391.97049  5.55%  1567 11585s
   721   557  392.15163    6 1077  415.00000  391.97049  5.55%  1562 11599s
   722   558  392.15924    6 1435  415.00000  391.97049  5.55%  1560 11627s
   723   559  392.07820    6 1436  415.00000  391.97049  5.55%  1558 11632s
   724   559  392.05493    6 1437  415.00000  391.97049  5.55%  1556 11642s
   725   560  392.05493    6 1436  415.00000  391.97049  5.55%  1554 11653s
   726   561  392.05493    6 1434  415.00000  391.97049  5.55%  1552 11664s
   727   561  392.08796    6 1436  415.00000  391.97049  5.55%  1550 11676s
   728   562  392.14918    6 1435  415.00000  391.97049  5.55%  1547 11687s
   729   563  392.02894    6 1434  415.00000  391.97049  5.55%  1545 11695s
   730   563  392.08896    6 1437  415.00000  391.97049  5.55%  1543 11703s
   731   564  392.08796    6 1437  415.00000  391.97049  5.55%  1541 11807s
   733   567  392.18624    6 1437  415.00000  391.97049  5.55%  1568 11817s
   735   568  391.98185    6 1077  415.00000  391.97049  5.55%  1564 11830s
   736   569  392.02894    6 1435  415.00000  391.97049  5.55%  1562 11858s
   737   570  392.14918    6 1436  415.00000  391.97049  5.55%  1560 11864s
   738   570  392.08796    6 1437  415.00000  391.97049  5.55%  1557 11874s
   739   571  391.97049    1 1436  415.00000  391.97049  5.55%  1555 11886s
   740   572  392.07820    6 1434  415.00000  391.97049  5.55%  1553 11897s
H  740   543                     414.0000000  391.97049  5.32%  1553 11909s
   742   544  392.10264    6 1435  414.00000  391.97049  5.32%  1549 11920s
   743   545  392.15924    6 1434  414.00000  391.97049  5.32%  1547 11929s
   744   545  391.97049    1 1437  414.00000  391.97049  5.32%  1545 11938s
   745   546  392.05493    6 1437  414.00000  391.97049  5.32%  1543 12041s
   747   549  392.07820    6 1437  414.00000  391.97049  5.32%  1569 12051s
   749   550  392.08796    6 1077  414.00000  391.97049  5.32%  1565 12065s
   750   551  392.18624    6 1435  414.00000  391.97049  5.32%  1563 12092s
   751   552  392.08158    6 1436  414.00000  391.97049  5.32%  1561 12097s
   752   552  392.18805    6 1437  414.00000  391.97049  5.32%  1559 12107s
   753   553  392.18624    6 1436  414.00000  391.97049  5.32%  1557 12118s
   754   554  392.08896    6 1434  414.00000  391.97049  5.32%  1555 12129s
   755   554  392.16029    6 1436  414.00000  391.97049  5.32%  1553 12141s
   756   555  392.07820    6 1435  414.00000  391.97049  5.32%  1551 12152s
   757   556  392.07820    6 1434  414.00000  391.97049  5.32%  1549 12160s
   758   556  391.98540    6 1437  414.00000  391.97049  5.32%  1547 12169s
   759   557  392.00301    6 1437  414.00000  391.97049  5.32%  1544 12272s
   761   560  392.07820    6 1437  414.00000  391.97049  5.32%  1570 12282s
   763   561  392.07820    6 1077  414.00000  391.97049  5.32%  1566 12296s
   764   562  392.08158    6 1435  414.00000  391.97049  5.32%  1564 12322s
   765   563  392.10264    6 1436  414.00000  391.97049  5.32%  1562 12328s
   766   563  391.97049    6 1437  414.00000  391.97049  5.32%  1560 12338s
   767   564  391.99284    6 1436  414.00000  391.97049  5.32%  1558 12350s
   768   565  392.11131    6 1434  414.00000  391.97049  5.32%  1556 12361s
   769   565  391.99284    6 1436  414.00000  391.97049  5.32%  1554 12373s
   770   566  392.04630    6 1435  414.00000  391.97049  5.32%  1552 12384s
   771   567  391.98185    6 1434  414.00000  391.97049  5.32%  1550 12393s
   772   567  391.99284    6 1437  414.00000  391.97049  5.32%  1548 12401s
   773   568  391.98540    6 1437  414.00000  391.97049  5.32%  1546 12504s
   775   571  391.97049    6 1437  414.00000  391.97049  5.32%  1572 12514s
   777   572  392.08636    6 1077  414.00000  391.97049  5.32%  1568 12528s
   778   573  392.22721    6 1435  414.00000  391.97049  5.32%  1566 12555s
   779   574  391.99284    6 1436  414.00000  391.97049  5.32%  1564 12560s
   780   574  392.15924    6 1437  414.00000  391.97049  5.32%  1562 12570s
   781   575  392.15924    6 1436  414.00000  391.97049  5.32%  1560 12581s
   782   576  392.08636    6 1434  414.00000  391.97049  5.32%  1558 12592s
   783   576  392.22721    6 1436  414.00000  391.97049  5.32%  1556 12604s
   784   577  391.98185    6 1435  414.00000  391.97049  5.32%  1554 12615s
   785   578  392.10264    6 1434  414.00000  391.97049  5.32%  1552 12624s
   786   578  392.08223    6 1437  414.00000  391.97049  5.32%  1550 12632s
   787   579  392.18624    6 1437  414.00000  391.97049  5.32%  1548 12735s
   789   582  392.04630    6 1437  414.00000  391.97049  5.32%  1573 12745s
   791   583  392.07820    6 1077  414.00000  391.97049  5.32%  1569 12759s
   792   584  391.98540    6 1435  414.00000  391.97049  5.32%  1567 12785s
   793   585  392.02894    6 1436  414.00000  391.97049  5.32%  1565 12791s
   794   585  392.08223    6 1437  414.00000  391.97049  5.32%  1563 12801s
   795   586  392.22721    6 1436  414.00000  391.97049  5.32%  1561 12812s
   796   587  392.15345    6 1434  414.00000  391.97049  5.32%  1559 12823s
   797   587  392.08158    6 1436  414.00000  391.97049  5.32%  1557 12835s
   798   588  391.99284    6 1435  414.00000  391.97049  5.32%  1555 12846s
   799   589  392.18624    6 1434  414.00000  391.97049  5.32%  1553 12854s
   800   589  392.02836    6 1437  414.00000  391.97049  5.32%  1551 12863s
   801   590  391.97049    6 1437  414.00000  391.97049  5.32%  1549 12965s
   803   593  392.16029    6 1437  414.00000  391.97049  5.32%  1574 12975s
   805   594  392.08636    6 1077  414.00000  391.97049  5.32%  1570 12989s
   806   595  391.99284    6 1435  414.00000  391.97049  5.32%  1568 13016s
   807   596  392.08158    6 1436  414.00000  391.97049  5.32%  1566 13022s
   808   596  392.09214    6 1437  414.00000  391.97049  5.32%  1564 13032s
   809   597  391.97049    1 1436  414.00000  391.97049  5.32%  1562 13044s
   810   598  392.08796    6 1434  414.00000  391.97049  5.32%  1560 13055s
   811   598  392.02673    6 1436  414.00000  391.97049  5.32%  1558 13067s
   812   599  392.10264    6 1435  414.00000  391.97049  5.32%  1556 13077s
   813   600  392.15106    6 1434  414.00000  391.97049  5.32%  1554 13085s
   814   600  392.15106    6 1437  414.00000  391.97049  5.32%  1552 13094s
   815   601  391.98185    6 1437  414.00000  391.97049  5.32%  1551 13196s
   817   604  392.15163    6 1437  414.00000  391.97049  5.32%  1575 13206s
   819   605  392.08796    6 1077  414.00000  391.97049  5.32%  1571 13220s
   820   606  392.11131    6 1435  414.00000  391.97049  5.32%  1569 13247s
   821   607  392.15163    6 1436  414.00000  391.97049  5.32%  1567 13252s
   822   607  392.15924    6 1437  414.00000  391.97049  5.32%  1565 13263s
   823   608  392.07820    6 1436  414.00000  391.97049  5.32%  1563 13274s
   824   609  392.05493    6 1434  414.00000  391.97049  5.32%  1561 13286s
   825   609  392.05493    6 1436  414.00000  391.97049  5.32%  1560 13298s
   826   610  392.05493    6 1435  414.00000  391.97049  5.32%  1558 13309s
   827   611  392.08796    6 1434  414.00000  391.97049  5.32%  1556 13318s
   828   611  392.14918    6 1437  414.00000  391.97049  5.32%  1554 13326s
   829   612  392.02894    6 1437  414.00000  391.97049  5.32%  1552 13430s
   831   615  392.08796    6 1437  414.00000  391.97049  5.32%  1576 13440s
   833   616  392.18624    6 1077  414.00000  391.97049  5.32%  1572 13454s
   834   617  392.08896    6 1435  414.00000  391.97049  5.32%  1570 13481s
   835   618  391.98185    6 1436  414.00000  391.97049  5.32%  1568 13486s
   836   618  392.02894    6 1437  414.00000  391.97049  5.32%  1566 13497s
   837   619  392.14918    6 1436  414.00000  391.97049  5.32%  1564 13508s
   838   620  392.08796    6 1434  414.00000  391.97049  5.32%  1563 13520s
   839   620  391.97049    1 1436  414.00000  391.97049  5.32%  1561 13532s
   840   621  392.07820    6 1435  414.00000  391.97049  5.32%  1559 13543s
   841   622  392.14918    6 1434  414.00000  391.97049  5.32%  1557 13551s
   842   622  392.10264    6 1437  414.00000  391.97049  5.32%  1555 13560s
   843   623  392.15924    6 1437  414.00000  391.97049  5.32%  1553 13664s
   845   626  392.05493    6 1437  414.00000  391.97049  5.32%  1577 13674s
   847   627  392.07820    6 1077  414.00000  391.97049  5.32%  1573 13688s
   848   628  392.04630    6 1435  414.00000  391.97049  5.32%  1571 13714s
   849   629  392.08796    6 1436  414.00000  391.97049  5.32%  1569 13719s
   850   629  392.18624    6 1437  414.00000  391.97049  5.32%  1567 13730s
   851   630  392.08158    6 1436  414.00000  391.97049  5.32%  1566 13741s
   852   631  392.18805    6 1434  414.00000  391.97049  5.32%  1564 13752s
   853   631  392.18624    6 1436  414.00000  391.97049  5.32%  1562 13764s
   854   632  392.08896    6 1435  414.00000  391.97049  5.32%  1560 13774s
   855   633  392.16029    6 1434  414.00000  391.97049  5.32%  1558 13783s
   856   633  392.07820    6 1437  414.00000  391.97049  5.32%  1556 13791s
   857   634  392.07820    6 1437  414.00000  391.97049  5.32%  1555 13894s
   859   637  392.00301    6 1437  414.00000  391.97049  5.32%  1578 13904s
   861   638  392.07820    6 1077  414.00000  391.97049  5.32%  1574 13918s
   862   639  392.18805    6 1435  414.00000  391.97049  5.32%  1572 13944s
   863   640  392.07820    6 1436  414.00000  391.97049  5.32%  1570 13949s
   864   640  392.08158    6 1437  414.00000  391.97049  5.32%  1569 13960s
   865   641  392.10264    6 1436  414.00000  391.97049  5.32%  1567 13971s
   866   642  391.97049    6 1434  414.00000  391.97049  5.32%  1565 13982s
   867   642  391.99284    6 1436  414.00000  391.97049  5.32%  1563 13994s
   868   643  392.11131    6 1435  414.00000  391.97049  5.32%  1561 14005s
   869   644  391.99284    6 1434  414.00000  391.97049  5.32%  1560 14014s
   870   644  392.04630    6 1437  414.00000  391.97049  5.32%  1558 14022s
   871   645  391.98185    6 1437  414.00000  391.97049  5.32%  1556 14126s
   873   648  391.98540    6 1437  414.00000  391.97049  5.32%  1579 14136s
   875   649  391.97049    6 1077  414.00000  391.97049  5.32%  1575 14149s
   876   650  392.02836    6 1435  414.00000  391.97049  5.32%  1573 14176s
   877   651  392.08636    6 1436  414.00000  391.97049  5.32%  1571 14181s
   878   651  392.22721    6 1437  414.00000  391.97049  5.32%  1570 14191s
   879   652  391.99284    6 1436  414.00000  391.97049  5.32%  1568 14202s
   880   653  392.15924    6 1434  414.00000  391.97049  5.32%  1566 14213s
   881   653  392.15924    6 1436  414.00000  391.97049  5.32%  1564 14225s
   882   654  392.08636    6 1435  414.00000  391.97049  5.32%  1562 14236s
   883   655  392.22721    6 1434  414.00000  391.97049  5.32%  1561 14244s
   884   655  391.98185    6 1437  414.00000  391.97049  5.32%  1559 14253s
   885   656  392.10264    6 1437  414.00000  391.97049  5.32%  1557 14355s
   887   659  392.18624    6 1437  414.00000  391.97049  5.32%  1579 14366s
   889   660  392.04630    6 1077  414.00000  391.97049  5.32%  1576 14380s

Cutting planes:
  Gomory: 1

Explored 889 nodes (1445431 simplex iterations) in 14400.06 seconds (30819.10 work units)
Thread count was 32 (of 32 available processors)

Solution count 10: 414 415 416 ... 423

Time limit reached
Best objective 4.140000000000e+02, best bound 3.920000000000e+02, gap 5.3140%

User-callback calls 2761377, time in user-callback 7.58 sec
