
Gurobi 13.0.2 (linux64) logging started Fri Jul 17 06:36:52 2026

Set parameter LogFile to value "/tmp/sweep_20260716_013919_north-korea_alt260km_s100_i4_v4_gurobi.log"
Set parameter Method to value 1
Set parameter NodefileStart to value 4
Set parameter RINS to value 50
Gurobi Optimizer version 13.0.2 build v13.0.2rc1 (linux64 - "Debian GNU/Linux 13 (trixie)")

CPU model: Intel(R) Xeon(R) Platinum 8375C CPU @ 2.90GHz, instruction set [SSE2|AVX|AVX2|AVX512]
Thread count: 16 physical cores, 32 logical processors, using up to 32 threads

Non-default parameters:
TimeLimit  14400
MIPGap  0.001
Method  1
LPWarmStart  1
Heuristics  0.2
MIPFocus  1
NodefileStart  4
RINS  50
Symmetry  2
Cuts  2
CoverCuts  2
LogToConsole  0

Academic license 2812613 - for non-commercial use only - registered to no___@gatech.edu
Optimize a model with 1436 rows, 28720 columns and 183090 nonzeros (Min)
Model fingerprint: 0x013f226b
Model has 28720 linear objective coefficients
Variable types: 0 continuous, 28720 integer (28720 binary)
Coefficient statistics:
  Matrix range     [1e+00, 1e+00]
  Objective range  [1e+00, 1e+00]
  Bounds range     [1e+00, 1e+00]
  RHS range        [2e+01, 2e+01]

Found heuristic solution: objective 8975.0000000
Presolve removed 0 rows and 13642 columns
Presolve time: 0.11s
Presolved: 1436 rows, 15078 columns, 102674 nonzeros
Variable types: 0 continuous, 15078 integer (10770 binary)

Root relaxation: objective 3.436143e+03, 12207 iterations, 4.20 seconds (7.64 work units)

    Nodes    |    Current Node    |     Objective Bounds      |     Work
 Expl Unexpl |  Obj  Depth IntInf | Incumbent    BestBd   Gap | It/Node Time

     0     0 3436.14286    0 1436 8975.00000 3436.14286  61.7%     -    4s
H    0     0                    6397.0000000 3436.14286  46.3%     -    4s
H    0     0                    3590.0000000 3436.14286  4.29%     -    4s
H    0     0                    3497.0000000 3436.14286  1.74%     -    4s
H    0     0                    3488.0000000 3436.14286  1.49%     -    4s
H    0     0                    3485.0000000 3436.14286  1.40%     -    4s
H    0     0                    3477.0000000 3436.14286  1.18%     -    5s
H    0     0                    3474.0000000 3436.14286  1.09%     -    5s
H    0     0                    3473.0000000 3436.14286  1.06%     -    5s
H    0     0                    3472.0000000 3436.14286  1.03%     -    5s
H    0     0                    3471.0000000 3436.14286  1.00%     -    5s
H    0     0                    3470.0000000 3436.14286  0.98%     -    5s
H    0     0                    3469.0000000 3436.14286  0.95%     -    5s
H    0     0                    3467.0000000 3436.14286  0.89%     -    5s
H    0     0                    3466.0000000 3436.14286  0.86%     -    5s
H    0     0                    3462.0000000 3436.14286  0.75%     -    5s
H    0     0                    3460.0000000 3436.14286  0.69%     -    5s
H    0     0                    3459.0000000 3436.14286  0.66%     -    5s
H    0     0                    3458.0000000 3436.14286  0.63%     -    5s
     0     0 3436.26495    0 1490 3458.00000 3436.26495  0.63%     -    9s
H    0     0                    3457.0000000 3436.26495  0.60%     -   37s
     0     0 3437.06353    0 1562 3457.00000 3437.06353  0.58%     -   40s
     0     0 3437.09762    0 1609 3457.00000 3437.09762  0.58%     -   40s
     0     0 3437.12093    0 1652 3457.00000 3437.12093  0.58%     -   41s
     0     0 3437.12093    0 1676 3457.00000 3437.12093  0.58%     -   41s
     0     0 3437.13550    0 1680 3457.00000 3437.13550  0.57%     -   41s
     0     0 3437.13550    0 1684 3457.00000 3437.13550  0.57%     -   41s
     0     0 3437.17996    0 1715 3457.00000 3437.17996  0.57%     -   48s
     0     0 3437.17996    0 1768 3457.00000 3437.17996  0.57%     -   50s
     0     0 3437.17996    0 1808 3457.00000 3437.17996  0.57%     -   51s
     0     0 3437.17996    0 1853 3457.00000 3437.17996  0.57%     -   52s
     0     0 3437.20412    0 1890 3457.00000 3437.20412  0.57%     -   53s
     0     0 3437.20412    0 1923 3457.00000 3437.20412  0.57%     -   53s
     0     0 3437.20412    0 1955 3457.00000 3437.20412  0.57%     -   54s
     0     0 3437.20412    0 1972 3457.00000 3437.20412  0.57%     -   55s
     0     0 3437.20427    0 1989 3457.00000 3437.20427  0.57%     -   55s
     0     0 3437.20427    0 2005 3457.00000 3437.20427  0.57%     -   56s
     0     0 3437.20427    0 2008 3457.00000 3437.20427  0.57%     -   56s
     0     0 3437.20427    0 2027 3457.00000 3437.20427  0.57%     -   57s
     0     0 3437.20427    0 2037 3457.00000 3437.20427  0.57%     -   57s
     0     0 3437.20427    0 2040 3457.00000 3437.20427  0.57%     -   58s
     0     0 3437.20427    0 2053 3457.00000 3437.20427  0.57%     -   58s
     0     0 3437.20427    0 2061 3457.00000 3437.20427  0.57%     -   58s
     0     0 3437.20427    0 2062 3457.00000 3437.20427  0.57%     -   58s
     0     0 3437.24942    0 2024 3457.00000 3437.24942  0.57%     -   71s
     0     0 3437.25471    0 2023 3457.00000 3437.25471  0.57%     -   73s
     0     0 3437.26455    0 2012 3457.00000 3437.26455  0.57%     -   74s
     0     0 3437.26455    0 2029 3457.00000 3437.26455  0.57%     -   75s
     0     0 3437.26996    0 2038 3457.00000 3437.26996  0.57%     -   76s
     0     0 3437.27896    0 2046 3457.00000 3437.27896  0.57%     -   77s
     0     0 3437.28416    0 2054 3457.00000 3437.28416  0.57%     -   77s
     0     0 3437.28926    0 2065 3457.00000 3437.28926  0.57%     -   78s
     0     0 3437.29274    0 2070 3457.00000 3437.29274  0.57%     -   78s
     0     0 3437.29555    0 2073 3457.00000 3437.29555  0.57%     -   79s
     0     0 3437.29816    0 2076 3457.00000 3437.29816  0.57%     -   79s
     0     0 3437.30131    0 2083 3457.00000 3437.30131  0.57%     -   80s
     0     0 3437.30439    0 2078 3457.00000 3437.30439  0.57%     -   80s
     0     0 3437.30577    0 2083 3457.00000 3437.30577  0.57%     -   81s
     0     0 3437.30705    0 2093 3457.00000 3437.30705  0.57%     -   81s
     0     0 3437.30791    0 2100 3457.00000 3437.30791  0.57%     -   81s
     0     0 3437.30843    0 2105 3457.00000 3437.30843  0.57%     -   82s
     0     0 3437.30872    0 2109 3457.00000 3437.30872  0.57%     -   82s
H    0     0                    3456.0000000 3437.31806  0.54%     -   91s
     0     0 3437.31806    0 2072 3456.00000 3437.31806  0.54%     -   91s
     0     0 3437.32796    0 2055 3456.00000 3437.32796  0.54%     -   93s
     0     0 3437.33952    0 2045 3456.00000 3437.33952  0.54%     -   94s
     0     0 3437.34890    0 2049 3456.00000 3437.34890  0.54%     -   95s
     0     0 3437.35550    0 2049 3456.00000 3437.35550  0.54%     -   96s
     0     0 3437.36043    0 2061 3456.00000 3437.36043  0.54%     -   96s
     0     0 3437.36584    0 2068 3456.00000 3437.36584  0.54%     -   97s
     0     0 3437.37052    0 2071 3456.00000 3437.37052  0.54%     -   98s
     0     0 3437.37415    0 2078 3456.00000 3437.37415  0.54%     -   98s
     0     0 3437.37643    0 2085 3456.00000 3437.37643  0.54%     -   99s
     0     0 3437.37875    0 2083 3456.00000 3437.37875  0.54%     -   99s
     0     0 3437.38074    0 2083 3456.00000 3437.38074  0.54%     -  100s
     0     0 3437.38176    0 2099 3456.00000 3437.38176  0.54%     -  100s
     0     0 3437.38417    0 2096 3456.00000 3437.38417  0.54%     -  101s
     0     0 3437.38687    0 2098 3456.00000 3437.38687  0.54%     -  101s
     0     0 3437.38779    0 2111 3456.00000 3437.38779  0.54%     -  102s
     0     0 3437.38867    0 2115 3456.00000 3437.38867  0.54%     -  102s
     0     0 3437.38953    0 2114 3456.00000 3437.38953  0.54%     -  103s
     0     0 3437.39008    0 2110 3456.00000 3437.39008  0.54%     -  103s
     0     0 3437.39065    0 2119 3456.00000 3437.39065  0.54%     -  103s
     0     0 3437.39097    0 2120 3456.00000 3437.39097  0.54%     -  103s
     0     0 3437.39470    0 2098 3456.00000 3437.39470  0.54%     -  114s
     0     2 3437.41745    0 2098 3456.00000 3437.41745  0.54%     -  202s
     1     3 3437.41745    1 2030 3456.00000 3437.41745  0.54%   482  215s
     2     4 3437.45294    2 2015 3456.00000 3437.41745  0.54%   976  231s
     5     8 3437.46753    3 2020 3456.00000 3437.45294  0.54%   946  247s
     9    16 3437.69407    4 1998 3456.00000 3437.46759  0.54%  1205  269s
    17    32 3437.74764    5 2070 3456.00000 3437.52014  0.53%  1681  297s
    33    64 3437.86671    6 2084 3456.00000 3437.58512  0.53%  2675  330s
    65   110 3437.96724    8 2074 3456.00000 3437.58520  0.53%  2238  346s
   111   126 3438.16375   11 2066 3456.00000 3437.58520  0.53%  1974  355s
   127   142 3438.22117   11 2088 3456.00000 3437.58520  0.53%  1979  366s
   143   158 3438.22793   12 2068 3456.00000 3437.58520  0.53%  1920  376s
   159   174 3438.24406   13 2060 3456.00000 3437.58520  0.53%  1947  386s
   175   190 3438.28130   13 2073 3456.00000 3437.58520  0.53%  1886  398s
   191   206 3438.32570   14 2074 3456.00000 3437.58520  0.53%  1843  409s
   207   222 3438.36098   15 2055 3456.00000 3437.58520  0.53%  1810  419s
   223   238 3438.36491   15 2064 3456.00000 3437.58520  0.53%  1788  431s
   239   271 3438.41433   16 2079 3456.00000 3437.58520  0.53%  1803  441s
   272   287 3438.52489   19 2063 3456.00000 3437.58520  0.53%  1753  452s
   288   303 3438.56626   20 2065 3456.00000 3437.58520  0.53%  1737  471s
   304   319 3438.59819   20 2050 3456.00000 3437.58520  0.53%  1771  482s
   320   336 3438.59440   21 2053 3456.00000 3437.58520  0.53%  1738  493s
H  321   336                    3455.0000000 3437.58520  0.50%  1733  493s
   337   388 3438.73204   21 2048 3455.00000 3437.58520  0.50%  1719  504s
   389   442 3438.87281   22 2032 3455.00000 3437.58520  0.50%  1659  514s
   443   495 3439.01569   23 2022 3455.00000 3437.58520  0.50%  1603  524s
   496   511 3439.15478   25 2007 3455.00000 3437.58520  0.50%  1574  531s
   512   527 3439.19424   26 2010 3455.00000 3437.58520  0.50%  1564  540s
   528   543 3439.17778   26 2011 3455.00000 3437.58520  0.50%  1550  549s
   544   559 3439.28983   27 1996 3455.00000 3437.58520  0.50%  1540  560s
   560   575 3439.30550   27 2007 3455.00000 3437.58520  0.50%  1533  571s
   576   601 3439.31889   28 2017 3455.00000 3437.58520  0.50%  1527  580s
   602   639 3439.45510   28 1984 3455.00000 3437.58520  0.50%  1519  593s
   640   712 3439.47017   29 1986 3455.00000 3437.58520  0.50%  1501  605s
   713   794 3439.59517   31 1989 3455.00000 3437.58520  0.50%  1470  618s
   795   810 3439.62510   32 2001 3455.00000 3437.58520  0.50%  1431  630s
   811   826 3439.70038   33 2004 3455.00000 3437.58520  0.50%  1429  645s
   827   863 3439.75388   34 2002 3455.00000 3437.58520  0.50%  1426  657s
   864   896 3439.88041   35 1969 3455.00000 3437.58520  0.50%  1415  672s
   897   912 3439.88590   35 1997 3455.00000 3437.58520  0.50%  1409  686s
   913   928 3439.93056   36 1978 3455.00000 3437.58520  0.50%  1407  699s
   929   944 3440.01740   36 1956 3455.00000 3437.58520  0.50%  1406  711s
   945   960 3440.09001   37 1959 3455.00000 3437.58520  0.50%  1402  727s
   961   979 3440.15303   37 1941 3455.00000 3437.58520  0.50%  1397  750s
   980  1008 3440.16727   38 1951 3455.00000 3437.58520  0.50%  1391  771s
  1009  1080 3440.19234   39 1961 3455.00000 3437.58520  0.50%  1384  793s
  1081  1196 3440.27239   41 1942 3455.00000 3437.58520  0.50%  1365  811s
  1197  1258 3440.67490   45 1935 3455.00000 3437.58520  0.50%  1341  829s
  1259  1282 3440.89807   47 1909 3455.00000 3437.58520  0.50%  1329  847s
  1283  1326 3440.99097   48 1910 3455.00000 3437.58520  0.50%  1326  863s
  1327  1484 3441.14427   49 1899 3455.00000 3437.58520  0.50%  1317  882s
  1485  1652 3441.41263   56 1898 3455.00000 3437.58520  0.50%  1286  906s
  1653  1794 3441.85312   63 1864 3455.00000 3437.58520  0.50%  1264  931s
  1795  1885 3442.17236   68 1862 3455.00000 3437.58520  0.50%  1246  957s
  1886  1901 3442.40670   73 1870 3455.00000 3437.58520  0.50%  1233  992s
  1902  1917 3442.58550   73 1851 3455.00000 3437.58520  0.50%  1231 1025s
  1918  1933 3442.47151   74 1863 3455.00000 3437.58520  0.50%  1230 1054s
  1934  1949 3442.48121   75 1857 3455.00000 3437.58520  0.50%  1227 1075s
  1950  1965 3442.49086   76 1862 3455.00000 3437.58520  0.50%  1225 1102s
  1966  1981 3442.56683   76 1860 3455.00000 3437.58520  0.50%  1223 1135s
  1982  1997 3442.60232   77 1863 3455.00000 3437.58520  0.50%  1222 1157s
  1998  2013 3442.73697   77 1842 3455.00000 3437.58520  0.50%  1220 1185s
  2014  2029 3442.62770   78 1854 3455.00000 3437.58520  0.50%  1217 1211s
  2030  2045 3442.65352   79 1857 3455.00000 3437.58520  0.50%  1216 1247s
  2046  2061 3442.69228   80 1849 3455.00000 3437.58520  0.50%  1213 1270s
  2062  2077 3442.71948   81 1859 3455.00000 3437.58520  0.50%  1211 1300s
  2078  2093 3442.78960   82 1846 3455.00000 3437.58520  0.50%  1210 1328s
  2094  2109 3442.88085   82 1829 3455.00000 3437.58520  0.50%  1209 1354s
  2110  2125 3442.81552   83 1842 3455.00000 3437.58520  0.50%  1207 1382s
  2126  2141 3442.83461   84 1843 3455.00000 3437.58520  0.50%  1206 1411s
  2142  2157 3442.96194   84 1835 3455.00000 3437.58520  0.50%  1203 1442s
  2158  2173 3442.88238   85 1832 3455.00000 3437.58520  0.50%  1201 1474s
  2174  2189 3443.01011   85 1817 3455.00000 3437.58520  0.50%  1200 1512s
  2190  2205 3442.98402   86 1827 3455.00000 3437.58520  0.50%  1198 1548s
  2206  2221 3443.05688   86 1840 3455.00000 3437.58520  0.50%  1197 1601s
  2222  2298 3443.08675   87 1835 3455.00000 3437.58520  0.50%  1195 1645s
  2299  2322 3443.83842   96 1803 3455.00000 3437.58520  0.50%  1190 1693s
  2323  2524 3443.94587   97 1802 3455.00000 3437.58520  0.50%  1188 1736s
  2525  2861 3444.37362  108 1785 3455.00000 3437.58520  0.50%  1169 1771s
  2862  3136 3445.39597  118 1737 3455.00000 3437.58520  0.50%  1139 1816s
  3137  3308 3446.36142  133 1701 3455.00000 3437.58520  0.50%  1118 1847s
  3309  3444 3446.83599  140 1712 3455.00000 3437.58520  0.50%  1106 1880s
  3445  3520 3447.26768  146 1695 3455.00000 3437.58520  0.50%  1097 1924s
  3521  3536 3447.51125  149 1675 3455.00000 3437.58520  0.50%  1092 1971s
  3537  3552 3447.57489  150 1671 3455.00000 3437.58520  0.50%  1091 2014s
  3553  3569 3447.57127  150 1677 3455.00000 3437.58520  0.50%  1090 2048s
  3570  3585 3447.60353  151 1683 3455.00000 3437.58520  0.50%  1089 2094s
  3586  3603 3447.80072  151 1690 3455.00000 3437.58520  0.50%  1087 2137s
  3604  3795 3447.69424  152 1699 3455.00000 3437.58520  0.50%  1086 2176s
  3796  3878 3447.74315  152 1673 3455.00000 3437.58520  0.50%  1069 2215s
  3879  3965 3447.70990  153 1698 3455.00000 3437.58520  0.50%  1062 2256s
  3966  4276 3447.81215  154 1684 3455.00000 3437.58520  0.50%  1056 2322s
  4277  4638 3448.60692  165 1680 3455.00000 3437.58520  0.50%  1036 2365s
  4639  4845 3449.63624  180 1651 3455.00000 3437.58520  0.50%  1015 2406s
  4846  4988 3450.03928  188 1649 3455.00000 3437.58520  0.50%  1004 2449s
  4989  5210 3450.18711  191 1624 3455.00000 3437.58520  0.50%   997 2493s
  5211  5803 3450.60318  198 1626 3455.00000 3437.58520  0.50%   986 2550s
  5848  5823 3452.16569  222 1626 3455.00000 3437.58520  0.50%   956 2602s
  5868  6309 3452.15046  222 1635 3455.00000 3437.58520  0.50%   956 2660s
  6366  6740 3452.99828  236 1619 3455.00000 3437.58520  0.50%   939 2724s
  6878  7055 3438.54476   18 1955 3455.00000 3437.58520  0.50%   927 2774s
  7193  7290 3439.17761   35 1902 3455.00000 3437.58520  0.50%   923 2837s
  7444  7571 3439.98641   54 1871 3455.00000 3437.58520  0.50%   918 2906s
  7755  8284 3441.19508   78 1770 3455.00000 3437.58520  0.50%   912 2974s
  8479  8285 3448.42608  169 2098 3455.00000 3437.58520  0.50%   898 3032s
  8481  8286 3441.38852   87 1436 3455.00000 3437.58520  0.50%   897 3044s
  8482  8287 3442.58916   72 1506 3455.00000 3437.58520  0.50%   897 3101s
  8487  8290 3446.91174  145 1773 3455.00000 3437.61864  0.50%   897 3105s
  8492  8294 3453.80008  276 1934 3455.00000 3437.67158  0.50%   896 3110s
  8497  8297 3443.80401  103 2036 3455.00000 3437.85837  0.50%   896 3115s
  8505  8302 3446.70586  168 2127 3455.00000 3438.02521  0.49%   895 3129s
  8506  8303 3449.92108  197 1981 3455.00000 3438.11674  0.49%   895 3147s
  8508  8304 3450.50350  214 1797 3455.00000 3438.30218  0.48%   895 3151s
  8512  8307 3453.83634  261 1821 3455.00000 3438.33772  0.48%   894 3155s
  8517  8310 3443.81913  105 1914 3455.00000 3438.35755  0.48%   894 3160s
  8526  8316 3446.82999  139 2029 3455.00000 3438.47752  0.48%   893 3165s
  8533  8321 3451.07743  214 2054 3455.00000 3438.50736  0.48%   892 3180s
  8534  8322 3438.57730   14 1988 3455.00000 3438.57730  0.48%   892 3190s
  8540  8326 3439.93223   37 2046 3455.00000 3438.62041  0.47%   891 3199s
  8541  8326 3450.27597  194 1997 3455.00000 3438.68235  0.47%   891 3208s
  8543  8328 3439.23342   34 1971 3455.00000 3438.79004  0.47%   891 3210s
  8549  8332 3446.36933  142 2032 3455.00000 3438.91166  0.47%   890 3215s
  8559  8338 3448.13123  161 2079 3455.00000 3438.98593  0.46%   889 3220s
  8564  8342 3453.65217  243 2094 3455.00000 3438.99658  0.46%   889 3229s
  8565  8342 3442.80691   89 2038 3455.00000 3439.04813  0.46%   889 3230s
  8569  8346 3444.78118  107 1436 3455.00000 3439.04813  0.46%   896 3243s
  8570  8347 3450.02251  188 1465 3455.00000 3439.04813  0.46%   896 3303s
  8572  8348 3444.48060  105 1583 3455.00000 3439.04814  0.46%   896 3306s
  8575  8350 3453.63555  249 1745 3455.00000 3439.04814  0.46%   895 3310s
  8580  8354 3439.06313   11 1938 3455.00000 3439.06313  0.46%   895 3316s
  8584  8356 3439.06313   12 2025 3455.00000 3439.06313  0.46%   895 3326s
  8585  8357 3449.91105  241 2001 3455.00000 3439.09800  0.46%   894 3341s
  8588  8359 3439.90520   36 1989 3455.00000 3439.24112  0.46%   894 3345s
  8596  8364 3442.57369   76 2039 3455.00000 3439.38494  0.45%   893 3350s
  8607  8372 3450.90879  228 2081 3455.00000 3439.46564  0.45%   892 3355s
  8611  8374 3452.95680  268 2091 3455.00000 3439.47112  0.45%   892 3370s
  8612  8375 3453.83634  261 2075 3455.00000 3439.51910  0.45%   892 3380s
  8621  8381 3451.59599  216 2135 3455.00000 3439.66071  0.44%   891 3385s
  8625  8384 3442.24398   77 2143 3455.00000 3439.67280  0.44%   890 3392s
  8626  8384 3446.82999  139 2145 3455.00000 3439.69960  0.44%   890 3401s
  8631  8388 3448.95104  170 2154 3455.00000 3439.72093  0.44%   890 3411s
  8632  8388 3443.03605   88 2154 3455.00000 3439.72093  0.44%   890 3420s
  8633  8389 3451.07743  214 2154 3455.00000 3439.76308  0.44%   889 3559s
  8634  8391     cutoff   29      3455.00000 3439.76308  0.44%   895 3560s
  8642  8402 3439.93404   32 2118 3455.00000 3439.77758  0.44%   894 3565s
  8650  8415 3440.06788   33 2109 3455.00000 3439.82176  0.44%   893 3571s
  8687  8440 3440.17334   35 2100 3455.00000 3439.85171  0.44%   890 3580s
  8719  8461 3440.27399   36 2091 3455.00000 3439.85171  0.44%   888 3585s
  8751  8483 3440.31741   37 2096 3455.00000 3439.85171  0.44%   886 3595s
  8783  8504 3440.42488   38 2083 3455.00000 3439.85171  0.44%   884 3604s
  8799  8515 3440.48405   38 2075 3455.00000 3439.85171  0.44%   883 3607s
  8815  8525 3440.45794   39 2078 3455.00000 3439.85171  0.44%   882 3611s
  8849  8549 3440.52944   40 2083 3455.00000 3439.85171  0.44%   879 3619s
  8866  8559 3440.56931   40 2066 3455.00000 3439.85171  0.44%   878 3622s
  8882  8570 3440.64847   41 2065 3455.00000 3439.85171  0.44%   877 3629s
  8898  8584 3440.67200   41 2052 3455.00000 3439.85171  0.44%   876 3641s
  8917  8610 3440.68382   42 2063 3455.00000 3439.85171  0.44%   875 3656s
  8950  8615 3440.93694   45 2045 3455.00000 3439.85171  0.44%   873 3676s
  8966  8634 3440.99763   46 2045 3455.00000 3439.85171  0.44%   872 3696s
  8990  8659 3441.01282   46 2039 3455.00000 3439.85171  0.44%   870 3702s
  9023  8681 3441.05930   47 2040 3455.00000 3439.85171  0.44%   868 3708s
  9056  8722 3441.07251   47 2046 3455.00000 3439.85171  0.44%   867 3715s
  9108  8752 3441.19930   48 2035 3455.00000 3439.85171  0.44%   864 3723s
  9155  8779 3441.14064   48 2037 3455.00000 3439.85171  0.44%   861 3741s
  9198  8797 3441.23989   49 2036 3455.00000 3439.85171  0.44%   860 3757s
  9230  8828 3441.30029   49 2025 3455.00000 3439.85171  0.44%   858 3776s
  9272  8882 3441.36969   50 2029 3455.00000 3439.85171  0.44%   856 3795s
  9340  8934 3441.55916   52 2013 3455.00000 3439.85171  0.44%   852 3816s
  9415  8935 3441.93539   56 1952 3455.00000 3439.85171  0.44%   848 3833s
  9441  9000 3441.98431   57 1954 3455.00000 3439.85171  0.44%   846 3853s
  9514  9002 3442.18338   61 1949 3455.00000 3439.85171  0.44%   842 3862s
  9541  9046 3442.20611   61 1952 3455.00000 3439.85171  0.44%   841 3871s
  9594  9074 3442.50245   65 1955 3455.00000 3439.85171  0.44%   839 3887s
  9639  9094 3442.62678   68 1950 3455.00000 3439.85171  0.44%   837 3902s
  9674  9121 3442.72281   69 1938 3455.00000 3439.85171  0.44%   836 3918s
  9713  9145 3442.77925   69 1936 3455.00000 3439.85171  0.44%   834 3925s
  9750  9149 3442.77003   70 1935 3455.00000 3439.85171  0.44%   833 3936s
  9766  9160 3442.81870   70 1934 3455.00000 3439.85171  0.44%   832 3950s
  9783  9190 3442.92349   71 1933 3455.00000 3439.85171  0.44%   831 3959s
  9818  9215 3443.30055   77 1921 3455.00000 3439.85171  0.44%   829 3970s
  9855  9219 3443.30919   77 1918 3455.00000 3439.85171  0.44%   828 3981s
  9871  9272 3443.33997   78 1910 3455.00000 3439.85171  0.44%   828 4002s
  9930  9279 3443.34289   78 1921 3455.00000 3439.85171  0.44%   826 4025s
  9956  9364 3443.40131   79 1919 3455.00000 3439.85171  0.44%   825 4035s
 10050  9349 3443.70810   85 1888 3455.00000 3439.85171  0.44%   821 4059s
 10066  9359 3443.76973   85 1895 3455.00000 3439.85171  0.44%   821 4079s
 10082  9370 3443.85379   86 1902 3455.00000 3439.85171  0.44%   820 4097s
 10098  9383 3443.83285   86 1891 3455.00000 3439.85171  0.44%   819 4122s
 10116  9461 3443.93804   87 1892 3455.00000 3439.85171  0.44%   819 4134s
 10200  9449 3443.91150   87 1892 3455.00000 3439.85171  0.44%   816 4164s
 10216  9459 3443.96892   88 1897 3455.00000 3439.85171  0.44%   815 4193s
 10232  9487 3443.99192   88 1907 3455.00000 3439.85171  0.44%   815 4211s
 10265  9547 3444.57708   97 1834 3455.00000 3439.85171  0.44%   813 4237s
 10336  9604 3445.13813  104 1796 3455.00000 3439.85171  0.44%   811 4256s
 10417  9593 3445.11852  104 1800 3455.00000 3439.85171  0.44%   808 4279s
 10433  9636 3445.20152  105 1794 3455.00000 3439.85171  0.44%   808 4294s
 10481  9645 3445.16506  105 1800 3455.00000 3439.85171  0.44%   806 4310s
 10506  9689 3445.18262  106 1808 3455.00000 3439.85171  0.44%   805 4333s
 10558  9687 3445.49729  110 1774 3455.00000 3439.85171  0.44%   803 4359s
 10574  9698 3445.48457  110 1766 3455.00000 3439.85171  0.44%   803 4383s
 10590  9719 3445.59797  111 1763 3455.00000 3439.85171  0.44%   803 4406s
 10616  9751 3445.59661  111 1749 3455.00000 3439.85171  0.44%   802 4424s
 10657  9939 3445.68727  112 1729 3455.00000 3439.85171  0.44%   801 4442s
 10859  9888 3446.66278  123 1663 3455.00000 3439.85171  0.44%   795 4464s
 10875  9901 3446.72344  123 1642 3455.00000 3439.85171  0.44%   795 4482s
 10893 10023 3446.78123  124 1644 3455.00000 3439.85171  0.44%   794 4503s
 11021  9996 3447.02624  128 1635 3455.00000 3439.85171  0.44%   791 4539s
 11037 10007 3447.03733  128 1612 3455.00000 3439.85171  0.44%   790 4564s
 11053 10017 3447.09722  129 1609 3455.00000 3439.85171  0.44%   790 4590s
 11069 10028 3447.09602  129 1599 3455.00000 3439.85171  0.44%   790 4624s
 11085 10039 3447.14952  130 1570 3455.00000 3439.85171  0.44%   789 4648s
 11101 10049 3447.17245  130 1597 3455.00000 3439.85171  0.44%   789 4673s
 11117 10071 3447.23556  131 1577 3455.00000 3439.85171  0.44%   789 4706s
 11144 10078 3447.21681  131 1566 3455.00000 3439.85171  0.44%   789 4735s
 11160 10111 3447.27747  132 1570 3455.00000 3439.85171  0.44%   788 4764s
 11198 10122 3447.33505  132 1587 3455.00000 3439.85171  0.44%   788 4789s
 11222 10130 3447.40384  134 1552 3455.00000 3439.85171  0.44%   787 4818s
 11238 10141 3447.43833  134 1564 3455.00000 3439.85171  0.44%   787 4847s
 11254 10211 3447.46057  135 1550 3455.00000 3439.85171  0.44%   787 4883s
 11330 10202 3447.51415  135 1546 3455.00000 3439.85171  0.44%   785 4912s
 11346 10214 3447.55496  136 1547 3455.00000 3439.85171  0.44%   785 4956s
 11363 10473 3447.57832  136 1534 3455.00000 3439.85171  0.44%   784 4999s
 11628 10401 3447.64574  137 1545 3455.00000 3439.85171  0.44%   779 5071s
 11644 10437 3447.68901  137 1528 3455.00000 3439.85171  0.44%   778 5110s
 11686 10467 3448.04351  141 1497 3455.00000 3439.85171  0.44%   778 5144s
 11730 10512 3448.09465  142 1495 3455.00000 3439.85171  0.44%   777 5209s
 11789 10565 3448.91410  153 1467 3455.00000 3439.85171  0.44%   776 5239s
 11862 10831 3449.24436  157 1433 3455.00000 3439.85171  0.44%   774 5272s
 12152 10763 3450.47654  177 1355 3455.00000 3439.85171  0.44%   769 5314s
 12181 10769 3450.48539  177 1372 3455.00000 3439.85171  0.44%   769 5345s
 12197 10826 3450.50751  178 1355 3455.00000 3439.85171  0.44%   768 5377s
 12259 11206 3450.56698  179 1329 3455.00000 3439.85171  0.44%   767 5407s
 12660 11089 3451.99739  200 1290 3455.00000 3439.85171  0.44%   762 5442s
 12676 11337 3452.04440  200 1285 3455.00000 3439.85171  0.44%   762 5475s
 12930 11589 3452.10096  201 1264 3455.00000 3439.85171  0.44%   759 5509s
 13280 11795 3452.91122  211 1243 3455.00000 3439.87566  0.44%   754 5544s
 13635 11894 3453.72130  223 1215 3455.00000 3439.87579  0.44%   749 5579s
 13920 12288 3440.72599   46 2040 3455.00000 3439.89554  0.44%   744 5614s
 14409 12629 3441.65189   62 1998 3455.00000 3439.89554  0.44%   736 5649s
 14937 12670 3442.32644   73 1927 3455.00000 3439.89554  0.44%   728 5689s
 15255 13105 3442.91615   80 1879 3455.00000 3439.89554  0.44%   723 5727s
 16007 13222 3444.10406   93 1753 3455.00000 3439.89554  0.44%   708 5768s
 16403 13836 3444.93720  106 1678 3455.00000 3439.89554  0.44%   700 5826s
 17171 13590 3446.57932  130 1614 3455.00000 3439.89554  0.44%   685 5887s
 17193 13599 3446.64907  131 1604 3455.00000 3439.89554  0.44%   685 5937s
 17209 13642 3446.66718  131 1615 3455.00000 3439.89554  0.44%   684 5992s
 17258 13726 3446.67602  132 1605 3455.00000 3439.89554  0.44%   683 6053s
 17358 13750 3446.70486  132 1607 3455.00000 3439.89554  0.44%   681 6094s
 17415 14051 3447.85560  153 1556 3455.00000 3439.89554  0.44%   681 6139s
 17735 14177 3448.98969  171 1503 3455.00000 3439.89554  0.44%   676 6182s
 17968 14543 3449.40582  179 1471 3455.00000 3439.89554  0.44%   672 6242s
 18438 14439 3450.54985  196 1444 3455.00000 3439.89554  0.44%   664 6304s
 18490 14452 3450.54051  196 1442 3455.00000 3439.89554  0.44%   664 6360s
 18541 14506 3450.57140  197 1437 3455.00000 3439.95719  0.44%   663 6406s
 18612 14961 3451.62873  210 1413 3455.00000 3439.95719  0.44%   662 6456s
 19090 15113 3453.54776  237 1327 3455.00000 3439.95719  0.44%   655 6509s
 19452 15743 3453.94747  245 1328 3455.00000 3439.96898  0.44%   650 6564s
 20284 16016 3441.38015   66 2032 3455.00000 3439.96898  0.44%   640 6620s
 20835 16794 3442.77826   96 1965 3455.00000 3439.96898  0.44%   634 6720s
 21922 16764 3445.78272  162 1864 3455.00000 3439.96898  0.44%   623 6776s
 22320 16659 3446.20012  178 1865 3455.00000 3439.96898  0.44%   619 6831s
 22355 17341 3446.26072  180 1859 3455.00000 3439.96898  0.44%   618 6886s
 23087 17371 3447.72583  226 1828 3455.00000 3439.97819  0.43%   612 6937s
 23387 17795 3448.69710  249 1800 3455.00000 3439.99545  0.43%   610 6993s
 23915 18093 3450.95446  312 1764 3455.00000 3440.01111  0.43%   605 7058s
 24475 18088 3452.15724  348 1733 3455.00000 3440.01111  0.43%   600 7127s
 24657 18990 3452.16363  349 1734 3455.00000 3440.01111  0.43%   599 7198s
 25679 19437 3440.27176   39 2087 3455.00000 3440.01111  0.43%   589 7263s
 26549 19324 3441.40442   61 2017 3455.00000 3440.01111  0.43%   581 7330s
 26764 20176 3441.58504   63 2009 3455.00000 3440.01111  0.43%   580 7402s
 27736 20746 3444.18520  110 1923 3455.00000 3440.03133  0.43%   572 7476s
 28630 20613 3447.46676  174 1822 3455.00000 3440.03133  0.43%   567 7552s
 28795 21331 3448.33939  195 1792 3455.00000 3440.03133  0.43%   567 7631s
 29582 22067 3450.68051  241 1740 3455.00000 3440.03133  0.43%   564 7715s
 30766 22612 3453.81874  310 1672 3455.00000 3440.03133  0.43%   557 7797s
 31878 22568 3441.35926   73 2030 3455.00000 3440.03608  0.43%   550 7902s
 32296 22448 3442.11834   86 1985 3455.00000 3440.03608  0.43%   548 7991s
 32320 22508 3442.09617   87 1994 3455.00000 3440.03608  0.43%   548 8082s
 32416 22819 3442.07113   87 1997 3455.00000 3440.04121  0.43%   547 8182s
 32771 23771 3442.58957   99 1954 3455.00000 3440.05464  0.43%   545 8276s
 33841 24350 3443.20660  113 1943 3455.00000 3440.05464  0.43%   540 8376s
 34875 25136 3445.65056  148 1685 3455.00000 3440.05464  0.43%   535 8482s
 35719 26358 3446.77020  164 1566 3455.00000 3440.05464  0.43%   533 8592s
 37173 26374 3449.81672  206 1385 3455.00000 3440.06125  0.43%   528 8751s
 37189 26401 3450.03307  210 1346 3455.00000 3440.06125  0.43%   528 8923s
 37216 27174 3450.11005  211 1359 3455.00000 3440.06125  0.43%   528 9048s
 38047 28072 3453.11951  254 1219 3455.00000 3440.06125  0.43%   525 9166s
 39053 28866 3443.31835  108 1931 3455.00000 3440.09668  0.43%   521 9303s
 39871 29151 3446.38124  156 1803 3455.00000 3440.09668  0.43%   519 9438s
 40190 30138 3446.52037  157 1801 3455.00000 3440.09668  0.43%   519 9575s
 41255 32485 3449.82729  228 1714 3455.00000 3440.09668  0.43%   515 9773s
 43697 33614 3443.76621  107 1932 3455.00000 3440.09668  0.43%   507 9885s
 44876 35172 3447.30247  211 1829 3455.00000 3440.12624  0.43%   503 10009s
 46486 36774 3450.31733  332 1725 3455.00000 3440.12624  0.43%   499 10136s
 48147 37664 3452.82464  447 1571 3455.00000 3440.14551  0.43%   496 10264s
 49193 37680 3441.70198   58 2004 3455.00000 3440.14551  0.43%   494 10423s
 49209 37958 3441.79479   59 1991 3455.00000 3440.14551  0.43%   494 10559s
 49599 39162 3441.78858   59 1996 3455.00000 3440.14551  0.43%   493 10706s
 50955 41303 3443.68548   84 1927 3455.00000 3440.14551  0.43%   490 10864s
 53173 41319 3447.01384  135 1827 3455.00000 3440.14897  0.43%   487 11100s
 53189 41758 3446.94131  135 1832 3455.00000 3440.14897  0.43%   487 11274s
 53648 41836 3447.14758  136 1809 3455.00000 3440.14897  0.43%   486 11445s
 53746 42462 3447.26740  139 1797 3455.00000 3440.14897  0.43%   486 11596s
 54372 44421 3447.41384  140 1824 3455.00000 3440.14897  0.43%   486 11762s
 56575 46225 3449.76824  176 1753 3455.00000 3440.14897  0.43%   483 11914s
 58497 47978 3450.89222  194 1717 3455.00000 3440.14897  0.43%   481 12069s
 60306 49983 3452.60547  220 1689 3455.00000 3440.14897  0.43%   481 12216s
 62557 52910     cutoff  245      3455.00000 3440.15259  0.43%   478 12436s
 65890 53971 3449.63983  214 1771 3455.00000 3440.15259  0.43%   472 12541s
 67055 55376 3453.30526  287 1749 3455.00000 3440.15259  0.43%   470 12661s
 68590 56572 3441.63064   59 1990 3455.00000 3440.16083  0.43%   467 12774s
 69904 58109 3443.74038   95 1852 3455.00000 3440.16083  0.43%   464 12896s
 71693 58125 3447.75947  149 1575 3455.00000 3440.16083  0.43%   461 13100s
 71709 58320 3447.80758  150 1568 3455.00000 3440.16083  0.43%   461 13247s
 71904 59501 3447.85568  150 1565 3455.00000 3440.16083  0.43%   461 13379s
 73131 60721 3449.54777  170 1460 3455.00000 3440.16083  0.43%   460 13506s
 74508 61322 3453.74780  226 1217 3455.00000 3440.18800  0.43%   459 13653s
 75196 61713 3441.36960   54 1976 3455.00000 3440.20204  0.43%   459 13798s
 75705 63134 3441.40546   55 1974 3455.00000 3440.20204  0.43%   458 13947s
 77262 65310 3446.62324  151 1587 3455.00000 3440.20204  0.43%   458 14094s
 79581 66638 3441.03130   53 2036 3455.00000 3440.20204  0.43%   459 14233s
 81269 68205 3444.52309  137 1881 3455.00000 3440.20204  0.43%   458 14369s
 82836 68445 3450.06441  269 1713 3455.00000 3440.20204  0.43%   457 14400s

Cutting planes:
  MIR: 1085
  StrongCG: 1
  Flow cover: 58

Explored 83076 nodes (37984926 simplex iterations) in 14400.03 seconds (45193.01 work units)
Thread count was 32 (of 32 available processors)

Solution count 10: 3455 3456 3457 ... 3469

Time limit reached
Best objective 3.455000000000e+03, best bound 3.441000000000e+03, gap 0.4052%

User-callback calls 3673013, time in user-callback 13.10 sec
