
Gurobi 13.0.2 (linux64) logging started Thu Jul  9 21:54:04 2026

Set parameter LogFile to value "/tmp/sweep_20260709_012313_china_alt260km_s35_i6_v10_gurobi.log"
Set parameter Method to value 1
Set parameter NodefileStart to value 4
Set parameter RINS to value 50
Gurobi Optimizer version 13.0.2 build v13.0.2rc1 (linux64 - "Debian GNU/Linux 13 (trixie)")

CPU model: Intel(R) Xeon(R) Platinum 8375C CPU @ 2.90GHz, instruction set [SSE2|AVX|AVX2|AVX512]
Thread count: 16 physical cores, 32 logical processors, using up to 32 threads

Non-default parameters:
TimeLimit  14400
MIPGap  0.001
Method  1
LPWarmStart  1
Heuristics  0.2
MIPFocus  1
NodefileStart  4
RINS  50
Symmetry  2
Cuts  2
CoverCuts  2
LogToConsole  0

Academic license 2812613 - for non-commercial use only - registered to no___@gatech.edu
Optimize a model with 196014 rows, 17950 columns and 24995016 nonzeros (Min)
Model fingerprint: 0x15b3cdc2
Model has 17950 linear objective coefficients
Variable types: 0 continuous, 17950 integer (17950 binary)
Coefficient statistics:
  Matrix range     [1e+00, 1e+00]
  Objective range  [1e+00, 1e+00]
  Bounds range     [1e+00, 1e+00]
  RHS range        [6e+00, 6e+00]

Found heuristic solution: objective 1627.0000000
Presolve removed 0 rows and 0 columns (presolve time = 6s)...
Presolve removed 0 rows and 0 columns (presolve time = 12s)...
Presolve removed 0 rows and 0 columns (presolve time = 16s)...
Presolve removed 0 rows and 0 columns (presolve time = 21s)...
Presolve removed 0 rows and 0 columns (presolve time = 25s)...
Presolve removed 0 rows and 0 columns (presolve time = 30s)...
Presolve removed 0 rows and 0 columns (presolve time = 37s)...
Presolve removed 0 rows and 0 columns (presolve time = 41s)...
Presolve time: 43.61s
Presolved: 196014 rows, 17950 columns, 24995016 nonzeros
Variable types: 0 continuous, 17950 integer (17950 binary)

Root simplex log...

Iteration    Objective       Primal Inf.    Dual Inf.      Time
       0   -0.0000000e+00   0.000000e+00   2.046000e+03     54s
      41    1.0682619e+03   0.000000e+00   0.000000e+00     54s
      41    1.0682619e+03   0.000000e+00   0.000000e+00     54s

Use crossover to convert LP symmetric solution to basic solution...

Root crossover log...

  193336 variables added to crossover basis                       60s
  195196 variables added to crossover basis                       65s

       0 DPushes remaining with DInf 0.0000000e+00                72s

       0 PPushes remaining with PInf 0.0000000e+00                72s

  Push phase complete: Pinf 0.0000000e+00, Dinf 1.6407118e-09     72s


Root simplex log...

Iteration    Objective       Primal Inf.    Dual Inf.      Time
      44    1.0682619e+03   0.000000e+00   0.000000e+00     76s
Crossover time: 21.90 seconds (40.66 work units)

Root relaxation: objective 1.068262e+03, 44 iterations, 30.51 seconds (49.44 work units)

    Nodes    |    Current Node    |     Objective Bounds      |     Work
 Expl Unexpl |  Obj  Depth IntInf | Incumbent    BestBd   Gap | It/Node Time

     0     0 1068.26188    0 7898 1627.00000 1068.26188  34.3%     -   84s
H    0     0                    1436.0000000 1068.26188  25.6%     -   84s
     0     0 1068.26188    0 7898 1436.00000 1068.26188  25.6%     -  380s
     0     2 1068.26188    0 7898 1436.00000 1068.26188  25.6%     - 1198s
     1     3 1068.58635    1 8205 1436.00000 1068.26547  25.6% 18422 14421s

Explored 2 nodes (18466 simplex iterations) in 14422.39 seconds (34322.04 work units)
Thread count was 32 (of 32 available processors)

Solution count 2: 1436 1627 

Time limit reached
Best objective 1.436000000000e+03, best bound 1.069000000000e+03, gap 25.5571%

User-callback calls 5869216, time in user-callback 4.67 sec
