
Gurobi 13.0.2 (linux64) logging started Sat Jun 20 14:45:03 2026

Set parameter LogFile to value "/tmp/sweep_20260620_020529_china_alt400km_s1_i4_v5_gurobi.log"
Set parameter Method to value 2
Set parameter NodefileStart to value 4
Set parameter RINS to value 50
Set parameter Presolve to value 2
Gurobi Optimizer version 13.0.2 build v13.0.2rc1 (linux64 - "Debian GNU/Linux 13 (trixie)")

CPU model: Intel(R) Xeon(R) Platinum 8375C CPU @ 2.90GHz, instruction set [SSE2|AVX|AVX2|AVX512]
Thread count: 8 physical cores, 16 logical processors, using up to 16 threads

Non-default parameters:
TimeLimit  21600
MIPGap  0.01
Method  2
LPWarmStart  1
Heuristics  0.2
MIPFocus  1
NodefileStart  4
RINS  50
Symmetry  2
Cuts  2
CoverCuts  2
LogToConsole  0
Presolve  2

Academic license 2812613 - for non-commercial use only - registered to no___@gatech.edu
Optimize a model with 392028 rows, 35900 columns and 57991424 nonzeros (Min)
Model fingerprint: 0x576e38b7
Model has 35900 linear objective coefficients
Variable types: 0 continuous, 35900 integer (35900 binary)
Coefficient statistics:
  Matrix range     [1e+00, 1e+00]
  Objective range  [1e+00, 1e+00]
  Bounds range     [1e+00, 1e+00]
  RHS range        [1e+00, 1e+00]

Found heuristic solution: objective 1268.0000000
Presolve removed 0 rows and 0 columns (presolve time = 7s)...
Presolve removed 0 rows and 0 columns (presolve time = 13s)...
Presolve removed 0 rows and 0 columns (presolve time = 17s)...
Presolve removed 0 rows and 0 columns (presolve time = 22s)...
Presolve removed 0 rows and 0 columns (presolve time = 28s)...
Presolve removed 0 rows and 0 columns (presolve time = 34s)...
Presolve removed 0 rows and 0 columns (presolve time = 35s)...
Presolve removed 0 rows and 0 columns (presolve time = 45s)...
Presolve removed 0 rows and 0 columns (presolve time = 50s)...
Presolve removed 0 rows and 0 columns (presolve time = 59s)...
Presolve removed 0 rows and 0 columns (presolve time = 60s)...
Presolve removed 0 rows and 0 columns (presolve time = 66s)...
Presolve removed 0 rows and 0 columns (presolve time = 72s)...
Presolve removed 0 rows and 0 columns (presolve time = 77s)...
Presolve removed 0 rows and 0 columns (presolve time = 82s)...
Presolve removed 0 rows and 0 columns (presolve time = 85s)...
Presolve removed 0 rows and 0 columns (presolve time = 90s)...
Presolve removed 0 rows and 0 columns (presolve time = 95s)...
Presolve removed 0 rows and 0 columns (presolve time = 100s)...
Presolve removed 0 rows and 0 columns (presolve time = 105s)...
Presolve removed 0 rows and 0 columns (presolve time = 110s)...
Presolve removed 0 rows and 0 columns (presolve time = 115s)...
Presolve removed 0 rows and 0 columns (presolve time = 120s)...
Presolve removed 0 rows and 0 columns (presolve time = 125s)...
Presolve removed 0 rows and 0 columns (presolve time = 130s)...
Presolve removed 0 rows and 0 columns (presolve time = 135s)...
Presolve removed 0 rows and 0 columns (presolve time = 140s)...
Presolve removed 0 rows and 0 columns (presolve time = 145s)...
Presolve removed 0 rows and 0 columns (presolve time = 150s)...
Presolve removed 0 rows and 0 columns (presolve time = 155s)...
Presolve removed 0 rows and 0 columns (presolve time = 160s)...
Presolve removed 0 rows and 0 columns (presolve time = 168s)...
Presolve removed 0 rows and 0 columns (presolve time = 179s)...
Presolve removed 0 rows and 0 columns (presolve time = 181s)...
Presolve removed 0 rows and 0 columns (presolve time = 194s)...
Presolve removed 0 rows and 0 columns (presolve time = 201s)...
Presolve time: 201.12s
Presolved: 392028 rows, 35900 columns, 57991424 nonzeros
Variable types: 0 continuous, 35900 integer (35900 binary)
Root relaxation presolve removed 0 rows and 0 columns (presolve time = 6s)...
Root relaxation presolve removed 0 rows and 0 columns (presolve time = 16s)...
Root relaxation presolve removed 0 rows and 0 columns (presolve time = 20s)...
Root relaxation presolved: 392028 rows, 35900 columns, 57991424 nonzeros

Root barrier log...

Ordering time: 0.00s

Barrier statistics:
 AA' NZ     : 3.000e+02
 Factor NZ  : 3.250e+02
 Factor Ops : 5.525e+03 (less than 1 second per iteration)
 Threads    : 1

                  Objective                Residual
Iter       Primal          Dual         Primal    Dual     Compl     Time
   0  -2.31511973e+03  3.26050913e+02  2.93e+03 2.37e-01  1.29e+02   231s
   1   6.80750537e+01  1.26784023e+03  7.92e+01 3.55e-15  6.57e+00   231s
   2   2.44420723e+02  5.06991276e+02  9.87e-02 4.44e-15  8.14e-01   231s
   3   2.69779639e+02  3.42474141e+02  1.45e-02 1.42e-14  2.25e-01   231s
   4   2.90226356e+02  3.24768867e+02  1.62e-03 5.33e-15  1.07e-01   231s
   5   3.08165392e+02  3.17087726e+02  1.12e-04 1.78e-15  2.76e-02   231s
   6   3.14126547e+02  3.15085612e+02  9.99e-07 1.78e-15  2.97e-03   231s
   7   3.14691809e+02  3.14739331e+02  6.44e-09 3.55e-15  1.47e-04   231s
   8   3.14722841e+02  3.14723166e+02  5.53e-11 3.55e-15  1.01e-06   231s
   9   3.14722986e+02  3.14722986e+02  1.63e-09 5.33e-15  1.01e-09   231s
  10   3.14722986e+02  3.14722986e+02  5.09e-10 5.33e-15  1.01e-12   231s

Barrier solved model in 10 iterations and 231.37 seconds (242.68 work units)
Optimal objective 3.14722986e+02


Root crossover log...

       0 DPushes remaining with DInf 0.0000000e+00               231s

       0 PPushes remaining with PInf 0.0000000e+00               231s

  Push phase complete: Pinf 0.0000000e+00, Dinf 1.1102230e-15    231s


Root simplex log...

Iteration    Objective       Primal Inf.    Dual Inf.      Time
       3    3.1472299e+02   0.000000e+00   0.000000e+00    231s
Crossover time: 0.00 seconds (0.00 work units)
       3    3.1472299e+02   0.000000e+00   0.000000e+00    231s
       3    3.1472299e+02   0.000000e+00   0.000000e+00    231s

Use crossover to convert LP symmetric solution to basic solution...

Root crossover log...

  374796 variables added to crossover basis                      237s
  379596 variables added to crossover basis                      240s
  380166 variables added to crossover basis                      245s
  381156 variables added to crossover basis                      250s
  381966 variables added to crossover basis                      255s
  382896 variables added to crossover basis                      260s
  383736 variables added to crossover basis                      265s
  384486 variables added to crossover basis                      270s
  385386 variables added to crossover basis                      275s
  387276 variables added to crossover basis                      280s
  387816 variables added to crossover basis                      285s
  388266 variables added to crossover basis                      290s
  388656 variables added to crossover basis                      295s
  388986 variables added to crossover basis                      300s
  389316 variables added to crossover basis                      305s
  389616 variables added to crossover basis                      310s
  389916 variables added to crossover basis                      315s
  390186 variables added to crossover basis                      321s
  390426 variables added to crossover basis                      325s
  390696 variables added to crossover basis                      330s
  390936 variables added to crossover basis                      335s
  391206 variables added to crossover basis                      340s
  391446 variables added to crossover basis                      345s
  391686 variables added to crossover basis                      350s
  391956 variables added to crossover basis                      355s

       0 DPushes remaining with DInf 0.0000000e+00               751s

       0 PPushes remaining with PInf 0.0000000e+00               752s

  Push phase complete: Pinf 0.0000000e+00, Dinf 1.1248777e-08    752s


Root simplex log...

Iteration    Objective       Primal Inf.    Dual Inf.      Time
       6    3.1472299e+02   0.000000e+00   0.000000e+00    882s
Crossover time: 649.83 seconds (1669.87 work units)
       6    3.1472299e+02   0.000000e+00   0.000000e+00   1014s

Root relaxation: objective 3.147230e+02, 6 iterations, 806.62 seconds (2200.47 work units)

    Nodes    |    Current Node    |     Objective Bounds      |     Work
 Expl Unexpl |  Obj  Depth IntInf | Incumbent    BestBd   Gap | It/Node Time

     0     0  314.72299    0 17232 1268.00000  314.72299  75.2%     - 1425s
H    0     0                    1267.0000000  314.72299  75.2%     - 1425s
H    0     0                    1242.0000000  314.72299  74.7%     - 2351s
H    0     0                    1047.0000000  314.72299  69.9%     - 2352s
H    0     0                    1046.0000000  314.72299  69.9%     - 2353s
H    0     0                    1045.0000000  314.72299  69.9%     - 2991s
H    0     0                    1003.0000000  314.72299  68.6%     - 2991s
H    0     0                     994.0000000  314.72299  68.3%     - 2992s
     0     0          -    0       994.00000  314.72299  68.3%     - 21600s

Cutting planes:
  MIR: 1
  Flow cover: 153

Explored 1 nodes (22744 simplex iterations) in 21601.35 seconds (48421.85 work units)
Thread count was 16 (of 16 available processors)

Solution count 8: 994 1003 1045 ... 1268

Time limit reached
Best objective 9.940000000000e+02, best bound 3.150000000000e+02, gap 68.3099%

User-callback calls 87561, time in user-callback 0.46 sec
