
Gurobi 13.0.2 (linux64) logging started Sat Jul 18 18:08:28 2026

Set parameter LogFile to value "/tmp/sweep_20260716_013919_north-korea_alt400km_s75_i2_v10_gurobi.log"
Set parameter Method to value 1
Set parameter NodefileStart to value 4
Set parameter RINS to value 50
Gurobi Optimizer version 13.0.2 build v13.0.2rc1 (linux64 - "Debian GNU/Linux 13 (trixie)")

CPU model: Intel(R) Xeon(R) Platinum 8375C CPU @ 2.90GHz, instruction set [SSE2|AVX|AVX2|AVX512]
Thread count: 16 physical cores, 32 logical processors, using up to 32 threads

Non-default parameters:
TimeLimit  14400
MIPGap  0.001
Method  1
LPWarmStart  1
Heuristics  0.2
MIPFocus  1
NodefileStart  4
RINS  50
Symmetry  2
Cuts  2
CoverCuts  2
LogToConsole  0

Academic license 2812613 - for non-commercial use only - registered to no___@gatech.edu
Optimize a model with 2872 rows, 43080 columns and 1576728 nonzeros (Min)
Model fingerprint: 0xda2d578b
Model has 43080 linear objective coefficients
Variable types: 0 continuous, 43080 integer (43080 binary)
Coefficient statistics:
  Matrix range     [1e+00, 1e+00]
  Objective range  [1e+00, 1e+00]
  Bounds range     [1e+00, 1e+00]
  RHS range        [4e+01, 4e+01]

Found heuristic solution: objective 4258.0000000
Presolve removed 0 rows and 1436 columns
Presolve time: 2.57s
Presolved: 2872 rows, 41644 columns, 1536520 nonzeros
Variable types: 0 continuous, 41644 integer (40208 binary)

Root simplex log...

Iteration    Objective       Primal Inf.    Dual Inf.      Time
    3414    2.0537249e+03   1.520299e+05   0.000000e+00      5s
    6194    2.1347039e+03   1.405682e+04   0.000000e+00     10s
    8064    2.1630383e+03   2.939153e+04   0.000000e+00     15s
    9504    2.1791673e+03   2.133698e+04   0.000000e+00     20s
   10674    2.1890580e+03   1.813138e+04   0.000000e+00     25s
   11734    2.1965474e+03   1.898265e+04   0.000000e+00     30s
   12694    2.2024382e+03   1.884573e+04   0.000000e+00     35s
   13544    2.2074245e+03   3.080890e+04   0.000000e+00     40s
   14404    2.2110660e+03   2.807618e+04   0.000000e+00     45s
   15184    2.2141114e+03   3.396689e+04   0.000000e+00     50s
   15904    2.2167683e+03   9.056687e+03   0.000000e+00     55s
   16624    2.2190336e+03   1.867283e+04   0.000000e+00     60s
   17344    2.2206983e+03   3.940308e+04   0.000000e+00     65s
   18064    2.2225223e+03   1.764851e+04   0.000000e+00     70s
   18784    2.2240593e+03   2.794049e+04   0.000000e+00     75s
   19504    2.2256259e+03   1.462271e+04   0.000000e+00     80s
   20194    2.2269971e+03   1.621092e+04   0.000000e+00     85s
   20844    2.2281587e+03   1.263898e+04   0.000000e+00     90s
   21484    2.2291472e+03   7.268881e+03   0.000000e+00     95s
   22084    2.2298699e+03   2.353854e+04   0.000000e+00    100s
   22684    2.2306918e+03   1.158531e+04   0.000000e+00    105s
   23204    2.2314141e+03   4.571931e+04   0.000000e+00    110s
   23764    2.2321378e+03   1.378606e+04   0.000000e+00    115s
   24284    2.2327322e+03   1.030686e+04   0.000000e+00    120s
   24814    2.2333135e+03   6.603165e+03   0.000000e+00    125s
   25334    2.2338890e+03   9.851947e+03   0.000000e+00    130s
   25854    2.2344495e+03   1.575265e+04   0.000000e+00    135s
   26334    2.2348716e+03   6.717018e+03   0.000000e+00    140s
   26854    2.2353545e+03   1.773307e+04   0.000000e+00    145s
   27334    2.2357750e+03   1.503262e+04   0.000000e+00    150s
   27854    2.2362350e+03   5.092461e+03   0.000000e+00    155s
   28334    2.2366302e+03   5.560128e+03   0.000000e+00    160s
   28814    2.2369822e+03   1.607607e+04   0.000000e+00    165s
   29294    2.2373949e+03   1.614327e+04   0.000000e+00    170s
   29805    2.2378520e+03   1.358246e+04   0.000000e+00    175s
   30298    2.2382449e+03   1.580468e+04   0.000000e+00    180s
   30809    2.2386647e+03   1.961639e+04   0.000000e+00    185s
   31365    2.2390339e+03   6.285459e+03   0.000000e+00    191s
   31833    2.2393085e+03   4.761655e+03   0.000000e+00    195s
   32355    2.2395727e+03   2.465834e+04   0.000000e+00    200s
   32842    2.2398098e+03   7.514083e+03   0.000000e+00    205s
   33355    2.2400032e+03   4.698880e+03   0.000000e+00    211s
   33811    2.2401815e+03   1.343250e+04   0.000000e+00    215s
   34274    2.2403792e+03   1.058474e+04   0.000000e+00    220s
   34804    2.2406090e+03   8.604819e+03   0.000000e+00    226s
   35268    2.2409056e+03   1.963379e+04   0.000000e+00    231s
   35739    2.2412020e+03   5.888623e+03   0.000000e+00    236s
   36203    2.2415514e+03   3.796087e+04   0.000000e+00    241s
   36667    2.2421669e+03   2.762596e+05   0.000000e+00    246s
   37130    2.2422225e+03   2.282307e+04   0.000000e+00    251s
   37601    2.2422229e+03   1.820892e+04   0.000000e+00    256s
   38072    2.2424695e+03   1.770076e+05   0.000000e+00    260s
   38543    2.2424696e+03   1.099583e+04   0.000000e+00    265s
   39008    2.2424697e+03   6.315711e+04   0.000000e+00    270s
   39474    2.2425245e+03   8.804666e+04   0.000000e+00    275s
   40008    2.2425246e+03   2.990021e+04   0.000000e+00    281s
   40470    2.2425246e+03   6.359605e+03   0.000000e+00    285s
   40935    2.2425247e+03   5.067036e+03   0.000000e+00    290s
   41465    2.2425247e+03   5.997267e+03   0.000000e+00    296s
   41935    2.2425247e+03   5.744902e+03   0.000000e+00    300s
   42464    2.2425247e+03   3.280930e+03   0.000000e+00    306s
   42925    2.2425247e+03   1.407327e+03   0.000000e+00    310s
   43456    2.2425247e+03   7.770978e+03   0.000000e+00    315s
   43992    2.2425248e+03   9.004537e+02   0.000000e+00    320s
   44529    2.2425248e+03   5.048965e+02   0.000000e+00    325s
   45067    2.2425248e+03   2.807973e+02   0.000000e+00    330s
   45392    2.2425205e+03   0.000000e+00   0.000000e+00    333s

Root relaxation: objective 2.242521e+03, 45392 iterations, 330.58 seconds (817.77 work units)

    Nodes    |    Current Node    |     Objective Bounds      |     Work
 Expl Unexpl |  Obj  Depth IntInf | Incumbent    BestBd   Gap | It/Node Time

     0     0 2242.52055    0 2871 4258.00000 2242.52055  47.3%     -  380s
H    0     0                    3638.0000000 2242.52055  38.4%     -  380s
H    0     0                    3519.0000000 2242.52055  36.3%     -  380s
H    0     0                    2500.0000000 2242.52055  10.3%     -  380s
H    0     0                    2475.0000000 2242.52055  9.39%     -  393s
H    0     0                    2403.0000000 2242.52055  6.68%     -  393s
H    0     0                    2382.0000000 2242.52055  5.86%     -  393s
H    0     0                    2346.0000000 2242.52055  4.41%     -  393s
H    0     0                    2321.0000000 2242.52055  3.38%     -  393s
H    0     0                    2320.0000000 2242.52055  3.34%     -  393s
H    0     0                    2315.0000000 2242.52055  3.13%     -  393s
H    0     0                    2312.0000000 2242.52055  3.01%     -  407s
H    0     0                    2309.0000000 2242.52055  2.88%     -  410s
H    0     0                    2308.0000000 2242.52055  2.84%     -  415s
H    0     0                    2304.0000000 2242.52055  2.67%     -  418s
H    0     0                    2302.0000000 2242.52055  2.58%     -  424s
H    0     0                    2301.0000000 2242.52055  2.54%     -  435s
H    0     0                    2300.0000000 2242.52055  2.50%     -  450s
H    0     0                    2299.0000000 2242.52055  2.46%     -  450s
H    0     0                    2298.0000000 2242.52055  2.41%     -  450s
H    0     0                    2296.0000000 2242.52055  2.33%     -  522s
     0     0 2242.52055    0 2871 2296.00000 2242.52055  2.33%     -  725s
     0     0 2242.52055    0 2871 2296.00000 2242.52055  2.33%     -  792s
H    0     0                    2295.0000000 2242.52055  2.29%     - 2614s
H    0     0                    2293.0000000 2242.52055  2.20%     - 2646s
H    0     0                    2292.0000000 2242.52055  2.16%     - 2657s
H    0     0                    2291.0000000 2242.52055  2.12%     - 2688s
H    0     0                    2290.0000000 2242.52055  2.07%     - 2773s
     0     2 2242.52055    0 2871 2290.00000 2242.52055  2.07%     - 3146s
     1     3 2242.52055    1 2872 2290.00000 2242.52055  2.07%   330 3258s
     2     5 2242.52055    2 2872 2290.00000 2242.52055  2.07%   297 3747s
     4     9 2242.52055    3 2872 2290.00000 2242.52055  2.07%   270 4476s
H    5     9                    2289.0000000 2242.52055  2.03%   216 4476s
     6     9 2242.52055    3 2872 2289.00000 2242.52055  2.03%   270 4482s
     7     9 2242.52055    3 2872 2289.00000 2242.52055  2.03%   281 4487s
H    8    17                    2288.0000000 2242.52055  1.99%   246 5352s
    12    17 2242.52055    4 2872 2288.00000 2242.52055  1.99%   283 5358s
    16    33 2242.52055    5 2871 2288.00000 2242.52055  1.99%   306 6176s
    25    33 2242.52055    5 2872 2288.00000 2242.52055  1.99%   319 6187s
    29    33 2242.52055    5 2872 2288.00000 2242.52055  1.99%   331 6210s
H   32    33                    2287.0000000 2242.52055  1.94%   325 6570s
H   32    33                    2286.0000000 2242.52055  1.90%   325 6616s
    33    34 2242.52055    6 2871 2286.00000 2242.52055  1.90%   315 7289s
    35    35 2242.52055    6 2871 2286.00000 2242.52055  1.90%   297 9219s
    36    36 2242.52055    6 2871 2286.00000 2242.52055  1.90%   289 9396s
H   36    34                    2285.0000000 2242.53425  1.86%   289 12971s
    37    35 2242.53425    6 2871 2285.00000 2242.53425  1.86%   281 13204s

Explored 38 nodes (129671 simplex iterations) in 14400.12 seconds (30979.60 work units)
Thread count was 32 (of 32 available processors)

Solution count 10: 2285 2286 2287 ... 2295

Time limit reached
Best objective 2.285000000000e+03, best bound 2.243000000000e+03, gap 1.8381%

User-callback calls 1784179, time in user-callback 4.67 sec
