
Gurobi 13.0.2 (linux64) logging started Sat Jun 27 08:54:41 2026

Set parameter LogFile to value "/tmp/sweep_20260626_235454_china_alt260km_s20_i1_v6_gurobi.log"
Set parameter Method to value 1
Set parameter NodefileStart to value 4
Set parameter RINS to value 50
Gurobi Optimizer version 13.0.2 build v13.0.2rc1 (linux64 - "Debian GNU/Linux 13 (trixie)")

CPU model: Intel(R) Xeon(R) Platinum 8375C CPU @ 2.90GHz, instruction set [SSE2|AVX|AVX2|AVX512]
Thread count: 16 physical cores, 32 logical processors, using up to 32 threads

Non-default parameters:
TimeLimit  10800
MIPGap  0.01
Method  1
LPWarmStart  1
Heuristics  0.2
MIPFocus  1
NodefileStart  4
RINS  50
Symmetry  2
Cuts  2
CoverCuts  2
LogToConsole  0

Academic license 2812613 - for non-commercial use only - registered to no___@gatech.edu
Optimize a model with 196014 rows, 35900 columns and 34919212 nonzeros (Min)
Model fingerprint: 0xadfba852
Model has 35900 linear objective coefficients
Variable types: 0 continuous, 35900 integer (35900 binary)
Coefficient statistics:
  Matrix range     [1e+00, 1e+00]
  Objective range  [1e+00, 1e+00]
  Bounds range     [1e+00, 1e+00]
  RHS range        [2e+01, 2e+01]

Found heuristic solution: objective 10052.000000
Presolve removed 0 rows and 0 columns (presolve time = 6s)...
Presolve removed 0 rows and 0 columns (presolve time = 11s)...
Presolve removed 0 rows and 0 columns (presolve time = 16s)...
Presolve removed 0 rows and 0 columns (presolve time = 21s)...
Presolve removed 0 rows and 0 columns (presolve time = 26s)...
Presolve removed 0 rows and 0 columns (presolve time = 30s)...
Presolve removed 0 rows and 0 columns (presolve time = 35s)...
Presolve removed 0 rows and 0 columns (presolve time = 40s)...
Presolve removed 0 rows and 0 columns (presolve time = 46s)...
Presolve removed 0 rows and 0 columns (presolve time = 51s)...
Presolve removed 0 rows and 0 columns (presolve time = 55s)...
Presolve removed 0 rows and 0 columns (presolve time = 60s)...
Presolve removed 0 rows and 0 columns (presolve time = 72s)...
Presolve removed 0 rows and 0 columns (presolve time = 75s)...
Presolve removed 0 rows and 0 columns (presolve time = 80s)...
Presolve removed 0 rows and 0 columns (presolve time = 85s)...
Presolve removed 0 rows and 0 columns (presolve time = 90s)...
Presolve removed 0 rows and 0 columns (presolve time = 95s)...
Presolve removed 0 rows and 0 columns (presolve time = 100s)...
Presolve removed 0 rows and 0 columns (presolve time = 105s)...
Presolve removed 0 rows and 0 columns (presolve time = 110s)...
Presolve removed 0 rows and 0 columns (presolve time = 115s)...
Presolve removed 0 rows and 0 columns (presolve time = 120s)...
Presolve removed 0 rows and 0 columns (presolve time = 125s)...
Presolve removed 0 rows and 0 columns (presolve time = 130s)...
Presolve removed 0 rows and 0 columns (presolve time = 135s)...
Presolve removed 0 rows and 0 columns (presolve time = 140s)...
Presolve removed 0 rows and 0 columns (presolve time = 145s)...
Presolve removed 0 rows and 0 columns (presolve time = 150s)...
Presolve removed 0 rows and 0 columns (presolve time = 155s)...
Presolve removed 0 rows and 0 columns (presolve time = 160s)...
Presolve removed 0 rows and 0 columns (presolve time = 165s)...
Presolve removed 0 rows and 0 columns (presolve time = 170s)...
Presolve removed 0 rows and 0 columns (presolve time = 175s)...
Presolve removed 0 rows and 0 columns (presolve time = 180s)...
Presolve removed 0 rows and 0 columns (presolve time = 185s)...
Presolve removed 0 rows and 0 columns (presolve time = 190s)...
Presolve removed 0 rows and 0 columns (presolve time = 195s)...
Presolve removed 0 rows and 0 columns (presolve time = 200s)...
Presolve removed 0 rows and 0 columns (presolve time = 205s)...
Presolve removed 0 rows and 0 columns (presolve time = 210s)...
Presolve removed 0 rows and 0 columns (presolve time = 215s)...
Presolve removed 0 rows and 0 columns (presolve time = 220s)...
Presolve removed 0 rows and 0 columns (presolve time = 225s)...
Presolve removed 0 rows and 0 columns (presolve time = 230s)...
Presolve removed 0 rows and 0 columns (presolve time = 235s)...
Presolve removed 0 rows and 0 columns (presolve time = 240s)...
Presolve removed 0 rows and 0 columns (presolve time = 245s)...
Presolve removed 0 rows and 0 columns (presolve time = 250s)...
Presolve removed 0 rows and 0 columns (presolve time = 255s)...
Presolve removed 0 rows and 0 columns (presolve time = 260s)...
Presolve removed 0 rows and 0 columns (presolve time = 265s)...
Presolve removed 0 rows and 0 columns (presolve time = 270s)...
Presolve removed 0 rows and 0 columns (presolve time = 275s)...
Presolve removed 0 rows and 0 columns (presolve time = 280s)...
Presolve removed 0 rows and 0 columns (presolve time = 285s)...
Presolve removed 0 rows and 0 columns (presolve time = 290s)...
Presolve removed 0 rows and 0 columns (presolve time = 295s)...
Presolve removed 0 rows and 0 columns (presolve time = 300s)...
Presolve removed 0 rows and 0 columns (presolve time = 305s)...
Presolve removed 0 rows and 0 columns (presolve time = 310s)...
Presolve removed 0 rows and 0 columns (presolve time = 315s)...
Presolve removed 0 rows and 0 columns (presolve time = 320s)...
Presolve removed 0 rows and 0 columns (presolve time = 325s)...
Presolve removed 0 rows and 0 columns (presolve time = 330s)...
Presolve removed 0 rows and 0 columns (presolve time = 335s)...
Presolve removed 0 rows and 0 columns (presolve time = 340s)...
Presolve removed 0 rows and 0 columns (presolve time = 345s)...
Presolve removed 0 rows and 0 columns (presolve time = 350s)...
Presolve removed 0 rows and 0 columns (presolve time = 355s)...
Presolve removed 0 rows and 0 columns (presolve time = 360s)...
Presolve removed 0 rows and 0 columns (presolve time = 365s)...
Presolve removed 0 rows and 0 columns (presolve time = 370s)...
Presolve removed 0 rows and 0 columns (presolve time = 375s)...
Presolve removed 0 rows and 0 columns (presolve time = 381s)...
Presolve time: 381.46s
Presolved: 196014 rows, 35900 columns, 34919212 nonzeros
Variable types: 0 continuous, 35900 integer (35900 binary)

Root simplex log...

Iteration    Objective       Primal Inf.    Dual Inf.      Time
       0   -0.0000000e+00   0.000000e+00   5.600000e+03    397s
     113    3.9828713e+03   0.000000e+00   0.000000e+00    397s
     113    3.9828713e+03   0.000000e+00   0.000000e+00    397s

Use crossover to convert LP symmetric solution to basic solution...

Root crossover log...

  186540 variables added to crossover basis                      400s
  188130 variables added to crossover basis                      405s
  189330 variables added to crossover basis                      410s
  190530 variables added to crossover basis                      415s
  192480 variables added to crossover basis                      420s
  193140 variables added to crossover basis                      425s
  193710 variables added to crossover basis                      430s
  194160 variables added to crossover basis                      435s
  194610 variables added to crossover basis                      440s
  195030 variables added to crossover basis                      445s
  195420 variables added to crossover basis                      450s
  195810 variables added to crossover basis                      455s

       0 DPushes remaining with DInf 0.0000000e+00               481s

       0 PPushes remaining with PInf 0.0000000e+00               482s

  Push phase complete: Pinf 0.0000000e+00, Dinf 7.5384913e-09    482s


Root simplex log...

Iteration    Objective       Primal Inf.    Dual Inf.      Time
     116    3.9828713e+03   0.000000e+00   0.000000e+00    496s
Crossover time: 99.57 seconds (174.82 work units)

Root relaxation: objective 3.982871e+03, 116 iterations, 111.84 seconds (187.20 work units)

    Nodes    |    Current Node    |     Objective Bounds      |     Work
 Expl Unexpl |  Obj  Depth IntInf | Incumbent    BestBd   Gap | It/Node Time

     0     0 3982.87129    0 12924 10052.0000 3982.87129  60.4%     -  527s
H    0     0                    5026.0000000 3982.87129  20.8%     -  527s
H    0     0                    5025.0000000 3982.87129  20.7%     -  628s
H    0     0                    5003.0000000 3982.87129  20.4%     -  629s
H    0     0                    4972.0000000 3982.87129  19.9%     -  629s
H    0     0                    4967.0000000 3982.87129  19.8%     -  629s
H    0     0                    4966.0000000 3982.87129  19.8%     -  629s
H    0     0                    4961.0000000 3982.87129  19.7%     -  645s
H    0     0                    4960.0000000 3982.87129  19.7%     -  645s
     0     0 3982.87129    0 12924 4960.00000 3982.87129  19.7%     - 1790s
H    0     2                    4441.0000000 3982.87129  10.3%     - 4740s
     0     2 3982.87129    0 12924 4441.00000 3982.87129  10.3%     - 4740s

Explored 1 nodes (116 simplex iterations) in 10800.74 seconds (39071.39 work units)
Thread count was 32 (of 32 available processors)

Solution count 10: 4441 4960 4961 ... 10052

Time limit reached
Best objective 4.441000000000e+03, best bound 3.983000000000e+03, gap 10.3130%

User-callback calls 173184, time in user-callback 0.59 sec
