
Gurobi 13.0.2 (linux64) logging started Mon Jul 20 03:21:47 2026

Set parameter LogFile to value "/tmp/sweep_20260716_013919_north-korea_alt550km_s50_i6_v4_gurobi.log"
Set parameter Method to value 1
Set parameter NodefileStart to value 4
Set parameter RINS to value 50
Gurobi Optimizer version 13.0.2 build v13.0.2rc1 (linux64 - "Debian GNU/Linux 13 (trixie)")

CPU model: Intel(R) Xeon(R) Platinum 8375C CPU @ 2.90GHz, instruction set [SSE2|AVX|AVX2|AVX512]
Thread count: 16 physical cores, 32 logical processors, using up to 32 threads

Non-default parameters:
TimeLimit  14400
MIPGap  0.001
Method  1
LPWarmStart  1
Heuristics  0.2
MIPFocus  1
NodefileStart  4
RINS  50
Symmetry  2
Cuts  2
CoverCuts  2
LogToConsole  0

Academic license 2812613 - for non-commercial use only - registered to no___@gatech.edu
Optimize a model with 1436 rows, 17950 columns and 98366 nonzeros (Min)
Model fingerprint: 0xb9b9f681
Model has 17950 linear objective coefficients
Variable types: 0 continuous, 17950 integer (17950 binary)
Coefficient statistics:
  Matrix range     [1e+00, 1e+00]
  Objective range  [1e+00, 1e+00]
  Bounds range     [1e+00, 1e+00]
  RHS range        [9e+00, 9e+00]

Found heuristic solution: objective 3242.0000000
Presolve removed 0 rows and 7898 columns
Presolve time: 0.06s
Presolved: 1436 rows, 10052 columns, 58876 nonzeros
Variable types: 0 continuous, 10052 integer (7180 binary)

Root relaxation: objective 1.743714e+03, 15844 iterations, 4.64 seconds (8.12 work units)

    Nodes    |    Current Node    |     Objective Bounds      |     Work
 Expl Unexpl |  Obj  Depth IntInf | Incumbent    BestBd   Gap | It/Node Time

     0     0 1743.71429    0 1434 3242.00000 1743.71429  46.2%     -    5s
H    0     0                    2923.0000000 1743.71429  40.3%     -    5s
H    0     0                    2599.0000000 1743.71429  32.9%     -    5s
H    0     0                    1923.0000000 1743.71429  9.32%     -    5s
H    0     0                    1888.0000000 1743.71429  7.64%     -    5s
H    0     0                    1884.0000000 1743.71429  7.45%     -    5s
H    0     0                    1883.0000000 1743.71429  7.40%     -    5s
H    0     0                    1882.0000000 1743.71429  7.35%     -    5s
H    0     0                    1880.0000000 1743.71429  7.25%     -    5s
H    0     0                    1851.0000000 1743.71429  5.80%     -    5s
H    0     0                    1834.0000000 1743.71429  4.92%     -    5s
H    0     0                    1833.0000000 1743.71429  4.87%     -    5s
H    0     0                    1823.0000000 1743.71429  4.35%     -    5s
H    0     0                    1816.0000000 1743.71429  3.98%     -    5s
H    0     0                    1815.0000000 1743.71429  3.93%     -    5s
H    0     0                    1812.0000000 1743.71429  3.77%     -    5s
H    0     0                    1811.0000000 1743.71429  3.72%     -    5s
H    0     0                    1810.0000000 1743.71429  3.66%     -    5s
H    0     0                    1809.0000000 1743.71429  3.61%     -    5s
H    0     0                    1808.0000000 1743.71429  3.56%     -    5s
H    0     0                    1807.0000000 1743.71429  3.50%     -    5s
H    0     0                    1806.0000000 1743.71429  3.45%     -    5s
H    0     0                    1805.0000000 1743.71429  3.40%     -    5s
H    0     0                    1804.0000000 1743.71429  3.34%     -    8s
H    0     0                    1803.0000000 1743.71429  3.29%     -    8s
H    0     0                    1802.0000000 1743.71429  3.23%     -    8s
     0     0 1743.71429    0 1504 1802.00000 1743.71429  3.23%     -    8s
H    0     0                    1801.0000000 1743.71429  3.18%     -   17s
H    0     0                    1800.0000000 1743.71429  3.13%     -   17s
H    0     0                    1799.0000000 1743.71429  3.07%     -   17s
H    0     0                    1798.0000000 1743.71429  3.02%     -   17s
H    0     0                    1795.0000000 1743.71429  2.86%     -   17s
H    0     0                    1794.0000000 1743.71429  2.80%     -   17s
H    0     0                    1793.0000000 1743.71429  2.75%     -   18s
H    0     0                    1792.0000000 1743.71429  2.69%     -   18s
H    0     0                    1791.0000000 1743.71429  2.64%     -   19s
H    0     0                    1790.0000000 1743.71429  2.59%     -   19s
H    0     0                    1789.0000000 1743.71429  2.53%     -   20s
H    0     0                    1788.0000000 1743.71429  2.48%     -   20s
     0     0 1743.71429    0 1456 1788.00000 1743.71429  2.48%     -   20s
     0     0 1743.71429    0 1468 1788.00000 1743.71429  2.48%     -   22s
     0     0 1743.71429    0 1447 1788.00000 1743.71429  2.48%     -   25s
     0     0 1743.71429    0 1453 1788.00000 1743.71429  2.48%     -   26s
H    0     0                    1787.0000000 1743.71429  2.42%     -   31s
     0     0 1743.71429    0 1512 1787.00000 1743.71429  2.42%     -   31s
     0     0 1743.71429    0 1460 1787.00000 1743.71429  2.42%     -   34s
H    0     0                    1786.0000000 1743.71429  2.37%     -   35s
H    0     0                    1785.0000000 1743.71429  2.31%     -   36s
     0     0 1743.71429    0 1443 1785.00000 1743.71429  2.31%     -   36s
     0     0 1743.71429    0 1443 1785.00000 1743.71429  2.31%     -   39s
     0     0 1743.71429    0 1443 1785.00000 1743.71429  2.31%     -   40s
     0     0 1743.71429    0 1525 1785.00000 1743.71429  2.31%     -   43s
     0     0 1743.71429    0 1464 1785.00000 1743.71429  2.31%     -   48s
H    0     0                    1784.0000000 1743.71429  2.26%     -   75s
H    0     0                    1783.0000000 1743.71429  2.20%     -   78s
H    0     0                    1782.0000000 1743.71429  2.15%     -   79s
H    0     0                    1781.0000000 1743.71429  2.09%     -   84s
H    0     0                    1780.0000000 1743.71429  2.04%     -   85s
H    0     0                    1779.0000000 1743.71429  1.98%     -   86s
H    0     0                    1778.0000000 1743.71429  1.93%     -   88s
     0     2 1743.71429    0 1445 1778.00000 1743.71429  1.93%     -   95s
     1     3 1743.71429    1 1439 1778.00000 1743.71429  1.93%   240  104s
     2     4 1743.71429    2 1453 1778.00000 1743.71429  1.93%   316  112s
     5     8 1743.71429    3 1473 1778.00000 1743.71429  1.93%   266  119s
     9    16 1743.71429    4 1469 1778.00000 1743.71429  1.93%   281  127s
    17    32 1743.71429    5 1463 1778.00000 1743.71429  1.93%   291  137s
    33    62 1743.71429    6 1474 1778.00000 1743.71429  1.93%   352  156s
H   34    62                    1777.0000000 1743.71429  1.87%   342  156s
    63   169 1743.71429    7 1457 1777.00000 1743.71429  1.87%   529  174s
H  102   169                    1776.0000000 1743.71429  1.82%   413  174s
H  170   185                    1775.0000000 1743.71429  1.76%   324  214s
H  184   185                    1774.0000000 1743.71429  1.71%   312  214s
   186   201 1743.71429   13 1450 1774.00000 1743.71429  1.71%   311  259s
H  188   201                    1772.0000000 1743.71429  1.60%   310  259s
H  202   217                    1771.0000000 1743.71429  1.54%   301  316s
   218   301 1743.71429   14 1449 1771.00000 1743.71429  1.54%   293  391s
   302  1495 1743.71429   14 1456 1771.00000 1743.71429  1.54%   405  522s
H  357  1495                    1770.0000000 1743.71429  1.49%   607  522s
  1496  2417 1743.74753   46 1420 1770.00000 1743.71429  1.49%   943  637s
  2418  3242 1744.25834   79 1421 1770.00000 1743.71429  1.49%   915  751s
H 2494  3242                    1769.0000000 1743.71429  1.43%   918  751s
  3243  4170 1744.79914  100 1417 1769.00000 1743.71429  1.43%  1053  865s
  4171  4847 1745.75600  133 1418 1769.00000 1743.71429  1.43%   948  973s
  4848  5587 1746.28542  151 1415 1769.00000 1743.71429  1.43%   887 1086s
  5588  6110 1747.34825  182 1417 1769.00000 1743.71429  1.43%   837 1203s
  6111  7328 1747.62343  191 1407 1769.00000 1743.71429  1.43%   807 1322s
  7329  7980 1749.29656  246 1398 1769.00000 1743.71429  1.43%   754 1432s
  7981  8632 1749.70010  258 1403 1769.00000 1743.71429  1.43%   731 1542s
  8633  9417 1750.64103  282 1412 1769.00000 1743.71429  1.43%   711 1655s
  9475 10255 1752.63894  325 1390 1769.00000 1743.71429  1.43%   690 1768s
H 9615 10237                    1768.0000000 1743.71429  1.37%   687 1768s
 10314 10235 1752.07108  299 1464 1768.00000 1743.71429  1.37%   673 1837s
 10316 10236 1748.07719  202 1434 1768.00000 1743.71429  1.37%   673 1846s
 10317 10237 1746.61946  159 1446 1768.00000 1743.71429  1.37%   673 1858s
 10318 10238 1745.45904  114 1457 1768.00000 1743.71429  1.37%   673 1860s
 10319 10238 1743.71429    6 1457 1768.00000 1743.71429  1.37%   673 1870s
 10320 10239 1743.72527   54 1492 1768.00000 1743.71429  1.37%   673 1879s
 10321 10240 1748.30637  210 1472 1768.00000 1743.71429  1.37%   672 1895s
 10322 10240 1747.89554  209 1492 1768.00000 1743.71429  1.37%   672 1902s
 10323 10241 1752.02411  300 1497 1768.00000 1743.71429  1.37%   672 1915s
 10324 10242 1743.90762   46 1510 1768.00000 1743.71429  1.37%   672 1923s
 10325 10242 1743.71429   10 1477 1768.00000 1743.71429  1.37%   672 1933s
 10326 10243 1743.85714   59 1477 1768.00000 1743.85714  1.37%   672 2016s
 10327 10246 1743.85714   13 1440 1768.00000 1743.85714  1.37%   680 2023s
 10335 10256 1743.85714   16 1456 1768.00000 1743.85714  1.37%   680 2025s
 10359 10350 1743.85714   18 1479 1768.00000 1743.85714  1.37%   679 2033s
 10445 10337 1743.85714   19 1458 1768.00000 1743.85714  1.37%   676 2036s
 10461 10348 1743.85714   19 1460 1768.00000 1743.85714  1.37%   675 2041s
 10477 10359 1743.85714   20 1460 1768.00000 1743.85714  1.37%   674 2050s
 10493 10369 1743.85714   20 1457 1768.00000 1743.85714  1.37%   675 2068s
 10509 10380 1743.85714   21 1454 1768.00000 1743.85714  1.37%   674 2081s
 10525 10391 1743.85714   21 1457 1768.00000 1743.85714  1.37%   674 2103s
 10541 10491 1743.85714   22 1450 1768.00000 1743.85714  1.37%   673 2122s
 10647 10487 1743.85714   22 1452 1768.00000 1743.85714  1.37%   669 2156s
 10678 10548 1743.85714   24 1443 1768.00000 1743.85714  1.37%   669 2208s
 10749 10556 1743.85714   25 1446 1768.00000 1743.85714  1.37%   669 2274s
 10781 10788 1743.85714   26 1444 1768.00000 1743.85714  1.37%   669 2364s
 11024 11695 1743.85714   36 1443 1768.00000 1743.85714  1.37%   673 2528s
 12012 12538 1743.85714   70 1435 1768.00000 1743.85714  1.37%   787 2688s
 13184 12964 1745.72656  131 1442 1768.00000 1743.85714  1.37%   895 2829s
 14001 14242 1746.87067  164 1429 1768.00000 1743.85714  1.37%   924 2969s
 15551 14811 1748.67192  214 1426 1768.00000 1743.85714  1.37%   932 3088s
 16637 15121 1750.50295  264 1407 1768.00000 1743.85714  1.37%   923 3207s
 17309 15855 1750.96658  275 1405 1768.00000 1743.85714  1.37%   913 3322s
H17481 15285                    1767.0000000 1743.85714  1.31%   909 3322s
 18297 15017 1752.71022  321 1389 1767.00000 1743.85714  1.31%   897 3437s
 18343 15796 1752.80296  323 1390 1767.00000 1743.85714  1.31%   896 3548s
 19138 16257 1753.63422  338 1390 1767.00000 1743.85714  1.31%   885 3659s
 19864 16850 1754.95565  369 1382 1767.00000 1743.85714  1.31%   875 3771s
 20699 17291 1755.74246  388 1389 1767.00000 1743.85714  1.31%   863 3907s
 21419 18097 1756.55164  408 1381 1767.00000 1743.85714  1.31%   855 4056s
 22465 18701 1758.40641  449 1365 1767.00000 1743.85714  1.31%   841 4186s
 23417 19227 1759.72597  475 1369 1767.00000 1743.85714  1.31%   827 4312s
 24261 19778 1760.88649  501 1360 1767.00000 1743.85714  1.31%   814 4435s
 25093 20330 1761.92241  527 1349 1767.00000 1743.85714  1.31%   803 4557s
 25922 20816 1763.07962  553 1338 1767.00000 1743.85714  1.31%   791 4688s
 26685 21358 1764.38313  579 1310 1767.00000 1743.85714  1.31%   781 4813s
 27481 21735 1765.55801  605 1292 1767.00000 1743.85714  1.31%   772 4941s
 28153 22135 1743.85714   36 1434 1767.00000 1743.85714  1.31%   764 5082s
H28728 21374                    1766.0000000 1743.85714  1.25%   761 5082s
 28777 21854 1743.96506   68 1417 1766.00000 1743.85714  1.25%   761 5207s
H28996 21123                    1765.0000000 1743.85714  1.20%   764 5207s
 29357 22321 1744.59573  104 1423 1765.00000 1743.85714  1.20%   760 5327s
 30744 21969 1746.28648  170 1403 1765.00000 1743.85714  1.20%   772 5452s
 30856 23238 1746.56080  177 1396 1765.00000 1743.85714  1.20%   774 5571s
 32162 23021 1748.43891  254 1391 1765.00000 1743.85714  1.20%   779 5697s
 32381 23969 1748.46754  255 1383 1765.00000 1743.85714  1.20%   780 5829s
 33402 23645 1748.52341  256 1386 1765.00000 1743.85714  1.20%   780 5953s
 33418 23747 1748.60622  257 1385 1765.00000 1743.85714  1.20%   780 6084s
 33525 24225 1748.63461  258 1381 1765.00000 1743.85714  1.20%   779 6219s
 34039 24968 1748.68369  259 1380 1765.00000 1743.85714  1.20%   776 6363s
 34991 24716 1748.68804  260 1382 1765.00000 1743.85714  1.20%   769 6528s
 35057 26068 1748.69633  261 1379 1765.00000 1743.85714  1.20%   769 6680s
 36513 25934 1748.73637  262 1388 1765.00000 1743.85714  1.20%   761 6835s
 36950 27020 1748.75849  263 1383 1765.00000 1743.85714  1.20%   760 6997s
 38223 28246 1751.72970  364 1355 1765.00000 1743.85714  1.20%   758 7166s
 39589 28314 1755.50599  488 1332 1765.00000 1743.85714  1.20%   759 7339s
 39657 29909 1755.52922  489 1332 1765.00000 1743.85714  1.20%   760 7510s
 41336 31467 1755.56060  490 1332 1765.00000 1743.85714  1.20%   755 7733s
 42894 31483 1755.58746  491 1328 1765.00000 1743.85714  1.20%   747 7914s
 42910 31859 1755.65525  492 1327 1765.00000 1743.85714  1.20%   747 8103s
 43286 32580 1755.70345  493 1329 1765.00000 1743.85714  1.20%   744 8337s
 44023 35347 1756.17179  508 1322 1765.00000 1743.85714  1.20%   739 8622s
 47201 35412 1743.85714   59 1424 1765.00000 1743.85714  1.20%   728 8842s
 47266 36605 1743.85714   59 1423 1765.00000 1743.85714  1.20%   728 9044s
 48527 37889 1744.39433   78 1431 1765.00000 1743.85714  1.20%   733 9261s
 49895 39678 1745.20548  103 1432 1765.00000 1743.85714  1.20%   736 9491s
 51717 40007 1746.22750  139 1434 1765.00000 1743.85714  1.20%   736 9711s
 52080 40455 1746.53052  151 1433 1765.00000 1743.85714  1.20%   735 9944s
 52544 40471 1746.70687  158 1422 1765.00000 1743.85714  1.20%   735 10187s
 52560 40569 1746.78235  161 1425 1765.00000 1743.85714  1.20%   735 10432s
 52658 40711 1747.23851  171 1429 1765.00000 1743.85714  1.20%   735 10696s
 52800 40727 1747.32681  172 1424 1765.00000 1743.85714  1.20%   735 10964s
 52816 41456 1747.39697  176 1432 1765.00000 1743.85714  1.20%   735 11250s
 53545 41687 1747.44050  174 1417 1765.00000 1743.85714  1.20%   734 11554s
 53776 42568 1747.51382  178 1430 1765.00000 1743.85714  1.20%   734 11860s
 54745 44400 1748.40848  195 1424 1765.00000 1743.85714  1.20%   731 12172s
 56577 44770 1749.59528  225 1414 1765.00000 1743.85714  1.20%   724 12479s
 56952 45766 1749.52976  223 1409 1765.00000 1743.85714  1.20%   722 12793s
 58033 46920 1749.96117  238 1409 1765.00000 1743.85714  1.20%   721 13116s
 59267 47108 1750.24005  244 1412 1765.00000 1743.85714  1.20%   718 13443s
 59455 49353 1750.31324  247 1410 1765.00000 1743.85714  1.20%   717 13801s
 61880 50239 1752.13393  289 1395 1765.00000 1743.85714  1.20%   713 14149s
 62766 50255 1752.56077  298 1403 1765.00000 1743.85714  1.20%   712 14400s

Cutting planes:
  Gomory: 1
  MIR: 234
  Flow cover: 761
  Zero half: 78

Explored 62782 nodes (44740116 simplex iterations) in 14400.09 seconds (45416.14 work units)
Thread count was 32 (of 32 available processors)

Solution count 10: 1765 1766 1767 ... 1775

Time limit reached
Best objective 1.765000000000e+03, best bound 1.744000000000e+03, gap 1.1898%

User-callback calls 3307862, time in user-callback 11.57 sec
