
Gurobi 13.0.2 (linux64) logging started Fri Jul 10 09:58:32 2026

Set parameter LogFile to value "/tmp/sweep_20260709_012313_china_alt260km_s75_i6_v10_gurobi.log"
Set parameter Method to value 1
Set parameter NodefileStart to value 4
Set parameter RINS to value 50
Gurobi Optimizer version 13.0.2 build v13.0.2rc1 (linux64 - "Debian GNU/Linux 13 (trixie)")

CPU model: Intel(R) Xeon(R) Platinum 8375C CPU @ 2.90GHz, instruction set [SSE2|AVX|AVX2|AVX512]
Thread count: 16 physical cores, 32 logical processors, using up to 32 threads

Non-default parameters:
TimeLimit  14400
MIPGap  0.001
Method  1
LPWarmStart  1
Heuristics  0.2
MIPFocus  1
NodefileStart  4
RINS  50
Symmetry  2
Cuts  2
CoverCuts  2
LogToConsole  0

Academic license 2812613 - for non-commercial use only - registered to no___@gatech.edu
Optimize a model with 196014 rows, 28720 columns and 34619806 nonzeros (Min)
Model fingerprint: 0xa196be1f
Model has 28720 linear objective coefficients
Variable types: 0 continuous, 28720 integer (28720 binary)
Coefficient statistics:
  Matrix range     [1e+00, 1e+00]
  Objective range  [1e+00, 1e+00]
  Bounds range     [1e+00, 1e+00]
  RHS range        [1e+01, 1e+01]

Found heuristic solution: objective 4137.0000000
Presolve removed 0 rows and 0 columns (presolve time = 7s)...
Presolve removed 0 rows and 0 columns (presolve time = 11s)...
Presolve removed 0 rows and 0 columns (presolve time = 17s)...
Presolve removed 0 rows and 0 columns (presolve time = 23s)...
Presolve removed 0 rows and 0 columns (presolve time = 26s)...
Presolve removed 0 rows and 0 columns (presolve time = 30s)...
Presolve removed 0 rows and 0 columns (presolve time = 35s)...
Presolve removed 0 rows and 0 columns (presolve time = 40s)...
Presolve removed 0 rows and 0 columns (presolve time = 45s)...
Presolve removed 0 rows and 0 columns (presolve time = 50s)...
Presolve removed 0 rows and 0 columns (presolve time = 55s)...
Presolve removed 0 rows and 0 columns (presolve time = 60s)...
Presolve removed 0 rows and 0 columns (presolve time = 69s)...
Presolve removed 0 rows and 0 columns (presolve time = 70s)...
Presolve removed 0 rows and 0 columns (presolve time = 75s)...
Presolve removed 0 rows and 0 columns (presolve time = 80s)...
Presolve removed 0 rows and 0 columns (presolve time = 85s)...
Presolve removed 0 rows and 0 columns (presolve time = 90s)...
Presolve removed 0 rows and 0 columns (presolve time = 95s)...
Presolve removed 0 rows and 0 columns (presolve time = 100s)...
Presolve removed 0 rows and 0 columns (presolve time = 105s)...
Presolve removed 0 rows and 0 columns (presolve time = 110s)...
Presolve removed 0 rows and 0 columns (presolve time = 115s)...
Presolve removed 0 rows and 0 columns (presolve time = 120s)...
Presolve removed 0 rows and 0 columns (presolve time = 125s)...
Presolve removed 0 rows and 0 columns (presolve time = 130s)...
Presolve removed 0 rows and 0 columns (presolve time = 135s)...
Presolve removed 0 rows and 0 columns (presolve time = 140s)...
Presolve removed 0 rows and 0 columns (presolve time = 145s)...
Presolve removed 0 rows and 0 columns (presolve time = 150s)...
Presolve removed 0 rows and 0 columns (presolve time = 155s)...
Presolve removed 0 rows and 0 columns (presolve time = 160s)...
Presolve removed 0 rows and 0 columns (presolve time = 165s)...
Presolve removed 0 rows and 0 columns (presolve time = 170s)...
Presolve removed 0 rows and 0 columns (presolve time = 175s)...
Presolve removed 0 rows and 0 columns (presolve time = 180s)...
Presolve removed 0 rows and 0 columns (presolve time = 185s)...
Presolve removed 0 rows and 0 columns (presolve time = 190s)...
Presolve removed 0 rows and 0 columns (presolve time = 195s)...
Presolve removed 0 rows and 0 columns (presolve time = 200s)...
Presolve removed 0 rows and 0 columns (presolve time = 205s)...
Presolve removed 0 rows and 0 columns (presolve time = 210s)...
Presolve removed 0 rows and 0 columns (presolve time = 215s)...
Presolve removed 0 rows and 0 columns (presolve time = 220s)...
Presolve removed 0 rows and 0 columns (presolve time = 225s)...
Presolve removed 0 rows and 0 columns (presolve time = 230s)...
Presolve removed 0 rows and 0 columns (presolve time = 235s)...
Presolve removed 0 rows and 0 columns (presolve time = 240s)...
Presolve removed 0 rows and 0 columns (presolve time = 245s)...
Presolve removed 0 rows and 0 columns (presolve time = 250s)...
Presolve removed 0 rows and 0 columns (presolve time = 255s)...
Presolve removed 0 rows and 0 columns (presolve time = 260s)...
Presolve removed 0 rows and 0 columns (presolve time = 265s)...
Presolve removed 0 rows and 0 columns (presolve time = 270s)...
Presolve removed 0 rows and 0 columns (presolve time = 275s)...
Presolve removed 0 rows and 0 columns (presolve time = 280s)...
Presolve removed 0 rows and 0 columns (presolve time = 285s)...
Presolve removed 0 rows and 0 columns (presolve time = 290s)...
Presolve removed 0 rows and 0 columns (presolve time = 295s)...
Presolve removed 0 rows and 0 columns (presolve time = 300s)...
Presolve removed 0 rows and 0 columns (presolve time = 305s)...
Presolve removed 0 rows and 0 columns (presolve time = 310s)...
Presolve removed 0 rows and 0 columns (presolve time = 315s)...
Presolve removed 0 rows and 0 columns (presolve time = 320s)...
Presolve removed 0 rows and 0 columns (presolve time = 325s)...
Presolve removed 0 rows and 0 columns (presolve time = 330s)...
Presolve removed 0 rows and 0 columns (presolve time = 335s)...
Presolve removed 0 rows and 0 columns (presolve time = 340s)...
Presolve removed 0 rows and 0 columns (presolve time = 345s)...
Presolve removed 0 rows and 0 columns (presolve time = 350s)...
Presolve removed 0 rows and 0 columns (presolve time = 357s)...
Presolve time: 357.15s
Presolved: 196014 rows, 28720 columns, 34619806 nonzeros
Variable types: 0 continuous, 28720 integer (28720 binary)

Root simplex log...

Iteration    Objective       Primal Inf.    Dual Inf.      Time
       0   -0.0000000e+00   0.000000e+00   3.861000e+03    372s
      64    2.2596144e+03   0.000000e+00   0.000000e+00    372s
      64    2.2596144e+03   0.000000e+00   0.000000e+00    372s

Use crossover to convert LP symmetric solution to basic solution...

Root crossover log...

  189416 variables added to crossover basis                      380s
  190466 variables added to crossover basis                      385s
  191246 variables added to crossover basis                      390s
  191876 variables added to crossover basis                      395s
  193046 variables added to crossover basis                      400s
  193886 variables added to crossover basis                      405s
  194576 variables added to crossover basis                      410s
  195146 variables added to crossover basis                      415s
  195656 variables added to crossover basis                      420s

       0 DPushes remaining with DInf 0.0000000e+00               438s

       0 PPushes remaining with PInf 0.0000000e+00               439s

  Push phase complete: Pinf 0.0000000e+00, Dinf 2.1056926e-09    439s


Root simplex log...

Iteration    Objective       Primal Inf.    Dual Inf.      Time
      67    2.2596144e+03   0.000000e+00   0.000000e+00    450s
Crossover time: 77.09 seconds (130.26 work units)

Root relaxation: objective 2.259614e+03, 67 iterations, 89.44 seconds (142.51 work units)

    Nodes    |    Current Node    |     Objective Bounds      |     Work
 Expl Unexpl |  Obj  Depth IntInf | Incumbent    BestBd   Gap | It/Node Time

     0     0 2259.61445    0 11488 4137.00000 2259.61445  45.4%     -  470s
H    0     0                    3060.0000000 2259.61445  26.2%     -  471s
H    0     0                    3053.0000000 2259.61445  26.0%     -  639s
H    0     0                    3049.0000000 2259.61445  25.9%     -  639s
H    0     0                    3030.0000000 2259.61445  25.4%     -  640s
H    0     0                    3028.0000000 2259.61445  25.4%     -  640s
H    0     0                    3024.0000000 2259.61445  25.3%     -  654s
H    0     0                    3022.0000000 2259.61445  25.2%     -  684s
H    0     0                    3020.0000000 2259.61445  25.2%     -  693s
H    0     0                    3019.0000000 2259.61445  25.2%     -  693s
H    0     0                    3013.0000000 2259.61445  25.0%     -  707s
     0     0 2259.61445    0 11488 3013.00000 2259.61445  25.0%     - 1512s
H    0     0                    3011.0000000 2259.61445  25.0%     - 3556s
H    0     0                    3008.0000000 2259.61445  24.9%     - 3556s
H    0     0                    3007.0000000 2259.61445  24.9%     - 3560s
H    0     0                    3006.0000000 2259.61445  24.8%     - 3565s
H    0     2                    2633.0000000 2259.61445  14.2%     - 4384s
     0     2 2259.61445    0 11488 2633.00000 2259.61445  14.2%     - 4384s

Explored 1 nodes (67 simplex iterations) in 14400.83 seconds (57183.95 work units)
Thread count was 32 (of 32 available processors)

Solution count 10: 2633 3006 3007 ... 3024

Time limit reached
Best objective 2.633000000000e+03, best bound 2.260000000000e+03, gap 14.1664%

User-callback calls 242801, time in user-callback 0.87 sec
