
Gurobi 13.0.2 (linux64) logging started Sat Jul 18 14:14:56 2026

Set parameter LogFile to value "/tmp/sweep_20260716_013919_north-korea_alt400km_s50_i4_v10_gurobi.log"
Set parameter Method to value 1
Set parameter NodefileStart to value 4
Set parameter RINS to value 50
Gurobi Optimizer version 13.0.2 build v13.0.2rc1 (linux64 - "Debian GNU/Linux 13 (trixie)")

CPU model: Intel(R) Xeon(R) Platinum 8375C CPU @ 2.90GHz, instruction set [SSE2|AVX|AVX2|AVX512]
Thread count: 16 physical cores, 32 logical processors, using up to 32 threads

Non-default parameters:
TimeLimit  14400
MIPGap  0.001
Method  1
LPWarmStart  1
Heuristics  0.2
MIPFocus  1
NodefileStart  4
RINS  50
Symmetry  2
Cuts  2
CoverCuts  2
LogToConsole  0

Academic license 2812613 - for non-commercial use only - registered to no___@gatech.edu
Optimize a model with 2872 rows, 35900 columns and 1384304 nonzeros (Min)
Model fingerprint: 0x1a1974c2
Model has 35900 linear objective coefficients
Variable types: 0 continuous, 35900 integer (35900 binary)
Coefficient statistics:
  Matrix range     [1e+00, 1e+00]
  Objective range  [1e+00, 1e+00]
  Bounds range     [1e+00, 1e+00]
  RHS range        [1e+01, 1e+01]

Found heuristic solution: objective 1436.0000000
Presolve removed 0 rows and 1436 columns
Presolve time: 3.06s
Presolved: 2872 rows, 34464 columns, 1344096 nonzeros
Variable types: 0 continuous, 34464 integer (33028 binary)

Root simplex log...

Iteration    Objective       Primal Inf.    Dual Inf.      Time
    3376    6.7378564e+02   5.973624e+04   0.000000e+00      5s
    6796    7.1993328e+02   1.323108e+04   0.000000e+00     10s
    8936    7.3273511e+02   1.253094e+04   0.000000e+00     15s
   10536    7.3917445e+02   2.781743e+04   0.000000e+00     20s
   11916    7.4354214e+02   9.803432e+03   0.000000e+00     25s
   13116    7.4650034e+02   5.386573e+04   0.000000e+00     30s
   14166    7.4870562e+02   1.311415e+04   0.000000e+00     35s
   15136    7.5038764e+02   7.638914e+03   0.000000e+00     40s
   16036    7.5193498e+02   1.084787e+04   0.000000e+00     45s
   16836    7.5299082e+02   2.306426e+04   0.000000e+00     50s
   17666    7.5409834e+02   8.368749e+03   0.000000e+00     55s
   18436    7.5499596e+02   7.457400e+03   0.000000e+00     60s
   19156    7.5582786e+02   7.506450e+03   0.000000e+00     65s
   19876    7.5669001e+02   2.436002e+04   0.000000e+00     70s
   20516    7.5729378e+02   1.276634e+04   0.000000e+00     75s
   21196    7.5787621e+02   6.166822e+03   0.000000e+00     80s
   21876    7.5837302e+02   5.184650e+03   0.000000e+00     85s
   22516    7.5887604e+02   5.127458e+03   0.000000e+00     90s
   23196    7.5943737e+02   4.630877e+03   0.000000e+00     95s
   23836    7.5988415e+02   8.906423e+03   0.000000e+00    100s
   24486    7.6024914e+02   1.797197e+04   0.000000e+00    105s
   25126    7.6065659e+02   9.562084e+03   0.000000e+00    110s
   25726    7.6096044e+02   7.591970e+03   0.000000e+00    115s
   26286    7.6124860e+02   7.796207e+03   0.000000e+00    120s
   26886    7.6153820e+02   8.533043e+03   0.000000e+00    125s
   27446    7.6176478e+02   4.064896e+03   0.000000e+00    130s
   28006    7.6203037e+02   4.240107e+03   0.000000e+00    135s
   28526    7.6228451e+02   9.060995e+03   0.000000e+00    140s
   29086    7.6252631e+02   7.976856e+03   0.000000e+00    145s
   29606    7.6276200e+02   5.074679e+03   0.000000e+00    150s
   30126    7.6302219e+02   1.929483e+04   0.000000e+00    155s
   30646    7.6327318e+02   5.205082e+03   0.000000e+00    160s
   31126    7.6347374e+02   6.228539e+03   0.000000e+00    165s
   31646    7.6369036e+02   4.892801e+03   0.000000e+00    170s
   32126    7.6391886e+02   1.296405e+04   0.000000e+00    175s
   32606    7.6415691e+02   4.266026e+03   0.000000e+00    180s
   33086    7.6434920e+02   1.019677e+04   0.000000e+00    185s
   33526    7.6450169e+02   4.179063e+03   0.000000e+00    190s
   34006    7.6467678e+02   8.886640e+03   0.000000e+00    195s
   34446    7.6483263e+02   7.270045e+03   0.000000e+00    200s
   34886    7.6496241e+02   4.274786e+03   0.000000e+00    205s
   35345    7.6510359e+02   2.925811e+03   0.000000e+00    210s
   35812    7.6523231e+02   6.993443e+03   0.000000e+00    215s
   36284    7.6536694e+02   4.670543e+03   0.000000e+00    220s
   36751    7.6550882e+02   6.112050e+03   0.000000e+00    225s
   37220    7.6561263e+02   7.450822e+03   0.000000e+00    230s
   37669    7.6569235e+02   8.326805e+03   0.000000e+00    235s
   38083    7.6577857e+02   1.211702e+04   0.000000e+00    240s
   38535    7.6586763e+02   8.145781e+03   0.000000e+00    245s
   39004    7.6594471e+02   2.774165e+03   0.000000e+00    250s
   39473    7.6604497e+02   5.283127e+03   0.000000e+00    255s
   39934    7.6612284e+02   9.440350e+03   0.000000e+00    260s
   40397    7.6620545e+02   3.075085e+03   0.000000e+00    265s
   40854    7.6628106e+02   4.379806e+03   0.000000e+00    270s
   41318    7.6638502e+02   1.053816e+04   0.000000e+00    276s
   41718    7.6649210e+02   5.426480e+03   0.000000e+00    280s
   42188    7.6708168e+02   4.942114e+04   0.000000e+00    285s
   42587    7.6708296e+02   1.757850e+05   0.000000e+00    290s
   43052    7.6712435e+02   5.251583e+04   0.000000e+00    295s
   43454    7.6712453e+02   5.716753e+04   0.000000e+00    300s
   43920    7.6712466e+02   1.548843e+04   0.000000e+00    306s
   44320    7.6717947e+02   5.395778e+03   0.000000e+00    310s
   44786    7.6717956e+02   1.746381e+04   0.000000e+00    315s
   45185    7.6717961e+02   1.205123e+04   0.000000e+00    320s
   45646    7.6717966e+02   2.334101e+04   0.000000e+00    325s
   46107    7.6717970e+02   2.407297e+03   0.000000e+00    331s
   46500    7.6717972e+02   5.057547e+03   0.000000e+00    335s
   46958    7.6717974e+02   6.647028e+03   0.000000e+00    341s
   47417    7.6717976e+02   4.361059e+03   0.000000e+00    346s
   47808    7.6717977e+02   2.693461e+03   0.000000e+00    350s
   48268    7.6717978e+02   3.352657e+03   0.000000e+00    355s
   48732    7.6717979e+02   1.539735e+03   0.000000e+00    360s
   49195    7.6717979e+02   1.689684e+03   0.000000e+00    365s
   49654    7.6717979e+02   6.370298e+02   0.000000e+00    370s
   50194    7.6717808e+02   0.000000e+00   0.000000e+00    376s

Root relaxation: objective 7.671781e+02, 50194 iterations, 372.55 seconds (826.21 work units)

    Nodes    |    Current Node    |     Objective Bounds      |     Work
 Expl Unexpl |  Obj  Depth IntInf | Incumbent    BestBd   Gap | It/Node Time

     0     0  767.17808    0 2871 1436.00000  767.17808  46.6%     -  440s
H    0     0                    1269.0000000  767.17808  39.5%     -  440s
H    0     0                     965.0000000  767.17808  20.5%     -  449s
H    0     0                     910.0000000  767.17808  15.7%     -  449s
H    0     0                     909.0000000  767.17808  15.6%     -  449s
H    0     0                     874.0000000  767.17808  12.2%     -  449s
H    0     0                     838.0000000  767.17808  8.45%     -  449s
H    0     0                     833.0000000  767.17808  7.90%     -  449s
H    0     0                     832.0000000  767.17808  7.79%     -  458s
H    0     0                     829.0000000  767.17808  7.46%     -  462s
H    0     0                     827.0000000  767.17808  7.23%     -  462s
H    0     0                     826.0000000  767.17808  7.12%     -  465s
H    0     0                     825.0000000  767.17808  7.01%     -  465s
H    0     0                     824.0000000  767.17808  6.90%     -  470s
H    0     0                     822.9999998  767.17808  6.78%     -  470s
H    0     0                     822.0000000  767.17808  6.67%     -  472s
H    0     0                     821.0000000  767.17808  6.56%     -  476s
H    0     0                     820.0000000  767.17808  6.44%     -  492s
H    0     0                     819.0000000  767.17808  6.33%     -  494s
H    0     0                     818.0000000  767.17808  6.21%     -  498s
H    0     0                     817.0000000  767.17808  6.10%     -  533s
H    0     0                     815.0000000  767.17808  5.87%     -  635s
H    0     0                     814.0000000  767.17808  5.75%     -  635s
H    0     0                     812.0000000  767.17808  5.52%     -  638s
H    0     0                     811.0000000  767.17808  5.40%     -  660s
H    0     0                     810.0000000  767.17808  5.29%     -  698s
     0     0  767.17808    0 2871  810.00000  767.17808  5.29%     -  992s
     0     0  767.17808    0 2871  810.00000  767.17808  5.29%     - 1066s
H    0     0                     809.0000000  767.17808  5.17%     - 3586s
H    0     0                     807.9999998  767.17808  5.05%     - 3660s
H    0     0                     807.0000000  767.17808  4.93%     - 3845s
H    0     0                     806.0000000  767.17808  4.82%     - 3870s
H    0     0                     805.0000000  767.17808  4.70%     - 3889s
H    0     0                     804.0000000  767.17808  4.58%     - 3907s
     0     2  767.17808    0 2869  804.00000  767.17808  4.58%     - 4268s
     1     3  767.17808    1 2872  804.00000  767.17808  4.58%   361 4450s
     2     5  767.17808    2 2871  804.00000  767.17808  4.58%   378 4938s
     4    10  767.17808    3 2872  804.00000  767.17808  4.58%   320 5420s
     9    19  767.17808    4 2872  804.00000  767.17808  4.58%   544 6380s
    13    19  767.17808    4 2872  804.00000  767.17808  4.58%   479 6385s
    15    19  767.17808    4 2872  804.00000  767.17808  4.58%   469 6395s
    16    19  767.17808    4 2872  804.00000  767.17808  4.58%   462 6400s
    18    35  767.17808    5 2872  804.00000  767.17808  4.58%   434 6806s
H   19    35                     803.0000000  767.17808  4.46%   411 6806s
    23    35  767.17808    5 2872  803.00000  767.17808  4.46%   426 6811s
    34    38  767.25078    4 2871  803.00000  767.17808  4.46%   440 7499s
    37    54  767.30504    6 2869  803.00000  767.17808  4.46%   425 8762s
    38    54  767.31288    7 2872  803.00000  767.17808  4.46%   420 8766s
    39    54  767.30469    7 2872  803.00000  767.17808  4.46%   418 8771s
    53    70  767.30989    7 2871  803.00000  767.17808  4.46%   676 9648s
H   57    70                     802.0000000  767.17808  4.34%   652 9648s
H   69   134                     801.0000000  767.17808  4.22%   625 10749s
   134   135  767.17808    9 2871  801.00000  767.17808  4.22%   548 13367s

Explored 135 nodes (194465 simplex iterations) in 14694.79 seconds (29780.28 work units)
Thread count was 32 (of 32 available processors)

Solution count 10: 801 802 803 ... 810

Time limit reached
Best objective 8.010000000000e+02, best bound 7.680000000000e+02, gap 4.1199%

User-callback calls 2272859, time in user-callback 5.20 sec
