
Gurobi 13.0.2 (linux64) logging started Fri Jun 26 12:50:59 2026

Set parameter LogFile to value "/tmp/sweep_20260625_231022_china_alt400km_s100_i4_v10_gurobi.log"
Set parameter Method to value 1
Set parameter NodefileStart to value 4
Set parameter RINS to value 50
Gurobi Optimizer version 13.0.2 build v13.0.2rc1 (linux64 - "Debian GNU/Linux 13 (trixie)")

CPU model: Intel(R) Xeon(R) Platinum 8375C CPU @ 2.90GHz, instruction set [SSE2|AVX|AVX2|AVX512]
Thread count: 16 physical cores, 32 logical processors, using up to 32 threads

Non-default parameters:
TimeLimit  21600
MIPGap  0.01
Method  1
LPWarmStart  1
Heuristics  0.2
MIPFocus  1
NodefileStart  4
RINS  50
Symmetry  2
Cuts  2
CoverCuts  2
LogToConsole  0

Academic license 2812613 - for non-commercial use only - registered to no___@gatech.edu
Optimize a model with 392028 rows, 71800 columns and 264884560 nonzeros (Min)
Model fingerprint: 0xd99c5c09
Model has 71800 linear objective coefficients
Variable types: 0 continuous, 71800 integer (71800 binary)
Coefficient statistics:
  Matrix range     [1e+00, 1e+00]
  Objective range  [1e+00, 1e+00]
  Bounds range     [1e+00, 1e+00]
  RHS range        [2e+01, 2e+01]

Found heuristic solution: objective 5390.0000000
Presolve removed 0 rows and 0 columns (presolve time = 10s)...
Presolve removed 0 rows and 0 columns (presolve time = 32s)...
Presolve removed 0 rows and 0 columns (presolve time = 37s)...
Presolve removed 0 rows and 0 columns (presolve time = 58s)...
Presolve removed 0 rows and 0 columns (presolve time = 77s)...
Presolve removed 0 rows and 0 columns (presolve time = 99s)...
Presolve removed 0 rows and 0 columns (presolve time = 101s)...
Presolve removed 0 rows and 0 columns (presolve time = 128s)...
Presolve removed 0 rows and 0 columns (presolve time = 160s)...
Presolve removed 0 rows and 0 columns (presolve time = 165s)...
Presolve removed 0 rows and 0 columns (presolve time = 170s)...
Presolve removed 0 rows and 0 columns (presolve time = 175s)...
Presolve removed 0 rows and 0 columns (presolve time = 180s)...
Presolve removed 0 rows and 0 columns (presolve time = 185s)...
Presolve removed 0 rows and 0 columns (presolve time = 225s)...
Presolve removed 0 rows and 0 columns (presolve time = 248s)...
Presolve removed 0 rows and 0 columns (presolve time = 270s)...
Presolve removed 0 rows and 0 columns (presolve time = 291s)...
Presolve removed 0 rows and 0 columns (presolve time = 295s)...
Presolve removed 0 rows and 0 columns (presolve time = 300s)...
Presolve removed 0 rows and 0 columns (presolve time = 305s)...
Presolve removed 0 rows and 0 columns (presolve time = 310s)...
Presolve removed 0 rows and 0 columns (presolve time = 320s)...
Presolve removed 0 rows and 0 columns (presolve time = 349s)...
Presolve removed 0 rows and 0 columns (presolve time = 353s)...
Presolve removed 0 rows and 0 columns (presolve time = 355s)...
Presolve removed 0 rows and 0 columns (presolve time = 360s)...
Presolve removed 0 rows and 0 columns (presolve time = 369s)...
Presolve removed 0 rows and 0 columns (presolve time = 374s)...
Presolve removed 0 rows and 0 columns (presolve time = 395s)...
Presolve removed 0 rows and 0 columns (presolve time = 395s)...
Presolve removed 0 rows and 0 columns (presolve time = 400s)...
Presolve removed 0 rows and 0 columns (presolve time = 405s)...
Presolve removed 0 rows and 0 columns (presolve time = 410s)...
Presolve removed 0 rows and 0 columns (presolve time = 415s)...
Presolve removed 0 rows and 0 columns (presolve time = 420s)...
Presolve removed 0 rows and 0 columns (presolve time = 425s)...
Presolve removed 0 rows and 0 columns (presolve time = 430s)...
Presolve removed 0 rows and 0 columns (presolve time = 435s)...
Presolve removed 0 rows and 0 columns (presolve time = 440s)...
Presolve removed 0 rows and 0 columns (presolve time = 445s)...
Presolve removed 0 rows and 0 columns (presolve time = 450s)...
Presolve removed 0 rows and 0 columns (presolve time = 455s)...
Presolve removed 0 rows and 0 columns (presolve time = 460s)...
Presolve removed 0 rows and 0 columns (presolve time = 465s)...
Presolve removed 0 rows and 0 columns (presolve time = 470s)...
Presolve removed 0 rows and 0 columns (presolve time = 475s)...
Presolve removed 0 rows and 0 columns (presolve time = 480s)...
Presolve removed 0 rows and 0 columns (presolve time = 485s)...
Presolve removed 0 rows and 0 columns (presolve time = 490s)...
Presolve removed 0 rows and 0 columns (presolve time = 495s)...
Presolve removed 0 rows and 0 columns (presolve time = 500s)...
Presolve removed 0 rows and 0 columns (presolve time = 505s)...
Presolve removed 0 rows and 0 columns (presolve time = 510s)...
Presolve removed 0 rows and 0 columns (presolve time = 515s)...
Presolve removed 0 rows and 0 columns (presolve time = 520s)...
Presolve removed 0 rows and 0 columns (presolve time = 525s)...
Presolve removed 0 rows and 0 columns (presolve time = 556s)...
Presolve removed 0 rows and 0 columns (presolve time = 564s)...
Presolve removed 0 rows and 0 columns (presolve time = 566s)...
Presolve removed 0 rows and 0 columns (presolve time = 636s)...
Presolve removed 0 rows and 0 columns (presolve time = 640s)...
Presolve removed 0 rows and 0 columns (presolve time = 645s)...
Presolve removed 0 rows and 0 columns (presolve time = 650s)...
Presolve removed 0 rows and 0 columns (presolve time = 655s)...
Presolve removed 0 rows and 0 columns (presolve time = 660s)...
Presolve removed 0 rows and 0 columns (presolve time = 665s)...
Presolve removed 0 rows and 0 columns (presolve time = 670s)...
Presolve removed 0 rows and 0 columns (presolve time = 675s)...
Presolve removed 0 rows and 0 columns (presolve time = 680s)...
Presolve removed 0 rows and 0 columns (presolve time = 685s)...
Presolve removed 0 rows and 0 columns (presolve time = 690s)...
Presolve removed 0 rows and 0 columns (presolve time = 695s)...
Presolve removed 0 rows and 0 columns (presolve time = 700s)...
Presolve removed 0 rows and 0 columns (presolve time = 705s)...
Presolve removed 0 rows and 0 columns (presolve time = 710s)...
Presolve removed 0 rows and 0 columns (presolve time = 715s)...
Presolve removed 0 rows and 0 columns (presolve time = 720s)...
Presolve removed 0 rows and 0 columns (presolve time = 725s)...
Presolve removed 0 rows and 0 columns (presolve time = 730s)...
Presolve removed 0 rows and 0 columns (presolve time = 735s)...
Presolve removed 0 rows and 0 columns (presolve time = 740s)...
Presolve removed 0 rows and 0 columns (presolve time = 745s)...
Presolve removed 0 rows and 0 columns (presolve time = 750s)...
Presolve removed 0 rows and 0 columns (presolve time = 755s)...
Presolve removed 0 rows and 0 columns (presolve time = 760s)...
Presolve removed 0 rows and 0 columns (presolve time = 765s)...
Presolve removed 0 rows and 0 columns (presolve time = 770s)...
Presolve removed 0 rows and 0 columns (presolve time = 775s)...
Presolve removed 0 rows and 0 columns (presolve time = 780s)...
Presolve removed 0 rows and 0 columns (presolve time = 785s)...
Presolve removed 0 rows and 0 columns (presolve time = 790s)...
Presolve removed 0 rows and 0 columns (presolve time = 795s)...
Presolve removed 0 rows and 0 columns (presolve time = 800s)...
Presolve removed 0 rows and 0 columns (presolve time = 805s)...
Presolve removed 0 rows and 0 columns (presolve time = 810s)...
Presolve removed 0 rows and 0 columns (presolve time = 815s)...
Presolve removed 0 rows and 0 columns (presolve time = 820s)...
Presolve removed 0 rows and 0 columns (presolve time = 825s)...
Presolve removed 0 rows and 0 columns (presolve time = 830s)...
Presolve removed 0 rows and 0 columns (presolve time = 835s)...
Presolve removed 0 rows and 0 columns (presolve time = 840s)...
Presolve removed 0 rows and 0 columns (presolve time = 845s)...
Presolve removed 0 rows and 0 columns (presolve time = 850s)...
Presolve removed 0 rows and 0 columns (presolve time = 855s)...
Presolve removed 0 rows and 0 columns (presolve time = 860s)...
Presolve removed 0 rows and 0 columns (presolve time = 865s)...
Presolve removed 0 rows and 0 columns (presolve time = 870s)...
Presolve removed 0 rows and 0 columns (presolve time = 875s)...
Presolve removed 0 rows and 0 columns (presolve time = 880s)...
Presolve removed 0 rows and 0 columns (presolve time = 885s)...
Presolve removed 0 rows and 0 columns (presolve time = 890s)...
Presolve removed 0 rows and 0 columns (presolve time = 895s)...
Presolve removed 0 rows and 0 columns (presolve time = 900s)...
Presolve removed 0 rows and 0 columns (presolve time = 905s)...
Presolve removed 0 rows and 0 columns (presolve time = 910s)...
Presolve removed 0 rows and 0 columns (presolve time = 915s)...
Presolve removed 0 rows and 0 columns (presolve time = 920s)...
Presolve removed 0 rows and 0 columns (presolve time = 925s)...
Presolve removed 0 rows and 0 columns (presolve time = 930s)...
Presolve removed 0 rows and 0 columns (presolve time = 935s)...
Presolve removed 0 rows and 0 columns (presolve time = 940s)...
Presolve removed 0 rows and 0 columns (presolve time = 945s)...
Presolve removed 0 rows and 0 columns (presolve time = 950s)...
Presolve removed 0 rows and 0 columns (presolve time = 955s)...
Presolve removed 0 rows and 0 columns (presolve time = 960s)...
Presolve removed 0 rows and 0 columns (presolve time = 965s)...
Presolve removed 0 rows and 0 columns (presolve time = 970s)...
Presolve removed 0 rows and 0 columns (presolve time = 975s)...
Presolve removed 0 rows and 0 columns (presolve time = 980s)...
Presolve removed 0 rows and 0 columns (presolve time = 985s)...
Presolve removed 0 rows and 0 columns (presolve time = 990s)...
Presolve removed 0 rows and 0 columns (presolve time = 995s)...
Presolve removed 0 rows and 0 columns (presolve time = 1000s)...
Presolve removed 0 rows and 0 columns (presolve time = 1005s)...
Presolve removed 0 rows and 0 columns (presolve time = 1010s)...
Presolve removed 0 rows and 0 columns (presolve time = 1015s)...
Presolve removed 0 rows and 0 columns (presolve time = 1020s)...
Presolve removed 0 rows and 0 columns (presolve time = 1025s)...
Presolve removed 0 rows and 0 columns (presolve time = 1030s)...
Presolve removed 0 rows and 0 columns (presolve time = 1035s)...
Presolve removed 0 rows and 0 columns (presolve time = 1040s)...
Presolve removed 0 rows and 0 columns (presolve time = 1045s)...
Presolve removed 0 rows and 0 columns (presolve time = 1050s)...
Presolve removed 0 rows and 0 columns (presolve time = 1055s)...
Presolve removed 0 rows and 0 columns (presolve time = 1060s)...
Presolve removed 0 rows and 0 columns (presolve time = 1065s)...
Presolve removed 0 rows and 0 columns (presolve time = 1070s)...
Presolve removed 0 rows and 0 columns (presolve time = 1075s)...
Presolve removed 0 rows and 0 columns (presolve time = 1080s)...
Presolve removed 0 rows and 0 columns (presolve time = 1085s)...
Presolve removed 0 rows and 0 columns (presolve time = 1090s)...
Presolve removed 0 rows and 0 columns (presolve time = 1095s)...
Presolve removed 0 rows and 0 columns (presolve time = 1100s)...
Presolve removed 0 rows and 0 columns (presolve time = 1105s)...
Presolve removed 0 rows and 0 columns (presolve time = 1110s)...
Presolve removed 0 rows and 0 columns (presolve time = 1115s)...
Presolve removed 0 rows and 0 columns (presolve time = 1120s)...
Presolve removed 0 rows and 0 columns (presolve time = 1125s)...
Presolve removed 0 rows and 0 columns (presolve time = 1130s)...
Presolve removed 0 rows and 0 columns (presolve time = 1135s)...
Presolve removed 0 rows and 0 columns (presolve time = 1140s)...
Presolve removed 0 rows and 0 columns (presolve time = 1145s)...
Presolve removed 0 rows and 0 columns (presolve time = 1150s)...
Presolve removed 0 rows and 0 columns (presolve time = 1155s)...
Presolve removed 0 rows and 0 columns (presolve time = 1160s)...
Presolve removed 0 rows and 0 columns (presolve time = 1165s)...
Presolve removed 0 rows and 0 columns (presolve time = 1170s)...
Presolve removed 0 rows and 0 columns (presolve time = 1175s)...
Presolve removed 0 rows and 0 columns (presolve time = 1180s)...
Presolve removed 0 rows and 0 columns (presolve time = 1185s)...
Presolve removed 0 rows and 0 columns (presolve time = 1190s)...
Presolve removed 0 rows and 0 columns (presolve time = 1195s)...
Presolve removed 0 rows and 0 columns (presolve time = 1200s)...
Presolve removed 0 rows and 0 columns (presolve time = 1205s)...
Presolve removed 0 rows and 0 columns (presolve time = 1210s)...
Presolve removed 0 rows and 0 columns (presolve time = 1215s)...
Presolve removed 0 rows and 0 columns (presolve time = 1220s)...
Presolve removed 0 rows and 0 columns (presolve time = 1225s)...
Presolve removed 0 rows and 0 columns (presolve time = 1230s)...
Presolve removed 0 rows and 0 columns (presolve time = 1235s)...
Presolve removed 0 rows and 0 columns (presolve time = 1240s)...
Presolve removed 0 rows and 0 columns (presolve time = 1245s)...
Presolve removed 0 rows and 0 columns (presolve time = 1250s)...
Presolve removed 0 rows and 0 columns (presolve time = 1255s)...
Presolve removed 0 rows and 0 columns (presolve time = 1260s)...
Presolve removed 0 rows and 0 columns (presolve time = 1265s)...
Presolve removed 0 rows and 0 columns (presolve time = 1270s)...
Presolve removed 0 rows and 0 columns (presolve time = 1275s)...
Presolve removed 0 rows and 0 columns (presolve time = 1280s)...
Presolve removed 0 rows and 0 columns (presolve time = 1285s)...
Presolve removed 0 rows and 0 columns (presolve time = 1290s)...
Presolve removed 0 rows and 0 columns (presolve time = 1295s)...
Presolve removed 0 rows and 0 columns (presolve time = 1300s)...
Presolve removed 0 rows and 0 columns (presolve time = 1305s)...
Presolve removed 0 rows and 0 columns (presolve time = 1310s)...
Presolve removed 0 rows and 0 columns (presolve time = 1315s)...
Presolve removed 0 rows and 0 columns (presolve time = 1320s)...
Presolve removed 0 rows and 0 columns (presolve time = 1325s)...
Presolve removed 0 rows and 0 columns (presolve time = 1330s)...
Presolve removed 0 rows and 0 columns (presolve time = 1335s)...
Presolve removed 0 rows and 0 columns (presolve time = 1340s)...
Presolve removed 0 rows and 0 columns (presolve time = 1345s)...
Presolve removed 0 rows and 0 columns (presolve time = 1350s)...
Presolve removed 0 rows and 0 columns (presolve time = 1355s)...
Presolve removed 0 rows and 0 columns (presolve time = 1360s)...
Presolve removed 0 rows and 0 columns (presolve time = 1365s)...
Presolve removed 0 rows and 0 columns (presolve time = 1370s)...
Presolve removed 0 rows and 0 columns (presolve time = 1375s)...
Presolve removed 0 rows and 0 columns (presolve time = 1380s)...
Presolve removed 0 rows and 0 columns (presolve time = 1385s)...
Presolve removed 0 rows and 0 columns (presolve time = 1390s)...
Presolve removed 0 rows and 0 columns (presolve time = 1395s)...
Presolve removed 0 rows and 0 columns (presolve time = 1400s)...
Presolve removed 0 rows and 0 columns (presolve time = 1405s)...
Presolve removed 0 rows and 0 columns (presolve time = 1410s)...
Presolve removed 0 rows and 0 columns (presolve time = 1415s)...
Presolve removed 0 rows and 0 columns (presolve time = 1420s)...
Presolve removed 0 rows and 0 columns (presolve time = 1425s)...
Presolve removed 0 rows and 0 columns (presolve time = 1430s)...
Presolve removed 0 rows and 0 columns (presolve time = 1435s)...
Presolve removed 0 rows and 0 columns (presolve time = 1440s)...
Presolve removed 0 rows and 0 columns (presolve time = 1445s)...
Presolve removed 0 rows and 0 columns (presolve time = 1450s)...
Presolve removed 0 rows and 0 columns (presolve time = 1455s)...
Presolve removed 0 rows and 0 columns (presolve time = 1460s)...
Presolve removed 0 rows and 0 columns (presolve time = 1465s)...
Presolve removed 0 rows and 0 columns (presolve time = 1470s)...
Presolve removed 0 rows and 0 columns (presolve time = 1475s)...
Presolve removed 0 rows and 0 columns (presolve time = 1480s)...
Presolve removed 0 rows and 0 columns (presolve time = 1485s)...
Presolve removed 0 rows and 0 columns (presolve time = 1490s)...
Presolve removed 0 rows and 0 columns (presolve time = 1495s)...
Presolve removed 0 rows and 0 columns (presolve time = 1500s)...
Presolve removed 0 rows and 0 columns (presolve time = 1505s)...
Presolve removed 0 rows and 0 columns (presolve time = 1510s)...
Presolve removed 0 rows and 0 columns (presolve time = 1515s)...
Presolve removed 0 rows and 0 columns (presolve time = 1520s)...
Presolve removed 0 rows and 0 columns (presolve time = 1525s)...
Presolve removed 0 rows and 0 columns (presolve time = 1530s)...
Presolve removed 0 rows and 0 columns (presolve time = 1535s)...
Presolve removed 0 rows and 0 columns (presolve time = 1540s)...
Presolve removed 0 rows and 0 columns (presolve time = 1545s)...
Presolve removed 0 rows and 0 columns (presolve time = 1550s)...
Presolve removed 0 rows and 0 columns (presolve time = 1555s)...
Presolve removed 0 rows and 0 columns (presolve time = 1560s)...
Presolve removed 0 rows and 0 columns (presolve time = 1565s)...
Presolve removed 0 rows and 0 columns (presolve time = 1570s)...
Presolve removed 0 rows and 0 columns (presolve time = 1575s)...
Presolve removed 0 rows and 0 columns (presolve time = 1580s)...
Presolve removed 0 rows and 0 columns (presolve time = 1585s)...
Presolve removed 0 rows and 0 columns (presolve time = 1590s)...
Presolve removed 0 rows and 0 columns (presolve time = 1595s)...
Presolve removed 0 rows and 0 columns (presolve time = 1600s)...
Presolve removed 0 rows and 0 columns (presolve time = 1605s)...
Presolve removed 0 rows and 0 columns (presolve time = 1610s)...
Presolve removed 0 rows and 0 columns (presolve time = 1615s)...
Presolve removed 0 rows and 0 columns (presolve time = 1620s)...
Presolve removed 0 rows and 0 columns (presolve time = 1625s)...
Presolve removed 0 rows and 0 columns (presolve time = 1630s)...
Presolve removed 0 rows and 0 columns (presolve time = 1635s)...
Presolve removed 0 rows and 0 columns (presolve time = 1640s)...
Presolve removed 0 rows and 0 columns (presolve time = 1645s)...
Presolve removed 0 rows and 0 columns (presolve time = 1650s)...
Presolve removed 0 rows and 0 columns (presolve time = 1655s)...
Presolve removed 0 rows and 0 columns (presolve time = 1660s)...
Presolve removed 0 rows and 0 columns (presolve time = 1665s)...
Presolve removed 0 rows and 0 columns (presolve time = 1670s)...
Presolve removed 0 rows and 0 columns (presolve time = 1675s)...
Presolve removed 0 rows and 0 columns (presolve time = 1680s)...
Presolve removed 0 rows and 0 columns (presolve time = 1685s)...
Presolve removed 0 rows and 0 columns (presolve time = 1690s)...
Presolve removed 0 rows and 0 columns (presolve time = 1695s)...
Presolve removed 0 rows and 0 columns (presolve time = 1700s)...
Presolve removed 0 rows and 0 columns (presolve time = 1705s)...
Presolve removed 0 rows and 0 columns (presolve time = 1710s)...
Presolve removed 0 rows and 0 columns (presolve time = 1715s)...
Presolve removed 0 rows and 0 columns (presolve time = 1720s)...
Presolve removed 0 rows and 0 columns (presolve time = 1725s)...
Presolve removed 0 rows and 0 columns (presolve time = 1730s)...
Presolve removed 0 rows and 0 columns (presolve time = 1735s)...
Presolve removed 0 rows and 0 columns (presolve time = 1740s)...
Presolve removed 0 rows and 0 columns (presolve time = 1745s)...
Presolve removed 0 rows and 0 columns (presolve time = 1750s)...
Presolve removed 0 rows and 0 columns (presolve time = 1755s)...
Presolve removed 0 rows and 0 columns (presolve time = 1760s)...
Presolve removed 0 rows and 0 columns (presolve time = 1765s)...
Presolve removed 0 rows and 0 columns (presolve time = 1770s)...
Presolve removed 0 rows and 0 columns (presolve time = 1775s)...
Presolve removed 0 rows and 0 columns (presolve time = 1780s)...
Presolve removed 0 rows and 0 columns (presolve time = 1785s)...
Presolve removed 0 rows and 0 columns (presolve time = 1790s)...
Presolve removed 0 rows and 0 columns (presolve time = 1795s)...
Presolve removed 0 rows and 0 columns (presolve time = 1800s)...
Presolve removed 0 rows and 0 columns (presolve time = 1805s)...
Presolve removed 0 rows and 0 columns (presolve time = 1810s)...
Presolve removed 0 rows and 0 columns (presolve time = 1815s)...
Presolve removed 0 rows and 0 columns (presolve time = 1820s)...
Presolve removed 0 rows and 0 columns (presolve time = 1825s)...
Presolve removed 0 rows and 0 columns (presolve time = 1830s)...
Presolve removed 0 rows and 0 columns (presolve time = 1835s)...
Presolve removed 0 rows and 0 columns (presolve time = 1840s)...
Presolve removed 0 rows and 0 columns (presolve time = 1845s)...
Presolve removed 0 rows and 0 columns (presolve time = 1850s)...
Presolve removed 0 rows and 0 columns (presolve time = 1855s)...
Presolve removed 0 rows and 0 columns (presolve time = 1860s)...
Presolve removed 0 rows and 0 columns (presolve time = 1865s)...
Presolve removed 0 rows and 0 columns (presolve time = 1870s)...
Presolve removed 0 rows and 0 columns (presolve time = 1875s)...
Presolve removed 0 rows and 0 columns (presolve time = 1880s)...
Presolve removed 0 rows and 0 columns (presolve time = 1885s)...
Presolve removed 0 rows and 0 columns (presolve time = 1890s)...
Presolve removed 0 rows and 0 columns (presolve time = 1895s)...
Presolve removed 0 rows and 0 columns (presolve time = 1900s)...
Presolve removed 0 rows and 0 columns (presolve time = 1905s)...
Presolve removed 0 rows and 0 columns (presolve time = 1910s)...
Presolve removed 0 rows and 0 columns (presolve time = 1915s)...
Presolve removed 0 rows and 0 columns (presolve time = 1920s)...
Presolve removed 0 rows and 0 columns (presolve time = 1925s)...
Presolve removed 0 rows and 0 columns (presolve time = 1930s)...
Presolve removed 0 rows and 0 columns (presolve time = 1935s)...
Presolve removed 0 rows and 0 columns (presolve time = 1940s)...
Presolve removed 0 rows and 0 columns (presolve time = 1945s)...
Presolve removed 0 rows and 0 columns (presolve time = 1950s)...
Presolve removed 0 rows and 0 columns (presolve time = 1955s)...
Presolve removed 0 rows and 0 columns (presolve time = 1960s)...
Presolve removed 0 rows and 0 columns (presolve time = 1965s)...
Presolve removed 0 rows and 0 columns (presolve time = 1970s)...
Presolve removed 0 rows and 0 columns (presolve time = 1975s)...
Presolve removed 0 rows and 0 columns (presolve time = 1980s)...
Presolve removed 0 rows and 0 columns (presolve time = 1985s)...
Presolve removed 0 rows and 0 columns (presolve time = 1990s)...
Presolve removed 0 rows and 0 columns (presolve time = 1995s)...
Presolve removed 0 rows and 0 columns (presolve time = 2000s)...
Presolve removed 0 rows and 0 columns (presolve time = 2005s)...
Presolve removed 0 rows and 0 columns (presolve time = 2010s)...
Presolve removed 0 rows and 0 columns (presolve time = 2015s)...
Presolve removed 0 rows and 0 columns (presolve time = 2020s)...
Presolve removed 0 rows and 0 columns (presolve time = 2025s)...
Presolve removed 0 rows and 0 columns (presolve time = 2030s)...
Presolve removed 0 rows and 0 columns (presolve time = 2035s)...
Presolve removed 0 rows and 0 columns (presolve time = 2040s)...
Presolve removed 0 rows and 0 columns (presolve time = 2045s)...
Presolve removed 0 rows and 0 columns (presolve time = 2050s)...
Presolve removed 0 rows and 0 columns (presolve time = 2055s)...
Presolve removed 0 rows and 0 columns (presolve time = 2060s)...
Presolve removed 0 rows and 0 columns (presolve time = 2065s)...
Presolve removed 0 rows and 0 columns (presolve time = 2070s)...
Presolve removed 0 rows and 0 columns (presolve time = 2075s)...
Presolve removed 0 rows and 0 columns (presolve time = 2080s)...
Presolve removed 0 rows and 0 columns (presolve time = 2085s)...
Presolve removed 0 rows and 0 columns (presolve time = 2090s)...
Presolve removed 0 rows and 0 columns (presolve time = 2095s)...
Presolve removed 0 rows and 0 columns (presolve time = 2100s)...
Presolve removed 0 rows and 0 columns (presolve time = 2105s)...
Presolve removed 0 rows and 0 columns (presolve time = 2110s)...
Presolve removed 0 rows and 0 columns (presolve time = 2115s)...
Presolve removed 0 rows and 0 columns (presolve time = 2120s)...
Presolve removed 0 rows and 0 columns (presolve time = 2125s)...
Presolve removed 0 rows and 0 columns (presolve time = 2130s)...
Presolve removed 0 rows and 0 columns (presolve time = 2135s)...
Presolve removed 0 rows and 0 columns (presolve time = 2140s)...
Presolve removed 0 rows and 0 columns (presolve time = 2145s)...
Presolve removed 0 rows and 0 columns (presolve time = 2150s)...
Presolve removed 0 rows and 0 columns (presolve time = 2155s)...
Presolve removed 0 rows and 0 columns (presolve time = 2160s)...
Presolve removed 0 rows and 0 columns (presolve time = 2165s)...
Presolve removed 0 rows and 0 columns (presolve time = 2170s)...
Presolve removed 0 rows and 0 columns (presolve time = 2175s)...
Presolve removed 0 rows and 0 columns (presolve time = 2180s)...
Presolve removed 0 rows and 0 columns (presolve time = 2185s)...
Presolve removed 0 rows and 0 columns (presolve time = 2190s)...
Presolve removed 0 rows and 0 columns (presolve time = 2195s)...
Presolve removed 0 rows and 0 columns (presolve time = 2200s)...
Presolve removed 0 rows and 0 columns (presolve time = 2205s)...
Presolve removed 0 rows and 0 columns (presolve time = 2210s)...
Presolve removed 0 rows and 0 columns (presolve time = 2215s)...
Presolve removed 0 rows and 0 columns (presolve time = 2220s)...
Presolve removed 0 rows and 0 columns (presolve time = 2225s)...
Presolve removed 0 rows and 0 columns (presolve time = 2230s)...
Presolve removed 0 rows and 0 columns (presolve time = 2235s)...
Presolve removed 0 rows and 0 columns (presolve time = 2240s)...
Presolve removed 0 rows and 0 columns (presolve time = 2245s)...
Presolve removed 0 rows and 0 columns (presolve time = 2250s)...
Presolve removed 0 rows and 0 columns (presolve time = 2255s)...
Presolve removed 0 rows and 0 columns (presolve time = 2260s)...
Presolve removed 0 rows and 0 columns (presolve time = 2265s)...
Presolve removed 0 rows and 0 columns (presolve time = 2270s)...
Presolve removed 0 rows and 0 columns (presolve time = 2275s)...
Presolve removed 0 rows and 0 columns (presolve time = 2280s)...
Presolve removed 0 rows and 0 columns (presolve time = 2285s)...
Presolve removed 0 rows and 0 columns (presolve time = 2290s)...
Presolve removed 0 rows and 0 columns (presolve time = 2295s)...
Presolve removed 0 rows and 0 columns (presolve time = 2300s)...
Presolve removed 0 rows and 0 columns (presolve time = 2305s)...
Presolve removed 0 rows and 0 columns (presolve time = 2310s)...
Presolve removed 0 rows and 0 columns (presolve time = 2315s)...
Presolve removed 0 rows and 0 columns (presolve time = 2320s)...
Presolve removed 0 rows and 0 columns (presolve time = 2325s)...
Presolve removed 0 rows and 0 columns (presolve time = 2330s)...
Presolve removed 0 rows and 0 columns (presolve time = 2335s)...
Presolve removed 0 rows and 0 columns (presolve time = 2340s)...
Presolve removed 0 rows and 0 columns (presolve time = 2345s)...
Presolve removed 0 rows and 0 columns (presolve time = 2350s)...
Presolve removed 0 rows and 0 columns (presolve time = 2355s)...
Presolve removed 0 rows and 0 columns (presolve time = 2360s)...
Presolve removed 0 rows and 0 columns (presolve time = 2365s)...
Presolve removed 0 rows and 0 columns (presolve time = 2370s)...
Presolve removed 0 rows and 0 columns (presolve time = 2375s)...
Presolve removed 0 rows and 0 columns (presolve time = 2380s)...
Presolve removed 0 rows and 0 columns (presolve time = 2385s)...
Presolve removed 0 rows and 0 columns (presolve time = 2390s)...
Presolve removed 0 rows and 0 columns (presolve time = 2395s)...
Presolve removed 0 rows and 0 columns (presolve time = 2400s)...
Presolve removed 0 rows and 0 columns (presolve time = 2405s)...
Presolve removed 0 rows and 0 columns (presolve time = 2410s)...
Presolve removed 0 rows and 0 columns (presolve time = 2415s)...
Presolve removed 0 rows and 0 columns (presolve time = 2420s)...
Presolve removed 0 rows and 0 columns (presolve time = 2425s)...
Presolve removed 0 rows and 0 columns (presolve time = 2430s)...
Presolve removed 0 rows and 0 columns (presolve time = 2435s)...
Presolve removed 0 rows and 0 columns (presolve time = 2440s)...
Presolve removed 0 rows and 0 columns (presolve time = 2445s)...
Presolve removed 0 rows and 0 columns (presolve time = 2450s)...
Presolve removed 0 rows and 0 columns (presolve time = 2455s)...
Presolve removed 0 rows and 0 columns (presolve time = 2460s)...
Presolve removed 0 rows and 0 columns (presolve time = 2465s)...
Presolve removed 0 rows and 0 columns (presolve time = 2470s)...
Presolve removed 0 rows and 0 columns (presolve time = 2475s)...
Presolve removed 0 rows and 0 columns (presolve time = 2480s)...
Presolve removed 0 rows and 0 columns (presolve time = 2485s)...
Presolve removed 0 rows and 0 columns (presolve time = 2490s)...
Presolve removed 0 rows and 0 columns (presolve time = 2495s)...
Presolve removed 0 rows and 0 columns (presolve time = 2500s)...
Presolve removed 0 rows and 0 columns (presolve time = 2505s)...
Presolve removed 0 rows and 0 columns (presolve time = 2510s)...
Presolve removed 0 rows and 0 columns (presolve time = 2515s)...
Presolve removed 0 rows and 0 columns (presolve time = 2520s)...
Presolve removed 0 rows and 0 columns (presolve time = 2525s)...
Presolve removed 0 rows and 0 columns (presolve time = 2530s)...
Presolve removed 0 rows and 0 columns (presolve time = 2535s)...
Presolve removed 0 rows and 0 columns (presolve time = 2540s)...
Presolve removed 0 rows and 0 columns (presolve time = 2545s)...
Presolve removed 0 rows and 0 columns (presolve time = 2550s)...
Presolve removed 0 rows and 0 columns (presolve time = 2555s)...
Presolve removed 0 rows and 0 columns (presolve time = 2560s)...
Presolve removed 0 rows and 0 columns (presolve time = 2565s)...
Presolve removed 0 rows and 0 columns (presolve time = 2570s)...
Presolve removed 0 rows and 0 columns (presolve time = 2575s)...
Presolve removed 0 rows and 0 columns (presolve time = 2580s)...
Presolve removed 0 rows and 0 columns (presolve time = 2585s)...
Presolve removed 0 rows and 0 columns (presolve time = 2590s)...
Presolve removed 0 rows and 0 columns (presolve time = 2595s)...
Presolve removed 0 rows and 0 columns (presolve time = 2600s)...
Presolve removed 0 rows and 0 columns (presolve time = 2605s)...
Presolve removed 0 rows and 0 columns (presolve time = 2610s)...
Presolve removed 0 rows and 0 columns (presolve time = 2615s)...
Presolve removed 0 rows and 0 columns (presolve time = 2620s)...
Presolve removed 0 rows and 0 columns (presolve time = 2625s)...
Presolve removed 0 rows and 0 columns (presolve time = 2630s)...
Presolve removed 0 rows and 0 columns (presolve time = 2635s)...
Presolve removed 0 rows and 0 columns (presolve time = 2640s)...
Presolve removed 0 rows and 0 columns (presolve time = 2645s)...
Presolve removed 0 rows and 0 columns (presolve time = 2650s)...
Presolve removed 0 rows and 0 columns (presolve time = 2655s)...
Presolve removed 0 rows and 0 columns (presolve time = 2660s)...
Presolve removed 0 rows and 0 columns (presolve time = 2665s)...
Presolve removed 0 rows and 0 columns (presolve time = 2670s)...
Presolve removed 0 rows and 0 columns (presolve time = 2675s)...
Presolve removed 0 rows and 0 columns (presolve time = 2680s)...
Presolve removed 0 rows and 0 columns (presolve time = 2685s)...
Presolve removed 0 rows and 0 columns (presolve time = 2690s)...
Presolve removed 0 rows and 0 columns (presolve time = 2695s)...
Presolve removed 0 rows and 0 columns (presolve time = 2700s)...
Presolve removed 0 rows and 0 columns (presolve time = 2705s)...
Presolve removed 0 rows and 0 columns (presolve time = 2710s)...
Presolve removed 0 rows and 0 columns (presolve time = 2715s)...
Presolve removed 0 rows and 0 columns (presolve time = 2720s)...
Presolve removed 0 rows and 0 columns (presolve time = 2725s)...
Presolve removed 0 rows and 0 columns (presolve time = 2730s)...
Presolve removed 0 rows and 0 columns (presolve time = 2735s)...
Presolve removed 0 rows and 0 columns (presolve time = 2740s)...
Presolve removed 0 rows and 0 columns (presolve time = 2745s)...
Presolve removed 0 rows and 0 columns (presolve time = 2750s)...
Presolve removed 0 rows and 0 columns (presolve time = 2755s)...
Presolve removed 0 rows and 0 columns (presolve time = 2760s)...
Presolve removed 0 rows and 0 columns (presolve time = 2765s)...
Presolve removed 0 rows and 0 columns (presolve time = 2770s)...
Presolve removed 0 rows and 0 columns (presolve time = 2775s)...
Presolve removed 0 rows and 0 columns (presolve time = 2780s)...
Presolve removed 0 rows and 0 columns (presolve time = 2785s)...
Presolve removed 0 rows and 0 columns (presolve time = 2790s)...
Presolve removed 0 rows and 0 columns (presolve time = 2795s)...
Presolve removed 0 rows and 0 columns (presolve time = 2800s)...
Presolve removed 0 rows and 0 columns (presolve time = 2805s)...
Presolve removed 0 rows and 0 columns (presolve time = 2810s)...
Presolve removed 0 rows and 0 columns (presolve time = 2815s)...
Presolve removed 0 rows and 0 columns (presolve time = 2820s)...
Presolve removed 0 rows and 0 columns (presolve time = 2825s)...
Presolve removed 0 rows and 0 columns (presolve time = 2830s)...
Presolve removed 0 rows and 0 columns (presolve time = 2835s)...
Presolve removed 0 rows and 0 columns (presolve time = 2840s)...
Presolve removed 0 rows and 0 columns (presolve time = 2845s)...
Presolve removed 0 rows and 0 columns (presolve time = 2850s)...
Presolve removed 0 rows and 0 columns (presolve time = 2855s)...
Presolve removed 0 rows and 0 columns (presolve time = 2860s)...
Presolve removed 0 rows and 0 columns (presolve time = 2865s)...
Presolve removed 0 rows and 0 columns (presolve time = 2870s)...
Presolve removed 0 rows and 0 columns (presolve time = 2875s)...
Presolve removed 0 rows and 0 columns (presolve time = 2880s)...
Presolve removed 0 rows and 0 columns (presolve time = 2885s)...
Presolve removed 0 rows and 0 columns (presolve time = 2890s)...
Presolve removed 0 rows and 0 columns (presolve time = 2895s)...
Presolve removed 0 rows and 0 columns (presolve time = 2900s)...
Presolve removed 0 rows and 0 columns (presolve time = 2905s)...
Presolve removed 0 rows and 0 columns (presolve time = 2910s)...
Presolve removed 0 rows and 0 columns (presolve time = 2915s)...
Presolve removed 0 rows and 0 columns (presolve time = 2920s)...
Presolve removed 0 rows and 0 columns (presolve time = 2925s)...
Presolve removed 0 rows and 0 columns (presolve time = 2930s)...
Presolve removed 0 rows and 0 columns (presolve time = 2935s)...
Presolve removed 0 rows and 0 columns (presolve time = 2940s)...
Presolve removed 0 rows and 0 columns (presolve time = 2945s)...
Presolve removed 0 rows and 0 columns (presolve time = 2950s)...
Presolve removed 0 rows and 0 columns (presolve time = 2955s)...
Presolve removed 0 rows and 0 columns (presolve time = 2960s)...
Presolve removed 0 rows and 0 columns (presolve time = 2965s)...
Presolve removed 0 rows and 0 columns (presolve time = 2970s)...
Presolve removed 0 rows and 0 columns (presolve time = 2975s)...
Presolve removed 0 rows and 0 columns (presolve time = 2980s)...
Presolve removed 0 rows and 0 columns (presolve time = 2985s)...
Presolve removed 0 rows and 0 columns (presolve time = 2990s)...
Presolve removed 0 rows and 0 columns (presolve time = 2995s)...
Presolve removed 0 rows and 0 columns (presolve time = 3000s)...
Presolve removed 0 rows and 0 columns (presolve time = 3005s)...
Presolve removed 0 rows and 0 columns (presolve time = 3010s)...
Presolve removed 0 rows and 0 columns (presolve time = 3015s)...
Presolve removed 0 rows and 0 columns (presolve time = 3020s)...
Presolve removed 0 rows and 0 columns (presolve time = 3025s)...
Presolve removed 0 rows and 0 columns (presolve time = 3030s)...
Presolve removed 0 rows and 0 columns (presolve time = 3035s)...
Presolve removed 0 rows and 0 columns (presolve time = 3040s)...
Presolve removed 0 rows and 0 columns (presolve time = 3045s)...
Presolve removed 0 rows and 0 columns (presolve time = 3050s)...
Presolve removed 0 rows and 0 columns (presolve time = 3055s)...
Presolve removed 0 rows and 0 columns (presolve time = 3060s)...
Presolve removed 0 rows and 0 columns (presolve time = 3065s)...
Presolve removed 0 rows and 0 columns (presolve time = 3070s)...
Presolve removed 0 rows and 0 columns (presolve time = 3075s)...
Presolve removed 0 rows and 0 columns (presolve time = 3080s)...
Presolve removed 0 rows and 0 columns (presolve time = 3085s)...
Presolve removed 0 rows and 0 columns (presolve time = 3090s)...
Presolve removed 0 rows and 0 columns (presolve time = 3095s)...
Presolve removed 0 rows and 0 columns (presolve time = 3100s)...
Presolve removed 0 rows and 0 columns (presolve time = 3105s)...
Presolve removed 0 rows and 0 columns (presolve time = 3110s)...
Presolve removed 0 rows and 0 columns (presolve time = 3115s)...
Presolve removed 0 rows and 0 columns (presolve time = 3120s)...
Presolve removed 0 rows and 0 columns (presolve time = 3125s)...
Presolve removed 0 rows and 0 columns (presolve time = 3130s)...
Presolve removed 0 rows and 0 columns (presolve time = 3135s)...
Presolve removed 0 rows and 0 columns (presolve time = 3140s)...
Presolve removed 0 rows and 0 columns (presolve time = 3145s)...
Presolve removed 0 rows and 0 columns (presolve time = 3150s)...
Presolve removed 0 rows and 0 columns (presolve time = 3155s)...
Presolve removed 0 rows and 0 columns (presolve time = 3160s)...
Presolve removed 0 rows and 0 columns (presolve time = 3165s)...
Presolve removed 0 rows and 0 columns (presolve time = 3170s)...
Presolve removed 0 rows and 0 columns (presolve time = 3175s)...
Presolve removed 0 rows and 0 columns (presolve time = 3180s)...
Presolve removed 0 rows and 0 columns (presolve time = 3185s)...
Presolve removed 0 rows and 0 columns (presolve time = 3190s)...
Presolve removed 0 rows and 0 columns (presolve time = 3195s)...
Presolve removed 0 rows and 0 columns (presolve time = 3200s)...
Presolve removed 0 rows and 0 columns (presolve time = 3205s)...
Presolve removed 0 rows and 0 columns (presolve time = 3210s)...
Presolve removed 0 rows and 0 columns (presolve time = 3215s)...
Presolve removed 0 rows and 0 columns (presolve time = 3220s)...
Presolve removed 0 rows and 0 columns (presolve time = 3225s)...
Presolve removed 0 rows and 0 columns (presolve time = 3230s)...
Presolve removed 0 rows and 0 columns (presolve time = 3235s)...
Presolve removed 0 rows and 0 columns (presolve time = 3240s)...
Presolve removed 0 rows and 0 columns (presolve time = 3245s)...
Presolve removed 0 rows and 0 columns (presolve time = 3250s)...
Presolve removed 0 rows and 0 columns (presolve time = 3255s)...
Presolve removed 0 rows and 0 columns (presolve time = 3260s)...
Presolve removed 0 rows and 0 columns (presolve time = 3265s)...
Presolve removed 0 rows and 0 columns (presolve time = 3270s)...
Presolve removed 0 rows and 0 columns (presolve time = 3275s)...
Presolve removed 0 rows and 0 columns (presolve time = 3280s)...
Presolve removed 0 rows and 0 columns (presolve time = 3285s)...
Presolve removed 0 rows and 0 columns (presolve time = 3290s)...
Presolve removed 0 rows and 0 columns (presolve time = 3295s)...
Presolve removed 0 rows and 0 columns (presolve time = 3300s)...
Presolve removed 0 rows and 0 columns (presolve time = 3305s)...
Presolve removed 0 rows and 0 columns (presolve time = 3310s)...
Presolve removed 0 rows and 0 columns (presolve time = 3315s)...
Presolve removed 0 rows and 0 columns (presolve time = 3320s)...
Presolve removed 0 rows and 0 columns (presolve time = 3325s)...
Presolve removed 0 rows and 0 columns (presolve time = 3330s)...
Presolve removed 0 rows and 0 columns (presolve time = 3335s)...
Presolve removed 0 rows and 0 columns (presolve time = 3340s)...
Presolve removed 0 rows and 0 columns (presolve time = 3345s)...
Presolve removed 0 rows and 0 columns (presolve time = 3350s)...
Presolve removed 0 rows and 0 columns (presolve time = 3355s)...
Presolve removed 0 rows and 0 columns (presolve time = 3360s)...
Presolve removed 0 rows and 0 columns (presolve time = 3365s)...
Presolve removed 0 rows and 0 columns (presolve time = 3370s)...
Presolve removed 0 rows and 0 columns (presolve time = 3375s)...
Presolve removed 0 rows and 0 columns (presolve time = 3380s)...
Presolve removed 0 rows and 0 columns (presolve time = 3385s)...
Presolve removed 0 rows and 0 columns (presolve time = 3390s)...
Presolve removed 0 rows and 0 columns (presolve time = 3395s)...
Presolve removed 0 rows and 0 columns (presolve time = 3400s)...
Presolve removed 0 rows and 0 columns (presolve time = 3405s)...
Presolve removed 0 rows and 0 columns (presolve time = 3410s)...
Presolve removed 0 rows and 0 columns (presolve time = 3415s)...
Presolve removed 0 rows and 0 columns (presolve time = 3420s)...
Presolve removed 0 rows and 0 columns (presolve time = 3425s)...
Presolve removed 0 rows and 0 columns (presolve time = 3430s)...
Presolve removed 0 rows and 0 columns (presolve time = 3435s)...
Presolve removed 0 rows and 0 columns (presolve time = 3440s)...
Presolve removed 0 rows and 0 columns (presolve time = 3445s)...
Presolve removed 0 rows and 0 columns (presolve time = 3450s)...
Presolve removed 0 rows and 0 columns (presolve time = 3455s)...
Presolve removed 0 rows and 0 columns (presolve time = 3460s)...
Presolve removed 0 rows and 0 columns (presolve time = 3465s)...
Presolve removed 0 rows and 0 columns (presolve time = 3470s)...
Presolve removed 0 rows and 0 columns (presolve time = 3475s)...
Presolve removed 0 rows and 0 columns (presolve time = 3480s)...
Presolve removed 0 rows and 0 columns (presolve time = 3485s)...
Presolve removed 0 rows and 0 columns (presolve time = 3490s)...
Presolve removed 0 rows and 0 columns (presolve time = 3495s)...
Presolve removed 0 rows and 0 columns (presolve time = 3500s)...
Presolve removed 0 rows and 0 columns (presolve time = 3505s)...
Presolve removed 0 rows and 0 columns (presolve time = 3510s)...
Presolve removed 0 rows and 0 columns (presolve time = 3515s)...
Presolve removed 0 rows and 0 columns (presolve time = 3520s)...
Presolve removed 0 rows and 0 columns (presolve time = 3525s)...
Presolve removed 0 rows and 0 columns (presolve time = 3530s)...
Presolve removed 0 rows and 0 columns (presolve time = 3535s)...
Presolve removed 0 rows and 0 columns (presolve time = 3540s)...
Presolve removed 0 rows and 0 columns (presolve time = 3545s)...
Presolve removed 0 rows and 0 columns (presolve time = 3550s)...
Presolve removed 0 rows and 0 columns (presolve time = 3555s)...
Presolve removed 0 rows and 0 columns (presolve time = 3560s)...
Presolve removed 0 rows and 0 columns (presolve time = 3565s)...
Presolve removed 0 rows and 0 columns (presolve time = 3570s)...
Presolve removed 0 rows and 0 columns (presolve time = 3575s)...
Presolve removed 0 rows and 0 columns (presolve time = 3580s)...
Presolve removed 0 rows and 0 columns (presolve time = 3585s)...
Presolve removed 0 rows and 0 columns (presolve time = 3590s)...
Presolve removed 0 rows and 0 columns (presolve time = 3595s)...
Presolve removed 0 rows and 0 columns (presolve time = 3600s)...
Presolve removed 0 rows and 0 columns (presolve time = 3605s)...
Presolve removed 0 rows and 0 columns (presolve time = 3610s)...
Presolve removed 0 rows and 0 columns (presolve time = 3615s)...
Presolve removed 0 rows and 0 columns (presolve time = 3620s)...
Presolve removed 0 rows and 0 columns (presolve time = 3625s)...
Presolve removed 0 rows and 0 columns (presolve time = 3630s)...
Presolve removed 0 rows and 0 columns (presolve time = 3635s)...
Presolve removed 0 rows and 0 columns (presolve time = 3640s)...
Presolve removed 0 rows and 0 columns (presolve time = 3645s)...
Presolve removed 0 rows and 0 columns (presolve time = 3650s)...
Presolve removed 0 rows and 0 columns (presolve time = 3655s)...
Presolve removed 0 rows and 0 columns (presolve time = 3660s)...
Presolve removed 0 rows and 0 columns (presolve time = 3665s)...
Presolve removed 0 rows and 0 columns (presolve time = 3670s)...
Presolve removed 0 rows and 0 columns (presolve time = 3675s)...
Presolve removed 0 rows and 0 columns (presolve time = 3680s)...
Presolve removed 0 rows and 0 columns (presolve time = 3685s)...
Presolve removed 0 rows and 0 columns (presolve time = 3690s)...
Presolve removed 0 rows and 0 columns (presolve time = 3695s)...
Presolve removed 0 rows and 0 columns (presolve time = 3700s)...
Presolve removed 0 rows and 0 columns (presolve time = 3705s)...
Presolve removed 0 rows and 0 columns (presolve time = 3710s)...
Presolve removed 0 rows and 0 columns (presolve time = 3715s)...
Presolve removed 0 rows and 0 columns (presolve time = 3720s)...
Presolve removed 0 rows and 0 columns (presolve time = 3725s)...
Presolve removed 0 rows and 0 columns (presolve time = 3730s)...
Presolve removed 0 rows and 0 columns (presolve time = 3735s)...
Presolve removed 0 rows and 0 columns (presolve time = 3740s)...
Presolve removed 0 rows and 0 columns (presolve time = 3745s)...
Presolve removed 0 rows and 0 columns (presolve time = 3750s)...
Presolve removed 0 rows and 0 columns (presolve time = 3755s)...
Presolve removed 0 rows and 0 columns (presolve time = 3760s)...
Presolve removed 0 rows and 0 columns (presolve time = 3765s)...
Presolve removed 0 rows and 0 columns (presolve time = 3770s)...
Presolve removed 0 rows and 0 columns (presolve time = 3775s)...
Presolve removed 0 rows and 0 columns (presolve time = 3780s)...
Presolve removed 0 rows and 0 columns (presolve time = 3785s)...
Presolve removed 0 rows and 0 columns (presolve time = 3790s)...
Presolve removed 0 rows and 0 columns (presolve time = 3795s)...
Presolve removed 0 rows and 0 columns (presolve time = 3800s)...
Presolve removed 0 rows and 0 columns (presolve time = 3805s)...
Presolve removed 0 rows and 0 columns (presolve time = 3810s)...
Presolve removed 0 rows and 0 columns (presolve time = 3815s)...
Presolve removed 0 rows and 0 columns (presolve time = 3820s)...
Presolve removed 0 rows and 0 columns (presolve time = 3825s)...
Presolve removed 0 rows and 0 columns (presolve time = 3830s)...
Presolve removed 0 rows and 0 columns (presolve time = 3835s)...
Presolve removed 0 rows and 0 columns (presolve time = 3840s)...
Presolve removed 0 rows and 0 columns (presolve time = 3845s)...
Presolve removed 0 rows and 0 columns (presolve time = 3850s)...
Presolve removed 0 rows and 0 columns (presolve time = 3855s)...
Presolve removed 0 rows and 0 columns (presolve time = 3860s)...
Presolve removed 0 rows and 0 columns (presolve time = 3865s)...
Presolve removed 0 rows and 0 columns (presolve time = 3870s)...
Presolve removed 0 rows and 0 columns (presolve time = 3875s)...
Presolve removed 0 rows and 0 columns (presolve time = 3880s)...
Presolve removed 0 rows and 0 columns (presolve time = 3885s)...
Presolve removed 0 rows and 0 columns (presolve time = 3890s)...
Presolve removed 0 rows and 0 columns (presolve time = 3895s)...
Presolve removed 0 rows and 0 columns (presolve time = 3900s)...
Presolve removed 0 rows and 0 columns (presolve time = 3905s)...
Presolve removed 0 rows and 0 columns (presolve time = 3910s)...
Presolve removed 0 rows and 0 columns (presolve time = 3915s)...
Presolve removed 0 rows and 0 columns (presolve time = 3920s)...
Presolve removed 0 rows and 0 columns (presolve time = 3925s)...
Presolve removed 0 rows and 0 columns (presolve time = 3930s)...
Presolve removed 0 rows and 0 columns (presolve time = 3935s)...
Presolve removed 0 rows and 0 columns (presolve time = 3940s)...
Presolve removed 0 rows and 0 columns (presolve time = 3945s)...
Presolve removed 0 rows and 0 columns (presolve time = 3950s)...
Presolve removed 0 rows and 0 columns (presolve time = 3955s)...
Presolve removed 0 rows and 0 columns (presolve time = 3960s)...
Presolve removed 0 rows and 0 columns (presolve time = 3965s)...
Presolve removed 0 rows and 0 columns (presolve time = 3970s)...
Presolve removed 0 rows and 0 columns (presolve time = 3975s)...
Presolve removed 0 rows and 0 columns (presolve time = 3980s)...
Presolve removed 0 rows and 0 columns (presolve time = 3985s)...
Presolve removed 0 rows and 0 columns (presolve time = 3990s)...
Presolve removed 0 rows and 0 columns (presolve time = 3995s)...
Presolve removed 0 rows and 0 columns (presolve time = 4000s)...
Presolve removed 0 rows and 0 columns (presolve time = 4005s)...
Presolve removed 0 rows and 0 columns (presolve time = 4010s)...
Presolve removed 0 rows and 0 columns (presolve time = 4015s)...
Presolve removed 0 rows and 0 columns (presolve time = 4020s)...
Presolve removed 0 rows and 0 columns (presolve time = 4025s)...
Presolve removed 0 rows and 0 columns (presolve time = 4031s)...
Presolve removed 0 rows and 0 columns (presolve time = 4065s)...
Presolve time: 4064.85s
Presolved: 392028 rows, 71800 columns, 264884560 nonzeros
Variable types: 0 continuous, 71800 integer (71800 binary)

Root simplex log...

Iteration    Objective       Primal Inf.    Dual Inf.      Time
       0   -0.0000000e+00   0.000000e+00   1.706250e+03   4206s
      47    2.6423824e+03   0.000000e+00   0.000000e+00   4206s
      47    2.6423824e+03   0.000000e+00   0.000000e+00   4206s

Use crossover to convert LP symmetric solution to basic solution...

Root crossover log...

  371924 variables added to crossover basis                     4227s
  372854 variables added to crossover basis                     4230s
  373244 variables added to crossover basis                     4235s
  374234 variables added to crossover basis                     4240s
  374654 variables added to crossover basis                     4245s
  374864 variables added to crossover basis                     4250s
  374984 variables added to crossover basis                     4255s
  375104 variables added to crossover basis                     4260s
  375224 variables added to crossover basis                     4265s
  375344 variables added to crossover basis                     4271s
  375464 variables added to crossover basis                     4276s
  375554 variables added to crossover basis                     4281s
  375644 variables added to crossover basis                     4286s
  375734 variables added to crossover basis                     4291s
  375824 variables added to crossover basis                     4296s
  375914 variables added to crossover basis                     4300s
  376004 variables added to crossover basis                     4305s
  376094 variables added to crossover basis                     4310s
  376184 variables added to crossover basis                     4316s
  376274 variables added to crossover basis                     4322s
  376334 variables added to crossover basis                     4325s
  376424 variables added to crossover basis                     4331s
  376484 variables added to crossover basis                     4335s
  376574 variables added to crossover basis                     4341s
  376634 variables added to crossover basis                     4345s
  376724 variables added to crossover basis                     4351s
  376814 variables added to crossover basis                     4357s
  376874 variables added to crossover basis                     4361s
  376934 variables added to crossover basis                     4366s
  376994 variables added to crossover basis                     4370s
  377084 variables added to crossover basis                     4377s
  377144 variables added to crossover basis                     4381s
  377204 variables added to crossover basis                     4386s
  377264 variables added to crossover basis                     4391s
  377324 variables added to crossover basis                     4395s
  377414 variables added to crossover basis                     4402s
  377474 variables added to crossover basis                     4407s
  377534 variables added to crossover basis                     4412s
  377594 variables added to crossover basis                     4416s
  377654 variables added to crossover basis                     4421s
  377714 variables added to crossover basis                     4427s
  377774 variables added to crossover basis                     4432s
  377834 variables added to crossover basis                     4437s
  377894 variables added to crossover basis                     4442s
  377954 variables added to crossover basis                     4447s
  378014 variables added to crossover basis                     4453s
  378044 variables added to crossover basis                     4455s
  378104 variables added to crossover basis                     4460s
  378164 variables added to crossover basis                     4466s
  378224 variables added to crossover basis                     4471s
  378284 variables added to crossover basis                     4476s
  378344 variables added to crossover basis                     4482s
  378404 variables added to crossover basis                     4488s
  378434 variables added to crossover basis                     4490s
  378494 variables added to crossover basis                     4496s
  378554 variables added to crossover basis                     4502s
  378614 variables added to crossover basis                     4507s
  378644 variables added to crossover basis                     4510s
  378704 variables added to crossover basis                     4516s
  378764 variables added to crossover basis                     4522s
  378824 variables added to crossover basis                     4528s
  378854 variables added to crossover basis                     4531s
  378914 variables added to crossover basis                     4536s
  378974 variables added to crossover basis                     4542s
  379004 variables added to crossover basis                     4545s
  379064 variables added to crossover basis                     4551s
  379124 variables added to crossover basis                     4558s
  379154 variables added to crossover basis                     4561s
  379214 variables added to crossover basis                     4567s
  379274 variables added to crossover basis                     4573s
  379304 variables added to crossover basis                     4576s
  379364 variables added to crossover basis                     4583s
  379394 variables added to crossover basis                     4586s
  379454 variables added to crossover basis                     4592s
  379484 variables added to crossover basis                     4596s
  379544 variables added to crossover basis                     4602s
  379574 variables added to crossover basis                     4605s
  379634 variables added to crossover basis                     4611s
  379694 variables added to crossover basis                     4618s
  379724 variables added to crossover basis                     4621s
  379784 variables added to crossover basis                     4628s
  379814 variables added to crossover basis                     4631s
  379874 variables added to crossover basis                     4638s
  379904 variables added to crossover basis                     4641s
  379964 variables added to crossover basis                     4648s
  379994 variables added to crossover basis                     4651s
  380054 variables added to crossover basis                     4658s
  380084 variables added to crossover basis                     4662s
  380114 variables added to crossover basis                     4665s
  380174 variables added to crossover basis                     4672s
  380204 variables added to crossover basis                     4675s
  380264 variables added to crossover basis                     4682s
  380294 variables added to crossover basis                     4686s
  380354 variables added to crossover basis                     4692s
  380384 variables added to crossover basis                     4696s
  380444 variables added to crossover basis                     4703s
  380474 variables added to crossover basis                     4707s
  380504 variables added to crossover basis                     4710s
  380564 variables added to crossover basis                     4717s
  380624 variables added to crossover basis                     4723s
  380654 variables added to crossover basis                     4726s
  380714 variables added to crossover basis                     4732s
  380744 variables added to crossover basis                     4735s
  380804 variables added to crossover basis                     4741s
  380864 variables added to crossover basis                     4747s
  380894 variables added to crossover basis                     4750s
  380954 variables added to crossover basis                     4756s
  381014 variables added to crossover basis                     4762s
  381044 variables added to crossover basis                     4766s
  381104 variables added to crossover basis                     4772s
  381164 variables added to crossover basis                     4778s
  381194 variables added to crossover basis                     4781s
  381254 variables added to crossover basis                     4787s
  381284 variables added to crossover basis                     4791s
  381344 variables added to crossover basis                     4797s
  381374 variables added to crossover basis                     4800s
  381434 variables added to crossover basis                     4807s
  381494 variables added to crossover basis                     4813s
  381524 variables added to crossover basis                     4816s
  381584 variables added to crossover basis                     4823s
  381614 variables added to crossover basis                     4826s
  381674 variables added to crossover basis                     4833s
  381704 variables added to crossover basis                     4836s
  381764 variables added to crossover basis                     4843s
  381794 variables added to crossover basis                     4846s
  381854 variables added to crossover basis                     4852s
  381884 variables added to crossover basis                     4856s
  381944 variables added to crossover basis                     4862s
  381974 variables added to crossover basis                     4866s
  382034 variables added to crossover basis                     4874s
  382064 variables added to crossover basis                     4878s
  382094 variables added to crossover basis                     4882s
  382124 variables added to crossover basis                     4886s
  382154 variables added to crossover basis                     4890s
  382214 variables added to crossover basis                     4898s
  382244 variables added to crossover basis                     4902s
  382274 variables added to crossover basis                     4906s
  382304 variables added to crossover basis                     4910s
  382364 variables added to crossover basis                     4918s
  382394 variables added to crossover basis                     4923s
  382424 variables added to crossover basis                     4927s
  382454 variables added to crossover basis                     4931s
  382514 variables added to crossover basis                     4939s
  382544 variables added to crossover basis                     4943s
  382574 variables added to crossover basis                     4947s
  382604 variables added to crossover basis                     4951s
  382664 variables added to crossover basis                     4959s
  382694 variables added to crossover basis                     4963s
  382724 variables added to crossover basis                     4968s
  382754 variables added to crossover basis                     4972s
  382784 variables added to crossover basis                     4976s
  382814 variables added to crossover basis                     4981s
  382874 variables added to crossover basis                     4989s
  382904 variables added to crossover basis                     4994s
  382934 variables added to crossover basis                     4998s
  382964 variables added to crossover basis                     5002s
  382994 variables added to crossover basis                     5007s
  383024 variables added to crossover basis                     5011s
  383054 variables added to crossover basis                     5015s
  383114 variables added to crossover basis                     5024s
  383144 variables added to crossover basis                     5028s
  383174 variables added to crossover basis                     5032s
  383204 variables added to crossover basis                     5036s
  383234 variables added to crossover basis                     5041s
  383294 variables added to crossover basis                     5049s
  383324 variables added to crossover basis                     5054s
  383354 variables added to crossover basis                     5058s
  383384 variables added to crossover basis                     5063s
  383414 variables added to crossover basis                     5067s
  383444 variables added to crossover basis                     5072s
  383474 variables added to crossover basis                     5076s
  383504 variables added to crossover basis                     5081s
  383534 variables added to crossover basis                     5085s
  383594 variables added to crossover basis                     5094s
  383624 variables added to crossover basis                     5099s
  383654 variables added to crossover basis                     5103s
  383684 variables added to crossover basis                     5108s
  383714 variables added to crossover basis                     5112s
  383744 variables added to crossover basis                     5117s
  383774 variables added to crossover basis                     5121s
  383804 variables added to crossover basis                     5126s
  383834 variables added to crossover basis                     5130s
  383894 variables added to crossover basis                     5139s
  383924 variables added to crossover basis                     5143s
  383954 variables added to crossover basis                     5148s
  383984 variables added to crossover basis                     5152s
  384014 variables added to crossover basis                     5157s
  384044 variables added to crossover basis                     5162s
  384074 variables added to crossover basis                     5166s
  384104 variables added to crossover basis                     5171s
  384134 variables added to crossover basis                     5175s
  384194 variables added to crossover basis                     5185s
  384224 variables added to crossover basis                     5189s
  384254 variables added to crossover basis                     5194s
  384284 variables added to crossover basis                     5198s
  384314 variables added to crossover basis                     5203s
  384344 variables added to crossover basis                     5208s
  384374 variables added to crossover basis                     5212s
  384404 variables added to crossover basis                     5217s
  384434 variables added to crossover basis                     5222s
  384464 variables added to crossover basis                     5227s
  384494 variables added to crossover basis                     5231s
  384524 variables added to crossover basis                     5236s
  384554 variables added to crossover basis                     5241s
  384584 variables added to crossover basis                     5245s
  384644 variables added to crossover basis                     5255s
  384674 variables added to crossover basis                     5259s
  384704 variables added to crossover basis                     5264s
  384734 variables added to crossover basis                     5269s
  384764 variables added to crossover basis                     5274s
  384794 variables added to crossover basis                     5278s
  384824 variables added to crossover basis                     5283s
  384854 variables added to crossover basis                     5288s
  384884 variables added to crossover basis                     5293s
  384914 variables added to crossover basis                     5298s
  384944 variables added to crossover basis                     5303s
  384974 variables added to crossover basis                     5307s
  385004 variables added to crossover basis                     5312s
  385034 variables added to crossover basis                     5317s
  385064 variables added to crossover basis                     5322s
  385094 variables added to crossover basis                     5327s
  385124 variables added to crossover basis                     5332s
  385154 variables added to crossover basis                     5336s
  385184 variables added to crossover basis                     5341s
  385214 variables added to crossover basis                     5346s
  385244 variables added to crossover basis                     5351s
  385274 variables added to crossover basis                     5356s
  385304 variables added to crossover basis                     5360s
  385334 variables added to crossover basis                     5365s
  385394 variables added to crossover basis                     5375s
  385424 variables added to crossover basis                     5380s
  385454 variables added to crossover basis                     5385s
  385484 variables added to crossover basis                     5389s
  385514 variables added to crossover basis                     5394s
  385544 variables added to crossover basis                     5399s
  385574 variables added to crossover basis                     5404s
  385604 variables added to crossover basis                     5409s
  385634 variables added to crossover basis                     5414s
  385664 variables added to crossover basis                     5419s
  385694 variables added to crossover basis                     5424s
  385724 variables added to crossover basis                     5429s
  385754 variables added to crossover basis                     5434s
  385784 variables added to crossover basis                     5439s
  385814 variables added to crossover basis                     5443s
  385844 variables added to crossover basis                     5448s
  385874 variables added to crossover basis                     5453s
  385904 variables added to crossover basis                     5458s
  385934 variables added to crossover basis                     5463s
  385964 variables added to crossover basis                     5468s
  385994 variables added to crossover basis                     5473s
  386024 variables added to crossover basis                     5478s
  386054 variables added to crossover basis                     5483s
  386084 variables added to crossover basis                     5488s
  386114 variables added to crossover basis                     5493s
  386144 variables added to crossover basis                     5498s
  386174 variables added to crossover basis                     5503s
  386204 variables added to crossover basis                     5508s
  386234 variables added to crossover basis                     5513s
  386264 variables added to crossover basis                     5518s
  386294 variables added to crossover basis                     5523s
  386324 variables added to crossover basis                     5527s
  386354 variables added to crossover basis                     5532s
  386384 variables added to crossover basis                     5536s
  386414 variables added to crossover basis                     5541s
  386444 variables added to crossover basis                     5545s
  386504 variables added to crossover basis                     5554s
  386534 variables added to crossover basis                     5558s
  386564 variables added to crossover basis                     5563s
  386594 variables added to crossover basis                     5567s
  386624 variables added to crossover basis                     5572s
  386654 variables added to crossover basis                     5576s
  386684 variables added to crossover basis                     5580s
  386744 variables added to crossover basis                     5589s
  386774 variables added to crossover basis                     5594s
  386804 variables added to crossover basis                     5598s
  386834 variables added to crossover basis                     5602s
  386864 variables added to crossover basis                     5607s
  386894 variables added to crossover basis                     5611s
  386924 variables added to crossover basis                     5616s
  386954 variables added to crossover basis                     5620s
  387014 variables added to crossover basis                     5629s
  387044 variables added to crossover basis                     5634s
  387074 variables added to crossover basis                     5638s
  387104 variables added to crossover basis                     5643s
  387134 variables added to crossover basis                     5647s
  387164 variables added to crossover basis                     5652s
  387194 variables added to crossover basis                     5656s
  387224 variables added to crossover basis                     5661s
  387254 variables added to crossover basis                     5665s
  387314 variables added to crossover basis                     5674s
  387344 variables added to crossover basis                     5679s
  387374 variables added to crossover basis                     5683s
  387404 variables added to crossover basis                     5688s
  387434 variables added to crossover basis                     5692s
  387464 variables added to crossover basis                     5697s
  387494 variables added to crossover basis                     5701s
  387524 variables added to crossover basis                     5706s
  387554 variables added to crossover basis                     5710s
  387614 variables added to crossover basis                     5719s
  387644 variables added to crossover basis                     5724s
  387674 variables added to crossover basis                     5729s
  387704 variables added to crossover basis                     5733s
  387734 variables added to crossover basis                     5738s
  387764 variables added to crossover basis                     5743s
  387794 variables added to crossover basis                     5749s
  387824 variables added to crossover basis                     5754s
  387854 variables added to crossover basis                     5759s
  387884 variables added to crossover basis                     5764s
  387914 variables added to crossover basis                     5770s
  387944 variables added to crossover basis                     5775s
  387974 variables added to crossover basis                     5780s
  388004 variables added to crossover basis                     5786s
  388034 variables added to crossover basis                     5791s
  388064 variables added to crossover basis                     5796s
  388094 variables added to crossover basis                     5802s
  388124 variables added to crossover basis                     5807s
  388154 variables added to crossover basis                     5812s
  388184 variables added to crossover basis                     5817s
  388214 variables added to crossover basis                     5823s
  388244 variables added to crossover basis                     5828s
  388274 variables added to crossover basis                     5833s
  388304 variables added to crossover basis                     5838s
  388334 variables added to crossover basis                     5844s
  388364 variables added to crossover basis                     5849s
  388394 variables added to crossover basis                     5855s
  388424 variables added to crossover basis                     5860s
  388454 variables added to crossover basis                     5865s
  388484 variables added to crossover basis                     5871s
  388514 variables added to crossover basis                     5876s
  388544 variables added to crossover basis                     5881s
  388574 variables added to crossover basis                     5886s
  388604 variables added to crossover basis                     5892s
  388634 variables added to crossover basis                     5897s
  388664 variables added to crossover basis                     5902s
  388694 variables added to crossover basis                     5908s
  388724 variables added to crossover basis                     5913s
  388754 variables added to crossover basis                     5918s
  388784 variables added to crossover basis                     5924s
  388814 variables added to crossover basis                     5929s
  388844 variables added to crossover basis                     5934s
  388874 variables added to crossover basis                     5940s
  388904 variables added to crossover basis                     5945s
  388934 variables added to crossover basis                     5950s
  388964 variables added to crossover basis                     5956s
  388994 variables added to crossover basis                     5961s
  389024 variables added to crossover basis                     5966s
  389054 variables added to crossover basis                     5972s
  389084 variables added to crossover basis                     5977s
  389114 variables added to crossover basis                     5982s
  389144 variables added to crossover basis                     5988s
  389174 variables added to crossover basis                     5993s
  389204 variables added to crossover basis                     5998s
  389234 variables added to crossover basis                     6002s
  389264 variables added to crossover basis                     6007s
  389294 variables added to crossover basis                     6012s
  389324 variables added to crossover basis                     6017s
  389354 variables added to crossover basis                     6021s
  389384 variables added to crossover basis                     6026s
  389414 variables added to crossover basis                     6031s
  389444 variables added to crossover basis                     6036s
  389474 variables added to crossover basis                     6040s
  389504 variables added to crossover basis                     6045s
  389564 variables added to crossover basis                     6055s
  389594 variables added to crossover basis                     6059s
  389624 variables added to crossover basis                     6064s
  389654 variables added to crossover basis                     6069s
  389684 variables added to crossover basis                     6073s
  389714 variables added to crossover basis                     6078s
  389744 variables added to crossover basis                     6083s
  389774 variables added to crossover basis                     6087s
  389804 variables added to crossover basis                     6092s
  389834 variables added to crossover basis                     6097s
  389864 variables added to crossover basis                     6101s
  389894 variables added to crossover basis                     6106s
  389924 variables added to crossover basis                     6111s
  389954 variables added to crossover basis                     6116s
  389984 variables added to crossover basis                     6121s
  390014 variables added to crossover basis                     6126s
  390044 variables added to crossover basis                     6131s
  390074 variables added to crossover basis                     6136s
  390104 variables added to crossover basis                     6141s
  390134 variables added to crossover basis                     6145s
  390164 variables added to crossover basis                     6150s
  390194 variables added to crossover basis                     6155s
  390254 variables added to crossover basis                     6165s
  390284 variables added to crossover basis                     6170s
  390314 variables added to crossover basis                     6174s
  390344 variables added to crossover basis                     6179s
  390374 variables added to crossover basis                     6184s
  390404 variables added to crossover basis                     6189s
  390434 variables added to crossover basis                     6193s
  390464 variables added to crossover basis                     6198s
  390494 variables added to crossover basis                     6203s
  390524 variables added to crossover basis                     6207s
  390554 variables added to crossover basis                     6212s
  390584 variables added to crossover basis                     6217s
  390614 variables added to crossover basis                     6221s
  390644 variables added to crossover basis                     6226s
  390674 variables added to crossover basis                     6230s
  390734 variables added to crossover basis                     6239s
  390764 variables added to crossover basis                     6243s
  390794 variables added to crossover basis                     6247s
  390824 variables added to crossover basis                     6252s
  390854 variables added to crossover basis                     6256s
  390884 variables added to crossover basis                     6260s
  390944 variables added to crossover basis                     6269s
  390974 variables added to crossover basis                     6273s
  391004 variables added to crossover basis                     6277s
  391034 variables added to crossover basis                     6282s
  391064 variables added to crossover basis                     6286s
  391124 variables added to crossover basis                     6294s
  391154 variables added to crossover basis                     6298s
  391184 variables added to crossover basis                     6303s
  391214 variables added to crossover basis                     6307s
  391244 variables added to crossover basis                     6312s
  391274 variables added to crossover basis                     6316s
  391304 variables added to crossover basis                     6320s
  391364 variables added to crossover basis                     6329s
  391394 variables added to crossover basis                     6333s
  391424 variables added to crossover basis                     6338s
  391454 variables added to crossover basis                     6342s
  391484 variables added to crossover basis                     6347s
  391514 variables added to crossover basis                     6351s
  391544 variables added to crossover basis                     6355s
  391604 variables added to crossover basis                     6364s
  391634 variables added to crossover basis                     6368s
  391664 variables added to crossover basis                     6372s
  391694 variables added to crossover basis                     6376s
  391724 variables added to crossover basis                     6381s
  391784 variables added to crossover basis                     6389s
  391814 variables added to crossover basis                     6393s
  391844 variables added to crossover basis                     6397s
  391874 variables added to crossover basis                     6401s
  391904 variables added to crossover basis                     6406s
  391934 variables added to crossover basis                     6410s
  391994 variables added to crossover basis                     6419s
  392024 variables added to crossover basis                     6423s

       0 DPushes remaining with DInf 0.0000000e+00              6965s

       0 PPushes remaining with PInf 0.0000000e+00              6967s

  Push phase complete: Pinf 0.0000000e+00, Dinf 1.0750961e-08   6969s


Root simplex log...

Iteration    Objective       Primal Inf.    Dual Inf.      Time
      50    2.6423824e+03   0.000000e+00   0.000000e+00   7278s
Crossover time: 3070.34 seconds (6580.82 work units)

Root relaxation: objective 2.642382e+03, 50 iterations, 3187.33 seconds (6678.09 work units)

    Nodes    |    Current Node    |     Objective Bounds      |     Work
 Expl Unexpl |  Obj  Depth IntInf | Incumbent    BestBd   Gap | It/Node Time

     0     0 2642.38244    0 20104 5390.00000 2642.38244  51.0%     - 8243s
H    0     0                    4308.0000000 2642.38244  38.7%     - 8244s
H    0     0                    3546.0000000 2642.38244  25.5%     - 8245s
H    0     0                    3545.0000000 2642.38244  25.5%     - 11852s
H    0     0                    3449.0000000 2642.38244  23.4%     - 11861s
H    0     0                    3422.0000000 2642.38244  22.8%     - 11867s
H    0     0                    3421.0000000 2642.38244  22.8%     - 11868s
H    0     0                    3405.0000000 2642.38244  22.4%     - 11969s
H    0     0                    3404.0000000 2642.38244  22.4%     - 13045s
H    0     0                    3403.0000000 2642.38244  22.4%     - 13285s

Explored 1 nodes (50 simplex iterations) in 21602.70 seconds (29308.12 work units)
Thread count was 32 (of 32 available processors)

Solution count 10: 3403 3404 3405 ... 5390

Time limit reached
Best objective 3.403000000000e+03, best bound 2.643000000000e+03, gap 22.3332%

User-callback calls 488779, time in user-callback 1.47 sec
