
Gurobi 13.0.2 (linux64) logging started Thu Jul 16 12:32:13 2026

Set parameter LogFile to value "/tmp/sweep_20260716_013919_north-korea_alt260km_s20_i4_v4_gurobi.log"
Set parameter Method to value 1
Set parameter NodefileStart to value 4
Set parameter RINS to value 50
Gurobi Optimizer version 13.0.2 build v13.0.2rc1 (linux64 - "Debian GNU/Linux 13 (trixie)")

CPU model: Intel(R) Xeon(R) Platinum 8375C CPU @ 2.90GHz, instruction set [SSE2|AVX|AVX2|AVX512]
Thread count: 16 physical cores, 32 logical processors, using up to 32 threads

Non-default parameters:
TimeLimit  14400
MIPGap  0.001
Method  1
LPWarmStart  1
Heuristics  0.2
MIPFocus  1
NodefileStart  4
RINS  50
Symmetry  2
Cuts  2
CoverCuts  2
LogToConsole  0

Academic license 2812613 - for non-commercial use only - registered to no___@gatech.edu
Optimize a model with 1436 rows, 10770 columns and 89032 nonzeros (Min)
Model fingerprint: 0x3cf7a549
Model has 10770 linear objective coefficients
Variable types: 0 continuous, 10770 integer (10770 binary)
Coefficient statistics:
  Matrix range     [1e+00, 1e+00]
  Objective range  [1e+00, 1e+00]
  Bounds range     [1e+00, 1e+00]
  RHS range        [5e+00, 5e+00]

Found heuristic solution: objective 1265.0000000
Presolve removed 0 rows and 3590 columns
Presolve time: 0.06s
Presolved: 1436 rows, 7180 columns, 63902 nonzeros
Variable types: 0 continuous, 7180 integer (6462 binary)

Root relaxation: objective 6.527273e+02, 10362 iterations, 3.43 seconds (6.58 work units)

    Nodes    |    Current Node    |     Objective Bounds      |     Work
 Expl Unexpl |  Obj  Depth IntInf | Incumbent    BestBd   Gap | It/Node Time

     0     0  652.72727    0 1436 1265.00000  652.72727  48.4%     -    3s
H    0     0                    1240.0000000  652.72727  47.4%     -    3s
H    0     0                     718.0000000  652.72727  9.09%     -    3s
H    0     0                     715.0000000  652.72727  8.71%     -    3s
H    0     0                     714.0000000  652.72727  8.58%     -    3s
H    0     0                     712.0000000  652.72727  8.32%     -    3s
H    0     0                     709.0000000  652.72727  7.94%     -    6s
H    0     0                     705.0000000  652.72727  7.41%     -    6s
H    0     0                     704.0000000  652.72727  7.28%     -    6s
H    0     0                     703.0000000  652.72727  7.15%     -    6s
H    0     0                     702.0000000  652.72727  7.02%     -    6s
H    0     0                     701.0000000  652.72727  6.89%     -    6s
H    0     0                     700.0000000  652.72727  6.75%     -    6s
H    0     0                     698.0000000  652.72727  6.49%     -    6s
H    0     0                     694.0000000  652.72727  5.95%     -    6s
H    0     0                     693.0000000  652.72727  5.81%     -    6s
H    0     0                     691.0000000  652.72727  5.54%     -    6s
     0     0  652.82665    0 1436  691.00000  652.82665  5.52%     -    8s
H    0     0                     690.0000000  652.82665  5.39%     -    9s
H    0     0                     689.0000000  652.82665  5.25%     -    9s
H    0     0                     688.0000000  652.82665  5.11%     -    9s
     0     2  652.82665    0 1436  688.00000  652.82665  5.11%     -   22s
     1     3  652.82778    1 1435  688.00000  652.82665  5.11%   4.0   26s
     2     5  652.91852    2 1436  688.00000  652.82665  5.11%   4.0   31s
H    3     5                     685.0000000  652.82665  4.70%   2.7   31s
     4    10  652.96899    3 1436  685.00000  652.82665  4.70%   3.8   36s
H    5    10                     684.0000000  652.82665  4.56%   3.0   36s
     9    19  653.02067    4 1435  684.00000  652.94113  4.54%   984   43s
    16    19  653.07796    4 1435  684.00000  652.99539  4.53%   558   45s
H   18    35                     683.0000000  652.99539  4.39%   553   49s
    29    35  653.08225    5 1434  683.00000  653.03900  4.39%   348   50s
H   34    63                     682.0000000  653.03900  4.25%   299   55s
    92   165  653.26790    9 1436  682.00000  653.05267  4.24%   125   60s
   196   213  653.50501   15 1427  682.00000  653.05267  4.24%  87.8   66s
   228   245  653.55252   16 1426  682.00000  653.05267  4.24%  87.1   70s
   276   293  653.61835   17 1428  682.00000  653.05267  4.24%  88.3   77s
   308   325  653.66425   18 1426  682.00000  653.05267  4.24%  89.6   81s
H  333   341                     681.0000000  653.05267  4.10%  91.7   83s
   340   420  653.73366   20 1426  681.00000  653.05267  4.10%  93.0   85s
H  355   420                     680.0000000  653.05267  3.96%  93.4   85s
H  421   436                     679.0000000  653.05267  3.82%   100   86s
H  471   502                     678.0000000  653.05267  3.68%   104   87s
H  504   576                     677.0000000  653.05267  3.54%   107   88s
   575   646  654.02717   29 1411  677.00000  653.05267  3.54%   114   90s
H  637   646                     676.0000000  653.05267  3.39%   117   90s
H  717   724                     675.0000000  653.05267  3.25%   122   93s
   723   747  654.17189   34 1412  675.00000  653.05267  3.25%   123   95s
   789   804  654.24428   36 1407  675.00000  653.05267  3.25%   125  101s
   840   863  654.35920   39 1403  675.00000  653.05267  3.25%   128  105s
   993  1013  654.39126   41 1409  675.00000  653.05267  3.25%   137  114s
  1045  1078  654.39010   41 1408  675.00000  653.05267  3.25%   140  118s
  1110  1106  654.42229   42 1406  675.00000  653.05267  3.25%   142  123s
  1138  1163  654.42701   42 1410  675.00000  653.05267  3.25%   144  127s
  1195  1204  654.45567   43 1407  675.00000  653.05267  3.25%   148  133s
  1236  1220  654.46444   43 1409  675.00000  653.05267  3.25%   151  138s
  1252  1236  654.52383   44 1405  675.00000  653.05267  3.25%   152  143s
  1268  1252  654.55330   45 1410  675.00000  653.05267  3.25%   153  149s
  1284  1279  654.57806   46 1407  675.00000  653.05267  3.25%   154  155s
  1311  1317  654.58246   46 1407  675.00000  653.05267  3.25%   155  160s
  1349  1335  654.86297   53 1403  675.00000  653.05267  3.25%   157  166s
  1367  1351  654.96298   54 1400  675.00000  653.05267  3.25%   158  172s
  1383  1367  655.00170   55 1398  675.00000  653.05267  3.25%   159  178s
  1399  1383  655.00457   55 1399  675.00000  653.05267  3.25%   160  184s
  1415  1399  655.06149   56 1397  675.00000  653.05267  3.25%   161  190s
  1431  1415  655.04736   56 1400  675.00000  653.05267  3.25%   162  197s
  1447  1431  655.06733   57 1398  675.00000  653.05267  3.25%   162  204s
  1463  1447  655.09946   57 1391  675.00000  653.05267  3.25%   163  210s
  1479  1463  655.11643   58 1386  675.00000  653.05267  3.25%   164  227s
  1495  1479  655.12561   58 1391  675.00000  653.05267  3.25%   165  242s
  1511  1495  655.15151   59 1393  675.00000  653.05267  3.25%   166  253s
  1527  1511  655.18070   60 1391  675.00000  653.05267  3.25%   167  271s
H 1534  1493                     674.0000000  653.05267  3.11%   167  271s
  1543  1509  655.19725   60 1387  674.00000  653.05267  3.11%   168  275s
  1575  1541  655.23063   61 1390  674.00000  653.05267  3.11%   169  284s
  1591  1557  655.24933   62 1388  674.00000  653.05267  3.11%   170  288s
  1607  1573  655.27512   62 1382  674.00000  653.05267  3.11%   171  292s
  1623  1589  655.28514   63 1390  674.00000  653.05267  3.11%   172  300s
  1639  1611  655.31028   63 1390  674.00000  653.05267  3.11%   172  308s
  1661  1627  655.33732   64 1388  674.00000  653.05267  3.11%   173  314s
  1677  1643  655.32711   64 1389  674.00000  653.05267  3.11%   174  324s
  1693  1668  655.37979   65 1389  674.00000  653.05267  3.11%   175  332s
  1718  1729  655.43341   66 1386  674.00000  653.05267  3.11%   176  336s
  1779  1829  655.45622   67 1386  674.00000  653.05267  3.11%   180  342s
  1879  2018  655.45817   67 1386  674.00000  653.05267  3.11%   186  350s
  2068  2286  655.77840   75 1379  674.00000  653.05267  3.11%   196  356s
  2336  2456  656.22135   90 1366  674.00000  653.05267  3.11%   202  362s
  2506  2472  656.63705  101 1363  674.00000  653.05267  3.11%   209  369s
  2522  2488  656.66746  102 1361  674.00000  653.05267  3.11%   210  375s
  2538  2504  656.69255  103 1354  674.00000  653.05267  3.11%   210  383s
  2554  2520  656.73874  103 1358  674.00000  653.05267  3.11%   211  391s
  2570  2536  656.73736  104 1354  674.00000  653.05267  3.11%   211  400s
  2586  2552  656.75933  105 1353  674.00000  653.05267  3.11%   212  407s
  2602  2568  656.77190  105 1356  674.00000  653.05267  3.11%   213  413s
  2618  2584  656.80512  106 1352  674.00000  653.05267  3.11%   213  421s
  2634  2600  656.82766  106 1356  674.00000  653.05267  3.11%   214  433s
  2650  2616  656.86560  107 1359  674.00000  653.05267  3.11%   215  445s
  2666  2636  656.87912  107 1360  674.00000  653.05267  3.11%   215  461s
  2686  2679  656.93303  108 1352  674.00000  653.05267  3.11%   216  473s
  2729  2773  656.96106  109 1349  674.00000  653.05267  3.11%   218  480s
  2823  2789  657.00255  110 1349  674.00000  653.05267  3.11%   222  489s
  2839  2833  657.05955  111 1342  674.00000  653.05267  3.11%   223  499s
  2883  2866  657.30045  119 1346  674.00000  653.05267  3.11%   224  510s
  2916  2882  657.28103  119 1340  674.00000  653.05267  3.11%   225  523s
  2932  2898  657.37291  120 1352  674.00000  653.05267  3.11%   226  534s
H 2941  2898                     673.0000000  653.05267  2.96%   226  534s
  2948  2946  657.33538  120 1339  673.00000  653.05267  2.96%   227  542s
  2996  2962  657.42303  122 1341  673.00000  653.05267  2.96%   228  553s
  3012  2978  657.45971  123 1343  673.00000  653.05267  2.96%   229  564s
  3028  2994  657.50239  124 1341  673.00000  653.05267  2.96%   230  573s
  3044  3010  657.51857  124 1346  673.00000  653.05267  2.96%   230  585s
  3060  3026  657.53099  125 1340  673.00000  653.05267  2.96%   231  597s
  3076  3042  657.57836  126 1333  673.00000  653.05267  2.96%   231  607s
  3092  3080  657.58265  126 1340  673.00000  653.05267  2.96%   232  615s
  3130  3325  657.66063  127 1330  673.00000  653.05267  2.96%   233  626s
  3375  3466  657.88459  136 1330  673.00000  653.05267  2.96%   242  635s
  3516  3482  658.54939  153 1311  673.00000  653.05267  2.96%   246  645s
  3532  3498  658.54516  153 1310  673.00000  653.05267  2.96%   247  659s
  3548  3514  658.57311  154 1313  673.00000  653.05267  2.96%   247  672s
  3564  3530  658.57308  154 1316  673.00000  653.05267  2.96%   248  685s
  3580  3546  658.63563  155 1308  673.00000  653.05267  2.96%   248  698s
  3596  3562  658.62288  155 1308  673.00000  653.05267  2.96%   249  710s
  3612  3587  658.67632  156 1301  673.00000  653.05267  2.96%   249  728s
  3637  3604  658.68144  156 1308  673.00000  653.05267  2.96%   250  741s
  3654  3730  658.70221  157 1310  673.00000  653.05267  2.96%   250  758s
  3780  3908  658.72729  157 1319  673.00000  653.05267  2.96%   254  772s
  3958  4166  658.72908  158 1313  673.00000  653.05267  2.96%   257  783s
  4216  4522  659.26808  175 1289  673.00000  653.05267  2.96%   263  798s
  4572  4538  660.05847  196 1280  673.00000  653.05267  2.96%   269  812s
  4588  4554  660.08249  197 1277  673.00000  653.05267  2.96%   269  827s
  4604  4647  660.10447  197 1283  673.00000  653.05267  2.96%   269  844s
  4697  4681  660.15369  198 1274  673.00000  653.05267  2.96%   271  857s
  4731  4787  660.18577  199 1274  673.00000  653.05267  2.96%   272  870s
  4837  4868  660.35294  201 1266  673.00000  653.05267  2.96%   274  885s
  4918  4890  660.68818  209 1262  673.00000  653.05267  2.96%   275  902s
  4940  4928  660.69003  209 1271  673.00000  653.05267  2.96%   276  919s
  4978  5046  660.72925  210 1255  673.00000  653.05267  2.96%   276  935s
  5096  5094  660.76202  211 1262  673.00000  653.05267  2.96%   279  951s
  5144  5122  660.76424  211 1251  673.00000  653.05267  2.96%   279  971s
  5172  5138  660.95642  216 1255  673.00000  653.05267  2.96%   280  986s
  5188  5154  660.95187  216 1247  673.00000  653.05267  2.96%   280 1002s
  5204  5344  660.97659  217 1259  673.00000  653.05267  2.96%   281 1029s
  5394  5408  661.03022  217 1251  673.00000  653.05267  2.96%   284 1049s
  5458  5539  661.23023  222 1255  673.00000  653.05267  2.96%   285 1070s
  5589  5612  661.16617  222 1247  673.00000  653.05267  2.96%   287 1086s
  5662  5830  661.22996  223 1251  673.00000  653.05267  2.96%   288 1106s
  5880  5966  661.66557  235 1247  673.00000  653.05267  2.96%   290 1124s
  6016  6208  662.20232  249 1217  673.00000  653.05267  2.96%   292 1144s
  6270  6224  662.19361  249 1216  673.00000  653.05267  2.96%   296 1166s
  6286  6316  662.24720  250 1215  673.00000  653.05267  2.96%   296 1199s
  6402  6713  662.57922  258 1219  673.00000  653.05267  2.96%   296 1227s
H 6706  6695                     672.0000000  653.05267  2.82%   301 1227s
  6799  6727  662.61424  259 1224  672.00000  653.05267  2.82%   302 1250s
  6831  6743  662.68154  261 1217  672.00000  653.05267  2.82%   303 1272s
  6847  6801  662.66715  261 1215  672.00000  653.05267  2.82%   303 1295s
  6905  6817  662.71516  262 1212  672.00000  653.05267  2.82%   304 1328s
  6921  7045  662.70664  262 1213  672.00000  653.05267  2.82%   304 1355s
  7149  7061  662.82812  263 1205  672.00000  653.05267  2.82%   308 1386s
  7165  7172  662.74398  263 1214  672.00000  653.05267  2.82%   308 1416s
  7316  7483  662.88629  264 1206  672.00000  653.05267  2.82%   307 1444s
  7627  7798  663.22790  272 1202  672.00000  653.05267  2.82%   310 1469s
  7942  7830  663.77869  287 1186  672.00000  653.05267  2.82%   313 1495s
  7974  8161  663.79930  287 1179  672.00000  653.05267  2.82%   313 1523s
  8359  8382  664.68528  304 1170  672.00000  653.05267  2.82%   315 1551s
  8580  8558  664.72915  305 1173  672.00000  653.05267  2.82%   317 1580s
  8756  8982  665.31634  319 1156  672.00000  653.05267  2.82%   318 1609s
  9200  8998  665.29722  319 1161  672.00000  653.05267  2.82%   318 1642s
  9216  9014  665.33572  320 1156  672.00000  653.05267  2.82%   318 1677s
  9232  9102  665.37138  320 1155  672.00000  653.05267  2.82%   318 1720s
  9320  9442  665.83517  332 1134  672.00000  653.05267  2.82%   319 1752s
  9660  9897  665.92124  332 1139  672.00000  653.05267  2.82%   322 1783s
 10125 10116  667.16441  357 1113  672.00000  653.05267  2.82%   324 1820s
 10345 10117  663.96438  259 1436  672.00000  653.05267  2.82%   325 1891s
 10347 10118  658.96105  156 1436  672.00000  653.05267  2.82%   325 1900s
 10348 10119  658.57410  155 1437  672.00000  653.05267  2.82%   325 1908s
 10349 10120  663.65554  259 1438  672.00000  653.05267  2.82%   325 1917s
 10350 10120  659.84658  183 1438  672.00000  653.05267  2.82%   325 1926s
 10351 10121  664.30521  290 1437  672.00000  653.05267  2.82%   325 1935s
 10355 10124  660.08277  198 1439  672.00000  653.05267  2.82%   325 1943s
 10356 10124  655.18150   61 1441  672.00000  653.05267  2.82%   325 1952s
 10374 10136  664.85386  279 1456  672.00000  653.05267  2.82%   324 1961s
 10375 10137  653.96440   25 1457  672.00000  653.05267  2.82%   324 1970s
 10376 10138  655.25627   61 1457  672.00000  653.06365  2.82%   324 2017s
 10377 10140  653.06754   13 1454  672.00000  653.06365  2.82%   325 2021s
 10378 10142  653.11331   14 1451  672.00000  653.06365  2.82%   325 2025s
 10385 10151  653.14445   16 1448  672.00000  653.12322  2.81%   325 2030s
 10483 10224  653.32235   21 1437  672.00000  653.15280  2.80%   323 2038s
 10499 10235  653.30413   21 1437  672.00000  653.15280  2.80%   322 2041s
 10531 10256  653.35023   22 1437  672.00000  653.15280  2.80%   322 2048s
 10547 10267  653.36974   23 1437  672.00000  653.15280  2.80%   321 2052s
 10563 10277  653.38322   23 1435  672.00000  653.15280  2.80%   321 2056s
 10595 10299  653.44657   24 1434  672.00000  653.15280  2.80%   320 2064s
 10611 10309  653.45846   25 1433  672.00000  653.15280  2.80%   320 2068s
 10627 10320  653.46340   25 1432  672.00000  653.15280  2.80%   319 2072s
 10643 10331  653.49656   26 1430  672.00000  653.15280  2.80%   319 2078s
 10659 10341  653.50929   26 1431  672.00000  653.15280  2.80%   319 2083s
 10675 10352  653.53758   27 1427  672.00000  653.15280  2.80%   318 2089s
 10691 10363  653.53293   27 1430  672.00000  653.15280  2.80%   318 2093s
 10707 10373  653.57536   28 1429  672.00000  653.15280  2.80%   318 2098s
 10723 10384  653.58247   28 1430  672.00000  653.15280  2.80%   317 2105s
 10739 10395  653.66340   29 1425  672.00000  653.15280  2.80%   317 2110s
 10755 10405  653.61182   29 1424  672.00000  653.15280  2.80%   317 2123s
 10771 10416  653.62522   30 1425  672.00000  653.15280  2.80%   317 2137s
 10787 10427  653.67088   30 1427  672.00000  653.15280  2.80%   316 2150s
 10803 10437  653.66652   31 1424  672.00000  653.15280  2.80%   316 2165s
 10819 10448  653.69117   31 1427  672.00000  653.15280  2.80%   316 2172s
 10835 10459  653.73612   32 1423  672.00000  653.15280  2.80%   315 2186s
 10851 10469  653.69771   32 1426  672.00000  653.15280  2.80%   315 2194s
 10867 10480  653.71779   33 1427  672.00000  653.15280  2.80%   315 2207s
 10883 10491  653.76473   33 1420  672.00000  653.15280  2.80%   315 2212s
 10899 10501  653.75048   34 1425  672.00000  653.15280  2.80%   314 2226s
 10915 10512  653.74633   34 1426  672.00000  653.15280  2.80%   314 2236s
 10931 10523  653.78567   35 1427  672.00000  653.15280  2.80%   314 2253s
 10947 10533  653.78503   35 1425  672.00000  653.15280  2.80%   314 2262s
 10963 10544  653.83323   36 1423  672.00000  653.15280  2.80%   313 2270s
 10979 10555  653.87382   36 1421  672.00000  653.15280  2.80%   313 2276s
 10995 10575  653.90274   37 1419  672.00000  653.15280  2.80%   313 2282s
 11021 10585  653.88506   37 1427  672.00000  653.15280  2.80%   313 2290s
 11039 10642  653.91021   38 1424  672.00000  653.15280  2.80%   312 2296s
 11102 10711  653.94550   38 1424  672.00000  653.15280  2.80%   312 2305s
 11192 10769  653.96549   39 1425  672.00000  653.15280  2.80%   311 2312s
 11280 10755  654.00653   39 1424  672.00000  653.15280  2.80%   310 2322s
 11296 10766  653.97614   40 1424  672.00000  653.15280  2.80%   310 2329s
 11312 10788  654.00523   40 1425  672.00000  653.15280  2.80%   310 2336s
 11339 10818  654.02837   41 1422  672.00000  653.15280  2.80%   309 2344s
 11378 10857  654.31316   47 1413  672.00000  653.15280  2.80%   309 2351s
 11430 10894  654.31114   47 1411  672.00000  653.15280  2.80%   308 2358s
 11485 10905  654.33792   48 1413  672.00000  653.15280  2.80%   308 2366s
 11514 10944  654.40890   48 1410  672.00000  653.15280  2.80%   308 2374s
 11563 10986  654.43182   49 1412  672.00000  653.15280  2.80%   308 2382s
 11621 11028  654.47497   49 1417  672.00000  653.15280  2.80%   307 2391s
 11682 11023  654.48756   50 1411  672.00000  653.15280  2.80%   307 2402s
 11698 11034  654.46540   50 1411  672.00000  653.15280  2.80%   307 2415s
 11714 11061  654.53462   51 1409  672.00000  653.15280  2.80%   307 2431s
 11746 11078  654.53741   51 1411  672.00000  653.15280  2.80%   307 2446s
 11774 11085  654.58615   52 1408  672.00000  653.15280  2.80%   306 2466s
 11790 11095  654.56521   52 1406  672.00000  653.15280  2.80%   306 2482s
 11806 11106  654.61479   53 1409  672.00000  653.15280  2.80%   306 2496s
 11822 11117  654.58732   53 1406  672.00000  653.15280  2.80%   306 2513s
 11838 11127  654.61989   54 1408  672.00000  653.15280  2.80%   306 2528s
 11854 11138  654.64853   54 1403  672.00000  653.15280  2.80%   306 2547s
 11870 11149  654.66751   55 1408  672.00000  653.15280  2.80%   306 2566s
 11886 11159  654.64567   55 1409  672.00000  653.15280  2.80%   306 2580s
 11902 11205  654.70004   56 1410  672.00000  653.15280  2.80%   306 2607s
 11953 11284  654.80947   58 1409  672.00000  653.15280  2.80%   306 2624s
 12049 11279  655.09542   67 1401  672.00000  653.15280  2.80%   305 2638s
 12076 11312  655.16937   68 1403  672.00000  653.15280  2.80%   305 2664s
 12118 11356  655.13208   68 1405  672.00000  653.15280  2.80%   305 2679s
 12176 11353  655.20570   69 1403  672.00000  653.15280  2.80%   305 2697s
 12192 11363  655.17544   69 1401  672.00000  653.15280  2.80%   305 2715s
 12208 11440  655.22019   70 1397  672.00000  653.15280  2.80%   305 2731s
 12290 11429  655.21511   70 1401  672.00000  653.15280  2.80%   304 2751s
 12306 11542  655.25988   71 1403  672.00000  653.15280  2.80%   304 2766s
 12425 11519  655.24418   71 1401  672.00000  653.15280  2.80%   304 2782s
 12441 11538  655.30450   72 1393  672.00000  653.15280  2.80%   304 2800s
 12466 11900  655.30039   72 1400  672.00000  653.15280  2.80%   304 2820s
 12836 11849  655.83946   86 1379  672.00000  653.15280  2.80%   304 2840s
 12908 11841  655.86359   86 1376  672.00000  653.15280  2.80%   304 2858s
 12924 11851  655.87230   87 1382  672.00000  653.15280  2.80%   304 2877s
 12940 11890  655.87700   87 1374  672.00000  653.15280  2.80%   304 2899s
 12984 11906  655.90980   88 1379  672.00000  653.15280  2.80%   304 2919s
 13015 11999  655.92490   88 1384  672.00000  653.15280  2.80%   304 2942s
 13118 11981  656.19493   94 1374  672.00000  653.15280  2.80%   304 2966s
 13134 12007  656.21296   95 1372  672.00000  653.15280  2.80%   304 2991s
 13166 12160  656.20565   95 1371  672.00000  653.15280  2.80%   304 3015s
 13329 12314  656.62494  105 1370  672.00000  653.15280  2.80%   304 3036s
 13538 12261  657.03127  116 1356  672.00000  653.15280  2.80%   304 3061s
 13554 12399  657.07650  117 1359  672.00000  653.15280  2.80%   304 3089s
 13698 12367  657.05928  117 1354  672.00000  653.15280  2.80%   305 3119s
 13714 12553  657.11054  118 1355  672.00000  653.15280  2.80%   305 3148s
 13905 12506  657.40371  128 1353  672.00000  653.15280  2.80%   305 3181s
 13922 12645  657.44181  129 1350  672.00000  653.15280  2.80%   305 3217s
 14066 12711  657.46492  129 1350  672.00000  653.15280  2.80%   306 3242s
 14180 12779  658.05496  147 1331  672.00000  653.15280  2.80%   307 3268s
 14286 12843  658.08221  147 1336  672.00000  653.15280  2.80%   307 3296s
 14386 12884  658.09404  148 1330  672.00000  653.15280  2.80%   307 3319s
 14460 12875  658.07422  148 1329  672.00000  653.15280  2.80%   308 3344s
 14476 13032  658.11726  149 1332  672.00000  653.15280  2.80%   308 3375s
 14638 13066  658.12571  149 1338  672.00000  653.15280  2.80%   308 3416s
 14726 13053  658.38517  156 1326  672.00000  653.15280  2.80%   308 3446s
 14742 13118  658.38746  156 1326  672.00000  653.15280  2.80%   308 3481s
 14813 13111  658.40193  157 1327  672.00000  653.15280  2.80%   309 3515s
 14829 13226  658.41367  157 1331  672.00000  653.15280  2.80%   309 3550s
 14950 13202  658.46811  158 1319  672.00000  653.15280  2.80%   309 3581s
 14966 13382  658.44350  158 1332  672.00000  653.15280  2.80%   310 3614s
 15151 13664  659.09554  175 1302  672.00000  653.15280  2.80%   310 3647s
 15495 13565  659.91934  200 1280  672.00000  653.15280  2.80%   311 3689s
 15511 13875  659.95819  201 1277  672.00000  653.15280  2.80%   311 3726s
 15826 13954  660.80285  221 1255  672.00000  653.15280  2.80%   312 3761s
 16010 14047  660.83895  221 1261  672.00000  653.15280  2.80%   313 3793s
 16164 14011  660.83645  222 1245  672.00000  653.15280  2.80%   313 3845s
 16180 14062  660.83342  222 1252  672.00000  653.15280  2.80%   313 3891s
 16236 14170  660.86249  223 1248  672.00000  653.15280  2.80%   313 3932s
 16363 14470  661.07578  228 1240  672.00000  653.15280  2.80%   314 3973s
 16705 14389  661.84999  247 1206  672.00000  653.15280  2.80%   316 4013s
 16738 14574  661.88289  247 1215  672.00000  653.15280  2.80%   316 4055s
 16934 14607  662.11952  254 1214  672.00000  653.15280  2.80%   317 4098s
 17032 14824  662.13264  254 1212  672.00000  653.15280  2.80%   317 4143s
 17282 14920  662.52769  264 1201  672.00000  653.15280  2.80%   319 4189s
 17491 14866  662.69716  264 1207  672.00000  653.15786  2.80%   318 4252s
 17507 15080  662.55003  265 1204  672.00000  653.15786  2.80%   319 4308s
 17801 15559  662.89757  274 1193  672.00000  653.15786  2.80%   319 4357s
 18378 15699  663.93606  299 1174  672.00000  653.15786  2.80%   321 4408s
 18711 15874  664.57966  311 1169  672.00000  653.15786  2.80%   322 4459s
 18997 15837  664.53727  311 1172  672.00000  653.15786  2.80%   323 4512s
 19055 15834  664.62198  313 1171  672.00000  653.15786  2.80%   324 4583s
 19071 15955  664.62879  314 1169  672.00000  653.15786  2.80%   324 4650s
 19198 15957  664.63928  314 1167  672.00000  653.15786  2.80%   324 4709s
 19242 16078  664.72432  316 1174  672.00000  653.15786  2.80%   325 4768s
 19378 16379  664.85000  320 1175  672.00000  653.15786  2.80%   325 4826s
 19724 16592  665.28826  332 1161  672.00000  653.15786  2.80%   326 4885s
 20052 16498  665.83166  345 1135  672.00000  653.15786  2.80%   328 4959s
 20068 16637  665.85050  346 1139  672.00000  653.15786  2.80%   328 5029s
 20212 17166  665.85294  346 1141  672.00000  653.15786  2.80%   328 5096s
 20789 17752  667.15122  366 1110  672.00000  653.15786  2.80%   331 5191s
 21567 17943  668.99758  397 1065  672.00000  653.15786  2.80%   334 5246s
 22074 18044  669.00311  397 1062  672.00000  653.15786  2.80%   335 5305s
 22362 17962  669.81819  411 1057  672.00000  653.15786  2.80%   336 5368s
 22380 18256  669.85544  411 1048  672.00000  653.17468  2.80%   336 5450s
 22726 18157  670.50726  422 1037  672.00000  653.17468  2.80%   336 5538s
 22742 18256  670.52063  422 1041  672.00000  653.17468  2.80%   336 5623s
 22846 18554  670.85772  427 1027  672.00000  653.17468  2.80%   336 5703s
 23211 19163  670.95449  429 1039  672.00000  653.17468  2.80%   337 5788s
 24059 19654  653.31697   20 1443  672.00000  653.17468  2.80%   338 5868s
 25081 19329  655.06238   62 1407  672.00000  653.17468  2.80%   337 5969s
 25097 19379  655.08558   63 1408  672.00000  653.17468  2.80%   337 6048s
 25152 20080  655.23780   67 1398  672.00000  653.17468  2.80%   337 6130s
 25940 19992  655.28248   68 1402  672.00000  653.17468  2.80%   335 6208s
 26228 20283  655.71416   79 1393  672.00000  653.17468  2.80%   334 6294s
 26664 20151  656.63881  102 1368  672.00000  653.17468  2.80%   333 6404s
 26682 20411  656.67620  103 1360  672.00000  653.17468  2.80%   333 6506s
 26952 21113  657.37708  122 1357  672.00000  653.17468  2.80%   333 6602s
 27864 21504  659.06160  171 1318  672.00000  653.17557  2.80%   332 6695s
 28594 21277  660.33666  208 1282  672.00000  653.17557  2.80%   331 6810s
 28610 22113  660.39646  209 1287  672.00000  653.17557  2.80%   331 6923s
 29481 22129  662.12329  250 1242  672.00000  653.17557  2.80%   332 7032s
 29788 22631  662.94246  269 1225  672.00000  653.17557  2.80%   332 7141s
 30392 23194  665.42860  332 1174  672.00000  653.17557  2.80%   332 7260s
 31232 22966  668.03963  391 1117  672.00000  653.17557  2.80%   333 7393s
 31284 23765  668.08785  392 1130  672.00000  653.17557  2.80%   333 7515s
 32257 24555  668.89184  409 1100  672.00000  653.17557  2.80%   332 7637s
 33805 24100  654.17977   41 1409  672.00000  653.17557  2.80%   329 7780s
 33866 24975  654.21071   42 1411  672.00000  653.17557  2.80%   329 7909s
 34761 25965  655.51997   77 1382  672.00000  653.17557  2.80%   329 8037s
 36050 26445  658.79022  167 1292  672.00000  653.17557  2.80%   329 8168s
 36987 26252  660.60697  218 1260  672.00000  653.17557  2.80%   330 8329s
 37107 28133  660.66630  219 1255  672.00000  653.17557  2.80%   330 8471s
 39151 29179  667.52695  385 1054  672.00000  653.17557  2.80%   332 8609s
 41164 28911  655.28957   72 1397  672.00000  653.17685  2.80%   332 8760s
 41442 30619  655.31765   73 1397  672.00000  653.17685  2.80%   331 8993s
 43250 30635  657.50283  132 1345  672.00000  653.17685  2.80%   331 9173s
 43266 31348  657.54343  133 1351  672.00000  653.17685  2.80%   331 9358s
 43979 32985  659.39178  185 1313  672.00000  653.17685  2.80%   331 9572s
 45801 35047  662.09070  257 1244  672.00000  653.17685  2.80%   331 9770s
 48276 35356  669.09000  407 1065  672.00000  653.19951  2.80%   329 9960s
 48619 37142  670.57672  432 1033  672.00000  653.19951  2.80%   328 10148s
 50619 37868  657.90247  138 1347  672.00000  653.21817  2.79%   326 10336s
 51442 39213  660.94185  220 1270  672.00000  653.21817  2.79%   325 10531s
 52839 40655  664.90537  329 1176  672.00000  653.21817  2.79%   324 10727s
 54281 42255  669.82653  441 1067  672.00000  653.21817  2.79%   324 10931s
 56051 43982  655.05228   67 1391  672.00000  653.21817  2.79%   324 11129s
 57881 45579  658.61351  167 1319  672.00000  653.22190  2.79%   323 11324s
 59494 47041  663.14585  287 1225  672.00000  653.22190  2.79%   323 11517s
 60956 49165  665.61074  344 1179  672.00000  653.22190  2.79%   324 11714s
 63152 51968  653.93988   36 1420  672.00000  653.22190  2.79%   325 11980s
 66147 52832  661.34927  235 1267  672.00000  653.22190  2.79%   326 12122s
 67011 54563  663.38976  289 1219  672.00000  653.22190  2.79%   326 12285s
 68742 55627  667.34262  379 1136  672.00000  653.22190  2.79%   327 12447s
 69830 56953  669.91248  438 1098  672.00000  653.22190  2.79%   328 12620s
 71220 58686  655.10361   67 1394  672.00000  653.22755  2.79%   328 12795s
 73173 60124  657.70584  148 1340  672.00000  653.22755  2.79%   328 12963s
 74843 61364  660.60424  226 1279  672.00000  653.22755  2.79%   328 13130s
 76252 63070  664.71588  334 1205  672.00000  653.22755  2.79%   328 13298s
 78086 64149  669.35671  433 1099  672.00000  653.22755  2.79%   328 13464s
 79329 65434  655.89766   88 1386  672.00000  653.22755  2.79%   328 13633s
 80677 66918  658.13898  156 1335  672.00000  653.22755  2.79%   328 13809s
 82161 68823  663.04249  280 1204  672.00000  653.22755  2.79%   328 13985s
 84277 70913  666.84628  370 1142  672.00000  653.22755  2.79%   329 14222s
 86611 72386  653.46490   24 1436  672.00000  653.22755  2.79%   329 14386s
 88279 72407  656.80166  114 1357  672.00000  653.22755  2.79%   329 14400s

Cutting planes:
  Gomory: 27

Explored 88300 nodes (29058648 simplex iterations) in 14400.09 seconds (53146.94 work units)
Thread count was 32 (of 32 available processors)

Solution count 10: 672 673 674 ... 681

Time limit reached
Best objective 6.720000000000e+02, best bound 6.540000000000e+02, gap 2.6786%

User-callback calls 3790734, time in user-callback 14.56 sec
