
Gurobi 13.0.2 (linux64) logging started Sat Jul 18 22:13:23 2026

Set parameter LogFile to value "/tmp/sweep_20260716_013919_north-korea_alt400km_s100_i1_v6_gurobi.log"
Set parameter Method to value 1
Set parameter NodefileStart to value 4
Set parameter RINS to value 50
Gurobi Optimizer version 13.0.2 build v13.0.2rc1 (linux64 - "Debian GNU/Linux 13 (trixie)")

CPU model: Intel(R) Xeon(R) Platinum 8375C CPU @ 2.90GHz, instruction set [SSE2|AVX|AVX2|AVX512]
Thread count: 16 physical cores, 32 logical processors, using up to 32 threads

Non-default parameters:
TimeLimit  14400
MIPGap  0.001
Method  1
LPWarmStart  1
Heuristics  0.2
MIPFocus  1
NodefileStart  4
RINS  50
Symmetry  2
Cuts  2
CoverCuts  2
LogToConsole  0

Academic license 2812613 - for non-commercial use only - registered to no___@gatech.edu
Optimize a model with 2872 rows, 57440 columns and 995148 nonzeros (Min)
Model fingerprint: 0xc9af6820
Model has 57440 linear objective coefficients
Variable types: 0 continuous, 57440 integer (57440 binary)
Coefficient statistics:
  Matrix range     [1e+00, 1e+00]
  Objective range  [1e+00, 1e+00]
  Bounds range     [1e+00, 1e+00]
  RHS range        [1e+02, 1e+02]

Found heuristic solution: objective 22976.000000
Presolve removed 0 rows and 5744 columns
Presolve time: 1.48s
Presolved: 2872 rows, 51696 columns, 926220 nonzeros
Variable types: 0 continuous, 51696 integer (48824 binary)

Root simplex log...

Iteration    Objective       Primal Inf.    Dual Inf.      Time
    5050    1.0415555e+04   1.532226e+04   0.000000e+00      5s
    8250    1.0543752e+04   7.240025e+03   0.000000e+00     10s
   10860    1.0581145e+04   7.038942e+03   0.000000e+00     15s
   13050    1.0599235e+04   1.019074e+04   0.000000e+00     20s
   15130    1.0611611e+04   4.207479e+03   0.000000e+00     25s
   17090    1.0620935e+04   5.726275e+03   0.000000e+00     30s
   18940    1.0629017e+04   2.630041e+04   0.000000e+00     35s
   20690    1.0634809e+04   8.191891e+03   0.000000e+00     40s
   22640    1.0644057e+04   2.483829e+04   0.000000e+00     45s
   25260    1.0649590e+04   8.696588e+03   0.000000e+00     50s
   27710    1.0650340e+04   1.336935e+04   0.000000e+00     55s
   30090    1.0650340e+04   5.218918e+03   0.000000e+00     60s
   32260    1.0650340e+04   7.360608e+02   0.000000e+00     65s
   34430    1.0650340e+04   4.831256e+02   0.000000e+00     70s
   36390    1.0650340e+04   4.636713e+01   0.000000e+00     75s
   36945    1.0650333e+04   0.000000e+00   0.000000e+00     77s

Root relaxation: objective 1.065033e+04, 36945 iterations, 74.93 seconds (162.11 work units)

    Nodes    |    Current Node    |     Objective Bounds      |     Work
 Expl Unexpl |  Obj  Depth IntInf | Incumbent    BestBd   Gap | It/Node Time

     0     0 10650.3333    0 1781 22976.0000 10650.3333  53.6%     -   91s
H    0     0                    12729.000000 10650.3333  16.3%     -   91s
H    0     0                    12380.000000 10650.3333  14.0%     -   91s
H    0     0                    10888.000000 10650.3333  2.18%     -   91s
H    0     0                    10838.000000 10650.3333  1.73%     -  111s
H    0     0                    10779.000000 10650.3333  1.19%     -  111s
H    0     0                    10778.000000 10650.3333  1.18%     -  111s
H    0     0                    10745.000000 10650.3333  0.88%     -  111s
H    0     0                    10737.000000 10650.3333  0.81%     -  111s
H    0     0                    10732.000000 10650.3333  0.76%     -  111s
H    0     0                    10723.000000 10650.3333  0.68%     -  122s
H    0     0                    10722.000000 10650.3333  0.67%     -  141s
H    0     0                    10720.000000 10650.3333  0.65%     -  161s
H    0     0                    10719.000000 10650.3333  0.64%     -  161s
H    0     0                    10717.000000 10650.3333  0.62%     -  162s
H    0     0                    10716.000000 10650.3333  0.61%     -  162s
H    0     0                    10715.000000 10650.3333  0.60%     -  166s
     0     0 10650.3333    0 1781 10715.0000 10650.3333  0.60%     -  244s
     0     0 10650.3333    0 1675 10715.0000 10650.3333  0.60%     -  312s
H    0     0                    10714.000000 10650.3333  0.59%     -  552s
H    0     0                    10712.000000 10650.3333  0.58%     -  552s
H    0     0                    10696.000000 10650.3333  0.43%     -  558s
H    0     0                    10695.000000 10650.3333  0.42%     -  558s
H    0     0                    10693.000000 10650.3333  0.40%     -  558s
H    0     0                    10692.000000 10650.3333  0.39%     -  569s
H    0     0                    10689.000000 10650.3333  0.36%     -  569s
H    0     0                    10687.000000 10650.3333  0.34%     -  569s
H    0     0                    10685.000000 10650.3333  0.32%     -  605s
H    0     0                    10684.000000 10650.3333  0.32%     -  605s
H    0     0                    10683.000000 10650.3333  0.31%     -  627s
H    0     0                    10682.000000 10650.3333  0.30%     -  684s
     0     2 10650.3333    0 1629 10682.0000 10650.3333  0.30%     - 1064s
H    1     3                    10681.000000 10650.3333  0.29%   0.0 1461s
     1     3 10650.3333    1 1563 10681.0000 10650.3333  0.29%  1029 1467s
     2     6 10650.3333    2 1587 10681.0000 10650.3333  0.29%  1180 1968s
H    3     6                    10679.000000 10650.3333  0.27%   786 1968s
     5    11 10650.3333    3 1589 10679.0000 10650.3333  0.27%  3461 2617s
H    9    11                    10678.000000 10650.3333  0.26%  2267 2629s
     9    11 10661.2121    2 2872 10678.0000 10650.3333  0.26%  2378 2638s
H   10    20                    10677.000000 10650.3333  0.25%  2140 3319s
    12    20 10650.3333    4 1565 10677.0000 10650.3333  0.25%  2876 3326s
    16    20 10650.3333    4 1645 10677.0000 10650.3333  0.25%  3932 3332s
    19    20 10661.2285    3 2867 10677.0000 10650.3333  0.25%  4371 3353s
    21    36 10650.3333    5 1672 10677.0000 10650.3333  0.25%  4072 3580s
    37    65 10650.3333    6 1626 10677.0000 10650.3333  0.25%  4594 3912s
    67    66 10650.3333    6 1675 10677.0000 10650.3333  0.25%  3308 4236s
    69    67 10650.3333    7 1781 10677.0000 10650.3333  0.25%  3212 5073s
    70    68 10650.3333    8 1649 10677.0000 10650.3333  0.25%  3167 5159s
    71    69 10661.2657    7 1649 10677.0000 10650.4167  0.25%  3122 5990s
    73    71 10650.4167    8 1675 10677.0000 10650.4167  0.25%  4480 6389s
    75    72 10661.2657    7 1781 10677.0000 10650.4167  0.25%  4361 7220s
    76    73 10650.4167    7 1649 10677.0000 10650.4167  0.25%  4304 7308s
    77    74 10650.4167    6 1649 10677.0000 10650.4167  0.25%  4248 8133s
    79    76 10650.4167    7 1675 10677.0000 10650.4167  0.25%  5475 8539s
    81    77 10650.4167    8 1781 10677.0000 10650.4167  0.25%  5339 9382s
    82    78 10650.4167    7 1649 10677.0000 10650.4167  0.25%  5274 9467s
    83    79 10650.4167    8 1649 10677.0000 10650.4167  0.25%  5211 10296s
    85    81 10650.4167    6 1675 10677.0000 10650.4167  0.25%  6328 10715s
    87    82 10650.4167    8 1781 10677.0000 10650.4167  0.25%  6183 11554s
    88    83 10650.4167    6 1649 10677.0000 10650.4167  0.25%  6113 11641s
    89    84 10650.4167    8 1649 10677.0000 10650.4167  0.25%  6044 12475s
    91    86 10650.4167    5 1675 10677.0000 10650.4167  0.25%  7070 12881s
    93    87 10650.4167    6 1781 10677.0000 10650.4167  0.25%  6918 13724s
    94    88 10650.4167    7 1649 10677.0000 10650.4167  0.25%  6844 13810s

Explored 94 nodes (856992 simplex iterations) in 14400.04 seconds (29942.47 work units)
Thread count was 32 (of 32 available processors)

Solution count 10: 10677 10678 10679 ... 10689

Time limit reached
Best objective 1.067700000000e+04, best bound 1.065100000000e+04, gap 0.2435%

User-callback calls 2444173, time in user-callback 8.59 sec
