
Gurobi 13.0.2 (linux64) logging started Sat Jul 18 18:21:59 2026

Set parameter LogFile to value "/tmp/sweep_20260716_013919_north-korea_alt400km_s75_i4_v5_gurobi.log"
Set parameter Method to value 1
Set parameter NodefileStart to value 4
Set parameter RINS to value 50
Gurobi Optimizer version 13.0.2 build v13.0.2rc1 (linux64 - "Debian GNU/Linux 13 (trixie)")

CPU model: Intel(R) Xeon(R) Platinum 8375C CPU @ 2.90GHz, instruction set [SSE2|AVX|AVX2|AVX512]
Thread count: 16 physical cores, 32 logical processors, using up to 32 threads

Non-default parameters:
TimeLimit  14400
MIPGap  0.001
Method  1
LPWarmStart  1
Heuristics  0.2
MIPFocus  1
NodefileStart  4
RINS  50
Symmetry  2
Cuts  2
CoverCuts  2
LogToConsole  0

Academic license 2812613 - for non-commercial use only - registered to no___@gatech.edu
Optimize a model with 2872 rows, 43080 columns and 626096 nonzeros (Min)
Model fingerprint: 0xf53c2c99
Model has 43080 linear objective coefficients
Variable types: 0 continuous, 43080 integer (43080 binary)
Coefficient statistics:
  Matrix range     [1e+00, 1e+00]
  Objective range  [1e+00, 1e+00]
  Bounds range     [1e+00, 1e+00]
  RHS range        [2e+01, 2e+01]

Found heuristic solution: objective 5744.0000000
Presolve removed 0 rows and 7180 columns
Presolve time: 0.61s
Presolved: 2872 rows, 35900 columns, 551424 nonzeros
Variable types: 0 continuous, 35900 integer (31592 binary)

Root simplex log...

Iteration    Objective       Primal Inf.    Dual Inf.      Time
    7631    2.2322282e+03   1.077844e+04   0.000000e+00      5s
   11521    2.2839767e+03   1.281374e+04   0.000000e+00     10s
   14511    2.3028282e+03   6.999806e+03   0.000000e+00     15s
   17171    2.3154046e+03   2.016720e+04   0.000000e+00     20s
   19981    2.3287445e+03   6.691779e+04   0.000000e+00     25s
   23041    2.3373031e+03   2.043672e+05   0.000000e+00     30s
   26291    2.3405334e+03   1.390702e+05   0.000000e+00     35s
   29531    2.3452619e+03   1.579551e+05   0.000000e+00     40s
Warning: Markowitz tolerance tightened to 0.03125
   33231    2.3492764e+03   1.498529e+04   0.000000e+00     45s
   36641    2.3498226e+03   5.412816e+03   0.000000e+00     50s
   39431    2.3498228e+03   5.342917e+03   0.000000e+00     55s
   41821    2.3498229e+03   8.595509e+03   0.000000e+00     60s
   44061    2.3498229e+03   4.085162e+03   0.000000e+00     65s
   46191    2.3498230e+03   4.343415e+03   0.000000e+00     70s
   48301    2.3498230e+03   6.892074e+02   0.000000e+00     75s
   50189    2.3498182e+03   0.000000e+00   0.000000e+00     80s

Root relaxation: objective 2.349818e+03, 50189 iterations, 79.07 seconds (175.83 work units)

    Nodes    |    Current Node    |     Objective Bounds      |     Work
 Expl Unexpl |  Obj  Depth IntInf | Incumbent    BestBd   Gap | It/Node Time

     0     0 2349.81818    0 2167 5744.00000 2349.81818  59.1%     -  117s
H    0     0                    4081.0000000 2349.81818  42.4%     -  117s
H    0     0                    3801.0000000 2349.81818  38.2%     -  117s
H    0     0                    2578.0000000 2349.81818  8.85%     -  117s
H    0     0                    2483.0000000 2349.81818  5.36%     -  117s
H    0     0                    2447.0000000 2349.81818  3.97%     -  119s
H    0     0                    2443.0000000 2349.81818  3.81%     -  119s
H    0     0                    2438.0000000 2349.81818  3.62%     -  119s
H    0     0                    2437.0000000 2349.81818  3.58%     -  119s
H    0     0                    2430.0000000 2349.81818  3.30%     -  121s
H    0     0                    2428.0000000 2349.81818  3.22%     -  122s
H    0     0                    2427.0000000 2349.81818  3.18%     -  126s
H    0     0                    2426.0000000 2349.81818  3.14%     -  126s
H    0     0                    2425.0000000 2349.81818  3.10%     -  127s
H    0     0                    2423.0000000 2349.81818  3.02%     -  128s
H    0     0                    2422.0000000 2349.81818  2.98%     -  130s
H    0     0                    2419.0000000 2349.81818  2.86%     -  168s
H    0     0                    2417.0000000 2349.81818  2.78%     -  169s
H    0     0                    2415.0000000 2349.81818  2.70%     -  169s
H    0     0                    2414.0000000 2349.81818  2.66%     -  173s
H    0     0                    2413.0000000 2349.81818  2.62%     -  173s
H    0     0                    2410.0000000 2349.81818  2.50%     -  173s
H    0     0                    2409.0000000 2349.81818  2.46%     -  173s
H    0     0                    2407.0000000 2349.81818  2.38%     -  173s
H    0     0                    2406.0000000 2349.81818  2.34%     -  175s
H    0     0                    2405.0000000 2349.81818  2.29%     -  175s
H    0     0                    2403.0000000 2349.81818  2.21%     -  180s
H    0     0                    2401.0000000 2349.81818  2.13%     -  183s
H    0     0                    2400.0000000 2349.81818  2.09%     -  185s
H    0     0                    2399.0000000 2349.81818  2.05%     -  185s
H    0     0                    2398.0000000 2349.81818  2.01%     -  187s
     0     0 2349.81818    0 2167 2398.00000 2349.81818  2.01%     -  281s
     0     0 2349.81818    0 1862 2398.00000 2349.81818  2.01%     -  404s
H    0     0                    2397.0000000 2349.81818  1.97%     -  651s
H    0     0                    2396.0000000 2349.81818  1.93%     -  670s
H    0     0                    2395.0000000 2349.81818  1.89%     -  690s
H    0     0                    2394.0000000 2349.81818  1.85%     -  710s
H    0     0                    2393.0000000 2349.81818  1.80%     -  710s
H    0     0                    2392.0000000 2349.81818  1.76%     -  762s
H    0     0                    2390.0000000 2349.81818  1.68%     -  792s
     0     2 2349.81818    0 1862 2390.00000 2349.81818  1.68%     - 1229s
     1     4 2349.81818    1 1436 2390.00000 2349.81818  1.68% 87609 1447s
     2     4 2349.81818    1 1806 2390.00000 2349.81818  1.68% 45256 1451s
     3     7 2349.81818    2 1767 2390.00000 2349.81818  1.68% 31012 1683s
     4     7 2349.81818    2 1747 2390.00000 2349.81818  1.68% 23747 1688s
H    6    13                    2387.0000000 2349.81818  1.56% 16554 1962s
     6    13 2349.81818    3 1778 2387.00000 2349.81818  1.56% 16960 1967s
    12    26 2349.81818    4 1873 2387.00000 2349.81818  1.56% 10939 2353s
H   15    26                    2386.0000000 2349.81818  1.52%  9790 2353s
H   17    26                    2385.0000000 2349.81818  1.48%  9312 2353s
    18    26 2349.81818    4 1895 2385.00000 2349.81818  1.48% 10082 2358s
    19    26 2349.81818    4 1854 2385.00000 2349.81818  1.48% 10347 2363s
    20    26 2349.81818    4 1893 2385.00000 2349.81818  1.48% 10541 2368s
    24    26 2378.37500    2 2870 2385.00000 2349.81818  1.48% 12081 2378s
    25    41 2349.81818    5 1904 2385.00000 2349.81818  1.48% 11648 2767s
H   40    57                    2384.0000000 2349.81818  1.43% 13122 3490s
    56   297 2349.81818    7 1722 2384.00000 2349.81818  1.43% 10371 4353s
H  107   297                    2375.0000000 2349.81818  1.06%  6317 4353s
H  212   297                    2369.0000000 2349.81818  0.81%  4367 4353s
   297   296 2349.81818   16 1862 2369.00000 2349.81818  0.81%  3733 5215s
   299   297 2349.81818    8 2167 2369.00000 2349.81818  0.81%  3708 5503s
   300   298 2350.26313   17 2082 2369.00000 2349.81818  0.81%  3696 6233s
   301   299 2349.81818   15 1878 2369.00000 2349.81818  0.81%  3684 6550s
   302   299 2350.18504   14 1816 2369.00000 2349.81818  0.81%  3672 6899s
   303   300 2349.81818    9 1786 2369.00000 2349.81818  0.81%  3659 7063s
   304   301 2349.81818   12 1771 2369.00000 2349.81818  0.81%  3647 7180s
   305   301 2350.00285    9 1771 2369.00000 2349.90909  0.81%  3635 9063s
   307   304 2349.90909   15 1862 2369.00000 2349.90909  0.81%  4460 9158s
   309   305 2349.90909   15 2167 2369.00000 2349.90909  0.81%  4431 9448s
   310   306 2349.90909   16 2082 2369.00000 2349.90909  0.81%  4417 10185s
   311   307 2350.17634   14 1878 2369.00000 2349.90909  0.81%  4402 10443s
   312   307 2350.26738   18 1832 2369.00000 2349.90909  0.81%  4388 10510s
   313   308 2350.04313   10 1806 2369.00000 2349.90909  0.81%  4374 10848s
   314   309 2349.90909   13 1806 2369.00000 2349.90909  0.81%  4360 10942s
   315   309 2349.90909   10 1806 2369.00000 2349.90909  0.81%  4346 13402s
   317   312 2349.90909    6 1862 2369.00000 2349.90909  0.81%  5068 13498s
   319   313 2349.90909   11 2167 2369.00000 2349.90909  0.81%  5036 13790s

Cutting planes:
  Flow cover: 1

Explored 319 nodes (1918375 simplex iterations) in 14536.59 seconds (36141.77 work units)
Thread count was 32 (of 32 available processors)

Solution count 10: 2369 2375 2384 ... 2394

Time limit reached
Best objective 2.369000000000e+03, best bound 2.350000000000e+03, gap 0.8020%

User-callback calls 2644454, time in user-callback 8.18 sec
