
Gurobi 13.0.2 (linux64) logging started Sat Jul 18 15:42:00 2026

Set parameter LogFile to value "/tmp/sweep_20260716_013919_north-korea_alt400km_s75_i2_v4_gurobi.log"
Set parameter Method to value 1
Set parameter NodefileStart to value 4
Set parameter RINS to value 50
Gurobi Optimizer version 13.0.2 build v13.0.2rc1 (linux64 - "Debian GNU/Linux 13 (trixie)")

CPU model: Intel(R) Xeon(R) Platinum 8375C CPU @ 2.90GHz, instruction set [SSE2|AVX|AVX2|AVX512]
Thread count: 16 physical cores, 32 logical processors, using up to 32 threads

Non-default parameters:
TimeLimit  14400
MIPGap  0.001
Method  1
LPWarmStart  1
Heuristics  0.2
MIPFocus  1
NodefileStart  4
RINS  50
Symmetry  2
Cuts  2
CoverCuts  2
LogToConsole  0

Academic license 2812613 - for non-commercial use only - registered to no___@gatech.edu
Optimize a model with 2872 rows, 43080 columns and 442288 nonzeros (Min)
Model fingerprint: 0x48d6af53
Model has 43080 linear objective coefficients
Variable types: 0 continuous, 43080 integer (43080 binary)
Coefficient statistics:
  Matrix range     [1e+00, 1e+00]
  Objective range  [1e+00, 1e+00]
  Bounds range     [1e+00, 1e+00]
  RHS range        [4e+01, 4e+01]

Found heuristic solution: objective 15796.000000
Presolve removed 0 rows and 8616 columns
Presolve time: 0.41s
Presolved: 2872 rows, 34464 columns, 376232 nonzeros
Variable types: 0 continuous, 34464 integer (30156 binary)

Root simplex log...

Iteration    Objective       Primal Inf.    Dual Inf.      Time
    8638    6.5182929e+03   5.026154e+05   0.000000e+00      5s
   13398    6.7133163e+03   2.671534e+04   0.000000e+00     10s
   18408    6.7697211e+03   1.202714e+04   0.000000e+00     15s
   23508    6.7697214e+03   1.021708e+03   0.000000e+00     20s
   24312    6.7697143e+03   0.000000e+00   0.000000e+00     21s

Root relaxation: objective 6.769714e+03, 24312 iterations, 20.40 seconds (37.10 work units)

    Nodes    |    Current Node    |     Objective Bounds      |     Work
 Expl Unexpl |  Obj  Depth IntInf | Incumbent    BestBd   Gap | It/Node Time

     0     0 6769.71429    0 1573 15796.0000 6769.71429  57.1%     -   26s
H    0     0                    8163.0000000 6769.71429  17.1%     -   26s
H    0     0                    7962.0000000 6769.71429  15.0%     -   26s
H    0     0                    6987.0000000 6769.71429  3.11%     -   26s
H    0     0                    6971.0000000 6769.71429  2.89%     -   30s
H    0     0                    6942.0000000 6769.71429  2.48%     -   30s
H    0     0                    6881.0000000 6769.71429  1.62%     -   30s
H    0     0                    6868.0000000 6769.71429  1.43%     -   30s
H    0     0                    6860.0000000 6769.71429  1.32%     -   30s
H    0     0                    6855.0000000 6769.71429  1.24%     -   33s
H    0     0                    6854.0000000 6769.71429  1.23%     -   35s
H    0     0                    6850.0000000 6769.71429  1.17%     -   38s
H    0     0                    6849.0000000 6769.71429  1.16%     -   38s
H    0     0                    6841.0000000 6769.71429  1.04%     -   45s
H    0     0                    6838.0000000 6769.71429  1.00%     -   46s
H    0     0                    6837.0000000 6769.71429  0.98%     -   46s
H    0     0                    6835.0000000 6769.71429  0.96%     -   46s
H    0     0                    6834.0000000 6769.71429  0.94%     -   47s
H    0     0                    6833.0000000 6769.71429  0.93%     -   47s
H    0     0                    6832.0000000 6769.71429  0.91%     -   47s
H    0     0                    6831.0000000 6769.71429  0.90%     -   50s
     0     0 6769.71429    0 1560 6831.00000 6769.71429  0.90%     -   63s
H    0     0                    6827.0000000 6769.71429  0.84%     -   98s
H    0     0                    6826.0000000 6769.71429  0.82%     -   99s
H    0     0                    6825.0000000 6769.71429  0.81%     -   99s
H    0     0                    6824.0000000 6769.71429  0.80%     -  101s
H    0     0                    6819.0000000 6769.71429  0.72%     -  101s
H    0     0                    6818.0000000 6769.71429  0.71%     -  101s
H    0     0                    6817.0000000 6769.71429  0.69%     -  102s
H    0     0                    6816.0000000 6769.71429  0.68%     -  105s
H    0     0                    6815.0000000 6769.71429  0.66%     -  107s
H    0     0                    6814.0000000 6769.71429  0.65%     -  119s
H    0     0                    6813.0000000 6769.71429  0.64%     -  159s
H    0     0                    6811.0000000 6769.71429  0.61%     -  160s
H    0     0                    6810.0000000 6769.71429  0.59%     -  161s
     0     0 6769.71429    0 1505 6810.00000 6769.71429  0.59%     -  181s
     0     0 6769.71429    0 1492 6810.00000 6769.71429  0.59%     -  190s
     0     0 6769.71429    0 1492 6810.00000 6769.71429  0.59%     -  198s
     0     0 6769.71429    0 1473 6810.00000 6769.71429  0.59%     -  274s
H    0     0                    6809.0000000 6769.71429  0.58%     -  288s
     0     0 6769.71429    0 1502 6809.00000 6769.71429  0.58%     -  289s
     0     0 6769.71429    0 1502 6809.00000 6769.71429  0.58%     -  298s
H    0     0                    6808.0000000 6769.71429  0.56%     -  352s
H    0     0                    6807.0000000 6769.71429  0.55%     -  353s
H    0     0                    6806.0000000 6769.71429  0.53%     -  356s
H    0     0                    6805.0000000 6769.71429  0.52%     -  395s
     0     0 6769.71429    0 1495 6805.00000 6769.71429  0.52%     -  469s
     0     0 6769.71429    0 1495 6805.00000 6769.71429  0.52%     -  478s
H    0     0                    6804.0000000 6769.71429  0.50%     -  638s
H    0     0                    6803.0000000 6769.71429  0.49%     -  638s
     0     0 6769.71429    0 1483 6803.00000 6769.71429  0.49%     -  647s
     0     0 6769.71429    0 1483 6803.00000 6769.71429  0.49%     -  656s
H    0     0                    6802.0000000 6769.85714  0.47%     -  766s
H    0     0                    6801.0000000 6769.85714  0.46%     -  774s
H    0     2                    6800.0000000 6769.85714  0.44%     -  969s
     0     2 6769.85714    0 1483 6800.00000 6769.85714  0.44%     -  969s
H    1     4                    6799.0000000 6769.85714  0.43%   0.0 1140s
H    3     8                    6798.0000000 6769.85714  0.41%  3057 1324s
     7    15 6769.85714    3 1485 6798.00000 6769.85714  0.41%  3461 1497s
    14    28 6769.85714    4 1436 6798.00000 6769.85714  0.41%  1828 1656s
H   19    28                    6797.0000000 6769.85714  0.40%  1442 1656s
    24    28 6769.85714    4 1459 6797.00000 6769.85714  0.40%  1285 1665s
    26    28 6769.85714    4 1473 6797.00000 6769.85714  0.40%  1219 1671s
    29    44 6769.85714    5 1438 6797.00000 6769.85714  0.40%  1122 1792s
H   32    44                    6796.0000000 6769.85714  0.38%  1048 1792s
H   33    44                    6795.0000000 6769.85714  0.37%  1024 1792s
    45    64 6769.85714    6 1438 6795.00000 6769.85714  0.37%   887 2033s
    65    94 6769.85714    9 1436 6795.00000 6769.85714  0.37%   697 2459s
H   69    94                    6792.0000003 6769.85714  0.33%   669 2459s
    95   180 6769.85714    9 1436 6792.00000 6769.85714  0.33%   526 3316s
H  108   180                    6791.0000000 6769.85714  0.31%   474 3316s
   182   181 6769.85714    5 1483 6791.00000 6769.85714  0.31%   370 3641s
   184   182 6769.85714    9 1573 6791.00000 6769.85714  0.31%   366 3705s
   185   183 6769.85714    6 1527 6791.00000 6769.85714  0.31%   364 4214s
H  185   173                    6790.0000000 6769.85714  0.30%   364 4230s
   186   174 6769.85714    6 1495 6790.00000 6769.85714  0.30%   362 4241s
   187   174 6769.85714   12 1466 6790.00000 6769.85714  0.30%   360 4468s
   188   175 6769.85714    5 1526 6790.00000 6769.85714  0.30%   358 4668s
   189   176 6769.85714   14 1493 6790.00000 6769.85714  0.30%   356 4737s
   190   176 6769.85714   14 1528 6790.00000 6769.85714  0.30%   354 4913s
   191   177 6769.85714   14 1507 6790.00000 6769.85714  0.30%   352 5025s
   192   178 6769.85714   13 1512 6790.00000 6769.85714  0.30%   350 5063s
   193   178 6769.85714    5 1512 6790.00000 6769.85714  0.30%   348 5480s
   195   181 6769.85714    8 1483 6790.00000 6769.85714  0.30%  1081 5513s
   197   182 6769.85714    7 1573 6790.00000 6769.85714  0.30%  1070 5577s
   198   183 6769.85714    9 1525 6790.00000 6769.85714  0.30%  1064 6086s
   199   184 6769.85714    9 1487 6790.00000 6769.85714  0.30%  1059 6096s
   200   184 6769.85714   11 1473 6790.00000 6769.85714  0.30%  1054 6304s
   201   185 6769.85714    8 1522 6790.00000 6769.85714  0.30%  1048 6462s
H  201   175                    6789.0000000 6769.85714  0.28%  1048 6508s
   202   176 6769.85714    7 1497 6789.00000 6769.85714  0.28%  1043 6534s
   203   176 6769.85714    9 1525 6789.00000 6769.85714  0.28%  1038 6604s
   204   177 6769.85714   17 1504 6789.00000 6769.85714  0.28%  1033 6632s
   205   178 6769.85714   13 1516 6789.00000 6769.85714  0.28%  1028 6669s
H  205   169                    6788.0000000 6769.85714  0.27%  1028 6981s
   208   172 6769.85714   12 1483 6788.00000 6769.85714  0.27%  1683 8325s
   210   173 6769.85714   10 1573 6788.00000 6769.85714  0.27%  1667 8388s
   211   174 6769.85714   10 1531 6788.00000 6769.85714  0.27%  1659 8864s
H  211   165                    6787.0000000 6769.85714  0.25%  1659 8881s
H  211   156                    6786.0000000 6769.85714  0.24%  1659 8881s
   212   157 6769.85714    8 1497 6786.00000 6769.85714  0.24%  1651 8892s
   213   157 6769.85714   12 1491 6786.00000 6769.85714  0.24%  1644 9086s
   214   158 6769.85714   10 1509 6786.00000 6769.85714  0.24%  1636 9252s
   215   159 6769.85714   12 1505 6786.00000 6769.85714  0.24%  1628 9339s
   216   159 6769.85714    8 1528 6786.00000 6769.85714  0.24%  1621 9544s
   217   160 6769.85714   10 1500 6786.00000 6769.85714  0.24%  1613 9646s
   218   161 6769.85714   12 1522 6786.00000 6769.85714  0.24%  1606 9686s
   219   161 6769.85714   11 1522 6786.00000 6769.85714  0.24%  1599 9912s
   220   164 6769.85714   28 1476 6786.00000 6769.85714  0.24%  2206 9934s
   221   167 6769.85714   29 1476 6786.00000 6769.85714  0.24%  2199 9946s
   224   172 6769.85714   30 1468 6786.00000 6769.85714  0.24%  2175 9962s
   230   181 6769.85714   31 1473 6786.00000 6769.85714  0.24%  2172 9977s
   241   193 6769.85714   32 1464 6786.00000 6769.85714  0.24%  2089 9993s
   257   231 6769.85714   33 1461 6786.00000 6769.85714  0.24%  1982 10016s
   300   232 6769.85714   34 1470 6786.00000 6769.85714  0.24%  1724 10064s
   316   243 6769.85714   34 1454 6786.00000 6769.85714  0.24%  1646 10138s
   332   254 6769.85714   35 1454 6786.00000 6769.85714  0.24%  1574 10267s
H  341   243                    6785.0000003 6769.85714  0.22%  1539 10267s
   348   288 6769.85714   35 1461 6785.00000 6769.85714  0.22%  1513 10400s
   396   410 6769.85714   37 1456 6785.00000 6769.85714  0.22%  1348 10617s
   534   504 6769.85714   39 1460 6785.00000 6769.85714  0.22%  1129 11004s
   674   503 6769.85714   40 1458 6785.00000 6769.85714  0.22%  1185 11766s
   719   910 6769.85714   40 1453 6785.00000 6769.85714  0.22%  1143 12799s
  1128  1187 6769.85714   56 1450 6785.00000 6769.85714  0.22%   841 14400s

Cutting planes:
  MIR: 4
  Flow cover: 32

Explored 1405 nodes (1362705 simplex iterations) in 14400.14 seconds (36159.41 work units)
Thread count was 32 (of 32 available processors)

Solution count 10: 6785 6786 6787 ... 6796

Time limit reached
Best objective 6.785000000383e+03, best bound 6.770000000000e+03, gap 0.2211%

User-callback calls 2934214, time in user-callback 8.59 sec
