
Gurobi 13.0.2 (linux64) logging started Sun Jul 12 05:32:58 2026

Set parameter LogFile to value "/tmp/sweep_20260709_012313_china_alt400km_s75_i1_v10_gurobi.log"
Set parameter Method to value 1
Set parameter NodefileStart to value 4
Set parameter RINS to value 50
Gurobi Optimizer version 13.0.2 build v13.0.2rc1 (linux64 - "Debian GNU/Linux 13 (trixie)")

CPU model: Intel(R) Xeon(R) Platinum 8375C CPU @ 2.90GHz, instruction set [SSE2|AVX|AVX2|AVX512]
Thread count: 16 physical cores, 32 logical processors, using up to 32 threads

Non-default parameters:
TimeLimit  14400
MIPGap  0.001
Method  1
LPWarmStart  1
Heuristics  0.2
MIPFocus  1
NodefileStart  4
RINS  50
Symmetry  2
Cuts  2
CoverCuts  2
LogToConsole  0

Academic license 2812613 - for non-commercial use only - registered to no___@gatech.edu
Optimize a model with 392028 rows, 57440 columns and 227564356 nonzeros (Min)
Model fingerprint: 0xd794225a
Model has 57440 linear objective coefficients
Variable types: 0 continuous, 57440 integer (57440 binary)
Coefficient statistics:
  Matrix range     [1e+00, 1e+00]
  Objective range  [1e+00, 1e+00]
  Bounds range     [1e+00, 1e+00]
  RHS range        [8e+01, 8e+01]

Found heuristic solution: objective 12133.000000
Presolve removed 0 rows and 0 columns (presolve time = 9s)...
Presolve removed 0 rows and 0 columns (presolve time = 11s)...
Presolve removed 0 rows and 0 columns (presolve time = 28s)...
Presolve removed 0 rows and 0 columns (presolve time = 32s)...
Presolve removed 0 rows and 0 columns (presolve time = 51s)...
Presolve removed 0 rows and 0 columns (presolve time = 68s)...
Presolve removed 0 rows and 0 columns (presolve time = 70s)...
Presolve removed 0 rows and 0 columns (presolve time = 87s)...
Presolve removed 0 rows and 0 columns (presolve time = 113s)...
Presolve removed 0 rows and 0 columns (presolve time = 143s)...
Presolve removed 0 rows and 0 columns (presolve time = 145s)...
Presolve removed 0 rows and 0 columns (presolve time = 150s)...
Presolve removed 0 rows and 0 columns (presolve time = 155s)...
Presolve removed 0 rows and 0 columns (presolve time = 160s)...
Presolve removed 0 rows and 0 columns (presolve time = 165s)...
Presolve removed 0 rows and 0 columns (presolve time = 170s)...
Presolve removed 0 rows and 0 columns (presolve time = 175s)...
Presolve removed 0 rows and 0 columns (presolve time = 213s)...
Presolve removed 0 rows and 0 columns (presolve time = 233s)...
Presolve removed 0 rows and 0 columns (presolve time = 253s)...
Presolve removed 0 rows and 0 columns (presolve time = 271s)...
Presolve removed 0 rows and 0 columns (presolve time = 275s)...
Presolve removed 0 rows and 0 columns (presolve time = 280s)...
Presolve removed 0 rows and 0 columns (presolve time = 285s)...
Presolve removed 0 rows and 0 columns (presolve time = 297s)...
Presolve removed 0 rows and 0 columns (presolve time = 322s)...
Presolve removed 0 rows and 0 columns (presolve time = 325s)...
Presolve removed 0 rows and 0 columns (presolve time = 331s)...
Presolve removed 0 rows and 0 columns (presolve time = 340s)...
Presolve removed 0 rows and 0 columns (presolve time = 344s)...
Presolve removed 0 rows and 0 columns (presolve time = 363s)...
Presolve removed 0 rows and 0 columns (presolve time = 365s)...
Presolve removed 0 rows and 0 columns (presolve time = 370s)...
Presolve removed 0 rows and 0 columns (presolve time = 375s)...
Presolve removed 0 rows and 0 columns (presolve time = 380s)...
Presolve removed 0 rows and 0 columns (presolve time = 385s)...
Presolve removed 0 rows and 0 columns (presolve time = 390s)...
Presolve removed 0 rows and 0 columns (presolve time = 395s)...
Presolve removed 0 rows and 0 columns (presolve time = 400s)...
Presolve removed 0 rows and 0 columns (presolve time = 405s)...
Presolve removed 0 rows and 0 columns (presolve time = 410s)...
Presolve removed 0 rows and 0 columns (presolve time = 415s)...
Presolve removed 0 rows and 0 columns (presolve time = 420s)...
Presolve removed 0 rows and 0 columns (presolve time = 425s)...
Presolve removed 0 rows and 0 columns (presolve time = 430s)...
Presolve removed 0 rows and 0 columns (presolve time = 435s)...
Presolve removed 0 rows and 0 columns (presolve time = 440s)...
Presolve removed 0 rows and 0 columns (presolve time = 445s)...
Presolve removed 0 rows and 0 columns (presolve time = 450s)...
Presolve removed 0 rows and 0 columns (presolve time = 455s)...
Presolve removed 0 rows and 0 columns (presolve time = 460s)...
Presolve removed 0 rows and 0 columns (presolve time = 465s)...
Presolve removed 0 rows and 0 columns (presolve time = 495s)...
Presolve removed 0 rows and 0 columns (presolve time = 502s)...
Presolve removed 0 rows and 0 columns (presolve time = 564s)...
Presolve removed 0 rows and 0 columns (presolve time = 565s)...
Presolve removed 0 rows and 0 columns (presolve time = 570s)...
Presolve removed 0 rows and 0 columns (presolve time = 575s)...
Presolve removed 0 rows and 0 columns (presolve time = 580s)...
Presolve removed 0 rows and 0 columns (presolve time = 585s)...
Presolve removed 0 rows and 0 columns (presolve time = 590s)...
Presolve removed 0 rows and 0 columns (presolve time = 595s)...
Presolve removed 0 rows and 0 columns (presolve time = 600s)...
Presolve removed 0 rows and 0 columns (presolve time = 605s)...
Presolve removed 0 rows and 0 columns (presolve time = 610s)...
Presolve removed 0 rows and 0 columns (presolve time = 615s)...
Presolve removed 0 rows and 0 columns (presolve time = 620s)...
Presolve removed 0 rows and 0 columns (presolve time = 625s)...
Presolve removed 0 rows and 0 columns (presolve time = 630s)...
Presolve removed 0 rows and 0 columns (presolve time = 635s)...
Presolve removed 0 rows and 0 columns (presolve time = 640s)...
Presolve removed 0 rows and 0 columns (presolve time = 645s)...
Presolve removed 0 rows and 0 columns (presolve time = 650s)...
Presolve removed 0 rows and 0 columns (presolve time = 655s)...
Presolve removed 0 rows and 0 columns (presolve time = 660s)...
Presolve removed 0 rows and 0 columns (presolve time = 665s)...
Presolve removed 0 rows and 0 columns (presolve time = 670s)...
Presolve removed 0 rows and 0 columns (presolve time = 675s)...
Presolve removed 0 rows and 0 columns (presolve time = 680s)...
Presolve removed 0 rows and 0 columns (presolve time = 685s)...
Presolve removed 0 rows and 0 columns (presolve time = 690s)...
Presolve removed 0 rows and 0 columns (presolve time = 695s)...
Presolve removed 0 rows and 0 columns (presolve time = 700s)...
Presolve removed 0 rows and 0 columns (presolve time = 705s)...
Presolve removed 0 rows and 0 columns (presolve time = 710s)...
Presolve removed 0 rows and 0 columns (presolve time = 715s)...
Presolve removed 0 rows and 0 columns (presolve time = 720s)...
Presolve removed 0 rows and 0 columns (presolve time = 725s)...
Presolve removed 0 rows and 0 columns (presolve time = 730s)...
Presolve removed 0 rows and 0 columns (presolve time = 735s)...
Presolve removed 0 rows and 0 columns (presolve time = 740s)...
Presolve removed 0 rows and 0 columns (presolve time = 745s)...
Presolve removed 0 rows and 0 columns (presolve time = 750s)...
Presolve removed 0 rows and 0 columns (presolve time = 755s)...
Presolve removed 0 rows and 0 columns (presolve time = 760s)...
Presolve removed 0 rows and 0 columns (presolve time = 765s)...
Presolve removed 0 rows and 0 columns (presolve time = 770s)...
Presolve removed 0 rows and 0 columns (presolve time = 775s)...
Presolve removed 0 rows and 0 columns (presolve time = 780s)...
Presolve removed 0 rows and 0 columns (presolve time = 785s)...
Presolve removed 0 rows and 0 columns (presolve time = 790s)...
Presolve removed 0 rows and 0 columns (presolve time = 795s)...
Presolve removed 0 rows and 0 columns (presolve time = 800s)...
Presolve removed 0 rows and 0 columns (presolve time = 805s)...
Presolve removed 0 rows and 0 columns (presolve time = 810s)...
Presolve removed 0 rows and 0 columns (presolve time = 815s)...
Presolve removed 0 rows and 0 columns (presolve time = 820s)...
Presolve removed 0 rows and 0 columns (presolve time = 825s)...
Presolve removed 0 rows and 0 columns (presolve time = 830s)...
Presolve removed 0 rows and 0 columns (presolve time = 835s)...
Presolve removed 0 rows and 0 columns (presolve time = 840s)...
Presolve removed 0 rows and 0 columns (presolve time = 845s)...
Presolve removed 0 rows and 0 columns (presolve time = 850s)...
Presolve removed 0 rows and 0 columns (presolve time = 855s)...
Presolve removed 0 rows and 0 columns (presolve time = 860s)...
Presolve removed 0 rows and 0 columns (presolve time = 865s)...
Presolve removed 0 rows and 0 columns (presolve time = 870s)...
Presolve removed 0 rows and 0 columns (presolve time = 875s)...
Presolve removed 0 rows and 0 columns (presolve time = 880s)...
Presolve removed 0 rows and 0 columns (presolve time = 885s)...
Presolve removed 0 rows and 0 columns (presolve time = 890s)...
Presolve removed 0 rows and 0 columns (presolve time = 895s)...
Presolve removed 0 rows and 0 columns (presolve time = 900s)...
Presolve removed 0 rows and 0 columns (presolve time = 905s)...
Presolve removed 0 rows and 0 columns (presolve time = 910s)...
Presolve removed 0 rows and 0 columns (presolve time = 915s)...
Presolve removed 0 rows and 0 columns (presolve time = 920s)...
Presolve removed 0 rows and 0 columns (presolve time = 925s)...
Presolve removed 0 rows and 0 columns (presolve time = 930s)...
Presolve removed 0 rows and 0 columns (presolve time = 935s)...
Presolve removed 0 rows and 0 columns (presolve time = 940s)...
Presolve removed 0 rows and 0 columns (presolve time = 945s)...
Presolve removed 0 rows and 0 columns (presolve time = 950s)...
Presolve removed 0 rows and 0 columns (presolve time = 955s)...
Presolve removed 0 rows and 0 columns (presolve time = 960s)...
Presolve removed 0 rows and 0 columns (presolve time = 965s)...
Presolve removed 0 rows and 0 columns (presolve time = 970s)...
Presolve removed 0 rows and 0 columns (presolve time = 975s)...
Presolve removed 0 rows and 0 columns (presolve time = 980s)...
Presolve removed 0 rows and 0 columns (presolve time = 985s)...
Presolve removed 0 rows and 0 columns (presolve time = 990s)...
Presolve removed 0 rows and 0 columns (presolve time = 995s)...
Presolve removed 0 rows and 0 columns (presolve time = 1000s)...
Presolve removed 0 rows and 0 columns (presolve time = 1005s)...
Presolve removed 0 rows and 0 columns (presolve time = 1010s)...
Presolve removed 0 rows and 0 columns (presolve time = 1015s)...
Presolve removed 0 rows and 0 columns (presolve time = 1020s)...
Presolve removed 0 rows and 0 columns (presolve time = 1025s)...
Presolve removed 0 rows and 0 columns (presolve time = 1030s)...
Presolve removed 0 rows and 0 columns (presolve time = 1035s)...
Presolve removed 0 rows and 0 columns (presolve time = 1040s)...
Presolve removed 0 rows and 0 columns (presolve time = 1045s)...
Presolve removed 0 rows and 0 columns (presolve time = 1050s)...
Presolve removed 0 rows and 0 columns (presolve time = 1055s)...
Presolve removed 0 rows and 0 columns (presolve time = 1060s)...
Presolve removed 0 rows and 0 columns (presolve time = 1065s)...
Presolve removed 0 rows and 0 columns (presolve time = 1070s)...
Presolve removed 0 rows and 0 columns (presolve time = 1075s)...
Presolve removed 0 rows and 0 columns (presolve time = 1080s)...
Presolve removed 0 rows and 0 columns (presolve time = 1085s)...
Presolve removed 0 rows and 0 columns (presolve time = 1090s)...
Presolve removed 0 rows and 0 columns (presolve time = 1095s)...
Presolve removed 0 rows and 0 columns (presolve time = 1100s)...
Presolve removed 0 rows and 0 columns (presolve time = 1105s)...
Presolve removed 0 rows and 0 columns (presolve time = 1110s)...
Presolve removed 0 rows and 0 columns (presolve time = 1115s)...
Presolve removed 0 rows and 0 columns (presolve time = 1120s)...
Presolve removed 0 rows and 0 columns (presolve time = 1125s)...
Presolve removed 0 rows and 0 columns (presolve time = 1130s)...
Presolve removed 0 rows and 0 columns (presolve time = 1135s)...
Presolve removed 0 rows and 0 columns (presolve time = 1140s)...
Presolve removed 0 rows and 0 columns (presolve time = 1145s)...
Presolve removed 0 rows and 0 columns (presolve time = 1150s)...
Presolve removed 0 rows and 0 columns (presolve time = 1155s)...
Presolve removed 0 rows and 0 columns (presolve time = 1160s)...
Presolve removed 0 rows and 0 columns (presolve time = 1165s)...
Presolve removed 0 rows and 0 columns (presolve time = 1170s)...
Presolve removed 0 rows and 0 columns (presolve time = 1175s)...
Presolve removed 0 rows and 0 columns (presolve time = 1180s)...
Presolve removed 0 rows and 0 columns (presolve time = 1185s)...
Presolve removed 0 rows and 0 columns (presolve time = 1190s)...
Presolve removed 0 rows and 0 columns (presolve time = 1195s)...
Presolve removed 0 rows and 0 columns (presolve time = 1200s)...
Presolve removed 0 rows and 0 columns (presolve time = 1205s)...
Presolve removed 0 rows and 0 columns (presolve time = 1210s)...
Presolve removed 0 rows and 0 columns (presolve time = 1215s)...
Presolve removed 0 rows and 0 columns (presolve time = 1220s)...
Presolve removed 0 rows and 0 columns (presolve time = 1225s)...
Presolve removed 0 rows and 0 columns (presolve time = 1230s)...
Presolve removed 0 rows and 0 columns (presolve time = 1235s)...
Presolve removed 0 rows and 0 columns (presolve time = 1240s)...
Presolve removed 0 rows and 0 columns (presolve time = 1245s)...
Presolve removed 0 rows and 0 columns (presolve time = 1250s)...
Presolve removed 0 rows and 0 columns (presolve time = 1255s)...
Presolve removed 0 rows and 0 columns (presolve time = 1260s)...
Presolve removed 0 rows and 0 columns (presolve time = 1265s)...
Presolve removed 0 rows and 0 columns (presolve time = 1270s)...
Presolve removed 0 rows and 0 columns (presolve time = 1275s)...
Presolve removed 0 rows and 0 columns (presolve time = 1280s)...
Presolve removed 0 rows and 0 columns (presolve time = 1285s)...
Presolve removed 0 rows and 0 columns (presolve time = 1290s)...
Presolve removed 0 rows and 0 columns (presolve time = 1295s)...
Presolve removed 0 rows and 0 columns (presolve time = 1300s)...
Presolve removed 0 rows and 0 columns (presolve time = 1305s)...
Presolve removed 0 rows and 0 columns (presolve time = 1310s)...
Presolve removed 0 rows and 0 columns (presolve time = 1315s)...
Presolve removed 0 rows and 0 columns (presolve time = 1320s)...
Presolve removed 0 rows and 0 columns (presolve time = 1325s)...
Presolve removed 0 rows and 0 columns (presolve time = 1330s)...
Presolve removed 0 rows and 0 columns (presolve time = 1335s)...
Presolve removed 0 rows and 0 columns (presolve time = 1340s)...
Presolve removed 0 rows and 0 columns (presolve time = 1345s)...
Presolve removed 0 rows and 0 columns (presolve time = 1350s)...
Presolve removed 0 rows and 0 columns (presolve time = 1355s)...
Presolve removed 0 rows and 0 columns (presolve time = 1360s)...
Presolve removed 0 rows and 0 columns (presolve time = 1365s)...
Presolve removed 0 rows and 0 columns (presolve time = 1370s)...
Presolve removed 0 rows and 0 columns (presolve time = 1375s)...
Presolve removed 0 rows and 0 columns (presolve time = 1380s)...
Presolve removed 0 rows and 0 columns (presolve time = 1385s)...
Presolve removed 0 rows and 0 columns (presolve time = 1390s)...
Presolve removed 0 rows and 0 columns (presolve time = 1395s)...
Presolve removed 0 rows and 0 columns (presolve time = 1400s)...
Presolve removed 0 rows and 0 columns (presolve time = 1405s)...
Presolve removed 0 rows and 0 columns (presolve time = 1410s)...
Presolve removed 0 rows and 0 columns (presolve time = 1415s)...
Presolve removed 0 rows and 0 columns (presolve time = 1420s)...
Presolve removed 0 rows and 0 columns (presolve time = 1425s)...
Presolve removed 0 rows and 0 columns (presolve time = 1430s)...
Presolve removed 0 rows and 0 columns (presolve time = 1435s)...
Presolve removed 0 rows and 0 columns (presolve time = 1440s)...
Presolve removed 0 rows and 0 columns (presolve time = 1445s)...
Presolve removed 0 rows and 0 columns (presolve time = 1450s)...
Presolve removed 0 rows and 0 columns (presolve time = 1455s)...
Presolve removed 0 rows and 0 columns (presolve time = 1460s)...
Presolve removed 0 rows and 0 columns (presolve time = 1465s)...
Presolve removed 0 rows and 0 columns (presolve time = 1470s)...
Presolve removed 0 rows and 0 columns (presolve time = 1475s)...
Presolve removed 0 rows and 0 columns (presolve time = 1480s)...
Presolve removed 0 rows and 0 columns (presolve time = 1485s)...
Presolve removed 0 rows and 0 columns (presolve time = 1490s)...
Presolve removed 0 rows and 0 columns (presolve time = 1495s)...
Presolve removed 0 rows and 0 columns (presolve time = 1500s)...
Presolve removed 0 rows and 0 columns (presolve time = 1505s)...
Presolve removed 0 rows and 0 columns (presolve time = 1510s)...
Presolve removed 0 rows and 0 columns (presolve time = 1515s)...
Presolve removed 0 rows and 0 columns (presolve time = 1520s)...
Presolve removed 0 rows and 0 columns (presolve time = 1525s)...
Presolve removed 0 rows and 0 columns (presolve time = 1530s)...
Presolve removed 0 rows and 0 columns (presolve time = 1535s)...
Presolve removed 0 rows and 0 columns (presolve time = 1540s)...
Presolve removed 0 rows and 0 columns (presolve time = 1545s)...
Presolve removed 0 rows and 0 columns (presolve time = 1550s)...
Presolve removed 0 rows and 0 columns (presolve time = 1555s)...
Presolve removed 0 rows and 0 columns (presolve time = 1560s)...
Presolve removed 0 rows and 0 columns (presolve time = 1565s)...
Presolve removed 0 rows and 0 columns (presolve time = 1570s)...
Presolve removed 0 rows and 0 columns (presolve time = 1575s)...
Presolve removed 0 rows and 0 columns (presolve time = 1580s)...
Presolve removed 0 rows and 0 columns (presolve time = 1585s)...
Presolve removed 0 rows and 0 columns (presolve time = 1590s)...
Presolve removed 0 rows and 0 columns (presolve time = 1595s)...
Presolve removed 0 rows and 0 columns (presolve time = 1600s)...
Presolve removed 0 rows and 0 columns (presolve time = 1605s)...
Presolve removed 0 rows and 0 columns (presolve time = 1610s)...
Presolve removed 0 rows and 0 columns (presolve time = 1615s)...
Presolve removed 0 rows and 0 columns (presolve time = 1620s)...
Presolve removed 0 rows and 0 columns (presolve time = 1625s)...
Presolve removed 0 rows and 0 columns (presolve time = 1630s)...
Presolve removed 0 rows and 0 columns (presolve time = 1635s)...
Presolve removed 0 rows and 0 columns (presolve time = 1640s)...
Presolve removed 0 rows and 0 columns (presolve time = 1645s)...
Presolve removed 0 rows and 0 columns (presolve time = 1650s)...
Presolve removed 0 rows and 0 columns (presolve time = 1655s)...
Presolve removed 0 rows and 0 columns (presolve time = 1660s)...
Presolve removed 0 rows and 0 columns (presolve time = 1665s)...
Presolve removed 0 rows and 0 columns (presolve time = 1670s)...
Presolve removed 0 rows and 0 columns (presolve time = 1675s)...
Presolve removed 0 rows and 0 columns (presolve time = 1680s)...
Presolve removed 0 rows and 0 columns (presolve time = 1685s)...
Presolve removed 0 rows and 0 columns (presolve time = 1690s)...
Presolve removed 0 rows and 0 columns (presolve time = 1695s)...
Presolve removed 0 rows and 0 columns (presolve time = 1700s)...
Presolve removed 0 rows and 0 columns (presolve time = 1705s)...
Presolve removed 0 rows and 0 columns (presolve time = 1710s)...
Presolve removed 0 rows and 0 columns (presolve time = 1715s)...
Presolve removed 0 rows and 0 columns (presolve time = 1720s)...
Presolve removed 0 rows and 0 columns (presolve time = 1725s)...
Presolve removed 0 rows and 0 columns (presolve time = 1730s)...
Presolve removed 0 rows and 0 columns (presolve time = 1735s)...
Presolve removed 0 rows and 0 columns (presolve time = 1740s)...
Presolve removed 0 rows and 0 columns (presolve time = 1745s)...
Presolve removed 0 rows and 0 columns (presolve time = 1750s)...
Presolve removed 0 rows and 0 columns (presolve time = 1755s)...
Presolve removed 0 rows and 0 columns (presolve time = 1760s)...
Presolve removed 0 rows and 0 columns (presolve time = 1765s)...
Presolve removed 0 rows and 0 columns (presolve time = 1770s)...
Presolve removed 0 rows and 0 columns (presolve time = 1775s)...
Presolve removed 0 rows and 0 columns (presolve time = 1780s)...
Presolve removed 0 rows and 0 columns (presolve time = 1785s)...
Presolve removed 0 rows and 0 columns (presolve time = 1790s)...
Presolve removed 0 rows and 0 columns (presolve time = 1795s)...
Presolve removed 0 rows and 0 columns (presolve time = 1800s)...
Presolve removed 0 rows and 0 columns (presolve time = 1805s)...
Presolve removed 0 rows and 0 columns (presolve time = 1810s)...
Presolve removed 0 rows and 0 columns (presolve time = 1815s)...
Presolve removed 0 rows and 0 columns (presolve time = 1820s)...
Presolve removed 0 rows and 0 columns (presolve time = 1825s)...
Presolve removed 0 rows and 0 columns (presolve time = 1830s)...
Presolve removed 0 rows and 0 columns (presolve time = 1835s)...
Presolve removed 0 rows and 0 columns (presolve time = 1840s)...
Presolve removed 0 rows and 0 columns (presolve time = 1845s)...
Presolve removed 0 rows and 0 columns (presolve time = 1850s)...
Presolve removed 0 rows and 0 columns (presolve time = 1855s)...
Presolve removed 0 rows and 0 columns (presolve time = 1860s)...
Presolve removed 0 rows and 0 columns (presolve time = 1865s)...
Presolve removed 0 rows and 0 columns (presolve time = 1870s)...
Presolve removed 0 rows and 0 columns (presolve time = 1875s)...
Presolve removed 0 rows and 0 columns (presolve time = 1880s)...
Presolve removed 0 rows and 0 columns (presolve time = 1885s)...
Presolve removed 0 rows and 0 columns (presolve time = 1890s)...
Presolve removed 0 rows and 0 columns (presolve time = 1895s)...
Presolve removed 0 rows and 0 columns (presolve time = 1900s)...
Presolve removed 0 rows and 0 columns (presolve time = 1905s)...
Presolve removed 0 rows and 0 columns (presolve time = 1910s)...
Presolve removed 0 rows and 0 columns (presolve time = 1915s)...
Presolve removed 0 rows and 0 columns (presolve time = 1920s)...
Presolve removed 0 rows and 0 columns (presolve time = 1925s)...
Presolve removed 0 rows and 0 columns (presolve time = 1930s)...
Presolve removed 0 rows and 0 columns (presolve time = 1935s)...
Presolve removed 0 rows and 0 columns (presolve time = 1940s)...
Presolve removed 0 rows and 0 columns (presolve time = 1945s)...
Presolve removed 0 rows and 0 columns (presolve time = 1950s)...
Presolve removed 0 rows and 0 columns (presolve time = 1955s)...
Presolve removed 0 rows and 0 columns (presolve time = 1960s)...
Presolve removed 0 rows and 0 columns (presolve time = 1965s)...
Presolve removed 0 rows and 0 columns (presolve time = 1970s)...
Presolve removed 0 rows and 0 columns (presolve time = 1975s)...
Presolve removed 0 rows and 0 columns (presolve time = 1980s)...
Presolve removed 0 rows and 0 columns (presolve time = 1985s)...
Presolve removed 0 rows and 0 columns (presolve time = 1990s)...
Presolve removed 0 rows and 0 columns (presolve time = 1995s)...
Presolve removed 0 rows and 0 columns (presolve time = 2000s)...
Presolve removed 0 rows and 0 columns (presolve time = 2005s)...
Presolve removed 0 rows and 0 columns (presolve time = 2010s)...
Presolve removed 0 rows and 0 columns (presolve time = 2015s)...
Presolve removed 0 rows and 0 columns (presolve time = 2020s)...
Presolve removed 0 rows and 0 columns (presolve time = 2025s)...
Presolve removed 0 rows and 0 columns (presolve time = 2030s)...
Presolve removed 0 rows and 0 columns (presolve time = 2035s)...
Presolve removed 0 rows and 0 columns (presolve time = 2040s)...
Presolve removed 0 rows and 0 columns (presolve time = 2045s)...
Presolve removed 0 rows and 0 columns (presolve time = 2050s)...
Presolve removed 0 rows and 0 columns (presolve time = 2055s)...
Presolve removed 0 rows and 0 columns (presolve time = 2060s)...
Presolve removed 0 rows and 0 columns (presolve time = 2065s)...
Presolve removed 0 rows and 0 columns (presolve time = 2070s)...
Presolve removed 0 rows and 0 columns (presolve time = 2075s)...
Presolve removed 0 rows and 0 columns (presolve time = 2080s)...
Presolve removed 0 rows and 0 columns (presolve time = 2085s)...
Presolve removed 0 rows and 0 columns (presolve time = 2090s)...
Presolve removed 0 rows and 0 columns (presolve time = 2095s)...
Presolve removed 0 rows and 0 columns (presolve time = 2100s)...
Presolve removed 0 rows and 0 columns (presolve time = 2105s)...
Presolve removed 0 rows and 0 columns (presolve time = 2110s)...
Presolve removed 0 rows and 0 columns (presolve time = 2115s)...
Presolve removed 0 rows and 0 columns (presolve time = 2120s)...
Presolve removed 0 rows and 0 columns (presolve time = 2125s)...
Presolve removed 0 rows and 0 columns (presolve time = 2130s)...
Presolve removed 0 rows and 0 columns (presolve time = 2135s)...
Presolve removed 0 rows and 0 columns (presolve time = 2140s)...
Presolve removed 0 rows and 0 columns (presolve time = 2145s)...
Presolve removed 0 rows and 0 columns (presolve time = 2150s)...
Presolve removed 0 rows and 0 columns (presolve time = 2155s)...
Presolve removed 0 rows and 0 columns (presolve time = 2160s)...
Presolve removed 0 rows and 0 columns (presolve time = 2165s)...
Presolve removed 0 rows and 0 columns (presolve time = 2170s)...
Presolve removed 0 rows and 0 columns (presolve time = 2175s)...
Presolve removed 0 rows and 0 columns (presolve time = 2180s)...
Presolve removed 0 rows and 0 columns (presolve time = 2185s)...
Presolve removed 0 rows and 0 columns (presolve time = 2190s)...
Presolve removed 0 rows and 0 columns (presolve time = 2195s)...
Presolve removed 0 rows and 0 columns (presolve time = 2200s)...
Presolve removed 0 rows and 0 columns (presolve time = 2205s)...
Presolve removed 0 rows and 0 columns (presolve time = 2210s)...
Presolve removed 0 rows and 0 columns (presolve time = 2215s)...
Presolve removed 0 rows and 0 columns (presolve time = 2220s)...
Presolve removed 0 rows and 0 columns (presolve time = 2225s)...
Presolve removed 0 rows and 0 columns (presolve time = 2230s)...
Presolve removed 0 rows and 0 columns (presolve time = 2235s)...
Presolve removed 0 rows and 0 columns (presolve time = 2240s)...
Presolve removed 0 rows and 0 columns (presolve time = 2245s)...
Presolve removed 0 rows and 0 columns (presolve time = 2250s)...
Presolve removed 0 rows and 0 columns (presolve time = 2255s)...
Presolve removed 0 rows and 0 columns (presolve time = 2260s)...
Presolve removed 0 rows and 0 columns (presolve time = 2265s)...
Presolve removed 0 rows and 0 columns (presolve time = 2270s)...
Presolve removed 0 rows and 0 columns (presolve time = 2275s)...
Presolve removed 0 rows and 0 columns (presolve time = 2280s)...
Presolve removed 0 rows and 0 columns (presolve time = 2285s)...
Presolve removed 0 rows and 0 columns (presolve time = 2290s)...
Presolve removed 0 rows and 0 columns (presolve time = 2295s)...
Presolve removed 0 rows and 0 columns (presolve time = 2300s)...
Presolve removed 0 rows and 0 columns (presolve time = 2305s)...
Presolve removed 0 rows and 0 columns (presolve time = 2310s)...
Presolve removed 0 rows and 0 columns (presolve time = 2315s)...
Presolve removed 0 rows and 0 columns (presolve time = 2320s)...
Presolve removed 0 rows and 0 columns (presolve time = 2325s)...
Presolve removed 0 rows and 0 columns (presolve time = 2330s)...
Presolve removed 0 rows and 0 columns (presolve time = 2335s)...
Presolve removed 0 rows and 0 columns (presolve time = 2340s)...
Presolve removed 0 rows and 0 columns (presolve time = 2345s)...
Presolve removed 0 rows and 0 columns (presolve time = 2350s)...
Presolve removed 0 rows and 0 columns (presolve time = 2355s)...
Presolve removed 0 rows and 0 columns (presolve time = 2360s)...
Presolve removed 0 rows and 0 columns (presolve time = 2365s)...
Presolve removed 0 rows and 0 columns (presolve time = 2370s)...
Presolve removed 0 rows and 0 columns (presolve time = 2375s)...
Presolve removed 0 rows and 0 columns (presolve time = 2380s)...
Presolve removed 0 rows and 0 columns (presolve time = 2385s)...
Presolve removed 0 rows and 0 columns (presolve time = 2390s)...
Presolve removed 0 rows and 0 columns (presolve time = 2395s)...
Presolve removed 0 rows and 0 columns (presolve time = 2400s)...
Presolve removed 0 rows and 0 columns (presolve time = 2405s)...
Presolve removed 0 rows and 0 columns (presolve time = 2410s)...
Presolve removed 0 rows and 0 columns (presolve time = 2415s)...
Presolve removed 0 rows and 0 columns (presolve time = 2420s)...
Presolve removed 0 rows and 0 columns (presolve time = 2425s)...
Presolve removed 0 rows and 0 columns (presolve time = 2430s)...
Presolve removed 0 rows and 0 columns (presolve time = 2435s)...
Presolve removed 0 rows and 0 columns (presolve time = 2440s)...
Presolve removed 0 rows and 0 columns (presolve time = 2445s)...
Presolve removed 0 rows and 0 columns (presolve time = 2450s)...
Presolve removed 0 rows and 0 columns (presolve time = 2455s)...
Presolve removed 0 rows and 0 columns (presolve time = 2460s)...
Presolve removed 0 rows and 0 columns (presolve time = 2465s)...
Presolve removed 0 rows and 0 columns (presolve time = 2470s)...
Presolve removed 0 rows and 0 columns (presolve time = 2475s)...
Presolve removed 0 rows and 0 columns (presolve time = 2480s)...
Presolve removed 0 rows and 0 columns (presolve time = 2485s)...
Presolve removed 0 rows and 0 columns (presolve time = 2490s)...
Presolve removed 0 rows and 0 columns (presolve time = 2495s)...
Presolve removed 0 rows and 0 columns (presolve time = 2500s)...
Presolve removed 0 rows and 0 columns (presolve time = 2505s)...
Presolve removed 0 rows and 0 columns (presolve time = 2510s)...
Presolve removed 0 rows and 0 columns (presolve time = 2515s)...
Presolve removed 0 rows and 0 columns (presolve time = 2520s)...
Presolve removed 0 rows and 0 columns (presolve time = 2525s)...
Presolve removed 0 rows and 0 columns (presolve time = 2530s)...
Presolve removed 0 rows and 0 columns (presolve time = 2535s)...
Presolve removed 0 rows and 0 columns (presolve time = 2540s)...
Presolve removed 0 rows and 0 columns (presolve time = 2545s)...
Presolve removed 0 rows and 0 columns (presolve time = 2550s)...
Presolve removed 0 rows and 0 columns (presolve time = 2555s)...
Presolve removed 0 rows and 0 columns (presolve time = 2560s)...
Presolve removed 0 rows and 0 columns (presolve time = 2565s)...
Presolve removed 0 rows and 0 columns (presolve time = 2570s)...
Presolve removed 0 rows and 0 columns (presolve time = 2575s)...
Presolve removed 0 rows and 0 columns (presolve time = 2580s)...
Presolve removed 0 rows and 0 columns (presolve time = 2585s)...
Presolve removed 0 rows and 0 columns (presolve time = 2590s)...
Presolve removed 0 rows and 0 columns (presolve time = 2595s)...
Presolve removed 0 rows and 0 columns (presolve time = 2600s)...
Presolve removed 0 rows and 0 columns (presolve time = 2605s)...
Presolve removed 0 rows and 0 columns (presolve time = 2610s)...
Presolve removed 0 rows and 0 columns (presolve time = 2615s)...
Presolve removed 0 rows and 0 columns (presolve time = 2620s)...
Presolve removed 0 rows and 0 columns (presolve time = 2625s)...
Presolve removed 0 rows and 0 columns (presolve time = 2630s)...
Presolve removed 0 rows and 0 columns (presolve time = 2635s)...
Presolve removed 0 rows and 0 columns (presolve time = 2640s)...
Presolve removed 0 rows and 0 columns (presolve time = 2645s)...
Presolve removed 0 rows and 0 columns (presolve time = 2650s)...
Presolve removed 0 rows and 0 columns (presolve time = 2655s)...
Presolve removed 0 rows and 0 columns (presolve time = 2660s)...
Presolve removed 0 rows and 0 columns (presolve time = 2665s)...
Presolve removed 0 rows and 0 columns (presolve time = 2670s)...
Presolve removed 0 rows and 0 columns (presolve time = 2675s)...
Presolve removed 0 rows and 0 columns (presolve time = 2680s)...
Presolve removed 0 rows and 0 columns (presolve time = 2685s)...
Presolve removed 0 rows and 0 columns (presolve time = 2690s)...
Presolve removed 0 rows and 0 columns (presolve time = 2695s)...
Presolve removed 0 rows and 0 columns (presolve time = 2700s)...
Presolve removed 0 rows and 0 columns (presolve time = 2705s)...
Presolve removed 0 rows and 0 columns (presolve time = 2710s)...
Presolve removed 0 rows and 0 columns (presolve time = 2715s)...
Presolve removed 0 rows and 0 columns (presolve time = 2720s)...
Presolve removed 0 rows and 0 columns (presolve time = 2725s)...
Presolve removed 0 rows and 0 columns (presolve time = 2730s)...
Presolve removed 0 rows and 0 columns (presolve time = 2735s)...
Presolve removed 0 rows and 0 columns (presolve time = 2740s)...
Presolve removed 0 rows and 0 columns (presolve time = 2745s)...
Presolve removed 0 rows and 0 columns (presolve time = 2750s)...
Presolve removed 0 rows and 0 columns (presolve time = 2755s)...
Presolve removed 0 rows and 0 columns (presolve time = 2760s)...
Presolve removed 0 rows and 0 columns (presolve time = 2765s)...
Presolve removed 0 rows and 0 columns (presolve time = 2770s)...
Presolve removed 0 rows and 0 columns (presolve time = 2775s)...
Presolve removed 0 rows and 0 columns (presolve time = 2780s)...
Presolve removed 0 rows and 0 columns (presolve time = 2785s)...
Presolve removed 0 rows and 0 columns (presolve time = 2790s)...
Presolve removed 0 rows and 0 columns (presolve time = 2795s)...
Presolve removed 0 rows and 0 columns (presolve time = 2800s)...
Presolve removed 0 rows and 0 columns (presolve time = 2805s)...
Presolve removed 0 rows and 0 columns (presolve time = 2810s)...
Presolve removed 0 rows and 0 columns (presolve time = 2815s)...
Presolve removed 0 rows and 0 columns (presolve time = 2820s)...
Presolve removed 0 rows and 0 columns (presolve time = 2825s)...
Presolve removed 0 rows and 0 columns (presolve time = 2830s)...
Presolve removed 0 rows and 0 columns (presolve time = 2835s)...
Presolve removed 0 rows and 0 columns (presolve time = 2840s)...
Presolve removed 0 rows and 0 columns (presolve time = 2845s)...
Presolve removed 0 rows and 0 columns (presolve time = 2850s)...
Presolve removed 0 rows and 0 columns (presolve time = 2855s)...
Presolve removed 0 rows and 0 columns (presolve time = 2860s)...
Presolve removed 0 rows and 0 columns (presolve time = 2865s)...
Presolve removed 0 rows and 0 columns (presolve time = 2870s)...
Presolve removed 0 rows and 0 columns (presolve time = 2875s)...
Presolve removed 0 rows and 0 columns (presolve time = 2880s)...
Presolve removed 0 rows and 0 columns (presolve time = 2885s)...
Presolve removed 0 rows and 0 columns (presolve time = 2890s)...
Presolve removed 0 rows and 0 columns (presolve time = 2895s)...
Presolve removed 0 rows and 0 columns (presolve time = 2900s)...
Presolve removed 0 rows and 0 columns (presolve time = 2905s)...
Presolve removed 0 rows and 0 columns (presolve time = 2910s)...
Presolve removed 0 rows and 0 columns (presolve time = 2915s)...
Presolve removed 0 rows and 0 columns (presolve time = 2920s)...
Presolve removed 0 rows and 0 columns (presolve time = 2925s)...
Presolve removed 0 rows and 0 columns (presolve time = 2930s)...
Presolve removed 0 rows and 0 columns (presolve time = 2935s)...
Presolve removed 0 rows and 0 columns (presolve time = 2940s)...
Presolve removed 0 rows and 0 columns (presolve time = 2945s)...
Presolve removed 0 rows and 0 columns (presolve time = 2950s)...
Presolve removed 0 rows and 0 columns (presolve time = 2955s)...
Presolve removed 0 rows and 0 columns (presolve time = 2960s)...
Presolve removed 0 rows and 0 columns (presolve time = 2965s)...
Presolve removed 0 rows and 0 columns (presolve time = 2970s)...
Presolve removed 0 rows and 0 columns (presolve time = 2975s)...
Presolve removed 0 rows and 0 columns (presolve time = 2980s)...
Presolve removed 0 rows and 0 columns (presolve time = 2985s)...
Presolve removed 0 rows and 0 columns (presolve time = 2990s)...
Presolve removed 0 rows and 0 columns (presolve time = 2995s)...
Presolve removed 0 rows and 0 columns (presolve time = 3000s)...
Presolve removed 0 rows and 0 columns (presolve time = 3005s)...
Presolve removed 0 rows and 0 columns (presolve time = 3010s)...
Presolve removed 0 rows and 0 columns (presolve time = 3015s)...
Presolve removed 0 rows and 0 columns (presolve time = 3020s)...
Presolve removed 0 rows and 0 columns (presolve time = 3025s)...
Presolve removed 0 rows and 0 columns (presolve time = 3030s)...
Presolve removed 0 rows and 0 columns (presolve time = 3035s)...
Presolve removed 0 rows and 0 columns (presolve time = 3040s)...
Presolve removed 0 rows and 0 columns (presolve time = 3045s)...
Presolve removed 0 rows and 0 columns (presolve time = 3050s)...
Presolve removed 0 rows and 0 columns (presolve time = 3055s)...
Presolve removed 0 rows and 0 columns (presolve time = 3060s)...
Presolve removed 0 rows and 0 columns (presolve time = 3065s)...
Presolve removed 0 rows and 0 columns (presolve time = 3070s)...
Presolve removed 0 rows and 0 columns (presolve time = 3075s)...
Presolve removed 0 rows and 0 columns (presolve time = 3080s)...
Presolve removed 0 rows and 0 columns (presolve time = 3085s)...
Presolve removed 0 rows and 0 columns (presolve time = 3090s)...
Presolve removed 0 rows and 0 columns (presolve time = 3095s)...
Presolve removed 0 rows and 0 columns (presolve time = 3100s)...
Presolve removed 0 rows and 0 columns (presolve time = 3105s)...
Presolve removed 0 rows and 0 columns (presolve time = 3110s)...
Presolve removed 0 rows and 0 columns (presolve time = 3115s)...
Presolve removed 0 rows and 0 columns (presolve time = 3120s)...
Presolve removed 0 rows and 0 columns (presolve time = 3125s)...
Presolve removed 0 rows and 0 columns (presolve time = 3130s)...
Presolve removed 0 rows and 0 columns (presolve time = 3135s)...
Presolve removed 0 rows and 0 columns (presolve time = 3140s)...
Presolve removed 0 rows and 0 columns (presolve time = 3145s)...
Presolve removed 0 rows and 0 columns (presolve time = 3150s)...
Presolve removed 0 rows and 0 columns (presolve time = 3155s)...
Presolve removed 0 rows and 0 columns (presolve time = 3160s)...
Presolve removed 0 rows and 0 columns (presolve time = 3165s)...
Presolve removed 0 rows and 0 columns (presolve time = 3170s)...
Presolve removed 0 rows and 0 columns (presolve time = 3175s)...
Presolve removed 0 rows and 0 columns (presolve time = 3180s)...
Presolve removed 0 rows and 0 columns (presolve time = 3185s)...
Presolve removed 0 rows and 0 columns (presolve time = 3190s)...
Presolve removed 0 rows and 0 columns (presolve time = 3195s)...
Presolve removed 0 rows and 0 columns (presolve time = 3200s)...
Presolve removed 0 rows and 0 columns (presolve time = 3205s)...
Presolve removed 0 rows and 0 columns (presolve time = 3210s)...
Presolve removed 0 rows and 0 columns (presolve time = 3215s)...
Presolve removed 0 rows and 0 columns (presolve time = 3220s)...
Presolve removed 0 rows and 0 columns (presolve time = 3225s)...
Presolve removed 0 rows and 0 columns (presolve time = 3230s)...
Presolve removed 0 rows and 0 columns (presolve time = 3235s)...
Presolve removed 0 rows and 0 columns (presolve time = 3240s)...
Presolve removed 0 rows and 0 columns (presolve time = 3245s)...
Presolve removed 0 rows and 0 columns (presolve time = 3250s)...
Presolve removed 0 rows and 0 columns (presolve time = 3255s)...
Presolve removed 0 rows and 0 columns (presolve time = 3260s)...
Presolve removed 0 rows and 0 columns (presolve time = 3265s)...
Presolve removed 0 rows and 0 columns (presolve time = 3270s)...
Presolve removed 0 rows and 0 columns (presolve time = 3275s)...
Presolve removed 0 rows and 0 columns (presolve time = 3280s)...
Presolve removed 0 rows and 0 columns (presolve time = 3285s)...
Presolve removed 0 rows and 0 columns (presolve time = 3290s)...
Presolve removed 0 rows and 0 columns (presolve time = 3295s)...
Presolve removed 0 rows and 0 columns (presolve time = 3300s)...
Presolve removed 0 rows and 0 columns (presolve time = 3305s)...
Presolve removed 0 rows and 0 columns (presolve time = 3336s)...
Presolve time: 3336.19s
Presolved: 392028 rows, 57440 columns, 227564356 nonzeros
Variable types: 0 continuous, 57440 integer (57440 binary)

Root simplex log...

Iteration    Objective       Primal Inf.    Dual Inf.      Time
       0   -0.0000000e+00   0.000000e+00   5.118750e+03   3454s
      72    7.9442255e+03   0.000000e+00   0.000000e+00   3454s
      72    7.9442255e+03   0.000000e+00   0.000000e+00   3454s

Use crossover to convert LP symmetric solution to basic solution...

Root crossover log...

  377668 variables added to crossover basis                     3468s
  379348 variables added to crossover basis                     3470s
  379918 variables added to crossover basis                     3475s
  380278 variables added to crossover basis                     3480s
  380578 variables added to crossover basis                     3486s
  380818 variables added to crossover basis                     3490s
  381058 variables added to crossover basis                     3496s
  381238 variables added to crossover basis                     3500s
  381448 variables added to crossover basis                     3506s
  381628 variables added to crossover basis                     3511s
  381778 variables added to crossover basis                     3515s
  381958 variables added to crossover basis                     3521s
  382108 variables added to crossover basis                     3525s
  382258 variables added to crossover basis                     3530s
  382408 variables added to crossover basis                     3536s
  382528 variables added to crossover basis                     3540s
  382678 variables added to crossover basis                     3546s
  382798 variables added to crossover basis                     3550s
  382948 variables added to crossover basis                     3556s
  383068 variables added to crossover basis                     3561s
  383188 variables added to crossover basis                     3566s
  383308 variables added to crossover basis                     3571s
  383428 variables added to crossover basis                     3576s
  383518 variables added to crossover basis                     3580s
  383638 variables added to crossover basis                     3585s
  383758 variables added to crossover basis                     3591s
  383848 variables added to crossover basis                     3595s
  383968 variables added to crossover basis                     3601s
  384058 variables added to crossover basis                     3605s
  384178 variables added to crossover basis                     3611s
  384268 variables added to crossover basis                     3615s
  384388 variables added to crossover basis                     3621s
  384478 variables added to crossover basis                     3626s
  384568 variables added to crossover basis                     3631s
  384658 variables added to crossover basis                     3635s
  384748 variables added to crossover basis                     3640s
  384868 variables added to crossover basis                     3646s
  384958 variables added to crossover basis                     3651s
  385048 variables added to crossover basis                     3656s
  385138 variables added to crossover basis                     3661s
  385228 variables added to crossover basis                     3666s
  385318 variables added to crossover basis                     3671s
  385408 variables added to crossover basis                     3676s
  385498 variables added to crossover basis                     3682s
  385588 variables added to crossover basis                     3687s
  385648 variables added to crossover basis                     3690s
  385738 variables added to crossover basis                     3695s
  385828 variables added to crossover basis                     3701s
  385918 variables added to crossover basis                     3706s
  386008 variables added to crossover basis                     3712s
  386068 variables added to crossover basis                     3715s
  386158 variables added to crossover basis                     3721s
  386248 variables added to crossover basis                     3726s
  386338 variables added to crossover basis                     3732s
  386398 variables added to crossover basis                     3736s
  386488 variables added to crossover basis                     3741s
  386548 variables added to crossover basis                     3745s
  386638 variables added to crossover basis                     3751s
  386728 variables added to crossover basis                     3756s
  386788 variables added to crossover basis                     3760s
  386878 variables added to crossover basis                     3766s
  386938 variables added to crossover basis                     3770s
  387028 variables added to crossover basis                     3776s
  387118 variables added to crossover basis                     3782s
  387178 variables added to crossover basis                     3786s
  387268 variables added to crossover basis                     3792s
  387328 variables added to crossover basis                     3796s
  387418 variables added to crossover basis                     3802s
  387478 variables added to crossover basis                     3806s
  387568 variables added to crossover basis                     3812s
  387628 variables added to crossover basis                     3816s
  387718 variables added to crossover basis                     3822s
  387778 variables added to crossover basis                     3826s
  387838 variables added to crossover basis                     3830s
  387928 variables added to crossover basis                     3836s
  387988 variables added to crossover basis                     3841s
  388078 variables added to crossover basis                     3847s
  388138 variables added to crossover basis                     3851s
  388198 variables added to crossover basis                     3855s
  388288 variables added to crossover basis                     3861s
  388348 variables added to crossover basis                     3866s
  388438 variables added to crossover basis                     3872s
  388498 variables added to crossover basis                     3876s
  388558 variables added to crossover basis                     3880s
  388648 variables added to crossover basis                     3887s
  388708 variables added to crossover basis                     3891s
  388768 variables added to crossover basis                     3896s
  388858 variables added to crossover basis                     3902s
  388918 variables added to crossover basis                     3906s
  388978 variables added to crossover basis                     3911s
  389068 variables added to crossover basis                     3917s
  389128 variables added to crossover basis                     3921s
  389188 variables added to crossover basis                     3926s
  389248 variables added to crossover basis                     3930s
  389338 variables added to crossover basis                     3937s
  389398 variables added to crossover basis                     3941s
  389458 variables added to crossover basis                     3946s
  389518 variables added to crossover basis                     3950s
  389608 variables added to crossover basis                     3957s
  389668 variables added to crossover basis                     3961s
  389728 variables added to crossover basis                     3966s
  389788 variables added to crossover basis                     3970s
  389878 variables added to crossover basis                     3977s
  389938 variables added to crossover basis                     3981s
  389998 variables added to crossover basis                     3986s
  390058 variables added to crossover basis                     3990s
  390148 variables added to crossover basis                     3997s
  390208 variables added to crossover basis                     4001s
  390268 variables added to crossover basis                     4006s
  390328 variables added to crossover basis                     4010s
  390388 variables added to crossover basis                     4015s
  390478 variables added to crossover basis                     4022s
  390538 variables added to crossover basis                     4026s
  390598 variables added to crossover basis                     4031s
  390658 variables added to crossover basis                     4035s
  390748 variables added to crossover basis                     4042s
  390808 variables added to crossover basis                     4047s
  390868 variables added to crossover basis                     4051s
  390928 variables added to crossover basis                     4056s
  390988 variables added to crossover basis                     4061s
  391048 variables added to crossover basis                     4065s
  391138 variables added to crossover basis                     4072s
  391198 variables added to crossover basis                     4077s
  391258 variables added to crossover basis                     4081s
  391318 variables added to crossover basis                     4086s
  391378 variables added to crossover basis                     4090s
  391468 variables added to crossover basis                     4097s
  391528 variables added to crossover basis                     4102s
  391588 variables added to crossover basis                     4106s
  391648 variables added to crossover basis                     4111s
  391708 variables added to crossover basis                     4116s
  391768 variables added to crossover basis                     4120s
  391858 variables added to crossover basis                     4127s
  391918 variables added to crossover basis                     4132s
  391978 variables added to crossover basis                     4136s

       0 DPushes remaining with DInf 0.0000000e+00              4253s

       0 PPushes remaining with PInf 0.0000000e+00              4254s

  Push phase complete: Pinf 0.0000000e+00, Dinf 4.5334892e-09   4255s


Root simplex log...

Iteration    Objective       Primal Inf.    Dual Inf.      Time
      75    7.9442255e+03   0.000000e+00   0.000000e+00   4377s
Crossover time: 920.76 seconds (2202.87 work units)

Root relaxation: objective 7.944226e+03, 75 iterations, 1018.97 seconds (2286.17 work units)

    Nodes    |    Current Node    |     Objective Bounds      |     Work
 Expl Unexpl |  Obj  Depth IntInf | Incumbent    BestBd   Gap | It/Node Time

     0     0 7944.22553    0 14360 12133.0000 7944.22553  34.5%     - 4723s
H    0     0                    10052.000000 7944.22553  21.0%     - 4724s
H    0     0                    9812.0000000 7944.22553  19.0%     - 4725s
H    0     0                    9363.0000000 7944.22553  15.2%     - 4726s
H    0     0                    9326.0000000 7944.22553  14.8%     - 5012s
H    0     0                    9325.0000000 7944.22553  14.8%     - 5013s
H    0     0                    9277.0000000 7944.22553  14.4%     - 5014s
H    0     0                    9149.0000000 7944.22553  13.2%     - 5015s
H    0     0                    9148.0000000 7944.22553  13.2%     - 5016s
H    0     0                    9132.0000000 7944.22553  13.0%     - 5021s
H    0     0                    9129.0000000 7944.22553  13.0%     - 5066s
H    0     0                    9122.0000000 7944.22553  12.9%     - 5206s
H    0     0                    9120.0000000 7944.22553  12.9%     - 5280s
H    0     0                    9117.0000000 7944.22553  12.9%     - 5288s
H    0     0                    9115.0000000 7944.22553  12.8%     - 5645s
H    0     0                    9114.0000000 7944.22553  12.8%     - 5703s
     0     0 7944.22553    0 14360 9114.00000 7944.22553  12.8%     - 11117s

Explored 1 nodes (75 simplex iterations) in 14403.24 seconds (24601.29 work units)
Thread count was 32 (of 32 available processors)

Solution count 10: 9114 9115 9117 ... 9277

Time limit reached
Best objective 9.114000000000e+03, best bound 7.945000000000e+03, gap 12.8264%

User-callback calls 183223, time in user-callback 0.85 sec
