
Gurobi 13.0.2 (linux64) logging started Fri Jul 10 05:44:56 2026

Set parameter LogFile to value "/tmp/sweep_20260709_012313_china_alt260km_s50_i6_v6_gurobi.log"
Set parameter Method to value 1
Set parameter NodefileStart to value 4
Set parameter RINS to value 50
Gurobi Optimizer version 13.0.2 build v13.0.2rc1 (linux64 - "Debian GNU/Linux 13 (trixie)")

CPU model: Intel(R) Xeon(R) Platinum 8375C CPU @ 2.90GHz, instruction set [SSE2|AVX|AVX2|AVX512]
Thread count: 16 physical cores, 32 logical processors, using up to 32 threads

Non-default parameters:
TimeLimit  14400
MIPGap  0.001
Method  1
LPWarmStart  1
Heuristics  0.2
MIPFocus  1
NodefileStart  4
RINS  50
Symmetry  2
Cuts  2
CoverCuts  2
LogToConsole  0

Academic license 2812613 - for non-commercial use only - registered to no___@gatech.edu
Optimize a model with 196014 rows, 21540 columns and 24475902 nonzeros (Min)
Model fingerprint: 0xf5b0f315
Model has 21540 linear objective coefficients
Variable types: 0 continuous, 21540 integer (21540 binary)
Coefficient statistics:
  Matrix range     [1e+00, 1e+00]
  Objective range  [1e+00, 1e+00]
  Bounds range     [1e+00, 1e+00]
  RHS range        [9e+00, 9e+00]

Found heuristic solution: objective 3590.0000000
Presolve removed 0 rows and 0 columns (presolve time = 6s)...
Presolve removed 0 rows and 0 columns (presolve time = 12s)...
Presolve removed 0 rows and 0 columns (presolve time = 15s)...
Presolve removed 0 rows and 0 columns (presolve time = 20s)...
Presolve removed 0 rows and 0 columns (presolve time = 25s)...
Presolve removed 0 rows and 0 columns (presolve time = 31s)...
Presolve removed 0 rows and 0 columns (presolve time = 35s)...
Presolve removed 0 rows and 0 columns (presolve time = 40s)...
Presolve removed 0 rows and 0 columns (presolve time = 49s)...
Presolve removed 0 rows and 0 columns (presolve time = 50s)...
Presolve removed 0 rows and 0 columns (presolve time = 55s)...
Presolve removed 0 rows and 0 columns (presolve time = 60s)...
Presolve removed 0 rows and 0 columns (presolve time = 65s)...
Presolve removed 0 rows and 0 columns (presolve time = 70s)...
Presolve removed 0 rows and 0 columns (presolve time = 75s)...
Presolve removed 0 rows and 0 columns (presolve time = 80s)...
Presolve removed 0 rows and 0 columns (presolve time = 85s)...
Presolve removed 0 rows and 0 columns (presolve time = 90s)...
Presolve removed 0 rows and 0 columns (presolve time = 95s)...
Presolve removed 0 rows and 0 columns (presolve time = 100s)...
Presolve removed 0 rows and 0 columns (presolve time = 105s)...
Presolve removed 0 rows and 0 columns (presolve time = 110s)...
Presolve removed 0 rows and 0 columns (presolve time = 115s)...
Presolve removed 0 rows and 0 columns (presolve time = 120s)...
Presolve removed 0 rows and 0 columns (presolve time = 125s)...
Presolve removed 0 rows and 0 columns (presolve time = 130s)...
Presolve removed 0 rows and 0 columns (presolve time = 135s)...
Presolve removed 0 rows and 0 columns (presolve time = 140s)...
Presolve removed 0 rows and 0 columns (presolve time = 145s)...
Presolve removed 0 rows and 0 columns (presolve time = 150s)...
Presolve removed 0 rows and 0 columns (presolve time = 155s)...
Presolve removed 0 rows and 0 columns (presolve time = 160s)...
Presolve removed 0 rows and 0 columns (presolve time = 165s)...
Presolve removed 0 rows and 0 columns (presolve time = 170s)...
Presolve removed 0 rows and 0 columns (presolve time = 175s)...
Presolve removed 0 rows and 0 columns (presolve time = 180s)...
Presolve removed 0 rows and 0 columns (presolve time = 185s)...
Presolve removed 0 rows and 0 columns (presolve time = 190s)...
Presolve removed 0 rows and 0 columns (presolve time = 195s)...
Presolve removed 0 rows and 0 columns (presolve time = 200s)...
Presolve removed 0 rows and 0 columns (presolve time = 205s)...
Presolve removed 0 rows and 0 columns (presolve time = 210s)...
Presolve removed 0 rows and 0 columns (presolve time = 215s)...
Presolve removed 0 rows and 0 columns (presolve time = 220s)...
Presolve removed 0 rows and 0 columns (presolve time = 225s)...
Presolve removed 0 rows and 0 columns (presolve time = 230s)...
Presolve removed 0 rows and 0 columns (presolve time = 235s)...
Presolve removed 0 rows and 0 columns (presolve time = 240s)...
Presolve removed 0 rows and 0 columns (presolve time = 245s)...
Presolve removed 0 rows and 0 columns (presolve time = 250s)...
Presolve removed 0 rows and 0 columns (presolve time = 255s)...
Presolve removed 0 rows and 0 columns (presolve time = 260s)...
Presolve removed 0 rows and 0 columns (presolve time = 266s)...
Presolve time: 266.33s
Presolved: 196014 rows, 21540 columns, 24475902 nonzeros
Variable types: 0 continuous, 21540 integer (21540 binary)

Root simplex log...

Iteration    Objective       Primal Inf.    Dual Inf.      Time
       0   -0.0000000e+00   0.000000e+00   3.465000e+03    277s
      90    1.8920967e+03   0.000000e+00   0.000000e+00    277s
      90    1.8920967e+03   0.000000e+00   0.000000e+00    277s

Use crossover to convert LP symmetric solution to basic solution...

Root crossover log...

  190284 variables added to crossover basis                      285s
  192024 variables added to crossover basis                      290s
  192684 variables added to crossover basis                      295s
  193494 variables added to crossover basis                      300s
  194484 variables added to crossover basis                      305s
  195234 variables added to crossover basis                      310s
  195954 variables added to crossover basis                      315s

       0 DPushes remaining with DInf 0.0000000e+00               324s

       0 PPushes remaining with PInf 0.0000000e+00               324s

  Push phase complete: Pinf 0.0000000e+00, Dinf 2.9608455e-09    325s


Root simplex log...

Iteration    Objective       Primal Inf.    Dual Inf.      Time
      93    1.8920967e+03   0.000000e+00   0.000000e+00    332s
Crossover time: 54.97 seconds (95.69 work units)

Root relaxation: objective 1.892097e+03, 93 iterations, 63.65 seconds (104.30 work units)

    Nodes    |    Current Node    |     Objective Bounds      |     Work
 Expl Unexpl |  Obj  Depth IntInf | Incumbent    BestBd   Gap | It/Node Time

     0     0 1892.09670    0 10770 3590.00000 1892.09670  47.3%     -  345s
H    0     0                    2872.0000000 1892.09670  34.1%     -  346s
H    0     0                    2750.0000000 1892.09670  31.2%     -  386s
H    0     0                    2748.0000000 1892.09670  31.1%     -  386s
H    0     0                    2640.0000000 1892.09670  28.3%     -  386s
H    0     0                    2618.0000000 1892.09670  27.7%     -  386s
H    0     0                    2563.0000000 1892.09670  26.2%     -  386s
H    0     0                    2557.0000000 1892.09670  26.0%     -  386s
H    0     0                    2549.0000000 1892.09670  25.8%     -  387s
H    0     0                    2545.0000000 1892.09670  25.7%     -  389s
H    0     0                    2542.0000000 1892.09670  25.6%     -  396s
H    0     0                    2539.0000000 1892.09670  25.5%     -  396s
H    0     0                    2527.0000000 1892.09670  25.1%     -  403s
H    0     0                    2526.0000000 1892.09670  25.1%     -  416s
H    0     0                    2520.0000000 1892.09670  24.9%     -  423s
H    0     0                    2514.0000000 1892.09670  24.7%     -  500s
H    0     0                    2499.0000000 1892.09670  24.3%     -  500s
H    0     0                    2486.0000000 1892.09670  23.9%     -  501s
H    0     0                    2475.0000000 1892.09670  23.6%     -  501s
H    0     0                    2472.0000000 1892.09670  23.5%     -  501s
H    0     0                    2469.0000000 1892.09670  23.4%     -  525s
H    0     0                    2468.0000000 1892.09670  23.3%     -  539s
H    0     0                    2467.0000000 1892.09670  23.3%     -  540s
H    0     0                    2466.0000000 1892.09670  23.3%     -  550s
     0     0 1892.09670    0 10770 2466.00000 1892.09670  23.3%     - 1180s
H    0     0                    2459.0000000 1892.09670  23.1%     - 2837s
H    0     0                    2453.0000000 1892.09670  22.9%     - 2841s
H    0     0                    2452.0000000 1892.09670  22.8%     - 2846s
H    0     0                    2447.0000000 1892.09670  22.7%     - 2869s
H    0     0                    2446.0000000 1892.09670  22.6%     - 2941s
H    0     0                    2445.0000000 1892.09670  22.6%     - 2970s
H    0     2                    2318.0000000 1892.09670  18.4%     - 3141s
     0     2 1892.09670    0 10770 2318.00000 1892.09670  18.4%     - 3141s

Explored 1 nodes (93 simplex iterations) in 14400.69 seconds (58473.46 work units)
Thread count was 32 (of 32 available processors)

Solution count 10: 2318 2445 2446 ... 2468

Time limit reached
Best objective 2.318000000000e+03, best bound 1.893000000000e+03, gap 18.3348%

User-callback calls 127208, time in user-callback 0.52 sec
