
Gurobi 13.0.2 (linux64) logging started Mon Jul 20 02:31:58 2026

Set parameter LogFile to value "/tmp/sweep_20260716_013919_north-korea_alt550km_s50_i2_v10_gurobi.log"
Set parameter Method to value 1
Set parameter NodefileStart to value 4
Set parameter RINS to value 50
Gurobi Optimizer version 13.0.2 build v13.0.2rc1 (linux64 - "Debian GNU/Linux 13 (trixie)")

CPU model: Intel(R) Xeon(R) Platinum 8375C CPU @ 2.90GHz, instruction set [SSE2|AVX|AVX2|AVX512]
Thread count: 16 physical cores, 32 logical processors, using up to 32 threads

Non-default parameters:
TimeLimit  14400
MIPGap  0.001
Method  1
LPWarmStart  1
Heuristics  0.2
MIPFocus  1
NodefileStart  4
RINS  50
Symmetry  2
Cuts  2
CoverCuts  2
LogToConsole  0

Academic license 2812613 - for non-commercial use only - registered to no___@gatech.edu
Optimize a model with 1436 rows, 17950 columns and 341050 nonzeros (Min)
Model fingerprint: 0xf222a153
Model has 17950 linear objective coefficients
Variable types: 0 continuous, 17950 integer (17950 binary)
Coefficient statistics:
  Matrix range     [1e+00, 1e+00]
  Objective range  [1e+00, 1e+00]
  Bounds range     [1e+00, 1e+00]
  RHS range        [2e+01, 2e+01]

Found heuristic solution: objective 2735.0000000
Presolve removed 0 rows and 2872 columns
Presolve time: 0.29s
Presolved: 1436 rows, 15078 columns, 287918 nonzeros
Variable types: 0 continuous, 15078 integer (12924 binary)

Root simplex log...

Iteration    Objective       Primal Inf.    Dual Inf.      Time
    7287    1.4492940e+03   2.724521e+03   0.000000e+00      5s
   10327    1.4551094e+03   3.698519e+02   0.000000e+00     10s
   10534    1.4554054e+03   0.000000e+00   0.000000e+00     11s

Root relaxation: objective 1.455405e+03, 10534 iterations, 10.33 seconds (22.52 work units)

    Nodes    |    Current Node    |     Objective Bounds      |     Work
 Expl Unexpl |  Obj  Depth IntInf | Incumbent    BestBd   Gap | It/Node Time

     0     0 1455.40541    0 1436 2735.00000 1455.40541  46.8%     -   10s
H    0     0                    2386.0000000 1455.40541  39.0%     -   10s
H    0     0                    2255.0000000 1455.40541  35.5%     -   10s
H    0     0                    1707.0000000 1455.40541  14.7%     -   10s
H    0     0                    1586.0000000 1455.40541  8.23%     -   12s
H    0     0                    1585.0000000 1455.40541  8.18%     -   15s
H    0     0                    1584.0000000 1455.40541  8.12%     -   15s
H    0     0                    1583.0000000 1455.40541  8.06%     -   17s
H    0     0                    1579.0000000 1455.40541  7.83%     -   17s
H    0     0                    1574.0000000 1455.40541  7.53%     -   17s
H    0     0                    1571.9999997 1455.40541  7.42%     -   17s
     0     0 1455.44188    0 1436 1572.00000 1455.44188  7.41%     -   38s
H    0     0                    1532.0000000 1455.44188  5.00%     -   50s
H    0     0                    1522.0000000 1455.44188  4.37%     -   50s
H    0     0                    1518.0000000 1455.44188  4.12%     -   50s
H    0     0                    1516.0000000 1455.44188  3.99%     -   53s
H    0     0                    1512.0000000 1455.44188  3.74%     -   66s
H    0     0                    1511.0000000 1455.44188  3.68%     -   67s
H    0     0                    1507.0000000 1455.44188  3.42%     -   67s
H    0     0                    1505.0000000 1455.44188  3.29%     -   71s
H    0     0                    1504.0000000 1455.44188  3.23%     -   71s
H    0     0                    1503.0000000 1455.44188  3.16%     -   71s
H    0     0                    1502.0000000 1455.44188  3.10%     -   71s
H    0     0                    1501.0000000 1455.44188  3.04%     -   71s
     0     2 1455.44188    0 1436 1501.00000 1455.44188  3.04%     -   75s
     1     3 1455.44189    1 1434 1501.00000 1455.44189  3.04%   2.0   80s
     2     5 1455.45687    2 1433 1501.00000 1455.44633  3.03%   2.5   93s
H    3     5                    1500.0000000 1455.44633  2.97%   1.7   93s
     4     9 1455.48298    3 1431 1500.00000 1455.44633  2.97%   4.2  108s
     8    18 1455.50978    4 1430 1500.00000 1455.44633  2.97%   5.9  127s
H   16    18                    1496.0000000 1455.44633  2.71%   7.2  129s
    17    31 1455.54573    5 1427 1496.00000 1455.51034  2.71%  36.8  152s
H   33    50                    1495.0000000 1455.54527  2.64%  26.3  180s
H   52    98                    1494.0000000 1455.55988  2.57%  23.0  231s
H   70    98                    1492.9999996 1455.55988  2.51%  24.9  231s
H  100    98                    1492.0000000 1455.55988  2.44%  26.0  261s
   101    99 1455.62134    8 1436 1492.00000 1455.55988  2.44%  25.8  302s
   103   100 1455.56116    6 1436 1492.00000 1455.55988  2.44%  25.3  368s
   104   101 1455.59337    7 1436 1492.00000 1455.55988  2.44%  25.0  374s
H  104    95                    1490.9999995 1455.56757  2.38%  25.0  442s
   105    96 1455.58738    6 1436 1491.00000 1455.56757  2.38%  24.8  459s
H  106    93                    1490.0000000 1455.56757  2.31%   124  480s
H  106    88                    1489.0000000 1455.56757  2.25%   124  489s
   107    89 1455.60582    7 1436 1489.00000 1455.56757  2.25%   123  539s
   109    90 1455.58442    6 1436 1489.00000 1455.56757  2.25%   121  605s
   110    91 1455.57258    6 1436 1489.00000 1455.56757  2.25%   119  611s
H  110    86                    1488.0000000 1455.56757  2.18%   119  638s
H  110    82                    1487.0000000 1455.56757  2.11%   119  640s
H  110    77                    1486.0000000 1455.56757  2.05%   119  671s
   111    78 1455.64296    9 1436 1486.00000 1455.56757  2.05%   118  718s
   113    80 1455.72871   10 1436 1486.00000 1455.56757  2.05%   209  808s
   115    81 1455.69569   10 1436 1486.00000 1455.56757  2.05%   206  874s
   116    82 1455.70107   10 1436 1486.00000 1455.56757  2.05%   204  880s
H  116    77                    1485.0000000 1455.56757  1.98%   204  910s
   117    78 1455.62274    8 1436 1485.00000 1455.56757  1.98%   202  983s
   119    80 1455.65163    8 1436 1485.00000 1455.56757  1.98%   287 1084s
   121    81 1455.74076   13 1436 1485.00000 1455.56757  1.98%   283 1150s
   122    82 1455.72347   10 1436 1485.00000 1455.56757  1.98%   280 1156s
H  122    77                    1484.0000000 1455.56757  1.92%   280 1267s
   123    78 1455.69042   10 1436 1484.00000 1455.56757  1.92%   278 1278s
   125    80 1455.65829    9 1436 1484.00000 1455.56757  1.92%   358 1392s
   127    81 1455.65963    9 1436 1484.00000 1455.56757  1.92%   352 1459s
   128    82 1455.64684    8 1436 1484.00000 1455.56757  1.92%   350 1465s
H  128    77                    1483.0000000 1455.56757  1.85%   350 1495s
   129    78 1455.61436    7 1436 1483.00000 1455.56757  1.85%   347 1576s
   131    80 1455.65861    9 1436 1483.00000 1455.56757  1.85%   422 1702s
   133    81 1455.67120    9 1436 1483.00000 1455.56757  1.85%   416 1769s
   134    82 1455.66369    9 1436 1483.00000 1455.56757  1.85%   412 1775s
H  134    77                    1482.0000000 1455.56757  1.78%   412 1805s
   135    78 1455.72650   12 1436 1482.00000 1455.56757  1.78%   409 1889s
   137    80 1455.66652    9 1436 1482.00000 1455.56757  1.78%   480 2027s
   139    81 1455.67491    9 1436 1482.00000 1455.56757  1.78%   473 2092s
   140    82 1455.56757    6 1436 1482.00000 1455.56757  1.78%   470 2099s
   141    83 1455.67364    9 1436 1482.00000 1455.56757  1.78%   467 2213s
   143    85 1455.57258    6 1436 1482.00000 1455.56757  1.78%   534 2369s
   145    86 1455.66411    9 1436 1482.00000 1455.56757  1.78%   526 2436s
   146    87 1455.66339    9 1436 1482.00000 1455.56757  1.78%   523 2442s
   147    88 1455.67364    9 1436 1482.00000 1455.56757  1.78%   519 2555s
   149    90 1455.57081    6 1436 1482.00000 1455.56757  1.78%   583 2723s
   151    91 1455.63006    8 1436 1482.00000 1455.56757  1.78%   575 2789s
   152    92 1455.58379    6 1436 1482.00000 1455.56757  1.78%   572 2795s
   153    93 1455.65836    9 1436 1482.00000 1455.56757  1.78%   568 2910s
   155    95 1455.69292   10 1436 1482.00000 1455.56757  1.78%   628 3076s
   157    96 1455.67101    9 1436 1482.00000 1455.56757  1.78%   620 3142s
   158    97 1455.64606    8 1436 1482.00000 1455.56757  1.78%   617 3148s
   159    98 1455.69620    9 1436 1482.00000 1455.56757  1.78%   613 3262s
   161   100 1455.65207    9 1436 1482.00000 1455.56757  1.78%   670 3438s
   163   101 1455.67120    9 1436 1482.00000 1455.56757  1.78%   662 3504s
   164   102 1455.57081    6 1436 1482.00000 1455.56757  1.78%   658 3511s
   165   103 1455.71952   10 1436 1482.00000 1455.56757  1.78%   654 3624s
   167   105 1455.66905    9 1436 1482.00000 1455.56757  1.78%   709 3822s
   169   106 1455.60315    8 1436 1482.00000 1455.56757  1.78%   701 3888s
   170   107 1455.67854    9 1436 1482.00000 1455.56757  1.78%   697 3894s
   171   108 1455.67364    9 1436 1482.00000 1455.56757  1.78%   693 4007s
   173   110 1455.70107   10 1436 1482.00000 1455.56757  1.78%   746 4184s
   175   111 1455.62911    7 1436 1482.00000 1455.56757  1.78%   737 4249s
   176   112 1455.67383    9 1436 1482.00000 1455.56757  1.78%   733 4256s
   177   113 1455.67491    9 1436 1482.00000 1455.56757  1.78%   729 4368s
   179   115 1455.66474    9 1436 1482.00000 1455.56757  1.78%   780 4545s
   181   116 1455.65861    9 1436 1482.00000 1455.56757  1.78%   771 4611s
   182   117 1455.56757    6 1436 1482.00000 1455.56757  1.78%   767 4617s
   183   118 1455.57287    7 1436 1482.00000 1455.56757  1.78%   763 4730s
   185   120 1455.62911    7 1436 1482.00000 1455.56757  1.78%   811 4908s
   187   121 1455.71823   10 1436 1482.00000 1455.56757  1.78%   803 4974s
   188   122 1455.56757    6 1436 1482.00000 1455.56757  1.78%   798 4980s
   189   123 1455.56757    6 1436 1482.00000 1455.56757  1.78%   794 5093s
   191   125 1455.69042   10 1436 1482.00000 1455.56757  1.78%   841 5257s
   193   126 1455.61436    7 1436 1482.00000 1455.56757  1.78%   832 5323s
   194   127 1455.58403    7 1436 1482.00000 1455.56757  1.78%   828 5329s
   195   128 1455.60258    7 1436 1482.00000 1455.56757  1.78%   824 5442s
   197   130 1455.60315    8 1436 1482.00000 1455.56757  1.78%   869 5598s
   199   131 1455.63006    8 1436 1482.00000 1455.56757  1.78%   860 5664s
   200   132 1455.74076   13 1436 1482.00000 1455.56757  1.78%   856 5670s
   201   133 1455.62134    8 1436 1482.00000 1455.56757  1.78%   851 5783s
   203   135 1455.56757    6 1436 1482.00000 1455.56757  1.78%   895 5951s
   205   136 1455.58738    6 1436 1482.00000 1455.56757  1.78%   886 6016s
   206   137 1455.57081    6 1436 1482.00000 1455.56757  1.78%   882 6022s
   207   138 1455.60582    7 1436 1482.00000 1455.56757  1.78%   878 6135s
   209   140 1455.58442    6 1436 1482.00000 1455.56757  1.78%   920 6329s
   211   141 1455.64296    9 1436 1482.00000 1455.56757  1.78%   911 6395s
   212   142 1455.66739    9 1436 1482.00000 1455.56757  1.78%   907 6401s
   213   143 1455.72871   10 1436 1482.00000 1455.56757  1.78%   902 6514s
   215   145 1455.69569   10 1436 1482.00000 1455.56757  1.78%   943 6682s
   217   146 1455.62274    8 1436 1482.00000 1455.56757  1.78%   934 6748s
   218   147 1455.66858    9 1436 1482.00000 1455.56757  1.78%   930 6754s
   219   148 1455.65163    8 1436 1482.00000 1455.56757  1.78%   926 6868s
   221   150 1455.74076   13 1436 1482.00000 1455.56757  1.78%   965 7040s
   223   151 1455.69042   10 1436 1482.00000 1455.56757  1.78%   956 7106s
   224   152 1455.56757    6 1436 1482.00000 1455.56757  1.78%   952 7112s
   225   153 1455.65829    9 1436 1482.00000 1455.56757  1.78%   948 7226s
   227   155 1455.65963    9 1436 1482.00000 1455.56757  1.78%   986 7421s
   229   156 1455.61436    7 1436 1482.00000 1455.56757  1.78%   977 7486s
   230   157 1455.66474    9 1436 1482.00000 1455.56757  1.78%   973 7492s
   231   158 1455.65861    9 1436 1482.00000 1455.56757  1.78%   969 7605s
   233   160 1455.67120    9 1436 1482.00000 1455.56757  1.78%  1006 7779s
   235   161 1455.72650   12 1436 1482.00000 1455.56757  1.78%   997 7845s
   236   162 1455.66739    9 1436 1482.00000 1455.56757  1.78%   993 7852s
   237   163 1455.66652    9 1436 1482.00000 1455.56757  1.78%   989 7967s
   239   165 1455.67491    9 1436 1482.00000 1455.56757  1.78%  1025 8145s
   241   166 1455.67364    9 1436 1482.00000 1455.56757  1.78%  1016 8211s
   242   167 1455.66858    9 1436 1482.00000 1455.56757  1.78%  1012 8218s
   243   168 1455.57258    6 1436 1482.00000 1455.56757  1.78%  1008 8333s
   245   170 1455.66411    9 1436 1482.00000 1455.56757  1.78%  1043 8495s
   247   171 1455.67364    9 1436 1482.00000 1455.56757  1.78%  1034 8562s
   248   172 1455.61436    7 1436 1482.00000 1455.56757  1.78%  1030 8568s
   249   173 1455.57081    6 1436 1482.00000 1455.56757  1.78%  1026 8683s
   251   175 1455.63006    8 1436 1482.00000 1455.56757  1.78%  1060 8865s
   253   176 1455.65836    9 1436 1482.00000 1455.56757  1.78%  1051 8931s
   254   177 1455.56757    6 1436 1482.00000 1455.56757  1.78%  1047 8938s
   255   178 1455.69292   10 1436 1482.00000 1455.56757  1.78%  1043 9053s
   257   180 1455.67101    9 1436 1482.00000 1455.56757  1.78%  1076 9229s
   259   181 1455.69620    9 1436 1482.00000 1455.56757  1.78%  1068 9296s
   260   182 1455.59652    7 1436 1482.00000 1455.56757  1.78%  1063 9303s
   261   183 1455.65207    9 1436 1482.00000 1455.56757  1.78%  1059 9419s
   263   185 1455.67120    9 1436 1482.00000 1455.56757  1.78%  1091 9598s
   265   186 1455.71952   10 1436 1482.00000 1455.56757  1.78%  1083 9665s
   266   187 1455.60258    7 1436 1482.00000 1455.56757  1.78%  1079 9671s
   267   188 1455.66905    9 1436 1482.00000 1455.56757  1.78%  1075 9785s
   269   190 1455.60315    8 1436 1482.00000 1455.56757  1.78%  1106 9979s
   271   191 1455.67364    9 1436 1482.00000 1455.56757  1.78%  1098 10045s
   272   192 1455.70107   10 1436 1482.00000 1455.56757  1.78%  1094 10051s
   273   193 1455.70107   10 1436 1482.00000 1455.56757  1.78%  1090 10165s
   275   195 1455.62911    7 1436 1482.00000 1455.56757  1.78%  1120 10349s
   277   196 1455.67491    9 1436 1482.00000 1455.56757  1.78%  1112 10416s
   278   197 1455.65745    9 1436 1482.00000 1455.56757  1.78%  1108 10422s
   279   198 1455.66474    9 1436 1482.00000 1455.56757  1.78%  1104 10537s
   281   200 1455.65861    9 1436 1482.00000 1455.56757  1.78%  1134 10711s
   283   201 1455.57287    7 1436 1482.00000 1455.56757  1.78%  1126 10778s
   284   202 1455.64296    9 1436 1482.00000 1455.56757  1.78%  1122 10784s
   285   203 1455.62911    7 1436 1482.00000 1455.56757  1.78%  1118 10897s
   287   205 1455.71823   10 1436 1482.00000 1455.56757  1.78%  1147 11067s
   289   206 1455.56757    6 1436 1482.00000 1455.56757  1.78%  1139 11133s
   290   207 1455.74076   13 1436 1482.00000 1455.56757  1.78%  1135 11139s
   291   208 1455.69042   10 1436 1482.00000 1455.56757  1.78%  1131 11252s
   293   210 1455.61436    7 1436 1482.00000 1455.56757  1.78%  1159 11403s
   295   211 1455.60258    7 1436 1482.00000 1455.56757  1.78%  1151 11469s
   296   212 1455.63854    8 1436 1482.00000 1455.56757  1.78%  1148 11476s
   297   213 1455.60315    8 1436 1482.00000 1455.56757  1.78%  1144 11589s
   299   215 1455.63006    8 1436 1482.00000 1455.56757  1.78%  1171 11790s
   301   216 1455.62134    8 1436 1482.00000 1455.56757  1.78%  1164 11857s
   302   217 1455.60315    8 1436 1482.00000 1455.56757  1.78%  1160 11863s
   303   218 1455.56757    6 1436 1482.00000 1455.56757  1.78%  1156 11976s
   305   220 1455.58738    6 1436 1482.00000 1455.56757  1.78%  1183 12148s
   307   221 1455.60582    7 1436 1482.00000 1455.56757  1.78%  1175 12215s
   308   222 1455.69448   10 1436 1482.00000 1455.56757  1.78%  1171 12222s
   309   223 1455.58442    6 1436 1482.00000 1455.56757  1.78%  1168 12335s
   311   225 1455.64296    9 1436 1482.00000 1455.56757  1.78%  1194 12500s
   313   226 1455.72871   10 1436 1482.00000 1455.56757  1.78%  1186 12566s
   314   227 1455.59337    7 1436 1482.00000 1455.56757  1.78%  1182 12573s
   315   228 1455.69569   10 1436 1482.00000 1455.56757  1.78%  1179 12686s
   317   230 1455.62274    8 1436 1482.00000 1455.56757  1.78%  1205 12852s
   319   231 1455.65163    8 1436 1482.00000 1455.56757  1.78%  1197 12918s
   320   232 1455.57136    6 1436 1482.00000 1455.56757  1.78%  1193 12924s
   321   233 1455.74076   13 1436 1482.00000 1455.56757  1.78%  1189 13038s
   323   235 1455.69042   10 1436 1482.00000 1455.56757  1.78%  1215 13213s
   325   236 1455.65829    9 1436 1482.00000 1455.56757  1.78%  1207 13279s
   326   237 1455.59023    6 1436 1482.00000 1455.56757  1.78%  1204 13286s
   327   238 1455.65963    9 1436 1482.00000 1455.56757  1.78%  1200 13400s
   329   240 1455.61436    7 1436 1482.00000 1455.56757  1.78%  1225 13572s
   331   241 1455.65861    9 1436 1482.00000 1455.56757  1.78%  1217 13639s
   332   242 1455.71541   10 1436 1482.00000 1455.56757  1.78%  1214 13645s
   333   243 1455.67120    9 1436 1482.00000 1455.56757  1.78%  1210 13760s
   335   245 1455.72650   12 1436 1482.00000 1455.56757  1.78%  1234 13965s
   337   246 1455.66652    9 1436 1482.00000 1455.56757  1.78%  1227 14031s
   338   247 1455.70329   11 1436 1482.00000 1455.56757  1.78%  1223 14037s
   339   248 1455.67491    9 1436 1482.00000 1455.56757  1.78%  1220 14151s
   341   250 1455.67364    9 1436 1482.00000 1455.56757  1.78%  1243 14319s
   343   251 1455.57258    6 1436 1482.00000 1455.56757  1.78%  1236 14385s
   344   252 1455.63404    8 1436 1482.00000 1455.56757  1.78%  1232 14391s

Explored 344 nodes (445031 simplex iterations) in 14400.03 seconds (30876.98 work units)
Thread count was 32 (of 32 available processors)

Solution count 10: 1482 1483 1484 ... 1491

Time limit reached
Best objective 1.482000000000e+03, best bound 1.456000000000e+03, gap 1.7544%

User-callback calls 2083357, time in user-callback 6.47 sec
