
Gurobi 13.0.2 (linux64) logging started Fri Jul 17 18:51:07 2026

Set parameter LogFile to value "/tmp/sweep_20260716_013919_north-korea_alt400km_s10_i4_v5_gurobi.log"
Set parameter Method to value 1
Set parameter NodefileStart to value 4
Set parameter RINS to value 50
Gurobi Optimizer version 13.0.2 build v13.0.2rc1 (linux64 - "Debian GNU/Linux 13 (trixie)")

CPU model: Intel(R) Xeon(R) Platinum 8375C CPU @ 2.90GHz, instruction set [SSE2|AVX|AVX2|AVX512]
Thread count: 16 physical cores, 32 logical processors, using up to 32 threads

Non-default parameters:
TimeLimit  14400
MIPGap  0.001
Method  1
LPWarmStart  1
Heuristics  0.2
MIPFocus  1
NodefileStart  4
RINS  50
Symmetry  2
Cuts  2
CoverCuts  2
LogToConsole  0

Academic license 2812613 - for non-commercial use only - registered to no___@gatech.edu
Optimize a model with 2872 rows, 14360 columns and 285764 nonzeros (Min)
Model fingerprint: 0x6cf98092
Model has 14360 linear objective coefficients
Variable types: 0 continuous, 14360 integer (14360 binary)
Coefficient statistics:
  Matrix range     [1e+00, 1e+00]
  Objective range  [1e+00, 1e+00]
  Bounds range     [1e+00, 1e+00]
  RHS range        [3e+00, 3e+00]

Found heuristic solution: objective 615.0000000
Presolve time: 0.18s
Presolved: 2872 rows, 14360 columns, 285764 nonzeros
Variable types: 0 continuous, 14360 integer (14360 binary)

Root simplex log...

Iteration    Objective       Primal Inf.    Dual Inf.      Time
   10719    3.4758819e+02   3.248000e+03   0.000000e+00      5s
   15499    3.5529288e+02   5.258853e+03   0.000000e+00     10s
   19209    3.5794786e+02   6.194843e+03   0.000000e+00     15s
   22429    3.5884193e+02   1.147647e+03   0.000000e+00     20s
   24049    3.5900000e+02   0.000000e+00   0.000000e+00     22s

Root relaxation: objective 3.590000e+02, 24049 iterations, 22.28 seconds (49.72 work units)

    Nodes    |    Current Node    |     Objective Bounds      |     Work
 Expl Unexpl |  Obj  Depth IntInf | Incumbent    BestBd   Gap | It/Node Time

*    0     0               0     359.0000000  359.00000  0.00%     -   22s

Explored 1 nodes (24049 simplex iterations) in 22.50 seconds (50.02 work units)
Thread count was 32 (of 32 available processors)

Solution count 2: 359 615 

Optimal solution found (tolerance 1.00e-03)
Best objective 3.590000000000e+02, best bound 3.590000000000e+02, gap 0.0000%

User-callback calls 651, time in user-callback 0.00 sec
