
Gurobi 13.0.2 (linux64) logging started Sun Jul 19 19:51:40 2026

Set parameter LogFile to value "/tmp/sweep_20260716_013919_north-korea_alt550km_s35_i2_v4_gurobi.log"
Set parameter Method to value 1
Set parameter NodefileStart to value 4
Set parameter RINS to value 50
Gurobi Optimizer version 13.0.2 build v13.0.2rc1 (linux64 - "Debian GNU/Linux 13 (trixie)")

CPU model: Intel(R) Xeon(R) Platinum 8375C CPU @ 2.90GHz, instruction set [SSE2|AVX|AVX2|AVX512]
Thread count: 16 physical cores, 32 logical processors, using up to 32 threads

Non-default parameters:
TimeLimit  14400
MIPGap  0.001
Method  1
LPWarmStart  1
Heuristics  0.2
MIPFocus  1
NodefileStart  4
RINS  50
Symmetry  2
Cuts  2
CoverCuts  2
LogToConsole  0

Academic license 2812613 - for non-commercial use only - registered to no___@gatech.edu
Optimize a model with 1436 rows, 14360 columns and 77544 nonzeros (Min)
Model fingerprint: 0xf591b832
Model has 14360 linear objective coefficients
Variable types: 0 continuous, 14360 integer (14360 binary)
Coefficient statistics:
  Matrix range     [1e+00, 1e+00]
  Objective range  [1e+00, 1e+00]
  Bounds range     [1e+00, 1e+00]
  RHS range        [2e+01, 2e+01]

Found heuristic solution: objective 5744.0000000
Presolve removed 0 rows and 4308 columns
Presolve time: 0.05s
Presolved: 1436 rows, 10052 columns, 56004 nonzeros
Variable types: 0 continuous, 10052 integer (7898 binary)
Warning: Markowitz tolerance tightened to 0.03125

Root simplex log...

Iteration    Objective       Primal Inf.    Dual Inf.      Time
   15219    3.7039112e+03   5.696892e+03   0.000000e+00      5s
   21093    3.7096667e+03   0.000000e+00   0.000000e+00      9s

Root relaxation: objective 3.709667e+03, 21093 iterations, 8.67 seconds (16.72 work units)

    Nodes    |    Current Node    |     Objective Bounds      |     Work
 Expl Unexpl |  Obj  Depth IntInf | Incumbent    BestBd   Gap | It/Node Time

     0     0 3709.66667    0 1428 5744.00000 3709.66667  35.4%     -   10s
H    0     0                    4290.0000000 3709.66667  13.5%     -   10s
H    0     0                    4158.0000000 3709.66667  10.8%     -   10s
H    0     0                    3877.0000000 3709.66667  4.32%     -   10s
H    0     0                    3859.0000000 3709.66667  3.87%     -   10s
H    0     0                    3855.0000000 3709.66667  3.77%     -   10s
H    0     0                    3854.0000000 3709.66667  3.75%     -   10s
H    0     0                    3853.0000000 3709.66667  3.72%     -   10s
H    0     0                    3813.0000000 3709.66667  2.71%     -   10s
H    0     0                    3796.0000000 3709.66667  2.27%     -   10s
H    0     0                    3795.0000000 3709.66667  2.25%     -   10s
H    0     0                    3790.0000000 3709.66667  2.12%     -   10s
H    0     0                    3784.0000000 3709.66667  1.96%     -   10s
H    0     0                    3783.0000000 3709.66667  1.94%     -   10s
H    0     0                    3782.0000000 3709.66667  1.91%     -   10s
H    0     0                    3780.0000000 3709.66667  1.86%     -   10s
H    0     0                    3778.0000000 3709.66667  1.81%     -   10s
H    0     0                    3777.0000000 3709.66667  1.78%     -   10s
H    0     0                    3775.0000000 3709.66667  1.73%     -   10s
H    0     0                    3774.0000000 3709.66667  1.70%     -   10s
H    0     0                    3771.0000000 3709.66667  1.63%     -   10s
H    0     0                    3770.0000000 3709.66667  1.60%     -   10s
H    0     0                    3769.0000000 3709.66667  1.57%     -   10s
H    0     0                    3768.0000000 3709.66667  1.55%     -   10s
H    0     0                    3767.0000000 3709.66667  1.52%     -   10s
H    0     0                    3766.0000000 3709.66667  1.50%     -   14s
H    0     0                    3765.0000000 3709.66667  1.47%     -   14s
H    0     0                    3764.0000000 3709.66667  1.44%     -   14s
H    0     0                    3763.0000000 3709.66667  1.42%     -   14s
H    0     0                    3761.0000000 3709.66667  1.36%     -   14s
H    0     0                    3760.0000000 3709.66667  1.34%     -   14s
     0     0 3709.66667    0 1503 3760.00000 3709.66667  1.34%     -   15s
H    0     0                    3759.0000000 3709.66667  1.31%     -   24s
H    0     0                    3758.0000000 3709.66667  1.29%     -   24s
H    0     0                    3757.0000000 3709.66667  1.26%     -   25s
H    0     0                    3756.0000000 3709.66667  1.23%     -   25s
H    0     0                    3755.0000000 3709.66667  1.21%     -   26s
H    0     0                    3754.0000000 3709.66667  1.18%     -   27s
     0     0 3709.66667    0 1453 3754.00000 3709.66667  1.18%     -   28s
     0     0 3709.66667    0 1436 3754.00000 3709.66667  1.18%     -   32s
     0     0 3709.66667    0 1436 3754.00000 3709.66667  1.18%     -   34s
     0     0 3709.66667    0 1434 3754.00000 3709.66667  1.18%     -   36s
     0     0 3709.66667    0 1485 3754.00000 3709.66667  1.18%     -   41s
     0     0 3709.66667    0 1453 3754.00000 3709.66667  1.18%     -   46s
     0     0 3709.66667    0 1439 3754.00000 3709.66667  1.18%     -   50s
H    0     0                    3753.0000000 3709.66667  1.15%     -   53s
     0     0 3709.66667    0 1497 3753.00000 3709.66667  1.15%     -   54s
     0     0 3709.66667    0 1476 3753.00000 3709.66667  1.15%     -   59s
     0     0 3709.66667    0 1445 3753.00000 3709.66667  1.15%     -   60s
H    0     0                    3752.0000000 3709.66667  1.13%     -   65s
     0     0 3709.66667    0 1436 3752.00000 3709.66667  1.13%     -   66s
     0     0 3709.66667    0 1436 3752.00000 3709.66667  1.13%     -   69s
H    0     0                    3751.0000000 3709.66667  1.10%     -   95s
H    0     0                    3750.0000000 3709.66667  1.08%     -   97s
H    0     0                    3749.0000000 3709.66667  1.05%     -   97s
H    0     0                    3748.0000000 3709.66667  1.02%     -  100s
     0     2 3709.66667    0 1436 3748.00000 3709.66667  1.02%     -  127s
     1     3 3709.66667    1 1437 3748.00000 3709.66667  1.02%   220  132s
     2     4 3709.66667    2 1446 3748.00000 3709.66667  1.02%   240  136s
     9    16 3709.66667    4 1464 3748.00000 3709.66667  1.02%   560  144s
    13    16 3709.66667    4 1460 3748.00000 3709.66667  1.02%   480  145s
    17    32 3709.66667    5 1459 3748.00000 3709.66667  1.02%   461  153s
    27    32 3709.66667    5 1458 3748.00000 3709.66667  1.02%   496  155s
    33    47 3709.66667    6 1465 3748.00000 3709.66667  1.02%   511  169s
    48    63 3709.66667    7 1455 3748.00000 3709.66667  1.02%   553  184s
    50    63 3709.66667    7 1456 3748.00000 3709.66667  1.02%   548  185s
H   57    63                    3747.0000000 3709.66667  1.00%   510  185s
    64    79 3709.66667    8 1446 3747.00000 3709.66667  1.00%   492  200s
    81    80 3709.66667    6 1436 3747.00000 3709.66667  1.00%   443  240s
    83    81 3709.66667    9 1428 3747.00000 3709.66667  1.00%   433  256s
    84    82 3709.66667    8 1457 3747.00000 3709.66667  1.00%   427  278s
    85    83 3709.66667    7 1462 3747.00000 3709.66667  1.00%   422  282s
H   85    78                    3746.0000000 3709.66667  0.97%   422  283s
    86    78 3709.66667    8 1470 3746.00000 3709.66667  0.97%   417  294s
    87    79 3709.66667    8 1469 3746.00000 3709.66667  0.97%   413  303s
    88    80 3709.66667    7 1497 3746.00000 3709.66667  0.97%   408  324s
    89    80 3709.66667    8 1473 3746.00000 3709.66667  0.97%   403  335s
    90    81 3709.66667    8 1504 3746.00000 3709.66667  0.97%   399  346s
    91    82 3709.66667    9 1473 3746.00000 3709.66667  0.97%   395  354s
    92    82 3709.66667    6 1500 3746.00000 3709.66667  0.97%   390  365s
    93    83 3709.86667    7 1500 3746.00000 3709.86667  0.96%   386  459s
    95    86 3709.86667    8 1436 3746.00000 3709.86667  0.96%  1156  516s
    97    87 3709.86667    8 1428 3746.00000 3709.86667  0.96%  1132  532s
    98    88 3709.86667    8 1445 3746.00000 3709.86667  0.96%  1120  557s
    99    89 3709.86667    6 1447 3746.00000 3709.86667  0.96%  1109  562s
   100    89 3709.86667    9 1465 3746.00000 3709.86667  0.96%  1098  577s
   101    90 3709.86667    8 1468 3746.00000 3709.86667  0.96%  1087  591s
   102    91 3709.86667    8 1455 3746.00000 3709.86667  0.96%  1076  604s
   103    91 3709.86667    8 1444 3746.00000 3709.86667  0.96%  1066  614s
   104    92 3709.86667    8 1468 3746.00000 3709.86667  0.96%  1056  630s
H  104    87                    3745.0000000 3709.86667  0.94%  1056  641s
   106    88 3709.86667    6 1476 3745.00000 3709.86667  0.94%  1036  663s
H  106    83                    3744.0000000 3709.86667  0.91%  1036  753s
   107    84 3709.86667    6 1476 3744.00000 3709.86667  0.91%  1026  798s
   109    87 3709.86667    8 1436 3744.00000 3709.86667  0.91%  1751  869s
   111    88 3709.86667    8 1428 3744.00000 3709.86667  0.91%  1719  885s
   112    89 3709.86667    8 1452 3744.00000 3709.86667  0.91%  1704  909s
   113    90 3709.86667    6 1454 3744.00000 3709.86667  0.91%  1689  915s
   114    90 3709.86667    8 1459 3744.00000 3709.86667  0.91%  1674  933s
   115    91 3709.86667    8 1459 3744.00000 3709.86667  0.91%  1660  944s
   116    92 3709.86667    9 1494 3744.00000 3709.86667  0.91%  1645  966s
   117    92 3709.86667    8 1474 3744.00000 3709.86667  0.91%  1631  977s
   118    93 3709.86667    8 1504 3744.00000 3709.86667  0.91%  1617  992s
   119    94 3709.86667    8 1475 3744.00000 3709.86667  0.91%  1604 1004s
   120    94 3709.86667    8 1509 3744.00000 3709.86667  0.91%  1590 1020s
   121    95 3709.86667    8 1509 3744.00000 3709.86667  0.91%  1577 1132s
   123    98 3709.86667    8 1436 3744.00000 3709.86667  0.91%  2154 1223s
   125    99 3709.86667    8 1428 3744.00000 3709.86667  0.91%  2120 1239s
   126   100 3709.86667    7 1448 3744.00000 3709.86667  0.91%  2103 1261s
   127   101 3709.86667    8 1449 3744.00000 3709.86667  0.91%  2086 1265s
   128   101 3709.86667    7 1476 3744.00000 3709.86667  0.91%  2070 1284s
   129   102 3709.86667    8 1454 3744.00000 3709.86667  0.91%  2054 1296s
   130   103 3709.86667    6 1478 3744.00000 3709.86667  0.91%  2038 1315s
   131   103 3709.86667    8 1472 3744.00000 3709.86667  0.91%  2023 1327s
   132   104 3709.86667    8 1516 3744.00000 3709.86667  0.91%  2007 1342s
   133   105 3709.86667    9 1473 3744.00000 3709.86667  0.91%  1992 1352s
   134   105 3709.86667    8 1496 3744.00000 3709.86667  0.91%  1977 1367s
   135   106 3709.86667    8 1496 3744.00000 3709.86667  0.91%  1963 1503s
   137   109 3709.86667    6 1436 3744.00000 3709.86667  0.91%  2417 1579s
   139   110 3709.86667    8 1428 3744.00000 3709.86667  0.91%  2382 1595s
   140   111 3709.86667    9 1457 3744.00000 3709.86667  0.91%  2365 1617s
   141   112 3709.86667    8 1455 3744.00000 3709.86667  0.91%  2349 1620s
   142   112 3709.86667    6 1475 3744.00000 3709.86667  0.91%  2332 1638s
   143   113 3709.86667    8 1469 3744.00000 3709.86667  0.91%  2316 1652s
   144   114 3709.86667    9 1462 3744.00000 3709.86667  0.91%  2300 1671s
   145   114 3709.86667    6 1448 3744.00000 3709.86667  0.91%  2284 1682s
   146   115 3709.86667    6 1484 3744.00000 3709.86667  0.91%  2268 1699s
   147   116 3709.86667    8 1459 3744.00000 3709.86667  0.91%  2253 1711s
   148   116 3709.86667    6 1461 3744.00000 3709.86667  0.91%  2238 1727s
H  148   110                    3743.0000000 3709.86667  0.89%  2238 1844s
   149   111 3709.86667    8 1461 3743.00000 3709.86667  0.89%  2223 1873s
   151   114 3709.86667    8 1436 3743.00000 3709.86667  0.89%  2682 1949s
   153   115 3709.86667    6 1428 3743.00000 3709.86667  0.89%  2647 1965s
   154   116 3709.86667    9 1456 3743.00000 3709.86667  0.89%  2630 1990s
   155   117 3709.86667    8 1445 3743.00000 3709.86667  0.89%  2613 1995s
   156   117 3709.86667    6 1473 3743.00000 3709.86667  0.89%  2596 2012s
   157   118 3709.86667    8 1467 3743.00000 3709.86667  0.89%  2579 2023s
   158   119 3709.86667    8 1486 3743.00000 3709.86667  0.89%  2563 2041s
   159   119 3709.86667    6 1473 3743.00000 3709.86667  0.89%  2547 2052s
   160   120 3709.86667    8 1516 3743.00000 3709.86667  0.89%  2531 2067s
   161   121 3709.86667    7 1484 3743.00000 3709.86667  0.89%  2515 2079s
   162   121 3709.86667    7 1498 3743.00000 3709.86667  0.89%  2500 2093s
   163   122 3709.86667    8 1498 3743.00000 3709.86667  0.89%  2484 2248s
   165   125 3709.86667    8 1436 3743.00000 3709.86667  0.89%  2889 2339s
   167   126 3709.86667    8 1428 3743.00000 3709.86667  0.89%  2854 2355s
   168   127 3709.86667    6 1453 3743.00000 3709.86667  0.89%  2837 2375s
   170   128 3709.86667    8 1454 3743.00000 3709.86667  0.89%  2804 2397s
   171   129 3709.86667    8 1459 3743.00000 3709.86667  0.89%  2787 2411s
   172   130 3709.86667    8 1445 3743.00000 3709.86667  0.89%  2771 2432s
   173   130 3709.86667    9 1442 3743.00000 3709.86667  0.89%  2755 2442s
   174   131 3709.86667    7 1469 3743.00000 3709.86667  0.89%  2739 2460s
   175   132 3709.86667    6 1467 3743.00000 3709.86667  0.89%  2724 2471s
   176   132 3709.86667    8 1493 3743.00000 3709.86667  0.89%  2708 2485s
   177   133 3709.86667    8 1493 3743.00000 3709.86667  0.89%  2693 2624s
   179   136 3709.86667    8 1436 3743.00000 3709.86667  0.89%  3093 2716s
   181   137 3709.86667    6 1428 3743.00000 3709.86667  0.89%  3059 2732s
   182   138 3709.86667    6 1447 3743.00000 3709.86667  0.89%  3042 2753s
   183   139 3709.86667    9 1440 3743.00000 3709.86667  0.89%  3026 2757s
   184   139 3709.86667    8 1483 3743.00000 3709.86667  0.89%  3009 2772s
   185   140 3709.86667    7 1472 3743.00000 3709.86667  0.89%  2993 2788s
   186   141 3709.86667    8 1465 3743.00000 3709.86667  0.89%  2977 2806s
   187   141 3709.86667    8 1455 3743.00000 3709.86667  0.89%  2961 2817s
   188   142 3709.86667    7 1488 3743.00000 3709.86667  0.89%  2945 2832s
   189   143 3709.86667    8 1463 3743.00000 3709.86667  0.89%  2930 2843s
   190   143 3709.86667    8 1516 3743.00000 3709.86667  0.89%  2914 2858s
   191   144 3709.86667    9 1516 3743.00000 3709.86667  0.89%  2899 3045s
   193   147 3709.86667    7 1436 3743.00000 3709.86667  0.89%  3193 3128s
   195   148 3709.86667    8 1428 3743.00000 3709.86667  0.89%  3160 3144s
   196   149 3709.86667    8 1447 3743.00000 3709.86667  0.89%  3144 3166s
   197   150 3709.86667    8 1443 3743.00000 3709.86667  0.89%  3128 3170s
   198   150 3709.86667    8 1461 3743.00000 3709.86667  0.89%  3112 3189s
   199   151 3709.86667    6 1455 3743.00000 3709.86667  0.89%  3097 3196s
   200   152 3709.86667    9 1463 3743.00000 3709.86667  0.89%  3081 3209s
   201   152 3709.86667    8 1468 3743.00000 3709.86667  0.89%  3066 3212s
   202   153 3709.86667    8 1516 3743.00000 3709.86667  0.89%  3051 3219s
   203   154 3709.86667    8 1487 3743.00000 3709.86667  0.89%  3036 3223s
   204   154 3709.86667    8 1519 3743.00000 3709.86667  0.89%  3021 3230s
   205   155 3709.86667    8 1519 3743.00000 3709.86667  0.89%  3006 3401s
   207   158 3709.86667    6 1436 3743.00000 3709.86667  0.89%  3333 3494s
   209   159 3709.86667    8 1428 3743.00000 3709.86667  0.89%  3301 3510s
   210   160 3709.86667    8 1451 3743.00000 3709.86667  0.89%  3285 3532s
   211   161 3709.86667    8 1449 3743.00000 3709.86667  0.89%  3270 3536s
   212   161 3709.86667    8 1456 3743.00000 3709.86667  0.89%  3254 3554s
   213   162 3709.86667    6 1453 3743.00000 3709.86667  0.89%  3239 3571s
   214   163 3709.86667    8 1450 3743.00000 3709.86667  0.89%  3224 3592s
   215   163 3709.86667    8 1436 3743.00000 3709.86667  0.89%  3209 3602s
   216   164 3709.86667    9 1467 3743.00000 3709.86667  0.89%  3194 3619s
   217   165 3709.86667    8 1463 3743.00000 3709.86667  0.89%  3179 3630s
   218   165 3709.86667    8 1512 3743.00000 3709.86667  0.89%  3165 3644s
   219   166 3709.86667    8 1512 3743.00000 3709.86667  0.89%  3150 3794s
   221   169 3709.86667    8 1436 3743.00000 3709.86667  0.89%  3430 3882s
   223   170 3709.86667    8 1428 3743.00000 3709.86667  0.89%  3400 3897s
   224   171 3709.86667    9 1459 3743.00000 3709.86667  0.89%  3384 3922s
   225   172 3709.86667    8 1455 3743.00000 3709.86667  0.89%  3369 3928s
   226   172 3709.86667    7 1466 3743.00000 3709.86667  0.89%  3354 3945s
   227   173 3709.86667    8 1465 3743.00000 3709.86667  0.89%  3340 3956s
   228   174 3709.86667    7 1481 3743.00000 3709.86667  0.89%  3325 3979s
   229   174 3709.86667    8 1462 3743.00000 3709.86667  0.89%  3311 3990s
   230   175 3709.86667    6 1502 3743.00000 3709.86667  0.89%  3296 4006s
   231   176 3709.86667    8 1484 3743.00000 3709.86667  0.89%  3282 4016s
   232   176 3709.86667    8 1511 3743.00000 3709.86667  0.89%  3268 4031s
   233   177 3709.86667    9 1511 3743.00000 3709.86667  0.89%  3254 4219s
   235   180 3709.86667    8 1436 3743.00000 3709.86667  0.89%  3534 4307s
   237   181 3709.86667    6 1428 3743.00000 3709.86667  0.89%  3504 4324s
   238   182 3709.86667    8 1455 3743.00000 3709.86667  0.89%  3490 4347s
   239   183 3709.86667    8 1455 3743.00000 3709.86667  0.89%  3475 4352s
   240   183 3709.86667    9 1454 3743.00000 3709.86667  0.89%  3461 4370s
   241   184 3709.86667    8 1456 3743.00000 3709.86667  0.89%  3446 4386s
   242   185 3709.86667    6 1458 3743.00000 3709.86667  0.89%  3432 4404s
   243   185 3709.86667    8 1442 3743.00000 3709.86667  0.89%  3418 4415s
   244   186 3709.86667    9 1486 3743.00000 3709.86667  0.89%  3404 4433s
   245   187 3709.86667    6 1473 3743.00000 3709.86667  0.89%  3390 4445s
   246   187 3709.86667    6 1497 3743.00000 3709.86667  0.89%  3376 4459s
   247   188 3709.86667    8 1497 3743.00000 3709.86667  0.89%  3362 4604s
   249   191 3709.86667    8 1436 3743.00000 3709.86667  0.89%  3618 4678s
   251   192 3709.86667    8 1428 3743.00000 3709.86667  0.89%  3589 4694s
   252   193 3709.86667    8 1433 3743.00000 3709.86667  0.89%  3575 4718s
   253   194 3709.86667    6 1444 3743.00000 3709.86667  0.89%  3561 4722s
   254   194 3709.86667    9 1456 3743.00000 3709.86667  0.89%  3547 4739s
   255   195 3709.86667    8 1457 3743.00000 3709.86667  0.89%  3533 4750s
   256   196 3709.86667    6 1485 3743.00000 3709.86667  0.89%  3519 4772s
   257   196 3709.86667    8 1464 3743.00000 3709.86667  0.89%  3505 4783s
   258   197 3709.86667    8 1503 3743.00000 3709.86667  0.89%  3492 4799s
   259   198 3709.86667    6 1464 3743.00000 3709.86667  0.89%  3478 4810s
   260   198 3709.86667    8 1507 3743.00000 3709.86667  0.89%  3465 4825s
   261   199 3709.86667    7 1507 3743.00000 3709.86667  0.89%  3452 4975s
   263   202 3709.86667    8 1436 3743.00000 3709.86667  0.89%  3709 5057s
   265   203 3709.86667    8 1428 3743.00000 3709.86667  0.89%  3681 5073s
   266   204 3709.86667    7 1447 3743.00000 3709.86667  0.89%  3668 5096s
   267   205 3709.86667    8 1448 3743.00000 3709.86667  0.89%  3654 5100s
   268   205 3709.86667    6 1467 3743.00000 3709.86667  0.89%  3640 5116s
   269   206 3709.86667    6 1454 3743.00000 3709.86667  0.89%  3627 5128s
   270   207 3709.86667    8 1484 3743.00000 3709.86667  0.89%  3613 5148s
   271   207 3709.86667    8 1482 3743.00000 3709.86667  0.89%  3600 5160s
   272   208 3709.86667    8 1512 3743.00000 3709.86667  0.89%  3587 5176s
   273   209 3709.86667    9 1483 3743.00000 3709.86667  0.89%  3574 5186s
   274   209 3709.86667    7 1511 3743.00000 3709.86667  0.89%  3561 5201s
   275   210 3709.86667    6 1511 3743.00000 3709.86667  0.89%  3548 5367s
   277   213 3709.86667    8 1436 3743.00000 3709.86667  0.89%  3768 5452s
   279   214 3709.86667    8 1428 3743.00000 3709.86667  0.89%  3741 5468s
   280   215 3709.86667    9 1459 3743.00000 3709.86667  0.89%  3728 5493s
   281   216 3709.86667    6 1441 3743.00000 3709.86667  0.89%  3715 5497s
   282   216 3709.86667    6 1458 3743.00000 3709.86667  0.89%  3701 5513s
   283   217 3709.86667    9 1455 3743.00000 3709.86667  0.89%  3688 5524s
   284   218 3709.86667    8 1469 3743.00000 3709.86667  0.89%  3675 5542s
   285   218 3709.86667    7 1461 3743.00000 3709.86667  0.89%  3663 5553s
   286   219 3709.86667    8 1487 3743.00000 3709.86667  0.89%  3650 5568s
   287   220 3709.86667    8 1470 3743.00000 3709.86667  0.89%  3637 5579s
   288   220 3709.86667    7 1482 3743.00000 3709.86667  0.89%  3624 5595s
   289   221 3709.86667    8 1482 3743.00000 3709.86667  0.89%  3612 5734s
   291   224 3709.86667    9 1436 3743.00000 3709.86667  0.89%  3839 5818s
   293   225 3709.86667    7 1428 3743.00000 3709.86667  0.89%  3813 5834s
   294   226 3709.86667    8 1448 3743.00000 3709.86667  0.89%  3800 5856s
   295   227 3709.86667    8 1446 3743.00000 3709.86667  0.89%  3787 5860s
   296   227 3709.86667    8 1455 3743.00000 3709.86667  0.89%  3774 5877s
   297   228 3709.86667    8 1463 3743.00000 3709.86667  0.89%  3762 5887s
   298   229 3709.86667    8 1487 3743.00000 3709.86667  0.89%  3749 5896s
   299   229 3709.86667    6 1481 3743.00000 3709.86667  0.89%  3736 5900s
   300   230 3709.86667    9 1510 3743.00000 3709.86667  0.89%  3724 5908s
   301   231 3709.86667    8 1476 3743.00000 3709.86667  0.89%  3712 5911s
   302   231 3709.86667    8 1507 3743.00000 3709.86667  0.89%  3699 5919s
   303   232 3709.86667    8 1507 3743.00000 3709.86667  0.89%  3687 6054s
   305   235 3709.86667    8 1436 3743.00000 3709.86667  0.89%  3895 6135s
   307   236 3709.86667    6 1428 3743.00000 3709.86667  0.89%  3870 6151s
   308   237 3709.86667    8 1439 3743.00000 3709.86667  0.89%  3857 6176s
   309   238 3709.86667    8 1445 3743.00000 3709.86667  0.89%  3845 6181s
   310   238 3709.86667    8 1447 3743.00000 3709.86667  0.89%  3832 6199s
   311   239 3709.86667    8 1446 3743.00000 3709.86667  0.89%  3820 6210s
   312   240 3709.86667    8 1463 3743.00000 3709.86667  0.89%  3808 6227s
   313   240 3709.86667    6 1454 3743.00000 3709.86667  0.89%  3795 6238s
   314   241 3709.86667    8 1485 3743.00000 3709.86667  0.89%  3783 6255s
   315   242 3709.86667    8 1477 3743.00000 3709.86667  0.89%  3771 6266s
   316   242 3709.86667    9 1501 3743.00000 3709.86667  0.89%  3759 6281s
   317   243 3709.86667    8 1501 3743.00000 3709.86667  0.89%  3747 6414s
   319   246 3709.86667    8 1436 3743.00000 3709.86667  0.89%  3974 6501s
   321   247 3709.86667    8 1428 3743.00000 3709.86667  0.89%  3950 6517s
   322   248 3709.86667    7 1458 3743.00000 3709.86667  0.89%  3937 6543s
   323   249 3709.86667    8 1446 3743.00000 3709.86667  0.89%  3925 6549s
   324   249 3709.86667    9 1441 3743.00000 3709.86667  0.89%  3913 6567s
   325   250 3709.86667    8 1448 3743.00000 3709.86667  0.89%  3901 6580s
   326   251 3709.86667    7 1465 3743.00000 3709.86667  0.89%  3889 6598s
   327   251 3709.86667    8 1458 3743.00000 3709.86667  0.89%  3877 6609s
   328   252 3709.86667    7 1499 3743.00000 3709.86667  0.89%  3865 6628s
   329   253 3709.86667    8 1477 3743.00000 3709.86667  0.89%  3853 6640s
   330   253 3709.86667    6 1516 3743.00000 3709.86667  0.89%  3842 6655s
   331   254 3709.86667    8 1516 3743.00000 3709.86667  0.89%  3830 6820s
   333   257 3709.86667    9 1436 3743.00000 3709.86667  0.89%  4043 6915s
   335   258 3709.86667    8 1428 3743.00000 3709.86667  0.89%  4019 6931s
   336   259 3709.86667    6 1457 3743.00000 3709.86667  0.89%  4007 6953s
   337   260 3709.86667    6 1455 3743.00000 3709.86667  0.89%  3995 6958s
   338   260 3709.86667    8 1452 3743.00000 3709.86667  0.89%  3983 6976s
   339   261 3709.86667    8 1451 3743.00000 3709.86667  0.89%  3971 6986s
   340   262 3709.86667    9 1457 3743.00000 3709.86667  0.89%  3960 7001s
   342   263 3709.86667    6 1483 3743.00000 3709.86667  0.89%  3936 7012s
   343   264 3709.86667    8 1467 3743.00000 3709.86667  0.89%  3925 7016s
   344   264 3709.86667    9 1482 3743.00000 3709.86667  0.89%  3914 7024s
   345   265 3709.86667    6 1482 3743.00000 3709.86667  0.89%  3902 7164s
   347   268 3709.86667    8 1436 3743.00000 3709.86667  0.89%  4105 7247s
   349   269 3709.86667    8 1428 3743.00000 3709.86667  0.89%  4081 7264s
   350   270 3709.86667    9 1445 3743.00000 3709.86667  0.89%  4070 7287s
   351   271 3709.86667    8 1443 3743.00000 3709.86667  0.89%  4058 7291s
   352   271 3709.86667    8 1472 3743.00000 3709.86667  0.89%  4047 7308s
   353   272 3709.86667    6 1468 3743.00000 3709.86667  0.89%  4035 7324s
   354   273 3709.86667    9 1460 3743.00000 3709.86667  0.89%  4024 7344s
   355   273 3709.86667    8 1446 3743.00000 3709.86667  0.89%  4012 7355s
   356   274 3709.86667    6 1497 3743.00000 3709.86667  0.89%  4001 7370s
   357   275 3709.86667    8 1459 3743.00000 3709.86667  0.89%  3990 7382s
   358   275 3709.86667    8 1503 3743.00000 3709.86667  0.89%  3979 7397s
   359   276 3709.86667    6 1503 3743.00000 3709.86667  0.89%  3968 7540s
   361   279 3709.86667    7 1436 3743.00000 3709.86667  0.89%  4124 7619s
   363   280 3709.86667    8 1428 3743.00000 3709.86667  0.89%  4101 7635s
   364   281 3709.86667    7 1455 3743.00000 3709.86667  0.89%  4090 7656s
   365   282 3709.86667    8 1448 3743.00000 3709.86667  0.89%  4079 7661s
   366   282 3709.86667    7 1467 3743.00000 3709.86667  0.89%  4068 7679s
   367   283 3709.86667    8 1458 3743.00000 3709.86667  0.89%  4057 7690s
   368   284 3709.86667    6 1483 3743.00000 3709.86667  0.89%  4046 7713s
   369   284 3709.86667    6 1474 3743.00000 3709.86667  0.89%  4035 7724s
   370   285 3709.86667    8 1512 3743.00000 3709.86667  0.89%  4024 7740s
   371   286 3709.86667    8 1477 3743.00000 3709.86667  0.89%  4013 7752s
   372   286 3709.86667    8 1510 3743.00000 3709.86667  0.89%  4002 7766s
   373   287 3709.86667    9 1510 3743.00000 3709.86667  0.89%  3991 7901s
   375   290 3709.86667    6 1436 3743.00000 3709.86667  0.89%  4169 7977s
   377   291 3709.86667    8 1428 3743.00000 3709.86667  0.89%  4147 7994s
   378   292 3709.86667    7 1443 3743.00000 3709.86667  0.89%  4136 8015s
   380   293 3709.86667    9 1476 3743.00000 3709.86667  0.89%  4114 8034s
   381   294 3709.86667    6 1458 3743.00000 3709.86667  0.89%  4104 8048s
   382   295 3709.86667    6 1466 3743.00000 3709.86667  0.89%  4093 8065s
   383   295 3709.86667    9 1447 3743.00000 3709.86667  0.89%  4082 8077s
   384   296 3709.86667    8 1476 3743.00000 3709.86667  0.89%  4072 8095s
   385   297 3709.86667    7 1465 3743.00000 3709.86667  0.89%  4061 8106s
   386   297 3709.86667    8 1517 3743.00000 3709.86667  0.89%  4051 8120s
   387   298 3709.86667    8 1517 3743.00000 3709.86667  0.89%  4040 8282s
   389   301 3709.86667    8 1436 3743.00000 3709.86667  0.89%  4189 8380s
   391   302 3709.86667    9 1428 3743.00000 3709.86667  0.89%  4167 8396s
   392   303 3709.86667    6 1459 3743.00000 3709.86667  0.89%  4156 8418s
   393   304 3709.86667    7 1456 3743.00000 3709.86667  0.89%  4146 8422s
   394   304 3709.86667    8 1461 3743.00000 3709.86667  0.89%  4135 8441s
   395   305 3709.86667    8 1470 3743.00000 3709.86667  0.89%  4125 8452s
   396   306 3709.86667    8 1475 3743.00000 3709.86667  0.89%  4114 8475s
   397   306 3709.86667    8 1466 3743.00000 3709.86667  0.89%  4104 8486s
   398   307 3709.86667    8 1517 3743.00000 3709.86667  0.89%  4094 8502s
   399   308 3709.86667    6 1481 3743.00000 3709.86667  0.89%  4084 8513s
   400   308 3709.86667    9 1495 3743.00000 3709.86667  0.89%  4073 8529s
   401   309 3709.86667    8 1495 3743.00000 3709.86667  0.89%  4063 8680s
   403   312 3709.86667    8 1436 3743.00000 3709.86667  0.89%  4220 8775s
   405   313 3709.86667    8 1428 3743.00000 3709.86667  0.89%  4199 8791s
   406   314 3709.86667    6 1445 3743.00000 3709.86667  0.89%  4189 8812s
H  406   298                    3742.0000000 3709.86667  0.86%  4189 8815s
   408   299 3709.86667    8 1445 3742.00000 3709.86667  0.86%  4169 8833s
   409   300 3709.86667    8 1452 3742.00000 3709.86667  0.86%  4158 8843s
   410   301 3709.86667    8 1456 3742.00000 3709.86667  0.86%  4148 8854s
   411   301 3709.86667    8 1437 3742.00000 3709.86667  0.86%  4138 8858s
   412   302 3709.86667    8 1492 3742.00000 3709.86667  0.86%  4128 8866s
   413   303 3709.86667    6 1472 3742.00000 3709.86667  0.86%  4118 8870s
   414   303 3709.86667    8 1516 3742.00000 3709.86667  0.86%  4108 8877s
   415   304 3709.86667    8 1516 3742.00000 3709.86667  0.86%  4098 9000s
   417   307 3709.86667    8 1436 3742.00000 3709.86667  0.86%  4240 9089s
   419   308 3709.86667    8 1428 3742.00000 3709.86667  0.86%  4220 9105s
   420   309 3709.86667    8 1444 3742.00000 3709.86667  0.86%  4210 9129s
   421   310 3709.86667    8 1441 3742.00000 3709.86667  0.86%  4200 9133s
   422   310 3709.86667    7 1463 3742.00000 3709.86667  0.86%  4190 9150s
   423   311 3709.86667    8 1459 3742.00000 3709.86667  0.86%  4180 9167s
   424   312 3709.86667    9 1463 3742.00000 3709.86667  0.86%  4170 9186s
   425   312 3709.86667    8 1451 3742.00000 3709.86667  0.86%  4161 9197s
   426   313 3709.86667    7 1494 3742.00000 3709.86667  0.86%  4151 9212s
   427   314 3709.86667    8 1479 3742.00000 3709.86667  0.86%  4141 9216s
   428   314 3709.86667    7 1510 3742.00000 3709.86667  0.86%  4131 9222s
   429   315 3709.86667    8 1510 3742.00000 3709.86667  0.86%  4122 9379s
   431   318 3709.86667    8 1436 3742.00000 3709.86667  0.86%  4253 9459s
   433   319 3709.86667    9 1428 3742.00000 3709.86667  0.86%  4233 9475s
   434   320 3709.86667    8 1449 3742.00000 3709.86667  0.86%  4223 9503s
   435   321 3709.86667    8 1450 3742.00000 3709.86667  0.86%  4213 9509s
   436   321 3709.86667    6 1483 3742.00000 3709.86667  0.86%  4204 9527s
   437   322 3709.86667    6 1469 3742.00000 3709.86667  0.86%  4194 9538s
   438   323 3709.86667    8 1466 3742.00000 3709.86667  0.86%  4185 9556s
   439   323 3709.86667    8 1471 3742.00000 3709.86667  0.86%  4175 9568s
   440   324 3709.86667    9 1502 3742.00000 3709.86667  0.86%  4166 9583s
   441   325 3709.86667    8 1474 3742.00000 3709.86667  0.86%  4156 9595s
   442   325 3709.86667    6 1503 3742.00000 3709.86667  0.86%  4147 9612s
   443   326 3709.86667    8 1503 3742.00000 3709.86667  0.86%  4137 9756s
   445   329 3709.86667    6 1436 3742.00000 3709.86667  0.86%  4284 9832s
   447   330 3709.86667    8 1428 3742.00000 3709.86667  0.86%  4264 9848s
   448   331 3709.86667    6 1455 3742.00000 3709.86667  0.86%  4255 9870s
   449   332 3709.86667    8 1452 3742.00000 3709.86667  0.86%  4245 9875s
   450   332 3709.86667    9 1451 3742.00000 3709.86667  0.86%  4236 9892s
   451   333 3709.86667    8 1453 3742.00000 3709.86667  0.86%  4227 9903s
   452   334 3709.86667    8 1454 3742.00000 3709.86667  0.86%  4217 9924s
   453   334 3709.86667    6 1454 3742.00000 3709.86667  0.86%  4208 9935s
   454   335 3709.86667    9 1482 3742.00000 3709.86667  0.86%  4199 9950s
   455   336 3709.86667    8 1460 3742.00000 3709.86667  0.86%  4189 9961s
   456   336 3709.86667    6 1497 3742.00000 3709.86667  0.86%  4180 9977s
   457   337 3709.86667    8 1497 3742.00000 3709.86667  0.86%  4171 10133s
   459   340 3709.86667    6 1436 3742.00000 3709.86667  0.86%  4313 10226s
   461   341 3709.86667    7 1428 3742.00000 3709.86667  0.86%  4294 10242s
   462   342 3709.86667    7 1455 3742.00000 3709.86667  0.86%  4285 10270s
   463   343 3709.86667    8 1444 3742.00000 3709.86667  0.86%  4275 10275s
   464   343 3709.86667    7 1464 3742.00000 3709.86667  0.86%  4266 10294s
   465   344 3709.86667    8 1443 3742.00000 3709.86667  0.86%  4257 10310s
   466   345 3709.86667    7 1457 3742.00000 3709.86667  0.86%  4248 10324s
   467   345 3709.86667    8 1451 3742.00000 3709.86667  0.86%  4239 10335s
   468   346 3709.86667    6 1482 3742.00000 3709.86667  0.86%  4230 10353s
   469   347 3709.86667    6 1483 3742.00000 3709.86667  0.86%  4221 10365s
   470   347 3709.86667    8 1467 3742.00000 3709.86667  0.86%  4212 10383s
   471   348 3709.86667    8 1467 3742.00000 3709.86667  0.86%  4203 10555s
   473   351 3709.86667    9 1436 3742.00000 3709.86667  0.86%  4344 10640s
   475   352 3709.86667    6 1428 3742.00000 3709.86667  0.86%  4326 10656s
   476   353 3709.86667    8 1444 3742.00000 3709.86667  0.86%  4317 10678s
   477   354 3709.86667    8 1447 3742.00000 3709.86667  0.86%  4308 10681s
   478   354 3709.86667    7 1478 3742.00000 3709.86667  0.86%  4299 10700s
   479   355 3709.86667    8 1467 3742.00000 3709.86667  0.86%  4290 10714s
   480   356 3709.86667    9 1484 3742.00000 3709.86667  0.86%  4281 10735s
   481   356 3709.86667    6 1480 3742.00000 3709.86667  0.86%  4272 10746s
   482   357 3709.86667    6 1458 3742.00000 3709.86667  0.86%  4263 10762s
   483   358 3709.86667    9 1462 3742.00000 3709.86667  0.86%  4254 10773s
   484   358 3709.86667    8 1472 3742.00000 3709.86667  0.86%  4245 10789s
   485   359 3709.86667    7 1472 3742.00000 3709.86667  0.86%  4237 10959s
   487   362 3709.86667    8 1436 3742.00000 3709.86667  0.86%  4364 11042s
   489   363 3709.86667    8 1428 3742.00000 3709.86667  0.86%  4346 11059s
   490   364 3709.86667    8 1448 3742.00000 3709.86667  0.86%  4337 11079s
   491   365 3709.86667    9 1448 3742.00000 3709.86667  0.86%  4328 11082s
   492   365 3709.86667    6 1469 3742.00000 3709.86667  0.86%  4319 11099s
   493   366 3709.86667    7 1459 3742.00000 3709.86667  0.86%  4311 11110s
   494   367 3709.86667    8 1490 3742.00000 3709.86667  0.86%  4302 11131s
   495   367 3709.86667    8 1477 3742.00000 3709.86667  0.86%  4293 11143s
   496   368 3709.86667    8 1497 3742.00000 3709.86667  0.86%  4285 11159s
   497   369 3709.86667    8 1477 3742.00000 3709.86667  0.86%  4276 11170s
   498   369 3709.86667    8 1511 3742.00000 3709.86667  0.86%  4267 11185s
   499   370 3709.86667    6 1511 3742.00000 3709.86667  0.86%  4259 11327s
   501   373 3709.86667    8 1436 3742.00000 3709.86667  0.86%  4374 11414s
   503   374 3709.86667    8 1428 3742.00000 3709.86667  0.86%  4357 11430s
   504   375 3709.86667    8 1441 3742.00000 3709.86667  0.86%  4348 11455s
   505   376 3709.86667    8 1443 3742.00000 3709.86667  0.86%  4340 11460s
   506   376 3709.86667    6 1484 3742.00000 3709.86667  0.86%  4331 11477s
   507   377 3709.86667    6 1465 3742.00000 3709.86667  0.86%  4323 11483s
   508   378 3709.86667    8 1469 3742.00000 3709.86667  0.86%  4314 11490s
   510   379 3709.86667    8 1483 3742.00000 3709.86667  0.86%  4297 11503s
   511   380 3709.86667    8 1467 3742.00000 3709.86667  0.86%  4289 11506s
   512   380 3709.86667    8 1510 3742.00000 3709.86667  0.86%  4280 11514s
   513   381 3709.86667    6 1510 3742.00000 3709.86667  0.86%  4272 11649s
   515   384 3709.86667    8 1436 3742.00000 3709.86667  0.86%  4393 11731s
   517   385 3709.86667    8 1428 3742.00000 3709.86667  0.86%  4376 11747s
   518   386 3709.86667    8 1443 3742.00000 3709.86667  0.86%  4368 11770s
   520   387 3709.86667    8 1462 3742.00000 3709.86667  0.86%  4351 11792s
   521   388 3709.86667    8 1457 3742.00000 3709.86667  0.86%  4343 11803s
   522   389 3709.86667    7 1462 3742.00000 3709.86667  0.86%  4334 11826s
   523   389 3709.86667    8 1455 3742.00000 3709.86667  0.86%  4326 11836s
   524   390 3709.86667    9 1497 3742.00000 3709.86667  0.86%  4318 11854s
   525   391 3709.86667    8 1483 3742.00000 3709.86667  0.86%  4309 11865s
   526   391 3709.86667    7 1485 3742.00000 3709.86667  0.86%  4301 11881s
   527   392 3709.86667    8 1485 3742.00000 3709.86667  0.86%  4293 12020s
   529   395 3709.86667    8 1436 3742.00000 3709.86667  0.86%  4429 12100s
   531   396 3709.86667    8 1428 3742.00000 3709.86667  0.86%  4413 12116s
   532   397 3709.86667    8 1443 3742.00000 3709.86667  0.86%  4404 12139s
H  532   377                    3741.0000000 3709.86667  0.83%  4404 12144s
   534   378 3709.86667    8 1464 3741.00000 3709.86667  0.83%  4388 12161s
   535   379 3709.86667    8 1466 3741.00000 3709.86667  0.83%  4380 12172s
   536   380 3709.86667    6 1475 3741.00000 3709.86667  0.83%  4372 12194s
   537   380 3709.86667    6 1466 3741.00000 3709.86667  0.83%  4363 12205s
   538   381 3709.86667    8 1517 3741.00000 3709.86667  0.83%  4355 12220s
   539   382 3709.86667    8 1476 3741.00000 3709.86667  0.83%  4347 12231s
   540   382 3709.86667    9 1486 3741.00000 3709.86667  0.83%  4339 12246s
   541   383 3709.86667    8 1486 3741.00000 3709.86667  0.83%  4331 12401s
   543   386 3709.86667    8 1436 3741.00000 3709.86667  0.83%  4447 12481s
   545   387 3709.86667    6 1428 3741.00000 3709.86667  0.83%  4430 12497s
   546   388 3709.86667    6 1449 3741.00000 3709.86667  0.83%  4422 12518s
   547   389 3709.86667    8 1448 3741.00000 3709.86667  0.83%  4414 12521s
   548   389 3709.86667    6 1456 3741.00000 3709.86667  0.83%  4406 12540s
   549   390 3709.86667    8 1456 3741.00000 3709.86667  0.83%  4398 12551s
   550   391 3709.86667    9 1471 3741.00000 3709.86667  0.83%  4390 12573s
   551   391 3709.86667    8 1471 3741.00000 3709.86667  0.83%  4382 12585s
   552   392 3709.86667    8 1508 3741.00000 3709.86667  0.83%  4374 12599s
   553   393 3709.86667    6 1462 3741.00000 3709.86667  0.83%  4366 12610s
   554   393 3709.86667    9 1473 3741.00000 3709.86667  0.83%  4358 12623s
   555   394 3709.86667    8 1473 3741.00000 3709.86667  0.83%  4350 12781s
   557   397 3709.86667    8 1436 3741.00000 3709.86667  0.83%  4464 12865s
   559   398 3709.86667    6 1428 3741.00000 3709.86667  0.83%  4448 12881s
   560   399 3709.86667    8 1452 3741.00000 3709.86667  0.83%  4440 12905s
   562   400 3709.86667    7 1471 3741.00000 3709.86667  0.83%  4424 12927s
   563   401 3709.86667    8 1461 3741.00000 3709.86667  0.83%  4417 12938s
   564   402 3709.86667    7 1490 3741.00000 3709.86667  0.83%  4409 12962s
   565   402 3709.86667    8 1470 3741.00000 3709.86667  0.83%  4401 12974s
   566   403 3709.86667    7 1507 3741.00000 3709.86667  0.83%  4393 12989s
   567   404 3709.86667    8 1459 3741.00000 3709.86667  0.83%  4385 13000s
   568   404 3709.86667    6 1483 3741.00000 3709.86667  0.83%  4378 13015s
   569   405 3709.86667    6 1483 3741.00000 3709.86667  0.83%  4370 13167s
   571   408 3709.86667    8 1436 3741.00000 3709.86667  0.83%  4478 13244s
   573   409 3709.86667    9 1428 3741.00000 3709.86667  0.83%  4462 13260s
   574   410 3709.86667    7 1454 3741.00000 3709.86667  0.83%  4455 13287s
   575   411 3709.86667    6 1449 3741.00000 3709.86667  0.83%  4447 13292s
   576   411 3709.86667    8 1457 3741.00000 3709.86667  0.83%  4439 13309s
   577   412 3709.86667    8 1463 3741.00000 3709.86667  0.83%  4431 13312s
   578   413 3709.86667    7 1463 3741.00000 3709.86667  0.83%  4424 13323s
   579   413 3709.86667    8 1466 3741.00000 3709.86667  0.83%  4416 13326s
   580   414 3709.86667    9 1488 3741.00000 3709.86667  0.83%  4409 13334s
   581   415 3709.86667    6 1479 3741.00000 3709.86667  0.83%  4401 13339s
   582   415 3709.86667    6 1502 3741.00000 3709.86667  0.83%  4393 13347s
   583   416 3709.86667    9 1502 3741.00000 3709.86667  0.83%  4386 13525s
   585   419 3709.86667    7 1436 3741.00000 3709.86667  0.83%  4497 13631s
   587   420 3709.86667    8 1428 3741.00000 3709.86667  0.83%  4481 13647s
   588   421 3709.86667    7 1451 3741.00000 3709.86667  0.83%  4474 13669s
   589   422 3709.86667    8 1440 3741.00000 3709.86667  0.83%  4466 13672s
   590   422 3709.86667    8 1450 3741.00000 3709.86667  0.83%  4458 13690s
   591   423 3709.86667    9 1466 3741.00000 3709.86667  0.83%  4451 13707s
   592   424 3709.86667    6 1449 3741.00000 3709.86667  0.83%  4443 13727s
   593   424 3709.86667    7 1447 3741.00000 3709.86667  0.83%  4436 13736s
   594   425 3709.86667    8 1473 3741.00000 3709.86667  0.83%  4428 13754s
   595   426 3709.86667    8 1474 3741.00000 3709.86667  0.83%  4421 13766s
   596   426 3709.86667    8 1515 3741.00000 3709.86667  0.83%  4414 13781s
   597   427 3709.86667    8 1515 3741.00000 3709.86667  0.83%  4406 13936s
   599   430 3709.86667    6 1436 3741.00000 3709.86667  0.83%  4523 14025s
   601   431 3709.86667    8 1428 3741.00000 3709.86667  0.83%  4508 14041s
   602   432 3709.86667    8 1442 3741.00000 3709.86667  0.83%  4500 14067s
   603   433 3709.86667    8 1443 3741.00000 3709.86667  0.83%  4493 14071s
   604   433 3709.86667    8 1454 3741.00000 3709.86667  0.83%  4485 14089s
   605   434 3709.86667    8 1461 3741.00000 3709.86667  0.83%  4478 14100s
   606   435 3709.86667    6 1491 3741.00000 3709.86667  0.83%  4471 14117s
   607   435 3709.86667    6 1474 3741.00000 3709.86667  0.83%  4463 14129s
   608   436 3709.86667    8 1501 3741.00000 3709.86667  0.83%  4456 14142s
   609   437 3709.86667    8 1469 3741.00000 3709.86667  0.83%  4449 14154s
   610   437 3709.86667    8 1494 3741.00000 3709.86667  0.83%  4441 14169s
   611   438 3709.86667    8 1494 3741.00000 3709.86667  0.83%  4434 14317s

Cutting planes:
  MIR: 34
  Flow cover: 29

Explored 612 nodes (2832739 simplex iterations) in 14400.00 seconds (27261.86 work units)
Thread count was 32 (of 32 available processors)

Solution count 10: 3741 3742 3743 ... 3750

Time limit reached
Best objective 3.741000000000e+03, best bound 3.710000000000e+03, gap 0.8287%

User-callback calls 3055298, time in user-callback 7.42 sec
