
Gurobi 13.0.2 (linux64) logging started Mon Jul 13 12:34:07 2026

Set parameter LogFile to value "/tmp/sweep_20260709_012313_china_alt550km_s35_i6_v4_gurobi.log"
Set parameter Method to value 1
Set parameter NodefileStart to value 4
Set parameter RINS to value 50
Gurobi Optimizer version 13.0.2 build v13.0.2rc1 (linux64 - "Debian GNU/Linux 13 (trixie)")

CPU model: Intel(R) Xeon(R) Platinum 8375C CPU @ 2.90GHz, instruction set [SSE2|AVX|AVX2|AVX512]
Thread count: 16 physical cores, 32 logical processors, using up to 32 threads

Non-default parameters:
TimeLimit  14400
MIPGap  0.001
Method  1
LPWarmStart  1
Heuristics  0.2
MIPFocus  1
NodefileStart  4
RINS  50
Symmetry  2
Cuts  2
CoverCuts  2
LogToConsole  0

Academic license 2812613 - for non-commercial use only - registered to no___@gatech.edu
Optimize a model with 196014 rows, 17950 columns and 7010552 nonzeros (Min)
Model fingerprint: 0x86bf783b
Model has 17950 linear objective coefficients
Variable types: 0 continuous, 17950 integer (17950 binary)
Coefficient statistics:
  Matrix range     [1e+00, 1e+00]
  Objective range  [1e+00, 1e+00]
  Bounds range     [1e+00, 1e+00]
  RHS range        [6e+00, 6e+00]

Found heuristic solution: objective 7180.0000000
Presolve removed 0 rows and 0 columns (presolve time = 6s)...
Presolve removed 0 rows and 0 columns (presolve time = 10s)...
Presolve removed 0 rows and 0 columns (presolve time = 15s)...
Presolve removed 0 rows and 0 columns (presolve time = 20s)...
Presolve time: 20.09s
Presolved: 196014 rows, 17950 columns, 7010552 nonzeros
Variable types: 0 continuous, 17950 integer (17950 binary)

Root simplex log...

Iteration    Objective       Primal Inf.    Dual Inf.      Time
       0   -0.0000000e+00   0.000000e+00   1.980000e+03     24s
      98    3.9665734e+03   0.000000e+00   0.000000e+00     24s
      98    3.9665734e+03   0.000000e+00   0.000000e+00     24s

Use crossover to convert LP symmetric solution to basic solution...

Root crossover log...

  192384 variables added to crossover basis                       30s
  193974 variables added to crossover basis                       35s
  195294 variables added to crossover basis                       40s

       0 DPushes remaining with DInf 0.0000000e+00                48s

       0 PPushes remaining with PInf 0.0000000e+00                48s

  Push phase complete: Pinf 0.0000000e+00, Dinf 2.3322494e-09     49s


Root simplex log...

Iteration    Objective       Primal Inf.    Dual Inf.      Time
     101    3.9665734e+03   0.000000e+00   0.000000e+00     51s
Crossover time: 27.25 seconds (49.75 work units)

Root relaxation: objective 3.966573e+03, 101 iterations, 30.57 seconds (52.20 work units)

    Nodes    |    Current Node    |     Objective Bounds      |     Work
 Expl Unexpl |  Obj  Depth IntInf | Incumbent    BestBd   Gap | It/Node Time

     0     0 3966.57343    0 10770 7180.00000 3966.57343  44.8%     -   57s
H    0     0                    5744.0000000 3966.57343  30.9%     -   57s
H    0     0                    5743.0000000 3966.57343  30.9%     -   58s
H    0     0                    5026.0000000 3966.57343  21.1%     -   59s
H    0     0                    4667.0000000 3966.57343  15.0%     -   59s
     0     0 3966.57343    0 10770 4667.00000 3966.57343  15.0%     -  361s
H    0     0                    4666.0000000 3966.57343  15.0%     -  954s
H    0     0                    4665.0000000 3966.57343  15.0%     - 1146s
H    0     0                    4664.0000000 3966.57343  15.0%     - 1146s
H    0     0                    4663.0000000 3966.57343  14.9%     - 1147s
H    0     0                    4662.0000000 3966.57343  14.9%     - 1147s
     0     2 3966.57343    0 10770 4662.00000 3966.57343  14.9%     - 1167s

Explored 1 nodes (101 simplex iterations) in 14400.24 seconds (59632.90 work units)
Thread count was 32 (of 32 available processors)

Solution count 10: 4662 4663 4664 ... 7180

Time limit reached
Best objective 4.662000000000e+03, best bound 3.967000000000e+03, gap 14.9078%

User-callback calls 180410, time in user-callback 0.37 sec
