
Gurobi 13.0.2 (linux64) logging started Sun Jul 12 17:28:15 2026

Set parameter LogFile to value "/tmp/sweep_20260709_012313_china_alt550km_s1_i1_v10_gurobi.log"
Set parameter Method to value 1
Set parameter NodefileStart to value 4
Set parameter RINS to value 50
Gurobi Optimizer version 13.0.2 build v13.0.2rc1 (linux64 - "Debian GNU/Linux 13 (trixie)")

CPU model: Intel(R) Xeon(R) Platinum 8375C CPU @ 2.90GHz, instruction set [SSE2|AVX|AVX2|AVX512]
Thread count: 16 physical cores, 32 logical processors, using up to 32 threads

Non-default parameters:
TimeLimit  14400
MIPGap  0.001
Method  1
LPWarmStart  1
Heuristics  0.2
MIPFocus  1
NodefileStart  4
RINS  50
Symmetry  2
Cuts  2
CoverCuts  2
LogToConsole  0

Academic license 2812613 - for non-commercial use only - registered to no___@gatech.edu
Optimize a model with 196014 rows, 7180 columns and 16485998 nonzeros (Min)
Model fingerprint: 0x5c5ec679
Model has 7180 linear objective coefficients
Variable types: 0 continuous, 7180 integer (7180 binary)
Coefficient statistics:
  Matrix range     [1e+00, 1e+00]
  Objective range  [1e+00, 1e+00]
  Bounds range     [1e+00, 1e+00]
  RHS range        [1e+00, 1e+00]

Found heuristic solution: objective 453.0000000
Presolve removed 0 rows and 0 columns (presolve time = 6s)...
Presolve removed 0 rows and 0 columns (presolve time = 11s)...
Presolve removed 0 rows and 0 columns (presolve time = 15s)...
Presolve removed 0 rows and 0 columns (presolve time = 20s)...
Presolve removed 73954 rows and 0 columns (presolve time = 26s)...
Presolve removed 73954 rows and 0 columns (presolve time = 30s)...
Presolve removed 73954 rows and 0 columns (presolve time = 35s)...
Presolve removed 73954 rows and 0 columns (presolve time = 41s)...
Presolve removed 73954 rows and 0 columns
Presolve time: 41.70s
Presolved: 122060 rows, 7180 columns, 10412436 nonzeros
Variable types: 0 continuous, 7180 integer (7180 binary)

Root simplex log...

Iteration    Objective       Primal Inf.    Dual Inf.      Time
       0   -0.0000000e+00   0.000000e+00   1.900000e+02     46s
      10    1.5955556e+02   0.000000e+00   0.000000e+00     46s
      10    1.5955556e+02   0.000000e+00   0.000000e+00     46s

Use crossover to convert LP symmetric solution to basic solution...

Root crossover log...

     708 PPushes remaining with PInf 0.0000000e+00                47s
      90 PPushes remaining with PInf 0.0000000e+00                50s
       0 PPushes remaining with PInf 0.0000000e+00                51s

  Push phase complete: Pinf 0.0000000e+00, Dinf 7.4420331e-10     51s


Root simplex log...

Iteration    Objective       Primal Inf.    Dual Inf.      Time
     721    1.5955556e+02   0.000000e+00   0.000000e+00     51s
Crossover time: 4.93 seconds (8.60 work units)

Root relaxation: objective 1.595556e+02, 721 iterations, 8.23 seconds (12.17 work units)

    Nodes    |    Current Node    |     Objective Bounds      |     Work
 Expl Unexpl |  Obj  Depth IntInf | Incumbent    BestBd   Gap | It/Node Time

     0     0  159.55556    0 1436  453.00000  159.55556  64.8%     -   92s
H    0     0                     452.0000000  159.55556  64.7%     -   93s
H    0     0                     437.0000000  159.55556  63.5%     -   95s
H    0     0                     263.0000000  159.55556  39.3%     -   95s
H    0     0                     261.0000000  159.55556  38.9%     -   96s
H    0     0                     260.0000000  159.55556  38.6%     -  105s
H    0     0                     259.0000000  159.55556  38.4%     -  105s
H    0     0                     258.0000000  159.55556  38.2%     -  116s
H    0     0                     257.0000000  159.55556  37.9%     -  116s
H    0     0                     256.0000000  159.55556  37.7%     -  149s
H    0     0                     255.0000000  159.55556  37.4%     -  156s
H    0     0                     254.0000000  159.55556  37.2%     -  174s
     0     0  163.53416    0 2017  254.00000  163.53416  35.6%     - 1063s
     0     0  163.95453    0 1986  254.00000  163.95453  35.5%     - 1240s
     0     0  163.98214    0 1983  254.00000  163.98214  35.4%     - 1270s
     0     0  163.98420    0 1992  254.00000  163.98420  35.4%     - 1278s
     0     0  163.98474    0 1995  254.00000  163.98474  35.4%     - 1283s
     0     0  163.98478    0 1995  254.00000  163.98478  35.4%     - 1285s
     0     0  165.17465    0 2122  254.00000  165.17465  35.0%     - 2392s
     0     0  165.40706    0 2136  254.00000  165.40706  34.9%     - 2492s
     0     0  165.48301    0 2160  254.00000  165.48301  34.8%     - 2537s
     0     0  165.51321    0 2161  254.00000  165.51321  34.8%     - 2561s
     0     0  165.52630    0 2166  254.00000  165.52630  34.8%     - 2574s
     0     0  165.53199    0 2167  254.00000  165.53199  34.8%     - 2582s
     0     0  165.53512    0 2171  254.00000  165.53512  34.8%     - 2589s
     0     0  165.53659    0 2167  254.00000  165.53659  34.8%     - 2593s
     0     0  165.53835    0 2173  254.00000  165.53835  34.8%     - 2598s
     0     0  165.53917    0 2172  254.00000  165.53917  34.8%     - 2601s
     0     0  165.53957    0 2178  254.00000  165.53957  34.8%     - 2605s
     0     0  165.61107    0 2156  254.00000  165.61107  34.8%     - 3966s
H    0     0                     253.0000000  165.61107  34.5%     - 3971s
H    0     0                     252.0000000  165.61107  34.3%     - 3972s
     0     0  165.64252    0 2156  252.00000  165.64252  34.3%     - 3991s
     0     0  165.66079    0 2151  252.00000  165.66079  34.3%     - 3999s
     0     0  165.67114    0 2160  252.00000  165.67114  34.3%     - 4004s
     0     0  165.67899    0 2155  252.00000  165.67899  34.3%     - 4008s
     0     0  165.68368    0 2158  252.00000  165.68368  34.3%     - 4012s
     0     0  165.68528    0 2157  252.00000  165.68528  34.3%     - 4014s
     0     0  165.68627    0 2160  252.00000  165.68627  34.3%     - 4016s
     0     0  165.68793    0 2157  252.00000  165.68793  34.3%     - 4018s
     0     0  165.68880    0 2161  252.00000  165.68880  34.3%     - 4020s
     0     0  165.68965    0 2162  252.00000  165.68965  34.3%     - 4022s
     0     0  165.68990    0 2159  252.00000  165.68990  34.3%     - 4023s
     0     0  165.69231    0 2154  252.00000  165.69231  34.2%     - 4063s
     0     0  165.69231    0 2154  252.00000  165.69231  34.2%     - 4104s
H    0     0                     251.0000000  165.69500  34.0%     - 7566s
H    0     0                     250.0000000  165.69500  33.7%     - 9298s
     0     2  165.69500    0 2154  250.00000  165.69500  33.7%     - 13455s

Cutting planes:
  Flow cover: 1655

Explored 1 nodes (95280 simplex iterations) in 14403.16 seconds (35484.52 work units)
Thread count was 32 (of 32 available processors)

Solution count 10: 250 251 252 ... 259

Time limit reached
Best objective 2.500000000000e+02, best bound 1.660000000000e+02, gap 33.6000%

User-callback calls 918543, time in user-callback 2.96 sec
