
Gurobi 13.0.2 (linux64) logging started Thu Jul  9 17:52:18 2026

Set parameter LogFile to value "/tmp/sweep_20260709_012313_china_alt260km_s35_i2_v6_gurobi.log"
Set parameter Method to value 1
Set parameter NodefileStart to value 4
Set parameter RINS to value 50
Gurobi Optimizer version 13.0.2 build v13.0.2rc1 (linux64 - "Debian GNU/Linux 13 (trixie)")

CPU model: Intel(R) Xeon(R) Platinum 8375C CPU @ 2.90GHz, instruction set [SSE2|AVX|AVX2|AVX512]
Thread count: 16 physical cores, 32 logical processors, using up to 32 threads

Non-default parameters:
TimeLimit  14400
MIPGap  0.001
Method  1
LPWarmStart  1
Heuristics  0.2
MIPFocus  1
NodefileStart  4
RINS  50
Symmetry  2
Cuts  2
CoverCuts  2
LogToConsole  0

Academic license 2812613 - for non-commercial use only - registered to no___@gatech.edu
Optimize a model with 196014 rows, 17950 columns and 21289418 nonzeros (Min)
Model fingerprint: 0x0837cf7a
Model has 17950 linear objective coefficients
Variable types: 0 continuous, 17950 integer (17950 binary)
Coefficient statistics:
  Matrix range     [1e+00, 1e+00]
  Objective range  [1e+00, 1e+00]
  Bounds range     [1e+00, 1e+00]
  RHS range        [2e+01, 2e+01]

Found heuristic solution: objective 5266.0000000
Presolve removed 0 rows and 0 columns (presolve time = 5s)...
Presolve removed 0 rows and 0 columns (presolve time = 10s)...
Presolve removed 0 rows and 0 columns (presolve time = 16s)...
Presolve removed 0 rows and 0 columns (presolve time = 20s)...
Presolve removed 0 rows and 0 columns (presolve time = 25s)...
Presolve removed 0 rows and 0 columns (presolve time = 30s)...
Presolve removed 0 rows and 0 columns (presolve time = 37s)...
Presolve time: 39.11s
Presolved: 196014 rows, 17950 columns, 21289418 nonzeros
Variable types: 0 continuous, 17950 integer (17950 binary)

Root simplex log...

Iteration    Objective       Primal Inf.    Dual Inf.      Time
       0   -0.0000000e+00   0.000000e+00   7.128000e+03     48s
      98    4.0199590e+03   0.000000e+00   0.000000e+00     48s
      98    4.0199590e+03   0.000000e+00   0.000000e+00     48s

Use crossover to convert LP symmetric solution to basic solution...

Root crossover log...

  192200 variables added to crossover basis                       55s
  193790 variables added to crossover basis                       60s
  195620 variables added to crossover basis                       65s

       0 DPushes remaining with DInf 0.0000000e+00                72s

       0 PPushes remaining with PInf 0.0000000e+00                72s

  Push phase complete: Pinf 0.0000000e+00, Dinf 1.4844984e-09     72s


Root simplex log...

Iteration    Objective       Primal Inf.    Dual Inf.      Time
     101    4.0199590e+03   0.000000e+00   0.000000e+00     77s
Crossover time: 28.57 seconds (51.80 work units)

Root relaxation: objective 4.019959e+03, 101 iterations, 36.02 seconds (59.26 work units)

    Nodes    |    Current Node    |     Objective Bounds      |     Work
 Expl Unexpl |  Obj  Depth IntInf | Incumbent    BestBd   Gap | It/Node Time

     0     0 4019.95905    0 9334 5266.00000 4019.95905  23.7%     -   87s
H    0     0                    4962.0000000 4019.95905  19.0%     -   87s
H    0     0                    4788.0000000 4019.95905  16.0%     -   87s
H    0     0                    4787.0000000 4019.95905  16.0%     -   87s
H    0     0                    4778.0000000 4019.95905  15.9%     -   93s
H    0     0                    4761.0000000 4019.95905  15.6%     -   93s
H    0     0                    4757.0000000 4019.95905  15.5%     -   93s
H    0     0                    4747.0000000 4019.95905  15.3%     -   95s
H    0     0                    4746.0000000 4019.95905  15.3%     -   95s
H    0     0                    4745.0000000 4019.95905  15.3%     -   96s
H    0     0                    4744.0000000 4019.95905  15.3%     -   98s
H    0     0                    4735.0000000 4019.95905  15.1%     -  100s
H    0     0                    4734.0000000 4019.95905  15.1%     -  100s
H    0     0                    4733.0000000 4019.95905  15.1%     -  102s
H    0     0                    4732.0000000 4019.95905  15.0%     -  104s
H    0     0                    4727.0000000 4019.95905  15.0%     -  104s
H    0     0                    4726.0000000 4019.95905  14.9%     -  104s
H    0     0                    4725.0000000 4019.95905  14.9%     -  104s
H    0     0                    4722.0000000 4019.95905  14.9%     -  104s
H    0     0                    4720.0000000 4019.95905  14.8%     -  105s
H    0     0                    4719.0000000 4019.95905  14.8%     -  106s
H    0     0                    4718.0000000 4019.95905  14.8%     -  106s
H    0     0                    4717.0000000 4019.95905  14.8%     -  111s
H    0     0                    4716.0000000 4019.95905  14.8%     -  111s
H    0     0                    4715.0000000 4019.95905  14.7%     -  111s
H    0     0                    4714.0000000 4019.95905  14.7%     -  112s
H    0     0                    4712.0000000 4019.95905  14.7%     -  114s
H    0     0                    4709.0000000 4019.95905  14.6%     -  119s
H    0     0                    4697.0000000 4019.95905  14.4%     -  127s
H    0     0                    4637.0000000 4019.95905  13.3%     -  127s
H    0     0                    4634.0000000 4019.95905  13.3%     -  127s
H    0     0                    4612.0000000 4019.95905  12.8%     -  127s
H    0     0                    4597.0000000 4019.95905  12.6%     -  127s
H    0     0                    4590.0000000 4019.95905  12.4%     -  127s
H    0     0                    4585.0000000 4019.95905  12.3%     -  127s
H    0     0                    4584.0000000 4019.95905  12.3%     -  129s
H    0     0                    4581.0000000 4019.95905  12.2%     -  129s
H    0     0                    4580.0000000 4019.95905  12.2%     -  132s
H    0     0                    4579.0000000 4019.95905  12.2%     -  132s
H    0     0                    4576.0000000 4019.95905  12.2%     -  133s
H    0     0                    4571.0000000 4019.95905  12.1%     -  137s
H    0     0                    4570.0000000 4019.95905  12.0%     -  145s
H    0     0                    4569.0000000 4019.95905  12.0%     -  151s
H    0     0                    4568.0000000 4019.95905  12.0%     -  164s
H    0     0                    4567.0000000 4019.95905  12.0%     -  169s
H    0     0                    4555.0000000 4019.95905  11.7%     -  171s
     0     0 4019.95905    0 9334 4555.00000 4019.95905  11.7%     -  550s
H    0     0                    4554.0000000 4019.95905  11.7%     - 1535s
H    0     0                    4528.0000000 4019.95905  11.2%     - 1535s
H    0     0                    4525.0000000 4019.95905  11.2%     - 1535s
H    0     0                    4521.0000000 4019.95905  11.1%     - 1536s
H    0     0                    4519.0000000 4019.95905  11.0%     - 1537s
H    0     0                    4517.0000000 4019.95905  11.0%     - 1541s
H    0     0                    4516.0000000 4019.95905  11.0%     - 1543s
H    0     0                    4507.0000000 4019.95905  10.8%     - 1546s
H    0     0                    4506.0000000 4019.95905  10.8%     - 1571s
H    0     0                    4491.0000000 4019.95905  10.5%     - 1582s
H    0     2                    4454.0000000 4019.95905  9.74%     - 1921s
     0     2 4019.95905    0 9334 4454.00000 4019.95905  9.74%     - 1921s
     1     3 4019.97770    1 9535 4454.00000 4019.96334  9.74%  1459 4241s
     2     5 4019.99534    2 9682 4454.00000 4019.96334  9.74%  1554 10353s
H    3     5                    4445.0000000 4019.96334  9.56%  1036 10353s
H    4     9                    4442.0000000 4019.96334  9.50%   856 12941s
H    4     9                    4434.0000000 4019.96334  9.34%   856 12941s
H    4     9                    4420.0000000 4019.96334  9.05%   856 12941s
     8    14 4020.04014    4 9836 4420.00000 4019.96334  9.05%  3459 14414s

Explored 13 nodes (49863 simplex iterations) in 14415.85 seconds (30703.37 work units)
Thread count was 32 (of 32 available processors)

Solution count 10: 4420 4434 4442 ... 4517

Time limit reached
Best objective 4.420000000000e+03, best bound 4.020000000000e+03, gap 9.0498%

User-callback calls 6475285, time in user-callback 5.89 sec
