
Gurobi 13.0.2 (linux64) logging started Thu Jul  9 13:50:26 2026

Set parameter LogFile to value "/tmp/sweep_20260709_012313_china_alt260km_s20_i4_v10_gurobi.log"
Set parameter Method to value 1
Set parameter NodefileStart to value 4
Set parameter RINS to value 50
Gurobi Optimizer version 13.0.2 build v13.0.2rc1 (linux64 - "Debian GNU/Linux 13 (trixie)")

CPU model: Intel(R) Xeon(R) Platinum 8375C CPU @ 2.90GHz, instruction set [SSE2|AVX|AVX2|AVX512]
Thread count: 16 physical cores, 32 logical processors, using up to 32 threads

Non-default parameters:
TimeLimit  14400
MIPGap  0.001
Method  1
LPWarmStart  1
Heuristics  0.2
MIPFocus  1
NodefileStart  4
RINS  50
Symmetry  2
Cuts  2
CoverCuts  2
LogToConsole  0

Academic license 2812613 - for non-commercial use only - registered to no___@gatech.edu
Optimize a model with 196014 rows, 14360 columns and 20908878 nonzeros (Min)
Model fingerprint: 0xe76abb8e
Model has 14360 linear objective coefficients
Variable types: 0 continuous, 14360 integer (14360 binary)
Coefficient statistics:
  Matrix range     [1e+00, 1e+00]
  Objective range  [1e+00, 1e+00]
  Bounds range     [1e+00, 1e+00]
  RHS range        [5e+00, 5e+00]

Found heuristic solution: objective 1409.0000000
Presolve removed 0 rows and 0 columns (presolve time = 6s)...
Presolve removed 0 rows and 0 columns (presolve time = 10s)...
Presolve removed 0 rows and 0 columns (presolve time = 15s)...
Presolve removed 0 rows and 0 columns (presolve time = 20s)...
Presolve removed 0 rows and 0 columns (presolve time = 25s)...
Presolve removed 0 rows and 0 columns (presolve time = 30s)...
Presolve removed 0 rows and 0 columns (presolve time = 35s)...
Presolve time: 35.11s
Presolved: 196014 rows, 14360 columns, 20908878 nonzeros
Variable types: 0 continuous, 14360 integer (14360 binary)

Root simplex log...

Iteration    Objective       Primal Inf.    Dual Inf.      Time
       0   -0.0000000e+00   0.000000e+00   1.800000e+03     44s
      40    9.3613776e+02   0.000000e+00   0.000000e+00     44s
      40    9.3613776e+02   0.000000e+00   0.000000e+00     44s

Use crossover to convert LP symmetric solution to basic solution...

Root crossover log...

       0 DPushes remaining with DInf 0.0000000e+00                48s

       0 PPushes remaining with PInf 0.0000000e+00                48s

  Push phase complete: Pinf 0.0000000e+00, Dinf 5.0788490e-10     48s


Root simplex log...

Iteration    Objective       Primal Inf.    Dual Inf.      Time
      43    9.3613776e+02   0.000000e+00   0.000000e+00     49s
Crossover time: 4.99 seconds (8.36 work units)

Root relaxation: objective 9.361378e+02, 43 iterations, 12.01 seconds (15.68 work units)

    Nodes    |    Current Node    |     Objective Bounds      |     Work
 Expl Unexpl |  Obj  Depth IntInf | Incumbent    BestBd   Gap | It/Node Time

     0     0  936.13776    0 5026 1409.00000  936.13776  33.6%     -   52s
H    0     0                    1377.0000000  936.13776  32.0%     -   68s
H    0     0                    1374.0000000  936.13776  31.9%     -   68s
H    0     0                    1339.0000000  936.13776  30.1%     -   68s
H    0     0                    1334.0000000  936.13776  29.8%     -   69s
H    0     0                    1332.0000000  936.13776  29.7%     -   72s
H    0     0                    1331.0000000  936.13776  29.7%     -   84s
H    0     0                    1324.0000000  936.13776  29.3%     -   84s
H    0     0                    1316.0000000  936.13776  28.9%     -   84s
H    0     0                    1312.0000000  936.13776  28.6%     -   84s
H    0     0                    1311.0000000  936.13776  28.6%     -   87s
H    0     0                    1310.0000000  936.13776  28.5%     -   87s
H    0     0                    1308.0000000  936.13776  28.4%     -   90s
H    0     0                    1306.0000000  936.13776  28.3%     -   90s
H    0     0                    1305.0000000  936.13776  28.3%     -   94s
H    0     0                    1299.0000000  936.13776  27.9%     -   97s
H    0     0                    1297.0000000  936.13776  27.8%     -   98s
H    0     0                    1295.0000000  936.13776  27.7%     -  100s
H    0     0                    1294.0000000  936.13776  27.7%     -  109s
     0     0  936.13776    0 5026 1294.00000  936.13776  27.7%     -  173s
H    0     0                    1293.0000000  936.13776  27.6%     -  438s
H    0     0                    1291.0000000  936.13776  27.5%     -  438s
H    0     0                    1288.0000000  936.13776  27.3%     -  439s
H    0     0                    1287.0000000  936.13776  27.3%     -  443s
H    0     0                    1286.0000000  936.13776  27.2%     -  450s
     0     2  936.13776    0 5026 1286.00000  936.13776  27.2%     -  487s
     1     3  936.46832    1 5022 1286.00000  936.14997  27.2%  5163 2334s
H    2     5                    1270.0000000  936.14997  26.3%  2582 6236s
H    3     5                    1267.0000000  936.14997  26.1%  6189 6236s
H    4     9                    1256.0000000  936.14997  25.5%  9048 14404s

Explored 8 nodes (179388 simplex iterations) in 14426.01 seconds (33185.63 work units)
Thread count was 32 (of 32 available processors)

Solution count 10: 1256 1267 1270 ... 1295

Time limit reached
Best objective 1.256000000000e+03, best bound 9.370000000000e+02, gap 25.3981%

User-callback calls 7250010, time in user-callback 6.49 sec
