
Gurobi 13.0.2 (linux64) logging started Fri Jul 17 09:55:30 2026

Set parameter LogFile to value "/tmp/sweep_20260716_013919_north-korea_alt260km_s100_i6_v6_gurobi.log"
Set parameter Method to value 1
Set parameter NodefileStart to value 4
Set parameter RINS to value 50
Gurobi Optimizer version 13.0.2 build v13.0.2rc1 (linux64 - "Debian GNU/Linux 13 (trixie)")

CPU model: Intel(R) Xeon(R) Platinum 8375C CPU @ 2.90GHz, instruction set [SSE2|AVX|AVX2|AVX512]
Thread count: 16 physical cores, 32 logical processors, using up to 32 threads

Non-default parameters:
TimeLimit  14400
MIPGap  0.001
Method  1
LPWarmStart  1
Heuristics  0.2
MIPFocus  1
NodefileStart  4
RINS  50
Symmetry  2
Cuts  2
CoverCuts  2
LogToConsole  0

Academic license 2812613 - for non-commercial use only - registered to no___@gatech.edu
Optimize a model with 1436 rows, 28720 columns and 302278 nonzeros (Min)
Model fingerprint: 0x423891c7
Model has 28720 linear objective coefficients
Variable types: 0 continuous, 28720 integer (28720 binary)
Coefficient statistics:
  Matrix range     [1e+00, 1e+00]
  Objective range  [1e+00, 1e+00]
  Bounds range     [1e+00, 1e+00]
  RHS range        [2e+01, 2e+01]

Found heuristic solution: objective 3919.0000000
Presolve removed 0 rows and 7898 columns
Presolve time: 0.24s
Presolved: 1436 rows, 20822 columns, 235504 nonzeros
Variable types: 0 continuous, 20822 integer (16514 binary)

Root simplex log...

Iteration    Objective       Primal Inf.    Dual Inf.      Time
   10406    1.3190268e+03   8.069940e+02   0.000000e+00      5s
   15096    1.3216624e+03   4.996257e+01   0.000000e+00     10s
   16584    1.3217727e+03   0.000000e+00   0.000000e+00     12s

Root relaxation: objective 1.321773e+03, 16584 iterations, 11.46 seconds (22.89 work units)

    Nodes    |    Current Node    |     Objective Bounds      |     Work
 Expl Unexpl |  Obj  Depth IntInf | Incumbent    BestBd   Gap | It/Node Time

     0     0 1321.77273    0 1077 3919.00000 1321.77273  66.3%     -   13s
H    0     0                    1911.0000000 1321.77273  30.8%     -   13s
H    0     0                    1767.0000000 1321.77273  25.2%     -   13s
H    0     0                    1726.0000000 1321.77273  23.4%     -   13s
H    0     0                    1552.0000000 1321.77273  14.8%     -   14s
H    0     0                    1490.0000000 1321.77273  11.3%     -   14s
H    0     0                    1489.0000000 1321.77273  11.2%     -   14s
H    0     0                    1438.0000000 1321.77273  8.08%     -   14s
H    0     0                    1391.0000000 1321.77273  4.98%     -   14s
H    0     0                    1390.0000000 1321.77273  4.91%     -   14s
H    0     0                    1389.0000000 1321.77273  4.84%     -   14s
H    0     0                    1381.0000000 1321.77273  4.29%     -   15s
H    0     0                    1379.0000000 1321.77273  4.15%     -   19s
H    0     0                    1377.0000000 1321.77273  4.01%     -   20s
H    0     0                    1363.0000000 1321.77273  3.02%     -   20s
H    0     0                    1360.0000000 1321.77273  2.81%     -   21s
H    0     0                    1359.0000000 1321.77273  2.74%     -   21s
H    0     0                    1357.0000000 1321.77273  2.60%     -   21s
H    0     0                    1356.0000000 1321.77273  2.52%     -   21s
H    0     0                    1354.0000000 1321.77273  2.38%     -   22s
H    0     0                    1353.0000000 1321.77273  2.31%     -   22s
     0     0 1321.77273    0 1077 1353.00000 1321.77273  2.31%     -   46s
     0     0 1321.77273    0 1077 1353.00000 1321.77273  2.31%     -   47s
H    0     0                    1352.0000000 1321.77273  2.24%     -   80s
H    0     0                    1351.0000000 1321.77273  2.16%     -   89s
     0     2 1321.77273    0 1077 1351.00000 1321.77273  2.16%     -  129s
H    1     3                    1350.0000000 1321.77273  2.09%   0.0  172s
H    2     4                    1349.0000000 1321.77273  2.02%   600  236s
     5     8 1321.87571    3 1425 1349.00000 1321.80949  2.02%   584  290s
     9    16 1321.90151    4 1425 1349.00000 1321.83724  2.01%   348  348s
H   12    16                    1348.0000000 1321.83724  1.94%   267  348s
    17    32 1321.92705    5 1423 1348.00000 1321.86153  1.94%   211  416s
    32    32 1321.95816    5 1425 1348.00000 1321.89043  1.94%   147  429s
    33   160 1321.95003    6 1425 1348.00000 1321.89043  1.94%   143  535s
H  129   160                    1347.0000000 1321.89202  1.86%   116  535s
   162   161 1321.95067    7 1077 1347.00000 1321.89202  1.86%   110  636s
   164   162 1322.22534   14 1077 1347.00000 1321.89202  1.86%   109  745s
   166   164 1322.08897   10 1077 1347.00000 1321.90909  1.86%   108  860s
   168   166 1322.12905   12 1077 1347.00000 1321.90909  1.86%   224  971s
   170   167 1322.19808   13 1077 1347.00000 1321.90909  1.86%   221 1079s
   171   168 1321.93026    7 1077 1347.00000 1321.90909  1.86%   220 1084s
   172   169 1322.06946   11 1077 1347.00000 1321.90909  1.86%   219 1196s
   174   171 1322.09179   10 1077 1347.00000 1321.90909  1.86%   330 1300s
   176   172 1322.16461   12 1077 1347.00000 1321.90909  1.86%   326 1409s
   177   173 1322.17153   12 1077 1347.00000 1321.90909  1.86%   324 1413s
   178   174 1322.14203   11 1077 1347.00000 1321.90909  1.86%   322 1525s
   180   176 1321.95833    8 1077 1347.00000 1321.90909  1.86%   428 1634s
   182   177 1322.00535    9 1077 1347.00000 1321.90909  1.86%   423 1743s
   183   178 1322.19808   13 1077 1347.00000 1321.90909  1.86%   421 1747s
   184   179 1322.05154    9 1077 1347.00000 1321.90909  1.86%   419 1859s
   186   181 1322.13711   12 1077 1347.00000 1321.90909  1.86%   520 1970s
   188   182 1322.14347   13 1077 1347.00000 1321.90909  1.86%   515 2078s
   189   183 1322.06946   11 1077 1347.00000 1321.90909  1.86%   512 2083s
   190   184 1322.11261   11 1077 1347.00000 1321.90909  1.86%   509 2195s
   192   186 1322.04537   10 1077 1347.00000 1321.90909  1.86%   607 2304s
   194   187 1322.01995    8 1077 1347.00000 1321.90909  1.86%   601 2413s
   195   188 1321.99201    8 1077 1347.00000 1321.90909  1.86%   597 2417s
   196   189 1321.90909    6 1077 1347.00000 1321.90909  1.86%   594 2528s
   198   191 1322.07082   10 1077 1347.00000 1321.90909  1.86%   688 2638s
   200   192 1322.00066    8 1077 1347.00000 1321.90909  1.86%   681 2748s
   201   193 1322.05340    9 1077 1347.00000 1321.90909  1.86%   678 2752s
   202   194 1322.04824    8 1077 1347.00000 1321.90909  1.86%   674 2863s
   204   196 1322.10972   12 1077 1347.00000 1321.90909  1.86%   765 2981s
   206   197 1322.20201   13 1077 1347.00000 1321.90909  1.86%   757 3090s
   207   198 1322.19466   13 1077 1347.00000 1321.90909  1.86%   753 3095s
   208   199 1321.90909    6 1077 1347.00000 1321.90909  1.86%   750 3206s
   210   201 1322.02016    8 1077 1347.00000 1321.90909  1.86%   837 3315s
   212   202 1322.08322   11 1077 1347.00000 1321.90909  1.86%   829 3425s
   214   204 1322.14347   13 1077 1347.00000 1321.90909  1.86%   821 3541s
   216   206 1322.19808   13 1077 1347.00000 1321.90909  1.86%   905 3652s
   218   207 1322.05557   10 1077 1347.00000 1321.90909  1.86%   896 3761s
   219   208 1322.04891   11 1077 1347.00000 1321.90909  1.86%   892 3765s
   220   209 1322.17967   13 1077 1347.00000 1321.90909  1.86%   888 3876s
   222   211 1321.95900    6 1077 1347.00000 1321.90909  1.86%   969 3990s
   224   212 1322.04387    9 1077 1347.00000 1321.90909  1.86%   960 4100s
   226   214 1322.09870   11 1077 1347.00000 1321.90909  1.86%   952 4216s
   228   216 1322.11055   10 1077 1347.00000 1321.90909  1.86%  1030 4318s
   230   217 1322.14257   11 1077 1347.00000 1321.90909  1.86%  1021 4427s
   231   218 1322.05883    9 1077 1347.00000 1321.90909  1.86%  1017 4431s
   232   219 1322.08548   11 1077 1347.00000 1321.90909  1.86%  1012 4542s
   234   221 1321.96053    6 1077 1347.00000 1321.90909  1.86%  1088 4645s
   236   222 1322.07306   10 1077 1347.00000 1321.90909  1.86%  1079 4753s
   237   223 1321.90909    6 1077 1347.00000 1321.90909  1.86%  1074 4758s
   238   224 1322.02651    8 1077 1347.00000 1321.90909  1.86%  1070 4869s
   240   226 1322.12504   11 1077 1347.00000 1321.90909  1.86%  1143 4989s
   242   227 1321.93066    6 1077 1347.00000 1321.90909  1.86%  1134 5097s
   243   228 1322.09179   10 1077 1347.00000 1321.90909  1.86%  1129 5101s
   244   229 1322.09991   11 1077 1347.00000 1321.90909  1.86%  1124 5212s
   246   231 1322.05133    8 1077 1347.00000 1321.90909  1.86%  1195 5334s
   248   232 1322.03311    8 1077 1347.00000 1321.90909  1.86%  1186 5442s
   249   233 1322.00535    9 1077 1347.00000 1321.90909  1.86%  1181 5447s
   250   234 1321.92932    6 1077 1347.00000 1321.90909  1.86%  1176 5557s
   252   236 1321.92046    7 1077 1347.00000 1321.90909  1.86%  1245 5653s
   254   237 1322.11019   12 1077 1347.00000 1321.90909  1.86%  1235 5761s
   255   238 1321.95067    7 1077 1347.00000 1321.90909  1.86%  1230 5765s
   256   239 1322.15698   11 1077 1347.00000 1321.90909  1.86%  1226 5876s
   258   241 1322.08727   11 1077 1347.00000 1321.90909  1.86%  1293 5970s
   260   242 1322.07498   10 1077 1347.00000 1321.90909  1.86%  1283 6079s
   261   243 1322.01995    8 1077 1347.00000 1321.90909  1.86%  1278 6083s
   262   244 1321.95067    7 1077 1347.00000 1321.90909  1.86%  1273 6194s
   264   246 1322.22534   14 1077 1347.00000 1321.90909  1.86%  1338 6301s
   266   247 1322.08897   10 1077 1347.00000 1321.90909  1.86%  1328 6409s
   267   248 1321.98188    8 1077 1347.00000 1321.90909  1.86%  1323 6413s
   268   249 1322.12905   12 1077 1347.00000 1321.90909  1.86%  1318 6524s
   270   251 1322.19808   13 1077 1347.00000 1321.90909  1.86%  1381 6631s
   272   252 1322.06946   11 1077 1347.00000 1321.90909  1.86%  1371 6739s
   273   253 1322.04090   10 1077 1347.00000 1321.90909  1.86%  1366 6743s
   274   254 1322.09179   10 1077 1347.00000 1321.90909  1.86%  1361 6854s
   276   256 1322.16461   12 1077 1347.00000 1321.90909  1.86%  1423 6957s
   278   257 1322.14203   11 1077 1347.00000 1321.90909  1.86%  1413 7065s
   280   259 1321.95833    8 1077 1347.00000 1321.90909  1.86%  1402 7180s
   282   261 1322.00535    9 1077 1347.00000 1321.90909  1.86%  1462 7291s
   284   262 1322.05154    9 1077 1347.00000 1321.90909  1.86%  1452 7399s
   285   263 1322.13711   12 1077 1347.00000 1321.90909  1.86%  1447 7404s
   286   264 1322.13711   12 1077 1347.00000 1321.90909  1.86%  1442 7515s
   288   266 1322.14347   13 1077 1347.00000 1321.90909  1.86%  1500 7627s
   290   267 1322.11261   11 1077 1347.00000 1321.90909  1.86%  1490 7736s
   291   268 1322.13264   11 1077 1347.00000 1321.90909  1.86%  1485 7740s
   292   269 1322.04537   10 1077 1347.00000 1321.90909  1.86%  1480 7852s
   294   271 1322.01995    8 1077 1347.00000 1321.90909  1.86%  1537 7961s
   296   272 1321.90909    6 1077 1347.00000 1321.90909  1.86%  1527 8070s
   298   274 1322.07082   10 1077 1347.00000 1321.90909  1.86%  1516 8186s
   300   276 1322.00066    8 1077 1347.00000 1321.90909  1.86%  1572 8278s
   302   277 1322.04824    8 1077 1347.00000 1321.90909  1.86%  1562 8387s
   303   278 1322.20201   13 1077 1347.00000 1321.90909  1.86%  1556 8392s
   304   279 1322.10972   12 1077 1347.00000 1321.90909  1.86%  1551 8503s
   306   281 1322.20201   13 1077 1347.00000 1321.90909  1.86%  1606 8607s
   308   282 1321.90909    6 1077 1347.00000 1321.90909  1.86%  1595 8716s
   309   283 1322.06597   10 1077 1347.00000 1321.90909  1.86%  1590 8721s
   310   284 1322.02016    8 1077 1347.00000 1321.90909  1.86%  1585 8832s
   312   286 1322.08322   11 1077 1347.00000 1321.90909  1.86%  1638 8936s
   314   287 1322.14347   13 1077 1347.00000 1321.90909  1.86%  1627 9045s
   316   289 1322.19808   13 1077 1347.00000 1321.90909  1.86%  1617 9159s
   318   291 1322.05557   10 1077 1347.00000 1321.90909  1.86%  1669 9269s
   320   292 1322.17967   13 1077 1347.00000 1321.90909  1.86%  1659 9377s
   321   293 1321.95900    6 1077 1347.00000 1321.90909  1.86%  1653 9382s
   322   294 1321.95900    6 1077 1347.00000 1321.90909  1.86%  1648 9493s
   324   296 1322.04387    9 1077 1347.00000 1321.90909  1.86%  1699 9609s
   326   297 1322.09870   11 1077 1347.00000 1321.90909  1.86%  1689 9717s
   327   298 1322.04824    8 1077 1347.00000 1321.90909  1.86%  1683 9722s
   328   299 1322.11055   10 1077 1347.00000 1321.90909  1.86%  1678 9833s
   330   301 1322.14257   11 1077 1347.00000 1321.90909  1.86%  1728 9940s
   332   302 1322.08548   11 1077 1347.00000 1321.90909  1.86%  1718 10048s
   333   303 1322.19671   12 1077 1347.00000 1321.90909  1.86%  1712 10052s
   334   304 1321.96053    6 1077 1347.00000 1321.90909  1.86%  1707 10163s
   336   306 1322.07306   10 1077 1347.00000 1321.90909  1.86%  1756 10274s
   338   307 1322.02651    8 1077 1347.00000 1321.90909  1.86%  1745 10382s
   339   308 1322.13711   12 1077 1347.00000 1321.90909  1.86%  1740 10386s
   340   309 1322.12504   11 1077 1347.00000 1321.90909  1.86%  1735 10498s
   342   311 1321.93066    6 1077 1347.00000 1321.90909  1.86%  1783 10607s
   344   312 1322.09991   11 1077 1347.00000 1321.90909  1.86%  1772 10716s
   345   313 1322.12779   12 1077 1347.00000 1321.90909  1.86%  1767 10720s
   346   314 1322.05133    8 1077 1347.00000 1321.90909  1.86%  1762 10831s
   348   316 1322.03311    8 1077 1347.00000 1321.90909  1.86%  1809 10843s
   350   317 1321.92932    6 1077 1347.00000 1321.90909  1.86%  1798 10952s
   351   318 1322.01681    8 1077 1347.00000 1321.90909  1.86%  1793 10956s
   352   319 1321.92046    7 1077 1347.00000 1321.90909  1.86%  1788 11067s
   354   321 1322.11019   12 1077 1347.00000 1321.90909  1.86%  1834 11177s
   356   322 1322.15698   11 1077 1347.00000 1321.90909  1.86%  1823 11285s
   357   323 1322.11751   11 1077 1347.00000 1321.90909  1.86%  1818 11290s
   358   324 1322.08727   11 1077 1347.00000 1321.90909  1.86%  1813 11401s
   360   326 1322.07498   10 1077 1347.00000 1321.90909  1.86%  1858 11514s
   362   327 1321.95067    7 1077 1347.00000 1321.90909  1.86%  1848 11623s
   363   328 1322.05766   10 1077 1347.00000 1321.90909  1.86%  1843 11627s
   364   329 1322.22534   14 1077 1347.00000 1321.90909  1.86%  1837 11739s
   366   331 1322.08897   10 1077 1347.00000 1321.90909  1.86%  1881 11859s
   368   332 1322.12905   12 1077 1347.00000 1321.90909  1.86%  1871 11969s
   369   333 1322.04090   10 1077 1347.00000 1321.90909  1.86%  1866 11973s
   370   334 1322.19808   13 1077 1347.00000 1321.90909  1.86%  1861 12085s
   372   336 1322.06946   11 1077 1347.00000 1321.90909  1.86%  1904 12184s
   374   337 1322.09179   10 1077 1347.00000 1321.90909  1.86%  1894 12292s
   375   338 1322.06946   11 1077 1347.00000 1321.90909  1.86%  1889 12296s
   376   339 1322.16461   12 1077 1347.00000 1321.90909  1.86%  1884 12408s
   378   341 1322.14203   11 1077 1347.00000 1321.90909  1.86%  1926 12505s
   380   342 1321.95833    8 1077 1347.00000 1321.90909  1.86%  1916 12614s
   381   343 1322.11054   11 1077 1347.00000 1321.90909  1.86%  1911 12618s
   382   344 1322.00535    9 1077 1347.00000 1321.90909  1.86%  1906 12729s
   384   346 1322.05154    9 1077 1347.00000 1321.90909  1.86%  1947 12842s
   386   347 1322.13711   12 1077 1347.00000 1321.90909  1.86%  1937 12951s
   387   348 1322.12272   12 1077 1347.00000 1321.90909  1.86%  1932 12955s
   388   349 1322.14347   13 1077 1347.00000 1321.90909  1.86%  1927 13066s
   390   351 1322.11261   11 1077 1347.00000 1321.90909  1.86%  1968 13182s
   392   352 1322.04537   10 1077 1347.00000 1321.90909  1.86%  1958 13291s
   393   353 1322.12508   12 1077 1347.00000 1321.90909  1.86%  1953 13295s
   394   354 1322.01995    8 1077 1347.00000 1321.90909  1.86%  1948 13405s
   396   356 1321.90909    6 1077 1347.00000 1321.90909  1.86%  1988 13506s
   398   357 1322.07082   10 1077 1347.00000 1321.90909  1.86%  1978 13616s
   399   358 1321.96252    8 1077 1347.00000 1321.90909  1.86%  1973 13620s
   400   359 1322.00066    8 1077 1347.00000 1321.90909  1.86%  1968 13731s
   402   361 1322.04824    8 1077 1347.00000 1321.90909  1.86%  2007 13831s
   404   362 1322.10972   12 1077 1347.00000 1321.90909  1.86%  1997 13940s
   405   363 1322.14203   11 1077 1347.00000 1321.90909  1.86%  1992 13945s
   406   364 1322.20201   13 1077 1347.00000 1321.90909  1.86%  1987 14055s
   408   366 1321.90909    6 1077 1347.00000 1321.90909  1.86%  2026 14171s
   410   367 1322.02016    8 1077 1347.00000 1321.90909  1.86%  2016 14280s
   412   369 1322.08322   11 1077 1347.00000 1321.90909  1.86%  2006 14395s

Explored 413 nodes (866661 simplex iterations) in 14400.03 seconds (28517.35 work units)
Thread count was 32 (of 32 available processors)

Solution count 10: 1347 1348 1349 ... 1357

Time limit reached
Best objective 1.347000000000e+03, best bound 1.322000000000e+03, gap 1.8560%

User-callback calls 2472414, time in user-callback 6.75 sec
