
Gurobi 13.0.2 (linux64) logging started Sun Jul 12 14:10:00 2026

Set parameter LogFile to value "/tmp/sweep_20260709_012313_china_alt400km_s100_i4_v5_gurobi.log"
Set parameter Method to value 1
Set parameter NodefileStart to value 4
Set parameter RINS to value 50
Gurobi Optimizer version 13.0.2 build v13.0.2rc1 (linux64 - "Debian GNU/Linux 13 (trixie)")

CPU model: Intel(R) Xeon(R) Platinum 8375C CPU @ 2.90GHz, instruction set [SSE2|AVX|AVX2|AVX512]
Thread count: 16 physical cores, 32 logical processors, using up to 32 threads

Non-default parameters:
TimeLimit  14400
MIPGap  0.001
Method  1
LPWarmStart  1
Heuristics  0.2
MIPFocus  1
NodefileStart  4
RINS  50
Symmetry  2
Cuts  2
CoverCuts  2
LogToConsole  0

Academic license 2812613 - for non-commercial use only - registered to no___@gatech.edu
Optimize a model with 392028 rows, 71800 columns and 93227992 nonzeros (Min)
Model fingerprint: 0x93549f18
Model has 71800 linear objective coefficients
Variable types: 0 continuous, 71800 integer (71800 binary)
Coefficient statistics:
  Matrix range     [1e+00, 1e+00]
  Objective range  [1e+00, 1e+00]
  Bounds range     [1e+00, 1e+00]
  RHS range        [2e+01, 2e+01]

Found heuristic solution: objective 16310.000000
Presolve removed 0 rows and 0 columns (presolve time = 12s)...
Presolve removed 0 rows and 0 columns (presolve time = 23s)...
Presolve removed 0 rows and 0 columns (presolve time = 30s)...
Presolve removed 0 rows and 0 columns (presolve time = 38s)...
Presolve removed 0 rows and 0 columns (presolve time = 49s)...
Presolve removed 0 rows and 0 columns (presolve time = 59s)...
Presolve removed 0 rows and 0 columns (presolve time = 60s)...
Presolve removed 0 rows and 0 columns (presolve time = 77s)...
Presolve removed 0 rows and 0 columns (presolve time = 86s)...
Presolve removed 0 rows and 0 columns (presolve time = 95s)...
Presolve removed 0 rows and 0 columns (presolve time = 103s)...
Presolve removed 0 rows and 0 columns (presolve time = 105s)...
Presolve removed 0 rows and 0 columns (presolve time = 110s)...
Presolve removed 0 rows and 0 columns (presolve time = 115s)...
Presolve removed 0 rows and 0 columns (presolve time = 120s)...
Presolve removed 0 rows and 0 columns (presolve time = 125s)...
Presolve removed 0 rows and 0 columns (presolve time = 130s)...
Presolve removed 0 rows and 0 columns (presolve time = 135s)...
Presolve removed 0 rows and 0 columns (presolve time = 140s)...
Presolve removed 0 rows and 0 columns (presolve time = 145s)...
Presolve removed 0 rows and 0 columns (presolve time = 159s)...
Presolve removed 0 rows and 0 columns (presolve time = 160s)...
Presolve removed 0 rows and 0 columns (presolve time = 166s)...
Presolve removed 0 rows and 0 columns (presolve time = 176s)...
Presolve removed 0 rows and 0 columns (presolve time = 180s)...
Presolve removed 0 rows and 0 columns (presolve time = 185s)...
Presolve removed 0 rows and 0 columns (presolve time = 190s)...
Presolve removed 0 rows and 0 columns (presolve time = 195s)...
Presolve removed 0 rows and 0 columns (presolve time = 200s)...
Presolve removed 0 rows and 0 columns (presolve time = 205s)...
Presolve removed 0 rows and 0 columns (presolve time = 215s)...
Presolve removed 0 rows and 0 columns (presolve time = 243s)...
Presolve removed 0 rows and 0 columns (presolve time = 245s)...
Presolve removed 0 rows and 0 columns (presolve time = 250s)...
Presolve removed 0 rows and 0 columns (presolve time = 255s)...
Presolve removed 0 rows and 0 columns (presolve time = 260s)...
Presolve removed 0 rows and 0 columns (presolve time = 265s)...
Presolve removed 0 rows and 0 columns (presolve time = 270s)...
Presolve removed 0 rows and 0 columns (presolve time = 275s)...
Presolve removed 0 rows and 0 columns (presolve time = 280s)...
Presolve removed 0 rows and 0 columns (presolve time = 285s)...
Presolve removed 0 rows and 0 columns (presolve time = 290s)...
Presolve removed 0 rows and 0 columns (presolve time = 295s)...
Presolve removed 0 rows and 0 columns (presolve time = 300s)...
Presolve removed 0 rows and 0 columns (presolve time = 305s)...
Presolve removed 0 rows and 0 columns (presolve time = 310s)...
Presolve removed 0 rows and 0 columns (presolve time = 315s)...
Presolve removed 0 rows and 0 columns (presolve time = 320s)...
Presolve removed 0 rows and 0 columns (presolve time = 325s)...
Presolve removed 0 rows and 0 columns (presolve time = 330s)...
Presolve removed 0 rows and 0 columns (presolve time = 335s)...
Presolve removed 0 rows and 0 columns (presolve time = 340s)...
Presolve removed 0 rows and 0 columns (presolve time = 345s)...
Presolve removed 0 rows and 0 columns (presolve time = 350s)...
Presolve removed 0 rows and 0 columns (presolve time = 355s)...
Presolve removed 0 rows and 0 columns (presolve time = 360s)...
Presolve removed 0 rows and 0 columns (presolve time = 365s)...
Presolve removed 0 rows and 0 columns (presolve time = 370s)...
Presolve removed 0 rows and 0 columns (presolve time = 375s)...
Presolve removed 0 rows and 0 columns (presolve time = 380s)...
Presolve removed 0 rows and 0 columns (presolve time = 385s)...
Presolve removed 0 rows and 0 columns (presolve time = 390s)...
Presolve removed 0 rows and 0 columns (presolve time = 395s)...
Presolve removed 0 rows and 0 columns (presolve time = 400s)...
Presolve removed 0 rows and 0 columns (presolve time = 405s)...
Presolve removed 0 rows and 0 columns (presolve time = 410s)...
Presolve removed 0 rows and 0 columns (presolve time = 415s)...
Presolve removed 0 rows and 0 columns (presolve time = 420s)...
Presolve removed 0 rows and 0 columns (presolve time = 425s)...
Presolve removed 0 rows and 0 columns (presolve time = 430s)...
Presolve removed 0 rows and 0 columns (presolve time = 435s)...
Presolve removed 0 rows and 0 columns (presolve time = 440s)...
Presolve removed 0 rows and 0 columns (presolve time = 445s)...
Presolve removed 0 rows and 0 columns (presolve time = 450s)...
Presolve removed 0 rows and 0 columns (presolve time = 455s)...
Presolve removed 0 rows and 0 columns (presolve time = 460s)...
Presolve removed 0 rows and 0 columns (presolve time = 465s)...
Presolve removed 0 rows and 0 columns (presolve time = 470s)...
Presolve removed 0 rows and 0 columns (presolve time = 475s)...
Presolve removed 0 rows and 0 columns (presolve time = 480s)...
Presolve removed 0 rows and 0 columns (presolve time = 485s)...
Presolve removed 0 rows and 0 columns (presolve time = 490s)...
Presolve removed 0 rows and 0 columns (presolve time = 495s)...
Presolve removed 0 rows and 0 columns (presolve time = 500s)...
Presolve removed 0 rows and 0 columns (presolve time = 505s)...
Presolve removed 0 rows and 0 columns (presolve time = 510s)...
Presolve removed 0 rows and 0 columns (presolve time = 515s)...
Presolve removed 0 rows and 0 columns (presolve time = 520s)...
Presolve removed 0 rows and 0 columns (presolve time = 525s)...
Presolve removed 0 rows and 0 columns (presolve time = 530s)...
Presolve removed 0 rows and 0 columns (presolve time = 535s)...
Presolve removed 0 rows and 0 columns (presolve time = 540s)...
Presolve removed 0 rows and 0 columns (presolve time = 545s)...
Presolve removed 0 rows and 0 columns (presolve time = 550s)...
Presolve removed 0 rows and 0 columns (presolve time = 555s)...
Presolve removed 0 rows and 0 columns (presolve time = 560s)...
Presolve removed 0 rows and 0 columns (presolve time = 565s)...
Presolve removed 0 rows and 0 columns (presolve time = 570s)...
Presolve removed 0 rows and 0 columns (presolve time = 575s)...
Presolve removed 0 rows and 0 columns (presolve time = 580s)...
Presolve removed 0 rows and 0 columns (presolve time = 585s)...
Presolve removed 0 rows and 0 columns (presolve time = 590s)...
Presolve removed 0 rows and 0 columns (presolve time = 595s)...
Presolve removed 0 rows and 0 columns (presolve time = 600s)...
Presolve removed 0 rows and 0 columns (presolve time = 605s)...
Presolve removed 0 rows and 0 columns (presolve time = 610s)...
Presolve removed 0 rows and 0 columns (presolve time = 615s)...
Presolve removed 0 rows and 0 columns (presolve time = 620s)...
Presolve removed 0 rows and 0 columns (presolve time = 625s)...
Presolve removed 0 rows and 0 columns (presolve time = 630s)...
Presolve removed 0 rows and 0 columns (presolve time = 635s)...
Presolve removed 0 rows and 0 columns (presolve time = 640s)...
Presolve removed 0 rows and 0 columns (presolve time = 645s)...
Presolve removed 0 rows and 0 columns (presolve time = 650s)...
Presolve removed 0 rows and 0 columns (presolve time = 655s)...
Presolve removed 0 rows and 0 columns (presolve time = 660s)...
Presolve removed 0 rows and 0 columns (presolve time = 665s)...
Presolve removed 0 rows and 0 columns (presolve time = 670s)...
Presolve removed 0 rows and 0 columns (presolve time = 675s)...
Presolve removed 0 rows and 0 columns (presolve time = 680s)...
Presolve removed 0 rows and 0 columns (presolve time = 685s)...
Presolve removed 0 rows and 0 columns (presolve time = 690s)...
Presolve removed 0 rows and 0 columns (presolve time = 695s)...
Presolve removed 0 rows and 0 columns (presolve time = 700s)...
Presolve removed 0 rows and 0 columns (presolve time = 705s)...
Presolve removed 0 rows and 0 columns (presolve time = 710s)...
Presolve removed 0 rows and 0 columns (presolve time = 715s)...
Presolve removed 0 rows and 0 columns (presolve time = 720s)...
Presolve removed 0 rows and 0 columns (presolve time = 725s)...
Presolve removed 0 rows and 0 columns (presolve time = 730s)...
Presolve removed 0 rows and 0 columns (presolve time = 735s)...
Presolve removed 0 rows and 0 columns (presolve time = 740s)...
Presolve removed 0 rows and 0 columns (presolve time = 745s)...
Presolve removed 0 rows and 0 columns (presolve time = 750s)...
Presolve removed 0 rows and 0 columns (presolve time = 755s)...
Presolve removed 0 rows and 0 columns (presolve time = 760s)...
Presolve removed 0 rows and 0 columns (presolve time = 765s)...
Presolve removed 0 rows and 0 columns (presolve time = 770s)...
Presolve removed 0 rows and 0 columns (presolve time = 775s)...
Presolve removed 0 rows and 0 columns (presolve time = 780s)...
Presolve removed 0 rows and 0 columns (presolve time = 785s)...
Presolve removed 0 rows and 0 columns (presolve time = 790s)...
Presolve removed 0 rows and 0 columns (presolve time = 795s)...
Presolve removed 0 rows and 0 columns (presolve time = 800s)...
Presolve removed 0 rows and 0 columns (presolve time = 805s)...
Presolve removed 0 rows and 0 columns (presolve time = 810s)...
Presolve removed 0 rows and 0 columns (presolve time = 815s)...
Presolve removed 0 rows and 0 columns (presolve time = 820s)...
Presolve removed 0 rows and 0 columns (presolve time = 825s)...
Presolve removed 0 rows and 0 columns (presolve time = 830s)...
Presolve removed 0 rows and 0 columns (presolve time = 835s)...
Presolve removed 0 rows and 0 columns (presolve time = 840s)...
Presolve removed 0 rows and 0 columns (presolve time = 845s)...
Presolve removed 0 rows and 0 columns (presolve time = 850s)...
Presolve removed 0 rows and 0 columns (presolve time = 855s)...
Presolve removed 0 rows and 0 columns (presolve time = 860s)...
Presolve removed 0 rows and 0 columns (presolve time = 865s)...
Presolve removed 0 rows and 0 columns (presolve time = 870s)...
Presolve removed 0 rows and 0 columns (presolve time = 875s)...
Presolve removed 0 rows and 0 columns (presolve time = 880s)...
Presolve removed 0 rows and 0 columns (presolve time = 885s)...
Presolve removed 0 rows and 0 columns (presolve time = 890s)...
Presolve removed 0 rows and 0 columns (presolve time = 895s)...
Presolve removed 0 rows and 0 columns (presolve time = 900s)...
Presolve removed 0 rows and 0 columns (presolve time = 905s)...
Presolve removed 0 rows and 0 columns (presolve time = 910s)...
Presolve removed 0 rows and 0 columns (presolve time = 915s)...
Presolve removed 0 rows and 0 columns (presolve time = 920s)...
Presolve removed 0 rows and 0 columns (presolve time = 925s)...
Presolve removed 0 rows and 0 columns (presolve time = 930s)...
Presolve removed 0 rows and 0 columns (presolve time = 935s)...
Presolve removed 0 rows and 0 columns (presolve time = 940s)...
Presolve removed 0 rows and 0 columns (presolve time = 945s)...
Presolve removed 0 rows and 0 columns (presolve time = 950s)...
Presolve removed 0 rows and 0 columns (presolve time = 955s)...
Presolve removed 0 rows and 0 columns (presolve time = 960s)...
Presolve removed 0 rows and 0 columns (presolve time = 965s)...
Presolve removed 0 rows and 0 columns (presolve time = 970s)...
Presolve removed 0 rows and 0 columns (presolve time = 975s)...
Presolve removed 0 rows and 0 columns (presolve time = 980s)...
Presolve removed 0 rows and 0 columns (presolve time = 985s)...
Presolve removed 0 rows and 0 columns (presolve time = 990s)...
Presolve removed 0 rows and 0 columns (presolve time = 995s)...
Presolve removed 0 rows and 0 columns (presolve time = 1000s)...
Presolve removed 0 rows and 0 columns (presolve time = 1005s)...
Presolve removed 0 rows and 0 columns (presolve time = 1010s)...
Presolve removed 0 rows and 0 columns (presolve time = 1015s)...
Presolve removed 0 rows and 0 columns (presolve time = 1020s)...
Presolve removed 0 rows and 0 columns (presolve time = 1025s)...
Presolve removed 0 rows and 0 columns (presolve time = 1030s)...
Presolve removed 0 rows and 0 columns (presolve time = 1035s)...
Presolve removed 0 rows and 0 columns (presolve time = 1040s)...
Presolve removed 0 rows and 0 columns (presolve time = 1045s)...
Presolve removed 0 rows and 0 columns (presolve time = 1050s)...
Presolve removed 0 rows and 0 columns (presolve time = 1055s)...
Presolve removed 0 rows and 0 columns (presolve time = 1060s)...
Presolve removed 0 rows and 0 columns (presolve time = 1065s)...
Presolve removed 0 rows and 0 columns (presolve time = 1070s)...
Presolve removed 0 rows and 0 columns (presolve time = 1075s)...
Presolve removed 0 rows and 0 columns (presolve time = 1080s)...
Presolve removed 0 rows and 0 columns (presolve time = 1085s)...
Presolve removed 0 rows and 0 columns (presolve time = 1090s)...
Presolve removed 0 rows and 0 columns (presolve time = 1095s)...
Presolve removed 0 rows and 0 columns (presolve time = 1100s)...
Presolve removed 0 rows and 0 columns (presolve time = 1105s)...
Presolve removed 0 rows and 0 columns (presolve time = 1110s)...
Presolve removed 0 rows and 0 columns (presolve time = 1115s)...
Presolve removed 0 rows and 0 columns (presolve time = 1120s)...
Presolve removed 0 rows and 0 columns (presolve time = 1125s)...
Presolve removed 0 rows and 0 columns (presolve time = 1130s)...
Presolve removed 0 rows and 0 columns (presolve time = 1135s)...
Presolve removed 0 rows and 0 columns (presolve time = 1140s)...
Presolve removed 0 rows and 0 columns (presolve time = 1145s)...
Presolve removed 0 rows and 0 columns (presolve time = 1150s)...
Presolve removed 0 rows and 0 columns (presolve time = 1155s)...
Presolve removed 0 rows and 0 columns (presolve time = 1160s)...
Presolve removed 0 rows and 0 columns (presolve time = 1173s)...
Presolve time: 1172.54s
Presolved: 392028 rows, 71800 columns, 93227992 nonzeros
Variable types: 0 continuous, 71800 integer (71800 binary)

Root simplex log...

Iteration    Objective       Primal Inf.    Dual Inf.      Time
       0   -0.0000000e+00   0.000000e+00   6.825000e+03   1223s
      85    7.5376116e+03   0.000000e+00   0.000000e+00   1223s
      85    7.5376116e+03   0.000000e+00   0.000000e+00   1223s

Use crossover to convert LP symmetric solution to basic solution...

Root crossover log...

  366180 variables added to crossover basis                     1231s
  371880 variables added to crossover basis                     1235s
  372570 variables added to crossover basis                     1240s
  372930 variables added to crossover basis                     1245s
  373200 variables added to crossover basis                     1250s
  373440 variables added to crossover basis                     1256s
  373620 variables added to crossover basis                     1260s
  373770 variables added to crossover basis                     1265s
  373920 variables added to crossover basis                     1270s
  374460 variables added to crossover basis                     1275s
  375030 variables added to crossover basis                     1280s
  376440 variables added to crossover basis                     1285s
  377250 variables added to crossover basis                     1290s
  377790 variables added to crossover basis                     1295s
  378240 variables added to crossover basis                     1300s
  378630 variables added to crossover basis                     1305s
  378990 variables added to crossover basis                     1310s
  379290 variables added to crossover basis                     1315s
  379620 variables added to crossover basis                     1320s
  379920 variables added to crossover basis                     1325s
  380190 variables added to crossover basis                     1330s
  380430 variables added to crossover basis                     1335s
  380700 variables added to crossover basis                     1341s
  380910 variables added to crossover basis                     1345s
  381150 variables added to crossover basis                     1351s
  381360 variables added to crossover basis                     1356s
  381540 variables added to crossover basis                     1360s
  381750 variables added to crossover basis                     1366s
  381960 variables added to crossover basis                     1370s
  382260 variables added to crossover basis                     1375s
  382500 variables added to crossover basis                     1380s
  382770 variables added to crossover basis                     1385s
  383010 variables added to crossover basis                     1390s
  383250 variables added to crossover basis                     1395s
  383460 variables added to crossover basis                     1400s
  383670 variables added to crossover basis                     1405s
  383940 variables added to crossover basis                     1410s
  384180 variables added to crossover basis                     1416s
  384390 variables added to crossover basis                     1420s
  384600 variables added to crossover basis                     1426s
  384780 variables added to crossover basis                     1430s
  384960 variables added to crossover basis                     1436s
  385110 variables added to crossover basis                     1440s
  385290 variables added to crossover basis                     1446s
  385440 variables added to crossover basis                     1451s
  385590 variables added to crossover basis                     1456s
  385710 variables added to crossover basis                     1460s
  385860 variables added to crossover basis                     1466s
  385980 variables added to crossover basis                     1470s
  386130 variables added to crossover basis                     1476s
  386250 variables added to crossover basis                     1480s
  386370 variables added to crossover basis                     1485s
  386520 variables added to crossover basis                     1491s
  386640 variables added to crossover basis                     1496s
  386760 variables added to crossover basis                     1500s
  386880 variables added to crossover basis                     1505s
  387000 variables added to crossover basis                     1510s
  387120 variables added to crossover basis                     1515s
  387240 variables added to crossover basis                     1520s
  387360 variables added to crossover basis                     1525s
  387480 variables added to crossover basis                     1530s
  387600 variables added to crossover basis                     1535s
  387720 variables added to crossover basis                     1541s
  387840 variables added to crossover basis                     1546s
  387960 variables added to crossover basis                     1551s
  388050 variables added to crossover basis                     1555s
  388170 variables added to crossover basis                     1561s
  388290 variables added to crossover basis                     1566s
  388380 variables added to crossover basis                     1570s
  388500 variables added to crossover basis                     1576s
  388590 variables added to crossover basis                     1580s
  388710 variables added to crossover basis                     1586s
  388800 variables added to crossover basis                     1590s
  388920 variables added to crossover basis                     1596s
  389010 variables added to crossover basis                     1601s
  389100 variables added to crossover basis                     1605s
  389220 variables added to crossover basis                     1611s
  389310 variables added to crossover basis                     1616s
  389400 variables added to crossover basis                     1620s
  389520 variables added to crossover basis                     1626s
  389610 variables added to crossover basis                     1631s
  389700 variables added to crossover basis                     1635s
  389790 variables added to crossover basis                     1640s
  389910 variables added to crossover basis                     1646s
  390000 variables added to crossover basis                     1651s
  390090 variables added to crossover basis                     1655s
  390180 variables added to crossover basis                     1660s
  390270 variables added to crossover basis                     1665s
  390360 variables added to crossover basis                     1670s
  390450 variables added to crossover basis                     1675s
  390540 variables added to crossover basis                     1680s
  390660 variables added to crossover basis                     1687s
  390750 variables added to crossover basis                     1692s
  390810 variables added to crossover basis                     1695s
  390900 variables added to crossover basis                     1700s
  390990 variables added to crossover basis                     1705s
  391080 variables added to crossover basis                     1710s
  391170 variables added to crossover basis                     1715s
  391260 variables added to crossover basis                     1720s
  391350 variables added to crossover basis                     1725s
  391440 variables added to crossover basis                     1730s
  391530 variables added to crossover basis                     1735s
  391620 variables added to crossover basis                     1740s
  391710 variables added to crossover basis                     1745s
  391800 variables added to crossover basis                     1750s
  391920 variables added to crossover basis                     1756s
  392010 variables added to crossover basis                     1761s

       0 DPushes remaining with DInf 0.0000000e+00              3091s

       0 PPushes remaining with PInf 0.0000000e+00              3093s

  Push phase complete: Pinf 0.0000000e+00, Dinf 4.3648960e-08   3095s


Root simplex log...

Iteration    Objective       Primal Inf.    Dual Inf.      Time
      88    7.5376116e+03   0.000000e+00   0.000000e+00   3494s
Crossover time: 2270.41 seconds (7084.23 work units)

Root relaxation: objective 7.537612e+03, 88 iterations, 2311.94 seconds (7117.90 work units)

    Nodes    |    Current Node    |     Objective Bounds      |     Work
 Expl Unexpl |  Obj  Depth IntInf | Incumbent    BestBd   Gap | It/Node Time

     0     0 7537.61155    0 25848 16310.0000 7537.61155  53.8%     - 4902s
H    0     0                    10052.000000 7537.61155  25.0%     - 4902s
H    0     0                    10051.000000 7537.61155  25.0%     - 4904s
H    0     0                    9301.0000000 7537.61155  19.0%     - 7786s
H    0     0                    8829.0000000 7537.61155  14.6%     - 7786s
H    0     0                    8828.0000000 7537.61155  14.6%     - 7786s
H    0     0                    8754.0000000 7537.61155  13.9%     - 7787s
H    0     0                    8686.0000000 7537.61155  13.2%     - 7788s
H    0     0                    8656.0000000 7537.61155  12.9%     - 7789s
H    0     0                    8641.0000000 7537.61155  12.8%     - 7791s
H    0     0                    8634.0000000 7537.61155  12.7%     - 7791s
H    0     0                    8630.0000000 7537.61155  12.7%     - 8055s
H    0     0                    8626.0000000 7537.61155  12.6%     - 8055s
H    0     0                    8623.0000000 7537.61155  12.6%     - 8250s
H    0     0                    8620.0000000 7537.61155  12.6%     - 8250s
H    0     0                    8619.0000000 7537.61155  12.5%     - 8494s
H    0     0                    8618.0000000 7537.61155  12.5%     - 8495s
H    0     0                    8616.0000000 7537.61155  12.5%     - 8649s
H    0     0                    8615.0000000 7537.61155  12.5%     - 8649s
H    0     0                    8613.0000000 7537.61155  12.5%     - 8838s
H    0     0                    8612.0000000 7537.61155  12.5%     - 8838s
H    0     0                    8601.0000000 7537.61155  12.4%     - 9249s

Explored 1 nodes (88 simplex iterations) in 14401.19 seconds (29530.34 work units)
Thread count was 32 (of 32 available processors)

Solution count 10: 8601 8612 8613 ... 8626

Time limit reached
Best objective 8.601000000000e+03, best bound 7.538000000000e+03, gap 12.3590%

User-callback calls 135221, time in user-callback 0.61 sec
