
Gurobi 13.0.2 (linux64) logging started Sat Jul 25 04:42:23 2026

Set parameter LogFile to value "/tmp/sweep_20260724_011830_russia_alt400km_s20_i4_v4_gurobi.log"
Set parameter Method to value 1
Set parameter NodefileStart to value 4
Set parameter RINS to value 50
Gurobi Optimizer version 13.0.2 build v13.0.2rc1 (linux64 - "Debian GNU/Linux 13 (trixie)")

CPU model: Intel(R) Xeon(R) Platinum 8375C CPU @ 2.90GHz, instruction set [SSE2|AVX|AVX2|AVX512]
Thread count: 16 physical cores, 32 logical processors, using up to 32 threads

Non-default parameters:
TimeLimit  14400
MIPGap  0.001
Method  1
LPWarmStart  1
Heuristics  0.2
MIPFocus  1
NodefileStart  4
RINS  50
Symmetry  2
Cuts  2
CoverCuts  2
LogToConsole  0

Academic license 2812613 - for non-commercial use only - registered to no___@gatech.edu
Optimize a model with 718000 rows, 43080 columns and 91532076 nonzeros (Min)
Model fingerprint: 0x9e6a42aa
Model has 43080 linear objective coefficients
Variable types: 0 continuous, 43080 integer (43080 binary)
Coefficient statistics:
  Matrix range     [1e+00, 1e+00]
  Objective range  [1e+00, 1e+00]
  Bounds range     [1e+00, 1e+00]
  RHS range        [5e+00, 5e+00]

Found heuristic solution: objective 4308.0000000
Presolve removed 0 rows and 0 columns (presolve time = 14s)...
Presolve removed 0 rows and 0 columns (presolve time = 15s)...
Presolve removed 0 rows and 0 columns (presolve time = 25s)...
Presolve removed 0 rows and 0 columns (presolve time = 34s)...
Presolve removed 0 rows and 0 columns (presolve time = 35s)...
Presolve removed 0 rows and 0 columns (presolve time = 44s)...
Presolve removed 0 rows and 0 columns (presolve time = 56s)...
Presolve removed 0 rows and 0 columns (presolve time = 69s)...
Presolve removed 0 rows and 0 columns (presolve time = 70s)...
Presolve removed 0 rows and 0 columns (presolve time = 89s)...
Presolve removed 0 rows and 0 columns (presolve time = 99s)...
Presolve removed 0 rows and 0 columns (presolve time = 109s)...
Presolve removed 0 rows and 0 columns (presolve time = 119s)...
Presolve removed 0 rows and 0 columns (presolve time = 120s)...
Presolve removed 0 rows and 0 columns (presolve time = 125s)...
Presolve removed 0 rows and 0 columns (presolve time = 132s)...
Presolve removed 0 rows and 0 columns (presolve time = 144s)...
Presolve removed 0 rows and 0 columns (presolve time = 146s)...
Presolve removed 0 rows and 0 columns (presolve time = 152s)...
Presolve removed 0 rows and 0 columns (presolve time = 163s)...
Presolve removed 0 rows and 0 columns (presolve time = 165s)...
Presolve removed 0 rows and 0 columns (presolve time = 170s)...
Presolve removed 0 rows and 0 columns (presolve time = 175s)...
Presolve removed 0 rows and 0 columns (presolve time = 180s)...
Presolve removed 0 rows and 0 columns (presolve time = 185s)...
Presolve removed 0 rows and 0 columns (presolve time = 190s)...
Presolve removed 0 rows and 0 columns (presolve time = 195s)...
Presolve removed 0 rows and 0 columns (presolve time = 208s)...
Presolve removed 0 rows and 0 columns (presolve time = 211s)...
Presolve removed 0 rows and 0 columns (presolve time = 228s)...
Presolve removed 0 rows and 0 columns (presolve time = 242s)...
Presolve time: 241.83s
Presolved: 718000 rows, 43080 columns, 91532076 nonzeros
Variable types: 0 continuous, 43080 integer (43080 binary)

Root simplex log...

Iteration    Objective       Primal Inf.    Dual Inf.      Time
       0   -0.0000000e+00   0.000000e+00   3.380000e+03    297s
      55    2.3952880e+03   0.000000e+00   0.000000e+00    297s
      55    2.3952880e+03   0.000000e+00   0.000000e+00    297s

Use crossover to convert LP symmetric solution to basic solution...

Root crossover log...

  702204 variables added to crossover basis                      306s
  707634 variables added to crossover basis                      310s
  708384 variables added to crossover basis                      315s
  708894 variables added to crossover basis                      320s
  709314 variables added to crossover basis                      325s
  709644 variables added to crossover basis                      330s
  709974 variables added to crossover basis                      335s
  710274 variables added to crossover basis                      340s
  710664 variables added to crossover basis                      345s
  710994 variables added to crossover basis                      350s
  711324 variables added to crossover basis                      355s
  711594 variables added to crossover basis                      360s
  711834 variables added to crossover basis                      365s
  712074 variables added to crossover basis                      370s
  712284 variables added to crossover basis                      375s
  712494 variables added to crossover basis                      380s
  712674 variables added to crossover basis                      385s
  712884 variables added to crossover basis                      391s
  713064 variables added to crossover basis                      396s
  713244 variables added to crossover basis                      401s
  713394 variables added to crossover basis                      405s
  713574 variables added to crossover basis                      411s
  713754 variables added to crossover basis                      416s
  713904 variables added to crossover basis                      421s
  714054 variables added to crossover basis                      425s
  714204 variables added to crossover basis                      430s
  714354 variables added to crossover basis                      436s
  714504 variables added to crossover basis                      441s
  714654 variables added to crossover basis                      446s
  714804 variables added to crossover basis                      451s
  714924 variables added to crossover basis                      455s
  715074 variables added to crossover basis                      461s
  715194 variables added to crossover basis                      465s
  715344 variables added to crossover basis                      471s
  715464 variables added to crossover basis                      475s
  715614 variables added to crossover basis                      481s
  715734 variables added to crossover basis                      486s
  715854 variables added to crossover basis                      490s
  716004 variables added to crossover basis                      496s
  716124 variables added to crossover basis                      501s
  716244 variables added to crossover basis                      505s
  716364 variables added to crossover basis                      510s
  716514 variables added to crossover basis                      516s
  716634 variables added to crossover basis                      521s
  716754 variables added to crossover basis                      525s
  716874 variables added to crossover basis                      530s
  717024 variables added to crossover basis                      536s
  717144 variables added to crossover basis                      541s
  717264 variables added to crossover basis                      546s
  717384 variables added to crossover basis                      551s
  717504 variables added to crossover basis                      556s
  717624 variables added to crossover basis                      560s
  717744 variables added to crossover basis                      565s
  717864 variables added to crossover basis                      570s
  717984 variables added to crossover basis                      575s

       0 DPushes remaining with DInf 0.0000000e+00               618s

       0 PPushes remaining with PInf 0.0000000e+00               619s

  Push phase complete: Pinf 0.0000000e+00, Dinf 2.5763511e-08    619s


Root simplex log...

Iteration    Objective       Primal Inf.    Dual Inf.      Time
      58    2.3952880e+03   0.000000e+00   0.000000e+00    648s
Crossover time: 350.24 seconds (593.40 work units)

Root relaxation: objective 2.395288e+03, 58 iterations, 396.63 seconds (626.52 work units)

    Nodes    |    Current Node    |     Objective Bounds      |     Work
 Expl Unexpl |  Obj  Depth IntInf | Incumbent    BestBd   Gap | It/Node Time

     0     0 2395.28802    0 15796 4308.00000 2395.28802  44.4%     -  717s
H    0     0                    3614.0000000 2395.28802  33.7%     -  718s
     0     0 2395.28802    0 15796 3614.00000 2395.28802  33.7%     - 2933s
H    0     2                    3564.0000000 2395.28802  32.8%     - 8985s
     0     2 2395.28802    0 15796 3564.00000 2395.28802  32.8%     - 8985s

Explored 1 nodes (58 simplex iterations) in 14401.75 seconds (39446.27 work units)
Thread count was 32 (of 32 available processors)

Solution count 3: 3564 3614 4308 

Time limit reached
Best objective 3.564000000000e+03, best bound 2.396000000000e+03, gap 32.7722%

User-callback calls 291537, time in user-callback 0.85 sec
