
Gurobi 13.0.2 (linux64) logging started Thu Jun 25 23:15:02 2026

Set parameter LogFile to value "/tmp/sweep_20260625_231022_china_alt400km_s50_i4_v5_gurobi.log"
Set parameter Method to value 1
Set parameter NodefileStart to value 4
Set parameter RINS to value 50
Gurobi Optimizer version 13.0.2 build v13.0.2rc1 (linux64 - "Debian GNU/Linux 13 (trixie)")

CPU model: Intel(R) Xeon(R) Platinum 8375C CPU @ 2.90GHz, instruction set [SSE2|AVX|AVX2|AVX512]
Thread count: 16 physical cores, 32 logical processors, using up to 32 threads

Non-default parameters:
TimeLimit  21600
MIPGap  0.01
Method  1
LPWarmStart  1
Heuristics  0.2
MIPFocus  1
NodefileStart  4
RINS  50
Symmetry  2
Cuts  2
CoverCuts  2
LogToConsole  0

Academic license 2812613 - for non-commercial use only - registered to no___@gatech.edu
Optimize a model with 392028 rows, 57440 columns and 81174208 nonzeros (Min)
Model fingerprint: 0x5cb4e63a
Model has 57440 linear objective coefficients
Variable types: 0 continuous, 57440 integer (57440 binary)
Coefficient statistics:
  Matrix range     [1e+00, 1e+00]
  Objective range  [1e+00, 1e+00]
  Bounds range     [1e+00, 1e+00]
  RHS range        [1e+01, 1e+01]

Found heuristic solution: objective 8230.0000000
Presolve removed 0 rows and 0 columns (presolve time = 12s)...
Presolve removed 0 rows and 0 columns (presolve time = 22s)...
Presolve removed 0 rows and 0 columns (presolve time = 30s)...
Presolve removed 0 rows and 0 columns (presolve time = 30s)...
Presolve removed 0 rows and 0 columns (presolve time = 38s)...
Presolve removed 0 rows and 0 columns (presolve time = 49s)...
Presolve removed 0 rows and 0 columns (presolve time = 59s)...
Presolve removed 0 rows and 0 columns (presolve time = 60s)...
Presolve removed 0 rows and 0 columns (presolve time = 78s)...
Presolve removed 0 rows and 0 columns (presolve time = 87s)...
Presolve removed 0 rows and 0 columns (presolve time = 96s)...
Presolve removed 0 rows and 0 columns (presolve time = 104s)...
Presolve removed 0 rows and 0 columns (presolve time = 105s)...
Presolve removed 0 rows and 0 columns (presolve time = 110s)...
Presolve removed 0 rows and 0 columns (presolve time = 116s)...
Presolve removed 0 rows and 0 columns (presolve time = 120s)...
Presolve removed 0 rows and 0 columns (presolve time = 125s)...
Presolve removed 0 rows and 0 columns (presolve time = 130s)...
Presolve removed 0 rows and 0 columns (presolve time = 135s)...
Presolve removed 0 rows and 0 columns (presolve time = 140s)...
Presolve removed 0 rows and 0 columns (presolve time = 145s)...
Presolve removed 0 rows and 0 columns (presolve time = 157s)...
Presolve removed 0 rows and 0 columns (presolve time = 160s)...
Presolve removed 0 rows and 0 columns (presolve time = 166s)...
Presolve removed 0 rows and 0 columns (presolve time = 175s)...
Presolve removed 0 rows and 0 columns (presolve time = 175s)...
Presolve removed 0 rows and 0 columns (presolve time = 180s)...
Presolve removed 0 rows and 0 columns (presolve time = 185s)...
Presolve removed 0 rows and 0 columns (presolve time = 190s)...
Presolve removed 0 rows and 0 columns (presolve time = 195s)...
Presolve removed 0 rows and 0 columns (presolve time = 200s)...
Presolve removed 0 rows and 0 columns (presolve time = 212s)...
Presolve removed 0 rows and 0 columns (presolve time = 215s)...
Presolve removed 0 rows and 0 columns (presolve time = 239s)...
Presolve removed 0 rows and 0 columns (presolve time = 240s)...
Presolve removed 0 rows and 0 columns (presolve time = 245s)...
Presolve removed 0 rows and 0 columns (presolve time = 250s)...
Presolve removed 0 rows and 0 columns (presolve time = 255s)...
Presolve removed 0 rows and 0 columns (presolve time = 260s)...
Presolve removed 0 rows and 0 columns (presolve time = 265s)...
Presolve removed 0 rows and 0 columns (presolve time = 270s)...
Presolve removed 0 rows and 0 columns (presolve time = 275s)...
Presolve removed 0 rows and 0 columns (presolve time = 280s)...
Presolve removed 0 rows and 0 columns (presolve time = 285s)...
Presolve removed 0 rows and 0 columns (presolve time = 290s)...
Presolve removed 0 rows and 0 columns (presolve time = 295s)...
Presolve removed 0 rows and 0 columns (presolve time = 300s)...
Presolve removed 0 rows and 0 columns (presolve time = 305s)...
Presolve removed 0 rows and 0 columns (presolve time = 310s)...
Presolve removed 0 rows and 0 columns (presolve time = 315s)...
Presolve removed 0 rows and 0 columns (presolve time = 320s)...
Presolve removed 0 rows and 0 columns (presolve time = 325s)...
Presolve removed 0 rows and 0 columns (presolve time = 330s)...
Presolve removed 0 rows and 0 columns (presolve time = 335s)...
Presolve removed 0 rows and 0 columns (presolve time = 340s)...
Presolve removed 0 rows and 0 columns (presolve time = 345s)...
Presolve removed 0 rows and 0 columns (presolve time = 350s)...
Presolve removed 0 rows and 0 columns (presolve time = 355s)...
Presolve removed 0 rows and 0 columns (presolve time = 360s)...
Presolve removed 0 rows and 0 columns (presolve time = 365s)...
Presolve removed 0 rows and 0 columns (presolve time = 370s)...
Presolve removed 0 rows and 0 columns (presolve time = 375s)...
Presolve removed 0 rows and 0 columns (presolve time = 380s)...
Presolve removed 0 rows and 0 columns (presolve time = 385s)...
Presolve removed 0 rows and 0 columns (presolve time = 390s)...
Presolve removed 0 rows and 0 columns (presolve time = 395s)...
Presolve removed 0 rows and 0 columns (presolve time = 400s)...
Presolve removed 0 rows and 0 columns (presolve time = 405s)...
Presolve removed 0 rows and 0 columns (presolve time = 410s)...
Presolve removed 0 rows and 0 columns (presolve time = 415s)...
Presolve removed 0 rows and 0 columns (presolve time = 420s)...
Presolve removed 0 rows and 0 columns (presolve time = 425s)...
Presolve removed 0 rows and 0 columns (presolve time = 430s)...
Presolve removed 0 rows and 0 columns (presolve time = 435s)...
Presolve removed 0 rows and 0 columns (presolve time = 440s)...
Presolve removed 0 rows and 0 columns (presolve time = 445s)...
Presolve removed 0 rows and 0 columns (presolve time = 450s)...
Presolve removed 0 rows and 0 columns (presolve time = 455s)...
Presolve removed 0 rows and 0 columns (presolve time = 460s)...
Presolve removed 0 rows and 0 columns (presolve time = 465s)...
Presolve removed 0 rows and 0 columns (presolve time = 470s)...
Presolve removed 0 rows and 0 columns (presolve time = 475s)...
Presolve removed 0 rows and 0 columns (presolve time = 480s)...
Presolve removed 0 rows and 0 columns (presolve time = 485s)...
Presolve removed 0 rows and 0 columns (presolve time = 490s)...
Presolve removed 0 rows and 0 columns (presolve time = 495s)...
Presolve removed 0 rows and 0 columns (presolve time = 500s)...
Presolve removed 0 rows and 0 columns (presolve time = 505s)...
Presolve removed 0 rows and 0 columns (presolve time = 510s)...
Presolve removed 0 rows and 0 columns (presolve time = 515s)...
Presolve removed 0 rows and 0 columns (presolve time = 520s)...
Presolve removed 0 rows and 0 columns (presolve time = 525s)...
Presolve removed 0 rows and 0 columns (presolve time = 530s)...
Presolve removed 0 rows and 0 columns (presolve time = 535s)...
Presolve removed 0 rows and 0 columns (presolve time = 540s)...
Presolve removed 0 rows and 0 columns (presolve time = 545s)...
Presolve removed 0 rows and 0 columns (presolve time = 550s)...
Presolve removed 0 rows and 0 columns (presolve time = 555s)...
Presolve removed 0 rows and 0 columns (presolve time = 560s)...
Presolve removed 0 rows and 0 columns (presolve time = 565s)...
Presolve removed 0 rows and 0 columns (presolve time = 570s)...
Presolve removed 0 rows and 0 columns (presolve time = 575s)...
Presolve removed 0 rows and 0 columns (presolve time = 580s)...
Presolve removed 0 rows and 0 columns (presolve time = 585s)...
Presolve removed 0 rows and 0 columns (presolve time = 590s)...
Presolve removed 0 rows and 0 columns (presolve time = 595s)...
Presolve removed 0 rows and 0 columns (presolve time = 600s)...
Presolve removed 0 rows and 0 columns (presolve time = 605s)...
Presolve removed 0 rows and 0 columns (presolve time = 610s)...
Presolve removed 0 rows and 0 columns (presolve time = 615s)...
Presolve removed 0 rows and 0 columns (presolve time = 620s)...
Presolve removed 0 rows and 0 columns (presolve time = 625s)...
Presolve removed 0 rows and 0 columns (presolve time = 630s)...
Presolve removed 0 rows and 0 columns (presolve time = 635s)...
Presolve removed 0 rows and 0 columns (presolve time = 640s)...
Presolve removed 0 rows and 0 columns (presolve time = 645s)...
Presolve removed 0 rows and 0 columns (presolve time = 650s)...
Presolve removed 0 rows and 0 columns (presolve time = 655s)...
Presolve removed 0 rows and 0 columns (presolve time = 660s)...
Presolve removed 0 rows and 0 columns (presolve time = 665s)...
Presolve removed 0 rows and 0 columns (presolve time = 670s)...
Presolve removed 0 rows and 0 columns (presolve time = 675s)...
Presolve removed 0 rows and 0 columns (presolve time = 680s)...
Presolve removed 0 rows and 0 columns (presolve time = 685s)...
Presolve removed 0 rows and 0 columns (presolve time = 690s)...
Presolve removed 0 rows and 0 columns (presolve time = 695s)...
Presolve removed 0 rows and 0 columns (presolve time = 700s)...
Presolve removed 0 rows and 0 columns (presolve time = 705s)...
Presolve removed 0 rows and 0 columns (presolve time = 710s)...
Presolve removed 0 rows and 0 columns (presolve time = 715s)...
Presolve removed 0 rows and 0 columns (presolve time = 720s)...
Presolve removed 0 rows and 0 columns (presolve time = 725s)...
Presolve removed 0 rows and 0 columns (presolve time = 730s)...
Presolve removed 0 rows and 0 columns (presolve time = 735s)...
Presolve removed 0 rows and 0 columns (presolve time = 740s)...
Presolve removed 0 rows and 0 columns (presolve time = 745s)...
Presolve removed 0 rows and 0 columns (presolve time = 750s)...
Presolve removed 0 rows and 0 columns (presolve time = 755s)...
Presolve removed 0 rows and 0 columns (presolve time = 760s)...
Presolve removed 0 rows and 0 columns (presolve time = 765s)...
Presolve removed 0 rows and 0 columns (presolve time = 770s)...
Presolve removed 0 rows and 0 columns (presolve time = 775s)...
Presolve removed 0 rows and 0 columns (presolve time = 780s)...
Presolve removed 0 rows and 0 columns (presolve time = 785s)...
Presolve removed 0 rows and 0 columns (presolve time = 790s)...
Presolve removed 0 rows and 0 columns (presolve time = 795s)...
Presolve removed 0 rows and 0 columns (presolve time = 800s)...
Presolve removed 0 rows and 0 columns (presolve time = 805s)...
Presolve removed 0 rows and 0 columns (presolve time = 810s)...
Presolve removed 0 rows and 0 columns (presolve time = 815s)...
Presolve removed 0 rows and 0 columns (presolve time = 820s)...
Presolve removed 0 rows and 0 columns (presolve time = 825s)...
Presolve removed 0 rows and 0 columns (presolve time = 830s)...
Presolve removed 0 rows and 0 columns (presolve time = 835s)...
Presolve removed 0 rows and 0 columns (presolve time = 840s)...
Presolve removed 0 rows and 0 columns (presolve time = 845s)...
Presolve removed 0 rows and 0 columns (presolve time = 850s)...
Presolve removed 0 rows and 0 columns (presolve time = 855s)...
Presolve removed 0 rows and 0 columns (presolve time = 860s)...
Presolve removed 0 rows and 0 columns (presolve time = 865s)...
Presolve removed 0 rows and 0 columns (presolve time = 870s)...
Presolve removed 0 rows and 0 columns (presolve time = 875s)...
Presolve removed 0 rows and 0 columns (presolve time = 880s)...
Presolve removed 0 rows and 0 columns (presolve time = 885s)...
Presolve removed 0 rows and 0 columns (presolve time = 890s)...
Presolve removed 0 rows and 0 columns (presolve time = 895s)...
Presolve removed 0 rows and 0 columns (presolve time = 900s)...
Presolve removed 0 rows and 0 columns (presolve time = 905s)...
Presolve removed 0 rows and 0 columns (presolve time = 910s)...
Presolve removed 0 rows and 0 columns (presolve time = 915s)...
Presolve removed 0 rows and 0 columns (presolve time = 920s)...
Presolve removed 0 rows and 0 columns (presolve time = 925s)...
Presolve removed 0 rows and 0 columns (presolve time = 930s)...
Presolve removed 0 rows and 0 columns (presolve time = 935s)...
Presolve removed 0 rows and 0 columns (presolve time = 940s)...
Presolve removed 0 rows and 0 columns (presolve time = 945s)...
Presolve removed 0 rows and 0 columns (presolve time = 950s)...
Presolve removed 0 rows and 0 columns (presolve time = 955s)...
Presolve removed 0 rows and 0 columns (presolve time = 960s)...
Presolve removed 0 rows and 0 columns (presolve time = 965s)...
Presolve removed 0 rows and 0 columns (presolve time = 970s)...
Presolve removed 0 rows and 0 columns (presolve time = 975s)...
Presolve removed 0 rows and 0 columns (presolve time = 980s)...
Presolve removed 0 rows and 0 columns (presolve time = 985s)...
Presolve removed 0 rows and 0 columns (presolve time = 990s)...
Presolve removed 0 rows and 0 columns (presolve time = 995s)...
Presolve removed 0 rows and 0 columns (presolve time = 1000s)...
Presolve removed 0 rows and 0 columns (presolve time = 1005s)...
Presolve removed 0 rows and 0 columns (presolve time = 1010s)...
Presolve removed 0 rows and 0 columns (presolve time = 1015s)...
Presolve removed 0 rows and 0 columns (presolve time = 1020s)...
Presolve removed 0 rows and 0 columns (presolve time = 1025s)...
Presolve removed 0 rows and 0 columns (presolve time = 1030s)...
Presolve removed 0 rows and 0 columns (presolve time = 1035s)...
Presolve removed 0 rows and 0 columns (presolve time = 1040s)...
Presolve removed 0 rows and 0 columns (presolve time = 1045s)...
Presolve removed 0 rows and 0 columns (presolve time = 1050s)...
Presolve removed 0 rows and 0 columns (presolve time = 1055s)...
Presolve removed 0 rows and 0 columns (presolve time = 1060s)...
Presolve removed 0 rows and 0 columns (presolve time = 1065s)...
Presolve removed 0 rows and 0 columns (presolve time = 1070s)...
Presolve removed 0 rows and 0 columns (presolve time = 1075s)...
Presolve removed 0 rows and 0 columns (presolve time = 1080s)...
Presolve removed 0 rows and 0 columns (presolve time = 1085s)...
Presolve removed 0 rows and 0 columns (presolve time = 1090s)...
Presolve removed 0 rows and 0 columns (presolve time = 1095s)...
Presolve removed 0 rows and 0 columns (presolve time = 1100s)...
Presolve removed 0 rows and 0 columns (presolve time = 1105s)...
Presolve removed 0 rows and 0 columns (presolve time = 1110s)...
Presolve removed 0 rows and 0 columns (presolve time = 1115s)...
Presolve removed 0 rows and 0 columns (presolve time = 1120s)...
Presolve removed 0 rows and 0 columns (presolve time = 1125s)...
Presolve removed 0 rows and 0 columns (presolve time = 1130s)...
Presolve removed 0 rows and 0 columns (presolve time = 1135s)...
Presolve removed 0 rows and 0 columns (presolve time = 1140s)...
Presolve removed 0 rows and 0 columns (presolve time = 1145s)...
Presolve removed 0 rows and 0 columns (presolve time = 1150s)...
Presolve removed 0 rows and 0 columns (presolve time = 1155s)...
Presolve removed 0 rows and 0 columns (presolve time = 1160s)...
Presolve removed 0 rows and 0 columns (presolve time = 1165s)...
Presolve removed 0 rows and 0 columns (presolve time = 1170s)...
Presolve removed 0 rows and 0 columns (presolve time = 1175s)...
Presolve removed 0 rows and 0 columns (presolve time = 1180s)...
Presolve removed 0 rows and 0 columns (presolve time = 1185s)...
Presolve removed 0 rows and 0 columns (presolve time = 1190s)...
Presolve removed 0 rows and 0 columns (presolve time = 1195s)...
Presolve removed 0 rows and 0 columns (presolve time = 1200s)...
Presolve removed 0 rows and 0 columns (presolve time = 1205s)...
Presolve removed 0 rows and 0 columns (presolve time = 1219s)...
Presolve time: 1218.85s
Presolved: 392028 rows, 57440 columns, 81174208 nonzeros
Variable types: 0 continuous, 57440 integer (57440 binary)

Root simplex log...

Iteration    Objective       Primal Inf.    Dual Inf.      Time
       0   -0.0000000e+00   0.000000e+00   3.562000e+03   1265s
      77    3.9551338e+03   0.000000e+00   0.000000e+00   1265s
      77    3.9551338e+03   0.000000e+00   0.000000e+00   1265s

Use crossover to convert LP symmetric solution to basic solution...

Root crossover log...

  367616 variables added to crossover basis                     1273s
  372056 variables added to crossover basis                     1275s
  373166 variables added to crossover basis                     1280s
  374216 variables added to crossover basis                     1285s
  375266 variables added to crossover basis                     1290s
  376316 variables added to crossover basis                     1295s
  377276 variables added to crossover basis                     1300s
  377906 variables added to crossover basis                     1305s
  378626 variables added to crossover basis                     1310s
  379196 variables added to crossover basis                     1315s
  379646 variables added to crossover basis                     1320s
  380006 variables added to crossover basis                     1325s
  380366 variables added to crossover basis                     1330s
  380696 variables added to crossover basis                     1335s
  380996 variables added to crossover basis                     1340s
  381266 variables added to crossover basis                     1345s
  381536 variables added to crossover basis                     1350s
  381806 variables added to crossover basis                     1355s
  382046 variables added to crossover basis                     1361s
  382256 variables added to crossover basis                     1365s
  382466 variables added to crossover basis                     1371s
  382646 variables added to crossover basis                     1375s
  382856 variables added to crossover basis                     1381s
  383036 variables added to crossover basis                     1385s
  383216 variables added to crossover basis                     1390s
  383396 variables added to crossover basis                     1395s
  383636 variables added to crossover basis                     1400s
  383906 variables added to crossover basis                     1405s
  384116 variables added to crossover basis                     1410s
  384326 variables added to crossover basis                     1415s
  384536 variables added to crossover basis                     1421s
  384716 variables added to crossover basis                     1426s
  384866 variables added to crossover basis                     1430s
  385046 variables added to crossover basis                     1436s
  385196 variables added to crossover basis                     1440s
  385346 variables added to crossover basis                     1445s
  385496 variables added to crossover basis                     1450s
  385646 variables added to crossover basis                     1455s
  385796 variables added to crossover basis                     1461s
  385946 variables added to crossover basis                     1466s
  386066 variables added to crossover basis                     1470s
  386216 variables added to crossover basis                     1476s
  386336 variables added to crossover basis                     1480s
  386486 variables added to crossover basis                     1486s
  386606 variables added to crossover basis                     1490s
  386726 variables added to crossover basis                     1495s
  386876 variables added to crossover basis                     1501s
  386996 variables added to crossover basis                     1506s
  387116 variables added to crossover basis                     1511s
  387236 variables added to crossover basis                     1516s
  387356 variables added to crossover basis                     1521s
  387446 variables added to crossover basis                     1525s
  387566 variables added to crossover basis                     1530s
  387686 variables added to crossover basis                     1536s
  387806 variables added to crossover basis                     1541s
  387896 variables added to crossover basis                     1545s
  388016 variables added to crossover basis                     1551s
  388106 variables added to crossover basis                     1555s
  388226 variables added to crossover basis                     1561s
  388316 variables added to crossover basis                     1565s
  388436 variables added to crossover basis                     1571s
  388526 variables added to crossover basis                     1575s
  388646 variables added to crossover basis                     1581s
  388736 variables added to crossover basis                     1586s
  388826 variables added to crossover basis                     1590s
  388946 variables added to crossover basis                     1596s
  389036 variables added to crossover basis                     1601s
  389126 variables added to crossover basis                     1606s
  389216 variables added to crossover basis                     1610s
  389336 variables added to crossover basis                     1617s
  389426 variables added to crossover basis                     1621s
  389516 variables added to crossover basis                     1626s
  389606 variables added to crossover basis                     1631s
  389696 variables added to crossover basis                     1636s
  389786 variables added to crossover basis                     1641s
  389876 variables added to crossover basis                     1646s
  389966 variables added to crossover basis                     1650s
  390056 variables added to crossover basis                     1655s
  390146 variables added to crossover basis                     1660s
  390236 variables added to crossover basis                     1665s
  390326 variables added to crossover basis                     1670s
  390416 variables added to crossover basis                     1675s
  390506 variables added to crossover basis                     1680s
  390596 variables added to crossover basis                     1685s
  390686 variables added to crossover basis                     1690s
  390776 variables added to crossover basis                     1696s
  390866 variables added to crossover basis                     1700s
  390956 variables added to crossover basis                     1705s
  391046 variables added to crossover basis                     1711s
  391136 variables added to crossover basis                     1716s
  391226 variables added to crossover basis                     1721s
  391316 variables added to crossover basis                     1726s
  391406 variables added to crossover basis                     1731s
  391496 variables added to crossover basis                     1736s
  391586 variables added to crossover basis                     1741s
  391676 variables added to crossover basis                     1746s
  391766 variables added to crossover basis                     1751s
  391856 variables added to crossover basis                     1756s
  391946 variables added to crossover basis                     1761s

       0 DPushes remaining with DInf 0.0000000e+00              3143s

       0 PPushes remaining with PInf 0.0000000e+00              3145s

  Push phase complete: Pinf 0.0000000e+00, Dinf 7.7473394e-08   3147s


Root simplex log...

Iteration    Objective       Primal Inf.    Dual Inf.      Time
      80    3.9551338e+03   0.000000e+00   0.000000e+00   3561s
Crossover time: 2295.55 seconds (6166.46 work units)

Root relaxation: objective 3.955134e+03, 80 iterations, 2333.70 seconds (6195.68 work units)

    Nodes    |    Current Node    |     Objective Bounds      |     Work
 Expl Unexpl |  Obj  Depth IntInf | Incumbent    BestBd   Gap | It/Node Time

     0     0 3955.13379    0 24412 8230.00000 3955.13379  51.9%     - 5118s
H    0     0                    5744.0000000 3955.13379  31.1%     - 5119s
H    0     0                    4978.0000000 3955.13379  20.5%     - 6323s
H    0     0                    4882.0000000 3955.13379  19.0%     - 6323s
H    0     0                    4881.0000000 3955.13379  19.0%     - 6323s
H    0     0                    4878.0000000 3955.13379  18.9%     - 6324s
H    0     0                    4858.0000000 3955.13379  18.6%     - 6324s
H    0     0                    4848.0000000 3955.13379  18.4%     - 6325s
H    0     0                    4839.0000000 3955.13379  18.3%     - 6325s
H    0     0                    4831.0000000 3955.13379  18.1%     - 6354s
H    0     0                    4830.0000000 3955.13379  18.1%     - 6354s
H    0     0                    4827.0000000 3955.13379  18.1%     - 6366s
H    0     0                    4819.0000000 3955.13379  17.9%     - 6376s
H    0     0                    4818.0000000 3955.13379  17.9%     - 6376s
H    0     0                    4815.0000000 3955.13379  17.9%     - 6399s
H    0     0                    4814.0000000 3955.13379  17.8%     - 6399s
H    0     0                    4811.0000000 3955.13379  17.8%     - 6418s
H    0     0                    4807.0000000 3955.13379  17.7%     - 6425s
H    0     0                    4798.0000000 3955.13379  17.6%     - 6433s
H    0     0                    4795.0000000 3955.13379  17.5%     - 6433s
H    0     0                    4792.0000000 3955.13379  17.5%     - 6450s
H    0     0                    4791.0000000 3955.13379  17.4%     - 6470s
H    0     0                    4789.0000000 3955.13379  17.4%     - 6509s
H    0     0                    4788.0000000 3955.13379  17.4%     - 6551s
H    0     0                    4787.0000000 3955.13379  17.4%     - 6551s
H    0     0                    4785.0000000 3955.13379  17.3%     - 6551s
H    0     0                    4784.0000000 3955.13379  17.3%     - 6569s
H    0     0                    4783.0000000 3955.13379  17.3%     - 6570s
H    0     0                    4782.0000000 3955.13379  17.3%     - 6630s
H    0     0                    4780.0000000 3955.13379  17.3%     - 6648s
H    0     0                    4779.0000000 3955.13379  17.2%     - 6682s
H    0     0                    4777.0000000 3955.13379  17.2%     - 6788s
H    0     0                    4776.0000000 3955.13379  17.2%     - 6877s
H    0     0                    4766.0000000 3955.13379  17.0%     - 7389s
H    0     0                    4765.0000000 3955.13379  17.0%     - 7390s
H    0     0                    4752.0000000 3955.13379  16.8%     - 7478s
H    0     0                    4746.0000000 3955.13379  16.7%     - 7574s
H    0     0                    4745.0000000 3955.13379  16.6%     - 7574s
H    0     0                    4724.0000000 3955.13379  16.3%     - 7761s
H    0     0                    4723.0000000 3955.13379  16.3%     - 8187s
H    0     0                    4722.0000000 3955.13379  16.2%     - 8187s
H    0     0                    4719.0000000 3955.13379  16.2%     - 8700s
H    0     0                    4716.0000000 3955.13379  16.1%     - 8700s
H    0     0                    4715.0000000 3955.13379  16.1%     - 8991s
H    0     0                    4713.0000000 3955.13379  16.1%     - 8991s

Explored 1 nodes (80 simplex iterations) in 21601.71 seconds (38153.64 work units)
Thread count was 32 (of 32 available processors)

Solution count 10: 4713 4715 4716 ... 4752

Time limit reached
Best objective 4.713000000000e+03, best bound 3.956000000000e+03, gap 16.0620%

User-callback calls 702738, time in user-callback 2.64 sec
