
Gurobi 13.0.2 (linux64) logging started Sun Jul 19 15:50:48 2026

Set parameter LogFile to value "/tmp/sweep_20260716_013919_north-korea_alt550km_s20_i2_v10_gurobi.log"
Set parameter Method to value 1
Set parameter NodefileStart to value 4
Set parameter RINS to value 50
Gurobi Optimizer version 13.0.2 build v13.0.2rc1 (linux64 - "Debian GNU/Linux 13 (trixie)")

CPU model: Intel(R) Xeon(R) Platinum 8375C CPU @ 2.90GHz, instruction set [SSE2|AVX|AVX2|AVX512]
Thread count: 16 physical cores, 32 logical processors, using up to 32 threads

Non-default parameters:
TimeLimit  14400
MIPGap  0.001
Method  1
LPWarmStart  1
Heuristics  0.2
MIPFocus  1
NodefileStart  4
RINS  50
Symmetry  2
Cuts  2
CoverCuts  2
LogToConsole  0

Academic license 2812613 - for non-commercial use only - registered to no___@gatech.edu
Optimize a model with 1436 rows, 10770 columns and 233350 nonzeros (Min)
Model fingerprint: 0x6c6b9b96
Model has 10770 linear objective coefficients
Variable types: 0 continuous, 10770 integer (10770 binary)
Coefficient statistics:
  Matrix range     [1e+00, 1e+00]
  Objective range  [1e+00, 1e+00]
  Bounds range     [1e+00, 1e+00]
  RHS range        [1e+01, 1e+01]

Found heuristic solution: objective 859.0000000
Presolve removed 0 rows and 718 columns
Presolve time: 0.21s
Presolved: 1436 rows, 10052 columns, 214682 nonzeros
Variable types: 0 continuous, 10052 integer (9334 binary)

Root simplex log...

Iteration    Objective       Primal Inf.    Dual Inf.      Time
    8068    5.7786485e+02   6.499040e+03   0.000000e+00      5s
   11028    5.8194347e+02   1.485451e+02   0.000000e+00     10s
   11192    5.8216216e+02   0.000000e+00   0.000000e+00     10s

Root relaxation: objective 5.821622e+02, 11192 iterations, 10.18 seconds (22.22 work units)

    Nodes    |    Current Node    |     Objective Bounds      |     Work
 Expl Unexpl |  Obj  Depth IntInf | Incumbent    BestBd   Gap | It/Node Time

     0     0  582.16216    0 1436  859.00000  582.16216  32.2%     -   10s
H    0     0                     764.0000000  582.16216  23.8%     -   10s
H    0     0                     718.0000000  582.16216  18.9%     -   10s
H    0     0                     635.0000000  582.16216  8.32%     -   10s
H    0     0                     634.0000000  582.16216  8.18%     -   10s
H    0     0                     633.0000000  582.16216  8.03%     -   10s
H    0     0                     632.0000000  582.16216  7.89%     -   11s
H    0     0                     631.0000000  582.16216  7.74%     -   11s
H    0     0                     630.0000000  582.16216  7.59%     -   11s
H    0     0                     629.0000000  582.16216  7.45%     -   11s
H    0     0                     628.0000000  582.16216  7.30%     -   11s
H    0     0                     625.0000000  582.16216  6.85%     -   11s
H    0     0                     622.0000000  582.16216  6.40%     -   11s
H    0     0                     621.0000000  582.16216  6.25%     -   11s
H    0     0                     620.0000000  582.16216  6.10%     -   11s
H    0     0                     619.0000000  582.16216  5.95%     -   11s
H    0     0                     617.0000000  582.16216  5.65%     -   11s
H    0     0                     616.0000000  582.16216  5.49%     -   11s
H    0     0                     615.0000000  582.16216  5.34%     -   11s
H    0     0                     614.0000000  582.16216  5.19%     -   13s
     0     0  582.16216    0 1436  614.00000  582.16216  5.19%     -   32s
H    0     0                     611.0000000  582.16216  4.72%     -   66s
H    0     2                     610.0000000  582.16216  4.56%     -   67s
     0     2  582.16216    0 1436  610.00000  582.16216  4.56%     -   67s
     1     3  582.26396    1 1426  610.00000  582.17853  4.56%  17.0   73s
     2     5  582.34042    2 1416  610.00000  582.17853  4.56%  21.5   79s
     4     9  582.36416    3 1413  610.00000  582.17853  4.56%  25.8   87s
     8    17  582.38960    4 1412  610.00000  582.17853  4.56%  34.2  101s
    16    33  582.41021    5 1411  610.00000  582.17853  4.56%  42.7  117s
    28    33  582.49394    5 1394  610.00000  582.17853  4.56%  47.1  120s
    32    49  582.43174    6 1408  610.00000  582.17853  4.56%  56.2  132s
H   35    49                     609.0000000  582.17853  4.40%  53.0  132s
    48    65  582.45657    7 1408  609.00000  582.17853  4.40%  54.9  143s
    65    66  582.47171    7 1436  609.00000  582.17853  4.40%  55.3  182s
    67    67  582.57881    8 1436  609.00000  582.17853  4.40%  53.7  237s
    68    68  582.51100    7 1436  609.00000  582.17853  4.40%  52.9  243s
H   68    64                     608.0000000  582.20270  4.24%  52.9  325s
    69    65  582.52546    6 1436  608.00000  582.20270  4.24%  52.1  333s
    71    67  582.50354    7 1436  608.00000  582.20270  4.24%   208  380s
    73    68  582.46793    6 1436  608.00000  582.20270  4.24%   203  437s
    74    69  582.53894    8 1436  608.00000  582.20270  4.24%   200  443s
    75    70  582.47932    6 1436  608.00000  582.20270  4.24%   197  545s
    77    72  582.50354    7 1436  608.00000  582.20270  4.24%   337  603s
    79    73  582.49447    7 1436  608.00000  582.20270  4.24%   329  661s
    80    74  582.50522    6 1436  608.00000  582.20270  4.24%   325  667s
    81    75  582.52542    6 1436  608.00000  582.20270  4.24%   321  774s
    83    77  582.40080    6 1436  608.00000  582.20270  4.24%   448  838s
    85    78  582.55908    7 1436  608.00000  582.20270  4.24%   437  895s
    86    79  582.55908    7 1436  608.00000  582.20270  4.24%   432  901s
    87    80  582.39939    8 1436  608.00000  582.20270  4.24%   427 1016s
    89    82  582.46672    6 1436  608.00000  582.20270  4.24%   543 1092s
    91    83  582.45504    8 1436  608.00000  582.20270  4.24%   531 1150s
    92    84  582.54390    7 1436  608.00000  582.20270  4.24%   526 1156s
    93    85  582.55908    7 1436  608.00000  582.20270  4.24%   520 1279s
    95    87  582.54390    7 1436  608.00000  582.20270  4.24%   627 1366s
    97    88  582.47171    7 1436  608.00000  582.20270  4.24%   614 1423s
    98    89  582.53294    8 1436  608.00000  582.20270  4.24%   608 1429s
    99    90  582.53894    8 1436  608.00000  582.20270  4.24%   602 1555s
   101    92  582.44643    6 1436  608.00000  582.20270  4.24%   700 1654s
   103    93  582.42810    7 1436  608.00000  582.20270  4.24%   687 1711s
   104    94  582.53294    8 1436  608.00000  582.20270  4.24%   680 1717s
   105    95  582.42658    6 1436  608.00000  582.20270  4.24%   674 1844s
   107    97  582.55469    7 1436  608.00000  582.20270  4.24%   766 1956s
   109    98  582.44475    8 1436  608.00000  582.20270  4.24%   752 2013s
   110    99  582.49447    7 1436  608.00000  582.20270  4.24%   745 2019s
   111   100  582.39502    6 1436  608.00000  582.20270  4.24%   738 2147s
   113   102  582.53052    8 1436  608.00000  582.20270  4.24%   824 2270s
   115   103  582.53564    8 1436  608.00000  582.20270  4.24%   810 2328s
   116   104  582.57901    8 1436  608.00000  582.20270  4.24%   803 2334s
   117   105  582.50057    8 1436  608.00000  582.20270  4.24%   796 2460s
   119   107  582.45769    8 1436  608.00000  582.20270  4.24%   877 2596s
   121   108  582.20270    1 1436  608.00000  582.20270  4.24%   862 2653s
   122   109  582.20270    1 1436  608.00000  582.20270  4.24%   855 2659s
   123   110  582.55469    7 1436  608.00000  582.20270  4.24%   848 2787s
   125   112  582.51280    6 1436  608.00000  582.20270  4.24%   924 2936s
   127   113  582.42572    7 1436  608.00000  582.20270  4.24%   910 2994s
   128   114  582.53061    7 1436  608.00000  582.20270  4.24%   902 3000s
   129   115  582.36698    6 1436  608.00000  582.20270  4.24%   895 3127s
   131   117  582.40080    6 1436  608.00000  582.20270  4.24%   967 3289s
   133   118  582.53564    8 1436  608.00000  582.20270  4.24%   953 3347s
   134   119  582.57714    8 1436  608.00000  582.20270  4.24%   946 3353s
   135   120  582.42658    6 1436  608.00000  582.20270  4.24%   939 3481s
   137   122  582.54390    7 1436  608.00000  582.20270  4.24%  1007 3643s
   139   123  582.44643    6 1436  608.00000  582.20270  4.24%   992 3700s
   140   124  582.38908    7 1436  608.00000  582.20270  4.24%   985 3706s
   141   125  582.44111    8 1436  608.00000  582.20270  4.24%   978 3833s
   143   127  582.50522    6 1436  608.00000  582.20270  4.24%  1043 3992s
   145   128  582.44132    7 1436  608.00000  582.20270  4.24%  1028 4050s
   146   129  582.47926    6 1436  608.00000  582.20270  4.24%  1021 4056s
   147   130  582.57714    8 1436  608.00000  582.20270  4.24%  1014 4186s
   149   132  582.39502    6 1436  608.00000  582.20270  4.24%  1076 4355s
   151   133  582.53061    7 1436  608.00000  582.20270  4.24%  1061 4412s
   152   134  582.39937    8 1436  608.00000  582.20270  4.24%  1054 4418s
   153   135  582.53061    7 1436  608.00000  582.20270  4.24%  1048 4546s
   155   137  582.45715    8 1436  608.00000  582.20270  4.24%  1106 4714s
   157   138  582.44046    7 1436  608.00000  582.20270  4.24%  1092 4771s
   158   139  582.46672    6 1436  608.00000  582.20270  4.24%  1085 4777s
   159   140  582.47171    7 1436  608.00000  582.20270  4.24%  1078 4904s
   161   142  582.55908    7 1436  608.00000  582.20270  4.24%  1135 5063s
   163   143  582.51100    7 1436  608.00000  582.20270  4.24%  1121 5121s
   164   144  582.50522    6 1436  608.00000  582.20270  4.24%  1114 5127s
   165   145  582.47171    7 1436  608.00000  582.20270  4.24%  1107 5253s
   167   147  582.57881    8 1436  608.00000  582.20270  4.24%  1161 5402s
   169   148  582.52546    6 1436  608.00000  582.20270  4.24%  1147 5459s
   170   149  582.52140    8 1436  608.00000  582.20270  4.24%  1140 5465s
   171   150  582.50354    7 1436  608.00000  582.20270  4.24%  1134 5592s
   173   152  582.46793    6 1436  608.00000  582.20270  4.24%  1185 5761s
   175   153  582.47932    6 1436  608.00000  582.20270  4.24%  1172 5818s
   176   154  582.46793    6 1436  608.00000  582.20270  4.24%  1165 5824s
   177   155  582.50354    7 1436  608.00000  582.20270  4.24%  1158 5952s
   179   157  582.49447    7 1436  608.00000  582.20270  4.24%  1208 6112s
   181   158  582.52542    6 1436  608.00000  582.20270  4.24%  1195 6169s
   182   159  582.55908    7 1436  608.00000  582.20270  4.24%  1188 6175s
   183   160  582.40080    6 1436  608.00000  582.20270  4.24%  1182 6303s
   185   162  582.55908    7 1436  608.00000  582.20270  4.24%  1229 6451s
   187   163  582.39939    8 1436  608.00000  582.20270  4.24%  1216 6509s
   188   164  582.58594    8 1436  608.00000  582.20270  4.24%  1210 6515s
   189   165  582.46672    6 1436  608.00000  582.20270  4.24%  1203 6642s
   191   167  582.45504    8 1436  608.00000  582.20270  4.24%  1249 6786s
   193   168  582.55908    7 1436  608.00000  582.20270  4.24%  1236 6844s
   194   169  582.44111    8 1436  608.00000  582.20270  4.24%  1230 6850s
   195   170  582.54390    7 1436  608.00000  582.20270  4.24%  1224 6978s
   197   172  582.47171    7 1436  608.00000  582.20270  4.24%  1268 7132s
   199   173  582.53894    8 1436  608.00000  582.20270  4.24%  1255 7188s
   200   174  582.52140    8 1436  608.00000  582.20270  4.24%  1249 7194s
   201   175  582.44643    6 1436  608.00000  582.20270  4.24%  1243 7320s
   203   179  582.34042  301 1416  608.00000  582.20270  4.24%  1286 7330s
   205   182  582.36416  302 1413  608.00000  582.20270  4.24%  1274 7336s
   209   190  582.38960  303 1412  608.00000  582.20270  4.24%  1250 7342s
   218   203  582.41021  304 1411  608.00000  582.33571  4.22%  1252 7347s
   234   259  582.43174  305 1408  608.00000  582.36392  4.22%  1172 7351s
   297   277  582.45657  306 1408  608.00000  582.36698  4.22%   941 7360s
   336   290  582.51562  306 1396  608.00000  582.36698  4.22%   845 7373s
H  349   276                     607.0000000  582.36698  4.06%   818 7373s
   362   288  582.58404  307 1386  607.00000  582.36698  4.06%   794 7377s
   378   299  582.53027  307 1394  607.00000  582.36698  4.06%   766 7382s
   394   309  582.55876  308 1395  607.00000  582.36698  4.06%   742 7387s
   410   320  582.58897  308 1391  607.00000  582.36698  4.06%   719 7393s
   426   331  582.65277  309 1381  607.00000  582.36698  4.06%   699 7398s
   442   341  582.61283  309 1393  607.00000  582.36698  4.06%   681 7403s
   458   352  582.70087  310 1375  607.00000  582.36698  4.06%   663 7409s
   474   363  582.67817  310 1374  607.00000  582.36698  4.06%   647 7414s
   490   373  582.75270  311 1360  607.00000  582.36698  4.06%   632 7420s
   506   384  582.72608  311 1369  607.00000  582.36698  4.06%   619 7426s
   522   395  582.73836  312 1370  607.00000  582.36698  4.06%   606 7432s
   538   405  582.79794  312 1364  607.00000  582.36698  4.06%   596 7440s
   554   416  582.81960  313 1363  607.00000  582.36698  4.06%   585 7446s
   570   427  582.86636  313 1354  607.00000  582.36698  4.06%   575 7454s
   586   437  582.87946  314 1358  607.00000  582.36698  4.06%   565 7464s
   602   448  582.91849  314 1358  607.00000  582.36698  4.06%   556 7472s
   618   459  582.97256  315 1349  607.00000  582.36698  4.06%   548 7480s
   634   469  582.94089  315 1355  607.00000  582.36698  4.06%   540 7488s
   650   480  582.97128  316 1347  607.00000  582.36698  4.06%   533 7513s
   666   491  582.99297  316 1345  607.00000  582.36698  4.06%   526 7533s
   682   501  582.99725  317 1342  607.00000  582.36698  4.06%   519 7553s
   698   512  583.01484  317 1336  607.00000  582.36698  4.06%   513 7564s
   714   528  583.02431  318 1343  607.00000  582.36698  4.06%   507 7583s
   730   544  583.06670  318 1334  607.00000  582.36698  4.06%   503 7605s
   746   560  583.05580  319 1340  607.00000  582.36698  4.06%   498 7614s
   762   576  583.08150  319 1323  607.00000  582.36698  4.06%   494 7622s
   778   592  583.09563  320 1323  607.00000  582.36698  4.06%   489 7644s
   794   608  583.13898  320 1320  607.00000  582.36698  4.06%   485 7664s
   810   624  583.14822  321 1322  607.00000  582.36698  4.06%   481 7673s
   826   640  583.18890  321 1314  607.00000  582.36698  4.06%   478 7684s
   842   656  583.20698  322 1306  607.00000  582.36698  4.06%   475 7692s
   858   672  583.23576  322 1312  607.00000  582.36698  4.06%   471 7702s
   874   688  583.24906  323 1303  607.00000  582.36698  4.06%   467 7712s
   890   715  583.23944  323 1315  607.00000  582.36698  4.06%   463 7722s
   917   743  583.33407  325 1290  607.00000  582.36698  4.06%   459 7730s
H  924   743                     606.0000000  582.36698  3.90%   457 7730s
   945   778  583.30683  325 1294  606.00000  582.36698  3.90%   454 7741s
   980   808  583.36445  326 1296  606.00000  582.36698  3.90%   449 7752s
  1010   834  583.38969  327 1288  606.00000  582.36698  3.90%   444 7763s
  1036   855  583.41837  328 1286  606.00000  582.36698  3.90%   441 7774s
  1057   883  583.45407  329 1276  606.00000  582.36698  3.90%   439 7785s
  1085   905  583.49711  330 1277  606.00000  582.36698  3.90%   438 7798s
  1107   931  583.47017  330 1279  606.00000  582.36698  3.90%   436 7811s
  1133   957  583.55134  332 1272  606.00000  582.36698  3.90%   434 7827s
  1159   975  583.53327  332 1273  606.00000  582.36698  3.90%   432 7840s
H 1169   975                     605.0000000  582.36698  3.74%   431 7840s
  1177  1010  583.57042  333 1273  605.00000  582.36698  3.74%   431 7856s
  1212  1026  583.58951  334 1269  605.00000  582.36698  3.74%   428 7873s
  1228  1045  583.61885  334 1264  605.00000  582.36698  3.74%   427 7894s
  1247  1102  583.66378  335 1264  605.00000  582.36698  3.74%   426 7912s
  1304  1123  583.69128  337 1267  605.00000  582.36698  3.74%   421 7934s
  1325  1139  583.71445  337 1266  605.00000  582.36698  3.74%   420 7953s
  1341  1155  583.72054  338 1267  605.00000  582.36698  3.74%   419 7974s
  1357  1171  583.71093  338 1270  605.00000  582.36698  3.74%   418 8006s
  1373  1187  583.78852  339 1252  605.00000  582.36698  3.74%   418 8024s
  1389  1203  583.74028  339 1260  605.00000  582.36698  3.74%   417 8044s
  1405  1219  583.77741  340 1260  605.00000  582.36698  3.74%   416 8063s
  1421  1235  583.78264  340 1258  605.00000  582.36698  3.74%   416 8082s
  1437  1251  583.79615  341 1257  605.00000  582.36698  3.74%   415 8100s
  1453  1267  583.83930  341 1254  605.00000  582.36698  3.74%   414 8123s
  1469  1283  583.82466  342 1251  605.00000  582.36698  3.74%   414 8145s
  1485  1299  583.81337  342 1259  605.00000  582.36698  3.74%   413 8167s
  1501  1316  583.82471  343 1260  605.00000  582.36698  3.74%   412 8202s
  1518  1332  583.86879  343 1251  605.00000  582.36698  3.74%   411 8221s
  1534  1349  583.91742  344 1249  605.00000  582.36698  3.74%   410 8248s
  1551  1368  583.88745  344 1242  605.00000  582.36698  3.74%   410 8279s
  1570  1389  583.91394  345 1243  605.00000  582.36698  3.74%   409 8302s
  1591  1409  583.95930  346 1235  605.00000  582.36698  3.74%   409 8340s
  1611  1430  583.93760  346 1243  605.00000  582.36698  3.74%   409 8369s
  1632  1446  583.97191  347 1239  605.00000  582.36698  3.74%   409 8410s
  1648  1470  584.02832  348 1241  605.00000  582.36698  3.74%   408 8434s
  1672  1650  583.99188  348 1240  605.00000  582.36698  3.74%   407 8464s
  1852  1676  584.02611  349 1238  605.00000  582.36698  3.74%   402 8488s
  1878  1696  584.08811  350 1235  605.00000  582.36698  3.74%   402 8513s
  1898  1717  584.11748  351 1228  605.00000  582.36698  3.74%   402 8534s
  1919  1871  584.10608  351 1228  605.00000  582.36698  3.74%   402 8559s
  2073  2117  584.54252  362 1205  605.00000  582.36698  3.74%   402 8583s
  2319  2145  585.02618  374 1175  605.00000  582.36698  3.74%   398 8606s
  2347  2164  585.06997  375 1179  605.00000  582.36698  3.74%   398 8630s
  2366  2210  585.14244  376 1159  605.00000  582.36698  3.74%   399 8657s
  2412  2562  585.09206  376 1173  605.00000  582.36698  3.74%   400 8685s
  2764  3032  585.51723  387 1136  605.00000  582.36698  3.74%   406 8708s
  3234  3048  586.21071  403 1112  605.00000  582.36698  3.74%   414 8739s
  3250  3064  586.18837  404 1112  605.00000  582.36698  3.74%   415 8780s
  3266  3080  586.18944  404 1119  605.00000  582.36698  3.74%   415 8810s
  3282  3096  586.20500  405 1109  605.00000  582.36698  3.74%   415 8839s
  3298  3140  586.23794  405 1109  605.00000  582.36698  3.74%   415 8864s
  3342  3158  586.24280  407 1102  605.00000  582.36698  3.74%   416 8893s
  3360  3174  586.27029  407 1105  605.00000  582.36698  3.74%   416 8919s
  3376  3194  586.31009  408 1099  605.00000  582.36698  3.74%   416 8942s
  3396  3215  586.29321  408 1103  605.00000  582.36698  3.74%   416 8976s
  3417  3397  586.39707  409 1111  605.00000  582.36698  3.74%   416 9014s
  3599  3417  586.39625  410 1094  605.00000  582.36698  3.74%   420 9042s
  3619  3612  586.37620  410 1102  605.00000  582.36698  3.74%   420 9070s
  3814  3759  586.78380  425 1078  605.00000  582.36698  3.74%   415 9100s
  3961  3965  587.34341  443 1060  605.00000  582.36698  3.74%   413 9130s
  4167  4347  587.37038  444 1059  605.00000  582.36698  3.74%   411 9160s
  4549  4368  587.36838  444 1065  605.00000  582.36698  3.74%   405 9195s
  4570  4384  587.40621  445 1065  605.00000  582.36698  3.74%   405 9229s
  4586  4409  587.42527  446 1062  605.00000  582.36698  3.74%   405 9280s
  4611  4429  587.43998  446 1073  605.00000  582.36698  3.74%   405 9340s
  4631  4445  587.45403  447 1066  605.00000  582.36698  3.74%   405 9382s
H 4643  4445                     604.0000000  582.36698  3.58%   404 9382s
  4647  4509  587.46768  448 1054  604.00000  582.36698  3.58%   404 9417s
  4711  4528  587.60126  450 1063  604.00000  582.36698  3.58%   403 9451s
  4730  4839  587.60069  450 1064  604.00000  582.36698  3.58%   403 9483s
  5041  4877  588.07961  461 1047  604.00000  582.36698  3.58%   400 9519s
  5079  5050  588.08254  461 1055  604.00000  582.36698  3.58%   399 9556s
  5252  5610  588.09910  462 1053  604.00000  582.36698  3.58%   397 9594s
  5812  5626  589.22011  486 1017  604.00000  582.36698  3.58%   393 9636s
  5828  5847  589.21867  487 1013  604.00000  582.36698  3.58%   393 9675s
  6049  5863  589.38147  490  996  604.00000  582.36698  3.58%   391 9720s
  6065  6316  589.46821  490  999  604.00000  582.36698  3.58%   391 9761s
  6518  6468  589.40382  491  999  604.00000  582.36698  3.58%   388 9825s
  6670  6824  589.45429  491 1002  604.00000  582.36698  3.58%   387 9869s
  7026  6840  589.76496  501 1001  604.00000  582.36698  3.58%   385 9936s
  7042  6888  589.74826  502  987  604.00000  582.36698  3.58%   385 9998s
  7090  6964  589.71572  502  984  604.00000  582.36698  3.58%   385 10063s
  7166  7290  589.74659  503  997  604.00000  582.36698  3.58%   384 10106s
  7492  7394  590.29067  520  974  604.00000  582.36698  3.58%   380 10154s
  7596  7470  590.30338  521  973  604.00000  582.36698  3.58%   379 10200s
  7672  7800  590.35567  523  968  604.00000  582.36698  3.58%   379 10248s
  8002  8369  590.81692  538  955  604.00000  582.36698  3.58%   375 10300s
  8571  8813  590.87195  538  963  604.00000  582.36698  3.58%   370 10353s
  9015  8829  591.70569  553  951  604.00000  582.36698  3.58%   367 10417s
  9031  8864  591.71059  554  953  604.00000  582.36698  3.58%   367 10493s
  9066  8948  591.66969  554  957  604.00000  582.36698  3.58%   367 10559s
  9150  8964  591.71553  555  949  604.00000  582.36698  3.58%   366 10615s
  9166  9534  591.68960  555  947  604.00000  582.36698  3.58%   366 10672s
  9736  9782  592.32229  573  938  604.00000  582.36698  3.58%   363 10728s
  9984 10050  592.31361  573  943  604.00000  582.36698  3.58%   360 10787s
 10252 10756  592.58094  582  938  604.00000  582.36698  3.58%   358 10850s
 10958 11425  593.28271  606  916  604.00000  582.36698  3.58%   355 10916s
 11627 11894  593.66060  628  898  604.00000  582.36698  3.58%   353 10981s
 12096 11910  594.00702  638  887  604.00000  582.36698  3.58%   349 11085s
 12112 11926  594.01759  639  882  604.00000  582.36698  3.58%   349 11178s
H12118 11926                     603.0000000  582.36698  3.42%   349 11178s
 12128 12556  594.04425  639  871  603.00000  582.36698  3.42%   349 11249s
 12788 12572  594.44802  651  874  603.00000  582.36698  3.42%   345 11345s
 12804 12592  594.51116  651  875  603.00000  582.36698  3.42%   345 11437s
 12824 12634  594.46170  652  864  603.00000  582.36698  3.42%   344 11516s
 12866 13194  594.58680  652  876  603.00000  582.36698  3.42%   344 11595s
 13426 13752  595.04955  670  881  603.00000  582.36698  3.42%   343 11670s
 13984 14637  595.57618  682  860  603.00000  582.36698  3.42%   341 11750s
 14869 15434  596.39578  704  845  603.00000  582.36698  3.42%   341 11831s
 15666 15734  597.74488  742  825  603.00000  582.36698  3.42%   340 11916s
 15966 16681  598.36170  760  823  603.00000  582.36698  3.42%   339 12005s
 16943 17215  599.07274  777  829  603.00000  582.36698  3.42%   338 12095s
 17527 18083  599.63761  796  788  603.00000  582.36698  3.42%   336 12191s
 18508 18950  600.61860  833  806  603.00000  582.36698  3.42%   333 12285s
 19425 19754  582.79195  320 1368  603.00000  582.36698  3.42%   330 12387s
 20283 20492  583.57007  346 1291  603.00000  582.36698  3.42%   327 12489s
 21021 21603  584.05854  364 1250  603.00000  582.36698  3.42%   324 12669s
 22248 22008  584.96600  394 1181  603.00000  582.36698  3.42%   318 12797s
 22653 23420  585.06725  397 1177  603.00000  582.36698  3.42%   315 12948s
 24065 24538  588.37321  495 1027  603.00000  582.36698  3.42%   309 13080s
 25183 25787  589.67809  542  993  603.00000  582.36698  3.42%   305 13213s
 26432 26915  591.28912  610  980  603.00000  582.36698  3.42%   300 13352s
 27560 28005  592.70435  679  954  603.00000  582.36698  3.42%   296 13501s
 28650 29028  593.87586  770  912  603.00000  582.36698  3.42%   294 13643s
 29673 31038  595.44829  871  847  603.00000  582.36698  3.42%   290 13790s
 31683 32863  597.49158  985  818  603.00000  582.36698  3.42%   282 13935s
 33594 34365  599.54415 1103  790  603.00000  582.36698  3.42%   274 14076s
 35132 35802  601.94389 1210  754  603.00000  582.36698  3.42%   267 14228s
 36601 37567  582.68916  309 1382  603.00000  582.36698  3.42%   261 14386s
 38366 37703  584.81474  373 1181  603.00000  582.36698  3.42%   254 14400s

Explored 38502 nodes (9791648 simplex iterations) in 14400.07 seconds (41186.17 work units)
Thread count was 32 (of 32 available processors)

Solution count 10: 603 604 605 ... 614

Time limit reached
Best objective 6.030000000000e+02, best bound 5.830000000000e+02, gap 3.3167%

User-callback calls 3143055, time in user-callback 10.66 sec
