
Gurobi 13.0.2 (linux64) logging started Sat Jul 11 16:39:07 2026

Set parameter LogFile to value "/tmp/sweep_20260709_012313_china_alt400km_s35_i2_v10_gurobi.log"
Set parameter Method to value 1
Set parameter NodefileStart to value 4
Set parameter RINS to value 50
Gurobi Optimizer version 13.0.2 build v13.0.2rc1 (linux64 - "Debian GNU/Linux 13 (trixie)")

CPU model: Intel(R) Xeon(R) Platinum 8375C CPU @ 2.90GHz, instruction set [SSE2|AVX|AVX2|AVX512]
Thread count: 16 physical cores, 32 logical processors, using up to 32 threads

Non-default parameters:
TimeLimit  14400
MIPGap  0.001
Method  1
LPWarmStart  1
Heuristics  0.2
MIPFocus  1
NodefileStart  4
RINS  50
Symmetry  2
Cuts  2
CoverCuts  2
LogToConsole  0

Academic license 2812613 - for non-commercial use only - registered to no___@gatech.edu
Optimize a model with 392028 rows, 35900 columns and 161010064 nonzeros (Min)
Model fingerprint: 0xedd4df54
Model has 35900 linear objective coefficients
Variable types: 0 continuous, 35900 integer (35900 binary)
Coefficient statistics:
  Matrix range     [1e+00, 1e+00]
  Objective range  [1e+00, 1e+00]
  Bounds range     [1e+00, 1e+00]
  RHS range        [2e+01, 2e+01]

Found heuristic solution: objective 2997.0000000
Presolve removed 0 rows and 0 columns (presolve time = 6s)...
Presolve removed 0 rows and 0 columns (presolve time = 22s)...
Presolve removed 0 rows and 0 columns (presolve time = 25s)...
Presolve removed 0 rows and 0 columns (presolve time = 40s)...
Presolve removed 0 rows and 0 columns (presolve time = 54s)...
Presolve removed 0 rows and 0 columns (presolve time = 56s)...
Presolve removed 0 rows and 0 columns (presolve time = 69s)...
Presolve removed 0 rows and 0 columns (presolve time = 71s)...
Presolve removed 0 rows and 0 columns (presolve time = 89s)...
Presolve removed 0 rows and 0 columns (presolve time = 113s)...
Presolve removed 0 rows and 0 columns (presolve time = 115s)...
Presolve removed 0 rows and 0 columns (presolve time = 120s)...
Presolve removed 0 rows and 0 columns (presolve time = 125s)...
Presolve removed 0 rows and 0 columns (presolve time = 130s)...
Presolve removed 0 rows and 0 columns (presolve time = 135s)...
Presolve removed 0 rows and 0 columns (presolve time = 140s)...
Presolve removed 0 rows and 0 columns (presolve time = 172s)...
Presolve removed 0 rows and 0 columns (presolve time = 188s)...
Presolve removed 0 rows and 0 columns (presolve time = 204s)...
Presolve removed 0 rows and 0 columns (presolve time = 219s)...
Presolve removed 0 rows and 0 columns (presolve time = 220s)...
Presolve removed 0 rows and 0 columns (presolve time = 225s)...
Presolve removed 0 rows and 0 columns (presolve time = 230s)...
Presolve removed 0 rows and 0 columns (presolve time = 239s)...
Presolve removed 0 rows and 0 columns (presolve time = 258s)...
Presolve removed 0 rows and 0 columns (presolve time = 261s)...
Presolve removed 0 rows and 0 columns (presolve time = 265s)...
Presolve removed 0 rows and 0 columns (presolve time = 271s)...
Presolve removed 0 rows and 0 columns (presolve time = 289s)...
Presolve removed 0 rows and 0 columns (presolve time = 290s)...
Presolve removed 0 rows and 0 columns (presolve time = 295s)...
Presolve removed 0 rows and 0 columns (presolve time = 300s)...
Presolve removed 0 rows and 0 columns (presolve time = 305s)...
Presolve removed 0 rows and 0 columns (presolve time = 310s)...
Presolve removed 0 rows and 0 columns (presolve time = 315s)...
Presolve removed 0 rows and 0 columns (presolve time = 320s)...
Presolve removed 0 rows and 0 columns (presolve time = 325s)...
Presolve removed 0 rows and 0 columns (presolve time = 330s)...
Presolve removed 0 rows and 0 columns (presolve time = 335s)...
Presolve removed 0 rows and 0 columns (presolve time = 340s)...
Presolve removed 0 rows and 0 columns (presolve time = 345s)...
Presolve removed 0 rows and 0 columns (presolve time = 350s)...
Presolve removed 0 rows and 0 columns (presolve time = 372s)...
Presolve removed 0 rows and 0 columns (presolve time = 377s)...
Presolve removed 0 rows and 0 columns (presolve time = 405s)...
Presolve removed 0 rows and 0 columns (presolve time = 427s)...
Presolve time: 426.74s
Presolved: 392028 rows, 35900 columns, 161010064 nonzeros
Variable types: 0 continuous, 35900 integer (35900 binary)

Root simplex log...

Iteration    Objective       Primal Inf.    Dual Inf.      Time
       0   -0.0000000e+00   0.000000e+00   1.228500e+03    513s
      46    1.9304282e+03   0.000000e+00   0.000000e+00    513s
      46    1.9304282e+03   0.000000e+00   0.000000e+00    513s

Use crossover to convert LP symmetric solution to basic solution...

Root crossover log...

  377668 variables added to crossover basis                      525s
  380548 variables added to crossover basis                      530s
  380968 variables added to crossover basis                      535s
  381298 variables added to crossover basis                      540s
  381538 variables added to crossover basis                      545s
  381778 variables added to crossover basis                      550s
  382018 variables added to crossover basis                      556s
  382198 variables added to crossover basis                      560s
  382408 variables added to crossover basis                      566s
  382588 variables added to crossover basis                      571s
  382738 variables added to crossover basis                      575s
  382888 variables added to crossover basis                      580s
  383038 variables added to crossover basis                      585s
  383188 variables added to crossover basis                      590s
  383338 variables added to crossover basis                      596s
  383488 variables added to crossover basis                      601s
  383608 variables added to crossover basis                      606s
  383728 variables added to crossover basis                      610s
  383848 variables added to crossover basis                      615s
  383968 variables added to crossover basis                      620s
  384118 variables added to crossover basis                      626s
  384208 variables added to crossover basis                      630s
  384328 variables added to crossover basis                      635s
  384448 variables added to crossover basis                      641s
  384568 variables added to crossover basis                      646s
  384658 variables added to crossover basis                      650s
  384778 variables added to crossover basis                      656s
  384898 variables added to crossover basis                      661s
  384988 variables added to crossover basis                      666s
  385078 variables added to crossover basis                      670s
  385198 variables added to crossover basis                      676s
  385288 variables added to crossover basis                      680s
  385378 variables added to crossover basis                      685s
  385498 variables added to crossover basis                      691s
  385588 variables added to crossover basis                      696s
  385678 variables added to crossover basis                      701s
  385768 variables added to crossover basis                      705s
  385858 variables added to crossover basis                      710s
  385948 variables added to crossover basis                      715s
  386038 variables added to crossover basis                      720s
  386158 variables added to crossover basis                      727s
  386248 variables added to crossover basis                      732s
  386338 variables added to crossover basis                      737s
  386428 variables added to crossover basis                      742s
  386488 variables added to crossover basis                      745s
  386578 variables added to crossover basis                      750s
  386668 variables added to crossover basis                      756s
  386758 variables added to crossover basis                      761s
  386848 variables added to crossover basis                      766s
  386938 variables added to crossover basis                      772s
  386998 variables added to crossover basis                      775s
  387088 variables added to crossover basis                      781s
  387178 variables added to crossover basis                      786s
  387268 variables added to crossover basis                      792s
  387328 variables added to crossover basis                      795s
  387418 variables added to crossover basis                      801s
  387508 variables added to crossover basis                      806s
  387568 variables added to crossover basis                      810s
  387658 variables added to crossover basis                      816s
  387748 variables added to crossover basis                      821s
  387808 variables added to crossover basis                      825s
  387898 variables added to crossover basis                      831s
  387988 variables added to crossover basis                      837s
  388048 variables added to crossover basis                      841s
  388138 variables added to crossover basis                      846s
  388198 variables added to crossover basis                      850s
  388288 variables added to crossover basis                      856s
  388348 variables added to crossover basis                      860s
  388438 variables added to crossover basis                      866s
  388528 variables added to crossover basis                      872s
  388588 variables added to crossover basis                      876s
  388678 variables added to crossover basis                      882s
  388738 variables added to crossover basis                      886s
  388828 variables added to crossover basis                      892s
  388888 variables added to crossover basis                      896s
  388948 variables added to crossover basis                      900s
  389038 variables added to crossover basis                      906s
  389098 variables added to crossover basis                      910s
  389188 variables added to crossover basis                      916s
  389248 variables added to crossover basis                      920s
  389338 variables added to crossover basis                      926s
  389398 variables added to crossover basis                      931s
  389488 variables added to crossover basis                      937s
  389548 variables added to crossover basis                      941s
  389608 variables added to crossover basis                      945s
  389698 variables added to crossover basis                      952s
  389758 variables added to crossover basis                      956s
  389848 variables added to crossover basis                      962s
  389908 variables added to crossover basis                      966s
  389968 variables added to crossover basis                      970s
  390058 variables added to crossover basis                      977s
  390118 variables added to crossover basis                      981s
  390178 variables added to crossover basis                      985s
  390268 variables added to crossover basis                      992s
  390328 variables added to crossover basis                      996s
  390388 variables added to crossover basis                     1000s
  390478 variables added to crossover basis                     1006s
  390538 variables added to crossover basis                     1011s
  390628 variables added to crossover basis                     1017s
  390688 variables added to crossover basis                     1021s
  390748 variables added to crossover basis                     1026s
  390838 variables added to crossover basis                     1032s
  390898 variables added to crossover basis                     1036s
  390958 variables added to crossover basis                     1040s
  391048 variables added to crossover basis                     1047s
  391108 variables added to crossover basis                     1051s
  391168 variables added to crossover basis                     1055s
  391258 variables added to crossover basis                     1062s
  391318 variables added to crossover basis                     1066s
  391378 variables added to crossover basis                     1070s
  391468 variables added to crossover basis                     1077s
  391528 variables added to crossover basis                     1081s
  391588 variables added to crossover basis                     1086s
  391678 variables added to crossover basis                     1092s
  391738 variables added to crossover basis                     1096s
  391798 variables added to crossover basis                     1101s
  391888 variables added to crossover basis                     1107s
  391948 variables added to crossover basis                     1111s
  392008 variables added to crossover basis                     1116s

       0 DPushes remaining with DInf 0.0000000e+00              1320s

       0 PPushes remaining with PInf 0.0000000e+00              1321s

  Push phase complete: Pinf 0.0000000e+00, Dinf 3.7933951e-09   1322s


Root simplex log...

Iteration    Objective       Primal Inf.    Dual Inf.      Time
      49    1.9304282e+03   0.000000e+00   0.000000e+00   1434s
Crossover time: 919.08 seconds (1858.07 work units)

Root relaxation: objective 1.930428e+03, 49 iterations, 991.38 seconds (1916.59 work units)

    Nodes    |    Current Node    |     Objective Bounds      |     Work
 Expl Unexpl |  Obj  Depth IntInf | Incumbent    BestBd   Gap | It/Node Time

     0     0 1930.42820    0 14360 2997.00000 1930.42820  35.6%     - 1743s
H    0     0                    2872.0000000 1930.42820  32.8%     - 1743s
H    0     0                    2871.0000000 1930.42820  32.8%     - 1745s
H    0     0                    2781.0000000 1930.42820  30.6%     - 2633s
     0     0 1930.42820    0 14360 2781.00000 1930.42820  30.6%     - 7629s

Explored 1 nodes (49 simplex iterations) in 14401.85 seconds (26149.20 work units)
Thread count was 32 (of 32 available processors)

Solution count 4: 2781 2871 2872 2997 

Time limit reached
Best objective 2.781000000000e+03, best bound 1.931000000000e+03, gap 30.5645%

User-callback calls 140468, time in user-callback 0.72 sec
