
Gurobi 13.0.2 (linux64) logging started Wed Jul 15 07:46:06 2026

Set parameter LogFile to value "/tmp/run_20260715_014910_pacific-3-blobs_alt400km_s10_i1_v6_gurobi.log"
Set parameter Method to value 1
Set parameter NodefileStart to value 4
Set parameter RINS to value 50
Gurobi Optimizer version 13.0.2 build v13.0.2rc1 (linux64 - "Debian GNU/Linux 13 (trixie)")

CPU model: Intel(R) Xeon(R) Platinum 8375C CPU @ 2.90GHz, instruction set [SSE2|AVX|AVX2|AVX512]
Thread count: 16 physical cores, 32 logical processors, using up to 32 threads

Non-default parameters:
TimeLimit  14400
MIPGap  0.01
Method  1
LPWarmStart  1
Heuristics  0.2
MIPFocus  1
NodefileStart  4
RINS  50
Symmetry  2
Cuts  2
CoverCuts  2
LogToConsole  0

Academic license 2812613 - for non-commercial use only - registered to no___@gatech.edu
Optimize a model with 215400 rows, 35900 columns and 56744976 nonzeros (Min)
Model fingerprint: 0x6cd7b88e
Model has 35900 linear objective coefficients
Variable types: 0 continuous, 35900 integer (35900 binary)
Coefficient statistics:
  Matrix range     [1e+00, 1e+00]
  Objective range  [1e+00, 1e+00]
  Bounds range     [1e+00, 1e+00]
  RHS range        [1e+01, 1e+01]

Found heuristic solution: objective 3070.0000000
Presolve removed 0 rows and 0 columns (presolve time = 6s)...
Presolve removed 0 rows and 0 columns (presolve time = 10s)...
Presolve removed 0 rows and 0 columns (presolve time = 17s)...
Presolve removed 0 rows and 0 columns (presolve time = 22s)...
Presolve removed 0 rows and 0 columns (presolve time = 26s)...
Presolve removed 0 rows and 0 columns (presolve time = 35s)...
Presolve removed 0 rows and 0 columns (presolve time = 43s)...
Presolve removed 0 rows and 0 columns (presolve time = 46s)...
Presolve removed 0 rows and 0 columns (presolve time = 51s)...
Presolve removed 0 rows and 0 columns (presolve time = 56s)...
Presolve removed 0 rows and 0 columns (presolve time = 60s)...
Presolve removed 0 rows and 0 columns (presolve time = 65s)...
Presolve removed 0 rows and 0 columns (presolve time = 70s)...
Presolve removed 0 rows and 0 columns (presolve time = 75s)...
Presolve removed 0 rows and 0 columns (presolve time = 81s)...
Presolve removed 0 rows and 0 columns (presolve time = 96s)...
Presolve removed 0 rows and 0 columns (presolve time = 100s)...
Presolve removed 0 rows and 0 columns (presolve time = 105s)...
Presolve removed 0 rows and 0 columns (presolve time = 110s)...
Presolve removed 0 rows and 0 columns (presolve time = 115s)...
Presolve removed 0 rows and 0 columns (presolve time = 120s)...
Presolve removed 0 rows and 0 columns (presolve time = 125s)...
Presolve removed 0 rows and 0 columns (presolve time = 130s)...
Presolve removed 0 rows and 0 columns (presolve time = 135s)...
Presolve removed 0 rows and 0 columns (presolve time = 140s)...
Presolve removed 0 rows and 0 columns (presolve time = 145s)...
Presolve removed 0 rows and 0 columns (presolve time = 150s)...
Presolve removed 0 rows and 0 columns (presolve time = 155s)...
Presolve removed 0 rows and 0 columns (presolve time = 160s)...
Presolve removed 0 rows and 0 columns (presolve time = 165s)...
Presolve removed 0 rows and 0 columns (presolve time = 170s)...
Presolve removed 0 rows and 0 columns (presolve time = 175s)...
Presolve removed 0 rows and 0 columns (presolve time = 180s)...
Presolve removed 0 rows and 0 columns (presolve time = 185s)...
Presolve removed 0 rows and 0 columns (presolve time = 190s)...
Presolve removed 0 rows and 0 columns (presolve time = 195s)...
Presolve removed 0 rows and 0 columns (presolve time = 200s)...
Presolve removed 0 rows and 0 columns (presolve time = 205s)...
Presolve removed 0 rows and 0 columns (presolve time = 210s)...
Presolve removed 0 rows and 0 columns (presolve time = 215s)...
Presolve removed 0 rows and 0 columns (presolve time = 220s)...
Presolve removed 0 rows and 0 columns (presolve time = 225s)...
Presolve removed 0 rows and 0 columns (presolve time = 230s)...
Presolve removed 0 rows and 0 columns (presolve time = 235s)...
Presolve removed 0 rows and 0 columns (presolve time = 240s)...
Presolve removed 0 rows and 0 columns (presolve time = 245s)...
Presolve removed 0 rows and 0 columns (presolve time = 250s)...
Presolve removed 0 rows and 0 columns (presolve time = 255s)...
Presolve removed 0 rows and 0 columns (presolve time = 260s)...
Presolve removed 0 rows and 0 columns (presolve time = 265s)...
Presolve removed 0 rows and 0 columns (presolve time = 270s)...
Presolve removed 0 rows and 0 columns (presolve time = 275s)...
Presolve removed 0 rows and 0 columns (presolve time = 280s)...
Presolve removed 0 rows and 0 columns (presolve time = 285s)...
Presolve removed 0 rows and 0 columns (presolve time = 290s)...
Presolve removed 0 rows and 0 columns (presolve time = 295s)...
Presolve removed 0 rows and 0 columns (presolve time = 300s)...
Presolve removed 0 rows and 0 columns (presolve time = 305s)...
Presolve removed 0 rows and 0 columns (presolve time = 310s)...
Presolve removed 0 rows and 0 columns (presolve time = 315s)...
Presolve removed 0 rows and 0 columns (presolve time = 320s)...
Presolve removed 0 rows and 0 columns (presolve time = 325s)...
Presolve removed 0 rows and 0 columns (presolve time = 330s)...
Presolve removed 0 rows and 0 columns (presolve time = 335s)...
Presolve removed 0 rows and 0 columns (presolve time = 340s)...
Presolve removed 0 rows and 0 columns (presolve time = 345s)...
Presolve removed 0 rows and 0 columns (presolve time = 350s)...
Presolve removed 0 rows and 0 columns (presolve time = 355s)...
Presolve removed 0 rows and 0 columns (presolve time = 360s)...
Presolve removed 0 rows and 0 columns (presolve time = 365s)...
Presolve removed 0 rows and 0 columns (presolve time = 370s)...
Presolve removed 0 rows and 0 columns (presolve time = 375s)...
Presolve removed 0 rows and 0 columns (presolve time = 380s)...
Presolve removed 0 rows and 0 columns (presolve time = 385s)...
Presolve removed 0 rows and 0 columns (presolve time = 390s)...
Presolve removed 0 rows and 0 columns (presolve time = 395s)...
Presolve removed 0 rows and 0 columns (presolve time = 400s)...
Presolve removed 0 rows and 0 columns (presolve time = 405s)...
Presolve removed 0 rows and 0 columns (presolve time = 410s)...
Presolve removed 0 rows and 0 columns (presolve time = 415s)...
Presolve removed 0 rows and 0 columns (presolve time = 420s)...
Presolve removed 0 rows and 0 columns (presolve time = 425s)...
Presolve removed 0 rows and 0 columns (presolve time = 430s)...
Presolve removed 0 rows and 0 columns (presolve time = 435s)...
Presolve removed 0 rows and 0 columns (presolve time = 440s)...
Presolve removed 0 rows and 0 columns (presolve time = 445s)...
Presolve removed 0 rows and 0 columns (presolve time = 450s)...
Presolve removed 0 rows and 0 columns (presolve time = 455s)...
Presolve removed 0 rows and 0 columns (presolve time = 460s)...
Presolve removed 0 rows and 0 columns (presolve time = 465s)...
Presolve removed 0 rows and 0 columns (presolve time = 470s)...
Presolve removed 0 rows and 0 columns (presolve time = 475s)...
Presolve removed 0 rows and 0 columns (presolve time = 480s)...
Presolve removed 0 rows and 0 columns (presolve time = 485s)...
Presolve removed 0 rows and 0 columns (presolve time = 490s)...
Presolve removed 0 rows and 0 columns (presolve time = 495s)...
Presolve removed 0 rows and 0 columns (presolve time = 500s)...
Presolve removed 0 rows and 0 columns (presolve time = 505s)...
Presolve removed 0 rows and 0 columns (presolve time = 510s)...
Presolve removed 0 rows and 0 columns (presolve time = 515s)...
Presolve removed 0 rows and 0 columns (presolve time = 520s)...
Presolve removed 0 rows and 0 columns (presolve time = 525s)...
Presolve removed 0 rows and 0 columns (presolve time = 530s)...
Presolve removed 0 rows and 0 columns (presolve time = 535s)...
Presolve removed 0 rows and 0 columns (presolve time = 540s)...
Presolve removed 0 rows and 0 columns (presolve time = 545s)...
Presolve removed 0 rows and 0 columns (presolve time = 550s)...
Presolve removed 0 rows and 0 columns (presolve time = 555s)...
Presolve removed 0 rows and 0 columns (presolve time = 560s)...
Presolve removed 0 rows and 0 columns (presolve time = 565s)...
Presolve removed 0 rows and 0 columns (presolve time = 570s)...
Presolve removed 0 rows and 0 columns (presolve time = 575s)...
Presolve removed 0 rows and 0 columns (presolve time = 580s)...
Presolve removed 0 rows and 0 columns (presolve time = 585s)...
Presolve removed 0 rows and 0 columns (presolve time = 590s)...
Presolve removed 0 rows and 0 columns (presolve time = 595s)...
Presolve removed 0 rows and 0 columns (presolve time = 600s)...
Presolve removed 0 rows and 0 columns (presolve time = 605s)...
Presolve removed 0 rows and 0 columns (presolve time = 610s)...
Presolve removed 0 rows and 0 columns (presolve time = 615s)...
Presolve removed 0 rows and 0 columns (presolve time = 620s)...
Presolve removed 0 rows and 0 columns (presolve time = 625s)...
Presolve removed 0 rows and 0 columns (presolve time = 630s)...
Presolve removed 0 rows and 0 columns (presolve time = 635s)...
Presolve removed 0 rows and 0 columns (presolve time = 643s)...
Presolve time: 643.48s
Presolved: 215400 rows, 35900 columns, 56744976 nonzeros
Variable types: 0 continuous, 35900 integer (35900 binary)

Root simplex log...

Iteration    Objective       Primal Inf.    Dual Inf.      Time
       0   -0.0000000e+00   0.000000e+00   1.122500e+03    668s
      20    2.0812139e+03   0.000000e+00   0.000000e+00    668s
      20    2.0812139e+03   0.000000e+00   0.000000e+00    668s

Use crossover to convert LP symmetric solution to basic solution...

Root crossover log...

  206784 variables added to crossover basis                      671s
  212064 variables added to crossover basis                      675s
  213624 variables added to crossover basis                      680s
  214854 variables added to crossover basis                      685s

       0 DPushes remaining with DInf 0.0000000e+00               691s

       8 PPushes remaining with PInf 0.0000000e+00               691s
       0 PPushes remaining with PInf 0.0000000e+00               694s

  Push phase complete: Pinf 0.0000000e+00, Dinf 1.8605800e-09    694s


Root simplex log...

Iteration    Objective       Primal Inf.    Dual Inf.      Time
      31    2.0812139e+03   0.000000e+00   0.000000e+00    699s
Crossover time: 30.57 seconds (50.10 work units)

Root relaxation: objective 2.081214e+03, 31 iterations, 50.46 seconds (70.29 work units)

    Nodes    |    Current Node    |     Objective Bounds      |     Work
 Expl Unexpl |  Obj  Depth IntInf | Incumbent    BestBd   Gap | It/Node Time

     0     0 2081.21387    0 7180 3070.00000 2081.21387  32.2%     -  787s
H    0     0                    2921.0000000 2081.21387  28.7%     -  787s
H    0     0                    2920.0000000 2081.21387  28.7%     -  788s
H    0     0                    2846.0000000 2081.21387  26.9%     -  801s
H    0     0                    2843.0000000 2081.21387  26.8%     -  808s
H    0     0                    2793.0000000 2081.21387  25.5%     -  808s
H    0     0                    2790.0000000 2081.21387  25.4%     -  808s
H    0     0                    2789.0000000 2081.21387  25.4%     -  808s
H    0     0                    2771.0000000 2081.21387  24.9%     -  808s
H    0     0                    2770.0000000 2081.21387  24.9%     -  811s
H    0     0                    2769.0000000 2081.21387  24.8%     -  819s
H    0     0                    2768.0000000 2081.21387  24.8%     -  819s
     0     0 2081.40764    0 8721 2768.00000 2081.40764  24.8%     - 6072s
H    0     0                    2767.0000000 2081.40764  24.8%     - 6076s
H    0     0                    2593.0000000 2081.40764  19.7%     - 6090s
H    0     0                    2592.0000000 2081.40764  19.7%     - 6129s
H    0     0                    2547.0000000 2081.40764  18.3%     - 6129s
H    0     0                    2522.0000000 2081.40764  17.5%     - 6129s
H    0     0                    2515.0000000 2081.40764  17.2%     - 6130s
H    0     0                    2510.0000000 2081.40764  17.1%     - 6130s
H    0     0                    2507.0000000 2081.40764  17.0%     - 6139s
H    0     0                    2504.0000000 2081.40764  16.9%     - 6139s
H    0     0                    2502.0000000 2081.40764  16.8%     - 6140s
H    0     0                    2501.0000000 2081.40764  16.8%     - 6148s
H    0     0                    2488.0000000 2081.40764  16.3%     - 6152s
H    0     0                    2487.0000000 2081.40764  16.3%     - 6160s
H    0     0                    2482.0000000 2081.40764  16.1%     - 6168s
H    0     0                    2481.0000000 2081.40764  16.1%     - 6176s
H    0     0                    2480.0000000 2081.40764  16.1%     - 6176s
H    0     0                    2479.0000000 2081.40764  16.0%     - 6176s
H    0     0                    2478.0000000 2081.40764  16.0%     - 6177s
H    0     0                    2477.0000000 2081.40764  16.0%     - 6181s
H    0     0                    2476.0000000 2081.40764  15.9%     - 6192s
H    0     0                    2475.0000000 2081.40764  15.9%     - 6197s
H    0     0                    2474.0000000 2081.40764  15.9%     - 6202s
H    0     0                    2473.0000000 2081.40764  15.8%     - 6207s
H    0     0                    2472.0000000 2081.40764  15.8%     - 6216s
H    0     0                    2471.0000000 2081.40764  15.8%     - 6221s
H    0     0                    2470.0000000 2081.40764  15.7%     - 6230s
H    0     0                    2469.0000000 2081.40764  15.7%     - 6259s
H    0     0                    2468.0000000 2081.40764  15.7%     - 6273s
H    0     0                    2467.0000000 2081.40764  15.6%     - 6293s
H    0     0                    2466.0000000 2081.40764  15.6%     - 6384s

Cutting planes:
  Gomory: 1
  Lift-and-project: 1

Explored 1 nodes (51866 simplex iterations) in 28137.85 seconds (48586.07 work units)
Thread count was 32 (of 32 available processors)

Solution count 10: 2466 2467 2468 ... 2475

Time limit reached
Best objective 2.466000000000e+03, best bound 2.082000000000e+03, gap 15.5718%

User-callback calls 148175, time in user-callback 0.61 sec
