
Gurobi 13.0.2 (linux64) logging started Sun Jul 12 06:04:12 2026

Set parameter LogFile to value "/tmp/sweep_20260709_012313_china_alt400km_s75_i2_v4_gurobi.log"
Set parameter Method to value 1
Set parameter NodefileStart to value 4
Set parameter RINS to value 50
Gurobi Optimizer version 13.0.2 build v13.0.2rc1 (linux64 - "Debian GNU/Linux 13 (trixie)")

CPU model: Intel(R) Xeon(R) Platinum 8375C CPU @ 2.90GHz, instruction set [SSE2|AVX|AVX2|AVX512]
Thread count: 16 physical cores, 32 logical processors, using up to 32 threads

Non-default parameters:
TimeLimit  14400
MIPGap  0.001
Method  1
LPWarmStart  1
Heuristics  0.2
MIPFocus  1
NodefileStart  4
RINS  50
Symmetry  2
Cuts  2
CoverCuts  2
LogToConsole  0

Academic license 2812613 - for non-commercial use only - registered to no___@gatech.edu
Optimize a model with 392028 rows, 57440 columns and 53720760 nonzeros (Min)
Model fingerprint: 0x93612318
Model has 57440 linear objective coefficients
Variable types: 0 continuous, 57440 integer (57440 binary)
Coefficient statistics:
  Matrix range     [1e+00, 1e+00]
  Objective range  [1e+00, 1e+00]
  Bounds range     [1e+00, 1e+00]
  RHS range        [4e+01, 4e+01]

Found heuristic solution: objective 24603.000000
Presolve removed 0 rows and 0 columns (presolve time = 7s)...
Presolve removed 0 rows and 0 columns (presolve time = 13s)...
Presolve removed 0 rows and 0 columns (presolve time = 18s)...
Presolve removed 0 rows and 0 columns (presolve time = 22s)...
Presolve removed 0 rows and 0 columns (presolve time = 29s)...
Presolve removed 0 rows and 0 columns (presolve time = 35s)...
Presolve removed 0 rows and 0 columns (presolve time = 35s)...
Presolve removed 0 rows and 0 columns (presolve time = 45s)...
Presolve removed 0 rows and 0 columns (presolve time = 51s)...
Presolve removed 0 rows and 0 columns (presolve time = 56s)...
Presolve removed 0 rows and 0 columns (presolve time = 61s)...
Presolve removed 0 rows and 0 columns (presolve time = 65s)...
Presolve removed 0 rows and 0 columns (presolve time = 70s)...
Presolve removed 0 rows and 0 columns (presolve time = 75s)...
Presolve removed 0 rows and 0 columns (presolve time = 80s)...
Presolve removed 0 rows and 0 columns (presolve time = 85s)...
Presolve removed 0 rows and 0 columns (presolve time = 90s)...
Presolve removed 0 rows and 0 columns (presolve time = 99s)...
Presolve removed 0 rows and 0 columns (presolve time = 100s)...
Presolve removed 0 rows and 0 columns (presolve time = 109s)...
Presolve removed 0 rows and 0 columns (presolve time = 110s)...
Presolve removed 0 rows and 0 columns (presolve time = 115s)...
Presolve removed 0 rows and 0 columns (presolve time = 120s)...
Presolve removed 0 rows and 0 columns (presolve time = 126s)...
Presolve removed 0 rows and 0 columns (presolve time = 132s)...
Presolve removed 0 rows and 0 columns (presolve time = 148s)...
Presolve removed 0 rows and 0 columns (presolve time = 150s)...
Presolve removed 0 rows and 0 columns (presolve time = 155s)...
Presolve removed 0 rows and 0 columns (presolve time = 160s)...
Presolve removed 0 rows and 0 columns (presolve time = 165s)...
Presolve removed 0 rows and 0 columns (presolve time = 170s)...
Presolve removed 0 rows and 0 columns (presolve time = 175s)...
Presolve removed 0 rows and 0 columns (presolve time = 180s)...
Presolve removed 0 rows and 0 columns (presolve time = 185s)...
Presolve removed 0 rows and 0 columns (presolve time = 190s)...
Presolve removed 0 rows and 0 columns (presolve time = 195s)...
Presolve removed 0 rows and 0 columns (presolve time = 200s)...
Presolve removed 0 rows and 0 columns (presolve time = 205s)...
Presolve removed 0 rows and 0 columns (presolve time = 210s)...
Presolve removed 0 rows and 0 columns (presolve time = 215s)...
Presolve removed 0 rows and 0 columns (presolve time = 220s)...
Presolve removed 0 rows and 0 columns (presolve time = 225s)...
Presolve removed 0 rows and 0 columns (presolve time = 230s)...
Presolve removed 0 rows and 0 columns (presolve time = 235s)...
Presolve removed 0 rows and 0 columns (presolve time = 240s)...
Presolve removed 0 rows and 0 columns (presolve time = 245s)...
Presolve removed 0 rows and 0 columns (presolve time = 250s)...
Presolve removed 0 rows and 0 columns (presolve time = 255s)...
Presolve removed 0 rows and 0 columns (presolve time = 260s)...
Presolve removed 0 rows and 0 columns (presolve time = 265s)...
Presolve removed 0 rows and 0 columns (presolve time = 270s)...
Presolve removed 0 rows and 0 columns (presolve time = 275s)...
Presolve removed 0 rows and 0 columns (presolve time = 280s)...
Presolve removed 0 rows and 0 columns (presolve time = 285s)...
Presolve removed 0 rows and 0 columns (presolve time = 290s)...
Presolve removed 0 rows and 0 columns (presolve time = 295s)...
Presolve removed 0 rows and 0 columns (presolve time = 300s)...
Presolve removed 0 rows and 0 columns (presolve time = 305s)...
Presolve removed 0 rows and 0 columns (presolve time = 310s)...
Presolve removed 0 rows and 0 columns (presolve time = 315s)...
Presolve removed 0 rows and 0 columns (presolve time = 320s)...
Presolve removed 0 rows and 0 columns (presolve time = 325s)...
Presolve removed 0 rows and 0 columns (presolve time = 330s)...
Presolve removed 0 rows and 0 columns (presolve time = 335s)...
Presolve removed 0 rows and 0 columns (presolve time = 340s)...
Presolve removed 0 rows and 0 columns (presolve time = 345s)...
Presolve removed 0 rows and 0 columns (presolve time = 350s)...
Presolve removed 0 rows and 0 columns (presolve time = 355s)...
Presolve removed 0 rows and 0 columns (presolve time = 360s)...
Presolve removed 0 rows and 0 columns (presolve time = 365s)...
Presolve removed 0 rows and 0 columns (presolve time = 370s)...
Presolve removed 0 rows and 0 columns (presolve time = 375s)...
Presolve removed 0 rows and 0 columns (presolve time = 380s)...
Presolve removed 0 rows and 0 columns (presolve time = 385s)...
Presolve removed 0 rows and 0 columns (presolve time = 390s)...
Presolve removed 0 rows and 0 columns (presolve time = 395s)...
Presolve removed 0 rows and 0 columns (presolve time = 400s)...
Presolve removed 0 rows and 0 columns (presolve time = 405s)...
Presolve removed 0 rows and 0 columns (presolve time = 410s)...
Presolve removed 0 rows and 0 columns (presolve time = 415s)...
Presolve removed 0 rows and 0 columns (presolve time = 420s)...
Presolve removed 0 rows and 0 columns (presolve time = 425s)...
Presolve removed 0 rows and 0 columns (presolve time = 430s)...
Presolve removed 0 rows and 0 columns (presolve time = 435s)...
Presolve removed 0 rows and 0 columns (presolve time = 440s)...
Presolve removed 0 rows and 0 columns (presolve time = 445s)...
Presolve removed 0 rows and 0 columns (presolve time = 450s)...
Presolve removed 0 rows and 0 columns (presolve time = 455s)...
Presolve removed 0 rows and 0 columns (presolve time = 460s)...
Presolve removed 0 rows and 0 columns (presolve time = 465s)...
Presolve removed 0 rows and 0 columns (presolve time = 470s)...
Presolve removed 0 rows and 0 columns (presolve time = 475s)...
Presolve removed 0 rows and 0 columns (presolve time = 480s)...
Presolve removed 0 rows and 0 columns (presolve time = 485s)...
Presolve removed 0 rows and 0 columns (presolve time = 490s)...
Presolve removed 0 rows and 0 columns (presolve time = 495s)...
Presolve removed 0 rows and 0 columns (presolve time = 500s)...
Presolve removed 0 rows and 0 columns (presolve time = 505s)...
Presolve removed 0 rows and 0 columns (presolve time = 510s)...
Presolve removed 0 rows and 0 columns (presolve time = 515s)...
Presolve removed 0 rows and 0 columns (presolve time = 520s)...
Presolve removed 0 rows and 0 columns (presolve time = 525s)...
Presolve removed 0 rows and 0 columns (presolve time = 530s)...
Presolve removed 0 rows and 0 columns (presolve time = 535s)...
Presolve removed 0 rows and 0 columns (presolve time = 540s)...
Presolve removed 0 rows and 0 columns (presolve time = 545s)...
Presolve removed 0 rows and 0 columns (presolve time = 550s)...
Presolve removed 0 rows and 0 columns (presolve time = 555s)...
Presolve removed 0 rows and 0 columns (presolve time = 560s)...
Presolve removed 0 rows and 0 columns (presolve time = 565s)...
Presolve removed 0 rows and 0 columns (presolve time = 570s)...
Presolve removed 0 rows and 0 columns (presolve time = 575s)...
Presolve removed 0 rows and 0 columns (presolve time = 580s)...
Presolve removed 0 rows and 0 columns (presolve time = 585s)...
Presolve removed 0 rows and 0 columns (presolve time = 590s)...
Presolve removed 0 rows and 0 columns (presolve time = 595s)...
Presolve removed 0 rows and 0 columns (presolve time = 600s)...
Presolve removed 0 rows and 0 columns (presolve time = 605s)...
Presolve removed 0 rows and 0 columns (presolve time = 610s)...
Presolve removed 0 rows and 0 columns (presolve time = 615s)...
Presolve removed 0 rows and 0 columns (presolve time = 620s)...
Presolve removed 0 rows and 0 columns (presolve time = 625s)...
Presolve removed 0 rows and 0 columns (presolve time = 630s)...
Presolve removed 0 rows and 0 columns (presolve time = 635s)...
Presolve removed 0 rows and 0 columns (presolve time = 640s)...
Presolve removed 0 rows and 0 columns (presolve time = 645s)...
Presolve removed 0 rows and 0 columns (presolve time = 650s)...
Presolve removed 0 rows and 0 columns (presolve time = 655s)...
Presolve removed 0 rows and 0 columns (presolve time = 660s)...
Presolve removed 0 rows and 0 columns (presolve time = 665s)...
Presolve removed 0 rows and 0 columns (presolve time = 670s)...
Presolve removed 0 rows and 0 columns (presolve time = 675s)...
Presolve removed 0 rows and 0 columns (presolve time = 680s)...
Presolve removed 0 rows and 0 columns (presolve time = 685s)...
Presolve removed 0 rows and 0 columns (presolve time = 690s)...
Presolve removed 0 rows and 0 columns (presolve time = 695s)...
Presolve removed 0 rows and 0 columns (presolve time = 700s)...
Presolve removed 0 rows and 0 columns (presolve time = 705s)...
Presolve removed 0 rows and 0 columns (presolve time = 710s)...
Presolve removed 0 rows and 0 columns (presolve time = 715s)...
Presolve removed 0 rows and 0 columns (presolve time = 726s)...
Presolve time: 725.76s
Presolved: 392028 rows, 57440 columns, 53720760 nonzeros
Variable types: 0 continuous, 57440 integer (57440 binary)

Root simplex log...

Iteration    Objective       Primal Inf.    Dual Inf.      Time
       0   -0.0000000e+00   0.000000e+00   1.265400e+04    754s
      76    1.7572364e+04   0.000000e+00   0.000000e+00    754s
      76    1.7572364e+04   0.000000e+00   0.000000e+00    754s

Use crossover to convert LP symmetric solution to basic solution...

Root crossover log...

  373132 variables added to crossover basis                      760s
  375652 variables added to crossover basis                      765s
  376492 variables added to crossover basis                      770s
  376912 variables added to crossover basis                      775s
  377182 variables added to crossover basis                      780s
  377452 variables added to crossover basis                      786s
  377662 variables added to crossover basis                      791s
  377842 variables added to crossover basis                      796s
  378022 variables added to crossover basis                      801s
  378172 variables added to crossover basis                      806s
  378322 variables added to crossover basis                      811s
  378442 variables added to crossover basis                      815s
  378562 variables added to crossover basis                      820s
  378952 variables added to crossover basis                      825s
  379462 variables added to crossover basis                      830s
  379882 variables added to crossover basis                      835s
  380242 variables added to crossover basis                      840s
  380602 variables added to crossover basis                      845s
  380962 variables added to crossover basis                      850s
  381382 variables added to crossover basis                      855s
  381772 variables added to crossover basis                      860s
  382102 variables added to crossover basis                      865s
  382432 variables added to crossover basis                      870s
  382702 variables added to crossover basis                      875s
  383002 variables added to crossover basis                      880s
  383842 variables added to crossover basis                      885s
  384052 variables added to crossover basis                      890s
  384262 variables added to crossover basis                      895s
  384472 variables added to crossover basis                      900s
  384652 variables added to crossover basis                      905s
  384862 variables added to crossover basis                      911s
  385042 variables added to crossover basis                      915s
  385222 variables added to crossover basis                      921s
  385402 variables added to crossover basis                      925s
  385582 variables added to crossover basis                      931s
  385732 variables added to crossover basis                      935s
  385882 variables added to crossover basis                      940s
  386062 variables added to crossover basis                      946s
  386422 variables added to crossover basis                      950s
  386812 variables added to crossover basis                      955s
  387142 variables added to crossover basis                      960s
  387412 variables added to crossover basis                      965s
  387682 variables added to crossover basis                      970s
  387922 variables added to crossover basis                      975s
  388162 variables added to crossover basis                      981s
  388372 variables added to crossover basis                      985s
  388582 variables added to crossover basis                      990s
  388792 variables added to crossover basis                      995s
  389002 variables added to crossover basis                     1000s
  389212 variables added to crossover basis                     1005s
  389422 variables added to crossover basis                     1011s
  389602 variables added to crossover basis                     1015s
  389812 variables added to crossover basis                     1021s
  389992 variables added to crossover basis                     1025s
  390202 variables added to crossover basis                     1031s
  390382 variables added to crossover basis                     1035s
  390562 variables added to crossover basis                     1040s
  390742 variables added to crossover basis                     1045s
  390922 variables added to crossover basis                     1050s
  391102 variables added to crossover basis                     1055s
  391282 variables added to crossover basis                     1061s
  391432 variables added to crossover basis                     1065s
  391612 variables added to crossover basis                     1071s
  391762 variables added to crossover basis                     1075s
  391942 variables added to crossover basis                     1081s

       0 DPushes remaining with DInf 0.0000000e+00              1747s

       0 PPushes remaining with PInf 0.0000000e+00              1749s

  Push phase complete: Pinf 0.0000000e+00, Dinf 3.2271670e-08   1751s


Root simplex log...

Iteration    Objective       Primal Inf.    Dual Inf.      Time
      79    1.7572364e+04   0.000000e+00   0.000000e+00   1966s
Crossover time: 1211.85 seconds (3142.85 work units)

Root relaxation: objective 1.757236e+04, 79 iterations, 1235.12 seconds (3162.09 work units)

    Nodes    |    Current Node    |     Objective Bounds      |     Work
 Expl Unexpl |  Obj  Depth IntInf | Incumbent    BestBd   Gap | It/Node Time

     0     0 17572.3636    0 22976 24603.0000 17572.3636  28.6%     - 2783s
H    0     0                    18668.000000 17572.3636  5.87%     - 2783s
H    0     0                    18520.000000 17572.3636  5.12%     - 2784s
H    0     0                    18519.000000 17572.3636  5.11%     - 2784s
H    0     0                    18446.000000 17572.3636  4.74%     - 3631s
     0     0 17572.3636    0 22976 18446.0000 17572.3636  4.74%     - 13430s

Explored 1 nodes (79 simplex iterations) in 14400.96 seconds (29948.59 work units)
Thread count was 32 (of 32 available processors)

Solution count 5: 18446 18519 18520 ... 24603

Time limit reached
Best objective 1.844600000000e+04, best bound 1.757300000000e+04, gap 4.7327%

User-callback calls 83148, time in user-callback 0.59 sec
