
Gurobi 13.0.2 (linux64) logging started Sat Jul 18 06:51:22 2026

Set parameter LogFile to value "/tmp/sweep_20260716_013919_north-korea_alt400km_s35_i4_v4_gurobi.log"
Set parameter Method to value 1
Set parameter NodefileStart to value 4
Set parameter RINS to value 50
Gurobi Optimizer version 13.0.2 build v13.0.2rc1 (linux64 - "Debian GNU/Linux 13 (trixie)")

CPU model: Intel(R) Xeon(R) Platinum 8375C CPU @ 2.90GHz, instruction set [SSE2|AVX|AVX2|AVX512]
Thread count: 16 physical cores, 32 logical processors, using up to 32 threads

Non-default parameters:
TimeLimit  14400
MIPGap  0.001
Method  1
LPWarmStart  1
Heuristics  0.2
MIPFocus  1
NodefileStart  4
RINS  50
Symmetry  2
Cuts  2
CoverCuts  2
LogToConsole  0

Academic license 2812613 - for non-commercial use only - registered to no___@gatech.edu
Optimize a model with 2872 rows, 28720 columns and 338896 nonzeros (Min)
Model fingerprint: 0x33bf9164
Model has 28720 linear objective coefficients
Variable types: 0 continuous, 28720 integer (28720 binary)
Coefficient statistics:
  Matrix range     [1e+00, 1e+00]
  Objective range  [1e+00, 1e+00]
  Bounds range     [1e+00, 1e+00]
  RHS range        [9e+00, 9e+00]

Found heuristic solution: objective 3565.0000000
Presolve removed 0 rows and 2872 columns
Presolve time: 0.30s
Presolved: 2872 rows, 25848 columns, 315920 nonzeros
Variable types: 0 continuous, 25848 integer (24412 binary)
Warning: Markowitz tolerance tightened to 0.03125

Root simplex log...

Iteration    Objective       Primal Inf.    Dual Inf.      Time
   10965    1.3799259e+03   1.201966e+04   0.000000e+00      5s
   16275    1.4128594e+03   4.012181e+04   0.000000e+00     10s
   20715    1.4244980e+03   1.036825e+04   0.000000e+00     15s
   24775    1.4315260e+03   2.494830e+04   0.000000e+00     20s
   28435    1.4343910e+03   3.406626e+03   0.000000e+00     25s
   31525    1.4355371e+03   2.004484e+03   0.000000e+00     30s
   34595    1.4357827e+03   1.054594e+03   0.000000e+00     35s
   38065    1.4358926e+03   5.728347e+03   0.000000e+00     40s
   41085    1.4360037e+03   1.992634e+03   0.000000e+00     45s
   42804    1.4360000e+03   0.000000e+00   0.000000e+00     48s

Root relaxation: objective 1.436000e+03, 42804 iterations, 47.66 seconds (107.22 work units)

    Nodes    |    Current Node    |     Objective Bounds      |     Work
 Expl Unexpl |  Obj  Depth IntInf | Incumbent    BestBd   Gap | It/Node Time

*    0     0               0    1436.0000000 1436.00000  0.00%     -   48s

Explored 1 nodes (42804 simplex iterations) in 48.02 seconds (107.70 work units)
Thread count was 32 (of 32 available processors)

Solution count 2: 1436 3565 

Optimal solution found (tolerance 1.00e-03)
Best objective 1.436000000000e+03, best bound 1.436000000000e+03, gap 0.0000%

User-callback calls 1038, time in user-callback 0.00 sec
