
Gurobi 13.0.2 (linux64) logging started Sun Jul 19 21:31:16 2026

Set parameter LogFile to value "/tmp/sweep_20260716_013919_north-korea_alt550km_s35_i2_v10_gurobi.log"
Set parameter Method to value 1
Set parameter NodefileStart to value 4
Set parameter RINS to value 50
Gurobi Optimizer version 13.0.2 build v13.0.2rc1 (linux64 - "Debian GNU/Linux 13 (trixie)")

CPU model: Intel(R) Xeon(R) Platinum 8375C CPU @ 2.90GHz, instruction set [SSE2|AVX|AVX2|AVX512]
Thread count: 16 physical cores, 32 logical processors, using up to 32 threads

Non-default parameters:
TimeLimit  14400
MIPGap  0.001
Method  1
LPWarmStart  1
Heuristics  0.2
MIPFocus  1
NodefileStart  4
RINS  50
Symmetry  2
Cuts  2
CoverCuts  2
LogToConsole  0

Academic license 2812613 - for non-commercial use only - registered to no___@gatech.edu
Optimize a model with 1436 rows, 14360 columns and 292944 nonzeros (Min)
Model fingerprint: 0xf2304f5e
Model has 14360 linear objective coefficients
Variable types: 0 continuous, 14360 integer (14360 binary)
Coefficient statistics:
  Matrix range     [1e+00, 1e+00]
  Objective range  [1e+00, 1e+00]
  Bounds range     [1e+00, 1e+00]
  RHS range        [2e+01, 2e+01]

Found heuristic solution: objective 1670.0000000
Presolve removed 0 rows and 1436 columns
Presolve time: 0.29s
Presolved: 1436 rows, 12924 columns, 259916 nonzeros
Variable types: 0 continuous, 12924 integer (11488 binary)

Root simplex log...

Iteration    Objective       Primal Inf.    Dual Inf.      Time
    7329    1.0401847e+03   9.126248e+03   0.000000e+00      5s
   10369    1.0471691e+03   1.654157e+03   0.000000e+00     10s
   10947    1.0478919e+03   0.000000e+00   0.000000e+00     11s

Root relaxation: objective 1.047892e+03, 10947 iterations, 11.08 seconds (23.27 work units)

    Nodes    |    Current Node    |     Objective Bounds      |     Work
 Expl Unexpl |  Obj  Depth IntInf | Incumbent    BestBd   Gap | It/Node Time

     0     0 1047.89189    0 1436 1670.00000 1047.89189  37.3%     -   11s
H    0     0                    1200.0000000 1047.89189  12.7%     -   11s
H    0     0                    1172.0000000 1047.89189  10.6%     -   11s
H    0     0                    1077.0000000 1047.89189  2.70%     -   12s
     0     0 1047.92135    0 1436 1077.00000 1047.92135  2.70%     -   39s
     0     2 1047.92135    0 1436 1077.00000 1047.92135  2.70%     -   83s
     1     3 1047.94972    1 1434 1077.00000 1047.92135  2.70%   2.0   90s
     2     5 1047.99857    2 1431 1077.00000 1047.92135  2.70%   2.5   96s
     4     9 1048.02062    3 1429 1077.00000 1047.92135  2.70%   4.5  107s
     8    16 1048.05444    4 1428 1077.00000 1047.92135  2.70%   6.9  124s
    12    16 1048.05905    4 1423 1077.00000 1047.92135  2.70%   7.2  125s
    17    32 1048.08576    5 1427 1077.00000 1048.04425  2.69%   8.1  136s
    33    78 1048.11384    6 1426 1077.00000 1048.04820  2.69%  12.9  149s
    79    94 1048.13340    7 1424 1077.00000 1048.07160  2.69%  18.6  154s
    95   110 1048.16892    8 1422 1077.00000 1048.07160  2.69%  20.9  161s
   111   126 1048.20941    9 1419 1077.00000 1048.07160  2.69%  22.3  168s
   127   142 1048.24272   10 1417 1077.00000 1048.07160  2.69%  24.0  182s
   143   158 1048.27615   11 1416 1077.00000 1048.07160  2.69%  26.1  195s
   159   174 1048.27108   11 1413 1077.00000 1048.07160  2.69%  28.0  219s
   175   194 1048.31031   12 1408 1077.00000 1048.07160  2.69%  29.2  242s
H  176   194                    1076.0000000 1048.07160  2.60%  29.0  242s
   195   290 1048.32100   13 1410 1076.00000 1048.07160  2.60%  32.2  272s
   291   306 1048.51812   19 1396 1076.00000 1048.07160  2.60%  45.4  297s
   307   322 1048.54761   20 1397 1076.00000 1048.07160  2.60%  46.7  321s
   323   338 1048.56540   20 1397 1076.00000 1048.07160  2.60%  48.0  350s
   339   354 1048.61300   21 1396 1076.00000 1048.07160  2.60%  49.3  381s
H  350   354                    1075.0000000 1048.07160  2.50%  50.0  381s
   355   434 1048.57924   21 1391 1075.00000 1048.07160  2.50%  50.5  401s
   435   464 1048.63620   24 1387 1075.00000 1048.07160  2.50%  56.8  418s
   465   486 1048.67143   25 1384 1075.00000 1048.07160  2.50%  59.6  436s
   487   590 1048.68562   26 1387 1075.00000 1048.07160  2.50%  62.4  462s
H  491   590                    1074.0000000 1048.07160  2.41%  62.6  462s
   591   721 1048.72929   29 1374 1074.00000 1048.07160  2.41%  71.3  491s
   722   737 1048.88072   35 1370 1074.00000 1048.07160  2.41%  82.3  509s
   738   753 1048.88798   35 1361 1074.00000 1048.07160  2.41%  83.4  526s
   754   770 1048.90381   36 1365 1074.00000 1048.07160  2.41%  84.2  545s
H  761   770                    1073.0000000 1048.07160  2.32%  84.7  545s
   771   786 1048.91448   36 1362 1073.00000 1048.07160  2.32%  85.6  568s
   787   802 1048.92701   37 1365 1073.00000 1048.07160  2.32%  86.7  588s
   803   818 1048.91626   37 1362 1073.00000 1048.07160  2.32%  88.2  612s
H  819   834                    1072.0000000 1048.07160  2.23%  89.2  633s
   835   850 1048.94862   38 1360 1072.00000 1048.07160  2.23%  90.4  652s
   851   866 1048.95881   39 1364 1072.00000 1048.07160  2.23%  91.7  669s
   867   882 1048.97672   40 1360 1072.00000 1048.07160  2.23%  92.7  691s
   883   898 1049.00512   41 1355 1072.00000 1048.07160  2.23%  94.0  709s
   899   914 1049.02475   42 1359 1072.00000 1048.07160  2.23%  94.8  732s
   915   930 1049.04464   43 1357 1072.00000 1048.07160  2.23%  96.2  756s
   931   946 1049.04859   43 1355 1072.00000 1048.07160  2.23%  97.3  792s
   947   962 1049.06439   44 1356 1072.00000 1048.07160  2.23%  98.1  813s
   963   981 1049.08223   44 1355 1072.00000 1048.07160  2.23%  99.1  840s
   982   997 1049.10589   45 1343 1072.00000 1048.07160  2.23%   100  869s
H  989   997                    1071.0000000 1048.07160  2.14%   101  869s
   998  1013 1049.13459   46 1348 1071.00000 1048.07160  2.14%   101  901s
  1014  1058 1049.11551   46 1343 1071.00000 1048.07160  2.14%   102  937s
  1059  1092 1049.13006   47 1342 1071.00000 1048.07160  2.14%   104  970s
  1093  1115 1049.17433   49 1345 1071.00000 1048.07160  2.14%   106 1001s
  1116  1245 1049.20467   50 1344 1071.00000 1048.07160  2.14%   107 1030s
  1246  1261 1049.18901   50 1342 1071.00000 1048.07160  2.14%   114 1059s
  1262  1277 1049.25715   51 1336 1071.00000 1048.07160  2.14%   114 1082s
  1278  1293 1049.23502   51 1339 1071.00000 1048.07160  2.14%   115 1109s
  1294  1309 1049.26928   52 1337 1071.00000 1048.07160  2.14%   116 1146s
  1310  1325 1049.27866   52 1334 1071.00000 1048.07160  2.14%   117 1179s
  1326  1341 1049.31558   53 1336 1071.00000 1048.07160  2.14%   117 1210s
  1342  1357 1049.34895   54 1330 1071.00000 1048.07160  2.14%   118 1246s
H 1354  1357                    1070.0000000 1048.07160  2.05%   118 1246s
  1358  1373 1049.32892   54 1329 1070.00000 1048.07160  2.05%   119 1279s
  1374  1389 1049.35010   55 1324 1070.00000 1048.07160  2.05%   119 1314s
  1390  1405 1049.37630   56 1329 1070.00000 1048.07160  2.05%   120 1341s
  1406  1421 1049.36716   56 1326 1070.00000 1048.07160  2.05%   120 1374s
  1422  1437 1049.38723   57 1328 1070.00000 1048.07160  2.05%   121 1405s
  1438  1453 1049.42088   58 1320 1070.00000 1048.07160  2.05%   122 1437s
  1454  1469 1049.39779   58 1318 1070.00000 1048.07160  2.05%   122 1481s
  1470  1485 1049.43120   59 1316 1070.00000 1048.07160  2.05%   123 1536s
  1486  1501 1049.40700   59 1321 1070.00000 1048.07160  2.05%   123 1573s
  1502  1517 1049.43201   60 1322 1070.00000 1048.07160  2.05%   124 1611s
  1518  1533 1049.46332   61 1325 1070.00000 1048.07160  2.05%   125 1645s
  1534  1549 1049.46053   61 1323 1070.00000 1048.07160  2.05%   125 1691s
  1550  1565 1049.47676   62 1319 1070.00000 1048.07160  2.05%   126 1742s
  1566  1581 1049.50063   63 1315 1070.00000 1048.07160  2.05%   126 1797s
  1582  1601 1049.50277   63 1321 1070.00000 1048.07160  2.05%   127 1843s
  1602  1617 1049.52180   64 1314 1070.00000 1048.07160  2.05%   127 1884s
  1618  1640 1049.54501   65 1310 1070.00000 1048.07160  2.05%   128 1935s
  1641  1656 1049.60528   67 1310 1070.00000 1048.07160  2.05%   129 1985s
  1657  1672 1049.60803   67 1306 1070.00000 1048.07160  2.05%   129 2031s
  1673  1701 1049.62907   68 1307 1070.00000 1048.07160  2.05%   130 2067s
  1702  1717 1049.68133   70 1293 1070.00000 1048.07160  2.05%   131 2109s
  1718  1796 1049.67970   71 1296 1070.00000 1048.07160  2.05%   132 2167s
  1797  1821 1049.69453   72 1298 1070.00000 1048.07160  2.05%   135 2216s
  1822  1837 1049.72833   73 1294 1070.00000 1048.07160  2.05%   135 2263s
  1838  1857 1049.72060   73 1287 1070.00000 1048.07160  2.05%   136 2310s
  1858  1883 1049.73255   74 1291 1070.00000 1048.07160  2.05%   136 2368s
  1884  2008 1049.75569   75 1290 1070.00000 1048.07160  2.05%   137 2434s
  2009  2184 1049.76322   75 1291 1070.00000 1048.07160  2.05%   142 2495s
  2185  2200 1050.09282   90 1268 1070.00000 1048.07160  2.05%   145 2551s
  2201  2297 1050.11131   91 1268 1070.00000 1048.07160  2.05%   146 2603s
  2298  2313 1050.10706   91 1257 1070.00000 1048.07160  2.05%   149 2663s
  2314  2574 1050.12502   92 1265 1070.00000 1048.07160  2.05%   150 2714s
  2575  2590 1050.39107  105 1240 1070.00000 1048.07160  2.05%   157 2774s
  2591  2606 1050.41920  106 1243 1070.00000 1048.07160  2.05%   158 2833s
  2607  2623 1050.40510  106 1244 1070.00000 1048.07160  2.05%   158 2906s
  2624  2648 1050.41664  107 1247 1070.00000 1048.07160  2.05%   158 2970s
  2649  2667 1050.42870  108 1237 1070.00000 1048.07160  2.05%   159 3051s
  2668  2839 1050.45720  108 1229 1070.00000 1048.07160  2.05%   159 3134s
  2840  2925 1050.45185  109 1234 1070.00000 1048.07160  2.05%   164 3207s
  2926  3085 1050.58679  115 1238 1070.00000 1048.07160  2.05%   166 3286s
  3086  3185 1050.59985  115 1235 1070.00000 1048.07160  2.05%   170 3371s
  3186  3287 1050.78105  124 1224 1070.00000 1048.07160  2.05%   172 3459s
  3288  3399 1050.80529  124 1225 1070.00000 1048.07160  2.05%   174 3544s
  3400  3415 1050.79768  125 1218 1070.00000 1048.07160  2.05%   177 3632s
  3416  3431 1050.82601  126 1221 1070.00000 1048.07160  2.05%   177 3715s
  3432  3447 1050.81306  126 1224 1070.00000 1048.07160  2.05%   177 3827s
  3448  3475 1050.83946  127 1216 1070.00000 1048.07160  2.05%   177 3944s
  3476  3700 1050.86237  128 1216 1070.00000 1048.07160  2.05%   178 4035s
  3701  4314 1051.19631  144 1201 1070.00000 1048.07160  2.05%   183 4109s
  4315  4855 1051.94080  175 1165 1070.00000 1048.07160  2.05%   190 4202s
  4856  4917 1052.43392  197 1138 1070.00000 1048.07160  2.05%   201 4279s
  4918  5017 1052.44932  198 1136 1070.00000 1048.07160  2.05%   202 4371s
  5018  5097 1052.55060  202 1140 1070.00000 1048.07160  2.05%   204 4451s
  5098  5113 1052.53948  202 1130 1070.00000 1048.07160  2.05%   206 4544s
  5114  5525 1052.57746  203 1138 1070.00000 1048.07160  2.05%   206 4663s
  5526  5541 1052.57370  203 1139 1070.00000 1048.07160  2.05%   213 4784s
  5542  5677 1052.61473  204 1143 1070.00000 1048.07160  2.05%   214 4909s
  5678  5693 1052.71409  208 1146 1070.00000 1048.07160  2.05%   216 4999s
  5694  5745 1052.72451  209 1139 1070.00000 1048.07160  2.05%   216 5135s
  5746  5789 1052.85762  214 1120 1070.00000 1048.07160  2.05%   217 5266s
  5790  5892 1052.89201  216 1124 1070.00000 1048.07160  2.05%   217 5371s
  5893  6006 1052.93338  217 1124 1070.00000 1048.07160  2.05%   219 5467s
  6007  6207 1053.05842  222 1121 1070.00000 1048.07160  2.05%   219 5562s
  6208  6223 1053.06010  222 1113 1070.00000 1048.07160  2.05%   222 5670s
  6224  6317 1053.08078  223 1120 1070.00000 1048.07160  2.05%   222 5776s
  6318  6759 1053.07568  223 1112 1070.00000 1048.07160  2.05%   223 5883s
  6760  7320 1053.57794  243 1100 1070.00000 1048.07160  2.05%   229 5984s
  7321  7702 1054.13228  268 1077 1070.00000 1048.07160  2.05%   236 6095s
  7703  8423 1054.13662  268 1078 1070.00000 1048.07160  2.05%   240 6209s
  8424  8824 1054.84945  297 1056 1070.00000 1048.07160  2.05%   248 6320s
  8825  8840 1055.18135  313 1051 1070.00000 1048.07160  2.05%   251 6450s
  8841  8883 1055.21008  313 1048 1070.00000 1048.07160  2.05%   251 6584s
  8884  9183 1055.23192  314 1044 1070.00000 1048.07160  2.05%   252 6711s
  9184  9480 1055.46767  323 1045 1070.00000 1048.07160  2.05%   254 6833s
  9481  9876 1055.75339  334 1044 1070.00000 1048.07160  2.05%   256 6956s
  9877 10323 1056.10624  348 1049 1070.00000 1048.07160  2.05%   259 7087s
 10325 10324 1053.63143  253 1436 1070.00000 1048.07160  2.05%   262 7280s
 10327 10325 1052.22274  188 1436 1070.00000 1048.07160  2.05%   262 7361s
 10328 10326 1051.17556  139 1436 1070.00000 1048.07160  2.05%   262 7368s
 10329 10327 1059.63993  537 1436 1070.00000 1048.09459  2.05%   262 7505s
 10330 10329 1048.09459   14 1434 1070.00000 1048.09459  2.05%   263 7511s
 10331 10331 1048.09459   15 1431 1070.00000 1048.09459  2.05%   263 7519s
 10333 10333 1048.09459   16 1429 1070.00000 1048.09459  2.05%   263 7527s
 10338 10340 1048.09459   17 1428 1070.00000 1048.09459  2.05%   263 7534s
 10346 10353 1048.09459   18 1427 1070.00000 1048.09459  2.05%   263 7542s
 10362 10420 1048.11384   19 1426 1070.00000 1048.09459  2.05%   262 7550s
 10434 10412 1048.14922   20 1423 1070.00000 1048.09459  2.05%   261 7561s
 10450 10422 1048.13416   20 1426 1070.00000 1048.09459  2.05%   260 7573s
 10466 10433 1048.19423   21 1421 1070.00000 1048.09459  2.05%   260 7586s
 10482 10444 1048.16191   21 1421 1070.00000 1048.09459  2.05%   260 7599s
 10498 10454 1048.22297   22 1417 1070.00000 1048.09459  2.05%   259 7613s
 10514 10465 1048.22367   22 1417 1070.00000 1048.09459  2.05%   259 7626s
 10530 10476 1048.24516   23 1417 1070.00000 1048.09459  2.05%   259 7641s
 10546 10486 1048.27022   23 1411 1070.00000 1048.09459  2.05%   258 7655s
 10562 10497 1048.25974   24 1417 1070.00000 1048.09459  2.05%   258 7668s
 10578 10508 1048.28039   24 1414 1070.00000 1048.09459  2.05%   258 7687s
 10594 10518 1048.30735   25 1408 1070.00000 1048.09459  2.05%   257 7701s
 10610 10529 1048.30566   25 1411 1070.00000 1048.09459  2.05%   257 7720s
 10626 10540 1048.32187   26 1405 1070.00000 1048.09459  2.05%   257 7744s
 10642 10550 1048.34941   26 1399 1070.00000 1048.09459  2.05%   257 7757s
 10658 10561 1048.37294   27 1392 1070.00000 1048.09459  2.05%   256 7782s
 10674 10572 1048.38428   27 1396 1070.00000 1048.09459  2.05%   256 7801s
 10690 10582 1048.40622   28 1394 1070.00000 1048.09459  2.05%   256 7815s
 10706 10593 1048.40634   28 1393 1070.00000 1048.09459  2.05%   256 7863s
 10722 10604 1048.44221   29 1385 1070.00000 1048.09459  2.05%   255 7897s
 10738 10614 1048.43608   29 1396 1070.00000 1048.09459  2.05%   255 7950s
 10754 10625 1048.45136   30 1393 1070.00000 1048.09459  2.05%   255 8000s
 10770 10640 1048.45768   30 1388 1070.00000 1048.09459  2.05%   255 8023s
 10790 10668 1048.48343   31 1386 1070.00000 1048.09459  2.05%   254 8063s
 10825 10708 1048.53032   33 1387 1070.00000 1048.09459  2.05%   254 8096s
 10877 10749 1048.59888   37 1378 1070.00000 1048.09459  2.05%   253 8114s
 10935 10816 1048.66468   40 1369 1070.00000 1048.09459  2.05%   253 8129s
 11021 10807 1048.73897   44 1360 1070.00000 1048.09459  2.05%   252 8143s
 11041 10930 1048.76551   45 1364 1070.00000 1048.09459  2.05%   251 8152s
 11171 10909 1048.84688   49 1349 1070.00000 1048.09459  2.05%   250 8163s
 11193 10975 1048.85516   49 1352 1070.00000 1048.09459  2.05%   250 8180s
 11266 10966 1048.92554   53 1348 1070.00000 1048.09459  2.05%   249 8196s
 11282 11022 1048.94678   54 1339 1070.00000 1048.09459  2.05%   249 8212s
 11343 11018 1048.94796   54 1336 1070.00000 1048.09459  2.05%   249 8227s
 11359 11052 1048.96900   55 1337 1070.00000 1048.09459  2.05%   249 8243s
 11399 11062 1048.96497   55 1344 1070.00000 1048.09459  2.05%   248 8263s
 11422 11070 1048.99572   56 1341 1070.00000 1048.09459  2.05%   248 8281s
 11438 11093 1048.98950   56 1335 1070.00000 1048.09459  2.05%   248 8299s
 11466 11119 1049.00245   57 1336 1070.00000 1048.09459  2.05%   248 8318s
 11501 11123 1049.00947   57 1334 1070.00000 1048.09459  2.05%   248 8338s
 11517 11168 1049.02736   58 1342 1070.00000 1048.09459  2.05%   247 8361s
 11567 11167 1049.02050   58 1338 1070.00000 1048.09459  2.05%   247 8383s
 11583 11178 1049.05896   59 1346 1070.00000 1048.09459  2.05%   247 8420s
 11599 11189 1049.04940   59 1336 1070.00000 1048.09459  2.05%   247 8440s
 11616 11228 1049.08010   60 1329 1070.00000 1048.09459  2.05%   247 8492s
 11660 11249 1049.05875   60 1335 1070.00000 1048.09459  2.05%   247 8515s
 11696 11269 1049.10325   61 1329 1070.00000 1048.09459  2.05%   246 8593s
 11728 11274 1049.09194   61 1335 1070.00000 1048.09459  2.05%   246 8620s
 11744 11285 1049.13835   62 1339 1070.00000 1048.09459  2.05%   246 8650s
 11760 11296 1049.12220   62 1332 1070.00000 1048.09459  2.05%   246 8682s
 11776 11306 1049.13422   63 1332 1070.00000 1048.09459  2.05%   246 8710s
 11792 11325 1049.16158   63 1326 1070.00000 1048.09459  2.05%   246 8789s
 11816 11333 1049.17804   64 1331 1070.00000 1048.09459  2.05%   246 8819s
 11832 11344 1049.17432   64 1328 1070.00000 1048.09459  2.05%   246 8851s
 11848 11354 1049.19694   65 1326 1070.00000 1048.09459  2.05%   246 8931s
 11864 11395 1049.22593   65 1327 1070.00000 1048.09459  2.05%   246 8966s
 11910 11396 1049.20609   66 1330 1070.00000 1048.09459  2.05%   245 8996s
 11926 11423 1049.21688   66 1325 1070.00000 1048.09459  2.05%   245 9019s
 11959 11447 1049.23213   67 1325 1070.00000 1048.09459  2.05%   245 9043s
 11994 11452 1049.22456   67 1331 1070.00000 1048.09459  2.05%   245 9088s
 12010 11489 1049.26115   68 1323 1070.00000 1048.09459  2.05%   245 9134s
 12053 11523 1049.26842   68 1325 1070.00000 1048.09459  2.05%   245 9172s
 12101 11523 1049.30416   69 1327 1070.00000 1048.09459  2.05%   244 9215s
 12117 11568 1049.28645   69 1317 1070.00000 1048.09459  2.05%   244 9254s
 12167 11567 1049.31967   70 1327 1070.00000 1048.09459  2.05%   244 9304s
 12183 11612 1049.32963   70 1329 1070.00000 1048.09459  2.05%   244 9346s
 12233 11652 1049.34014   71 1322 1070.00000 1048.09459  2.05%   244 9388s
 12290 11679 1049.36088   71 1317 1070.00000 1048.09459  2.05%   243 9442s
 12336 11680 1049.37476   72 1314 1070.00000 1048.09459  2.05%   243 9478s
 12352 11804 1049.37548   72 1312 1070.00000 1048.09459  2.05%   243 9535s
 12482 11928 1049.39622   73 1317 1070.00000 1048.09459  2.05%   243 9579s
 12649 11891 1049.60369   82 1291 1070.00000 1048.09459  2.05%   242 9630s
 12668 12040 1049.61683   83 1289 1070.00000 1048.09459  2.05%   242 9678s
 12823 12057 1049.62412   83 1286 1070.00000 1048.09459  2.05%   242 9718s
 12892 12114 1049.63790   84 1290 1070.00000 1048.09459  2.05%   242 9763s
 12972 12211 1049.64314   84 1291 1070.00000 1048.09459  2.05%   242 9817s
 13095 12211 1049.65881   85 1284 1070.00000 1048.09459  2.05%   242 9872s
 13136 12213 1049.72395   88 1285 1070.00000 1048.09459  2.05%   242 9926s
 13152 12364 1049.71433   88 1281 1070.00000 1048.09459  2.05%   242 9982s
 13308 12328 1049.74051   89 1287 1070.00000 1048.09459  2.05%   242 10036s
 13324 12401 1049.74544   89 1285 1070.00000 1048.09459  2.05%   242 10086s
 13403 12467 1049.88642   97 1278 1070.00000 1048.09459  2.05%   242 10174s
 13495 12463 1050.32217  117 1247 1070.00000 1048.09459  2.05%   242 10232s
 13522 12748 1050.38676  120 1252 1070.00000 1048.09459  2.05%   242 10311s
 13816 12821 1050.39859  120 1241 1070.00000 1048.09459  2.05%   242 10373s
 13987 12808 1050.42471  121 1246 1070.00000 1048.09459  2.05%   242 10430s
 14031 12967 1050.42980  122 1245 1070.00000 1048.09459  2.05%   242 10489s
 14204 13128 1050.67673  132 1224 1070.00000 1048.09459  2.05%   242 10555s
 14423 13206 1050.69590  132 1226 1070.00000 1048.09459  2.05%   243 10616s
 14574 13406 1050.69662  133 1218 1070.00000 1048.09459  2.05%   243 10684s
 14824 13436 1051.02459  146 1209 1070.00000 1048.09459  2.05%   243 10760s
 14938 13414 1051.04005  147 1205 1070.00000 1048.09459  2.05%   243 10834s
 14954 13571 1051.06447  147 1206 1070.00000 1048.09459  2.05%   243 10935s
 15116 13639 1051.08735  148 1206 1070.00000 1048.09459  2.05%   244 11007s
 15238 13665 1051.09150  148 1210 1070.00000 1048.09459  2.05%   244 11090s
 15305 14123 1051.11197  149 1209 1070.00000 1048.09459  2.05%   244 11163s
 15785 14084 1051.45227  163 1180 1070.00000 1048.09459  2.05%   245 11239s
 15906 14141 1051.64043  171 1170 1070.00000 1048.09459  2.05%   245 11318s
 16003 14666 1051.63569  172 1177 1070.00000 1048.09459  2.05%   246 11401s
 16561 14496 1052.15800  196 1149 1070.00000 1048.09459  2.05%   247 11489s
 16577 14564 1052.16181  196 1160 1070.00000 1048.09459  2.05%   247 11592s
 16650 14556 1052.40372  205 1134 1070.00000 1048.09459  2.05%   248 11684s
 16666 14676 1052.42320  206 1132 1070.00000 1048.09459  2.05%   248 11766s
 16792 14762 1052.65122  215 1129 1070.00000 1048.09459  2.05%   248 11859s
 16920 15126 1052.84518  219 1120 1070.00000 1048.09459  2.05%   248 11946s
 17326 15006 1053.24305  235 1115 1070.00000 1048.09459  2.05%   250 12045s
 17342 15017 1053.23443  235 1109 1070.00000 1048.09459  2.05%   250 12153s
 17358 15112 1053.25814  236 1122 1070.00000 1048.09459  2.05%   250 12285s
 17458 15224 1053.29875  236 1112 1070.00000 1048.09459  2.05%   250 12384s
 17604 15919 1053.44636  241 1102 1070.00000 1048.09459  2.05%   251 12491s
 18347 15743 1054.07699  265 1088 1070.00000 1048.09459  2.05%   253 12591s
 18419 15986 1054.12944  267 1080 1070.00000 1048.09459  2.05%   253 12692s
 18686 15913 1054.53290  283 1067 1070.00000 1048.09459  2.05%   254 12812s
 18702 16193 1054.54504  283 1056 1070.00000 1048.09459  2.05%   254 12930s
 18987 16114 1055.24345  308 1044 1070.00000 1048.09459  2.05%   255 13051s
 19003 16124 1055.25169  308 1038 1070.00000 1048.09459  2.05%   255 13187s
 19019 16619 1055.29269  309 1042 1070.00000 1048.09459  2.05%   255 13305s
 19519 16801 1055.51108  319 1052 1070.00000 1048.09459  2.05%   257 13426s
 19868 16821 1055.79781  330 1039 1070.00000 1048.09459  2.05%   258 13566s
 20004 17508 1056.24974  347 1025 1070.00000 1048.09459  2.05%   258 13693s
 20736 17800 1056.69058  365 1022 1070.00000 1048.09459  2.05%   261 13872s
 21272 17637 1057.37295  398  991 1070.00000 1048.09459  2.05%   262 14074s
 21288 17847 1057.40163  398  989 1070.00000 1048.09459  2.05%   262 14259s
 21503 18615 1057.51227  405  999 1070.00000 1048.09459  2.05%   262 14400s

Explored 22343 nodes (5915054 simplex iterations) in 14400.09 seconds (44714.55 work units)
Thread count was 32 (of 32 available processors)

Solution count 10: 1070 1071 1072 ... 1200

Time limit reached
Best objective 1.070000000000e+03, best bound 1.049000000000e+03, gap 1.9626%

User-callback calls 4104321, time in user-callback 13.76 sec
