
Gurobi 13.0.2 (linux64) logging started Mon Jul 20 11:05:21 2026

Set parameter LogFile to value "/tmp/sweep_20260716_013919_north-korea_alt550km_s100_i4_v10_gurobi.log"
Set parameter Method to value 1
Set parameter NodefileStart to value 4
Set parameter RINS to value 50
Gurobi Optimizer version 13.0.2 build v13.0.2rc1 (linux64 - "Debian GNU/Linux 13 (trixie)")

CPU model: Intel(R) Xeon(R) Platinum 8375C CPU @ 2.90GHz, instruction set [SSE2|AVX|AVX2|AVX512]
Thread count: 16 physical cores, 32 logical processors, using up to 32 threads

Non-default parameters:
TimeLimit  14400
MIPGap  0.001
Method  1
LPWarmStart  1
Heuristics  0.2
MIPFocus  1
NodefileStart  4
RINS  50
Symmetry  2
Cuts  2
CoverCuts  2
LogToConsole  0

Academic license 2812613 - for non-commercial use only - registered to no___@gatech.edu
Optimize a model with 1436 rows, 28720 columns and 474598 nonzeros (Min)
Model fingerprint: 0xe94acef8
Model has 28720 linear objective coefficients
Variable types: 0 continuous, 28720 integer (28720 binary)
Coefficient statistics:
  Matrix range     [1e+00, 1e+00]
  Objective range  [1e+00, 1e+00]
  Bounds range     [1e+00, 1e+00]
  RHS range        [2e+01, 2e+01]

Found heuristic solution: objective 3012.0000000
Presolve removed 0 rows and 9334 columns
Presolve time: 0.39s
Presolved: 1436 rows, 19386 columns, 343922 nonzeros
Variable types: 0 continuous, 19386 integer (16514 binary)

Root simplex log...

Iteration    Objective       Primal Inf.    Dual Inf.      Time
    7140    1.4462105e+03   1.561982e+03   0.000000e+00      5s
   10300    1.4545374e+03   3.978788e+02   0.000000e+00     10s
   11169    1.4554054e+03   0.000000e+00   0.000000e+00     12s

Root relaxation: objective 1.455405e+03, 11169 iterations, 11.65 seconds (25.15 work units)

    Nodes    |    Current Node    |     Objective Bounds      |     Work
 Expl Unexpl |  Obj  Depth IntInf | Incumbent    BestBd   Gap | It/Node Time

     0     0 1455.40541    0 1436 3012.00000 1455.40541  51.7%     -   12s
H    0     0                    1727.0000000 1455.40541  15.7%     -   12s
H    0     0                    1586.0000000 1455.40541  8.23%     -   13s
H    0     0                    1585.0000000 1455.40541  8.18%     -   15s
H    0     0                    1583.0000000 1455.40541  8.06%     -   16s
H    0     0                    1582.0000000 1455.40541  8.00%     -   16s
H    0     0                    1581.0000000 1455.40541  7.94%     -   17s
H    0     0                    1580.0000000 1455.40541  7.89%     -   17s
H    0     0                    1579.0000000 1455.40541  7.83%     -   20s
H    0     0                    1578.0000000 1455.40541  7.77%     -   20s
H    0     0                    1576.0000000 1455.40541  7.65%     -   20s
H    0     0                    1572.0000000 1455.40541  7.42%     -   20s
H    0     0                    1571.0000000 1455.40541  7.36%     -   33s
H    0     0                    1545.0000000 1455.40541  5.80%     -   33s
H    0     0                    1533.0000000 1455.40541  5.06%     -   33s
H    0     0                    1518.0000000 1455.40541  4.12%     -   33s
H    0     0                    1512.0000000 1455.40541  3.74%     -   33s
H    0     0                    1511.0000000 1455.40541  3.68%     -   33s
H    0     0                    1510.0000000 1455.40541  3.62%     -   33s
H    0     0                    1508.0000000 1455.40541  3.49%     -   33s
H    0     0                    1507.0000000 1455.40541  3.42%     -   33s
H    0     0                    1506.0000000 1455.40541  3.36%     -   33s
     0     0 1455.40541    0 1436 1506.00000 1455.40541  3.36%     -   46s
H    0     0                    1504.0000000 1455.40541  3.23%     -   83s
H    0     0                    1502.0000000 1455.40541  3.10%     -   84s
H    0     0                    1500.0000000 1455.40541  2.97%     -   87s
H    0     0                    1496.0000000 1455.40541  2.71%     -   87s
H    0     2                    1493.0000000 1455.40541  2.52%     -  132s
     0     2 1455.40541    0 1436 1493.00000 1455.40541  2.52%     -  132s
H    1     3                    1490.0000000 1455.44188  2.32%   0.0  168s
H    2     4                    1487.0000000 1455.44633  2.12%   1.0  225s
H    5     8                    1485.0000000 1455.46598  1.99%  1847  278s
H    9    16                    1484.0000000 1455.48561  1.92%  1029  342s
    17    32 1455.54573    5 1427 1484.00000 1455.51034  1.92%   550  356s
    31    32 1455.58234    5 1422 1484.00000 1455.54527  1.92%   310  361s
    33   131 1455.58075    6 1427 1484.00000 1455.54527  1.92%   292  395s
H   77   131                    1483.0000000 1455.54527  1.85%   143  395s
   132   256 1455.83998   13 1406 1483.00000 1455.54527  1.85%  98.6  418s
H  250   256                    1482.0000000 1455.54527  1.79%  87.3  418s
   257   272 1455.97853   19 1388 1482.00000 1455.54527  1.79%  87.6  441s
   273   288 1455.99034   20 1388 1482.00000 1455.54527  1.79%  87.7  469s
   289   304 1456.02859   21 1383 1482.00000 1455.54527  1.79%  87.9  501s
   305   320 1456.01535   21 1390 1482.00000 1455.54527  1.79%  88.3  527s
   321   336 1456.05427   22 1380 1482.00000 1455.54527  1.79%  89.9  577s
   337   352 1456.06048   22 1374 1482.00000 1455.54527  1.79%  91.0  623s
   353   368 1456.08897   23 1382 1482.00000 1455.54527  1.79%  92.5  654s
   369   384 1456.09650   23 1376 1482.00000 1455.54527  1.79%  94.2  694s
   385   400 1456.12171   24 1372 1482.00000 1455.54527  1.79%  95.3  729s
H  388   400                    1481.0000000 1455.54527  1.72%  95.4  729s
   401   448 1456.12998   24 1377 1481.00000 1455.54527  1.72%  97.1  758s
   449   464 1456.16465   26 1372 1481.00000 1455.54527  1.72%   101  784s
H  465   480                    1480.0000000 1455.54527  1.65%   102  810s
   481   800 1456.19160   27 1367 1480.00000 1455.54527  1.65%   104  851s
   801   816 1456.56699   40 1333 1480.00000 1455.54527  1.65%   138  869s
   817   832 1456.58789   41 1339 1480.00000 1455.54527  1.65%   140  890s
   833   848 1456.59358   41 1330 1480.00000 1455.54527  1.65%   141  919s
   849   864 1456.63170   42 1324 1480.00000 1455.54527  1.65%   141  942s
   865   880 1456.66011   43 1324 1480.00000 1455.54527  1.65%   142  968s
   881   896 1456.64798   43 1324 1480.00000 1455.54527  1.65%   142  994s
   897   912 1456.69533   44 1321 1480.00000 1455.54527  1.65%   144 1023s
   913   928 1456.68032   44 1322 1480.00000 1455.54527  1.65%   146 1045s
   929   960 1456.71754   45 1318 1480.00000 1455.54527  1.65%   147 1077s
   961   985 1456.75894   47 1320 1480.00000 1455.54527  1.65%   148 1102s
   986  1001 1456.79303   49 1313 1480.00000 1455.54527  1.65%   150 1133s
  1002  1018 1456.81631   50 1306 1480.00000 1455.54527  1.65%   151 1160s
  1019  1034 1456.83093   50 1316 1480.00000 1455.54527  1.65%   152 1188s
  1035  1086 1456.83968   51 1308 1480.00000 1455.54527  1.65%   153 1219s
  1087  1130 1456.86512   52 1301 1480.00000 1455.54527  1.65%   156 1256s
  1131  1165 1456.89303   53 1302 1480.00000 1455.54527  1.65%   159 1287s
  1166  1181 1456.95952   55 1309 1480.00000 1455.54527  1.65%   162 1321s
  1182  1197 1456.95076   55 1291 1480.00000 1455.54527  1.65%   163 1359s
  1198  1213 1456.96901   56 1293 1480.00000 1455.54527  1.65%   165 1391s
  1214  1229 1456.98298   56 1290 1480.00000 1455.54527  1.65%   165 1436s
  1230  1245 1457.01584   57 1295 1480.00000 1455.54527  1.65%   167 1474s
  1246  1261 1457.00795   57 1294 1480.00000 1455.54527  1.65%   168 1512s
  1262  1277 1457.02980   58 1291 1480.00000 1455.54527  1.65%   169 1544s
  1278  1293 1457.03741   58 1290 1480.00000 1455.54527  1.65%   170 1578s
  1294  1315 1457.06212   59 1288 1480.00000 1455.54527  1.65%   170 1621s
  1316  1331 1457.08413   60 1292 1480.00000 1455.54527  1.65%   172 1655s
  1332  1347 1457.08145   60 1288 1480.00000 1455.54527  1.65%   173 1704s
H 1337  1347                    1479.0000000 1455.54527  1.59%   173 1704s
  1348  1379 1457.11934   61 1288 1479.00000 1455.54527  1.59%   174 1745s
  1380  1395 1457.11196   61 1286 1479.00000 1455.54527  1.59%   176 1781s
  1396  1411 1457.13009   62 1281 1479.00000 1455.54527  1.59%   177 1818s
  1412  1427 1457.13439   62 1277 1479.00000 1455.54527  1.59%   178 1854s
  1428  1443 1457.16180   63 1280 1479.00000 1455.54527  1.59%   179 1894s
  1444  1459 1457.17455   64 1281 1479.00000 1455.54527  1.59%   180 1934s
  1460  1478 1457.20934   65 1281 1479.00000 1455.54527  1.59%   181 1974s
  1479  1494 1457.19971   65 1276 1479.00000 1455.54527  1.59%   182 2029s
  1495  1510 1457.22733   66 1272 1479.00000 1455.54527  1.59%   183 2075s
  1511  1526 1457.24162   67 1269 1479.00000 1455.54527  1.59%   184 2129s
  1527  1546 1457.27313   68 1269 1479.00000 1455.54527  1.59%   184 2173s
  1547  1562 1457.26025   68 1271 1479.00000 1455.54527  1.59%   185 2234s
  1563  1578 1457.29427   69 1264 1479.00000 1455.54527  1.59%   186 2280s
  1579  1633 1457.29255   69 1264 1479.00000 1455.54527  1.59%   187 2324s
  1634  1738 1457.32578   71 1259 1479.00000 1455.54527  1.59%   190 2387s
  1739  1787 1457.49985   80 1253 1479.00000 1455.54527  1.59%   195 2444s
  1788  1839 1457.51214   81 1252 1479.00000 1455.54527  1.59%   197 2493s
  1840  1861 1457.52786   82 1257 1479.00000 1455.54527  1.59%   200 2544s
  1862  1877 1457.60030   86 1240 1479.00000 1455.54527  1.59%   201 2598s
  1878  1895 1457.60315   86 1244 1479.00000 1455.54527  1.59%   202 2653s
  1896  1931 1457.62058   87 1247 1479.00000 1455.54527  1.59%   203 2722s
  1932  1947 1457.61939   87 1243 1479.00000 1455.54527  1.59%   205 2788s
  1948  1981 1457.63834   88 1241 1479.00000 1455.54527  1.59%   205 2840s
  1982  2069 1457.68490   90 1247 1479.00000 1455.54527  1.59%   207 2900s
  2070  2085 1457.69495   90 1242 1479.00000 1455.54527  1.59%   210 2953s
  2086  2213 1457.71066   91 1246 1479.00000 1455.54527  1.59%   211 3008s
  2214  2323 1457.72783   92 1244 1479.00000 1455.54527  1.59%   217 3075s
  2324  2339 1457.99489  109 1235 1479.00000 1455.54527  1.59%   220 3134s
  2340  2355 1458.00686  110 1225 1479.00000 1455.54527  1.59%   220 3203s
  2356  2373 1458.01638  110 1224 1479.00000 1455.54527  1.59%   222 3272s
  2374  2530 1458.02697  111 1227 1479.00000 1455.54527  1.59%   223 3344s
  2531  2717 1458.19673  119 1215 1479.00000 1455.54527  1.59%   229 3421s
  2718  2733 1458.45163  130 1203 1479.00000 1455.54527  1.59%   236 3490s
  2734  2749 1458.47491  131 1206 1479.00000 1455.54527  1.59%   237 3583s
  2750  2765 1458.49065  132 1203 1479.00000 1455.54527  1.59%   237 3660s
  2766  2781 1458.50381  133 1210 1479.00000 1455.54527  1.59%   237 3736s
  2782  2808 1458.52956  134 1207 1479.00000 1455.54527  1.59%   237 3815s
  2809  2824 1458.54127  135 1202 1479.00000 1455.54527  1.59%   238 3913s
  2825  2846 1458.56295  136 1204 1479.00000 1455.54527  1.59%   239 3995s
  2847  2901 1458.56198  136 1206 1479.00000 1455.54527  1.59%   239 4096s
  2902  2917 1458.63035  139 1209 1479.00000 1455.54527  1.59%   241 4176s
  2918  3257 1458.65933  139 1204 1479.00000 1455.54527  1.59%   242 4254s
  3258  3553 1458.83513  146 1196 1479.00000 1455.54527  1.59%   252 4338s
  3554  3569 1459.36094  173 1176 1479.00000 1455.54527  1.59%   256 4418s
  3570  3684 1459.38279  174 1174 1479.00000 1455.54527  1.59%   256 4500s
  3685  3700 1459.41410  175 1176 1479.00000 1455.54527  1.59%   259 4585s
  3701  3908 1459.43069  176 1167 1479.00000 1455.54527  1.59%   259 4666s
  3909  3924 1459.44758  177 1176 1479.00000 1455.54527  1.59%   264 4752s
  3925  3940 1459.45513  177 1171 1479.00000 1455.54527  1.59%   265 4847s
  3941  3956 1459.46594  178 1169 1479.00000 1455.54527  1.59%   265 4972s
  3957  3972 1459.47925  179 1180 1479.00000 1455.54527  1.59%   266 5078s
  3973  4072 1459.49622  180 1176 1479.00000 1455.54527  1.59%   266 5175s
  4073  4167 1459.60007  185 1159 1479.00000 1455.54527  1.59%   268 5267s
  4168  4183 1459.60566  185 1170 1479.00000 1455.54527  1.59%   271 5364s
  4184  4199 1459.61828  186 1168 1479.00000 1455.54527  1.59%   272 5473s
  4200  4215 1459.63733  187 1157 1479.00000 1455.54527  1.59%   272 5610s
  4216  4323 1459.63244  187 1156 1479.00000 1455.54527  1.59%   272 5757s
  4324  4677 1459.65552  188 1157 1479.00000 1455.54527  1.59%   275 5865s
  4678  4891 1459.89543  203 1151 1479.00000 1455.54527  1.59%   283 5964s
  4892  4995 1459.92327  204 1152 1479.00000 1455.54527  1.59%   285 6074s
  4996  5067 1459.98727  208 1151 1479.00000 1455.54527  1.59%   287 6184s
  5068  5083 1460.03891  211 1151 1479.00000 1455.54527  1.59%   288 6311s
  5084  5131 1460.04860  211 1155 1479.00000 1455.54527  1.59%   288 6457s
  5132  5341 1460.07277  212 1162 1479.00000 1455.54527  1.59%   289 6586s
  5342  5429 1460.06993  212 1156 1479.00000 1455.54527  1.59%   293 6702s
  5430  5637 1460.16555  218 1153 1479.00000 1455.54527  1.59%   294 6820s
  5638  5833 1460.28171  224 1146 1479.00000 1455.54527  1.59%   297 6951s
  5834  6096 1460.43439  233 1149 1479.00000 1455.54527  1.59%   300 7085s
  6097  6112 1460.64180  243 1137 1479.00000 1455.54527  1.59%   304 7236s
  6113  6143 1460.66664  244 1128 1479.00000 1455.54527  1.59%   304 7411s
  6144  6272 1460.67469  244 1129 1479.00000 1455.54527  1.59%   304 7560s
  6273  6744 1460.72641  248 1124 1479.00000 1455.54527  1.59%   304 7708s
H 6580  6744                    1478.0000000 1455.54527  1.52%   308 7708s
  6745  7308 1461.08129  265 1124 1478.00000 1455.54527  1.52%   309 7861s
  7309  8085 1461.35965  279 1117 1478.00000 1455.54527  1.52%   316 8016s
  8086  8723 1461.86973  307 1091 1478.00000 1455.54527  1.52%   324 8171s
  8724  8739 1462.24285  328 1090 1478.00000 1455.54527  1.52%   330 8392s
  8740  8885 1462.25460  329 1094 1478.00000 1455.54527  1.52%   330 8576s
  8886  9126 1462.40225  335 1092 1478.00000 1455.54527  1.52%   332 8750s
  9127  9842 1462.59499  344 1089 1478.00000 1455.54527  1.52%   334 8919s
  9843 10519 1463.47866  388 1056 1478.00000 1455.54527  1.52%   339 9094s
 10521 10520 1461.36045  276 1436 1478.00000 1455.54527  1.52%   343 9267s
 10523 10521 1459.70702  189 1436 1478.00000 1455.54527  1.52%   343 9366s
 10524 10522 1463.36484  381 1436 1478.00000 1455.54527  1.52%   343 9374s
 10525 10523 1457.93193  100 1436 1478.00000 1455.56757  1.52%   343 9504s
 10526 10525 1455.56757   15 1434 1478.00000 1455.56757  1.52%   344 9518s
 10527 10527 1455.56757   16 1433 1478.00000 1455.56757  1.52%   344 9527s
 10529 10529 1455.56757   17 1431 1478.00000 1455.56757  1.52%   344 9545s
 10534 10536 1455.56757   18 1430 1478.00000 1455.56757  1.52%   344 9560s
 10542 10549 1455.56757   19 1427 1478.00000 1455.56757  1.52%   343 9576s
 10558 10686 1455.58075   20 1427 1478.00000 1455.56757  1.52%   343 9588s
 10700 10654 1455.62733   21 1425 1478.00000 1455.56757  1.52%   339 9609s
 10716 10665 1455.61093   21 1423 1478.00000 1455.56757  1.52%   338 9635s
 10732 10676 1455.64115   22 1423 1478.00000 1455.56757  1.52%   338 9660s
 10748 10686 1455.63817   22 1422 1478.00000 1455.56757  1.52%   338 9684s
 10764 10697 1455.68801   23 1423 1478.00000 1455.56757  1.52%   337 9708s
 10780 10708 1455.67968   23 1422 1478.00000 1455.56757  1.52%   337 9734s
 10796 10718 1455.74119   24 1415 1478.00000 1455.56757  1.52%   337 9759s
 10812 10729 1455.71465   24 1420 1478.00000 1455.56757  1.52%   336 9793s
 10828 10740 1455.73636   25 1415 1478.00000 1455.56757  1.52%   336 9824s
 10844 10750 1455.77372   25 1415 1478.00000 1455.56757  1.52%   335 9847s
 10860 10761 1455.78399   26 1415 1478.00000 1455.56757  1.52%   335 9882s
 10876 10791 1455.77040   26 1411 1478.00000 1455.56757  1.52%   335 9918s
 10911 10814 1456.11388   36 1379 1478.00000 1455.56757  1.52%   334 9964s
 10946 10826 1456.39509   46 1344 1478.00000 1455.56757  1.52%   333 9998s
 10970 10834 1456.48055   49 1333 1478.00000 1455.56757  1.52%   333 10034s
 10986 10989 1456.46037   49 1341 1478.00000 1455.56757  1.52%   333 10061s
 11146 10952 1456.50090   50 1339 1478.00000 1455.56757  1.52%   330 10088s
 11162 10962 1456.50381   50 1333 1478.00000 1455.56757  1.52%   330 10115s
 11178 11008 1456.54951   51 1344 1478.00000 1455.56757  1.52%   330 10141s
 11229 11030 1456.52244   51 1334 1478.00000 1455.56757  1.52%   329 10164s
 11268 11071 1456.56163   52 1326 1478.00000 1455.56757  1.52%   329 10199s
 11322 11074 1456.55075   52 1333 1478.00000 1455.56757  1.52%   328 10236s
 11343 11111 1456.58678   53 1330 1478.00000 1455.56757  1.52%   328 10263s
 11387 11112 1456.59482   53 1332 1478.00000 1455.56757  1.52%   327 10288s
 11403 11123 1456.61890   54 1331 1478.00000 1455.56757  1.52%   327 10324s
 11419 11134 1456.61506   54 1331 1478.00000 1455.56757  1.52%   327 10362s
 11435 11189 1456.64168   55 1333 1478.00000 1455.56757  1.52%   327 10397s
 11496 11185 1456.86638   63 1321 1478.00000 1455.56757  1.52%   326 10435s
 11512 11278 1456.87235   63 1321 1478.00000 1455.56757  1.52%   326 10463s
 11610 11261 1456.88928   64 1312 1478.00000 1455.56757  1.52%   325 10491s
H11616 10732                    1477.0000000 1455.56757  1.45%   325 10491s
 11626 11049 1456.90253   64 1321 1477.00000 1455.56757  1.45%   325 10508s
 11946 10958 1457.09163   74 1298 1477.00000 1455.56757  1.45%   323 10527s
 11962 10969 1457.10373   75 1304 1477.00000 1455.56757  1.45%   323 10552s
 11978 10990 1457.11396   75 1311 1477.00000 1455.56757  1.45%   323 10580s
 12005 11072 1457.13287   76 1306 1477.00000 1455.56757  1.45%   323 10598s
 12096 11102 1457.19372   78 1300 1477.00000 1455.56757  1.45%   322 10619s
 12156 11098 1457.24409   80 1304 1477.00000 1455.56757  1.45%   322 10643s
 12172 11126 1457.24282   81 1296 1477.00000 1455.56757  1.45%   321 10668s
 12205 11198 1457.25739   81 1305 1477.00000 1455.56757  1.45%   321 10696s
 12288 11202 1457.28115   82 1298 1477.00000 1455.56757  1.45%   321 10725s
 12320 11213 1457.29756   82 1291 1477.00000 1455.56757  1.45%   321 10757s
 12342 11222 1457.31622   83 1301 1477.00000 1455.56757  1.45%   321 10785s
 12358 11233 1457.31441   83 1292 1477.00000 1455.56757  1.45%   321 10819s
 12374 11243 1457.33607   84 1290 1477.00000 1455.56757  1.45%   320 10851s
 12390 11273 1457.31841   84 1295 1477.00000 1455.56757  1.45%   320 10882s
 12425 11292 1457.35196   85 1297 1477.00000 1455.56757  1.45%   320 10907s
 12456 11308 1457.37128   85 1290 1477.00000 1455.56757  1.45%   320 10944s
 12482 11349 1457.38628   86 1289 1477.00000 1455.56757  1.45%   320 10973s
 12532 11349 1457.39173   86 1294 1477.00000 1455.56757  1.45%   320 11007s
 12548 11367 1457.40167   87 1285 1477.00000 1455.56757  1.45%   320 11031s
 12572 11386 1457.42419   87 1284 1477.00000 1455.56757  1.45%   320 11084s
 12599 11400 1457.45128   88 1286 1477.00000 1455.56757  1.45%   320 11113s
 12622 11455 1457.45842   89 1271 1477.00000 1455.56757  1.45%   320 11150s
 12684 11482 1457.47341   89 1290 1477.00000 1455.56757  1.45%   319 11182s
 12732 11482 1457.47387   90 1285 1477.00000 1455.56757  1.45%   319 11223s
 12748 11495 1457.48105   90 1283 1477.00000 1455.56757  1.45%   319 11260s
 12766 11524 1457.49087   91 1280 1477.00000 1455.56757  1.45%   319 11298s
 12801 11528 1457.49845   91 1284 1477.00000 1455.56757  1.45%   319 11353s
 12817 11619 1457.51054   92 1287 1477.00000 1455.56757  1.45%   319 11385s
 12913 11603 1457.51484   92 1273 1477.00000 1455.56757  1.45%   319 11429s
 12929 11625 1457.52984   93 1285 1477.00000 1455.56757  1.45%   319 11489s
 12957 11636 1457.53128   93 1281 1477.00000 1455.56757  1.45%   319 11535s
 12977 11657 1457.55602   94 1281 1477.00000 1455.56757  1.45%   319 11588s
 13005 11664 1457.54218   94 1273 1477.00000 1455.56757  1.45%   319 11633s
 13021 11698 1457.56710   95 1279 1477.00000 1455.56757  1.45%   319 11696s
 13060 11702 1457.63190   98 1264 1477.00000 1455.56757  1.45%   319 11748s
 13077 11772 1457.63639   98 1276 1477.00000 1455.56757  1.45%   319 11788s
 13153 11881 1457.64380   99 1269 1477.00000 1455.56757  1.45%   319 11871s
 13287 11912 1457.66107   99 1265 1477.00000 1455.56757  1.45%   319 11929s
 13363 11963 1457.66118  100 1269 1477.00000 1455.56757  1.45%   319 11986s
 13439 12030 1457.66639  100 1268 1477.00000 1455.56757  1.45%   319 12043s
 13532 12122 1457.67937  101 1267 1477.00000 1455.56757  1.45%   319 12098s
 13655 12213 1457.86946  110 1257 1477.00000 1455.56757  1.45%   319 12151s
 13787 12185 1457.90004  111 1258 1477.00000 1455.56757  1.45%   319 12201s
 13803 12424 1457.88822  111 1255 1477.00000 1455.56757  1.45%   319 12248s
 14047 12404 1457.91177  112 1255 1477.00000 1455.56757  1.45%   318 12299s
 14108 12399 1457.97418  114 1250 1477.00000 1455.56757  1.45%   318 12358s
 14124 12410 1457.97863  114 1254 1477.00000 1455.56757  1.45%   318 12413s
 14140 12547 1458.00287  115 1261 1477.00000 1455.56757  1.45%   318 12466s
 14282 12515 1458.10128  119 1249 1477.00000 1455.56757  1.45%   318 12524s
 14298 12528 1458.10588  120 1245 1477.00000 1455.56757  1.45%   318 12578s
 14316 12751 1458.12036  120 1238 1477.00000 1455.56757  1.45%   318 12651s
 14545 12721 1458.11659  121 1242 1477.00000 1455.56757  1.45%   318 12725s
 14591 12766 1458.12858  121 1247 1477.00000 1455.56757  1.45%   319 12784s
 14652 12777 1458.22068  126 1236 1477.00000 1455.56757  1.45%   319 12850s
 14683 12783 1458.25155  127 1229 1477.00000 1455.56757  1.45%   319 12924s
 14699 12800 1458.25278  127 1239 1477.00000 1455.56757  1.45%   319 12988s
 14722 12837 1458.28141  128 1231 1477.00000 1455.56757  1.45%   319 13091s
 14766 12895 1458.30184  129 1226 1477.00000 1455.56757  1.45%   319 13168s
 14839 13004 1458.31194  129 1229 1477.00000 1455.56757  1.45%   319 13230s
 14972 13363 1458.40921  134 1229 1477.00000 1455.56757  1.45%   319 13297s
 15376 13365 1458.63373  146 1208 1477.00000 1455.56757  1.45%   319 13377s
 15512 13420 1458.86255  158 1193 1477.00000 1455.56757  1.45%   319 13447s
 15613 13403 1458.88635  159 1185 1477.00000 1455.56757  1.45%   319 13536s
 15629 13476 1458.89953  159 1199 1477.00000 1455.56757  1.45%   319 13632s
 15708 13466 1458.89865  160 1183 1477.00000 1455.56757  1.45%   319 13729s
 15724 13530 1458.91272  160 1185 1477.00000 1455.56757  1.45%   319 13830s
 15793 13607 1458.93324  161 1187 1477.00000 1455.56757  1.45%   319 13926s
 15893 13589 1458.99686  165 1185 1477.00000 1455.56757  1.45%   319 14006s
 15909 13600 1459.00995  165 1183 1477.00000 1455.56757  1.45%   319 14096s
 15925 13611 1459.02751  166 1181 1477.00000 1455.56757  1.45%   320 14183s
 15941 13746 1459.02461  166 1188 1477.00000 1455.56757  1.45%   320 14275s
 16082 13832 1459.16225  171 1190 1477.00000 1455.56757  1.45%   320 14368s
 16215 13950 1459.37909  181 1167 1477.00000 1455.56757  1.45%   320 14400s

Explored 16377 nodes (5262219 simplex iterations) in 14400.11 seconds (46330.27 work units)
Thread count was 32 (of 32 available processors)

Solution count 10: 1477 1478 1479 ... 1487

Time limit reached
Best objective 1.477000000000e+03, best bound 1.456000000000e+03, gap 1.4218%

User-callback calls 3738813, time in user-callback 12.63 sec
