
Gurobi 13.0.2 (linux64) logging started Sun Jul 19 10:57:53 2026

Set parameter LogFile to value "/tmp/sweep_20260716_013919_north-korea_alt550km_s10_i4_v5_gurobi.log"
Set parameter Method to value 1
Set parameter NodefileStart to value 4
Set parameter RINS to value 50
Gurobi Optimizer version 13.0.2 build v13.0.2rc1 (linux64 - "Debian GNU/Linux 13 (trixie)")

CPU model: Intel(R) Xeon(R) Platinum 8375C CPU @ 2.90GHz, instruction set [SSE2|AVX|AVX2|AVX512]
Thread count: 16 physical cores, 32 logical processors, using up to 32 threads

Non-default parameters:
TimeLimit  14400
MIPGap  0.001
Method  1
LPWarmStart  1
Heuristics  0.2
MIPFocus  1
NodefileStart  4
RINS  50
Symmetry  2
Cuts  2
CoverCuts  2
LogToConsole  0

Academic license 2812613 - for non-commercial use only - registered to no___@gatech.edu
Optimize a model with 1436 rows, 7180 columns and 68210 nonzeros (Min)
Model fingerprint: 0x926576b1
Model has 7180 linear objective coefficients
Variable types: 0 continuous, 7180 integer (7180 binary)
Coefficient statistics:
  Matrix range     [1e+00, 1e+00]
  Objective range  [1e+00, 1e+00]
  Bounds range     [1e+00, 1e+00]
  RHS range        [3e+00, 3e+00]

Found heuristic solution: objective 568.0000000
Presolve time: 0.04s
Presolved: 1436 rows, 7180 columns, 68210 nonzeros
Variable types: 0 continuous, 7180 integer (7180 binary)

Root relaxation: objective 3.590000e+02, 14515 iterations, 2.35 seconds (3.80 work units)

    Nodes    |    Current Node    |     Objective Bounds      |     Work
 Expl Unexpl |  Obj  Depth IntInf | Incumbent    BestBd   Gap | It/Node Time

     0     0  359.00000    0  718  568.00000  359.00000  36.8%     -    2s
H    0     0                     479.0000000  359.00000  25.1%     -    2s
H    0     0                     422.0000000  359.00000  14.9%     -    2s
H    0     0                     420.0000000  359.00000  14.5%     -    2s
H    0     0                     419.0000000  359.00000  14.3%     -    2s
H    0     0                     417.0000000  359.00000  13.9%     -    2s
H    0     0                     404.0000000  359.00000  11.1%     -    2s
H    0     0                     403.0000000  359.00000  10.9%     -    2s
H    0     0                     401.0000000  359.00000  10.5%     -    2s
H    0     0                     400.0000000  359.00000  10.2%     -    2s
H    0     0                     393.0000000  359.00000  8.65%     -    2s
H    0     0                     392.0000000  359.00000  8.42%     -    2s
H    0     0                     391.0000000  359.00000  8.18%     -    2s
H    0     0                     390.0000000  359.00000  7.95%     -    2s
H    0     0                     389.0000000  359.00000  7.71%     -    2s
H    0     0                     387.0000000  359.00000  7.24%     -    2s
H    0     0                     386.0000000  359.00000  6.99%     -    3s
H    0     0                     385.0000000  359.00000  6.75%     -    3s
H    0     0                     384.0000000  359.00000  6.51%     -    3s
H    0     0                     383.0000000  359.00000  6.27%     -    3s
     0     0  359.00000    0  719  383.00000  359.00000  6.27%     -    5s
H    0     0                     382.0000000  359.00000  6.02%     -   15s
H    0     0                     381.0000000  359.00000  5.77%     -   15s
H    0     0                     380.0000000  359.00000  5.53%     -   16s
H    0     0                     379.0000000  359.00000  5.28%     -   16s
H    0     0                     378.0000000  359.00000  5.03%     -   16s
     0     0  359.00000    0  719  378.00000  359.00000  5.03%     -   17s
H    0     0                     377.0000000  359.00000  4.77%     -   19s
     0     0  359.00000    0  719  377.00000  359.00000  4.77%     -   19s
     0     0  359.00000    0  717  377.00000  359.00000  4.77%     -   19s
H    0     0                     376.0000000  359.00000  4.52%     -   39s
H    0     0                     375.0000000  359.00000  4.27%     -   39s
H    0     0                     374.0000000  359.00000  4.01%     -   40s
H    0     0                     373.0000000  359.00000  3.75%     -   40s
     0     2  359.00000    0  716  373.00000  359.00000  3.75%     -   41s
     7    12  359.00000    3  718  373.00000  359.00000  3.75%  1241   45s
    25    40  359.00000    5  718  373.00000  359.00000  3.75%  1417   53s
    41    56  359.00000    6  718  373.00000  359.00000  3.75%  5526   55s
   105   120  359.00000    8  718  373.00000  359.00000  3.75%  2204   61s
   137   222  359.00000   10  718  373.00000  359.00000  3.75%  1708   65s
   223   616  359.00000   10  718  373.00000  359.00000  3.75%  1074   70s
H  616   616                     372.0000000  359.00000  3.49%   451   70s
   617  1160  359.00000   27  718  372.00000  359.00000  3.49%   451   81s
H 1126  1160                     371.0000000  359.00000  3.23%   308   81s
  1161  1800  359.00000   46  718  371.00000  359.00000  3.23%   301   97s
H 1520  1800                     370.0000000  359.00000  2.97%   266   97s
  1801  2600  359.00000   70  716  370.00000  359.00000  2.97%   259  114s
H 1951  2600                     369.0000000  359.00000  2.71%   269  114s
  2601  3416  359.25735   99  697  369.00000  359.00000  2.71%   295  131s
  3451  4177  359.28593  128  697  369.00000  359.00000  2.71%   275  149s
  4238  4330  360.30684  160  684  369.00000  359.00000  2.71%   298  165s
H 4286  4240                     368.0000000  359.00000  2.45%   299  165s
  4391  4259  360.57606  169  679  368.00000  359.00000  2.45%   306  182s
  4410  4965  360.60554  170  676  368.00000  359.00000  2.45%   307  201s
H 4706  4863                     367.0000000  359.00000  2.18%   306  201s
  5116  5796  363.64057  231  618  367.00000  359.00000  2.18%   318  219s
  6099  6121  359.03873   90  716  367.00000  359.00000  2.18%   324  236s
  6471  6631  359.03965   91  717  367.00000  359.00000  2.18%   322  255s
H 6647  6410                     366.0000000  359.00000  1.91%   323  255s
  7041  6812  359.83938  121  693  366.00000  359.00000  1.91%   323  274s
  7519  7366  360.03400  131  688  366.00000  359.00000  1.91%   319  293s
  8082  7367  364.47499  227  717  366.00000  359.00000  1.91%   320  314s
  8084  7368  359.57081  112  718  366.00000  359.00000  1.91%   320  328s
  8086  7370  359.24374  126  718  366.00000  359.00000  1.91%   320  351s
  8099  7389  359.00000   13  718  366.00000  359.00000  1.91%   322  355s
  8127  7428  359.00000   15  718  366.00000  359.00000  1.91%   337  360s
  8191  7455  359.00000   17  718  366.00000  359.00000  1.91%   335  365s
  8223  7486  359.00000   18  718  366.00000  359.00000  1.91%   334  370s
  8249  7494  359.00000   18  718  366.00000  359.00000  1.91%   333  376s
  8266  7505  359.00000   19  718  366.00000  359.00000  1.91%   333  381s
  8282  7515  359.00000   19  718  366.00000  359.00000  1.91%   332  386s
  8298  7526  359.00000   20  718  366.00000  359.00000  1.91%   332  394s
  8314  7854  359.00000   20  718  366.00000  359.00000  1.91%   331  401s
  8647  7807  359.00000   33  718  366.00000  359.00000  1.91%   322  413s
  8711  8425  359.00000   35  718  366.00000  359.00000  1.91%   320  429s
  9351  9033  359.00000   55  717  366.00000  359.00000  1.91%   306  452s
 10190  8983  359.00000   80  715  366.00000  359.00000  1.91%   297  475s
 10466  9647  359.00000   85  715  366.00000  359.00000  1.91%   296  501s
 11306 10142  359.17440  103  706  366.00000  359.00000  1.91%   287  526s
 12081 10546  359.57230  118  704  366.00000  359.00000  1.91%   287  551s
 12767 10718  360.19780  128  694  366.00000  359.00000  1.91%   291  579s
 13168 11406  360.72846  140  666  366.00000  359.00000  1.91%   294  606s
 13989 11835  362.41023  181  647  366.00000  359.00000  1.91%   299  636s
 14700 12139  363.67978  212  638  366.00000  359.00000  1.91%   302  663s
 15305 13008     cutoff  238       366.00000  359.00000  1.91%   300  694s
H15730 12230                     365.0000000  359.00000  1.64%   296  694s
 16428 13068  359.00000  121  717  365.00000  359.00000  1.64%   295  720s
 17696 12751  360.74088  194  685  365.00000  359.00000  1.64%   289  746s
 17806 13318  360.95572  199  685  365.00000  359.00000  1.64%   289  772s
 18554 13900  359.00000   41  718  365.00000  359.00000  1.64%   287  801s
H19410 12661                     364.0000000  359.00000  1.37%   283  801s
 19547 13328  359.00000   88  718  364.00000  359.00000  1.37%   281  827s
 20592 13191  359.00000  142  718  364.00000  359.00000  1.37%   274  858s
H20621 11917                     363.0000000  359.00000  1.10%   274  858s
 20833 14897  359.00000  151  718  363.00000  359.00000  1.10%   274  948s
 24412 14266  361.80321  162  678  363.00000  359.00000  1.10%   277  972s
 25059 14683  359.00000   46  718  363.00000  359.00000  1.10%   276  996s
 25710 15213  359.00000   64  718  363.00000  359.00000  1.10%   275 1019s
 26684 15260  359.00000   79  717  363.00000  359.00000  1.10%   273 1043s
 27148 15451  359.00000   84  717  363.00000  359.00000  1.10%   271 1066s
 27475 15988  359.00000  106  715  363.00000  359.00000  1.10%   270 1094s
 28120 16398  359.00000  112  717  363.00000  359.00000  1.10%   269 1120s
 28544 16680  359.00000  122  715  363.00000  359.00000  1.10%   269 1149s
 28826 17319  359.00000  125  715  363.00000  359.00000  1.10%   268 1179s
 29538 17918  359.72004  144  697  363.00000  359.00000  1.10%   269 1211s
 30273 18695  360.01930  150  692  363.00000  359.00000  1.10%   269 1242s
 31184 19243  360.81585  172  673  363.00000  359.00000  1.10%   270 1277s
 31784 19595  361.89534  189  660  363.00000  359.00000  1.10%   271 1312s
 32222 19705  359.00000   64  718  363.00000  359.00000  1.10%   272 1349s
 32403 20123  359.00000   65  718  363.00000  359.00000  1.10%   272 1388s
 32998 20176  359.27024  111  705  363.00000  359.00000  1.10%   271 1431s
 33075 20747  359.52151  116  698  363.00000  359.00000  1.10%   272 1474s
 33787 21299  360.72489  142  664  363.00000  359.00000  1.10%   273 1516s
 34494 21359  359.00000   25  718  363.00000  359.00000  1.10%   273 1561s
 34586 21879  359.00000   26  718  363.00000  359.00000  1.10%   274 1606s
 35189 22320  359.00000   41  718  363.00000  359.00000  1.10%   273 1653s
 35678 22778  359.00000   78  718  363.00000  359.00000  1.10%   273 1705s
 36197 23251  359.90333  130  690  363.00000  359.00000  1.10%   276 1758s
 36783 23734  361.01606  155  668  363.00000  359.00000  1.10%   276 1818s
 37421 24650  359.00000   47  717  363.00000  359.00000  1.10%   277 1876s
 38570 26579  359.07550   92  710  363.00000  359.00000  1.10%   277 1934s
 40906 28240  359.00000   78  718  363.00000  359.00000  1.10%   274 1989s
 43026 30163  359.19519  123  708  363.00000  359.00000  1.10%   277 2050s
 45307 31931  359.06375  100  714  363.00000  359.00000  1.10%   276 2089s
 47578 31945  359.02853  107  712  363.00000  359.00000  1.10%   279 2136s
 47596 32402  359.08860  108  705  363.00000  359.00000  1.10%   279 2174s
 48146 33035  359.09646  113  706  363.00000  359.00000  1.10%   279 2215s
 49066 34202  359.70225  144  701  363.00000  359.00000  1.10%   282 2258s
 50371 35496  359.01853  107  715  363.00000  359.00000  1.10%   288 2302s
 51722 35520  359.82745  137  700  363.00000  359.00000  1.10%   292 2353s
 51748 36054  359.83369  138  700  363.00000  359.00000  1.10%   292 2399s
 52523 37122  359.83899  139  700  363.00000  359.00000  1.10%   293 2449s
 53856 38387     cutoff  181       363.00000  359.00000  1.10%   295 2503s
 55640 39547  359.78357  124  701  363.00000  359.00000  1.10%   297 2553s
 57095 40785  360.52491  139  679  363.00000  359.00000  1.10%   298 2603s
 58661 41709  360.22539  142  687  363.00000  359.00000  1.10%   299 2653s
 60026 43584  359.90742  132  694  363.00000  359.00000  1.10%   299 2703s
 62475 44462  361.65696  181  664  363.00000  359.00000  1.10%   300 2759s
 63615 45023  359.02254  108  713  363.00000  359.00000  1.10%   301 2826s
 64360 49612  359.22308  118  711  363.00000  359.00000  1.10%   302 2961s
 69608 51571  359.08655  101  708  363.00000  359.00000  1.10%   305 3009s
 72205 52844  361.98281  173  657  363.00000  359.00000  1.10%   307 3052s
 73957 52857  360.07008  137  697  363.00000  359.00000  1.10%   308 3106s
 73976 53172  360.07589  138  695  363.00000  359.00000  1.10%   308 3154s
 74419 54177  359.19582  111  702  363.00000  359.00000  1.10%   309 3200s
 75780 55429  359.79821  134  705  363.00000  359.00000  1.10%   310 3245s
 77549 56489  360.74049  132  684  363.00000  359.00000  1.10%   312 3290s
 78995 57662  359.00000   96  673  363.00000  359.00000  1.10%   312 3336s
 80538 58674  359.00000   95  663  363.00000  359.00000  1.10%   313 3383s
 81621 58690  359.12944  115  709  363.00000  359.00000  1.10%   314 3444s
 81637 59503  359.12997  116  708  363.00000  359.00000  1.10%   314 3493s
 82472 60818  359.13307  117  709  363.00000  359.00000  1.10%   314 3547s
 84104 62603  359.24901  122  704  363.00000  359.00000  1.10%   314 3610s
 86448 63341  361.95352  189  660  363.00000  359.00000  1.10%   315 3657s
 87479 63729  361.03483  163  688  363.00000  359.00000  1.10%   315 3708s
 88034 63773  359.41128  116  708  363.00000  359.00000  1.10%   316 3785s
 88084 65080  359.42430  117  708  363.00000  359.00000  1.10%   316 3846s
 89841 66122  359.43808  127  707  363.00000  359.00000  1.10%   316 3904s
 91219 67999  359.39388  112  702  363.00000  359.00000  1.10%   317 3963s
 93793 69423  360.64984  149  683  363.00000  359.00000  1.10%   318 4017s
 95419 69436  359.69027  152  707  363.00000  359.00000  1.10%   319 4085s
 95438 69887  359.73570  153  708  363.00000  359.00000  1.10%   319 4167s
 95944 70156  359.79310  154  707  363.00000  359.00000  1.10%   319 4223s
 96277 71223  359.80941  155  707  363.00000  359.00000  1.10%   319 4283s
 97694 72736  359.00077   97  705  363.00000  359.00000  1.10%   320 4343s
 99627 72777     cutoff  192       363.00000  359.00000  1.10%   321 4415s
 99674 74015  361.97708  190  649  363.00000  359.00000  1.10%   321 4477s
 101408 75233  359.90602  117  689  363.00000  359.00000  1.10%   321 4536s
 102949 76875  359.20655  116  706  363.00000  359.00000  1.10%   323 4595s
 104767 79108  360.11202  150  689  363.00000  359.00000  1.10%   325 4660s
 107637 79121  360.39493  159  676  363.00000  359.00000  1.10%   326 4713s
 107656 79696  360.41669  160  676  363.00000  359.00000  1.10%   326 4757s
 108315 81083  359.92113  137  686  363.00000  359.00000  1.10%   326 4800s
 110175 82320  359.37482  122  704  363.00000  359.00000  1.10%   326 4842s
 111613 83739  361.83582  198  690  363.00000  359.00000  1.10%   326 4885s
 113336 85113  359.68105  124  696  363.00000  359.00000  1.10%   327 4927s
 114766 86662  360.79464  146  680  363.00000  359.00000  1.10%   329 4971s
 116691 86678  359.00000   95  669  363.00000  359.00000  1.10%   329 5027s
 116707 87122  359.00000   96  668  363.00000  359.00000  1.10%   329 5070s
 117151 88487  359.01024   97  708  363.00000  359.00000  1.10%   329 5118s
 118693 89634  359.98864  133  689  363.00000  359.00000  1.10%   329 5163s
 120103 91492  360.69406  154  681  363.00000  359.00000  1.10%   330 5208s
 122197 92633  360.62484  168  690  363.00000  359.00000  1.10%   330 5253s
 123668 93940  360.47354  163  690  363.00000  359.00000  1.10%   330 5297s
 125408 96303  359.00000  103  675  363.00000  359.00000  1.10%   330 5359s
 127955 96319  360.85349  150  685  363.00000  359.00000  1.10%   332 5411s
 127971 96335  360.87480  151  682  363.00000  359.00000  1.10%   332 5468s
 127987 97191  360.88554  152  683  363.00000  359.00000  1.10%   332 5509s
 129021 98716  360.86986  152  693  363.00000  359.00000  1.10%   333 5557s
 131012 100223  360.88766  144  687  363.00000  359.00000  1.10%   333 5601s
 133041 101386     cutoff  185       363.00000  359.00000  1.10%   334 5644s
 134627 101399  359.04821   94  712  363.00000  359.00000  1.10%   334 5700s
 134646 101571  359.05215   95  713  363.00000  359.00000  1.10%   334 5744s
 134907 102938  359.11065   96  712  363.00000  359.00000  1.10%   334 5789s
 136643 104034  360.12246  125  688  363.00000  359.00000  1.10%   336 5832s
 138023 105427  360.85193  139  670  363.00000  359.00000  1.10%   337 5875s
 139951 107027  360.16060  136  691  363.00000  359.00000  1.10%   337 5918s
 142154 108619  359.00533  119  715  363.00000  359.00000  1.10%   338 5960s
 144177 108635  361.03823  185  683  363.00000  359.00000  1.10%   338 6012s
 144193 108806  361.10586  186  682  363.00000  359.00000  1.10%   338 6053s
 144462 109615  359.00880  109  715  363.00000  359.00000  1.10%   338 6095s
 145503 111237  361.37974  183  680  363.00000  359.00000  1.10%   338 6139s
 147674 113157  359.31647  136  706  363.00000  359.00000  1.10%   338 6201s
 150343 113803  360.88544  169  674  363.00000  359.00000  1.10%   339 6240s
 151325 114735  359.00000  101  676  363.00000  359.00000  1.10%   339 6285s
 152460 114751  360.44494  177  698  363.00000  359.00000  1.10%   339 6347s
 152476 115463  360.46988  178  698  363.00000  359.00000  1.10%   339 6397s
 153440 116689  359.16870  109  700  363.00000  359.00000  1.10%   340 6449s
 155181 116938  359.16667  103  711  363.00000  359.00000  1.10%   340 6502s
 155480 118654  359.17712  107  711  363.00000  359.00000  1.10%   341 6556s
 157220 118700  359.46459  121  704  363.00000  359.00000  1.10%   342 6619s
 157266 119290  359.71920  125  702  363.00000  359.00000  1.10%   342 6681s
 157958 120589  359.86499  130  700  363.00000  359.00000  1.10%   342 6739s
 159719 122371  360.67099  146  691  363.00000  359.00000  1.10%   342 6795s
 162128 123405  360.35275  149  687  363.00000  359.00000  1.10%   343 6851s
 163415 123421  359.00743  105  710  363.00000  359.00000  1.10%   343 6924s
 163431 124505  359.00998  106  710  363.00000  359.00000  1.10%   343 6979s
 164756 125115  361.33252  176  675  363.00000  359.00000  1.10%   344 7038s
 165606 126773  361.36160  177  672  363.00000  359.00000  1.10%   344 7095s
 167710 128704  359.50127  132  708  363.00000  359.00000  1.10%   345 7150s
 169749 130744  361.04036  164  681  363.00000  359.00000  1.10%   346 7212s
 172490 130757  361.21237  159  676  363.00000  359.00000  1.10%   347 7269s
 172509 131028  361.23602  160  672  363.00000  359.00000  1.10%   347 7310s
 172850 132116  361.30448  161  675  363.00000  359.00000  1.10%   347 7355s
 174103 134221  359.29309  107  711  363.00000  359.00000  1.10%   348 7404s
 176610 135631  361.05495  155  670  363.00000  359.00000  1.10%   348 7445s
 178640 136542  360.82778  141  674  363.00000  359.00000  1.10%   348 7485s
 179897 136557  359.04167  110  717  363.00000  359.00000  1.10%   348 7541s
 179914 136891  359.05556  111  716  363.00000  359.00000  1.10%   348 7589s
 180313 138094  359.05556  112  714  363.00000  359.00000  1.10%   348 7632s
 181891 139131  359.00841  116  716  363.00000  359.00000  1.10%   349 7675s
 182944 140175  359.02043  121  716  363.00000  359.00000  1.10%   350 7721s
 184173 141612  359.69941  145  698  363.00000  359.00000  1.10%   350 7768s
 186054 143182  360.60902  169  682  363.00000  359.00000  1.10%   350 7812s
 188182 143198  359.00383  107  714  363.00000  359.00000  1.10%   350 7869s
 188198 143398  359.00265  107  716  363.00000  359.00000  1.10%   350 7923s
 188398 144571  359.20545  124  713  363.00000  359.00000  1.10%   351 7968s
 189752 146381  361.13851  176  664  363.00000  359.00000  1.10%   351 8014s
 192170 148296  361.68088  185  655  363.00000  359.00000  1.10%   351 8076s
 194769 149591  359.00035   97  711  363.00000  359.00000  1.10%   351 8115s
 196493 149607  361.90242  179  664  363.00000  359.00000  1.10%   352 8169s
 196509 149829  361.93221  180  662  363.00000  359.00000  1.10%   352 8211s
 196829 150911  359.46200  127  703  363.00000  359.00000  1.10%   352 8254s
 198444 152103  359.07704  117  711  363.00000  359.00000  1.10%   352 8297s
 199929 153284  359.00205  109  715  363.00000  359.00000  1.10%   352 8342s
 201316 154783  359.00883  104  713  363.00000  359.00000  1.10%   352 8386s
 203202 156469  360.19002  136  698  363.00000  359.00000  1.10%   353 8430s
 205362 156483  361.63990  164  673  363.00000  359.00000  1.10%   353 8489s
 205380 156558  361.61993  163  673  363.00000  359.00000  1.10%   353 8541s
 205455 157105  361.69744  164  675  363.00000  359.00000  1.10%   353 8585s
 206289 158369  359.00066   96  711  363.00000  359.00000  1.10%   353 8630s
 207833 159747  359.58969  129  701  363.00000  359.00000  1.10%   353 8675s
 209731 161038  361.98482  192  667  363.00000  359.00000  1.10%   353 8718s
 211473 162345  359.03053  124  715  363.00000  359.00000  1.10%   354 8761s
 212856 162366  359.47927  149  707  363.00000  359.00000  1.10%   354 8832s
 212877 175443  359.63487  151  703  363.00000  359.00000  1.10%   354 9298s
 228877 175456  360.18847  135  698  363.00000  359.00000  1.10%   357 9355s
 228895 175693  360.24619  136  694  363.00000  359.00000  1.10%   357 9410s
 229219 176004  360.62604  142  688  363.00000  359.00000  1.10%   357 9470s
 229534 176618  361.59387  166  672  363.00000  359.00000  1.10%   357 9521s
 230438 177007  360.18422  140  686  363.00000  359.00000  1.10%   357 9573s
 230910 178233  360.84267  153  661  363.00000  359.00000  1.10%   357 9632s
 232573 179633  359.33966  138  703  363.00000  359.00000  1.10%   357 9687s
 234039 179649  361.24260  177  667  363.00000  359.00000  1.10%   358 9767s
 234055 192257  361.29023  178  668  363.00000  359.00000  1.10%   358 10321s
 250055 192273  360.97718  160  670  363.00000  359.00000  1.10%   360 10390s
 250071 192880  361.02692  161  671  363.00000  359.00000  1.10%   360 10442s
 250738 194526  361.87755  181  644  363.00000  359.00000  1.10%   360 10497s
 252651 196498  359.97598  139  694  363.00000  359.00000  1.10%   360 10549s
 255112 196513  359.50000  124  655  363.00000  359.00000  1.10%   361 10628s
 255129 209004  359.50000  124  653  363.00000  359.00000  1.10%   361 11033s
 271129 209018  359.61631  129  708  363.00000  359.00000  1.10%   362 11080s
 271147 209129  359.67186  130  707  363.00000  359.00000  1.10%   362 11131s
 271326 210123  359.71465  131  707  363.00000  359.00000  1.10%   362 11175s
 272554 211396  361.88668  193  673  363.00000  359.00000  1.10%   362 11218s
 274293 211408     cutoff  169       363.00000  359.00000  1.10%   362 11272s
 274313 211823     cutoff  168       363.00000  359.00000  1.10%   362 11315s
 274927 212217  359.44669  133  706  363.00000  359.00000  1.10%   362 11361s
 275415 213745  360.03503  157  702  363.00000  359.00000  1.10%   362 11407s
 277271 215943  359.79423  138  690  363.00000  359.00000  1.10%   362 11469s
 279942 216897  360.48400  149  690  363.00000  359.00000  1.10%   362 11506s
 281302 216913  359.09129  102  709  363.00000  359.00000  1.10%   362 11562s
 281318 217209  359.10622  103  709  363.00000  359.00000  1.10%   362 11604s
 281647 217994  360.50493  136  682  363.00000  359.00000  1.10%   362 11649s
 282702 219546  359.00089  100  712  363.00000  359.00000  1.10%   362 11698s
 284910 221016  359.76990  134  696  363.00000  359.00000  1.10%   363 11743s
 286665 222597  359.38333  115  705  363.00000  359.00000  1.10%   363 11788s
 288579 223928  359.91130  134  693  363.00000  359.00000  1.10%   363 11830s
 290571 223942  359.31104  116  701  363.00000  359.00000  1.10%   363 11887s
 290589 224156  359.31833  117  703  363.00000  359.00000  1.10%   363 11932s
 290873 225329  361.52271  179  665  363.00000  359.00000  1.10%   363 11976s
 292334 226261  361.99544  170  655  363.00000  359.00000  1.10%   363 12022s
 293576 227670  359.84762  140  697  363.00000  359.00000  1.10%   363 12066s
 295494 228673  359.09200  108  709  363.00000  359.00000  1.10%   363 12110s
 296904 228689  359.34686  118  706  363.00000  359.00000  1.10%   363 12166s
 296920 229299  359.36615  119  708  363.00000  359.00000  1.10%   363 12214s
 297825 230425  360.22779  150  684  363.00000  359.00000  1.10%   363 12277s
 299292 232467  359.20354  109  702  363.00000  359.00000  1.10%   363 12343s
 302066 234054  361.03371  173  693  363.00000  359.00000  1.10%   363 12390s
 304292 234068  359.02747  105  710  363.00000  359.00000  1.10%   363 12445s
 304310 234592  359.04545  106  709  363.00000  359.00000  1.10%   363 12490s
 305005 234602  359.15066  107  706  363.00000  359.00000  1.10%   363 12537s
 305029 235747  359.19444  108  708  363.00000  359.00000  1.10%   363 12584s
 306589 237064  361.53977  180  661  363.00000  359.00000  1.10%   363 12631s
 308317 238602  361.91134  185  657  363.00000  359.00000  1.10%   363 12677s
 310398 238674  360.44244  153  688  363.00000  359.00000  1.10%   363 12742s
 310506 239313  360.53298  157  694  363.00000  359.00000  1.10%   363 12790s
 311317 240865  359.28657  111  701  363.00000  359.00000  1.10%   363 12847s
 313151 242757  361.91309  176  663  363.00000  359.00000  1.10%   363 12894s
 315729 243208  359.00392  105  714  363.00000  359.00000  1.10%   363 12938s
 316272 244780  359.10283  116  706  363.00000  359.00000  1.10%   363 12983s
 318202 246056  360.71847  155  683  363.00000  359.00000  1.10%   363 13027s
 320011 246132  359.04212  110  714  363.00000  359.00000  1.10%   363 13105s
 320119 258767  359.06411  111  716  363.00000  359.00000  1.10%   363 13546s
 336119 258782  361.97692  201  677  363.00000  359.00000  1.10%   365 13593s
 336136 259128  361.98047  202  676  363.00000  359.00000  1.10%   365 13649s
 336604 259532  359.42308  120  702  363.00000  359.00000  1.10%   365 13710s
 337176 259801  359.44579  121  701  363.00000  359.00000  1.10%   365 13762s
 337564 260963  359.49173  122  698  363.00000  359.00000  1.10%   365 13812s
 339236 262415  359.19548  121  705  363.00000  359.00000  1.10%   365 13861s
 341274 264200  359.78250  131  695  363.00000  359.00000  1.10%   365 13921s
 343814 264216  360.88030  149  677  363.00000  359.00000  1.10%   365 13978s
 343830 264477  360.95793  150  678  363.00000  359.00000  1.10%   365 14021s
 344238 265226  361.81307  171  644  363.00000  359.00000  1.10%   365 14068s
 345255 266916  359.00049  104  712  363.00000  359.00000  1.10%   365 14122s
 347604 268532  359.43902  135  709  363.00000  359.00000  1.10%   365 14168s
 349716 269957  361.89733  190  668  363.00000  359.00000  1.10%   365 14211s
 351776 271260  360.43137  150  685  363.00000  359.00000  1.10%   365 14253s
 353570 271275  360.35745  164  695  363.00000  359.00000  1.10%   365 14310s
 353587 271661  360.36143  165  696  363.00000  359.00000  1.10%   365 14354s
 354182 272947  359.21897  112  711  363.00000  359.00000  1.10%   365 14397s
 355908 273105  359.73705  134  697  363.00000  359.00000  1.10%   365 14400s

Explored 356155 nodes (129903621 simplex iterations) in 14400.02 seconds (47266.04 work units)
Thread count was 32 (of 32 available processors)

Solution count 10: 363 364 365 ... 372

Time limit reached
Best objective 3.630000000000e+02, best bound 3.590000000000e+02, gap 1.1019%

User-callback calls 5252316, time in user-callback 14.92 sec
