
Gurobi 13.0.2 (linux64) logging started Sun Jul 19 14:58:42 2026

Set parameter LogFile to value "/tmp/sweep_20260716_013919_north-korea_alt550km_s20_i2_v4_gurobi.log"
Set parameter Method to value 1
Set parameter NodefileStart to value 4
Set parameter RINS to value 50
Gurobi Optimizer version 13.0.2 build v13.0.2rc1 (linux64 - "Debian GNU/Linux 13 (trixie)")

CPU model: Intel(R) Xeon(R) Platinum 8375C CPU @ 2.90GHz, instruction set [SSE2|AVX|AVX2|AVX512]
Thread count: 16 physical cores, 32 logical processors, using up to 32 threads

Non-default parameters:
TimeLimit  14400
MIPGap  0.001
Method  1
LPWarmStart  1
Heuristics  0.2
MIPFocus  1
NodefileStart  4
RINS  50
Symmetry  2
Cuts  2
CoverCuts  2
LogToConsole  0

Academic license 2812613 - for non-commercial use only - registered to no___@gatech.edu
Optimize a model with 1436 rows, 10770 columns and 61748 nonzeros (Min)
Model fingerprint: 0x9270a79b
Model has 10770 linear objective coefficients
Variable types: 0 continuous, 10770 integer (10770 binary)
Coefficient statistics:
  Matrix range     [1e+00, 1e+00]
  Objective range  [1e+00, 1e+00]
  Bounds range     [1e+00, 1e+00]
  RHS range        [1e+01, 1e+01]

Found heuristic solution: objective 2872.0000000
Presolve removed 0 rows and 2154 columns
Presolve time: 0.04s
Presolved: 1436 rows, 8616 columns, 50978 nonzeros
Variable types: 0 continuous, 8616 integer (7180 binary)
Warning: Markowitz tolerance tightened to 0.03125

Root relaxation: objective 1.948857e+03, 13141 iterations, 3.76 seconds (6.62 work units)

    Nodes    |    Current Node    |     Objective Bounds      |     Work
 Expl Unexpl |  Obj  Depth IntInf | Incumbent    BestBd   Gap | It/Node Time

     0     0 1948.85714    0 1436 2872.00000 1948.85714  32.1%     -    3s
H    0     0                    2154.0000000 1948.85714  9.52%     -    3s
H    0     0                    2045.0000000 1948.85714  4.70%     -    3s
H    0     0                    2044.0000000 1948.85714  4.65%     -    3s
H    0     0                    2022.0000000 1948.85714  3.62%     -    3s
H    0     0                    2018.0000000 1948.85714  3.43%     -    3s
H    0     0                    2011.0000000 1948.85714  3.09%     -    3s
H    0     0                    2010.0000000 1948.85714  3.04%     -    6s
H    0     0                    2008.0000000 1948.85714  2.95%     -    6s
H    0     0                    2007.0000000 1948.85714  2.90%     -    6s
H    0     0                    2005.0000000 1948.85714  2.80%     -    6s
H    0     0                    2004.0000000 1948.85714  2.75%     -    6s
H    0     0                    2002.0000000 1948.85714  2.65%     -    6s
H    0     0                    2000.0000000 1948.85714  2.56%     -    6s
H    0     0                    1999.0000000 1948.85714  2.51%     -    6s
H    0     0                    1998.0000000 1948.85714  2.46%     -    6s
H    0     0                    1993.0000000 1948.85714  2.21%     -    6s
H    0     0                    1992.0000000 1948.85714  2.17%     -    6s
     0     0 1950.03791    0 1573 1992.00000 1950.03791  2.11%     -    7s
H    0     0                    1990.0000000 1950.03791  2.01%     -   14s
H    0     0                    1988.0000000 1950.03791  1.91%     -   15s
H    0     0                    1987.0000000 1950.03791  1.86%     -   15s
H    0     0                    1986.0000000 1950.03791  1.81%     -   15s
     0     0 1951.22518    0 1729 1986.00000 1951.22518  1.75%     -   18s
     0     0 1951.95250    0 1890 1986.00000 1951.95250  1.71%     -   22s
H    0     0                    1985.0000000 1952.52979  1.64%     -   31s
H    0     0                    1984.0000000 1952.52979  1.59%     -   31s
H    0     0                    1983.0000000 1952.52979  1.54%     -   31s
H    0     0                    1982.0000000 1952.52979  1.49%     -   31s
H    0     0                    1981.0000000 1952.52979  1.44%     -   31s
H    0     0                    1980.0000000 1952.52979  1.39%     -   31s
     0     0 1952.52979    0 2061 1980.00000 1952.52979  1.39%     -   31s
     0     0 1952.90677    0 2149 1980.00000 1952.90677  1.37%     -   46s
     0     0 1952.96000    0 2154 1980.00000 1952.96000  1.37%     -   53s
     0     0 1952.96000    0 2154 1980.00000 1952.96000  1.37%     -   60s
     0     0 1952.96000    0 2153 1980.00000 1952.96000  1.37%     -   66s
H    0     0                    1979.0000000 1952.96000  1.32%     -   80s
     0     2 1952.96000    0 2153 1979.00000 1952.96000  1.32%     -  116s
     1     3 1952.96000    1 2152 1979.00000 1952.96000  1.32%   242  126s
     2     2     cutoff    1      1979.00000 1952.96000  1.32%  1416  130s
     3     4 1952.96274    2 2151 1979.00000 1952.96000  1.32%   976  144s
     4     4 1953.02163    2 2147 1979.00000 1952.96276  1.32%  1614  145s
     5     6 1953.11407    3 2141 1979.00000 1952.96276  1.32%  2186  158s
     7    12 1953.04874    4 2146 1979.00000 1952.96276  1.32%  2349  178s
    13    24 1953.06470    5 2149 1979.00000 1952.97642  1.31%  2643  205s
    25    40 1953.17193    6 2142 1979.00000 1952.98818  1.31%  4092  240s
    41    56 1953.24463    7 2133 1979.00000 1953.00778  1.31%  3876  266s
    57    72 1953.35058    8 2129 1979.00000 1953.00778  1.31%  3398  290s
    73    88 1953.30311    8 2131 1979.00000 1953.00778  1.31%  3107  316s
    89   104 1953.40128    9 2123 1979.00000 1953.00778  1.31%  3057  341s
   105   122 1953.45742   10 2123 1979.00000 1953.00778  1.31%  3077  364s
   123   138 1953.46874   10 2117 1979.00000 1953.00778  1.31%  3036  390s
   139   155 1953.53256   11 2121 1979.00000 1953.00778  1.31%  3138  413s
   156   171 1953.52323   11 2111 1979.00000 1953.00778  1.31%  3077  438s
   172   187 1953.57353   12 2113 1979.00000 1953.00778  1.31%  3029  463s
   188   203 1953.65506   12 2113 1979.00000 1953.00778  1.31%  2971  489s
   204   219 1953.68361   13 2108 1979.00000 1953.00778  1.31%  2995  512s
   220   238 1953.76125   14 2114 1979.00000 1953.00778  1.31%  2951  534s
   239   254 1953.72281   14 2104 1979.00000 1953.00778  1.31%  2891  558s
   255   276 1953.77076   15 2112 1979.00000 1953.00778  1.31%  2840  579s
   277   292 1953.81462   15 2112 1979.00000 1953.00778  1.31%  2770  604s
   293   308 1953.86015   16 2099 1979.00000 1953.00778  1.31%  2792  626s
   309   324 1953.92304   16 2102 1979.00000 1953.00778  1.31%  2759  647s
   325   353 1953.99035   17 2088 1979.00000 1953.00778  1.31%  2728  669s
   354   369 1954.08722   17 2088 1979.00000 1953.00778  1.31%  2670  691s
   370   385 1953.90940   17 2100 1979.00000 1953.00778  1.31%  2649  715s
   386   408 1954.05663   17 2091 1979.00000 1953.00778  1.31%  2655  736s
   409   448 1953.95935   18 2103 1979.00000 1953.00778  1.31%  2604  758s
   449   474 1953.99419   19 2099 1979.00000 1953.00778  1.31%  2528  782s
   475   490 1953.99405   19 2103 1979.00000 1953.00778  1.31%  2492  842s
   491   506 1954.07463   20 2096 1979.00000 1953.00778  1.31%  2479  863s
   507   523 1954.07848   20 2099 1979.00000 1953.00778  1.31%  2460  888s
   524   567 1954.08245   20 2088 1979.00000 1953.00778  1.31%  2439  923s
   568   615 1954.14186   21 2091 1979.00000 1953.00778  1.31%  2387  949s
   616   631 1954.25104   23 2079 1979.00000 1953.00778  1.31%  2327  970s
   632   647 1954.26196   24 2082 1979.00000 1953.00778  1.31%  2306  994s
   648   663 1954.29068   24 2075 1979.00000 1953.00778  1.31%  2290 1019s
   664   679 1954.30907   24 2075 1979.00000 1953.00778  1.31%  2282 1046s
   680   695 1954.35323   25 2074 1979.00000 1953.00778  1.31%  2268 1082s
   696   711 1954.39808   25 2076 1979.00000 1953.00778  1.31%  2251 1120s
   712   727 1954.44602   26 2078 1979.00000 1953.00778  1.31%  2242 1184s
   728   743 1954.50487   26 2074 1979.00000 1953.00778  1.31%  2229 1213s
   744   759 1954.56254   27 2073 1979.00000 1953.00778  1.31%  2216 1240s
   760   785 1954.59402   27 2071 1979.00000 1953.00778  1.31%  2208 1310s
   786   801 1954.71853   29 2064 1979.00000 1953.00778  1.31%  2182 1338s
   802   828 1954.73616   30 2061 1979.00000 1953.00778  1.31%  2167 1369s
   829   844 1955.00218   32 2060 1979.00000 1953.00778  1.31%  2151 1399s
   845   870 1954.92657   31 2061 1979.00000 1953.00778  1.31%  2141 1447s
   871   886 1955.19738   33 2047 1979.00000 1953.00778  1.31%  2119 1477s
   887   944 1955.19788   33 2044 1979.00000 1953.00778  1.31%  2107 1511s
   945   960 1955.19465   34 2051 1979.00000 1953.00778  1.31%  2067 1543s
   961  1046 1955.16221   34 2062 1979.00000 1953.00778  1.31%  2056 1579s
  1047  1062 1955.31049   36 2051 1979.00000 1953.00778  1.31%  2014 1613s
  1063  1085 1955.37005   36 2048 1979.00000 1953.00778  1.31%  2004 1652s
  1086  1101 1955.38532   37 2052 1979.00000 1953.00778  1.31%  1991 1688s
  1102  1145 1955.40324   37 2047 1979.00000 1953.00778  1.31%  1982 1728s
  1146  1161 1955.54981   39 2044 1979.00000 1953.00778  1.31%  1958 1768s
  1162  1243 1955.59910   40 2039 1979.00000 1953.00778  1.31%  1951 1813s
  1244  1259 1955.84964   43 2029 1979.00000 1953.00778  1.31%  1911 1853s
  1260  1322 1955.92135   44 2024 1979.00000 1953.00778  1.31%  1903 1898s
  1323  1338 1956.00827   46 2029 1979.00000 1953.00778  1.31%  1877 1958s
  1339  1354 1955.99351   46 2029 1979.00000 1953.00778  1.31%  1870 2016s
  1355  1370 1956.09265   47 2016 1979.00000 1953.00778  1.31%  1864 2075s
  1371  1386 1956.12554   47 2015 1979.00000 1953.00778  1.31%  1858 2131s
  1387  1402 1956.16699   48 2015 1979.00000 1953.00778  1.31%  1850 2191s
  1403  1418 1956.19570   48 2014 1979.00000 1953.00778  1.31%  1845 2244s
  1419  1460 1956.29639   49 2001 1979.00000 1953.00778  1.31%  1840 2296s
  1461  1584 1956.35366   50 2003 1979.00000 1953.00778  1.31%  1822 2351s
  1585  1761 1956.47274   52 2004 1979.00000 1953.00778  1.31%  1770 2409s
  1762  1777 1956.97536   59 1994 1979.00000 1953.00778  1.31%  1713 2465s
  1778  1793 1956.98239   58 2006 1979.00000 1953.00778  1.31%  1708 2540s
  1794  1809 1957.05798   60 1987 1979.00000 1953.00778  1.31%  1704 2599s
  1810  1840 1957.04177   60 1994 1979.00000 1953.00778  1.31%  1699 2660s
  1841  1857 1957.13654   62 1987 1979.00000 1953.00778  1.31%  1688 2724s
  1858  1873 1957.16592   63 1985 1979.00000 1953.00778  1.31%  1682 2808s
  1874  1889 1957.16902   63 1997 1979.00000 1953.00778  1.31%  1679 2876s
  1890  1920 1957.24509   64 1995 1979.00000 1953.00778  1.31%  1675 2946s
  1921  1937 1957.27108   65 1990 1979.00000 1953.00778  1.31%  1664 3012s
  1938  2145 1957.33829   65 1993 1979.00000 1953.00778  1.31%  1659 3095s
  2146  2161 1957.67352   71 1977 1979.00000 1953.00778  1.31%  1604 3168s
  2162  2177 1957.72435   72 1970 1979.00000 1953.00778  1.31%  1601 3247s
  2178  2193 1957.79572   73 1968 1979.00000 1953.00778  1.31%  1596 3319s
  2194  2222 1957.88490   73 1969 1979.00000 1953.00778  1.31%  1593 3402s
  2223  2238 1958.04512   74 1967 1979.00000 1953.00778  1.31%  1587 3497s
  2239  2255 1957.84133   74 1975 1979.00000 1953.00778  1.31%  1583 3570s
  2256  2305 1957.91673   75 1974 1979.00000 1953.00778  1.31%  1578 3653s
  2306  2662 1957.98476   76 1958 1979.00000 1953.00778  1.31%  1566 3731s
  2663  2678 1958.57121   88 1964 1979.00000 1953.00778  1.31%  1490 3822s
  2679  2694 1958.62449   88 1953 1979.00000 1953.00778  1.31%  1487 3897s
  2695  2710 1958.73134   89 1955 1979.00000 1953.00778  1.31%  1484 3973s
  2711  2726 1958.73389   89 1953 1979.00000 1953.00778  1.31%  1482 4054s
  2727  2796 1958.77393   90 1959 1979.00000 1953.00778  1.31%  1478 4138s
  2797  2934 1958.96642   93 1934 1979.00000 1953.00778  1.31%  1466 4221s
  2935  3422 1959.54087  100 1924 1979.00000 1953.00778  1.31%  1441 4303s
  3423  3492 1960.73536  116 1898 1979.00000 1953.00778  1.31%  1369 4420s
  3493  3508 1960.87097  119 1891 1979.00000 1953.00778  1.31%  1358 4530s
  3509  3559 1960.91219  120 1898 1979.00000 1953.00778  1.31%  1356 4624s
  3560  3990 1960.95628  120 1894 1979.00000 1953.00778  1.31%  1349 4711s
  3991  4334 1961.49035  128 1865 1979.00000 1953.00778  1.31%  1297 4795s
  4335  5170 1962.20657  138 1842 1979.00000 1953.00778  1.31%  1259 4880s
  5171  5676 1963.97591  164 1799 1979.00000 1953.00778  1.31%  1181 4963s
  5677  6457 1964.66292  176 1764 1979.00000 1953.00778  1.31%  1143 5041s
  6478  6788 1965.93399  195 1753 1979.00000 1953.00778  1.31%  1089 5131s
  6846  6899 1966.86038  207 1732 1979.00000 1953.01914  1.31%  1073 5217s
  6957  7580 1966.95875  208 1726 1979.00000 1953.01914  1.31%  1067 5304s
  7218  7580 1953.04097    8 2148 1979.00000 1953.01914  1.31%  1053 5305s
  7644  7682 1968.49050  229 1707 1979.00000 1953.01914  1.31%  1035 5394s
  7746  8322 1968.65164  231 1698 1979.00000 1953.01914  1.31%  1032 5484s
  7820  8322 1953.15388    9 2135 1979.00000 1953.01914  1.31%  1029 5485s
  8394  8416 1970.50682  258 1655 1979.00000 1953.01914  1.31%  1014 5581s
  8488  8624 1970.47472  258 1661 1979.00000 1953.01914  1.31%  1015 5680s
  8696  8667 1970.81345  264 1646 1979.00000 1953.01914  1.31%  1014 5777s
  8739  9434 1971.06513  267 1656 1979.00000 1953.01914  1.31%  1013 5877s
  9506  9869 1973.26068  300 1619 1979.00000 1953.01914  1.31%   987 5983s
  9987 10618 1974.51459  321 1590 1979.00000 1953.01914  1.31%   972 6094s
 10150 10618 1953.17453   11 2135 1979.00000 1953.01914  1.31%   969 6095s
 10779 10619 1969.43670  260 2153 1979.00000 1953.05253  1.31%   965 6418s
 10781 10620 1974.48871  483 1436 1979.00000 1953.05253  1.31%   964 6426s
 10782 10621 1962.88908  149 1574 1979.00000 1953.05253  1.31%   964 6435s
 10784 10622 1957.16887   57 1891 1979.00000 1953.05253  1.31%   964 6441s
 10785 10623 1955.66206   40 2064 1979.00000 1953.05253  1.31%   964 6446s
 10786 10624 1963.52779  155 2148 1979.00000 1953.05253  1.31%   964 6465s
 10787 10624 1964.16299  215 2154 1979.00000 1953.05253  1.31%   964 6489s
 10788 10625 1973.93706  403 2154 1979.00000 1953.05253  1.31%   964 6526s
 10789 10626 1959.00663   96 2159 1979.00000 1953.27295  1.30%   964 6533s
 10790 10626 1965.59660  172 2204 1979.00000 1953.27295  1.30%   964 6539s
 10791 10627 1961.81373  119 2213 1979.00000 1953.36786  1.30%   963 6545s
 10792 10628 1959.30183   95 2233 1979.00000 1953.41876  1.29%   963 6550s
 10796 10630 1968.72779  224 2261 1979.00000 1953.44354  1.29%   963 6576s
 10797 10631 1974.75890  317 2251 1979.00000 1953.49258  1.29%   963 6606s
 10798 10632 1958.57136   89 2275 1979.00000 1953.51618  1.29%   963 6613s
 10799 10632 1965.24092  183 2294 1979.00000 1953.53647  1.29%   963 6620s
 10800 10633 1965.89907  251 2324 1979.00000 1953.55542  1.29%   963 6626s
 10801 10634 1963.45416  151 2367 1979.00000 1953.57606  1.28%   963 6631s
 10802 10634 1962.38745  140 2394 1979.00000 1953.59078  1.28%   962 6637s
 10803 10635 1957.07446   58 2409 1979.00000 1953.60426  1.28%   962 6642s
 10804 10636 1967.51159  212 2434 1979.00000 1953.61383  1.28%   962 6647s
 10805 10636 1974.78811  323 2458 1979.00000 1953.62584  1.28%   962 6652s
 10806 10637 1959.98004  108 2479 1979.00000 1953.63447  1.28%   962 6657s
 10807 10638 1957.38198   71 2498 1979.00000 1953.64141  1.28%   962 6662s
 10808 10638 1973.50909  290 2504 1979.00000 1953.65172  1.28%   962 6668s
 10809 10639 1976.18744  335 2510 1979.00000 1953.66168  1.28%   962 6678s
 10810 10640 1957.86145   71 2530 1979.00000 1953.66562  1.28%   962 6688s
 10811 10640 1956.67841   49 2541 1979.00000 1953.66672  1.28%   962 6690s
 10814 10642 1958.98160   90 2556 1979.00000 1953.66818  1.28%   961 6735s
 10815 10643 1972.90145  304 2498 1979.00000 1953.68978  1.28%   961 6777s
 10816 10644 1972.61859  277 2466 1979.00000 1953.72021  1.28%   961 6785s
 10817 10644 1953.74473    9 2440 1979.00000 1953.74473  1.28%   961 6793s
 10818 10645 1972.57233  276 2422 1979.00000 1953.76130  1.28%   961 6798s
 10819 10646 1959.81342   90 2441 1979.00000 1953.77851  1.27%   961 6804s
 10820 10646 1956.23553   44 2445 1979.00000 1953.79331  1.27%   961 6811s
 10821 10647 1970.50596  339 2452 1979.00000 1953.80520  1.27%   961 6816s
 10822 10648 1959.02519   77 2470 1979.00000 1953.81349  1.27%   961 6821s
 10823 10648 1964.89625  182 2471 1979.00000 1953.82365  1.27%   961 6826s
 10824 10649 1970.31815  336 2474 1979.00000 1953.83061  1.27%   960 6831s
 10825 10650 1963.10046  145 2503 1979.00000 1953.83652  1.27%   960 6835s
 10827 10651 1954.56310   28 2537 1979.00000 1953.84572  1.27%   960 6844s
 10828 10652 1973.75408  322 2538 1979.00000 1953.84943  1.27%   960 6848s
 10829 10652 1966.52276  200 2555 1979.00000 1953.85237  1.27%   960 6852s
 10830 10653 1964.54059  167 2572 1979.00000 1953.85429  1.27%   960 6855s
 10831 10654 1968.55166  230 2553 1979.00000 1953.86022  1.27%   960 6861s
 10832 10654 1958.01977   64 2543 1979.00000 1953.86442  1.27%   960 6866s
 10834 10656 1963.40420  140 2561 1979.00000 1953.86781  1.27%   960 6871s
 10836 10657 1955.07096   27 2585 1979.00000 1953.87045  1.27%   959 6877s
 10838 10658 1955.27623   34 2595 1979.00000 1953.87171  1.27%   959 6924s
 10839 10659 1974.38688  480 2527 1979.00000 1953.88580  1.27%   959 6932s
 10843 10663 1969.41879  241 1436 1979.00000 1953.88580  1.27%   971 6940s
 10844 10664 1960.15620  109 1503 1979.00000 1953.88580  1.27%   971 6950s
 10847 10666 1976.98891  358 1770 1979.00000 1953.88580  1.27%   971 6957s
 10849 10667 1975.64108  336 1917 1979.00000 1953.88580  1.27%   971 6963s
 10850 10668 1967.51850  207 1974 1979.00000 1953.88580  1.27%   971 6966s
 10851 10669 1965.21353  172 2028 1979.00000 1953.88580  1.27%   971 6970s
 10852 10669 1961.71242  133 2076 1979.00000 1953.88580  1.27%   971 6982s
 10853 10670 1959.93336  100 2118 1979.00000 1953.88580  1.27%   970 6993s
 10854 10671 1959.71580  105 2155 1979.00000 1953.88580  1.27%   970 6998s
 10855 10671 1971.83272  279 2189 1979.00000 1953.88580  1.27%   970 7003s
 10856 10672 1963.66235  160 2230 1979.00000 1953.88580  1.27%   970 7008s
 10857 10673 1959.42354   91 2266 1979.00000 1953.88580  1.27%   970 7013s
 10858 10673 1957.81486   81 2312 1979.00000 1953.88580  1.27%   970 7018s
 10859 10674 1957.07350   63 2325 1979.00000 1953.88580  1.27%   970 7027s
 10860 10675 1965.75645  184 2350 1979.00000 1953.88580  1.27%   970 7034s
 10861 10675 1960.74033  116 2403 1979.00000 1953.88580  1.27%   970 7040s
 10862 10676 1965.61124  173 2431 1979.00000 1953.88580  1.27%   970 7047s
 10863 10677 1957.80060   79 2440 1979.00000 1953.88580  1.27%   970 7051s
 10864 10677 1957.13108   63 2457 1979.00000 1953.88580  1.27%   969 7055s
 10867 10679 1961.66644  129 2508 1979.00000 1953.88627  1.27%   969 7094s
 10868 10680 1975.77173  343 2498 1979.00000 1953.89681  1.27%   969 7143s
 10869 10681 1953.90514   11 2493 1979.00000 1953.90514  1.27%   969 7148s
 10870 10681 1965.56541  171 2496 1979.00000 1953.91339  1.27%   969 7154s
 10871 10682 1974.23344  315 2491 1979.00000 1953.92242  1.27%   969 7160s
 10872 10683 1970.01248  255 2487 1979.00000 1953.92799  1.27%   969 7165s
 10873 10683 1966.87286  213 2493 1979.00000 1953.93474  1.27%   969 7170s
 10874 10684 1956.04269   39 2498 1979.00000 1953.93892  1.27%   969 7175s
 10876 10685 1964.66717  163 2506 1979.00000 1953.94680  1.27%   968 7182s
 10877 10686 1958.02579   88 2526 1979.00000 1953.94853  1.27%   968 7185s
 10879 10687 1969.43670  260 2539 1979.00000 1953.95328  1.27%   968 7192s
 10880 10688 1976.52461  341 2542 1979.00000 1953.95605  1.27%   968 7196s
 10882 10689 1962.88908  149 2549 1979.00000 1953.95898  1.27%   968 7202s
 10884 10691 1957.16887   57 2554 1979.00000 1953.96057  1.27%   968 7206s
 10887 10693 1964.16299  215 2570 1979.00000 1953.96186  1.27%   967 7261s
 10888 10693 1973.93706  403 2528 1979.00000 1953.96918  1.26%   967 7319s
 10889 10694 1959.00663   96 2511 1979.00000 1953.97759  1.26%   967 7325s
 10891 10695 1961.81373  119 2518 1979.00000 1953.98772  1.26%   967 7334s
 10892 10696 1959.30183   95 2496 1979.00000 1953.99370  1.26%   967 7339s
 10893 10697 1961.59491  124 2501 1979.00000 1953.99859  1.26%   967 7344s
 10894 10697 1954.00282   19 2507 1979.00000 1954.00282  1.26%   967 7348s
 10895 10698 1958.25010   80 2521 1979.00000 1954.00595  1.26%   967 7352s
 10896 10699 1968.72779  224 2529 1979.00000 1954.00949  1.26%   967 7356s
 10897 10699 1974.75890  317 2528 1979.00000 1954.01280  1.26%   966 7360s
 10898 10700 1958.57136   89 2535 1979.00000 1954.01608  1.26%   966 7365s
 10900 10701 1965.89907  251 2558 1979.00000 1954.02206  1.26%   966 7373s
 10901 10702 1963.45416  151 2571 1979.00000 1954.02428  1.26%   966 7377s
 10902 10703 1962.38745  140 2578 1979.00000 1954.02582  1.26%   966 7380s
 10904 10704 1967.51159  212 2592 1979.00000 1954.02933  1.26%   966 7386s
 10905 10705 1974.78811  323 2600 1979.00000 1954.03133  1.26%   966 7390s
 10907 10706 1957.38198   71 2602 1979.00000 1954.03406  1.26%   966 7397s
 10908 10707 1973.50909  290 2616 1979.00000 1954.03547  1.26%   966 7400s
 10910 10708 1957.86145   71 2638 1979.00000 1954.03862  1.26%   965 7407s
 10911 10709 1956.67841   49 2634 1979.00000 1954.04041  1.26%   965 7411s
 10913 10710 1971.10685  258 2631 1979.00000 1954.04261  1.26%   965 7417s
 10914 10711 1958.98160   90 2640 1979.00000 1954.04362  1.26%   965 7420s
 10916 10712 1972.61859  277 2646 1979.00000 1954.04516  1.26%   965 7426s
 10918 10713 1972.57233  276 2656 1979.00000 1954.04602  1.26%   965 7494s
 10919 10714 1959.81342   90 2561 1979.00000 1954.06069  1.26%   965 7568s
 10920 10715 1956.23553   44 2553 1979.00000 1954.06419  1.26%   964 7573s
 10921 10715 1970.50596  339 2551 1979.00000 1954.06598  1.26%   964 7576s
 10923 10717 1964.89625  182 2568 1979.00000 1954.06807  1.26%   964 7581s
 10925 10718 1963.10046  145 2579 1979.00000 1954.06915  1.26%   964 7585s
 10926 10719 1964.00532  162 2583 1979.00000 1954.06944  1.26%   964 7650s
 10927 10719 1954.56310   28 2523 1979.00000 1954.08087  1.26%   964 7711s
H10927 10181                    1978.0000000 1954.08087  1.21%   964 7869s
H10927  9671                    1976.0000000 1954.08087  1.11%   964 7869s
H10927  9186                    1975.0000000 1954.08087  1.06%   964 7888s
 10928  9187 1973.75408  322 2523 1975.00000 1954.08819  1.06%   964 8610s
 10929  9190 1954.08819   27 2468 1975.00000 1954.08819  1.06%   974 8632s
 10930  9190     cutoff   27      1975.00000 1954.08819  1.06%   974 8666s
 10933  9193 1954.15290   29 2511 1975.00000 1954.10953  1.06%   975 8700s
 10937  9200 1954.29254   30 2420 1975.00000 1954.15292  1.06%   976 8741s
 10945  9213 1954.37526   31 2469 1975.00000 1954.18504  1.05%   979 8812s
 10961  9230 1954.42669   32 2526 1975.00000 1954.22763  1.05%   991 8864s
 10983  9239 1954.51072   33 2501 1975.00000 1954.22763  1.05%   998 8908s
 10999  9249 1954.54327   34 2500 1975.00000 1954.22763  1.05%  1002 8960s
 11015  9260 1954.59534   34 2494 1975.00000 1954.22763  1.05%  1006 9006s
 11031  9271 1954.58721   35 2497 1975.00000 1954.22763  1.05%  1010 9057s
 11047  9281 1954.62143   35 2495 1975.00000 1954.22763  1.05%  1013 9134s
 11063  9292 1954.65787   36 2485 1975.00000 1954.22763  1.05%  1020 9183s
 11079  9303 1954.67344   36 2502 1975.00000 1954.22763  1.05%  1023 9230s
 11095  9313 1954.71905   37 2493 1975.00000 1954.22763  1.05%  1026 9321s
 11111  9324 1954.73527   37 2491 1975.00000 1954.22763  1.05%  1028 9362s
 11127  9335 1954.77041   38 2493 1975.00000 1954.22763  1.05%  1032 9450s
 11143  9345 1954.82732   38 2473 1975.00000 1954.22763  1.05%  1039 9524s
 11159  9356 1954.81010   39 2481 1975.00000 1954.22763  1.05%  1042 9595s
 11175  9367 1954.84548   39 2480 1975.00000 1954.22763  1.05%  1045 9679s
 11191  9377 1954.83996   40 2471 1975.00000 1954.22763  1.05%  1048 9730s
 11207  9388 1954.94041   40 2465 1975.00000 1954.22763  1.05%  1051 9801s
 11223  9399 1954.93433   41 2437 1975.00000 1954.22763  1.05%  1054 9895s
 11239  9409 1954.95086   41 2444 1975.00000 1954.22763  1.05%  1060 9939s
 11255  9423 1955.01478   42 2462 1975.00000 1954.22763  1.05%  1062 10016s
 11274  9440 1955.08012   42 2414 1975.00000 1954.22763  1.05%  1066 10087s
 11297  9450 1955.10388   43 2430 1975.00000 1954.22763  1.05%  1070 10138s
 11315  9471 1955.04563   43 2456 1975.00000 1954.22763  1.05%  1073 10187s
 11342  9482 1955.13481   44 2397 1975.00000 1954.22763  1.05%  1077 10227s
 11362  9511 1955.17422   44 2435 1975.00000 1954.22763  1.05%  1081 10288s
 11398  9534 1955.18979   45 2416 1975.00000 1954.22763  1.05%  1091 10376s
 11433  9544 1955.18216   45 2405 1975.00000 1954.22763  1.05%  1096 10450s
 11454  9564 1955.23195   46 2411 1975.00000 1954.22763  1.05%  1100 10534s
 11481  9586 1955.24613   46 2391 1975.00000 1954.22763  1.05%  1103 10621s
 11512  9611 1955.34519   48 2397 1975.00000 1954.22763  1.05%  1109 10698s
 11548  9631 1955.46739   50 2363 1975.00000 1954.22763  1.05%  1117 10803s
 11580  9639 1955.56336   51 2352 1975.00000 1954.22763  1.05%  1123 10897s
 11598  9651 1955.65121   52 2366 1975.00000 1954.22763  1.05%  1127 11003s
 11616  9661 1955.64637   52 2377 1975.00000 1954.22763  1.05%  1131 11111s
 11632  9671 1955.70691   53 2362 1975.00000 1954.22763  1.05%  1134 11213s
 11648  9682 1955.74704   53 2335 1975.00000 1954.22763  1.05%  1136 11320s
 11664  9693 1955.78373   54 2363 1975.00000 1954.22763  1.05%  1139 11428s
 11680  9703 1955.79166   54 2331 1975.00000 1954.22763  1.05%  1141 11550s
 11696  9714 1955.80160   55 2358 1975.00000 1954.22763  1.05%  1144 11670s
 11712  9725 1955.85238   55 2373 1975.00000 1954.22763  1.05%  1146 11801s
 11728  9735 1955.90965   56 2348 1975.00000 1954.22763  1.05%  1148 11941s
 11744  9746 1955.88281   56 2342 1975.00000 1954.22763  1.05%  1150 12047s
 11760  9757 1955.91906   57 2333 1975.00000 1954.22763  1.05%  1153 12171s
 11776  9767 1955.94728   57 2338 1975.00000 1954.22763  1.05%  1156 12304s
 11792  9778 1955.97451   58 2348 1975.00000 1954.22763  1.05%  1158 12440s
 11808  9789 1956.10951   58 2329 1975.00000 1954.22763  1.05%  1160 12553s
 11824  9799 1956.03721   59 2344 1975.00000 1954.22763  1.05%  1163 12682s
 11840  9810 1956.02176   59 2331 1975.00000 1954.22763  1.05%  1164 12847s
 11856  9821 1956.09139   60 2304 1975.00000 1954.22763  1.05%  1167 12980s
 11872  9840 1956.05408   60 2323 1975.00000 1954.22763  1.05%  1168 13148s
 11897  9860 1956.10383   61 2321 1975.00000 1954.22763  1.05%  1171 13304s
 11925  9891 1956.11761   61 2324 1975.00000 1954.22763  1.05%  1173 13464s
 11965  9913 1956.18905   62 2329 1975.00000 1954.22763  1.05%  1176 13631s
 12001  9942 1956.18331   62 2317 1975.00000 1954.22763  1.05%  1180 13762s
 12042 10009 1956.25371   63 2328 1975.00000 1954.22763  1.05%  1183 13935s
 12122 10024 1956.25504   63 2306 1975.00000 1954.22763  1.05%  1190 14111s
 12164 10146 1956.36396   64 2291 1975.00000 1954.22763  1.05%  1193 14270s
 12300 10228 1956.35752   64 2305 1975.00000 1954.22763  1.05%  1205 14400s

Cutting planes:
  MIR: 241
  Flow cover: 1841

Explored 12427 nodes (15133672 simplex iterations) in 14400.10 seconds (40199.07 work units)
Thread count was 32 (of 32 available processors)

Solution count 10: 1975 1976 1978 ... 1985

Time limit reached
Best objective 1.975000000000e+03, best bound 1.955000000000e+03, gap 1.0127%

User-callback calls 3599772, time in user-callback 8.75 sec
