
Gurobi 13.0.2 (linux64) logging started Mon Jul 20 09:44:38 2026

Set parameter LogFile to value "/tmp/sweep_20260716_013919_north-korea_alt550km_s100_i1_v10_gurobi.log"
Set parameter Method to value 1
Set parameter NodefileStart to value 4
Set parameter RINS to value 50
Gurobi Optimizer version 13.0.2 build v13.0.2rc1 (linux64 - "Debian GNU/Linux 13 (trixie)")

CPU model: Intel(R) Xeon(R) Platinum 8375C CPU @ 2.90GHz, instruction set [SSE2|AVX|AVX2|AVX512]
Thread count: 16 physical cores, 32 logical processors, using up to 32 threads

Non-default parameters:
TimeLimit  14400
MIPGap  0.001
Method  1
LPWarmStart  1
Heuristics  0.2
MIPFocus  1
NodefileStart  4
RINS  50
Symmetry  2
Cuts  2
CoverCuts  2
LogToConsole  0

Academic license 2812613 - for non-commercial use only - registered to no___@gatech.edu
Optimize a model with 1436 rows, 28720 columns and 476752 nonzeros (Min)
Model fingerprint: 0xfa4a453a
Model has 28720 linear objective coefficients
Variable types: 0 continuous, 28720 integer (28720 binary)
Coefficient statistics:
  Matrix range     [1e+00, 1e+00]
  Objective range  [1e+00, 1e+00]
  Bounds range     [1e+00, 1e+00]
  RHS range        [1e+02, 1e+02]

Found heuristic solution: objective 11846.000000
Presolve removed 0 rows and 8616 columns
Presolve time: 0.53s
Presolved: 1436 rows, 20104 columns, 360436 nonzeros
Variable types: 0 continuous, 20104 integer (17950 binary)

Root simplex log...

Iteration    Objective       Primal Inf.    Dual Inf.      Time
    8045    6.2452043e+03   1.187862e+04   0.000000e+00      5s
   11219    6.2466000e+03   0.000000e+00   0.000000e+00      7s

Root relaxation: objective 6.246600e+03, 11219 iterations, 6.65 seconds (13.54 work units)

    Nodes    |    Current Node    |     Objective Bounds      |     Work
 Expl Unexpl |  Obj  Depth IntInf | Incumbent    BestBd   Gap | It/Node Time

     0     0 6246.60000    0  718 11846.0000 6246.60000  47.3%     -    8s
H    0     0                    6834.0000000 6246.60000  8.60%     -    8s
H    0     0                    6730.0000000 6246.60000  7.18%     -    8s
H    0     0                    6349.0000000 6246.60000  1.61%     -    8s
H    0     0                    6341.0000000 6246.60000  1.49%     -    9s
H    0     0                    6307.0000000 6246.60000  0.96%     -    9s
H    0     0                    6296.0000000 6246.60000  0.78%     -    9s
H    0     0                    6292.0000000 6246.60000  0.72%     -    9s
H    0     0                    6285.0000000 6246.60000  0.61%     -    9s
H    0     0                    6281.0000000 6246.60000  0.55%     -    9s
H    0     0                    6277.0000000 6246.60000  0.48%     -   11s
H    0     0                    6276.0000000 6246.60000  0.47%     -   11s
H    0     0                    6275.0000000 6246.60000  0.45%     -   12s
H    0     0                    6273.0000000 6246.60000  0.42%     -   14s
H    0     0                    6270.0000000 6246.60000  0.37%     -   15s
H    0     0                    6269.0000000 6246.60000  0.36%     -   15s
H    0     0                    6268.0000000 6246.60000  0.34%     -   28s
     0     0 6246.60000    0  718 6268.00000 6246.60000  0.34%     -   41s
     0     0 6246.60000    0  718 6268.00000 6246.60000  0.34%     -   43s
H    0     0                    6267.0000000 6246.60000  0.33%     -   63s
H    0     0                    6266.0000000 6246.60000  0.31%     -   63s
H    0     2                    6264.0000000 6246.60000  0.28%     -   95s
     0     2 6246.60000    0  717 6264.00000 6246.60000  0.28%     -   95s
     1     4 6246.60000    1  718 6264.00000 6246.60000  0.28%  2160  117s
     3     8 6246.60000    2  718 6264.00000 6246.60000  0.28%  1232  141s
H    4     8                    6263.0000000 6246.60000  0.26%   924  141s
     7    16 6246.60000    3  718 6263.00000 6246.60000  0.26%   945  168s
H   14    16                    6262.0000000 6246.60000  0.25%   504  171s
    24    32 6246.60000    4  718 6262.00000 6246.60000  0.25%   355  175s
    31    44     cutoff    5      6262.00000 6246.60000  0.25%   500  189s
    45    60 6246.60000    6  718 6262.00000 6246.60000  0.25%  1596  202s
    61    80 6246.60000    7  718 6262.00000 6246.60000  0.25%  1199  226s
H   64    80                    6261.0000000 6246.60000  0.23%  1145  226s
    81   143 6246.60000    9  718 6261.00000 6246.60000  0.23%   919  278s
H  134   143                    6260.0000000 6246.60000  0.21%   581  278s
   144   255 6246.60000   12  718 6260.00000 6246.60000  0.21%   545  347s
   256  1169 6246.60000   19  718 6260.00000 6246.60000  0.21%   335  472s
H  873  1169                    6259.0000000 6246.60000  0.20%   141  472s
  1170  3088 6246.60000   22  718 6259.00000 6246.60000  0.20%   121  608s
  3089  3106 6246.60000  153  718 6259.00000 6246.60000  0.20%  85.3  695s
  3107  3306 6246.60000  154  718 6259.00000 6246.60000  0.20%  85.2  787s
H 3108  3306                    6258.0000000 6246.60000  0.18%  85.2  787s
  3307  4812 6246.60000  156  718 6258.00000 6246.60000  0.18%  84.4  886s
  4813  4828 6246.60000  252  719 6258.00000 6246.60000  0.18%  80.4  964s
H 4814  4828                    6257.0000000 6246.60000  0.17%  80.4  964s
  4829  5292 6246.60000  253  718 6257.00000 6246.60000  0.17%  80.5 1048s
  5293  5676 6246.60000  282  717 6257.00000 6246.60000  0.17%  80.1 1145s
  5677  5692 6246.60000  306  717 6257.00000 6246.60000  0.17%  79.8 1247s
H 5687  5692                    6256.0000000 6246.60000  0.15%  79.8 1247s
  5693  6549 6246.60000  307  717 6256.00000 6246.60000  0.15%  79.8 1339s
  6550  6608 6246.60000  361  716 6256.00000 6246.60000  0.15%  85.1 1430s
  6609  7316 6246.60000  362  717 6256.00000 6246.60000  0.15%  91.9 1528s
  7317  7895 6246.60000  404  713 6256.00000 6246.60000  0.15%  96.0 1620s
  7896  8313 6246.74563  438  712 6256.00000 6246.60000  0.15%   103 1730s
  8314  8416 6246.81758  445  718 6256.00000 6246.60000  0.15%   106 1871s
  8417  8749 6247.15092  482  712 6256.00000 6246.60000  0.15%   113 1968s
  8750  8845 6247.69585  539  717 6256.00000 6246.60000  0.15%   117 2070s
  8846  8935 6248.11475  570  717 6256.00000 6246.60000  0.15%   121 2217s
  8936  9447 6248.24584  581  719 6256.00000 6246.60000  0.15%   121 2328s
  9448  9629 6248.89484  646  712 6256.00000 6246.60000  0.15%   123 2446s
  9630 10359 6248.92178  649  716 6256.00000 6246.60000  0.15%   123 2555s
 10361 10360 6246.60000  112  718 6256.00000 6246.60000  0.15%   137 2584s
 10363 10361 6246.60000  318  718 6256.00000 6246.60000  0.15%   137 2613s
 10364 10362 6246.60000   32  718 6256.00000 6246.60000  0.15%   137 2747s
 10365 10363 6246.60000  251  718 6256.00000 6246.60000  0.15%   137 2781s
 10366 10363 6246.60000  224  717 6256.00000 6246.60000  0.15%   137 2844s
 10367 10364 6246.60000  154  721 6256.00000 6246.60000  0.15%   137 2873s
 10368 10365 6246.60000   39  720 6256.00000 6246.60000  0.15%   137 2883s
 10369 10365 6246.70000   10  720 6256.00000 6246.70000  0.15%   137 3030s
 10370 10369 6246.70000   10  718 6256.00000 6246.70000  0.15%   143 3035s
 10376 10379 6246.70000   12  718 6256.00000 6246.70000  0.15%   144 3043s
 10384 10392 6246.70000   13  718 6256.00000 6246.70000  0.15%   144 3047s
 10400 10401     cutoff   14      6256.00000 6246.70000  0.15%   144 3050s
 10416 10412 6246.70000   15  718 6256.00000 6246.70000  0.15%   144 3056s
 10432 10422 6246.70000   16  718 6256.00000 6246.70000  0.15%   143 3065s
 10448 10433 6246.70000   17  718 6256.00000 6246.70000  0.15%   143 3080s
 10464 10444 6246.70000   18  718 6256.00000 6246.70000  0.15%   143 3104s
 10480 10501 6246.70000   19  718 6256.00000 6246.70000  0.15%   143 3138s
 10543 10642 6246.70000   23  718 6256.00000 6246.70000  0.15%   143 3190s
 10705 12108 6246.70000   31  718 6256.00000 6246.70000  0.15%   142 3284s
 12225 11649 6246.70000  126  719 6256.00000 6246.70000  0.15%   132 3351s
 12272 12098 6246.70000  128  718 6256.00000 6246.70000  0.15%   132 3419s
 12737 12584 6246.70000  183  718 6256.00000 6246.70000  0.15%   129 3501s
 13378 13031 6246.70000  235  717 6256.00000 6246.70000  0.15%   126 3586s
 14039 13759 6246.70000  258  716 6256.00000 6246.70000  0.15%   123 3680s
 14987 14354 6246.70000  320  710 6256.00000 6246.70000  0.15%   120 3773s
 15898 14602 6246.70000  376  675 6256.00000 6246.70000  0.15%   117 3865s
 16450 15431 6246.70000  394  619 6256.00000 6246.70000  0.15%   117 3963s
 17463 16107 6246.72984  434  715 6256.00000 6246.70000  0.15%   119 4060s
 18476 16838 6247.03317  472  717 6256.00000 6246.70000  0.15%   121 4158s
 19545 16498 6247.37485  505  716 6256.00000 6246.70000  0.15%   122 4247s
 19561 17164 6247.39040  506  717 6256.00000 6246.70000  0.15%   122 4335s
 20233 17116 6247.86293  546  717 6256.00000 6246.70000  0.15%   124 4434s
 20409 17115 6248.02487  557  715 6256.00000 6246.70000  0.15%   125 4519s
 20466 17378 6248.03668  558  714 6256.00000 6246.70000  0.15%   125 4615s
 20748 17595 6248.06221  559  714 6256.00000 6246.70000  0.15%   124 4737s
 21059 19414 6248.07043  560  715 6256.00000 6246.70000  0.15%   125 5028s
 22982 19833 6248.07195  561  717 6256.00000 6246.70000  0.15%   138 5169s
 24042 20371 6248.07476  562  717 6256.00000 6246.70000  0.15%   146 5299s
 24933 21109 6248.10583  563  719 6256.00000 6246.70000  0.15%   150 5426s
 25968 22015 6248.35175  581  719 6256.00000 6246.70000  0.15%   156 5545s
 27219 22714 6248.89408  632  719 6256.00000 6246.70000  0.15%   165 5655s
 28335 23457 6249.60725  678  719 6256.00000 6246.70000  0.15%   173 5758s
 29450 23838 6250.34899  744  717 6256.00000 6246.70000  0.15%   183 5878s
 30203 24490 6250.98313  790  714 6256.00000 6246.70000  0.15%   189 5979s
 31106 25339 6252.03929  859  720 6256.00000 6246.70000  0.15%   205 6083s
 32256 26063 6252.89388  914  717 6256.00000 6246.70000  0.15%   219 6192s
 33363 26548 6254.49758 1009  723 6256.00000 6246.70000  0.15%   235 6302s
 34231 26952 6255.00003 1035  724 6256.00000 6246.70000  0.15%   247 6414s
 34939 27925 6246.70000   82  718 6256.00000 6246.70000  0.15%   254 6534s
 36148 28414 6246.70000  194  718 6256.00000 6246.70000  0.15%   262 6655s
 37054 29426 6246.70000  247  718 6256.00000 6246.70000  0.15%   268 6783s
 38434 30283 6246.70000  344  716 6256.00000 6246.70000  0.15%   279 6913s
 39751 31487 6247.28188  422  718 6256.00000 6246.70000  0.15%   282 7047s
 41546 32494 6248.67260  522  718 6256.00000 6246.70000  0.15%   283 7208s
 43192 33469 6250.46014  627  718 6256.00000 6246.70000  0.15%   284 7347s
 44259 34833 6251.41021  686  717 6256.00000 6246.70000  0.15%   285 7490s
 45637 36398 6253.60682  804  720 6256.00000 6246.70000  0.15%   284 7638s
 47290 37861 6246.70000   36  718 6256.00000 6246.70000  0.15%   283 7789s
 48753 39659 6246.70000   97  718 6256.00000 6246.70000  0.15%   283 7942s
 50551 41873 6246.70000  240  718 6256.00000 6246.70000  0.15%   283 8096s
 52765 41924 6246.70000  390  717 6256.00000 6246.70000  0.15%   282 8252s
 52816 42042 6246.70000  391  717 6256.00000 6246.70000  0.15%   282 8405s
 52934 42664 6246.70000  392  717 6256.00000 6246.70000  0.15%   283 8560s
 53630 43548 6246.80655  509  708 6256.00000 6246.70000  0.15%   282 8721s
 54626 44878 6247.92734  625  714 6256.00000 6246.70000  0.15%   282 8895s
 55956 46046 6249.47664  750  716 6256.00000 6246.70000  0.15%   281 9068s
 57124 47731 6250.69593  835  719 6256.00000 6246.70000  0.15%   280 9248s
 58965 48107 6252.74761  962  720 6256.00000 6246.70000  0.15%   279 9449s
 59341 49866 6253.04974  987  720 6256.00000 6246.70000  0.15%   278 9637s
 61100 51418 6254.95925 1097  724 6256.00000 6246.70000  0.15%   276 9823s
 62780 53371 6246.70000  143  718 6256.00000 6246.70000  0.15%   274 10036s
 64787 54309 6246.70000  264  718 6256.00000 6246.70000  0.15%   271 10209s
 65725 56905 6246.70000  365  718 6256.00000 6246.70000  0.15%   270 10410s
 68321 58994 6246.70000  491  706 6256.00000 6246.70000  0.15%   268 10571s
 70410 60555 6247.57949  621  717 6256.00000 6246.70000  0.15%   270 10717s
 71971 62112 6248.76650  722  719 6256.00000 6246.70000  0.15%   271 10865s
 73528 63753 6250.22515  841  718 6256.00000 6246.70000  0.15%   272 11013s
 75231 65824 6251.44146  944  722 6256.00000 6246.70000  0.15%   271 11159s
 77302 67621 6253.09875 1064  721 6256.00000 6246.70000  0.15%   271 11297s
 79265 69403 6254.57492 1163  727 6256.00000 6246.70000  0.15%   270 11434s
 81213 71206 6246.70000  163  718 6256.00000 6246.70000  0.15%   269 11565s
 83050 72704 6246.70000  267  718 6256.00000 6246.70000  0.15%   268 11693s
 84701 74994 6246.73348  354  715 6256.00000 6246.70000  0.15%   267 11874s
 87076 76240 6248.11453  472  718 6256.00000 6246.70000  0.15%   267 11998s
 88376 77761 6249.27095  547  716 6256.00000 6246.70000  0.15%   266 12149s
 89897 78691 6251.02137  643  716 6256.00000 6246.70000  0.15%   265 12287s
 90827 79592 6252.02318  697  716 6256.00000 6246.70000  0.15%   265 12433s
 91758 81325 6253.24744  769  719 6256.00000 6246.70000  0.15%   264 12592s
 93849 81341 6246.70000  186  718 6256.00000 6246.70000  0.15%   264 12797s
 93865 81543 6246.70000  187  718 6256.00000 6246.70000  0.15%   264 12950s
 94121 82177 6246.70000  188  718 6256.00000 6246.70000  0.15%   264 13109s
 94755 83104 6246.70000  189  718 6256.00000 6246.70000  0.15%   263 13347s
 95704 84342 6246.70000  235  718 6256.00000 6246.70000  0.15%   262 13522s
 97040 85861 6246.70000  375  718 6256.00000 6246.70000  0.15%   260 13706s
 98705 87576 6246.70501  476  706 6256.00000 6246.70000  0.15%   259 13896s
 100437 89289 6247.16893  542  711 6256.00000 6246.70000  0.15%   260 14109s
 102212 89928 6248.17110  636  717 6256.00000 6246.70000  0.15%   260 14289s
 102921 90962 6248.67201  675  713 6256.00000 6246.70000  0.15%   261 14400s

Cutting planes:
  MIR: 4

Explored 104069 nodes (27293791 simplex iterations) in 14400.15 seconds (49967.72 work units)
Thread count was 32 (of 32 available processors)

Solution count 10: 6256 6257 6258 ... 6266

Time limit reached
Best objective 6.256000000000e+03, best bound 6.247000000000e+03, gap 0.1439%

User-callback calls 4109603, time in user-callback 18.24 sec
