
Gurobi 13.0.2 (linux64) logging started Fri Jul 24 13:21:37 2026

Set parameter LogFile to value "/tmp/sweep_20260724_011830_russia_alt400km_s10_i2_v5_gurobi.log"
Set parameter Method to value 1
Set parameter NodefileStart to value 4
Set parameter RINS to value 50
Gurobi Optimizer version 13.0.2 build v13.0.2rc1 (linux64 - "Debian GNU/Linux 13 (trixie)")

CPU model: Intel(R) Xeon(R) Platinum 8375C CPU @ 2.90GHz, instruction set [SSE2|AVX|AVX2|AVX512]
Thread count: 16 physical cores, 32 logical processors, using up to 32 threads

Non-default parameters:
TimeLimit  14400
MIPGap  0.001
Method  1
LPWarmStart  1
Heuristics  0.2
MIPFocus  1
NodefileStart  4
RINS  50
Symmetry  2
Cuts  2
CoverCuts  2
LogToConsole  0

Academic license 2812613 - for non-commercial use only - registered to no___@gatech.edu
Optimize a model with 718000 rows, 28720 columns and 101526636 nonzeros (Min)
Model fingerprint: 0x05c66107
Model has 28720 linear objective coefficients
Variable types: 0 continuous, 28720 integer (28720 binary)
Coefficient statistics:
  Matrix range     [1e+00, 1e+00]
  Objective range  [1e+00, 1e+00]
  Bounds range     [1e+00, 1e+00]
  RHS range        [5e+00, 5e+00]

Found heuristic solution: objective 3087.0000000
Presolve removed 0 rows and 0 columns (presolve time = 16s)...
Presolve removed 0 rows and 0 columns (presolve time = 29s)...
Presolve removed 0 rows and 0 columns (presolve time = 40s)...
Presolve removed 0 rows and 0 columns (presolve time = 41s)...
Presolve removed 0 rows and 0 columns (presolve time = 51s)...
Presolve removed 0 rows and 0 columns (presolve time = 66s)...
Presolve removed 0 rows and 0 columns (presolve time = 81s)...
Presolve removed 0 rows and 0 columns (presolve time = 106s)...
Presolve removed 0 rows and 0 columns (presolve time = 118s)...
Presolve removed 0 rows and 0 columns (presolve time = 130s)...
Presolve removed 0 rows and 0 columns (presolve time = 141s)...
Presolve removed 0 rows and 0 columns (presolve time = 145s)...
Presolve removed 0 rows and 0 columns (presolve time = 150s)...
Presolve removed 0 rows and 0 columns (presolve time = 156s)...
Presolve removed 0 rows and 0 columns (presolve time = 170s)...
Presolve removed 0 rows and 0 columns (presolve time = 171s)...
Presolve removed 0 rows and 0 columns (presolve time = 175s)...
Presolve removed 0 rows and 0 columns (presolve time = 180s)...
Presolve removed 0 rows and 0 columns (presolve time = 191s)...
Presolve removed 0 rows and 0 columns (presolve time = 195s)...
Presolve removed 0 rows and 0 columns (presolve time = 200s)...
Presolve removed 0 rows and 0 columns (presolve time = 205s)...
Presolve removed 0 rows and 0 columns (presolve time = 210s)...
Presolve removed 0 rows and 0 columns (presolve time = 215s)...
Presolve removed 0 rows and 0 columns (presolve time = 220s)...
Presolve removed 0 rows and 0 columns (presolve time = 225s)...
Presolve removed 0 rows and 0 columns (presolve time = 230s)...
Presolve removed 0 rows and 0 columns (presolve time = 235s)...
Presolve removed 0 rows and 0 columns (presolve time = 251s)...
Presolve removed 0 rows and 0 columns (presolve time = 255s)...
Presolve removed 0 rows and 0 columns (presolve time = 274s)...
Presolve removed 0 rows and 0 columns (presolve time = 290s)...
Presolve time: 290.24s
Presolved: 718000 rows, 28720 columns, 101526636 nonzeros
Variable types: 0 continuous, 28720 integer (28720 binary)

Root simplex log...

Iteration    Objective       Primal Inf.    Dual Inf.      Time
       0   -0.0000000e+00   0.000000e+00   2.980000e+03    352s
      54    1.7780991e+03   0.000000e+00   0.000000e+00    352s
      54    1.7780991e+03   0.000000e+00   0.000000e+00    352s

Use crossover to convert LP symmetric solution to basic solution...

Root crossover log...

  706512 variables added to crossover basis                      365s
  709572 variables added to crossover basis                      365s
  712332 variables added to crossover basis                      370s
  712962 variables added to crossover basis                      375s
  713442 variables added to crossover basis                      380s
  713862 variables added to crossover basis                      385s
  714222 variables added to crossover basis                      390s
  714552 variables added to crossover basis                      395s
  714852 variables added to crossover basis                      400s
  715152 variables added to crossover basis                      405s
  715452 variables added to crossover basis                      410s
  715722 variables added to crossover basis                      415s
  715992 variables added to crossover basis                      420s
  716262 variables added to crossover basis                      425s
  716502 variables added to crossover basis                      430s
  716772 variables added to crossover basis                      436s
  717012 variables added to crossover basis                      440s
  717252 variables added to crossover basis                      445s
  717492 variables added to crossover basis                      451s
  717732 variables added to crossover basis                      456s
  717942 variables added to crossover basis                      460s

       0 DPushes remaining with DInf 0.0000000e+00               470s

       0 PPushes remaining with PInf 0.0000000e+00               471s

  Push phase complete: Pinf 0.0000000e+00, Dinf 3.9770490e-09    472s


Root simplex log...

Iteration    Objective       Primal Inf.    Dual Inf.      Time
      57    1.7780991e+03   0.000000e+00   0.000000e+00    484s
Crossover time: 130.30 seconds (226.93 work units)

Root relaxation: objective 1.778099e+03, 57 iterations, 182.13 seconds (263.64 work units)

    Nodes    |    Current Node    |     Objective Bounds      |     Work
 Expl Unexpl |  Obj  Depth IntInf | Incumbent    BestBd   Gap | It/Node Time

     0     0 1778.09913    0 11488 3087.00000 1778.09913  42.4%     -  511s
H    0     0                    2872.0000000 1778.09913  38.1%     -  512s
H    0     0                    2632.0000000 1778.09913  32.4%     -  513s
H    0     0                    2622.0000000 1778.09913  32.2%     -  790s
H    0     0                    2619.0000000 1778.09913  32.1%     -  791s
H    0     0                    2618.0000000 1778.09913  32.1%     -  842s
H    0     0                    2617.0000000 1778.09913  32.1%     -  914s
H    0     0                    2616.0000000 1778.09913  32.0%     -  914s
     0     0 1778.09913    0 11488 2616.00000 1778.09913  32.0%     - 1757s
H    0     0                    2613.0000000 1778.09913  32.0%     - 4448s
H    0     0                    2601.0000000 1778.09913  31.6%     - 4451s
H    0     0                    2597.0000000 1778.09913  31.5%     - 4465s
H    0     0                    2596.0000000 1778.09913  31.5%     - 4484s
H    0     0                    2594.0000000 1778.09913  31.5%     - 4494s
H    0     2                    2443.0000000 1778.09913  27.2%     - 6740s
     0     2 1778.09913    0 11488 2443.00000 1778.09913  27.2%     - 6740s

Explored 1 nodes (57 simplex iterations) in 14401.38 seconds (47470.11 work units)
Thread count was 32 (of 32 available processors)

Solution count 10: 2443 2594 2596 ... 2619

Time limit reached
Best objective 2.443000000000e+03, best bound 1.779000000000e+03, gap 27.1797%

User-callback calls 189562, time in user-callback 0.74 sec
