
Gurobi 13.0.2 (linux64) logging started Wed Jul 15 05:53:36 2026

Set parameter LogFile to value "/tmp/sweep_20260714_235225_china_alt550km_s20_i1_v4_gurobi.log"
Set parameter Method to value 1
Set parameter NodefileStart to value 4
Set parameter RINS to value 50
Gurobi Optimizer version 13.0.2 build v13.0.2rc1 (linux64 - "Debian GNU/Linux 13 (trixie)")

CPU model: Intel(R) Xeon(R) Platinum 8375C CPU @ 2.90GHz, instruction set [SSE2|AVX|AVX2|AVX512]
Thread count: 16 physical cores, 32 logical processors, using up to 32 threads

Non-default parameters:
TimeLimit  14400
MIPGap  0.001
Method  1
LPWarmStart  1
Heuristics  0.2
MIPFocus  1
NodefileStart  4
RINS  50
Symmetry  2
Cuts  2
CoverCuts  2
LogToConsole  0

Academic license 2812613 - for non-commercial use only - registered to no___@gatech.edu
Optimize a model with 196014 rows, 17950 columns and 6558930 nonzeros (Min)
Model fingerprint: 0x3fe6b288
Model has 17950 linear objective coefficients
Variable types: 0 continuous, 17950 integer (17950 binary)
Coefficient statistics:
  Matrix range     [1e+00, 1e+00]
  Objective range  [1e+00, 1e+00]
  Bounds range     [1e+00, 1e+00]
  RHS range        [2e+01, 2e+01]

Found heuristic solution: objective 15078.000000
Presolve removed 3590 rows and 5744 columns (presolve time = 6s)...
Presolve removed 3590 rows and 5744 columns (presolve time = 10s)...
Presolve removed 24412 rows and 5744 columns (presolve time = 15s)...
Presolve removed 24412 rows and 5744 columns (presolve time = 20s)...
Presolve removed 24412 rows and 5744 columns
Presolve time: 20.17s
Presolved: 171602 rows, 12206 columns, 4388416 nonzeros
Variable types: 0 continuous, 12206 integer (12206 binary)

Root simplex log...

Iteration    Objective       Primal Inf.    Dual Inf.      Time
       0    5.7440000e+03   0.000000e+00   3.477000e+03     22s
      50    1.4008978e+04   0.000000e+00   0.000000e+00     22s
      50    1.4008978e+04   0.000000e+00   0.000000e+00     22s

Use crossover to convert LP symmetric solution to basic solution...

Root crossover log...

     417 PPushes remaining with PInf 0.0000000e+00                24s
     189 PPushes remaining with PInf 0.0000000e+00                27s
       0 PPushes remaining with PInf 0.0000000e+00                29s

  Push phase complete: Pinf 0.0000000e+00, Dinf 1.5509790e-10     29s


Root simplex log...

Iteration    Objective       Primal Inf.    Dual Inf.      Time
     470    1.4008978e+04   0.000000e+00   0.000000e+00     29s
Crossover time: 6.77 seconds (10.84 work units)

Root relaxation: objective 1.400898e+04, 470 iterations, 8.52 seconds (12.36 work units)

    Nodes    |    Current Node    |     Objective Bounds      |     Work
 Expl Unexpl |  Obj  Depth IntInf | Incumbent    BestBd   Gap | It/Node Time

     0     0 14008.9778    0 5026 15078.0000 14008.9778  7.09%     -   76s
H    0     0                    14813.000000 14008.9778  5.43%     -   76s
H    0     0                    14773.000000 14008.9778  5.17%     -   77s
H    0     0                    14755.000000 14008.9778  5.06%     -   77s
H    0     0                    14754.000000 14008.9778  5.05%     -   77s
H    0     0                    14749.000000 14008.9778  5.02%     -   77s
H    0     0                    14748.000000 14008.9778  5.01%     -   77s
H    0     0                    14746.000000 14008.9778  5.00%     -   77s
H    0     0                    14745.000000 14008.9778  4.99%     -   77s
H    0     0                    14684.000000 14008.9778  4.60%     -   77s
H    0     0                    14669.000000 14008.9778  4.50%     -   77s
H    0     0                    14638.000000 14008.9778  4.30%     -   77s
H    0     0                    14637.000000 14008.9778  4.29%     -   77s
H    0     0                    14634.000000 14008.9778  4.27%     -   77s
H    0     0                    14374.000000 14008.9778  2.54%     -   77s
H    0     0                    14370.000000 14008.9778  2.51%     -   78s
H    0     0                    14369.000000 14008.9778  2.51%     -   80s
H    0     0                    14368.000000 14008.9778  2.50%     -   83s
H    0     0                    14354.000000 14008.9778  2.40%     -   90s
     0     0 14008.9778    0 5026 14354.0000 14008.9778  2.40%     -  138s
     0     0 14008.9778    0 5026 14354.0000 14008.9778  2.40%     -  185s
H    0     0                    14352.000000 14008.9778  2.39%     -  625s
H    0     0                    14350.000000 14008.9778  2.38%     -  625s
H    0     0                    14349.000000 14008.9778  2.37%     -  625s
H    0     0                    14348.000000 14008.9778  2.36%     -  625s
H    0     0                    14347.000000 14008.9778  2.36%     -  625s
H    0     0                    14346.000000 14008.9778  2.35%     -  625s
H    0     0                    14344.000000 14008.9778  2.34%     -  625s
H    0     0                    14343.000000 14008.9778  2.33%     -  625s
H    0     0                    14338.000000 14008.9778  2.29%     -  626s
H    0     2                    14333.000000 14008.9778  2.26%     -  633s
     0     2 14008.9778    0 5026 14333.0000 14008.9778  2.26%     -  633s
H    1     3                    14323.000000 14008.9778  2.19%   0.0 3279s
H    1     3                    14290.000000 14008.9778  1.97%   0.0 3279s
     1     3 14008.9814    1 5126 14290.0000 14008.9778  1.97% 16430 3286s
H    2     5                    14287.000000 14008.9778  1.95%  8215 14400s
H    2     5                    14282.000000 14008.9778  1.91%  8215 14400s
     2     5 14009.0332    2 5163 14282.0000 14008.9778  1.91% 14522 14407s
H    3     5                    14281.000000 14008.9778  1.90%  9681 14407s

Explored 4 nodes (50860 simplex iterations) in 14407.22 seconds (28982.52 work units)
Thread count was 32 (of 32 available processors)

Solution count 10: 14281 14282 14287 ... 14346

Time limit reached
Best objective 1.428100000000e+04, best bound 1.400900000000e+04, gap 1.9046%

User-callback calls 9130372, time in user-callback 7.57 sec
