
Gurobi 13.0.2 (linux64) logging started Sun Jul 12 07:16:01 2026

Set parameter LogFile to value "/tmp/sweep_20260709_012313_china_alt400km_s75_i4_v4_gurobi.log"
Set parameter Method to value 1
Set parameter NodefileStart to value 4
Set parameter RINS to value 50
Gurobi Optimizer version 13.0.2 build v13.0.2rc1 (linux64 - "Debian GNU/Linux 13 (trixie)")

CPU model: Intel(R) Xeon(R) Platinum 8375C CPU @ 2.90GHz, instruction set [SSE2|AVX|AVX2|AVX512]
Thread count: 16 physical cores, 32 logical processors, using up to 32 threads

Non-default parameters:
TimeLimit  14400
MIPGap  0.001
Method  1
LPWarmStart  1
Heuristics  0.2
MIPFocus  1
NodefileStart  4
RINS  50
Symmetry  2
Cuts  2
CoverCuts  2
LogToConsole  0

Academic license 2812613 - for non-commercial use only - registered to no___@gatech.edu
Optimize a model with 392028 rows, 57440 columns and 53778200 nonzeros (Min)
Model fingerprint: 0xf25203a2
Model has 57440 linear objective coefficients
Variable types: 0 continuous, 57440 integer (57440 binary)
Coefficient statistics:
  Matrix range     [1e+00, 1e+00]
  Objective range  [1e+00, 1e+00]
  Bounds range     [1e+00, 1e+00]
  RHS range        [2e+01, 2e+01]

Found heuristic solution: objective 15042.000000
Presolve removed 0 rows and 0 columns (presolve time = 7s)...
Presolve removed 0 rows and 0 columns (presolve time = 14s)...
Presolve removed 0 rows and 0 columns (presolve time = 18s)...
Presolve removed 0 rows and 0 columns (presolve time = 24s)...
Presolve removed 0 rows and 0 columns (presolve time = 30s)...
Presolve removed 0 rows and 0 columns (presolve time = 37s)...
Presolve removed 0 rows and 0 columns (presolve time = 48s)...
Presolve removed 0 rows and 0 columns (presolve time = 53s)...
Presolve removed 0 rows and 0 columns (presolve time = 58s)...
Presolve removed 0 rows and 0 columns (presolve time = 64s)...
Presolve removed 0 rows and 0 columns (presolve time = 65s)...
Presolve removed 0 rows and 0 columns (presolve time = 70s)...
Presolve removed 0 rows and 0 columns (presolve time = 75s)...
Presolve removed 0 rows and 0 columns (presolve time = 80s)...
Presolve removed 0 rows and 0 columns (presolve time = 85s)...
Presolve removed 0 rows and 0 columns (presolve time = 90s)...
Presolve removed 0 rows and 0 columns (presolve time = 101s)...
Presolve removed 0 rows and 0 columns (presolve time = 105s)...
Presolve removed 0 rows and 0 columns (presolve time = 111s)...
Presolve removed 0 rows and 0 columns (presolve time = 115s)...
Presolve removed 0 rows and 0 columns (presolve time = 120s)...
Presolve removed 0 rows and 0 columns (presolve time = 125s)...
Presolve removed 0 rows and 0 columns (presolve time = 135s)...
Presolve removed 0 rows and 0 columns (presolve time = 135s)...
Presolve removed 0 rows and 0 columns (presolve time = 151s)...
Presolve removed 0 rows and 0 columns (presolve time = 155s)...
Presolve removed 0 rows and 0 columns (presolve time = 160s)...
Presolve removed 0 rows and 0 columns (presolve time = 165s)...
Presolve removed 0 rows and 0 columns (presolve time = 170s)...
Presolve removed 0 rows and 0 columns (presolve time = 175s)...
Presolve removed 0 rows and 0 columns (presolve time = 180s)...
Presolve removed 0 rows and 0 columns (presolve time = 185s)...
Presolve removed 0 rows and 0 columns (presolve time = 190s)...
Presolve removed 0 rows and 0 columns (presolve time = 195s)...
Presolve removed 0 rows and 0 columns (presolve time = 200s)...
Presolve removed 0 rows and 0 columns (presolve time = 205s)...
Presolve removed 0 rows and 0 columns (presolve time = 210s)...
Presolve removed 0 rows and 0 columns (presolve time = 215s)...
Presolve removed 0 rows and 0 columns (presolve time = 220s)...
Presolve removed 0 rows and 0 columns (presolve time = 225s)...
Presolve removed 0 rows and 0 columns (presolve time = 230s)...
Presolve removed 0 rows and 0 columns (presolve time = 235s)...
Presolve removed 0 rows and 0 columns (presolve time = 240s)...
Presolve removed 0 rows and 0 columns (presolve time = 245s)...
Presolve removed 0 rows and 0 columns (presolve time = 250s)...
Presolve removed 0 rows and 0 columns (presolve time = 255s)...
Presolve removed 0 rows and 0 columns (presolve time = 260s)...
Presolve removed 0 rows and 0 columns (presolve time = 265s)...
Presolve removed 0 rows and 0 columns (presolve time = 270s)...
Presolve removed 0 rows and 0 columns (presolve time = 275s)...
Presolve removed 0 rows and 0 columns (presolve time = 280s)...
Presolve removed 0 rows and 0 columns (presolve time = 285s)...
Presolve removed 0 rows and 0 columns (presolve time = 290s)...
Presolve removed 0 rows and 0 columns (presolve time = 295s)...
Presolve removed 0 rows and 0 columns (presolve time = 300s)...
Presolve removed 0 rows and 0 columns (presolve time = 305s)...
Presolve removed 0 rows and 0 columns (presolve time = 310s)...
Presolve removed 0 rows and 0 columns (presolve time = 315s)...
Presolve removed 0 rows and 0 columns (presolve time = 320s)...
Presolve removed 0 rows and 0 columns (presolve time = 325s)...
Presolve removed 0 rows and 0 columns (presolve time = 330s)...
Presolve removed 0 rows and 0 columns (presolve time = 335s)...
Presolve removed 0 rows and 0 columns (presolve time = 340s)...
Presolve removed 0 rows and 0 columns (presolve time = 345s)...
Presolve removed 0 rows and 0 columns (presolve time = 350s)...
Presolve removed 0 rows and 0 columns (presolve time = 355s)...
Presolve removed 0 rows and 0 columns (presolve time = 360s)...
Presolve removed 0 rows and 0 columns (presolve time = 365s)...
Presolve removed 0 rows and 0 columns (presolve time = 370s)...
Presolve removed 0 rows and 0 columns (presolve time = 375s)...
Presolve removed 0 rows and 0 columns (presolve time = 380s)...
Presolve removed 0 rows and 0 columns (presolve time = 385s)...
Presolve removed 0 rows and 0 columns (presolve time = 390s)...
Presolve removed 0 rows and 0 columns (presolve time = 395s)...
Presolve removed 0 rows and 0 columns (presolve time = 400s)...
Presolve removed 0 rows and 0 columns (presolve time = 405s)...
Presolve removed 0 rows and 0 columns (presolve time = 410s)...
Presolve removed 0 rows and 0 columns (presolve time = 415s)...
Presolve removed 0 rows and 0 columns (presolve time = 420s)...
Presolve removed 0 rows and 0 columns (presolve time = 425s)...
Presolve removed 0 rows and 0 columns (presolve time = 430s)...
Presolve removed 0 rows and 0 columns (presolve time = 435s)...
Presolve removed 0 rows and 0 columns (presolve time = 440s)...
Presolve removed 0 rows and 0 columns (presolve time = 445s)...
Presolve removed 0 rows and 0 columns (presolve time = 450s)...
Presolve removed 0 rows and 0 columns (presolve time = 455s)...
Presolve removed 0 rows and 0 columns (presolve time = 460s)...
Presolve removed 0 rows and 0 columns (presolve time = 465s)...
Presolve removed 0 rows and 0 columns (presolve time = 470s)...
Presolve removed 0 rows and 0 columns (presolve time = 475s)...
Presolve removed 0 rows and 0 columns (presolve time = 480s)...
Presolve removed 0 rows and 0 columns (presolve time = 485s)...
Presolve removed 0 rows and 0 columns (presolve time = 490s)...
Presolve removed 0 rows and 0 columns (presolve time = 495s)...
Presolve removed 0 rows and 0 columns (presolve time = 500s)...
Presolve removed 0 rows and 0 columns (presolve time = 505s)...
Presolve removed 0 rows and 0 columns (presolve time = 510s)...
Presolve removed 0 rows and 0 columns (presolve time = 515s)...
Presolve removed 0 rows and 0 columns (presolve time = 520s)...
Presolve removed 0 rows and 0 columns (presolve time = 525s)...
Presolve removed 0 rows and 0 columns (presolve time = 530s)...
Presolve removed 0 rows and 0 columns (presolve time = 535s)...
Presolve removed 0 rows and 0 columns (presolve time = 540s)...
Presolve removed 0 rows and 0 columns (presolve time = 545s)...
Presolve removed 0 rows and 0 columns (presolve time = 550s)...
Presolve removed 0 rows and 0 columns (presolve time = 555s)...
Presolve removed 0 rows and 0 columns (presolve time = 560s)...
Presolve removed 0 rows and 0 columns (presolve time = 565s)...
Presolve removed 0 rows and 0 columns (presolve time = 570s)...
Presolve removed 0 rows and 0 columns (presolve time = 575s)...
Presolve removed 0 rows and 0 columns (presolve time = 580s)...
Presolve removed 0 rows and 0 columns (presolve time = 585s)...
Presolve removed 0 rows and 0 columns (presolve time = 590s)...
Presolve removed 0 rows and 0 columns (presolve time = 595s)...
Presolve removed 0 rows and 0 columns (presolve time = 600s)...
Presolve removed 0 rows and 0 columns (presolve time = 605s)...
Presolve removed 0 rows and 0 columns (presolve time = 610s)...
Presolve removed 0 rows and 0 columns (presolve time = 615s)...
Presolve removed 0 rows and 0 columns (presolve time = 620s)...
Presolve removed 0 rows and 0 columns (presolve time = 625s)...
Presolve removed 0 rows and 0 columns (presolve time = 630s)...
Presolve removed 0 rows and 0 columns (presolve time = 635s)...
Presolve removed 0 rows and 0 columns (presolve time = 640s)...
Presolve removed 0 rows and 0 columns (presolve time = 645s)...
Presolve removed 0 rows and 0 columns (presolve time = 650s)...
Presolve removed 0 rows and 0 columns (presolve time = 655s)...
Presolve removed 0 rows and 0 columns (presolve time = 660s)...
Presolve removed 0 rows and 0 columns (presolve time = 665s)...
Presolve removed 0 rows and 0 columns (presolve time = 670s)...
Presolve removed 0 rows and 0 columns (presolve time = 675s)...
Presolve removed 0 rows and 0 columns (presolve time = 680s)...
Presolve removed 0 rows and 0 columns (presolve time = 685s)...
Presolve removed 0 rows and 0 columns (presolve time = 690s)...
Presolve removed 0 rows and 0 columns (presolve time = 695s)...
Presolve removed 0 rows and 0 columns (presolve time = 700s)...
Presolve removed 0 rows and 0 columns (presolve time = 705s)...
Presolve removed 0 rows and 0 columns (presolve time = 710s)...
Presolve removed 0 rows and 0 columns (presolve time = 715s)...
Presolve removed 0 rows and 0 columns (presolve time = 720s)...
Presolve removed 0 rows and 0 columns (presolve time = 730s)...
Presolve time: 730.10s
Presolved: 392028 rows, 57440 columns, 53778200 nonzeros
Variable types: 0 continuous, 57440 integer (57440 binary)

Root simplex log...

Iteration    Objective       Primal Inf.    Dual Inf.      Time
       0   -0.0000000e+00   0.000000e+00   6.251000e+03    759s
      90    9.0602011e+03   0.000000e+00   0.000000e+00    759s
      90    9.0602011e+03   0.000000e+00   0.000000e+00    759s

Use crossover to convert LP symmetric solution to basic solution...

Root crossover log...

  377710 variables added to crossover basis                      765s
  380200 variables added to crossover basis                      770s
  381610 variables added to crossover basis                      775s
  382420 variables added to crossover basis                      780s
  383020 variables added to crossover basis                      785s
  383530 variables added to crossover basis                      790s
  384490 variables added to crossover basis                      795s
  385090 variables added to crossover basis                      800s
  385540 variables added to crossover basis                      805s
  385900 variables added to crossover basis                      810s
  386260 variables added to crossover basis                      815s
  386590 variables added to crossover basis                      820s
  387010 variables added to crossover basis                      825s
  387430 variables added to crossover basis                      830s
  387790 variables added to crossover basis                      835s
  388090 variables added to crossover basis                      840s
  388390 variables added to crossover basis                      845s
  388690 variables added to crossover basis                      851s
  388930 variables added to crossover basis                      855s
  389200 variables added to crossover basis                      860s
  389470 variables added to crossover basis                      865s
  389680 variables added to crossover basis                      870s
  389920 variables added to crossover basis                      876s
  390130 variables added to crossover basis                      880s
  390340 variables added to crossover basis                      885s
  390550 variables added to crossover basis                      890s
  390760 variables added to crossover basis                      895s
  390970 variables added to crossover basis                      900s
  391180 variables added to crossover basis                      906s
  391360 variables added to crossover basis                      910s
  391570 variables added to crossover basis                      915s
  391780 variables added to crossover basis                      920s
  391990 variables added to crossover basis                      925s

       0 DPushes remaining with DInf 0.0000000e+00              1201s

       0 PPushes remaining with PInf 0.0000000e+00              1201s

  Push phase complete: Pinf 0.0000000e+00, Dinf 2.1855319e-08   1202s


Root simplex log...

Iteration    Objective       Primal Inf.    Dual Inf.      Time
      93    9.0602011e+03   0.000000e+00   0.000000e+00   1304s
Crossover time: 544.35 seconds (1116.43 work units)

Root relaxation: objective 9.060201e+03, 93 iterations, 568.65 seconds (1135.70 work units)

    Nodes    |    Current Node    |     Objective Bounds      |     Work
 Expl Unexpl |  Obj  Depth IntInf | Incumbent    BestBd   Gap | It/Node Time

     0     0 9060.20111    0 18668 15042.0000 9060.20111  39.8%     - 1540s
H    0     0                    11488.000000 9060.20111  21.1%     - 1541s
H    0     0                    11487.000000 9060.20111  21.1%     - 1541s
H    0     0                    11259.000000 9060.20111  19.5%     - 1856s
H    0     0                    11174.000000 9060.20111  18.9%     - 1856s
H    0     0                    11148.000000 9060.20111  18.7%     - 1856s
H    0     0                    11127.000000 9060.20111  18.6%     - 1856s
H    0     0                    11100.000000 9060.20111  18.4%     - 1857s
H    0     0                    11090.000000 9060.20111  18.3%     - 1857s
H    0     0                    11083.000000 9060.20111  18.3%     - 1913s
H    0     0                    11079.000000 9060.20111  18.2%     - 1913s
H    0     0                    11077.000000 9060.20111  18.2%     - 1956s
H    0     0                    11074.000000 9060.20111  18.2%     - 1957s
H    0     0                    11072.000000 9060.20111  18.2%     - 1989s
H    0     0                    11071.000000 9060.20111  18.2%     - 1989s
H    0     0                    11069.000000 9060.20111  18.1%     - 2020s
H    0     0                    11065.000000 9060.20111  18.1%     - 2056s
H    0     0                    11064.000000 9060.20111  18.1%     - 2056s
H    0     0                    11043.000000 9060.20111  18.0%     - 2100s
H    0     0                    11042.000000 9060.20111  17.9%     - 2176s
H    0     0                    11041.000000 9060.20111  17.9%     - 2176s
H    0     0                    11037.000000 9060.20111  17.9%     - 2223s
H    0     0                    11036.000000 9060.20111  17.9%     - 2229s
H    0     0                    11035.000000 9060.20111  17.9%     - 2229s
H    0     0                    11029.000000 9060.20111  17.9%     - 2283s
H    0     0                    11027.000000 9060.20111  17.8%     - 2283s
H    0     0                    11023.000000 9060.20111  17.8%     - 2292s
H    0     0                    11015.000000 9060.20111  17.7%     - 2441s
H    0     0                    10920.000000 9060.20111  17.0%     - 2441s
H    0     0                    10827.000000 9060.20111  16.3%     - 2441s
H    0     0                    10817.000000 9060.20111  16.2%     - 2441s
H    0     0                    10779.000000 9060.20111  15.9%     - 2442s
H    0     0                    10768.000000 9060.20111  15.9%     - 2442s
H    0     0                    10761.000000 9060.20111  15.8%     - 2536s
H    0     0                    10755.000000 9060.20111  15.8%     - 2536s
H    0     0                    10753.000000 9060.20111  15.7%     - 2630s
H    0     0                    10752.000000 9060.20111  15.7%     - 2736s
H    0     0                    10750.000000 9060.20111  15.7%     - 2736s
H    0     0                    10748.000000 9060.20111  15.7%     - 2742s
H    0     0                    10747.000000 9060.20111  15.7%     - 2742s
H    0     0                    10744.000000 9060.20111  15.7%     - 2745s
H    0     0                    10741.000000 9060.20111  15.6%     - 2746s
H    0     0                    10719.000000 9060.20111  15.5%     - 2763s
H    0     0                    10718.000000 9060.20111  15.5%     - 2763s
H    0     0                    10715.000000 9060.20111  15.4%     - 2849s
H    0     0                    10714.000000 9060.20111  15.4%     - 2850s
H    0     0                    10711.000000 9060.20111  15.4%     - 2878s
H    0     0                    10709.000000 9060.20111  15.4%     - 2878s
H    0     0                    10707.000000 9060.20111  15.4%     - 2919s
H    0     0                    10706.000000 9060.20111  15.4%     - 2919s
H    0     0                    10705.000000 9060.20111  15.4%     - 2919s
H    0     0                    10703.000000 9060.20111  15.3%     - 2919s
H    0     0                    10702.000000 9060.20111  15.3%     - 2951s
H    0     0                    10700.000000 9060.20111  15.3%     - 3049s
H    0     0                    10699.000000 9060.20111  15.3%     - 3086s
H    0     0                    10698.000000 9060.20111  15.3%     - 3087s
H    0     0                    10697.000000 9060.20111  15.3%     - 3087s
H    0     0                    10696.000000 9060.20111  15.3%     - 3131s
H    0     0                    10694.000000 9060.20111  15.3%     - 3132s
H    0     0                    10692.000000 9060.20111  15.3%     - 3132s
H    0     0                    10690.000000 9060.20111  15.2%     - 3169s
H    0     0                    10688.000000 9060.20111  15.2%     - 3169s
H    0     0                    10685.000000 9060.20111  15.2%     - 3169s
     0     0 9060.20111    0 18668 10685.0000 9060.20111  15.2%     - 5805s

Explored 1 nodes (93 simplex iterations) in 14400.59 seconds (26755.21 work units)
Thread count was 32 (of 32 available processors)

Solution count 10: 10685 10688 10690 ... 10700

Time limit reached
Best objective 1.068500000000e+04, best bound 9.061000000000e+03, gap 15.1989%

User-callback calls 961579, time in user-callback 1.60 sec
