
Gurobi 13.0.2 (linux64) logging started Mon Jul 20 10:37:12 2026

Set parameter LogFile to value "/tmp/sweep_20260716_013919_north-korea_alt550km_s100_i4_v4_gurobi.log"
Set parameter Method to value 1
Set parameter NodefileStart to value 4
Set parameter RINS to value 50
Gurobi Optimizer version 13.0.2 build v13.0.2rc1 (linux64 - "Debian GNU/Linux 13 (trixie)")

CPU model: Intel(R) Xeon(R) Platinum 8375C CPU @ 2.90GHz, instruction set [SSE2|AVX|AVX2|AVX512]
Thread count: 16 physical cores, 32 logical processors, using up to 32 threads

Non-default parameters:
TimeLimit  14400
MIPGap  0.001
Method  1
LPWarmStart  1
Heuristics  0.2
MIPFocus  1
NodefileStart  4
RINS  50
Symmetry  2
Cuts  2
CoverCuts  2
LogToConsole  0

Academic license 2812613 - for non-commercial use only - registered to no___@gatech.edu
Optimize a model with 1436 rows, 28720 columns and 141446 nonzeros (Min)
Model fingerprint: 0x0e3318c7
Model has 28720 linear objective coefficients
Variable types: 0 continuous, 28720 integer (28720 binary)
Coefficient statistics:
  Matrix range     [1e+00, 1e+00]
  Objective range  [1e+00, 1e+00]
  Bounds range     [1e+00, 1e+00]
  RHS range        [2e+01, 2e+01]

Found heuristic solution: objective 9334.0000000
Presolve removed 0 rows and 15078 columns
Presolve time: 0.09s
Presolved: 1436 rows, 13642 columns, 72518 nonzeros
Variable types: 0 continuous, 13642 integer (9334 binary)

Root simplex log...

Iteration    Objective       Primal Inf.    Dual Inf.      Time
   21708    5.4740023e+03   9.414664e+03   0.000000e+00      5s
   25798    5.4747500e+03   0.000000e+00   0.000000e+00      7s

Root relaxation: objective 5.474750e+03, 25798 iterations, 6.40 seconds (11.61 work units)

    Nodes    |    Current Node    |     Objective Bounds      |     Work
 Expl Unexpl |  Obj  Depth IntInf | Incumbent    BestBd   Gap | It/Node Time

     0     0 5474.75000    0 1234 9334.00000 5474.75000  41.3%     -    8s
H    0     0                    6025.0000000 5474.75000  9.13%     -    8s
H    0     0                    5914.0000000 5474.75000  7.43%     -    8s
H    0     0                    5581.0000000 5474.75000  1.90%     -    8s
H    0     0                    5564.0000000 5474.75000  1.60%     -    8s
H    0     0                    5560.0000000 5474.75000  1.53%     -    8s
H    0     0                    5559.0000000 5474.75000  1.52%     -    8s
H    0     0                    5558.0000000 5474.75000  1.50%     -    8s
H    0     0                    5557.0000000 5474.75000  1.48%     -    8s
H    0     0                    5556.0000000 5474.75000  1.46%     -    8s
H    0     0                    5548.0000000 5474.75000  1.32%     -    8s
H    0     0                    5536.0000000 5474.75000  1.11%     -    8s
H    0     0                    5526.0000000 5474.75000  0.93%     -    8s
H    0     0                    5525.0000000 5474.75000  0.91%     -    8s
H    0     0                    5524.0000000 5474.75000  0.89%     -    8s
H    0     0                    5521.0000000 5474.75000  0.84%     -    8s
H    0     0                    5519.0000000 5474.75000  0.80%     -    8s
H    0     0                    5518.0000000 5474.75000  0.78%     -    8s
H    0     0                    5516.0000000 5474.75000  0.75%     -    8s
H    0     0                    5514.0000000 5474.75000  0.71%     -    8s
H    0     0                    5511.0000000 5474.75000  0.66%     -    8s
H    0     0                    5510.0000000 5474.75000  0.64%     -    8s
H    0     0                    5509.0000000 5474.75000  0.62%     -    8s
H    0     0                    5506.0000000 5474.75000  0.57%     -    8s
H    0     0                    5505.0000000 5474.75000  0.55%     -    8s
H    0     0                    5504.0000000 5474.75000  0.53%     -    8s
H    0     0                    5503.0000000 5474.75000  0.51%     -    8s
H    0     0                    5502.0000000 5474.75000  0.50%     -    8s
H    0     0                    5501.0000000 5474.75000  0.48%     -    9s
H    0     0                    5500.0000000 5474.75000  0.46%     -   13s
     0     0 5474.75000    0 1332 5500.00000 5474.75000  0.46%     -   13s
H    0     0                    5499.0000000 5474.75000  0.44%     -   31s
     0     0 5474.75000    0 1315 5499.00000 5474.75000  0.44%     -   33s
     0     0 5474.75000    0 1325 5499.00000 5474.75000  0.44%     -   36s
     0     0 5474.75000    0 1203 5499.00000 5474.75000  0.44%     -   40s
     0     0 5474.75000    0 1241 5499.00000 5474.75000  0.44%     -   41s
     0     0 5474.75000    0 1399 5499.00000 5474.75000  0.44%     -   45s
     0     0 5474.75000    0 1243 5499.00000 5474.75000  0.44%     -   50s
     0     0 5474.75000    0 1268 5499.00000 5474.75000  0.44%     -   52s
     0     0 5474.75000    0 1268 5499.00000 5474.75000  0.44%     -   56s
     0     0 5474.75000    0 1201 5499.00000 5474.75000  0.44%     -   60s
H    0     0                    5498.0000000 5474.75000  0.42%     -   77s
     0     2 5474.75000    0 1188 5498.00000 5474.75000  0.42%     -   79s
     1     4 5474.75000    1 1345 5498.00000 5474.75000  0.42%  2431   80s
     7    15 5474.75000    3 1353 5498.00000 5474.75000  0.42%   935   90s
    14    28 5474.75000    4 1361 5498.00000 5474.75000  0.42%   588  102s
    25    28 5474.75000    4 1400 5498.00000 5474.75000  0.42%   469  106s
    29    44 5474.75000    5 1339 5498.00000 5474.75000  0.42%  1044  113s
H   30    44                    5497.0000000 5474.75000  0.40%  1010  113s
    45    60 5474.75000    6 1355 5497.00000 5474.75000  0.40%  1534  123s
H   46    60                    5496.0000000 5474.75000  0.39%  1500  123s
H   55    60                    5494.0000000 5474.75000  0.35%  1298  123s
    61    76 5474.75000    7 1354 5494.00000 5474.75000  0.35%  1203  136s
    77    98 5474.75000    7 1350 5494.00000 5474.75000  0.35%   981  159s
H   99   130                    5493.0000000 5474.75000  0.33%   782  202s
H  101   130                    5492.0000000 5474.75000  0.31%   768  202s
   132   131 5474.75000    9 1201 5492.00000 5474.75000  0.31%   607  233s
   134   132 5474.75000    5 1234 5492.00000 5474.75000  0.31%   598  246s
   135   133 5474.75000    6 1220 5492.00000 5474.75000  0.31%   593  273s
H  135   126                    5491.0000000 5474.75000  0.30%   593  274s
   136   127 5474.75000    6 1260 5491.00000 5474.75000  0.30%   589  275s
   137   127 5474.75000    9 1227 5491.00000 5474.75000  0.30%   585  287s
   138   128 5474.75000   11 1322 5491.00000 5474.75000  0.30%   580  294s
   139   129 5474.75000    8 1262 5491.00000 5474.75000  0.30%   576  307s
   140   129 5474.75000   11 1284 5491.00000 5474.75000  0.30%   572  313s
   141   130 5474.75000    9 1320 5491.00000 5474.75000  0.30%   568  327s
   142   131 5474.75000    9 1347 5491.00000 5474.75000  0.30%   564  334s
   143   131 5474.75000    9 1251 5491.00000 5474.75000  0.30%   560  350s
   144   132 5474.87500   10 1251 5491.00000 5474.87500  0.29%   556  412s
   146   135 5474.87500    9 1201 5491.00000 5474.87500  0.29%  1551  449s
   148   136 5474.87500    9 1234 5491.00000 5474.87500  0.29%  1530  461s
   149   137 5474.87500   10 1222 5491.00000 5474.87500  0.29%  1520  495s
   151   138 5474.87500    8 1258 5491.00000 5474.87500  0.29%  1500  510s
   152   139 5474.87500    9 1316 5491.00000 5474.87500  0.29%  1490  517s
   153   140 5474.87500    9 1283 5491.00000 5474.87500  0.29%  1480  531s
   154   140 5474.87500   10 1307 5491.00000 5474.87500  0.29%  1471  538s
   155   141 5474.87500    9 1330 5491.00000 5474.87500  0.29%  1461  554s
   156   142 5474.87500    9 1323 5491.00000 5474.87500  0.29%  1452  561s
   157   142 5474.87500    5 1315 5491.00000 5474.87500  0.29%  1443  579s
   158   143 5474.87500    9 1315 5491.00000 5474.87500  0.29%  1434  641s
   160   146 5474.87500    9 1201 5491.00000 5474.87500  0.29%  2396  690s
   162   147 5474.87500    6 1234 5491.00000 5474.87500  0.29%  2366  702s
   163   148 5474.87500    9 1260 5491.00000 5474.87500  0.29%  2351  733s
   164   149 5474.87500    6 1312 5491.00000 5474.87500  0.29%  2337  735s
   165   149 5474.87500    9 1272 5491.00000 5474.87500  0.29%  2323  747s
H  165   141                    5490.0000000 5474.87500  0.28%  2323  756s
   167   143 5474.87500    5 1256 5490.00000 5474.87500  0.28%  2295  768s
   168   143 5474.87500    9 1269 5490.00000 5474.87500  0.28%  2282  776s
   169   144 5474.87500    8 1260 5490.00000 5474.87500  0.28%  2268  792s
   170   145 5474.87500   10 1285 5490.00000 5474.87500  0.28%  2255  799s
   171   145 5474.87500    8 1242 5490.00000 5474.87500  0.28%  2241  816s
   172   146 5474.87500    9 1242 5490.00000 5474.87500  0.28%  2228  881s
   174   149 5474.87500    8 1201 5490.00000 5474.87500  0.28%  3012  921s
   176   150 5474.87500    6 1234 5490.00000 5474.87500  0.28%  2978  934s
   177   151 5474.87500   10 1220 5490.00000 5474.87500  0.28%  2961  962s
   179   152 5474.87500   11 1242 5490.00000 5474.87500  0.28%  2928  977s
   180   153 5474.87500    9 1295 5490.00000 5474.87500  0.28%  2912  984s
   181   154 5474.87500    6 1255 5490.00000 5474.87500  0.28%  2895  999s
   182   154 5474.87500    9 1302 5490.00000 5474.87500  0.28%  2880 1006s
   183   155 5474.87500   10 1318 5490.00000 5474.87500  0.28%  2864 1022s
   184   156 5474.87500    9 1331 5490.00000 5474.87500  0.28%  2848 1030s
   185   156 5474.87500    8 1291 5490.00000 5474.87500  0.28%  2833 1048s
   186   157 5474.87500    9 1291 5490.00000 5474.87500  0.28%  2818 1114s
   188   160 5474.87500    5 1201 5490.00000 5474.87500  0.28%  3657 1154s
   190   161 5474.87500    8 1234 5490.00000 5474.87500  0.28%  3619 1167s
   191   162 5474.87500    8 1247 5490.00000 5474.87500  0.28%  3600 1193s
   193   163 5474.87500    8 1252 5490.00000 5474.87500  0.28%  3563 1208s
   194   164 5474.87500    8 1299 5490.00000 5474.87500  0.28%  3544 1215s
   195   165 5474.87500    8 1260 5490.00000 5474.87500  0.28%  3526 1230s
   196   165 5474.87500    8 1327 5490.00000 5474.87500  0.28%  3508 1237s
   197   166 5474.87500   10 1293 5490.00000 5474.87500  0.28%  3490 1253s
   198   167 5474.87500    6 1323 5490.00000 5474.87500  0.28%  3473 1261s
   199   167 5474.87500   10 1259 5490.00000 5474.87500  0.28%  3455 1279s
   200   168 5474.87500    9 1259 5490.00000 5474.87500  0.28%  3438 1371s
   202   171 5474.87500    8 1201 5490.00000 5474.87500  0.28%  4188 1410s
   204   172 5474.87500    8 1234 5490.00000 5474.87500  0.28%  4147 1422s
   205   173 5474.87500    9 1250 5490.00000 5474.87500  0.28%  4126 1450s
   207   174 5474.87500    8 1268 5490.00000 5474.87500  0.28%  4086 1464s
   208   175 5474.87500    8 1301 5490.00000 5474.87500  0.28%  4067 1471s
   209   176 5474.87500   10 1268 5490.00000 5474.87500  0.28%  4047 1485s
   210   176 5474.87500    8 1310 5490.00000 5474.87500  0.28%  4028 1492s
   211   177 5474.87500    5 1312 5490.00000 5474.87500  0.28%  4009 1509s
   212   178 5474.87500    9 1312 5490.00000 5474.87500  0.28%  3990 1516s
   213   178 5474.87500    9 1284 5490.00000 5474.87500  0.28%  3971 1535s
   214   179 5474.87500    8 1284 5490.00000 5474.87500  0.28%  3953 1622s
   216   182 5474.87500    8 1201 5490.00000 5474.87500  0.28%  4672 1670s
   218   183 5474.87500    8 1234 5490.00000 5474.87500  0.28%  4629 1682s
   219   184 5474.87500    9 1237 5490.00000 5474.87500  0.28%  4608 1709s
   220   185 5474.87500    9 1313 5490.00000 5474.87500  0.28%  4587 1710s
   221   185 5474.87500    9 1263 5490.00000 5474.87500  0.28%  4567 1723s
   222   186 5474.87500    8 1318 5490.00000 5474.87500  0.28%  4546 1730s
   223   187 5474.87500    9 1244 5490.00000 5474.87500  0.28%  4526 1745s
   224   187 5474.87500   10 1311 5490.00000 5474.87500  0.28%  4505 1752s
   225   188 5474.87500    9 1271 5490.00000 5474.87500  0.28%  4485 1767s
   226   189 5474.87500    9 1303 5490.00000 5474.87500  0.28%  4466 1774s
   227   189 5474.87500    9 1237 5490.00000 5474.87500  0.28%  4446 1790s
   228   190 5474.87500   11 1237 5490.00000 5474.87500  0.28%  4426 1853s
   230   193 5474.87500    6 1201 5490.00000 5474.87500  0.28%  5051 1860s
   232   194 5474.87500    9 1234 5490.00000 5474.87500  0.28%  5007 1872s
   233   195 5474.87500    8 1212 5490.00000 5474.87500  0.28%  4986 1904s
   234   196 5474.87500    5 1272 5490.00000 5474.87500  0.28%  4964 1905s
   235   196 5474.87500    6 1243 5490.00000 5474.87500  0.28%  4943 1919s
   236   197 5474.87500    6 1296 5490.00000 5474.87500  0.28%  4922 1926s
   237   198 5474.87500    9 1223 5490.00000 5474.87500  0.28%  4901 1941s
   238   198 5474.87500   11 1263 5490.00000 5474.87500  0.28%  4881 1948s
   239   199 5474.87500    8 1242 5490.00000 5474.87500  0.28%  4860 1965s
   240   200 5474.87500   11 1317 5490.00000 5474.87500  0.28%  4840 1972s
   241   200 5474.87500    9 1180 5490.00000 5474.87500  0.28%  4820 1991s
   242   201 5474.87500    9 1180 5490.00000 5474.87500  0.28%  4800 2077s
   244   204 5474.87500   10 1201 5490.00000 5474.87500  0.28%  5453 2086s
   246   205 5474.87500    9 1234 5490.00000 5474.87500  0.28%  5408 2099s
   247   206 5474.87500    9 1238 5490.00000 5474.87500  0.28%  5386 2129s
   248   207 5474.87500    9 1309 5490.00000 5474.87500  0.28%  5365 2131s
   249   207 5474.87500   10 1241 5490.00000 5474.87500  0.28%  5343 2142s
   250   208 5474.87500    8 1284 5490.00000 5474.87500  0.28%  5322 2149s
   251   209 5474.87500    8 1247 5490.00000 5474.87500  0.28%  5300 2164s
   252   209 5474.87500    9 1306 5490.00000 5474.87500  0.28%  5279 2172s
   253   210 5474.87500    9 1289 5490.00000 5474.87500  0.28%  5259 2187s
   254   211 5474.87500   10 1314 5490.00000 5474.87500  0.28%  5238 2194s
   255   211 5474.87500    9 1277 5490.00000 5474.87500  0.28%  5217 2213s
   256   212 5474.87500    9 1277 5490.00000 5474.87500  0.28%  5197 2288s
   257   216 5474.87500  118 1361 5490.00000 5474.87500  0.28%  5816 2292s
   263   224     cutoff  120      5490.00000 5474.87500  0.28%  5702 2295s
   285   246 5474.87500  122 1361 5490.00000 5474.87500  0.28%  5290 2300s
   344   286 5474.87500  126 1355 5490.00000 5474.87500  0.28%  4413 2311s
   360   296 5474.87500  127 1357 5490.00000 5474.87500  0.28%  4222 2324s
   376   310 5474.87500  128 1354 5490.00000 5474.87500  0.28%  4048 2341s
   395   320 5474.87500  128 1352 5490.00000 5474.87500  0.28%  3860 2359s
   411   381 5474.87500  129 1340 5490.00000 5474.87500  0.28%  3714 2385s
   478   446 5474.87500  132 1347 5490.00000 5474.87500  0.28%  3210 2424s
   565   984 5474.87500  133 1353 5490.00000 5474.87500  0.28%  2733 2494s
  1132  1679 5474.87500  149 1352 5490.00000 5474.87500  0.28%  1415 2631s
  1936  2294 5474.87500  182 1324 5490.00000 5474.87500  0.28%   869 2778s
  2551  2913 5474.87500  196 1323 5490.00000 5474.87500  0.28%   692 2939s
  3170  3859 5474.87500  217 1329 5490.00000 5474.87500  0.28%   593 3094s
  4116  4932 5474.87500  228 1311 5490.00000 5474.87500  0.28%   498 3248s
H 5036  4932                    5489.0000000 5474.87500  0.26%   460 3248s
  5189  5547 5474.87500  263 1290 5489.00000 5474.87500  0.26%   454 3388s
  5804  5774 5474.87500  286 1250 5489.00000 5474.87500  0.26%   438 3532s
  6031  6236 5474.87500  293 1245 5489.00000 5474.87500  0.26%   439 3683s
  6493  7689 5474.87500  300 1234 5489.00000 5474.87500  0.26%   440 3836s
  7946  7897 5474.87500  332 1218 5489.00000 5474.87500  0.26%   431 3982s
  8154  9749 5474.87500  346 1199 5489.00000 5474.87500  0.26%   438 4122s
 10006  9765 5474.87500  375 1152 5489.00000 5474.87500  0.26%   508 4269s
 10022  9990 5474.87500  376 1150 5489.00000 5474.87500  0.26%   508 4401s
 10247 10371 5475.12851  405 1155 5489.00000 5474.87500  0.26%   515 4534s
 10628 10987 5475.45334  421 1146 5489.00000 5474.87500  0.26%   516 4661s
 11298 11626 5475.85858  444 1148 5489.00000 5474.87500  0.26%   514 4806s
 11937 12237 5476.26999  472 1129 5489.00000 5474.87500  0.26%   522 4943s
 12548 13173 5476.55832  490 1123 5489.00000 5474.87500  0.26%   517 5078s
 13484 14584 5476.91969  509 1136 5489.00000 5474.87500  0.26%   522 5210s
 14895 15652 5477.57956  536 1114 5489.00000 5474.87500  0.26%   510 5335s
 15963 17336 5477.95337  556 1144 5489.00000 5474.87500  0.26%   514 5454s
 17723 18666 5478.99272  611 1123 5489.00000 5474.87500  0.26%   502 5560s
 19105 19943 5479.80607  635 1138 5489.00000 5474.87500  0.26%   492 5664s
 20440 21189 5480.61357  666 1111 5489.00000 5474.87500  0.26%   483 5797s
 21720 22398 5481.21537  683 1128 5489.00000 5474.87500  0.26%   473 5889s
 22979 23248 5481.71747  701 1138 5489.00000 5474.87500  0.26%   465 5970s
 23829 24126 5482.19428  719 1107 5489.00000 5474.87500  0.26%   461 6055s
 24707 25178 5482.39612  725 1128 5489.00000 5474.87500  0.26%   456 6142s
 25937 26082 5483.59367  763 1129 5489.00000 5474.87500  0.26%   449 6231s
 26903 26098 5484.23488  787 1156 5489.00000 5474.87500  0.26%   443 6350s
 26919 26176 5484.25787  787 1170 5489.00000 5474.87500  0.26%   443 6451s
 26997 26354 5484.27045  786 1156 5489.00000 5474.87500  0.26%   443 6549s
 27175 26870 5484.21690  784 1174 5489.00000 5474.87500  0.26%   442 6661s
 27691 27399 5484.33659  788 1149 5489.00000 5474.87500  0.26%   440 6777s
 28220 28295 5485.12190  812 1141 5489.00000 5474.87500  0.26%   439 6892s
 29166 29268 5486.10138  844 1136 5489.00000 5474.87500  0.26%   435 7018s
 30256 30662 5487.32742  877 1155 5489.00000 5474.87500  0.26%   430 7153s
 31794 31491 5474.87500  168 1358 5489.00000 5474.87500  0.26%   422 7287s
 32623 32989 5474.87500  175 1363 5489.00000 5474.87500  0.26%   417 7424s
 34121 34330 5474.87500  253 1297 5489.00000 5474.87500  0.26%   412 7564s
 35604 36277 5475.41658  333 1219 5489.00000 5474.87500  0.26%   418 7710s
 37551 38308 5477.42192  430 1227 5489.00000 5474.87500  0.26%   421 7853s
 39668 40100 5479.93887  530 1243 5489.00000 5474.87500  0.26%   426 7999s
 41544 42541 5483.33014  663 1211 5489.00000 5474.87500  0.26%   425 8210s
 44069 42557 5485.56171  770 1213 5489.00000 5474.87500  0.26%   423 8397s
 44085 43000 5485.58684  771 1225 5489.00000 5474.87500  0.26%   423 8545s
 44551 44576 5485.60411  772 1224 5489.00000 5474.87500  0.26%   422 8720s
 46151 45439 5485.64229  773 1210 5489.00000 5474.87500  0.26%   418 8911s
 47014 47247 5485.67131  774 1199 5489.00000 5474.87500  0.26%   423 9098s
 48822 49120 5485.70633  775 1227 5489.00000 5474.87500  0.26%   422 9279s
 50737 49136 5486.46905  804 1219 5489.00000 5474.87500  0.26%   420 9483s
 50753 50307 5486.50623  805 1220 5489.00000 5474.87500  0.26%   420 9690s
 51924 51904 5486.53192  806 1221 5489.00000 5474.87500  0.26%   417 9872s
 53559 53671 5486.55832  807 1223 5489.00000 5474.87500  0.26%   415 10053s
 55456 55574 5486.57079  808 1228 5489.00000 5474.87500  0.26%   412 10237s
 57431 57351 5474.87500  157 1359 5489.00000 5474.87500  0.26%   408 10411s
 59332 59231 5474.87500  277 1277 5489.00000 5474.87500  0.26%   406 10580s
 61254 61526 5474.88019  396 1150 5489.00000 5474.87500  0.26%   403 10742s
 63589 63863 5477.11410  539 1172 5489.00000 5474.87500  0.26%   399 10949s
 66097 65049 5480.82558  727 1195 5489.00000 5474.87500  0.26%   395 11085s
 67317 65065 5483.25864  831 1189 5489.00000 5474.87500  0.26%   392 11274s
 67333 65461 5483.26423  832 1182 5489.00000 5474.87500  0.26%   392 11422s
 67795 66000 5484.05462  864 1190 5489.00000 5474.87500  0.26%   391 11605s
 68408 67533 5484.97271  906 1163 5489.00000 5474.87500  0.26%   390 11801s
 70017 69559     cutoff 1036      5489.00000 5474.87500  0.26%   387 11991s
 72159 71755 5474.87500  268 1337 5489.00000 5474.87500  0.26%   386 12179s
 74429 73721 5474.87500  410 1319 5489.00000 5474.87500  0.26%   389 12349s
 76395 75284 5474.87500  582 1245 5489.00000 5474.87500  0.26%   388 12509s
 78081 77091 5475.49913  688 1175 5489.00000 5474.87500  0.26%   389 12669s
 79980 78803 5479.10828  908 1209 5489.00000 5474.87500  0.26%   386 12827s
 81816 78819 5483.64119 1129 1200 5489.00000 5474.87500  0.26%   384 13025s
 81832 79115 5483.65513 1130 1202 5489.00000 5474.87500  0.26%   384 13198s
 82136 80292 5484.03840 1149 1168 5489.00000 5474.87500  0.26%   384 13391s
 83433 81931 5474.87500  198 1313 5489.00000 5474.87500  0.26%   382 13559s
 85072 84036 5474.87500  266 1271 5489.00000 5474.87500  0.26%   381 13766s
 87204 84395 5474.89138  395 1130 5489.00000 5474.87500  0.26%   382 13976s
 87563 85476 5474.92221  397 1125 5489.00000 5474.87500  0.26%   382 14167s
 88644 87367 5477.34728  524 1146 5489.00000 5474.87500  0.26%   383 14384s
 90675 87629 5480.94575  688 1136 5489.00000 5474.87500  0.26%   382 14400s

Cutting planes:
  Gomory: 6
  MIR: 128
  Flow cover: 415
  Zero half: 126

Explored 90991 nodes (34824171 simplex iterations) in 14400.08 seconds (42574.40 work units)
Thread count was 32 (of 32 available processors)

Solution count 10: 5489 5490 5491 ... 5499

Time limit reached
Best objective 5.489000000000e+03, best bound 5.475000000000e+03, gap 0.2551%

User-callback calls 3429995, time in user-callback 11.68 sec
