
Gurobi 13.0.2 (linux64) logging started Fri Jul 17 06:41:33 2026

Set parameter LogFile to value "/tmp/sweep_20260716_013919_north-korea_alt260km_s100_i4_v5_gurobi.log"
Set parameter Method to value 1
Set parameter NodefileStart to value 4
Set parameter RINS to value 50
Gurobi Optimizer version 13.0.2 build v13.0.2rc1 (linux64 - "Debian GNU/Linux 13 (trixie)")

CPU model: Intel(R) Xeon(R) Platinum 8375C CPU @ 2.90GHz, instruction set [SSE2|AVX|AVX2|AVX512]
Thread count: 16 physical cores, 32 logical processors, using up to 32 threads

Non-default parameters:
TimeLimit  14400
MIPGap  0.001
Method  1
LPWarmStart  1
Heuristics  0.2
MIPFocus  1
NodefileStart  4
RINS  50
Symmetry  2
Cuts  2
CoverCuts  2
LogToConsole  0

Academic license 2812613 - for non-commercial use only - registered to no___@gatech.edu
Optimize a model with 1436 rows, 28720 columns and 252018 nonzeros (Min)
Model fingerprint: 0x9bc5a1de
Model has 28720 linear objective coefficients
Variable types: 0 continuous, 28720 integer (28720 binary)
Coefficient statistics:
  Matrix range     [1e+00, 1e+00]
  Objective range  [1e+00, 1e+00]
  Bounds range     [1e+00, 1e+00]
  RHS range        [2e+01, 2e+01]

Found heuristic solution: objective 6080.0000000
Presolve removed 0 rows and 13642 columns
Presolve time: 0.17s
Presolved: 1436 rows, 15078 columns, 150062 nonzeros
Variable types: 0 continuous, 15078 integer (9334 binary)

Root simplex log...

Iteration    Objective       Primal Inf.    Dual Inf.      Time
   10726    2.3811905e+03   3.127832e+03   0.000000e+00      5s
   12060    2.3824545e+03   0.000000e+00   0.000000e+00      6s

Root relaxation: objective 2.382455e+03, 12060 iterations, 5.96 seconds (11.71 work units)

    Nodes    |    Current Node    |     Objective Bounds      |     Work
 Expl Unexpl |  Obj  Depth IntInf | Incumbent    BestBd   Gap | It/Node Time

     0     0 2382.45455    0 1436 6080.00000 2382.45455  60.8%     -    6s
H    0     0                    4349.0000000 2382.45455  45.2%     -    6s
H    0     0                    2872.0000000 2382.45455  17.0%     -    6s
H    0     0                    2438.0000000 2382.45455  2.28%     -    6s
H    0     0                    2435.0000000 2382.45455  2.16%     -    7s
H    0     0                    2431.0000000 2382.45455  2.00%     -    7s
H    0     0                    2429.0000000 2382.45455  1.92%     -    7s
H    0     0                    2428.0000000 2382.45455  1.88%     -    7s
H    0     0                    2427.0000000 2382.45455  1.84%     -    7s
H    0     0                    2425.0000000 2382.45455  1.75%     -    7s
H    0     0                    2424.0000000 2382.45455  1.71%     -   11s
H    0     0                    2423.0000000 2382.45455  1.67%     -   11s
     0     0 2382.45455    0 1436 2423.00000 2382.45455  1.67%     -   25s
     0     2 2382.45455    0 1436 2423.00000 2382.45455  1.67%     -   45s
     1     3 2382.48763    1 1436 2423.00000 2382.48763  1.67%   1.0   51s
     2     5 2382.50871    2 1436 2423.00000 2382.50871  1.67%   1.5   57s
     4     8 2382.57443    3 1432 2423.00000 2382.52703  1.67%   4.8   63s
     7     8 2382.58649    3 1432 2423.00000 2382.52784  1.67%   5.6   65s
     9    16 2382.62887    4 1430 2423.00000 2382.54230  1.67%   8.7   73s
    17    32 2382.67423    5 1430 2423.00000 2382.55912  1.67%  11.4   84s
    33    73 2382.74858    6 1429 2423.00000 2382.58964  1.67%  15.0  103s
H   34    73                    2422.0000000 2382.58964  1.63%  14.6  103s
H   74    73                    2421.0000000 2382.58964  1.59%  20.7  114s
    75    74 2382.63194    6 1436 2421.00000 2382.58964  1.59%  20.4  123s
    77    75 2382.74770    6 1436 2421.00000 2382.58964  1.59%  19.9  161s
    78    76 2382.78981    9 1436 2421.00000 2382.58964  1.59%  19.6  166s
H   78    72                    2420.0000000 2382.58964  1.55%  19.6  181s
H   78    68                    2419.0000000 2382.59091  1.51%  19.6  196s
H   78    65                    2418.0000000 2382.59091  1.46%  19.6  197s
H   78    61                    2417.0000000 2382.59091  1.42%  19.6  201s
H   78    58                    2416.0000000 2382.59091  1.38%  19.6  203s
    79    59 2382.65506    6 1436 2416.00000 2382.59091  1.38%  19.4  205s
H   80    57                    2415.0000000 2382.59091  1.34%   170  220s
    81    58 2382.81311    9 1436 2415.00000 2382.59091  1.34%   168  228s
    83    59 2382.74586    8 1436 2415.00000 2382.59091  1.34%   164  266s
    84    60 2382.66887    6 1436 2415.00000 2382.59091  1.34%   162  270s
H   84    56                    2414.0000000 2382.59091  1.30%   162  287s
    85    57 2382.70803    7 1436 2414.00000 2382.59091  1.30%   160  315s
    87    56 2382.83532    8 1436 2414.00000 2382.59091  1.30%   295  343s
    89    57 2382.80919    7 1436 2414.00000 2382.59091  1.30%   288  380s
    90    58 2382.80224    7 1436 2414.00000 2382.59091  1.30%   285  385s
    91    59 2382.85284    9 1436 2414.00000 2382.59091  1.30%   282  434s
    93    58 2382.65506    6 1436 2414.00000 2382.59091  1.30%   406  467s
    95    59 2382.72167    6 1436 2414.00000 2382.59091  1.30%   397  505s
    97    61 2382.79893    7 1436 2414.00000 2382.59091  1.30%   389  558s
H   98    58                    2413.0000000 2382.59091  1.26%   508  576s
    99    59 2382.80224    7 1436 2413.00000 2382.59091  1.26%   503  597s
   101    60 2382.86360   10 1436 2413.00000 2382.59091  1.26%   493  635s
   102    61 2382.80224    7 1436 2413.00000 2382.59091  1.26%   488  640s
H  102    57                    2412.0000000 2382.59091  1.22%   488  668s
   103    58 2382.78058   10 1436 2412.00000 2382.59091  1.22%   483  688s
   105    60 2382.70600    7 1436 2412.00000 2382.59091  1.22%   589  732s
   107    61 2382.75711    7 1436 2412.00000 2382.59091  1.22%   578  770s
H  108    58                    2411.0000000 2382.59091  1.18%   573  807s
   109    59 2382.84106    8 1436 2411.00000 2382.59091  1.18%   567  841s
   111    61 2382.81800    9 1436 2411.00000 2382.59091  1.18%   666  892s
   113    62 2382.67899    6 1436 2411.00000 2382.59091  1.18%   654  929s
   114    63 2382.65506    6 1436 2411.00000 2382.59091  1.18%   648  933s
   115    64 2382.64737    7 1436 2411.00000 2382.59091  1.18%   643  986s
   117    66 2382.90377    9 1436 2411.00000 2382.59091  1.18%   735 1042s
   119    67 2382.86542    8 1436 2411.00000 2382.59091  1.18%   722 1079s
   120    68 2382.78981    9 1436 2411.00000 2382.59091  1.18%   716 1084s
   121    69 2382.77058    9 1436 2411.00000 2382.59091  1.18%   710 1136s
   123    71 2382.71329    6 1436 2411.00000 2382.59091  1.18%   797 1194s
   125    72 2382.72549    6 1436 2411.00000 2382.59091  1.18%   784 1231s
   126    73 2382.73476    6 1436 2411.00000 2382.59091  1.18%   778 1236s
   127    74 2382.80088    7 1436 2411.00000 2382.59091  1.18%   772 1289s
   129    76 2382.73562    7 1436 2411.00000 2382.59091  1.18%   853 1342s
   131    77 2382.65506    6 1436 2411.00000 2382.59091  1.18%   840 1380s
   133    79 2382.80357   10 1436 2411.00000 2382.59091  1.18%   828 1437s
   135    81 2382.63194    6 1436 2411.00000 2382.59091  1.18%   905 1492s
   137    82 2382.74916    7 1436 2411.00000 2382.59091  1.18%   891 1530s
   138    83 2382.70600    7 1436 2411.00000 2382.59091  1.18%   885 1535s
   139    84 2382.86360   10 1436 2411.00000 2382.59091  1.18%   879 1588s
   141    86 2382.72554    6 1436 2411.00000 2382.59091  1.18%   952 1645s
   143    87 2382.79246    9 1436 2411.00000 2382.59091  1.18%   938 1683s
   144    88 2382.74586    8 1436 2411.00000 2382.59091  1.18%   932 1687s
   145    89 2382.80135    7 1436 2411.00000 2382.59091  1.18%   925 1740s
   147    91 2382.80549    9 1436 2411.00000 2382.59091  1.18%   995 1795s
   149    92 2382.81728    8 1436 2411.00000 2382.59091  1.18%   982 1832s
   150    93 2382.80135    7 1436 2411.00000 2382.59091  1.18%   975 1837s
   151    94 2382.79893    7 1436 2411.00000 2382.59091  1.18%   969 1890s
   153    96 2382.82636    8 1436 2411.00000 2382.59091  1.18%  1035 1943s
   155    97 2382.65506    6 1436 2411.00000 2382.59091  1.18%  1021 1981s
   156    98 2382.74770    6 1436 2411.00000 2382.59091  1.18%  1015 1986s
   157    99 2382.72554    6 1436 2411.00000 2382.59091  1.18%  1008 2039s
   159   101 2382.77814    7 1436 2411.00000 2382.59091  1.18%  1072 2094s
   161   102 2382.74916    7 1436 2411.00000 2382.59091  1.18%  1058 2132s
   162   103 2382.80224    7 1436 2411.00000 2382.59091  1.18%  1052 2136s
   163   104 2382.86023    9 1436 2411.00000 2382.59091  1.18%  1045 2189s
   165   106 2382.90377    9 1436 2411.00000 2382.59091  1.18%  1106 2256s
   167   107 2382.66887    6 1436 2411.00000 2382.59091  1.18%  1092 2294s
   168   108 2382.78800    8 1436 2411.00000 2382.59091  1.18%  1086 2299s
   169   109 2382.78058   10 1436 2411.00000 2382.59091  1.18%  1079 2351s
   171   111 2382.73476    6 1436 2411.00000 2382.59091  1.18%  1137 2407s
   173   112 2382.67899    6 1436 2411.00000 2382.59091  1.18%  1124 2445s
   175   114 2382.63194    6 1436 2411.00000 2382.59091  1.18%  1111 2502s
   177   116 2382.74770    6 1436 2411.00000 2382.59091  1.18%  1167 2556s
   179   117 2382.65506    6 1436 2411.00000 2382.59091  1.18%  1154 2594s
   180   118 2382.73476    6 1436 2411.00000 2382.59091  1.18%  1148 2599s
   181   119 2382.81311    9 1436 2411.00000 2382.59091  1.18%  1141 2651s
   183   121 2382.74586    8 1436 2411.00000 2382.59091  1.18%  1195 2702s
   185   122 2382.70803    7 1436 2411.00000 2382.59091  1.18%  1182 2739s
   186   123 2382.89943    9 1436 2411.00000 2382.59091  1.18%  1175 2744s
   187   124 2382.83532    8 1436 2411.00000 2382.59091  1.18%  1169 2796s
   189   126 2382.80919    7 1436 2411.00000 2382.59091  1.18%  1220 2850s
   191   127 2382.85284    9 1436 2411.00000 2382.59091  1.18%  1208 2887s
   192   128 2382.84764    9 1436 2411.00000 2382.59091  1.18%  1201 2892s
   193   129 2382.65506    6 1436 2411.00000 2382.59091  1.18%  1195 2944s
   195   131 2382.72167    6 1436 2411.00000 2382.59091  1.18%  1245 2998s
   197   132 2382.79893    7 1436 2411.00000 2382.59091  1.18%  1232 3035s
   198   133 2382.79893    7 1436 2411.00000 2382.59091  1.18%  1226 3040s
   199   134 2382.80224    7 1436 2411.00000 2382.59091  1.18%  1220 3093s
   201   136 2382.86360   10 1436 2411.00000 2382.59091  1.18%  1268 3155s
   203   137 2382.78058   10 1436 2411.00000 2382.59091  1.18%  1255 3193s
   204   138 2382.92388    9 1436 2411.00000 2382.59091  1.18%  1249 3197s
   205   139 2382.70600    7 1436 2411.00000 2382.59091  1.18%  1243 3250s
   207   141 2382.75711    7 1436 2411.00000 2382.59091  1.18%  1289 3306s
   209   142 2382.84106    8 1436 2411.00000 2382.59091  1.18%  1277 3344s
   210   143 2382.80549    9 1436 2411.00000 2382.59091  1.18%  1271 3349s
   211   144 2382.81800    9 1436 2411.00000 2382.59091  1.18%  1265 3402s
   213   146 2382.67899    6 1436 2411.00000 2382.59091  1.18%  1309 3460s
   215   147 2382.64737    7 1436 2411.00000 2382.59091  1.18%  1297 3498s
   216   148 2382.73562    7 1436 2411.00000 2382.59091  1.18%  1291 3502s
   217   149 2382.90377    9 1436 2411.00000 2382.59091  1.18%  1285 3555s
   219   151 2382.86542    8 1436 2411.00000 2382.59091  1.18%  1329 3611s
   221   152 2382.77058    9 1436 2411.00000 2382.59091  1.18%  1317 3648s
   222   153 2382.84106    8 1436 2411.00000 2382.59091  1.18%  1311 3653s
   223   154 2382.71329    6 1436 2411.00000 2382.59091  1.18%  1305 3705s
   225   156 2382.72549    6 1436 2411.00000 2382.59091  1.18%  1347 3765s
   227   157 2382.80088    7 1436 2411.00000 2382.59091  1.18%  1335 3803s
   228   158 2382.70600    7 1436 2411.00000 2382.59091  1.18%  1329 3807s
   229   159 2382.73562    7 1436 2411.00000 2382.59091  1.18%  1323 3860s
   231   161 2382.65506    6 1436 2411.00000 2382.59091  1.18%  1364 3915s
   233   162 2382.80357   10 1436 2411.00000 2382.59091  1.18%  1352 3953s
   234   163 2382.78058   10 1436 2411.00000 2382.59091  1.18%  1347 3958s
   235   164 2382.63194    6 1436 2411.00000 2382.59091  1.18%  1341 4010s
   237   166 2382.74916    7 1436 2411.00000 2382.59091  1.18%  1380 4064s
   239   167 2382.86360   10 1436 2411.00000 2382.59091  1.18%  1369 4101s
   240   168 2382.82636    8 1436 2411.00000 2382.59091  1.18%  1363 4105s
   241   169 2382.72554    6 1436 2411.00000 2382.59091  1.18%  1357 4158s
   243   171 2382.79246    9 1436 2411.00000 2382.59091  1.18%  1396 4216s
   245   172 2382.80135    7 1436 2411.00000 2382.59091  1.18%  1385 4253s
   246   173 2382.76632    8 1436 2411.00000 2382.59091  1.18%  1379 4257s
   247   174 2382.80549    9 1436 2411.00000 2382.59091  1.18%  1373 4310s
   249   176 2382.81728    8 1436 2411.00000 2382.59091  1.18%  1411 4363s
   251   177 2382.79893    7 1436 2411.00000 2382.59091  1.18%  1399 4400s
   253   179 2382.82636    8 1436 2411.00000 2382.59091  1.18%  1388 4457s
   255   181 2382.65506    6 1436 2411.00000 2382.59091  1.18%  1425 4512s
   257   182 2382.72554    6 1436 2411.00000 2382.59091  1.18%  1414 4549s
   258   183 2382.68907    7 1436 2411.00000 2382.59091  1.18%  1408 4554s
   259   184 2382.77814    7 1436 2411.00000 2382.59091  1.18%  1403 4606s
   261   186 2382.74916    7 1436 2411.00000 2382.59091  1.18%  1438 4666s
   263   187 2382.86023    9 1436 2411.00000 2382.59091  1.18%  1427 4704s
   264   188 2382.74586    8 1436 2411.00000 2382.59091  1.18%  1422 4709s
   265   189 2382.90377    9 1436 2411.00000 2382.59091  1.18%  1417 4762s
   267   191 2382.66887    6 1436 2411.00000 2382.59091  1.18%  1451 4813s
   269   192 2382.78058   10 1436 2411.00000 2382.59091  1.18%  1440 4851s
   270   193 2382.80135    7 1436 2411.00000 2382.59091  1.18%  1435 4855s
   271   194 2382.73476    6 1436 2411.00000 2382.59091  1.18%  1430 4908s
   273   196 2382.67899    6 1436 2411.00000 2382.59091  1.18%  1463 4967s
   275   197 2382.63194    6 1436 2411.00000 2382.59091  1.18%  1453 5004s
   276   198 2382.86367   10 1436 2411.00000 2382.59091  1.18%  1448 5009s
   277   199 2382.74770    6 1436 2411.00000 2382.59091  1.18%  1442 5061s
   279   201 2382.65506    6 1436 2411.00000 2382.59091  1.18%  1475 5112s
   281   202 2382.81311    9 1436 2411.00000 2382.59091  1.18%  1465 5150s
   283   204 2382.74586    8 1436 2411.00000 2382.59091  1.18%  1454 5207s
H  284   194                    2410.0000000 2382.59091  1.14%  1492 5220s
   285   195 2382.70803    7 1436 2410.00000 2382.59091  1.14%  1486 5262s
   287   196 2382.83532    8 1436 2410.00000 2382.59091  1.14%  1476 5299s
   288   197 2382.72554    6 1436 2410.00000 2382.59091  1.14%  1471 5304s
   289   198 2382.80919    7 1436 2410.00000 2382.59091  1.14%  1466 5377s
   291   200 2382.85284    9 1436 2410.00000 2382.59091  1.14%  1497 5435s
   293   201 2382.65506    6 1436 2410.00000 2382.59091  1.14%  1487 5473s
   294   202 2382.86367   10 1436 2410.00000 2382.59091  1.14%  1482 5477s
   295   203 2382.72167    6 1436 2410.00000 2382.59091  1.14%  1477 5551s
   297   205 2382.79893    7 1436 2410.00000 2382.59091  1.14%  1508 5608s
   299   206 2382.80224    7 1436 2410.00000 2382.59091  1.14%  1497 5645s
   301   208 2382.86360   10 1436 2410.00000 2382.59091  1.14%  1488 5723s
   303   210 2382.78058   10 1436 2410.00000 2382.59091  1.14%  1518 5777s
   305   211 2382.70600    7 1436 2410.00000 2382.59091  1.14%  1508 5814s
   306   212 2382.85036    8 1436 2410.00000 2382.59091  1.14%  1503 5818s
   307   213 2382.75711    7 1436 2410.00000 2382.59091  1.14%  1498 5892s
   309   215 2382.84106    8 1436 2410.00000 2382.59091  1.14%  1527 5950s
   311   216 2382.81800    9 1436 2410.00000 2382.59091  1.14%  1517 5987s
   312   217 2382.84131    9 1436 2410.00000 2382.59091  1.14%  1512 5992s
   313   218 2382.67899    6 1436 2410.00000 2382.59091  1.14%  1508 6065s
   315   220 2382.64737    7 1436 2410.00000 2382.59091  1.14%  1536 6122s
   317   221 2382.90377    9 1436 2410.00000 2382.59091  1.14%  1527 6159s
   318   222 2382.80088    7 1436 2410.00000 2382.59091  1.14%  1522 6164s
   319   223 2382.86542    8 1436 2410.00000 2382.59091  1.14%  1517 6237s
   321   225 2382.77058    9 1436 2410.00000 2382.59091  1.14%  1545 6297s
   323   226 2382.71329    6 1436 2410.00000 2382.59091  1.14%  1536 6334s
   324   227 2382.79079    7 1436 2410.00000 2382.59091  1.14%  1531 6339s
   325   228 2382.72549    6 1436 2410.00000 2382.59091  1.14%  1526 6412s
   327   230 2382.80088    7 1436 2410.00000 2382.59091  1.14%  1554 6473s
   329   231 2382.73562    7 1436 2410.00000 2382.59091  1.14%  1544 6510s
   331   233 2382.65506    6 1436 2410.00000 2382.59091  1.14%  1535 6588s
   333   235 2382.80357   10 1436 2410.00000 2382.59091  1.14%  1562 6646s
   335   236 2382.63194    6 1436 2410.00000 2382.59091  1.14%  1553 6683s
   336   237 2382.86023    9 1436 2410.00000 2382.59091  1.14%  1548 6688s
   337   238 2382.74916    7 1436 2410.00000 2382.59091  1.14%  1543 6762s
   339   240 2382.86360   10 1436 2410.00000 2382.59091  1.14%  1570 6822s
   341   241 2382.72554    6 1436 2410.00000 2382.59091  1.14%  1561 6860s
   342   242 2382.75315    9 1436 2410.00000 2382.59091  1.14%  1556 6865s
   343   243 2382.79246    9 1436 2410.00000 2382.59091  1.14%  1552 6939s
   345   245 2382.80135    7 1436 2410.00000 2382.59091  1.14%  1577 6996s
   347   246 2382.80549    9 1436 2410.00000 2382.59091  1.14%  1568 7034s
   348   247 2382.70266    9 1436 2410.00000 2382.59091  1.14%  1564 7038s
   349   248 2382.81728    8 1436 2410.00000 2382.59091  1.14%  1559 7113s
   351   250 2382.79893    7 1436 2410.00000 2382.59091  1.14%  1585 7166s
   353   251 2382.82636    8 1436 2410.00000 2382.59091  1.14%  1576 7203s
   354   252 2382.79893    7 1436 2410.00000 2382.59091  1.14%  1571 7207s
   355   253 2382.65506    6 1436 2410.00000 2382.59091  1.14%  1567 7281s
   357   255 2382.72554    6 1436 2410.00000 2382.59091  1.14%  1592 7332s
   359   256 2382.77814    7 1436 2410.00000 2382.59091  1.14%  1583 7369s
   360   257 2382.75315    9 1436 2410.00000 2382.59091  1.14%  1579 7374s
   361   258 2382.74916    7 1436 2410.00000 2382.59091  1.14%  1574 7448s
   363   260 2382.86023    9 1436 2410.00000 2382.59091  1.14%  1599 7511s
   365   261 2382.90377    9 1436 2410.00000 2382.59091  1.14%  1590 7548s
   366   262 2382.80881    7 1436 2410.00000 2382.59091  1.14%  1586 7553s
   367   263 2382.66887    6 1436 2410.00000 2382.59091  1.14%  1582 7627s
   369   265 2382.78058   10 1436 2410.00000 2382.59091  1.14%  1606 7678s
   371   266 2382.73476    6 1436 2410.00000 2382.59091  1.14%  1597 7715s
   372   267 2382.92388    9 1436 2410.00000 2382.59091  1.14%  1593 7720s
   373   268 2382.67899    6 1436 2410.00000 2382.59091  1.14%  1588 7793s
   375   270 2382.63194    6 1436 2410.00000 2382.59091  1.14%  1612 7855s
   377   271 2382.74770    6 1436 2410.00000 2382.59091  1.14%  1604 7893s
   378   272 2382.78981    9 1436 2410.00000 2382.59091  1.14%  1599 7897s
   379   273 2382.65506    6 1436 2410.00000 2382.59091  1.14%  1595 7971s
   381   275 2382.81311    9 1436 2410.00000 2382.59091  1.14%  1618 8029s
   383   276 2382.74586    8 1436 2410.00000 2382.59091  1.14%  1610 8067s
   384   277 2382.66887    6 1436 2410.00000 2382.59091  1.14%  1606 8071s
   385   278 2382.70803    7 1436 2410.00000 2382.59091  1.14%  1602 8145s
   387   280 2382.83532    8 1436 2410.00000 2382.59091  1.14%  1624 8197s
   389   281 2382.80919    7 1436 2410.00000 2382.59091  1.14%  1616 8234s
   390   282 2382.80224    7 1436 2410.00000 2382.59091  1.14%  1612 8239s
   391   283 2382.85284    9 1436 2410.00000 2382.59091  1.14%  1608 8314s
H  392   269                    2409.0000000 2382.59091  1.10%  1634 8365s
   393   270 2382.65506    6 1436 2409.00000 2382.59091  1.10%  1630 8376s
   395   271 2382.72167    6 1436 2409.00000 2382.59091  1.10%  1622 8414s
   396   272 2382.66887    6 1436 2409.00000 2382.59091  1.10%  1618 8419s
   397   273 2382.79893    7 1436 2409.00000 2382.59091  1.10%  1614 8473s
   399   275 2382.80224    7 1436 2409.00000 2382.59091  1.10%  1636 8527s
   401   276 2382.86360   10 1436 2409.00000 2382.59091  1.10%  1628 8564s
   402   277 2382.80224    7 1436 2409.00000 2382.59091  1.10%  1624 8568s
   403   278 2382.78058   10 1436 2409.00000 2382.59091  1.10%  1620 8622s
   405   280 2382.70600    7 1436 2409.00000 2382.59091  1.10%  1642 8686s
   407   281 2382.75711    7 1436 2409.00000 2382.59091  1.10%  1633 8723s
   408   282 2382.80135    7 1436 2409.00000 2382.59091  1.10%  1629 8728s
   409   283 2382.84106    8 1436 2409.00000 2382.59091  1.10%  1626 8781s
   411   285 2382.81800    9 1436 2409.00000 2382.59091  1.10%  1647 8836s
   413   286 2382.67899    6 1436 2409.00000 2382.59091  1.10%  1639 8873s
   414   287 2382.65506    6 1436 2409.00000 2382.59091  1.10%  1635 8877s
   415   288 2382.64737    7 1436 2409.00000 2382.59091  1.10%  1631 8931s
   417   290 2382.90377    9 1436 2409.00000 2382.59091  1.10%  1652 8995s
   419   291 2382.86542    8 1436 2409.00000 2382.59091  1.10%  1644 9032s
   420   292 2382.78981    9 1436 2409.00000 2382.59091  1.10%  1640 9037s
   421   293 2382.77058    9 1436 2409.00000 2382.59091  1.10%  1636 9091s
   423   295 2382.71329    6 1436 2409.00000 2382.59091  1.10%  1657 9097s
   425   296 2382.72549    6 1436 2409.00000 2382.59091  1.10%  1649 9134s
   426   297 2382.73476    6 1436 2409.00000 2382.59091  1.10%  1646 9138s
   427   298 2382.80088    7 1436 2409.00000 2382.59091  1.10%  1642 9192s
   429   300 2382.73562    7 1436 2409.00000 2382.59091  1.10%  1662 9249s
   431   301 2382.65506    6 1436 2409.00000 2382.59091  1.10%  1654 9287s
   432   302 2382.78800    8 1436 2409.00000 2382.59091  1.10%  1651 9292s
   433   303 2382.80357   10 1436 2409.00000 2382.59091  1.10%  1647 9346s
   435   305 2382.63194    6 1436 2409.00000 2382.59091  1.10%  1667 9405s
   437   306 2382.74916    7 1436 2409.00000 2382.59091  1.10%  1659 9442s
   438   307 2382.70600    7 1436 2409.00000 2382.59091  1.10%  1656 9447s
   439   308 2382.86360   10 1436 2409.00000 2382.59091  1.10%  1652 9502s
   441   310 2382.72554    6 1436 2409.00000 2382.59091  1.10%  1672 9564s
   443   311 2382.79246    9 1436 2409.00000 2382.59091  1.10%  1664 9602s
   444   312 2382.74586    8 1436 2409.00000 2382.59091  1.10%  1660 9607s
   445   313 2382.80135    7 1436 2409.00000 2382.59091  1.10%  1657 9661s
   447   315 2382.80549    9 1436 2409.00000 2382.59091  1.10%  1676 9716s
   449   316 2382.81728    8 1436 2409.00000 2382.59091  1.10%  1669 9753s
   450   317 2382.80135    7 1436 2409.00000 2382.59091  1.10%  1665 9758s
   451   318 2382.79893    7 1436 2409.00000 2382.59091  1.10%  1661 9812s
   453   320 2382.82636    8 1436 2409.00000 2382.59091  1.10%  1681 9868s
   455   321 2382.65506    6 1436 2409.00000 2382.59091  1.10%  1673 9906s
   456   322 2382.74770    6 1436 2409.00000 2382.59091  1.10%  1670 9910s
   457   323 2382.72554    6 1436 2409.00000 2382.59091  1.10%  1666 9965s
   459   325 2382.77814    7 1436 2409.00000 2382.59091  1.10%  1685 10019s
   461   326 2382.74916    7 1436 2409.00000 2382.59091  1.10%  1678 10057s
   462   327 2382.80224    7 1436 2409.00000 2382.59091  1.10%  1674 10061s
   463   328 2382.86023    9 1436 2409.00000 2382.59091  1.10%  1670 10116s
   465   330 2382.90377    9 1436 2409.00000 2382.59091  1.10%  1689 10171s
   467   331 2382.66887    6 1436 2409.00000 2382.59091  1.10%  1682 10208s
   468   332 2382.78800    8 1436 2409.00000 2382.59091  1.10%  1678 10213s
   469   333 2382.78058   10 1436 2409.00000 2382.59091  1.10%  1675 10267s
   471   335 2382.73476    6 1436 2409.00000 2382.59091  1.10%  1693 10323s
   473   336 2382.67899    6 1436 2409.00000 2382.59091  1.10%  1686 10360s
   474   337 2382.90380    8 1436 2409.00000 2382.59091  1.10%  1682 10365s
   475   338 2382.63194    6 1436 2409.00000 2382.59091  1.10%  1679 10419s
   477   340 2382.74770    6 1436 2409.00000 2382.59091  1.10%  1697 10482s
   479   341 2382.65506    6 1436 2409.00000 2382.59091  1.10%  1690 10519s
   480   342 2382.73476    6 1436 2409.00000 2382.59091  1.10%  1687 10523s
   481   343 2382.81311    9 1436 2409.00000 2382.59091  1.10%  1683 10577s
   483   345 2382.74586    8 1436 2409.00000 2382.59091  1.10%  1701 10631s
   485   346 2382.70803    7 1436 2409.00000 2382.59091  1.10%  1694 10668s
   486   347 2382.89943    9 1436 2409.00000 2382.59091  1.10%  1691 10673s
   487   348 2382.83532    8 1436 2409.00000 2382.59091  1.10%  1687 10727s
   489   350 2382.80919    7 1436 2409.00000 2382.59091  1.10%  1705 10787s
   491   351 2382.85284    9 1436 2409.00000 2382.59091  1.10%  1698 10825s
   493   353 2382.65506    6 1436 2409.00000 2382.59091  1.10%  1691 10883s
   495   355 2382.72167    6 1436 2409.00000 2382.59091  1.10%  1709 10939s
   497   356 2382.79893    7 1436 2409.00000 2382.59091  1.10%  1702 10976s
   498   357 2382.79893    7 1436 2409.00000 2382.59091  1.10%  1698 10981s
   499   358 2382.80224    7 1436 2409.00000 2382.59091  1.10%  1695 11035s
   501   360 2382.86360   10 1436 2409.00000 2382.59091  1.10%  1712 11089s
   503   361 2382.78058   10 1436 2409.00000 2382.59091  1.10%  1705 11126s
   504   362 2382.92388    9 1436 2409.00000 2382.59091  1.10%  1702 11131s
   505   363 2382.70600    7 1436 2409.00000 2382.59091  1.10%  1699 11185s
   507   365 2382.75711    7 1436 2409.00000 2382.59091  1.10%  1716 11238s
   509   366 2382.84106    8 1436 2409.00000 2382.59091  1.10%  1709 11276s
   510   367 2382.80549    9 1436 2409.00000 2382.59091  1.10%  1706 11280s
   511   368 2382.81800    9 1436 2409.00000 2382.59091  1.10%  1702 11334s
   513   370 2382.67899    6 1436 2409.00000 2382.59091  1.10%  1719 11390s
   515   371 2382.64737    7 1436 2409.00000 2382.59091  1.10%  1712 11427s
   516   372 2382.73562    7 1436 2409.00000 2382.59091  1.10%  1709 11431s
   517   373 2382.90377    9 1436 2409.00000 2382.59091  1.10%  1706 11485s
   519   375 2382.86542    8 1436 2409.00000 2382.59091  1.10%  1722 11538s
   521   376 2382.77058    9 1436 2409.00000 2382.59091  1.10%  1716 11576s
   522   377 2382.84106    8 1436 2409.00000 2382.59091  1.10%  1713 11580s
   523   378 2382.71329    6 1436 2409.00000 2382.59091  1.10%  1709 11634s
   525   380 2382.72549    6 1436 2409.00000 2382.59091  1.10%  1726 11693s
   527   381 2382.80088    7 1436 2409.00000 2382.59091  1.10%  1719 11730s
   528   382 2382.70600    7 1436 2409.00000 2382.59091  1.10%  1716 11735s
   529   383 2382.73562    7 1436 2409.00000 2382.59091  1.10%  1713 11789s
   531   385 2382.65506    6 1436 2409.00000 2382.59091  1.10%  1729 11845s
   533   386 2382.80357   10 1436 2409.00000 2382.59091  1.10%  1722 11882s
   534   387 2382.78058   10 1436 2409.00000 2382.59091  1.10%  1719 11887s
   535   388 2382.63194    6 1436 2409.00000 2382.59091  1.10%  1716 11941s
   537   390 2382.74916    7 1436 2409.00000 2382.59091  1.10%  1732 11998s
   539   391 2382.86360   10 1436 2409.00000 2382.59091  1.10%  1726 12035s
   540   392 2382.82636    8 1436 2409.00000 2382.59091  1.10%  1723 12040s
   541   393 2382.72554    6 1436 2409.00000 2382.59091  1.10%  1719 12094s
   543   395 2382.79246    9 1436 2409.00000 2382.59091  1.10%  1735 12150s
   545   396 2382.80135    7 1436 2409.00000 2382.59091  1.10%  1729 12187s
   546   397 2382.76632    8 1436 2409.00000 2382.59091  1.10%  1726 12192s
   547   398 2382.80549    9 1436 2409.00000 2382.59091  1.10%  1723 12245s
   549   400 2382.81728    8 1436 2409.00000 2382.59091  1.10%  1738 12302s
   551   401 2382.79893    7 1436 2409.00000 2382.59091  1.10%  1732 12339s
   552   402 2382.79246    9 1436 2409.00000 2382.59091  1.10%  1729 12344s
   553   403 2382.82636    8 1436 2409.00000 2382.59091  1.10%  1726 12398s
   555   405 2382.65506    6 1436 2409.00000 2382.59091  1.10%  1741 12457s
   557   406 2382.72554    6 1436 2409.00000 2382.59091  1.10%  1735 12494s
   558   407 2382.68907    7 1436 2409.00000 2382.59091  1.10%  1732 12499s
   559   408 2382.77814    7 1436 2409.00000 2382.59091  1.10%  1729 12553s
   561   410 2382.74916    7 1436 2409.00000 2382.59091  1.10%  1744 12613s
   563   411 2382.86023    9 1436 2409.00000 2382.59091  1.10%  1738 12651s
   564   412 2382.74586    8 1436 2409.00000 2382.59091  1.10%  1735 12655s
   565   413 2382.90377    9 1436 2409.00000 2382.59091  1.10%  1732 12709s
   567   415 2382.66887    6 1436 2409.00000 2382.59091  1.10%  1747 12766s
   569   416 2382.78058   10 1436 2409.00000 2382.59091  1.10%  1741 12804s
   570   417 2382.80135    7 1436 2409.00000 2382.59091  1.10%  1738 12808s
   571   418 2382.73476    6 1436 2409.00000 2382.59091  1.10%  1735 12862s
   573   420 2382.67899    6 1436 2409.00000 2382.59091  1.10%  1750 12925s
   575   421 2382.63194    6 1436 2409.00000 2382.59091  1.10%  1743 12963s
   576   422 2382.86367   10 1436 2409.00000 2382.59091  1.10%  1740 12968s
   577   423 2382.74770    6 1436 2409.00000 2382.59091  1.10%  1737 13022s
   579   425 2382.65506    6 1436 2409.00000 2382.59091  1.10%  1752 13077s
   581   426 2382.81311    9 1436 2409.00000 2382.59091  1.10%  1746 13115s
   582   427 2382.81800    9 1436 2409.00000 2382.59091  1.10%  1743 13120s
   583   428 2382.74586    8 1436 2409.00000 2382.59091  1.10%  1740 13174s
   585   430 2382.70803    7 1436 2409.00000 2382.59091  1.10%  1755 13232s
   587   431 2382.83532    8 1436 2409.00000 2382.59091  1.10%  1749 13269s
   588   432 2382.72554    6 1436 2409.00000 2382.59091  1.10%  1746 13274s
   589   433 2382.80919    7 1436 2409.00000 2382.59091  1.10%  1743 13328s
   591   435 2382.85284    9 1436 2409.00000 2382.59091  1.10%  1758 13386s
   593   436 2382.65506    6 1436 2409.00000 2382.59091  1.10%  1752 13424s
   594   437 2382.86367   10 1436 2409.00000 2382.59091  1.10%  1749 13428s
   595   438 2382.72167    6 1436 2409.00000 2382.59091  1.10%  1746 13483s
   597   440 2382.79893    7 1436 2409.00000 2382.59091  1.10%  1760 13537s
   599   441 2382.80224    7 1436 2409.00000 2382.59091  1.10%  1754 13574s
   600   442 2382.85284    9 1436 2409.00000 2382.59091  1.10%  1751 13578s
   601   443 2382.86360   10 1436 2409.00000 2382.59091  1.10%  1748 13632s
   603   445 2382.78058   10 1436 2409.00000 2382.59091  1.10%  1763 13684s
   605   446 2382.70600    7 1436 2409.00000 2382.59091  1.10%  1757 13722s
   606   447 2382.85036    8 1436 2409.00000 2382.59091  1.10%  1754 13726s
   607   448 2382.75711    7 1436 2409.00000 2382.59091  1.10%  1751 13780s
   609   450 2382.84106    8 1436 2409.00000 2382.59091  1.10%  1765 13834s
   611   451 2382.81800    9 1436 2409.00000 2382.59091  1.10%  1759 13871s
   612   452 2382.84131    9 1436 2409.00000 2382.59091  1.10%  1756 13876s
   613   453 2382.67899    6 1436 2409.00000 2382.59091  1.10%  1753 13930s
   615   455 2382.64737    7 1436 2409.00000 2382.59091  1.10%  1767 13987s
   617   456 2382.90377    9 1436 2409.00000 2382.59091  1.10%  1762 14024s
   618   457 2382.80088    7 1436 2409.00000 2382.59091  1.10%  1759 14029s
   619   458 2382.86542    8 1436 2409.00000 2382.59091  1.10%  1756 14083s
   621   460 2382.77058    9 1436 2409.00000 2382.59091  1.10%  1770 14139s
   623   461 2382.71329    6 1436 2409.00000 2382.59091  1.10%  1764 14176s
   624   462 2382.79079    7 1436 2409.00000 2382.59091  1.10%  1761 14180s
   625   463 2382.72549    6 1436 2409.00000 2382.59091  1.10%  1758 14234s
   627   465 2382.80088    7 1436 2409.00000 2382.59091  1.10%  1772 14293s
   629   466 2382.73562    7 1436 2409.00000 2382.59091  1.10%  1766 14330s
   630   467 2382.85284    9 1436 2409.00000 2382.59091  1.10%  1764 14335s
   631   468 2382.65506    6 1436 2409.00000 2382.59091  1.10%  1761 14389s

Explored 632 nodes (1135172 simplex iterations) in 14400.01 seconds (27997.44 work units)
Thread count was 32 (of 32 available processors)

Solution count 10: 2409 2410 2411 ... 2418

Time limit reached
Best objective 2.409000000000e+03, best bound 2.383000000000e+03, gap 1.0793%

User-callback calls 3183894, time in user-callback 8.09 sec
