
Gurobi 13.0.2 (linux64) logging started Sun Jul 19 02:17:23 2026

Set parameter LogFile to value "/tmp/sweep_20260716_013919_north-korea_alt400km_s100_i6_v5_gurobi.log"
Set parameter Method to value 1
Set parameter NodefileStart to value 4
Set parameter RINS to value 50
Gurobi Optimizer version 13.0.2 build v13.0.2rc1 (linux64 - "Debian GNU/Linux 13 (trixie)")

CPU model: Intel(R) Xeon(R) Platinum 8375C CPU @ 2.90GHz, instruction set [SSE2|AVX|AVX2|AVX512]
Thread count: 16 physical cores, 32 logical processors, using up to 32 threads

Non-default parameters:
TimeLimit  14400
MIPGap  0.001
Method  1
LPWarmStart  1
Heuristics  0.2
MIPFocus  1
NodefileStart  4
RINS  50
Symmetry  2
Cuts  2
CoverCuts  2
LogToConsole  0

Academic license 2812613 - for non-commercial use only - registered to no___@gatech.edu
Optimize a model with 2872 rows, 57440 columns and 763952 nonzeros (Min)
Model fingerprint: 0xec6ee074
Model has 57440 linear objective coefficients
Variable types: 0 continuous, 57440 integer (57440 binary)
Coefficient statistics:
  Matrix range     [1e+00, 1e+00]
  Objective range  [1e+00, 1e+00]
  Bounds range     [1e+00, 1e+00]
  RHS range        [2e+01, 2e+01]

Found heuristic solution: objective 6317.0000000
Presolve removed 0 rows and 10052 columns
Presolve time: 1.15s
Presolved: 2872 rows, 47388 columns, 661996 nonzeros
Variable types: 0 continuous, 47388 integer (40208 binary)

Root simplex log...

Iteration    Objective       Primal Inf.    Dual Inf.      Time
    6492    1.9712994e+03   1.638143e+04   0.000000e+00      5s
   10312    2.0291024e+03   1.002696e+04   0.000000e+00     10s
   13302    2.0476962e+03   1.572684e+05   0.000000e+00     15s
   15872    2.0577464e+03   8.632076e+03   0.000000e+00     20s
   18182    2.0640695e+03   1.147205e+04   0.000000e+00     25s
   20362    2.0698812e+03   7.422984e+03   0.000000e+00     30s
   22552    2.0766657e+03   1.398409e+04   0.000000e+00     35s
   25192    2.0833625e+03   9.760533e+04   0.000000e+00     40s
   28252    2.0860721e+03   1.926777e+06   0.000000e+00     45s
Warning: Markowitz tolerance tightened to 0.0625
   31672    2.0879117e+03   3.382775e+04   0.000000e+00     50s
   34812    2.0884578e+03   5.592325e+03   0.000000e+00     55s
   37492    2.0887307e+03   3.070010e+03   0.000000e+00     60s
   39952    2.0887307e+03   3.237457e+03   0.000000e+00     65s
   42212    2.0887308e+03   2.342606e+03   0.000000e+00     70s
   44282    2.0887308e+03   1.405511e+03   0.000000e+00     75s
   46292    2.0887308e+03   5.437309e+02   0.000000e+00     80s
   48252    2.0887308e+03   4.841481e+01   0.000000e+00     85s
   49129    2.0887273e+03   0.000000e+00   0.000000e+00     88s

Root relaxation: objective 2.088727e+03, 49129 iterations, 86.33 seconds (181.68 work units)

    Nodes    |    Current Node    |     Objective Bounds      |     Work
 Expl Unexpl |  Obj  Depth IntInf | Incumbent    BestBd   Gap | It/Node Time

     0     0 2088.72727    0 2253 6317.00000 2088.72727  66.9%     -  119s
H    0     0                    3577.0000000 2088.72727  41.6%     -  119s
H    0     0                    3312.0000000 2088.72727  36.9%     -  119s
H    0     0                    2586.0000000 2088.72727  19.2%     -  119s
H    0     0                    2318.0000000 2088.72727  9.89%     -  126s
H    0     0                    2253.0000000 2088.72727  7.29%     -  126s
H    0     0                    2252.0000000 2088.72727  7.25%     -  126s
H    0     0                    2232.0000000 2088.72727  6.42%     -  126s
H    0     0                    2181.0000000 2088.72727  4.23%     -  126s
H    0     0                    2174.0000000 2088.72727  3.92%     -  126s
H    0     0                    2162.0000000 2088.72727  3.39%     -  129s
H    0     0                    2161.0000000 2088.72727  3.34%     -  137s
H    0     0                    2160.0000000 2088.72727  3.30%     -  140s
H    0     0                    2159.0000000 2088.72727  3.25%     -  147s
H    0     0                    2158.0000000 2088.72727  3.21%     -  153s
H    0     0                    2155.0000000 2088.72727  3.08%     -  155s
H    0     0                    2153.0000000 2088.72727  2.99%     -  178s
H    0     0                    2152.0000000 2088.72727  2.94%     -  179s
H    0     0                    2151.0000000 2088.72727  2.90%     -  248s
     0     0 2088.72727    0 2253 2151.00000 2088.72727  2.90%     -  291s
     0     0 2088.72727    0 2040 2151.00000 2088.72727  2.90%     -  469s
H    0     0                    2149.0000000 2088.72727  2.80%     -  842s
H    0     0                    2148.0000000 2088.72727  2.76%     -  866s
H    0     0                    2145.0000000 2088.72727  2.62%     -  875s
H    0     0                    2144.0000000 2088.72727  2.58%     -  885s
H    0     0                    2143.0000000 2088.72727  2.53%     -  931s
H    0     0                    2142.0000000 2088.72727  2.49%     -  953s
H    0     0                    2141.0000000 2088.72727  2.44%     -  953s
H    0     0                    2140.0000000 2088.72727  2.40%     -  983s
H    0     2                    2131.0000000 2088.72727  1.98%     - 1551s
     0     2 2088.72727    0 1966 2131.00000 2088.72727  1.98%     - 1551s
     1     4 2088.72727    1 1436 2131.00000 2088.72727  1.98% 74382 2057s
H    3     7                    2130.0000000 2088.72727  1.94% 25740 2629s
     4     7 2088.76339    2 1442 2130.00000 2088.72727  1.94% 20697 2632s
H    5     7                    2129.0000000 2088.72727  1.89% 16558 2632s
     5     7 2088.72727    2 1844 2129.00000 2088.72727  1.89% 17240 2638s
     6    13 2088.72727    3 1871 2129.00000 2088.72727  1.89% 15023 3334s
H    8    13                    2127.0000000 2088.72727  1.80% 11764 3334s
H    8    13                    2121.0000000 2088.72727  1.52% 11764 3334s
H   11    13                    2115.0000000 2088.72727  1.24%  9395 3340s
    12    26 2088.72727    4 1912 2115.00000 2088.72727  1.24%  9911 4016s
    24    26 2109.12500    2 2871 2115.00000 2088.72727  1.24% 11619 4050s
    25    40 2088.72727    5 1950 2115.00000 2088.72727  1.24% 11197 4364s
    41    56 2088.72727    6 1825 2115.00000 2088.72727  1.24% 17073 4909s
H   46    56                    2114.0000000 2088.72727  1.20% 15471 4909s
    57   159 2088.72727    7 1809 2114.00000 2088.72727  1.20% 13385 5696s
H   74   159                    2098.0000000 2088.72727  0.44% 10877 5696s
H  160   158                    2097.0000000 2088.72727  0.39%  6489 5727s
   161   159 2088.72727    9 2040 2097.00000 2088.72727  0.39%  6449 6945s
   163   160 2088.72727   10 2253 2097.00000 2088.72727  0.39%  6370 7273s
H  163   151                    2096.0000000 2088.72727  0.35%  6370 8059s
   164   152 2088.93421   10 1953 2096.00000 2088.72727  0.35%  6331 8107s
   165   153 2088.72727    5 1924 2096.00000 2088.72727  0.35%  6292 8633s
   166   153 2088.72727   10 1902 2096.00000 2088.72727  0.35%  6254 8928s
   167   154 2088.72727    8 1882 2096.00000 2088.72727  0.35%  6217 9142s
   168   155 2088.72727    9 1882 2096.00000 2088.72727  0.35%  6180 9265s
   169   155 2088.81818    8 1882 2096.00000 2088.81818  0.34%  6143 11353s
   171   158 2088.81818   10 2040 2096.00000 2088.81818  0.34%  7439 11479s
   173   159 2088.81818    9 2253 2096.00000 2088.81818  0.34%  7353 11817s
   174   160 2088.81818   11 2008 2096.00000 2088.81818  0.34%  7310 12691s
   175   161 2088.81818   10 1952 2096.00000 2088.81818  0.34%  7269 13274s
   176   161 2088.83036    6 1925 2096.00000 2088.81818  0.34%  7227 13496s
   177   162 2089.00708   12 1925 2096.00000 2088.81818  0.34%  7186 13672s

Cutting planes:
  Flow cover: 1

Explored 177 nodes (1650908 simplex iterations) in 14400.10 seconds (32888.31 work units)
Thread count was 32 (of 32 available processors)

Solution count 10: 2096 2097 2098 ... 2131

Time limit reached
Best objective 2.096000000000e+03, best bound 2.089000000000e+03, gap 0.3340%

User-callback calls 2359982, time in user-callback 6.81 sec
