
Gurobi 13.0.2 (linux64) logging started Sat Jul 18 10:15:55 2026

Set parameter LogFile to value "/tmp/sweep_20260716_013919_north-korea_alt400km_s50_i1_v6_gurobi.log"
Set parameter Method to value 1
Set parameter NodefileStart to value 4
Set parameter RINS to value 50
Gurobi Optimizer version 13.0.2 build v13.0.2rc1 (linux64 - "Debian GNU/Linux 13 (trixie)")

CPU model: Intel(R) Xeon(R) Platinum 8375C CPU @ 2.90GHz, instruction set [SSE2|AVX|AVX2|AVX512]
Thread count: 16 physical cores, 32 logical processors, using up to 32 threads

Non-default parameters:
TimeLimit  14400
MIPGap  0.001
Method  1
LPWarmStart  1
Heuristics  0.2
MIPFocus  1
NodefileStart  4
RINS  50
Symmetry  2
Cuts  2
CoverCuts  2
LogToConsole  0

Academic license 2812613 - for non-commercial use only - registered to no___@gatech.edu
Optimize a model with 2872 rows, 35900 columns and 728052 nonzeros (Min)
Model fingerprint: 0x38f19caa
Model has 35900 linear objective coefficients
Variable types: 0 continuous, 35900 integer (35900 binary)
Coefficient statistics:
  Matrix range     [1e+00, 1e+00]
  Objective range  [1e+00, 1e+00]
  Bounds range     [1e+00, 1e+00]
  RHS range        [5e+01, 5e+01]

Found heuristic solution: objective 10303.000000
Presolve time: 0.62s
Presolved: 2872 rows, 35900 columns, 728052 nonzeros
Variable types: 0 continuous, 35900 integer (35900 binary)

Root simplex log...

Iteration    Objective       Primal Inf.    Dual Inf.      Time
    6280    4.9398348e+03   1.088327e+05   0.000000e+00      5s
    9470    5.0126609e+03   4.203458e+04   0.000000e+00     10s
   12070    5.0503261e+03   5.517925e+04   0.000000e+00     15s
   14480    5.0778535e+03   1.898338e+04   0.000000e+00     20s
   16980    5.1145181e+03   2.701634e+05   0.000000e+00     25s
Warning: Markowitz tolerance tightened to 0.03125
   19670    5.1285769e+03   3.833267e+04   0.000000e+00     30s
   22370    5.1285782e+03   1.106488e+04   0.000000e+00     35s
   24890    5.1285785e+03   5.443860e+03   0.000000e+00     40s
   27270    5.1285785e+03   7.313838e+03   0.000000e+00     45s
   29850    5.1285786e+03   2.261125e+03   0.000000e+00     50s
   32240    5.1285786e+03   8.117170e+01   0.000000e+00     55s
   32771    5.1285714e+03   0.000000e+00   0.000000e+00     56s

Root relaxation: objective 5.128571e+03, 32771 iterations, 55.69 seconds (122.97 work units)

    Nodes    |    Current Node    |     Objective Bounds      |     Work
 Expl Unexpl |  Obj  Depth IntInf | Incumbent    BestBd   Gap | It/Node Time

     0     0 5128.57143    0 1759 10303.0000 5128.57143  50.2%     -   76s
H    0     0                    5407.0000000 5128.57143  5.15%     -   76s
H    0     0                    5323.0000000 5128.57143  3.65%     -   76s
H    0     0                    5298.0000000 5128.57143  3.20%     -   76s
H    0     0                    5254.0000000 5128.57143  2.39%     -   79s
H    0     0                    5221.0000000 5128.57143  1.77%     -   79s
H    0     0                    5206.0000000 5128.57143  1.49%     -   79s
H    0     0                    5199.0000000 5128.57143  1.35%     -   79s
H    0     0                    5196.0000000 5128.57143  1.30%     -   79s
H    0     0                    5190.0000000 5128.57143  1.18%     -   81s
H    0     0                    5189.0000000 5128.57143  1.16%     -   81s
H    0     0                    5188.0000000 5128.57143  1.15%     -   87s
H    0     0                    5185.0000000 5128.57143  1.09%     -   89s
H    0     0                    5183.0000000 5128.57143  1.05%     -   92s
H    0     0                    5182.0000000 5128.57143  1.03%     -   92s
H    0     0                    5181.0000000 5128.57143  1.01%     -   94s
H    0     0                    5180.0000000 5128.57143  0.99%     -   94s
H    0     0                    5179.0000000 5128.57143  0.97%     -   99s
H    0     0                    5178.0000000 5128.57143  0.95%     -  104s
H    0     0                    5177.0000000 5128.57143  0.94%     -  107s
H    0     0                    5176.0000000 5128.57143  0.92%     -  108s
H    0     0                    5175.0000000 5128.57143  0.90%     -  109s
     0     0 5128.57143    0 1759 5175.00000 5128.57143  0.90%     -  177s
     0     0 5128.57143    0 1610 5175.00000 5128.57143  0.90%     -  258s
H    0     0                    5174.0000000 5128.57143  0.88%     -  418s
H    0     0                    5173.0000000 5128.57143  0.86%     -  425s
H    0     0                    5172.0000000 5128.57143  0.84%     -  453s
H    0     0                    5169.0000000 5128.57143  0.78%     -  480s
H    0     0                    5168.0000000 5128.57143  0.76%     -  480s
H    0     0                    5166.0000000 5128.57143  0.72%     -  521s
H    0     2                    5160.0000000 5128.57143  0.61%     -  748s
     0     2 5128.57143    0 1610 5160.00000 5128.57143  0.61%     -  748s
H    1     4                    5158.0000000 5128.57143  0.57%   0.0  939s
     2     4 5128.57143    1 1557 5158.00000 5128.57143  0.57% 14578  942s
     3     6     cutoff    2      5158.00000 5128.57143  0.57% 50492 1167s
H    4     6                    5157.0000004 5128.57143  0.55% 37869 1167s
H    5     6                    5155.0000000 5128.57143  0.51% 30421 1167s
     5     6 5128.57143    2 1537 5155.00000 5128.57143  0.51% 30603 1170s
     7    12 5128.57143    3 1503 5155.00000 5128.57143  0.51% 22065 1436s
H   13    24                    5154.0000000 5128.57143  0.49% 12110 1737s
    24    24 5128.57143    4 1587 5154.00000 5128.57143  0.49%  7932 1758s
    25    40 5128.57143    5 1578 5154.00000 5128.57143  0.49%  7648 2028s
H   26    40                    5153.0000000 5128.57143  0.47%  7354 2028s
    41   200 5128.57143    6 1618 5153.00000 5128.57143  0.47%  5025 2602s
H  121   200                    5152.0000000 5128.57143  0.45%  2122 2602s
   202   201 5128.57143   10 1610 5152.00000 5128.57143  0.45%  1542 2907s
   204   202 5128.57143   11 1759 5152.00000 5128.57143  0.45%  1527 3087s
   205   203 5128.57143    9 1642 5152.00000 5128.57143  0.45%  1520 3631s
   206   204 5128.57143   10 1583 5152.00000 5128.57143  0.45%  1512 3935s
   207   204 5128.57143   11 1533 5152.00000 5128.57143  0.45%  1505 4073s
   208   205 5128.57143   12 1533 5152.00000 5128.57143  0.45%  1498 4160s
   209   206 5128.64286    6 1533 5152.00000 5128.64286  0.45%  1491 5032s
   211   208 5128.64286   11 1610 5152.00000 5128.64286  0.45%  2112 6156s
   213   209 5128.64286    8 1759 5152.00000 5128.64286  0.45%  2092 6339s
   214   210 5128.64286   10 1642 5152.00000 5128.64286  0.45%  2082 6872s
   215   211 5128.64286   16 1579 5152.00000 5128.64286  0.45%  2073 6886s
   216   211 5128.64286   10 1579 5152.00000 5128.64286  0.45%  2063 6974s
H  216   200                    5151.0000000 5128.64286  0.43%  2063 7233s
   217   201 5128.64286   11 1579 5151.00000 5128.64286  0.43%  2054 7991s
   219   204 5128.64286   11 1610 5151.00000 5128.64286  0.43%  2468 8820s
   221   205 5128.64286    9 1759 5151.00000 5128.64286  0.43%  2445 8996s
   222   206 5128.64286   11 1640 5151.00000 5128.64286  0.43%  2434 9529s
   223   207 5128.64286   11 1585 5151.00000 5128.64286  0.43%  2423 9768s
   224   207 5128.64286   10 1540 5151.00000 5128.64286  0.43%  2413 9842s
   225   208 5128.64286    9 1519 5151.00000 5128.64286  0.43%  2402 10068s
   226   209 5128.64286    9 1519 5151.00000 5128.64286  0.43%  2391 10151s
H  226   198                    5150.0000000 5128.64286  0.41%  2391 11432s
   227   198 5128.64286   14 1519 5150.00000 5128.64286  0.41%  2381 11535s
   229   201 5128.64286    6 1610 5150.00000 5128.64286  0.41%  2961 11620s
   231   202 5128.64286   16 1759 5150.00000 5128.64286  0.41%  2936 11793s
H  231   191                    5149.0000000 5128.64286  0.40%  2936 12209s
   232   192 5128.64286    8 1627 5149.00000 5128.64286  0.40%  2923 12314s
   233   193 5128.64286   10 1567 5149.00000 5128.64286  0.40%  2910 12563s
   234   193 5128.64286   14 1567 5149.00000 5128.64286  0.40%  2898 12641s
H  234   184                    5148.0000000 5128.64286  0.38%  2898 13331s
   235   185 5128.64286   10 1567 5148.00000 5128.64286  0.38%  2886 13519s
   237   188 5128.64286   12 1610 5148.00000 5128.64286  0.38%  3336 13648s
   239   189 5128.64286   12 1759 5148.00000 5128.64286  0.38%  3308 13825s
   240   190 5128.64286   10 1635 5148.00000 5128.64286  0.38%  3294 14358s

Cutting planes:
  Flow cover: 5

Explored 240 nodes (979857 simplex iterations) in 14431.49 seconds (38305.46 work units)
Thread count was 32 (of 32 available processors)

Solution count 10: 5148 5149 5150 ... 5158

Time limit reached
Best objective 5.148000000000e+03, best bound 5.129000000000e+03, gap 0.3691%

User-callback calls 2305693, time in user-callback 8.44 sec
