
Gurobi 13.0.2 (linux64) logging started Fri Jul 10 12:20:18 2026

Set parameter LogFile to value "/tmp/sweep_20260709_012313_china_alt260km_s100_i1_v6_gurobi.log"
Set parameter Method to value 1
Set parameter NodefileStart to value 4
Set parameter RINS to value 50
Gurobi Optimizer version 13.0.2 build v13.0.2rc1 (linux64 - "Debian GNU/Linux 13 (trixie)")

CPU model: Intel(R) Xeon(R) Platinum 8375C CPU @ 2.90GHz, instruction set [SSE2|AVX|AVX2|AVX512]
Thread count: 16 physical cores, 32 logical processors, using up to 32 threads

Non-default parameters:
TimeLimit  14400
MIPGap  0.001
Method  1
LPWarmStart  1
Heuristics  0.2
MIPFocus  1
NodefileStart  4
RINS  50
Symmetry  2
Cuts  2
CoverCuts  2
LogToConsole  0

Academic license 2812613 - for non-commercial use only - registered to no___@gatech.edu
Optimize a model with 196014 rows, 35900 columns and 34840950 nonzeros (Min)
Model fingerprint: 0xfd9f9324
Model has 35900 linear objective coefficients
Variable types: 0 continuous, 35900 integer (35900 binary)
Coefficient statistics:
  Matrix range     [1e+00, 1e+00]
  Objective range  [1e+00, 1e+00]
  Bounds range     [1e+00, 1e+00]
  RHS range        [1e+02, 1e+02]

Found heuristic solution: objective 27818.000000
Presolve removed 0 rows and 0 columns (presolve time = 6s)...
Presolve removed 0 rows and 0 columns (presolve time = 10s)...
Presolve removed 0 rows and 0 columns (presolve time = 16s)...
Presolve removed 0 rows and 0 columns (presolve time = 21s)...
Presolve removed 0 rows and 0 columns (presolve time = 26s)...
Presolve removed 0 rows and 0 columns (presolve time = 30s)...
Presolve removed 0 rows and 0 columns (presolve time = 35s)...
Presolve removed 0 rows and 0 columns (presolve time = 40s)...
Presolve removed 0 rows and 0 columns (presolve time = 46s)...
Presolve removed 0 rows and 0 columns (presolve time = 50s)...
Presolve removed 0 rows and 0 columns (presolve time = 55s)...
Presolve removed 0 rows and 0 columns (presolve time = 62s)...
Presolve removed 0 rows and 0 columns (presolve time = 70s)...
Presolve removed 0 rows and 0 columns (presolve time = 75s)...
Presolve removed 0 rows and 0 columns (presolve time = 80s)...
Presolve removed 0 rows and 0 columns (presolve time = 85s)...
Presolve removed 0 rows and 0 columns (presolve time = 90s)...
Presolve removed 0 rows and 0 columns (presolve time = 95s)...
Presolve removed 0 rows and 0 columns (presolve time = 100s)...
Presolve removed 0 rows and 0 columns (presolve time = 105s)...
Presolve removed 0 rows and 0 columns (presolve time = 110s)...
Presolve removed 0 rows and 0 columns (presolve time = 115s)...
Presolve removed 0 rows and 0 columns (presolve time = 120s)...
Presolve removed 0 rows and 0 columns (presolve time = 125s)...
Presolve removed 0 rows and 0 columns (presolve time = 130s)...
Presolve removed 0 rows and 0 columns (presolve time = 135s)...
Presolve removed 0 rows and 0 columns (presolve time = 140s)...
Presolve removed 0 rows and 0 columns (presolve time = 145s)...
Presolve removed 0 rows and 0 columns (presolve time = 150s)...
Presolve removed 0 rows and 0 columns (presolve time = 155s)...
Presolve removed 0 rows and 0 columns (presolve time = 160s)...
Presolve removed 0 rows and 0 columns (presolve time = 165s)...
Presolve removed 0 rows and 0 columns (presolve time = 170s)...
Presolve removed 0 rows and 0 columns (presolve time = 175s)...
Presolve removed 0 rows and 0 columns (presolve time = 180s)...
Presolve removed 0 rows and 0 columns (presolve time = 185s)...
Presolve removed 0 rows and 0 columns (presolve time = 190s)...
Presolve removed 0 rows and 0 columns (presolve time = 195s)...
Presolve removed 0 rows and 0 columns (presolve time = 200s)...
Presolve removed 0 rows and 0 columns (presolve time = 205s)...
Presolve removed 0 rows and 0 columns (presolve time = 210s)...
Presolve removed 0 rows and 0 columns (presolve time = 215s)...
Presolve removed 0 rows and 0 columns (presolve time = 220s)...
Presolve removed 0 rows and 0 columns (presolve time = 225s)...
Presolve removed 0 rows and 0 columns (presolve time = 230s)...
Presolve removed 0 rows and 0 columns (presolve time = 235s)...
Presolve removed 0 rows and 0 columns (presolve time = 240s)...
Presolve removed 0 rows and 0 columns (presolve time = 245s)...
Presolve removed 0 rows and 0 columns (presolve time = 250s)...
Presolve removed 0 rows and 0 columns (presolve time = 255s)...
Presolve removed 0 rows and 0 columns (presolve time = 260s)...
Presolve removed 0 rows and 0 columns (presolve time = 265s)...
Presolve removed 0 rows and 0 columns (presolve time = 270s)...
Presolve removed 0 rows and 0 columns (presolve time = 275s)...
Presolve removed 0 rows and 0 columns (presolve time = 280s)...
Presolve removed 0 rows and 0 columns (presolve time = 285s)...
Presolve removed 0 rows and 0 columns (presolve time = 290s)...
Presolve removed 0 rows and 0 columns (presolve time = 295s)...
Presolve removed 0 rows and 0 columns (presolve time = 300s)...
Presolve removed 0 rows and 0 columns (presolve time = 305s)...
Presolve removed 0 rows and 0 columns (presolve time = 310s)...
Presolve removed 0 rows and 0 columns (presolve time = 315s)...
Presolve removed 0 rows and 0 columns (presolve time = 320s)...
Presolve removed 0 rows and 0 columns (presolve time = 325s)...
Presolve removed 0 rows and 0 columns (presolve time = 330s)...
Presolve removed 0 rows and 0 columns (presolve time = 335s)...
Presolve removed 0 rows and 0 columns (presolve time = 340s)...
Presolve removed 0 rows and 0 columns (presolve time = 345s)...
Presolve removed 0 rows and 0 columns (presolve time = 350s)...
Presolve removed 0 rows and 0 columns (presolve time = 355s)...
Presolve removed 0 rows and 0 columns (presolve time = 360s)...
Presolve removed 0 rows and 0 columns (presolve time = 365s)...
Presolve removed 0 rows and 0 columns (presolve time = 370s)...
Presolve removed 0 rows and 0 columns (presolve time = 376s)...
Presolve time: 376.22s
Presolved: 196014 rows, 35900 columns, 34840950 nonzeros
Variable types: 0 continuous, 35900 integer (35900 binary)

Root simplex log...

Iteration    Objective       Primal Inf.    Dual Inf.      Time
       0   -0.0000000e+00   0.000000e+00   2.890000e+04    391s
     152    2.1276705e+04   0.000000e+00   0.000000e+00    391s
     152    2.1276705e+04   0.000000e+00   0.000000e+00    391s

Use crossover to convert LP symmetric solution to basic solution...

Root crossover log...

  191058 variables added to crossover basis                      395s
  192768 variables added to crossover basis                      400s
  193578 variables added to crossover basis                      405s
  194178 variables added to crossover basis                      410s
  194718 variables added to crossover basis                      415s
  195228 variables added to crossover basis                      420s
  195708 variables added to crossover basis                      425s

       0 DPushes remaining with DInf 0.0000000e+00               432s

       0 PPushes remaining with PInf 0.0000000e+00               433s

  Push phase complete: Pinf 0.0000000e+00, Dinf 1.3323145e-09    433s


Root simplex log...

Iteration    Objective       Primal Inf.    Dual Inf.      Time
     155    2.1276705e+04   0.000000e+00   0.000000e+00    437s
Crossover time: 45.62 seconds (87.56 work units)

Root relaxation: objective 2.127670e+04, 155 iterations, 57.75 seconds (99.92 work units)

    Nodes    |    Current Node    |     Objective Bounds      |     Work
 Expl Unexpl |  Obj  Depth IntInf | Incumbent    BestBd   Gap | It/Node Time

     0     0 21276.7046    0 8616 27818.0000 21276.7046  23.5%     -  445s
H    0     0                    23527.000000 21276.7046  9.56%     -  445s
H    0     0                    22037.000000 21276.7046  3.45%     -  446s
H    0     0                    22032.000000 21276.7046  3.43%     -  455s
H    0     0                    22030.000000 21276.7046  3.42%     -  455s
H    0     0                    22013.000000 21276.7046  3.34%     -  455s
H    0     0                    22012.000000 21276.7046  3.34%     -  455s
H    0     0                    22005.000000 21276.7046  3.31%     -  455s
H    0     0                    22002.000000 21276.7046  3.30%     -  470s
H    0     0                    21874.000000 21276.7046  2.73%     -  502s
H    0     0                    21627.000000 21276.7046  1.62%     -  502s
H    0     0                    21626.000000 21276.7046  1.62%     -  502s
H    0     0                    21611.000000 21276.7046  1.55%     -  502s
H    0     0                    21604.000000 21276.7046  1.51%     -  502s
H    0     0                    21588.000000 21276.7046  1.44%     -  503s
H    0     0                    21580.000000 21276.7046  1.41%     -  503s
H    0     0                    21572.000000 21276.7046  1.37%     -  503s
H    0     0                    21571.000000 21276.7046  1.36%     -  520s
H    0     0                    21569.000000 21276.7046  1.36%     -  520s
H    0     0                    21568.000000 21276.7046  1.35%     -  528s
H    0     0                    21565.000000 21276.7046  1.34%     -  528s
H    0     0                    21561.000000 21276.7046  1.32%     -  529s
H    0     0                    21560.000000 21276.7046  1.31%     -  529s
H    0     0                    21555.000000 21276.7046  1.29%     -  537s
H    0     0                    21552.000000 21276.7046  1.28%     -  537s
H    0     0                    21551.000000 21276.7046  1.27%     -  538s
H    0     0                    21550.000000 21276.7046  1.27%     -  545s
H    0     0                    21548.000000 21276.7046  1.26%     -  545s
H    0     0                    21547.000000 21276.7046  1.25%     -  548s
H    0     0                    21542.000000 21276.7046  1.23%     -  551s
     0     0 21276.7046    0 8616 21542.0000 21276.7046  1.23%     - 1016s
     0     2 21276.7046    0 8616 21542.0000 21276.7046  1.23%     - 2624s
     1     3 21276.7181    1 8709 21542.0000 21276.7077  1.23%  2076 5182s
     2     5 21276.7343    2 8790 21542.0000 21276.7077  1.23%  2964 9268s
     4     9 21276.7516    3 8818 21542.0000 21276.7077  1.23%  3729 14408s
H    5     9                    21529.000000 21276.7077  1.17%  2983 14408s

Explored 8 nodes (27298 simplex iterations) in 14409.49 seconds (20668.54 work units)
Thread count was 32 (of 32 available processors)

Solution count 10: 21529 21542 21547 ... 21561

Time limit reached
Best objective 2.152900000000e+04, best bound 2.127700000000e+04, gap 1.1705%

User-callback calls 5190518, time in user-callback 4.40 sec
