
Gurobi 13.0.2 (linux64) logging started Sat Jul 11 08:33:15 2026

Set parameter LogFile to value "/tmp/sweep_20260709_012313_china_alt400km_s20_i4_v4_gurobi.log"
Set parameter Method to value 1
Set parameter NodefileStart to value 4
Set parameter RINS to value 50
Gurobi Optimizer version 13.0.2 build v13.0.2rc1 (linux64 - "Debian GNU/Linux 13 (trixie)")

CPU model: Intel(R) Xeon(R) Platinum 8375C CPU @ 2.90GHz, instruction set [SSE2|AVX|AVX2|AVX512]
Thread count: 16 physical cores, 32 logical processors, using up to 32 threads

Non-default parameters:
TimeLimit  14400
MIPGap  0.001
Method  1
LPWarmStart  1
Heuristics  0.2
MIPFocus  1
NodefileStart  4
RINS  50
Symmetry  2
Cuts  2
CoverCuts  2
LogToConsole  0

Academic license 2812613 - for non-commercial use only - registered to no___@gatech.edu
Optimize a model with 392028 rows, 28720 columns and 32015620 nonzeros (Min)
Model fingerprint: 0x9ffb7b80
Model has 28720 linear objective coefficients
Variable types: 0 continuous, 28720 integer (28720 binary)
Coefficient statistics:
  Matrix range     [1e+00, 1e+00]
  Objective range  [1e+00, 1e+00]
  Bounds range     [1e+00, 1e+00]
  RHS range        [5e+00, 5e+00]

Found heuristic solution: objective 3735.0000000
Presolve removed 0 rows and 0 columns (presolve time = 5s)...
Presolve removed 0 rows and 0 columns (presolve time = 13s)...
Presolve removed 0 rows and 0 columns (presolve time = 16s)...
Presolve removed 0 rows and 0 columns (presolve time = 21s)...
Presolve removed 0 rows and 0 columns (presolve time = 25s)...
Presolve removed 0 rows and 0 columns (presolve time = 33s)...
Presolve removed 0 rows and 0 columns (presolve time = 37s)...
Presolve removed 0 rows and 0 columns (presolve time = 40s)...
Presolve removed 0 rows and 0 columns (presolve time = 45s)...
Presolve removed 0 rows and 0 columns (presolve time = 50s)...
Presolve removed 0 rows and 0 columns (presolve time = 55s)...
Presolve removed 0 rows and 0 columns (presolve time = 60s)...
Presolve removed 1436 rows and 0 columns (presolve time = 67s)...
Presolve removed 1436 rows and 0 columns (presolve time = 71s)...
Presolve removed 1436 rows and 0 columns (presolve time = 75s)...
Presolve removed 1436 rows and 0 columns (presolve time = 80s)...
Presolve removed 1436 rows and 0 columns (presolve time = 88s)...
Presolve removed 1436 rows and 0 columns (presolve time = 92s)...
Presolve removed 1436 rows and 0 columns (presolve time = 95s)...
Presolve removed 1436 rows and 0 columns (presolve time = 103s)...
Presolve removed 1436 rows and 0 columns (presolve time = 105s)...
Presolve removed 1436 rows and 0 columns (presolve time = 111s)...
Presolve removed 1436 rows and 0 columns (presolve time = 115s)...
Presolve removed 1436 rows and 0 columns (presolve time = 120s)...
Presolve removed 1436 rows and 0 columns (presolve time = 126s)...
Presolve removed 1436 rows and 0 columns (presolve time = 133s)...
Presolve removed 1436 rows and 0 columns (presolve time = 138s)...
Presolve removed 1436 rows and 0 columns
Presolve time: 137.53s
Presolved: 390592 rows, 28720 columns, 31991208 nonzeros
Variable types: 0 continuous, 28720 integer (28720 binary)

Root simplex log...

Iteration    Objective       Primal Inf.    Dual Inf.      Time
       0   -0.0000000e+00   0.000000e+00   2.160000e+03    157s
      49    2.5496644e+03   0.000000e+00   0.000000e+00    157s
      49    2.5496644e+03   0.000000e+00   0.000000e+00    157s

Use crossover to convert LP symmetric solution to basic solution...

Root crossover log...

  371924 variables added to crossover basis                      161s
  378014 variables added to crossover basis                      165s
  378644 variables added to crossover basis                      170s
  379454 variables added to crossover basis                      175s
  380294 variables added to crossover basis                      180s
  381224 variables added to crossover basis                      185s
  382094 variables added to crossover basis                      190s
  382904 variables added to crossover basis                      195s
  383774 variables added to crossover basis                      200s
  384674 variables added to crossover basis                      205s
  385574 variables added to crossover basis                      210s
  386204 variables added to crossover basis                      215s
  386624 variables added to crossover basis                      220s
  387044 variables added to crossover basis                      225s
  387404 variables added to crossover basis                      230s
  387734 variables added to crossover basis                      235s
  388034 variables added to crossover basis                      240s
  388334 variables added to crossover basis                      245s
  388604 variables added to crossover basis                      250s
  388904 variables added to crossover basis                      256s
  389174 variables added to crossover basis                      260s
  389444 variables added to crossover basis                      266s
  389684 variables added to crossover basis                      270s
  389924 variables added to crossover basis                      275s
  390164 variables added to crossover basis                      280s
  390404 variables added to crossover basis                      285s

       0 DPushes remaining with DInf 0.0000000e+00               651s

       0 PPushes remaining with PInf 0.0000000e+00               652s

  Push phase complete: Pinf 0.0000000e+00, Dinf 1.4845127e-08    653s


Root simplex log...

Iteration    Objective       Primal Inf.    Dual Inf.      Time
      52    2.5496644e+03   0.000000e+00   0.000000e+00    791s
Crossover time: 633.88 seconds (1679.70 work units)

Root relaxation: objective 2.549664e+03, 52 iterations, 649.81 seconds (1691.03 work units)

    Nodes    |    Current Node    |     Objective Bounds      |     Work
 Expl Unexpl |  Obj  Depth IntInf | Incumbent    BestBd   Gap | It/Node Time

     0     0 2549.66439    0 18668 3735.00000 2549.66439  31.7%     - 1298s
H    0     0                    3711.0000000 2549.66439  31.3%     - 1354s
H    0     0                    3652.0000000 2549.66439  30.2%     - 1354s
H    0     0                    3621.0000000 2549.66439  29.6%     - 1354s
H    0     0                    3589.0000000 2549.66439  29.0%     - 1354s
H    0     0                    3585.0000000 2549.66439  28.9%     - 1355s
H    0     0                    3579.0000000 2549.66439  28.8%     - 1355s
H    0     0                    3577.0000000 2549.66439  28.7%     - 1376s
H    0     0                    3575.0000000 2549.66439  28.7%     - 1376s
H    0     0                    3572.0000000 2549.66439  28.6%     - 1401s
H    0     0                    3568.0000000 2549.66439  28.5%     - 1414s
H    0     0                    3566.0000000 2549.66439  28.5%     - 1414s
H    0     0                    3559.0000000 2549.66439  28.4%     - 1439s
H    0     0                    3558.0000000 2549.66439  28.3%     - 1439s
H    0     0                    3556.0000000 2549.66439  28.3%     - 1465s
H    0     0                    3554.0000000 2549.66439  28.3%     - 1465s
H    0     0                    3553.0000000 2549.66439  28.2%     - 1478s
H    0     0                    3547.0000000 2549.66439  28.1%     - 1489s
H    0     0                    3540.0000000 2549.66439  28.0%     - 1537s
H    0     0                    3538.0000000 2549.66439  27.9%     - 1578s
H    0     0                    3535.0000000 2549.66439  27.9%     - 1645s
H    0     0                    3534.0000000 2549.66439  27.9%     - 1692s
H    0     0                    3533.0000000 2549.66439  27.8%     - 1727s
H    0     0                    3532.0000000 2549.66439  27.8%     - 1727s
H    0     0                    3530.0000000 2549.66439  27.8%     - 1740s
H    0     0                    3529.0000000 2549.66439  27.8%     - 1827s
H    0     0                    3528.0000000 2549.66439  27.7%     - 1839s
H    0     0                    3527.0000000 2549.66439  27.7%     - 1839s
H    0     0                    3526.0000000 2549.66439  27.7%     - 1852s
H    0     0                    3525.0000000 2549.66439  27.7%     - 2028s
H    0     0                    3524.0000000 2549.66439  27.6%     - 2044s
H    0     0                    3523.0000000 2549.66439  27.6%     - 2100s
H    0     0                    3522.0000000 2549.66439  27.6%     - 2260s
H    0     0                    3521.0000000 2549.66439  27.6%     - 2342s
     0     0 2549.66439    0 18668 3521.00000 2549.66439  27.6%     - 6176s

Explored 1 nodes (52 simplex iterations) in 14400.47 seconds (30322.21 work units)
Thread count was 32 (of 32 available processors)

Solution count 10: 3521 3522 3523 ... 3530

Time limit reached
Best objective 3.521000000000e+03, best bound 2.550000000000e+03, gap 27.5774%

User-callback calls 330073, time in user-callback 1.29 sec
