
Gurobi 13.0.2 (linux64) logging started Sat Jun 27 05:53:02 2026

Set parameter LogFile to value "/tmp/sweep_20260626_235454_china_alt260km_s10_i4_v4_gurobi.log"
Set parameter Method to value 1
Set parameter NodefileStart to value 4
Set parameter RINS to value 50
Gurobi Optimizer version 13.0.2 build v13.0.2rc1 (linux64 - "Debian GNU/Linux 13 (trixie)")

CPU model: Intel(R) Xeon(R) Platinum 8375C CPU @ 2.90GHz, instruction set [SSE2|AVX|AVX2|AVX512]
Thread count: 16 physical cores, 32 logical processors, using up to 32 threads

Non-default parameters:
TimeLimit  10800
MIPGap  0.01
Method  1
LPWarmStart  1
Heuristics  0.2
MIPFocus  1
NodefileStart  4
RINS  50
Symmetry  2
Cuts  2
CoverCuts  2
LogToConsole  0

Academic license 2812613 - for non-commercial use only - registered to no___@gatech.edu
Optimize a model with 196014 rows, 17950 columns and 11090946 nonzeros (Min)
Model fingerprint: 0x7dec1d0c
Model has 17950 linear objective coefficients
Variable types: 0 continuous, 17950 integer (17950 binary)
Coefficient statistics:
  Matrix range     [1e+00, 1e+00]
  Objective range  [1e+00, 1e+00]
  Bounds range     [1e+00, 1e+00]
  RHS range        [3e+00, 3e+00]

Found heuristic solution: objective 3590.0000000
Presolve removed 0 rows and 0 columns (presolve time = 5s)...
Presolve removed 0 rows and 0 columns (presolve time = 10s)...
Presolve removed 718 rows and 0 columns (presolve time = 15s)...
Presolve removed 718 rows and 0 columns (presolve time = 20s)...
Presolve removed 718 rows and 0 columns (presolve time = 25s)...
Presolve removed 718 rows and 0 columns (presolve time = 30s)...
Presolve removed 718 rows and 0 columns
Presolve time: 32.67s
Presolved: 195296 rows, 17950 columns, 11050738 nonzeros
Variable types: 0 continuous, 17950 integer (17950 binary)

Root simplex log...

Iteration    Objective       Primal Inf.    Dual Inf.      Time
       0   -0.0000000e+00   0.000000e+00   9.960000e+02     38s
      70    1.3440204e+03   0.000000e+00   0.000000e+00     38s
      70    1.3440204e+03   0.000000e+00   0.000000e+00     38s

Use crossover to convert LP symmetric solution to basic solution...

Root crossover log...

  194118 variables added to crossover basis                       45s

       1 DPushes remaining with DInf 0.0000000e+00                51s
       0 DPushes remaining with DInf 0.0000000e+00                52s

     719 PPushes remaining with PInf 0.0000000e+00                52s
       0 PPushes remaining with PInf 0.0000000e+00                70s

  Push phase complete: Pinf 0.0000000e+00, Dinf 3.3778332e-09     70s


Root simplex log...

Iteration    Objective       Primal Inf.    Dual Inf.      Time
     793    1.3440204e+03   0.000000e+00   0.000000e+00     72s
Crossover time: 33.87 seconds (66.47 work units)

Root relaxation: objective 1.344020e+03, 793 iterations, 37.94 seconds (70.32 work units)

    Nodes    |    Current Node    |     Objective Bounds      |     Work
 Expl Unexpl |  Obj  Depth IntInf | Incumbent    BestBd   Gap | It/Node Time

     0     0 1344.02039    0 8616 3590.00000 1344.02039  62.6%     -  600s
H    0     0                    2154.0000000 1344.02039  37.6%     -  600s
H    0     0                    2151.0000000 1344.02039  37.5%     -  605s
H    0     0                    2148.0000000 1344.02039  37.4%     -  605s
H    0     0                    2146.0000000 1344.02039  37.4%     -  605s
H    0     0                    2144.0000000 1344.02039  37.3%     -  605s
H    0     0                    2143.0000000 1344.02039  37.3%     -  605s
H    0     0                    2139.0000000 1344.02039  37.2%     -  605s
H    0     0                    2138.0000000 1344.02039  37.1%     -  605s
H    0     0                    2136.0000000 1344.02039  37.1%     -  606s
H    0     0                    2135.0000000 1344.02039  37.0%     -  606s
H    0     0                    2131.0000000 1344.02039  36.9%     -  607s
H    0     0                    2130.0000000 1344.02039  36.9%     -  607s
H    0     0                    2129.0000000 1344.02039  36.9%     -  607s
H    0     0                    2125.0000000 1344.02039  36.8%     -  607s
H    0     0                    2123.0000000 1344.02039  36.7%     -  607s
H    0     0                    2122.0000000 1344.02039  36.7%     -  607s
H    0     0                    2121.0000000 1344.02039  36.6%     -  608s
H    0     0                    2120.0000000 1344.02039  36.6%     -  608s
H    0     0                    2119.0000000 1344.02039  36.6%     -  608s
H    0     0                    2118.0000000 1344.02039  36.5%     -  608s
H    0     0                    2117.0000000 1344.02039  36.5%     -  632s
H    0     0                    2116.0000000 1344.02039  36.5%     -  634s
H    0     0                    2114.0000000 1344.02039  36.4%     -  639s
H    0     0                    2112.0000000 1344.02039  36.4%     -  641s
H    0     0                    2107.0000000 1344.02039  36.2%     -  644s
H    0     0                    2106.0000000 1344.02039  36.2%     -  658s
H    0     0                    2105.0000000 1344.02039  36.2%     -  660s
H    0     0                    2104.0000000 1344.02039  36.1%     -  664s
H    0     0                    2102.0000000 1344.02039  36.1%     -  665s
     0     0 1344.02039    0 8616 2102.00000 1344.02039  36.1%     -  950s
     0     0 1344.02039    0 8616 2102.00000 1344.02039  36.1%     - 1142s
H    0     2                    2086.0000000 1344.02039  35.6%     - 2235s
     0     2 1344.02039    0 8616 2086.00000 1344.02039  35.6%     - 2235s
H    1     3                    2068.0000000 1344.02039  35.0%   0.0 7521s
     2     5 1344.31488    2 8770 2068.00000 1344.02039  35.0%  8238 10809s
H    3     5                    2048.0000000 1344.02039  34.4%  5492 10809s

Explored 4 nodes (33315 simplex iterations) in 10809.26 seconds (21952.98 work units)
Thread count was 32 (of 32 available processors)

Solution count 10: 2048 2068 2086 ... 2114

Time limit reached
Best objective 2.048000000000e+03, best bound 1.345000000000e+03, gap 34.3262%

User-callback calls 3212211, time in user-callback 2.72 sec
