
Gurobi 13.0.2 (linux64) logging started Mon Jul 20 09:12:13 2026

Set parameter LogFile to value "/tmp/sweep_20260716_013919_north-korea_alt550km_s75_i6_v10_gurobi.log"
Set parameter Method to value 1
Set parameter NodefileStart to value 4
Set parameter RINS to value 50
Gurobi Optimizer version 13.0.2 build v13.0.2rc1 (linux64 - "Debian GNU/Linux 13 (trixie)")

CPU model: Intel(R) Xeon(R) Platinum 8375C CPU @ 2.90GHz, instruction set [SSE2|AVX|AVX2|AVX512]
Thread count: 16 physical cores, 32 logical processors, using up to 32 threads

Non-default parameters:
TimeLimit  14400
MIPGap  0.001
Method  1
LPWarmStart  1
Heuristics  0.2
MIPFocus  1
NodefileStart  4
RINS  50
Symmetry  2
Cuts  2
CoverCuts  2
LogToConsole  0

Academic license 2812613 - for non-commercial use only - registered to no___@gatech.edu
Optimize a model with 1436 rows, 21540 columns and 388438 nonzeros (Min)
Model fingerprint: 0xf84fb2a3
Model has 21540 linear objective coefficients
Variable types: 0 continuous, 21540 integer (21540 binary)
Coefficient statistics:
  Matrix range     [1e+00, 1e+00]
  Objective range  [1e+00, 1e+00]
  Bounds range     [1e+00, 1e+00]
  RHS range        [1e+01, 1e+01]

Found heuristic solution: objective 1641.0000000
Presolve removed 0 rows and 2872 columns
Presolve time: 0.32s
Presolved: 1436 rows, 18668 columns, 335306 nonzeros
Variable types: 0 continuous, 18668 integer (16514 binary)

Root simplex log...

Iteration    Objective       Primal Inf.    Dual Inf.      Time
    7807    7.5011698e+02   2.135714e+03   0.000000e+00      5s
   10887    7.5607207e+02   1.070966e+03   0.000000e+00     10s
   11888    7.5681081e+02   0.000000e+00   0.000000e+00     12s

Root relaxation: objective 7.568108e+02, 11888 iterations, 11.82 seconds (26.54 work units)

    Nodes    |    Current Node    |     Objective Bounds      |     Work
 Expl Unexpl |  Obj  Depth IntInf | Incumbent    BestBd   Gap | It/Node Time

     0     0  756.81081    0 1436 1641.00000  756.81081  53.9%     -   12s
H    0     0                     891.0000000  756.81081  15.1%     -   12s
H    0     0                     829.0000000  756.81081  8.71%     -   14s
H    0     0                     820.0000000  756.81081  7.71%     -   14s
H    0     0                     793.0000000  756.81081  4.56%     -   14s
H    0     0                     791.0000000  756.81081  4.32%     -   15s
H    0     0                     789.0000000  756.81081  4.08%     -   18s
H    0     0                     788.0000000  756.81081  3.96%     -   19s
H    0     0                     783.0000000  756.81081  3.34%     -   19s
H    0     0                     782.0000000  756.81081  3.22%     -   19s
     0     0  756.81081    0 1436  782.00000  756.81081  3.22%     -   45s
     0     2  756.81081    0 1436  782.00000  756.81081  3.22%     -  108s
     1     3  756.89168    1 1431  782.00000  756.83209  3.22%   5.0  114s
     2     5  756.95146    2 1426  782.00000  756.83209  3.22%   9.5  124s
     4     9  756.97982    3 1426  782.00000  756.83209  3.22%   7.0  145s
     8    18  756.99253    4 1423  782.00000  756.83209  3.22%  11.8  165s
    17    34  757.01263    5 1421  782.00000  756.95711  3.20%   977  190s
H   19    34                     781.0000000  756.95711  3.08%   875  190s
    33    83  757.03767    6 1421  781.00000  756.98794  3.07%   526  217s
    84    99  757.24476   10 1397  781.00000  756.99337  3.07%   249  235s
   100   115  757.27161   11 1395  781.00000  756.99337  3.07%   220  256s
   116   131  757.29495   11 1394  781.00000  756.99337  3.07%   201  286s
   132   147  757.32138   12 1392  781.00000  756.99337  3.07%   187  313s
   148   163  757.34161   12 1389  781.00000  756.99337  3.07%   177  341s
   164   179  757.34224   13 1386  781.00000  756.99337  3.07%   169  364s
   180   195  757.37360   14 1387  781.00000  756.99337  3.07%   164  387s
   196   211  757.36979   14 1389  781.00000  756.99337  3.07%   159  414s
   212   227  757.40554   15 1381  781.00000  756.99337  3.07%   156  460s
   228   243  757.39215   15 1384  781.00000  756.99337  3.07%   154  481s
   244   259  757.41583   16 1387  781.00000  756.99337  3.07%   153  501s
   260   275  757.41047   16 1382  781.00000  756.99337  3.07%   153  531s
   276   291  757.44296   17 1380  781.00000  756.99337  3.07%   153  560s
   292   307  757.49073   18 1375  781.00000  756.99337  3.07%   153  579s
   308   326  757.46716   18 1380  781.00000  756.99337  3.07%   153  601s
   327   360  757.49247   19 1383  781.00000  756.99337  3.07%   153  619s
   361   376  757.61370   22 1364  781.00000  756.99337  3.07%   154  636s
   377   400  757.64357   23 1361  781.00000  756.99337  3.07%   155  655s
   401   416  757.67977   24 1348  781.00000  756.99337  3.07%   157  670s
   417   432  757.71661   25 1347  781.00000  756.99337  3.07%   158  687s
   433   448  757.74586   26 1336  781.00000  756.99337  3.07%   159  705s
   449   470  757.77001   27 1342  781.00000  756.99337  3.07%   160  724s
   471   486  757.81287   28 1332  781.00000  756.99337  3.07%   161  745s
H  486   486                     780.0000000  756.99337  2.95%   162  745s
   487   538  757.80496   28 1335  780.00000  756.99337  2.95%   162  767s
   539   569  757.85795   30 1334  780.00000  756.99337  2.95%   166  785s
   570   585  757.88322   31 1336  780.00000  756.99337  2.95%   166  806s
   586   601  757.91309   32 1330  780.00000  756.99337  2.95%   167  828s
   602   617  757.90279   32 1335  780.00000  756.99337  2.95%   168  851s
   618   633  757.92628   33 1328  780.00000  756.99337  2.95%   170  876s
   634   649  757.94885   34 1329  780.00000  756.99337  2.95%   170  899s
   650   665  757.97278   34 1327  780.00000  756.99337  2.95%   171  922s
   666   681  757.97537   35 1322  780.00000  756.99337  2.95%   172  948s
   682   697  757.99236   35 1324  780.00000  756.99337  2.95%   173  983s
   698   714  758.02437   36 1317  780.00000  756.99337  2.95%   175 1006s
   715   730  758.04558   37 1321  780.00000  756.99337  2.95%   176 1037s
   731   746  758.06664   37 1309  780.00000  756.99337  2.95%   177 1070s
H  747   762                     779.0000000  756.99337  2.82%   178 1113s
   763   778  758.10932   38 1308  779.00000  756.99337  2.82%   180 1146s
   779   794  758.14105   39 1297  779.00000  756.99337  2.82%   181 1174s
   795   810  758.17625   40 1301  779.00000  756.99337  2.82%   182 1206s
   811   826  758.21333   41 1298  779.00000  756.99337  2.82%   183 1235s
   827   842  758.24243   42 1295  779.00000  756.99337  2.82%   185 1261s
   843   858  758.26086   42 1294  779.00000  756.99337  2.82%   186 1346s
   859   874  758.26118   43 1291  779.00000  756.99337  2.82%   187 1383s
   875   893  758.28020   44 1284  779.00000  756.99337  2.82%   188 1428s
   894   908  758.29397   45 1290  779.00000  756.99337  2.82%   189 1484s
   910   924  758.31013   46 1289  779.00000  756.99337  2.82%   190 1520s
   926   970  758.33097   47 1294  779.00000  756.99337  2.82%   191 1565s
   972   986  758.35901   47 1281  779.00000  756.99337  2.82%   194 1601s
   988  1002  758.37639   48 1281  779.00000  756.99337  2.82%   194 1648s
  1004  1027  758.39916   48 1279  779.00000  756.99337  2.82%   195 1697s
  1029  1091  758.42294   49 1273  779.00000  756.99337  2.82%   196 1758s
  1093  1142  758.70361   59 1251  779.00000  756.99337  2.82%   199 1812s
  1144  1158  758.81979   64 1241  779.00000  756.99337  2.82%   202 1864s
  1160  1181  758.84098   64 1233  779.00000  756.99337  2.82%   204 1904s
  1183  1374  758.88287   65 1234  779.00000  756.99337  2.82%   204 1948s
  1376  1390  759.22073   76 1214  779.00000  756.99337  2.82%   215 1993s
  1392  1406  759.25676   77 1215  779.00000  756.99337  2.82%   216 2039s
  1408  1422  759.24987   77 1215  779.00000  756.99337  2.82%   216 2080s
  1424  1438  759.27991   78 1210  779.00000  756.99337  2.82%   216 2134s
  1440  1464  759.29907   79 1211  779.00000  756.99337  2.82%   217 2187s
  1466  1480  759.32794   79 1211  779.00000  756.99337  2.82%   218 2257s
  1482  1538  759.37667   80 1209  779.00000  756.99337  2.82%   219 2329s
  1540  1684  759.35720   80 1221  779.00000  756.99337  2.82%   222 2383s
  1686  1714  759.57140   88 1205  779.00000  756.99337  2.82%   225 2443s
  1716  1868  759.61045   88 1192  779.00000  756.99337  2.82%   226 2492s
  1870  1884  759.80823   96 1178  779.00000  756.99337  2.82%   234 2551s
  1886  1901  759.83329   97 1174  779.00000  756.99337  2.82%   235 2601s
  1903  2263  759.84773   98 1173  779.00000  756.99337  2.82%   235 2647s
  2265  2279  760.41618  112 1161  779.00000  756.99337  2.82%   250 2701s
  2281  2295  760.40348  112 1152  779.00000  756.99337  2.82%   250 2749s
  2297  2359  760.43128  113 1154  779.00000  756.99337  2.82%   251 2804s
  2361  2375  760.49457  116 1153  779.00000  756.99337  2.82%   251 2853s
  2377  2391  760.53019  117 1149  779.00000  756.99337  2.82%   252 2913s
  2393  2411  760.50760  117 1154  779.00000  756.99337  2.82%   252 2994s
  2413  2448  760.56892  118 1148  779.00000  756.99337  2.82%   253 3074s
  2450  2464  760.62266  120 1148  779.00000  756.99337  2.82%   254 3137s
  2466  2816  760.65480  120 1146  779.00000  756.99337  2.82%   255 3198s
  2818  2832  760.86944  128 1146  779.00000  756.99337  2.82%   266 3253s
  2834  2932  760.88733  129 1144  779.00000  756.99337  2.82%   266 3306s
  2934  3124  761.15006  138 1129  779.00000  756.99337  2.82%   267 3366s
  3126  3304  761.51547  148 1121  779.00000  756.99337  2.82%   268 3432s
  3306  3689  762.05462  164 1101  779.00000  756.99337  2.82%   274 3492s
  3691  3739  762.07156  165 1104  779.00000  756.99337  2.82%   283 3549s
  3741  3899  762.12944  167 1096  779.00000  756.99337  2.82%   284 3611s
  3901  4257  762.29821  172 1079  779.00000  756.99337  2.82%   288 3678s
  4259  4273  762.33577  173 1094  779.00000  756.99337  2.82%   296 3749s
  4275  4289  762.29029  173 1086  779.00000  756.99337  2.82%   296 3850s
  4291  4305  762.30163  174 1088  779.00000  756.99337  2.82%   297 3921s
  4307  4620  762.33081  174 1092  779.00000  756.99337  2.82%   297 3986s
  4622  4636  762.36204  175 1089  779.00000  756.99337  2.82%   302 4056s
  4638  4811  762.40023  176 1074  779.00000  756.99337  2.82%   302 4123s
  4813  5133  762.63786  185 1077  779.00000  756.99337  2.82%   306 4193s
  5135  5149  762.67639  185 1091  779.00000  756.99337  2.82%   311 4284s
  5151  5214  762.65174  186 1074  779.00000  756.99337  2.82%   311 4380s
  5216  5412  762.66603  187 1074  779.00000  756.99337  2.82%   312 4469s
  5414  5886  762.99412  200 1058  779.00000  756.99337  2.82%   315 4547s
  5888  6084  763.69035  222 1034  779.00000  756.99337  2.82%   320 4626s
  6086  6352  763.81876  229 1026  779.00000  756.99337  2.82%   322 4706s
  6354  7111  764.03623  238 1027  779.00000  756.99337  2.82%   325 4792s
  7113  7745  764.84201  261 1019  779.00000  756.99337  2.82%   331 4877s
  7747  7951  765.64605  287  994  779.00000  756.99337  2.82%   336 4961s
  7953  7967  765.99996  299  961  779.00000  756.99337  2.82%   336 5058s
  7969  7990  766.01948  300  963  779.00000  756.99337  2.82%   337 5168s
  7992  8302  766.07284  301  970  779.00000  756.99337  2.82%   337 5260s
  8304  9060  766.20147  306  972  779.00000  756.99337  2.82%   336 5353s
  9062  9785  767.15042  334  949  779.00000  756.99337  2.82%   340 5448s
  9787 10067  767.75759  360  934  779.00000  756.99337  2.82%   340 5544s
 10069 10564  768.03008  372  925  779.00000  756.99337  2.82%   341 5645s
 10567 10565  764.61914  285 1436  779.00000  756.99337  2.82%   343 5800s
 10569 10566  759.98156  102 1436  779.00000  756.99337  2.82%   342 5918s
 10570 10567  761.20809  132 1436  779.00000  756.99337  2.82%   342 5925s
 10571 10568  760.25046  105 1436  779.00000  757.00000  2.82%   342 6101s
 10572 10570  757.00000   15 1431  779.00000  757.00000  2.82%   344 6174s
 10573 10573  757.00000   16 1426  779.00000  757.00000  2.82%   343 6231s
 10576 10577  757.00000   17 1426  779.00000  757.00000  2.82%   349 6287s
 10582 10584  757.00000   18 1423  779.00000  757.00000  2.82%   349 6324s
 10593 10596  757.01263   19 1421  779.00000  757.00000  2.82%   348 6337s
 10689 10653  757.15850   23 1406  779.00000  757.00000  2.82%   348 6348s
 10698 10676  757.15715   23 1411  779.00000  757.00000  2.82%   348 6359s
 10724 10697  757.16923   24 1408  779.00000  757.00000  2.82%   347 6369s
 10753 10703  757.21774   24 1396  779.00000  757.00000  2.82%   346 6381s
 10769 10714  757.27292   25 1388  779.00000  757.00000  2.82%   346 6395s
 10785 10724  757.25570   25 1396  779.00000  757.00000  2.82%   346 6409s
 10801 10728  757.29097   26 1384  779.00000  757.00000  2.82%   345 6424s
 10810 10741  757.34603   26 1382  779.00000  757.00000  2.82%   345 6438s
 10826 10752  757.32865   27 1378  779.00000  757.00000  2.82%   345 6452s
 10842 10762  757.32185   27 1388  779.00000  757.00000  2.82%   345 6466s
 10858 10773  757.35748   28 1385  779.00000  757.00000  2.82%   344 6480s
 10874 10784  757.39513   28 1373  779.00000  757.00000  2.82%   344 6495s
 10890 10794  757.42170   29 1374  779.00000  757.00000  2.82%   344 6513s
 10906 10805  757.45411   29 1372  779.00000  757.00000  2.82%   344 6529s
 10922 10816  757.48123   30 1364  779.00000  757.00000  2.82%   343 6551s
 10938 10826  757.49914   30 1366  779.00000  757.00000  2.82%   343 6570s
 10954 10837  757.49522   31 1364  779.00000  757.00000  2.82%   343 6589s
 10970 10848  757.54758   31 1366  779.00000  757.00000  2.82%   343 6602s
 10986 10858  757.52887   32 1365  779.00000  757.00000  2.82%   342 6617s
 11002 10869  757.51655   32 1370  779.00000  757.00000  2.82%   342 6664s
 11018 10880  757.54147   33 1362  779.00000  757.00000  2.82%   342 6715s
 11034 10890  757.58836   33 1356  779.00000  757.00000  2.82%   342 6740s
 11050 10901  757.59554   34 1357  779.00000  757.00000  2.82%   341 6753s
 11066 10912  757.62226   34 1356  779.00000  757.00000  2.82%   341 6801s
 11082 10917  757.65660   35 1343  779.00000  757.00000  2.82%   341 6829s
 11093 10930  757.66095   35 1356  779.00000  757.00000  2.82%   341 6878s
 11109 10940  757.68554   36 1354  779.00000  757.00000  2.82%   341 6893s
 11125 10951  757.70844   36 1351  779.00000  757.00000  2.82%   341 6905s
 11141 10969  757.73159   37 1346  779.00000  757.00000  2.82%   341 6918s
 11164 10998  757.73647   37 1348  779.00000  757.00000  2.82%   340 6935s
 11201 11023  757.76019   38 1344  779.00000  757.00000  2.82%   340 6972s
 11238 11059  757.77280   38 1348  779.00000  757.00000  2.82%   339 7019s
 11287 11059  757.90518   43 1338  779.00000  757.00000  2.82%   338 7034s
 11303 11121  757.86611   43 1343  779.00000  757.00000  2.82%   338 7080s
 11370 11170  757.99347   48 1320  779.00000  757.00000  2.82%   337 7096s
 11442 11234  758.11260   53 1310  779.00000  757.00000  2.82%   336 7113s
 11530 11221  758.21601   58 1300  779.00000  757.00000  2.82%   335 7130s
 11546 11244  758.22425   58 1301  779.00000  757.00000  2.82%   335 7147s
 11574 11279  758.23728   59 1303  779.00000  757.00000  2.82%   335 7165s
 11619 11280  758.24295   59 1298  779.00000  757.00000  2.82%   334 7184s
 11635 11325  758.25373   60 1299  779.00000  757.00000  2.82%   334 7217s
 11685 11330  758.26540   60 1299  779.00000  757.00000  2.82%   333 7238s
 11707 11353  758.28178   61 1298  779.00000  757.00000  2.82%   333 7260s
 11737 11387  758.30439   61 1292  779.00000  757.00000  2.82%   333 7281s
 11781 11388  758.30794   62 1299  779.00000  757.00000  2.82%   332 7301s
 11797 11408  758.30259   62 1297  779.00000  757.00000  2.82%   332 7326s
 11822 11461  758.33235   63 1292  779.00000  757.00000  2.82%   332 7350s
 11883 11456  758.33972   63 1297  779.00000  757.00000  2.82%   331 7376s
 11899 11470  758.35664   64 1286  779.00000  757.00000  2.82%   331 7403s
 11918 11552  758.36837   64 1291  779.00000  757.00000  2.82%   331 7428s
 12006 11538  758.49460   70 1282  779.00000  757.00000  2.82%   330 7456s
 12022 11551  758.51006   70 1278  779.00000  757.00000  2.82%   329 7481s
 12040 11571  758.51469   71 1276  779.00000  757.00000  2.82%   329 7524s
 12066 11592  758.52502   71 1273  779.00000  757.00000  2.82%   329 7553s
 12096 11641  758.54165   72 1281  779.00000  757.00000  2.82%   329 7580s
 12155 11638  758.60854   74 1270  779.00000  757.00000  2.82%   329 7612s
 12171 11737  758.60838   74 1273  779.00000  757.00000  2.82%   329 7639s
 12276 11718  758.63040   75 1268  779.00000  757.00000  2.82%   327 7670s
 12292 11745  758.64394   75 1262  779.00000  757.00000  2.82%   327 7701s
 12324 11752  758.75116   80 1257  779.00000  757.00000  2.82%   327 7740s
 12342 11772  758.75475   80 1255  779.00000  757.00000  2.82%   327 7778s
 12368 11780  758.77668   81 1254  779.00000  757.00000  2.82%   327 7814s
 12384 11800  758.78106   81 1258  779.00000  757.00000  2.82%   327 7866s
 12410 11848  758.78544   82 1250  779.00000  757.00000  2.82%   327 7904s
 12466 11983  758.83463   82 1260  779.00000  757.00000  2.82%   327 7937s
 12620 11948  759.05732   94 1233  779.00000  757.00000  2.82%   325 7974s
 12636 11999  759.07519   95 1242  779.00000  757.00000  2.82%   325 8015s
 12693 12003  759.12677   95 1231  779.00000  757.00000  2.82%   325 8078s
 12716 12154  759.16477   96 1225  779.00000  757.00000  2.82%   325 8121s
 12874 12396  759.14566   96 1223  779.00000  757.00000  2.82%   324 8164s
 13169 12478  759.17150   97 1230  779.00000  757.00000  2.82%   323 8200s
 13349 12506  759.47181  104 1206  779.00000  757.00000  2.82%   321 8239s
 13437 12646  759.43274  105 1220  779.00000  757.00000  2.82%   320 8273s
 13607 12865  759.44008  106 1222  779.00000  757.00000  2.82%   319 8317s
 13882 13018  759.45151  106 1216  779.00000  757.00000  2.82%   317 8356s
 14127 13128  759.70353  116 1201  779.00000  757.00000  2.82%   316 8399s
 14319 13080  759.73279  116 1195  779.00000  757.00000  2.82%   315 8452s
 14335 13211  759.72289  117 1202  779.00000  757.00000  2.82%   315 8503s
 14471 13182  759.92950  125 1184  779.00000  757.00000  2.82%   315 8565s
 14487 13248  759.91656  125 1188  779.00000  757.00000  2.82%   315 8619s
 14559 13451  759.92468  126 1184  779.00000  757.00000  2.82%   315 8684s
 14786 13580  759.97345  126 1183  779.00000  757.00000  2.82%   314 8733s
 14990 13715  760.11719  134 1184  779.00000  757.00000  2.82%   312 8783s
 15193 13803  760.11847  134 1173  779.00000  757.00000  2.82%   311 8837s
 15349 13878  760.20170  138 1164  779.00000  757.00000  2.82%   310 8889s
 15476 13852  760.21336  139 1172  779.00000  757.00000  2.82%   309 8951s
 15492 13918  760.20321  139 1165  779.00000  757.00000  2.82%   309 9019s
 15564 13982  760.30530  144 1156  779.00000  757.00000  2.82%   310 9080s
 15652 14387  760.34519  144 1166  779.00000  757.00000  2.82%   310 9176s
 16086 14446  760.81030  169 1134  779.00000  757.00000  2.82%   310 9239s
 16290 14525  760.81297  169 1129  779.00000  757.00000  2.82%   310 9303s
 16437 14689  760.97347  175 1131  779.00000  757.00000  2.82%   310 9371s
 16693 14620  760.98667  175 1131  779.00000  757.00000  2.82%   309 9451s
 16709 14686  760.98351  176 1126  779.00000  757.00000  2.82%   309 9535s
 16780 14686  761.02241  176 1114  779.00000  757.00000  2.82%   309 9631s
 16804 15119  761.13024  181 1119  779.00000  757.00000  2.82%   310 9703s
 17245 14993  761.60925  195 1088  779.00000  757.00000  2.82%   310 9781s
 17266 15130  761.64991  196 1093  779.00000  757.00000  2.82%   310 9852s
 17410 15745  761.72980  200 1093  779.00000  757.00000  2.82%   310 9929s
 18073 15540  762.22318  220 1080  779.00000  757.00000  2.82%   312 10012s
 18089 15562  762.25441  221 1080  779.00000  757.00000  2.82%   312 10102s
 18116 15699  762.24208  221 1083  779.00000  757.00000  2.82%   312 10192s
 18262 16286  762.26941  222 1075  779.00000  757.00000  2.82%   312 10272s
 18898 16146  762.78651  241 1067  779.00000  757.00000  2.82%   315 10355s
 18970 16502  762.82914  243 1062  779.00000  757.00000  2.82%   315 10437s
 19350 16479  763.27001  258 1061  779.00000  757.00000  2.82%   317 10523s
 19454 17126  763.30128  259 1054  779.00000  757.00000  2.82%   317 10610s
 20181 17102  763.87028  281 1028  779.00000  757.00000  2.82%   318 10694s
 20400 17045  764.13706  291 1037  779.00000  757.00000  2.82%   319 10790s
 20416 17558  764.22659  292 1030  779.00000  757.00000  2.82%   319 10894s
 20934 17509  764.57836  309 1017  779.00000  757.00000  2.82%   320 11032s
 21058 19180  764.69376  314 1018  779.00000  757.00000  2.82%   321 11538s
 22770 19407  766.13123  362  986  779.00000  757.00000  2.82%   325 11681s
 23568 19157  766.43774  379  965  779.00000  757.00000  2.82%   328 11835s
 23584 19168  766.51134  379  967  779.00000  757.00000  2.82%   328 11995s
 23600 19181  766.46193  380  962  779.00000  757.00000  2.82%   328 12169s
 23618 19978  766.44905  380  964  779.00000  757.00000  2.82%   328 12316s
 24421 20097  767.21078  409  949  779.00000  757.00000  2.82%   331 12453s
 24808 20882  767.62577  424  951  779.00000  757.00000  2.82%   331 12596s
 25722 20593  768.26329  446  930  779.00000  757.00000  2.82%   332 12763s
 25738 20700  768.28123  446  935  779.00000  757.00000  2.82%   332 12938s
 25850 21488  768.29009  447  929  779.00000  757.00000  2.82%   332 13090s
 26675 21465  768.93102  475  918  779.00000  757.00000  2.82%   334 13241s
 26927 22514  769.11077  479  916  779.00000  757.00000  2.82%   334 13402s
 28080 22165  770.13032  516  896  779.00000  757.00000  2.82%   336 13576s
 28116 22169  770.14685  517  893  779.00000  757.00000  2.82%   336 13799s
 28132 22416  770.17949  517  899  779.00000  757.00000  2.82%   336 13972s
 28384 23118  770.61387  527  884  779.00000  757.00000  2.82%   337 14139s
 29170 23684  771.47510  553  867  779.00000  757.00000  2.82%   339 14313s
 29998 23842  772.15227  571  864  779.00000  757.00000  2.82%   340 14400s

Explored 30432 nodes (10398640 simplex iterations) in 14400.09 seconds (49382.53 work units)
Thread count was 32 (of 32 available processors)

Solution count 10: 779 780 781 ... 820

Time limit reached
Best objective 7.790000000000e+02, best bound 7.570000000000e+02, gap 2.8241%

User-callback calls 3689583, time in user-callback 13.50 sec
