
Gurobi 13.0.2 (linux64) logging started Tue Jul 14 05:19:22 2026

Set parameter LogFile to value "/tmp/sweep_20260709_012313_china_alt550km_s100_i6_v6_gurobi.log"
Set parameter Method to value 1
Set parameter NodefileStart to value 4
Set parameter RINS to value 50
Gurobi Optimizer version 13.0.2 build v13.0.2rc1 (linux64 - "Debian GNU/Linux 13 (trixie)")

CPU model: Intel(R) Xeon(R) Platinum 8375C CPU @ 2.90GHz, instruction set [SSE2|AVX|AVX2|AVX512]
Thread count: 16 physical cores, 32 logical processors, using up to 32 threads

Non-default parameters:
TimeLimit  14400
MIPGap  0.001
Method  1
LPWarmStart  1
Heuristics  0.2
MIPFocus  1
NodefileStart  4
RINS  50
Symmetry  2
Cuts  2
CoverCuts  2
LogToConsole  0

Academic license 2812613 - for non-commercial use only - registered to no___@gatech.edu
Optimize a model with 196014 rows, 35900 columns and 27938098 nonzeros (Min)
Model fingerprint: 0x8edc6412
Model has 35900 linear objective coefficients
Variable types: 0 continuous, 35900 integer (35900 binary)
Coefficient statistics:
  Matrix range     [1e+00, 1e+00]
  Objective range  [1e+00, 1e+00]
  Bounds range     [1e+00, 1e+00]
  RHS range        [2e+01, 2e+01]

Found heuristic solution: objective 10337.000000
Presolve removed 0 rows and 0 columns (presolve time = 6s)...
Presolve removed 0 rows and 0 columns (presolve time = 10s)...
Presolve removed 0 rows and 0 columns (presolve time = 15s)...
Presolve removed 0 rows and 0 columns (presolve time = 22s)...
Presolve removed 0 rows and 0 columns (presolve time = 26s)...
Presolve removed 0 rows and 0 columns (presolve time = 30s)...
Presolve removed 0 rows and 0 columns (presolve time = 35s)...
Presolve removed 0 rows and 0 columns (presolve time = 42s)...
Presolve removed 0 rows and 0 columns (presolve time = 47s)...
Presolve removed 0 rows and 0 columns (presolve time = 50s)...
Presolve removed 0 rows and 0 columns (presolve time = 55s)...
Presolve removed 0 rows and 0 columns (presolve time = 65s)...
Presolve removed 0 rows and 0 columns (presolve time = 65s)...
Presolve removed 0 rows and 0 columns (presolve time = 70s)...
Presolve removed 0 rows and 0 columns (presolve time = 75s)...
Presolve removed 0 rows and 0 columns (presolve time = 80s)...
Presolve removed 0 rows and 0 columns (presolve time = 85s)...
Presolve removed 0 rows and 0 columns (presolve time = 90s)...
Presolve removed 0 rows and 0 columns (presolve time = 95s)...
Presolve removed 0 rows and 0 columns (presolve time = 100s)...
Presolve removed 0 rows and 0 columns (presolve time = 105s)...
Presolve removed 0 rows and 0 columns (presolve time = 110s)...
Presolve removed 0 rows and 0 columns (presolve time = 115s)...
Presolve removed 0 rows and 0 columns (presolve time = 120s)...
Presolve removed 0 rows and 0 columns (presolve time = 125s)...
Presolve removed 0 rows and 0 columns (presolve time = 130s)...
Presolve removed 0 rows and 0 columns (presolve time = 135s)...
Presolve removed 0 rows and 0 columns (presolve time = 140s)...
Presolve removed 0 rows and 0 columns (presolve time = 145s)...
Presolve removed 0 rows and 0 columns (presolve time = 150s)...
Presolve removed 0 rows and 0 columns (presolve time = 155s)...
Presolve removed 0 rows and 0 columns (presolve time = 160s)...
Presolve removed 0 rows and 0 columns (presolve time = 165s)...
Presolve removed 0 rows and 0 columns (presolve time = 170s)...
Presolve removed 0 rows and 0 columns (presolve time = 175s)...
Presolve removed 0 rows and 0 columns (presolve time = 180s)...
Presolve removed 0 rows and 0 columns (presolve time = 185s)...
Presolve removed 0 rows and 0 columns (presolve time = 190s)...
Presolve removed 0 rows and 0 columns (presolve time = 195s)...
Presolve removed 0 rows and 0 columns (presolve time = 200s)...
Presolve removed 0 rows and 0 columns (presolve time = 205s)...
Presolve removed 0 rows and 0 columns (presolve time = 210s)...
Presolve removed 0 rows and 0 columns (presolve time = 215s)...
Presolve removed 0 rows and 0 columns (presolve time = 220s)...
Presolve removed 0 rows and 0 columns (presolve time = 225s)...
Presolve removed 0 rows and 0 columns (presolve time = 230s)...
Presolve removed 0 rows and 0 columns (presolve time = 235s)...
Presolve removed 0 rows and 0 columns (presolve time = 240s)...
Presolve removed 0 rows and 0 columns (presolve time = 245s)...
Presolve removed 0 rows and 0 columns (presolve time = 250s)...
Presolve removed 0 rows and 0 columns (presolve time = 255s)...
Presolve removed 0 rows and 0 columns (presolve time = 260s)...
Presolve removed 0 rows and 0 columns (presolve time = 265s)...
Presolve removed 0 rows and 0 columns (presolve time = 270s)...
Presolve removed 0 rows and 0 columns (presolve time = 275s)...
Presolve removed 0 rows and 0 columns (presolve time = 280s)...
Presolve removed 0 rows and 0 columns (presolve time = 285s)...
Presolve removed 0 rows and 0 columns (presolve time = 290s)...
Presolve removed 0 rows and 0 columns (presolve time = 295s)...
Presolve removed 0 rows and 0 columns (presolve time = 300s)...
Presolve removed 0 rows and 0 columns (presolve time = 305s)...
Presolve removed 0 rows and 0 columns (presolve time = 311s)...
Presolve time: 310.69s
Presolved: 196014 rows, 35900 columns, 27938098 nonzeros
Variable types: 0 continuous, 35900 integer (35900 binary)

Root simplex log...

Iteration    Objective       Primal Inf.    Dual Inf.      Time
       0   -0.0000000e+00   0.000000e+00   4.641000e+03    324s
      89    4.4172456e+03   0.000000e+00   0.000000e+00    324s
      89    4.4172456e+03   0.000000e+00   0.000000e+00    324s

Use crossover to convert LP symmetric solution to basic solution...

Root crossover log...

  187982 variables added to crossover basis                      330s
  189332 variables added to crossover basis                      335s
  190412 variables added to crossover basis                      340s
  191612 variables added to crossover basis                      345s
  192572 variables added to crossover basis                      350s
  193202 variables added to crossover basis                      355s
  193772 variables added to crossover basis                      360s
  194252 variables added to crossover basis                      365s
  194702 variables added to crossover basis                      370s
  195122 variables added to crossover basis                      375s
  195542 variables added to crossover basis                      380s
  195962 variables added to crossover basis                      385s

       0 DPushes remaining with DInf 0.0000000e+00               412s

       0 PPushes remaining with PInf 0.0000000e+00               412s

  Push phase complete: Pinf 0.0000000e+00, Dinf 6.7429978e-09    413s


Root simplex log...

Iteration    Objective       Primal Inf.    Dual Inf.      Time
      92    4.4172456e+03   0.000000e+00   0.000000e+00    427s
Crossover time: 103.17 seconds (171.57 work units)

Root relaxation: objective 4.417246e+03, 92 iterations, 113.79 seconds (181.46 work units)

    Nodes    |    Current Node    |     Objective Bounds      |     Work
 Expl Unexpl |  Obj  Depth IntInf | Incumbent    BestBd   Gap | It/Node Time

     0     0 4417.24563    0 13642 10337.0000 4417.24563  57.3%     -  459s
H    0     0                    5694.0000000 4417.24563  22.4%     -  459s
H    0     0                    5488.0000000 4417.24563  19.5%     -  460s
H    0     0                    5486.0000000 4417.24563  19.5%     -  758s
H    0     0                    5483.0000000 4417.24563  19.4%     -  758s
H    0     0                    5481.0000000 4417.24563  19.4%     -  789s
     0     0 4417.24563    0 13642 5481.00000 4417.24563  19.4%     - 1769s
H    0     0                    5459.0000000 4417.24563  19.1%     - 4379s
H    0     0                    5455.0000000 4417.24563  19.0%     - 4379s
H    0     0                    5447.0000000 4417.24563  18.9%     - 4380s
H    0     0                    5444.0000000 4417.24563  18.9%     - 4382s
H    0     0                    5443.0000000 4417.24563  18.8%     - 4391s
H    0     0                    5442.0000000 4417.24563  18.8%     - 4396s
H    0     0                    5410.0000000 4417.24563  18.4%     - 4397s
H    0     2                    5159.0000000 4417.24563  14.4%     - 7576s
     0     2 4417.24563    0 13642 5159.00000 4417.24563  14.4%     - 7576s
     1     3 4417.24636    1 13605 5159.00000 4417.24582  14.4%   685 14421s

Explored 2 nodes (777 simplex iterations) in 14422.33 seconds (31743.94 work units)
Thread count was 32 (of 32 available processors)

Solution count 10: 5159 5410 5442 ... 5483

Time limit reached
Best objective 5.159000000000e+03, best bound 4.418000000000e+03, gap 14.3632%

User-callback calls 4461835, time in user-callback 3.99 sec
