
Gurobi 13.0.2 (linux64) logging started Fri Jul 17 10:58:45 2026

Set parameter LogFile to value "/tmp/sweep_20260716_013919_north-korea_alt400km_s1_i2_v6_gurobi.log"
Set parameter Method to value 1
Set parameter NodefileStart to value 4
Set parameter RINS to value 50
Gurobi Optimizer version 13.0.2 build v13.0.2rc1 (linux64 - "Debian GNU/Linux 13 (trixie)")

CPU model: Intel(R) Xeon(R) Platinum 8375C CPU @ 2.90GHz, instruction set [SSE2|AVX|AVX2|AVX512]
Thread count: 16 physical cores, 32 logical processors, using up to 32 threads

Non-default parameters:
TimeLimit  14400
MIPGap  0.001
Method  1
LPWarmStart  1
Heuristics  0.2
MIPFocus  1
NodefileStart  4
RINS  50
Symmetry  2
Cuts  2
CoverCuts  2
LogToConsole  0

Academic license 2812613 - for non-commercial use only - registered to no___@gatech.edu
Optimize a model with 2872 rows, 7180 columns and 176628 nonzeros (Min)
Model fingerprint: 0x4e31f701
Model has 7180 linear objective coefficients
Variable types: 0 continuous, 7180 integer (7180 binary)
Coefficient statistics:
  Matrix range     [1e+00, 1e+00]
  Objective range  [1e+00, 1e+00]
  Bounds range     [1e+00, 1e+00]
  RHS range        [1e+00, 1e+00]

Found heuristic solution: objective 174.0000000
Presolve removed 0 rows and 1436 columns
Presolve time: 0.23s
Presolved: 2872 rows, 5744 columns, 163704 nonzeros
Variable types: 0 continuous, 5744 integer (5744 binary)

Root simplex log...

Iteration    Objective       Primal Inf.    Dual Inf.      Time
   10863    9.4472300e+01   2.658408e+03   0.000000e+00      5s
   15933    9.6986488e+01   1.510577e+04   0.000000e+00     10s
   20113    9.8374524e+01   2.158825e+03   0.000000e+00     15s
   23903    9.9378059e+01   2.554790e+03   0.000000e+00     20s
   27683    1.0031156e+02   1.280087e+03   0.000000e+00     25s
   31563    1.0123436e+02   2.209093e+03   0.000000e+00     30s
   36213    1.0211547e+02   1.051182e+05   0.000000e+00     35s
Warning: Markowitz tolerance tightened to 0.03125
   41713    1.0242819e+02   2.378162e+04   0.000000e+00     40s
   46233    1.0257150e+02   2.852488e+03   0.000000e+00     45s
   50693    1.0257154e+02   2.865402e+02   0.000000e+00     50s
   54503    1.0257154e+02   4.217965e+00   0.000000e+00     55s
   54961    1.0257143e+02   0.000000e+00   0.000000e+00     56s

Root relaxation: objective 1.025714e+02, 54961 iterations, 55.66 seconds (134.21 work units)

    Nodes    |    Current Node    |     Objective Bounds      |     Work
 Expl Unexpl |  Obj  Depth IntInf | Incumbent    BestBd   Gap | It/Node Time

     0     0  102.57143    0 1932  174.00000  102.57143  41.1%     -   85s
H    0     0                     167.0000000  102.57143  38.6%     -   85s
H    0     0                     165.0000000  102.57143  37.8%     -   86s
H    0     0                     164.0000000  102.57143  37.5%     -   86s
H    0     0                     163.0000000  102.57143  37.1%     -   86s
H    0     0                     162.0000000  102.57143  36.7%     -   86s
H    0     0                     160.0000000  102.57143  35.9%     -   86s
H    0     0                     159.0000000  102.57143  35.5%     -   86s
H    0     0                     158.0000000  102.57143  35.1%     -   87s
H    0     0                     157.0000000  102.57143  34.7%     -   87s
H    0     0                     156.0000000  102.57143  34.2%     -   87s
H    0     0                     155.0000000  102.57143  33.8%     -   87s
H    0     0                     154.0000000  102.57143  33.4%     -   87s
H    0     0                     153.0000000  102.57143  33.0%     -   87s
H    0     0                     152.0000000  102.57143  32.5%     -   87s
H    0     0                     151.0000000  102.57143  32.1%     -   87s
H    0     0                     150.0000000  102.57143  31.6%     -   87s
H    0     0                     149.0000000  102.57143  31.2%     -   87s
H    0     0                     148.0000000  102.57143  30.7%     -   87s
H    0     0                     146.0000000  102.57143  29.7%     -   88s
H    0     0                     145.0000000  102.57143  29.3%     -  110s
H    0     0                     144.0000000  102.57143  28.8%     -  110s
H    0     0                     143.0000000  102.57143  28.3%     -  110s
H    0     0                     141.0000000  102.57143  27.3%     -  110s
H    0     0                     140.0000000  102.57143  26.7%     -  110s
H    0     0                     135.0000000  102.57143  24.0%     -  110s
H    0     0                     134.0000000  102.57143  23.5%     -  110s
H    0     0                     133.0000000  102.57143  22.9%     -  110s
H    0     0                     132.0000000  102.57143  22.3%     -  122s
H    0     0                     131.0000000  102.57143  21.7%     -  122s
     0     0  102.57143    0 1822  131.00000  102.57143  21.7%     -  126s
H    0     0                     130.0000000  102.57143  21.1%     -  143s
H    0     0                     129.0000000  102.57143  20.5%     -  143s
H    0     0                     128.0000000  102.57143  19.9%     -  143s
H    0     0                     127.0000000  102.57143  19.2%     -  144s
     0     0  102.57143    0 1757  127.00000  102.57143  19.2%     -  150s
     0     0  102.57143    0 1747  127.00000  102.57143  19.2%     -  178s
     0     0  102.57143    0 1747  127.00000  102.57143  19.2%     -  222s
     0     0  102.57143    0 1743  127.00000  102.57143  19.2%     -  235s
     0     0  102.57143    0 1725  127.00000  102.57143  19.2%     -  264s
     0     0  102.57143    0 1725  127.00000  102.57143  19.2%     -  308s
H    0     0                     126.0000000  102.57143  18.6%     -  310s
H    0     0                     125.0000000  102.57143  17.9%     -  311s
     0     0  102.57143    0 1713  125.00000  102.57143  17.9%     -  326s
     0     0  102.57143    0 1672  125.00000  102.57143  17.9%     -  351s
     0     0  102.57143    0 1672  125.00000  102.57143  17.9%     -  413s
H    0     0                     124.0000000  102.57143  17.3%     -  417s
H    0     0                     123.0000000  102.57143  16.6%     -  417s
     0     0  102.57143    0 1641  123.00000  102.57143  16.6%     -  417s
     0     0  102.57143    0 1769  123.00000  102.57143  16.6%     -  448s
     0     0  102.57143    0 1705  123.00000  102.57143  16.6%     -  521s
H    0     0                     122.0000000  102.57143  15.9%     -  618s
H    0     0                     121.0000000  102.57143  15.2%     -  665s
     0     2  102.57143    0 1705  121.00000  102.57143  15.2%     -  934s
     1     3  102.57143    1 1820  121.00000  102.57143  15.2%  3718  978s
     2     6  102.57143    2 1436  121.00000  102.57143  15.2%  3870 1066s
H    3     6                     117.0000000  102.57143  12.3%  2580 1066s
H    4     6                     114.0000000  102.57143  10.0%  6460 1067s
     5    12  104.56122    3 1436  114.00000  102.57143  10.0% 18337 1503s
H    6    12                     113.0000000  102.57143  9.23% 15280 1503s
     9    12  102.75562    2 1790  113.00000  102.63707  9.17% 22107 1505s
    11    22 infeasible    4       113.00000  102.63707  9.17% 21136 1692s
H   12    22                     112.0000000  102.63707  8.36% 19374 1692s
    21    22  103.84977    4 2502  112.00000  102.64520  8.35% 21547 1696s
    24    23  102.78925    4 1705  112.00000  102.64520  8.35% 19327 1984s
    26    24  102.97167    5 1932  112.00000  102.64520  8.35% 17840 2111s
    27    25  102.97167    5 1759  112.00000  102.64520  8.35% 17179 2200s
    28    26  102.93289    4 1747  112.00000  102.64520  8.35% 16566 2250s
    29    26  103.18363    5 1838  112.00000  102.64520  8.35% 15995 2347s
    30    27  103.43332    5 1824  112.00000  102.64520  8.35% 15461 2405s
    31    28  102.64520    4 1768  112.00000  102.64520  8.35% 14963 2534s
    32    28  103.18363    5 1835  112.00000  102.64520  8.35% 14495 2595s
    33    29  102.93287    4 1775  112.00000  102.64520  8.35% 14056 2709s
    34    30  102.80153    5 1813  112.00000  102.64520  8.35% 13642 2778s
    35    30  102.64520    4 1756  112.00000  102.64520  8.35% 13253 2907s
    36    31  102.78926    4 1756  112.00000  102.64520  8.35% 12884 3234s
    38    34  102.80154    5 1705  112.00000  102.64520  8.35% 20264 3649s
    40    35  102.93287    4 1932  112.00000  102.64520  8.35% 19251 3774s
    41    36  102.97168    5 1820  112.00000  102.64520  8.35% 18781 3870s
    42    37  102.78862    4 1787  112.00000  102.64520  8.35% 18334 3917s
    43    37  103.84982    5 1763  112.00000  102.64520  8.35% 17908 4043s
H   43    35                     111.0000000  102.64520  7.53% 17908 4116s
    45    37  105.62780    5 1818  111.00000  102.64520  7.53% 17112 4243s
    46    37  102.80153    5 1846  111.00000  102.64520  7.53% 16740 4327s
    47    38  102.78925    4 1782  111.00000  102.64520  7.53% 16384 4504s
    48    39  103.84982    5 1851  111.00000  102.64520  7.53% 16042 4602s
    49    39  102.78926    4 1784  111.00000  102.64520  7.53% 15715 4772s
    50    40  102.78862    4 1784  111.00000  102.64520  7.53% 15401 5166s
    52    43  102.97167    5 1705  111.00000  102.64520  7.53% 20619 5673s
    54    44  103.84978    5 1932  111.00000  102.64520  7.53% 19856 5803s
    55    45  102.93289    4 1742  111.00000  102.64520  7.53% 19495 5908s
    56    46  102.78862    4 1761  111.00000  102.64520  7.53% 19146 5959s
    57    46  102.80154    5 1761  111.00000  102.64520  7.53% 18811 6107s
    58    47  105.62780    5 1795  111.00000  102.64520  7.53% 18486 6196s
    59    48  103.18365    5 1787  111.00000  102.64520  7.53% 18173 6365s
    60    48  105.62868    5 1856  111.00000  102.64520  7.53% 17870 6446s
    61    49  103.18363    5 1764  111.00000  102.64520  7.53% 17577 6609s
    62    50  102.97168    5 1866  111.00000  102.64520  7.53% 17294 6699s
    63    50  102.98502    5 1782  111.00000  102.64520  7.53% 17019 6872s
    64    51  105.62780    5 1782  111.00000  102.64520  7.53% 16753 7298s
    66    54  102.97167    5 1705  111.00000  102.64520  7.53% 20976 7880s
    68    55  102.80153    5 1932  111.00000  102.64520  7.53% 20360 8008s
    69    56  103.43324    5 1745  111.00000  102.64520  7.53% 20064 8110s
    70    57  105.62780    5 1750  111.00000  102.64520  7.53% 19778 8160s
    71    57  103.84982    5 1740  111.00000  102.64520  7.53% 19499 8283s
    72    58  102.97167    5 1801  111.00000  102.64520  7.53% 19228 8355s
    73    59  102.98502    5 1762  111.00000  102.64520  7.53% 18965 8514s
    74    59  102.93287    4 1813  111.00000  102.64520  7.53% 18709 8612s
    75    60  102.64520    4 1817  111.00000  102.64520  7.53% 18459 8757s
    76    61  103.84982    5 1862  111.00000  102.64520  7.53% 18216 8860s
    77    61  103.18363    5 1790  111.00000  102.64520  7.53% 17980 9039s
    78    62  102.98502    5 1790  111.00000  102.64520  7.53% 17749 9383s
    80    65  102.97168    5 1705  111.00000  102.64520  7.53% 21177 9997s
    82    66  103.84978    5 1932  111.00000  102.64520  7.53% 20661 10128s
    83    67  102.64520    4 1808  111.00000  102.64520  7.53% 20412 10239s
    84    68  102.78925    4 1765  111.00000  102.64520  7.53% 20169 10282s
    85    68  103.18365    5 1745  111.00000  102.64520  7.53% 19932 10415s
    86    69  102.78862    4 1812  111.00000  102.64520  7.53% 19700 10490s
    87    70  102.80154    5 1777  111.00000  102.64520  7.53% 19473 10633s
    88    70  102.93287    4 1830  111.00000  102.64520  7.53% 19252 10719s
    89    71  103.43332    5 1773  111.00000  102.64520  7.53% 19036 10868s
    90    72  102.98502    5 1872  111.00000  102.64520  7.53% 18824 10951s
    91    72  102.93289    4 1749  111.00000  102.64520  7.53% 18617 11123s
    92    73  103.84982    5 1749  111.00000  102.64520  7.53% 18415 11452s
    94    76  102.80154    5 1705  111.00000  102.64520  7.53% 21314 11594s
    96    77  102.64520    4 1932  111.00000  102.64520  7.53% 20870 11723s
    97    78  103.84978    5 1764  111.00000  102.64520  7.53% 20655 11815s
    98    79  102.97168    5 1742  111.00000  102.64520  7.53% 20444 11853s
    99    79  102.97167    5 1762  111.00000  102.64520  7.53% 20238 11976s
   100    80  103.18363    5 1800  111.00000  102.64520  7.53% 20035 12052s
   101    81  102.80153    5 1733  111.00000  102.64520  7.53% 19837 12186s
   102    81  102.97168    5 1813  111.00000  102.64520  7.53% 19643 12284s
   103    82  102.64520    4 1766  111.00000  102.64520  7.53% 19452 12444s
   104    83  103.43332    5 1836  111.00000  102.64520  7.53% 19265 12549s
   105    83  103.18363    5 1831  111.00000  102.64520  7.53% 19081 12682s
   106    84  103.43324    5 1831  111.00000  102.64520  7.53% 18901 13141s
   108    87  102.80153    5 1705  111.00000  102.64520  7.53% 21371 13939s
   110    88  103.18365    5 1932  111.00000  102.64520  7.53% 20983 14070s
   111    89  102.78862    4 1750  111.00000  102.64520  7.53% 20794 14171s
   112    90  102.64520    4 1748  111.00000  102.64520  7.53% 20608 14216s
   113    90  105.62868    5 1775  111.00000  102.64520  7.53% 20426 14365s

Cutting planes:
  MIR: 151
  Flow cover: 497

Explored 113 nodes (2719693 simplex iterations) in 14400.17 seconds (30695.84 work units)
Thread count was 32 (of 32 available processors)

Solution count 10: 111 112 113 ... 125

Time limit reached
Best objective 1.110000000000e+02, best bound 1.030000000000e+02, gap 7.2072%

User-callback calls 1437881, time in user-callback 2.99 sec
