
Gurobi 13.0.2 (linux64) logging started Wed Jul 22 20:11:25 2026

Set parameter LogFile to value "/tmp/sweep_20260721_030322_iran_alt400km_s100_i1_v6_gurobi.log"
Set parameter Method to value 1
Set parameter NodefileStart to value 4
Set parameter RINS to value 50
Gurobi Optimizer version 13.0.2 build v13.0.2rc1 (linux64 - "Debian GNU/Linux 13 (trixie)")

CPU model: Intel(R) Xeon(R) Platinum 8375C CPU @ 2.90GHz, instruction set [SSE2|AVX|AVX2|AVX512]
Thread count: 16 physical cores, 32 logical processors, using up to 32 threads

Non-default parameters:
TimeLimit  14400
MIPGap  0.001
Method  1
LPWarmStart  1
Heuristics  0.2
MIPFocus  1
NodefileStart  4
RINS  50
Symmetry  2
Cuts  2
CoverCuts  2
LogToConsole  0

Academic license 2812613 - for non-commercial use only - registered to no___@gatech.edu
Optimize a model with 63184 rows, 64620 columns and 20777484 nonzeros (Min)
Model fingerprint: 0x91f72604
Model has 64620 linear objective coefficients
Variable types: 0 continuous, 64620 integer (64620 binary)
Coefficient statistics:
  Matrix range     [1e+00, 1e+00]
  Objective range  [1e+00, 1e+00]
  Bounds range     [1e+00, 1e+00]
  RHS range        [1e+02, 1e+02]

Found heuristic solution: objective 31415.000000
Presolve removed 0 rows and 0 columns (presolve time = 6s)...
Presolve removed 0 rows and 0 columns (presolve time = 10s)...
Presolve removed 0 rows and 0 columns (presolve time = 15s)...
Presolve removed 0 rows and 0 columns (presolve time = 20s)...
Presolve removed 0 rows and 0 columns (presolve time = 25s)...
Presolve removed 0 rows and 0 columns (presolve time = 30s)...
Presolve removed 0 rows and 0 columns (presolve time = 35s)...
Presolve removed 0 rows and 0 columns (presolve time = 43s)...
Presolve removed 0 rows and 0 columns (presolve time = 45s)...
Presolve removed 0 rows and 0 columns (presolve time = 50s)...
Presolve removed 0 rows and 0 columns (presolve time = 55s)...
Presolve removed 0 rows and 0 columns (presolve time = 60s)...
Presolve removed 0 rows and 0 columns (presolve time = 65s)...
Presolve removed 0 rows and 0 columns (presolve time = 70s)...
Presolve removed 0 rows and 0 columns (presolve time = 75s)...
Presolve removed 0 rows and 0 columns (presolve time = 80s)...
Presolve removed 0 rows and 0 columns (presolve time = 85s)...
Presolve removed 0 rows and 0 columns (presolve time = 90s)...
Presolve removed 0 rows and 0 columns (presolve time = 95s)...
Presolve removed 0 rows and 0 columns (presolve time = 100s)...
Presolve removed 0 rows and 0 columns (presolve time = 105s)...
Presolve removed 0 rows and 0 columns (presolve time = 110s)...
Presolve removed 0 rows and 0 columns (presolve time = 115s)...
Presolve removed 0 rows and 0 columns (presolve time = 120s)...
Presolve removed 0 rows and 0 columns (presolve time = 125s)...
Presolve removed 0 rows and 0 columns (presolve time = 130s)...
Presolve removed 0 rows and 0 columns (presolve time = 135s)...
Presolve removed 0 rows and 0 columns (presolve time = 140s)...
Presolve removed 0 rows and 0 columns (presolve time = 145s)...
Presolve removed 0 rows and 0 columns (presolve time = 150s)...
Presolve removed 0 rows and 0 columns (presolve time = 155s)...
Presolve removed 0 rows and 0 columns (presolve time = 160s)...
Presolve removed 0 rows and 0 columns (presolve time = 165s)...
Presolve removed 0 rows and 0 columns (presolve time = 170s)...
Presolve removed 0 rows and 0 columns (presolve time = 175s)...
Presolve removed 0 rows and 0 columns (presolve time = 180s)...
Presolve removed 0 rows and 0 columns (presolve time = 185s)...
Presolve removed 0 rows and 0 columns (presolve time = 190s)...
Presolve removed 0 rows and 0 columns (presolve time = 195s)...
Presolve removed 0 rows and 0 columns (presolve time = 200s)...
Presolve removed 0 rows and 0 columns (presolve time = 205s)...
Presolve time: 206.93s
Presolved: 63184 rows, 64620 columns, 20777484 nonzeros
Variable types: 0 continuous, 64620 integer (64620 binary)

Root simplex log...

Iteration    Objective       Primal Inf.    Dual Inf.      Time
       0    0.0000000e+00   6.318400e+06   0.000000e+00    210s
     331    5.8940000e+03   3.656854e+06   0.000000e+00    210s
    2071    1.2392620e+04   3.940211e+07   0.000000e+00    215s
Warning: Markowitz tolerance tightened to 0.0625
    3086    1.2772933e+04   1.191457e+07   0.000000e+00    220s
    3811    1.2989506e+04   3.561926e+06   0.000000e+00    225s
    4536    1.3140988e+04   2.074320e+07   0.000000e+00    230s
    5261    1.3297354e+04   1.889722e+07   0.000000e+00    235s
    5986    1.3424909e+04   4.735777e+06   0.000000e+00    240s
    6711    1.3536136e+04   6.923329e+06   0.000000e+00    246s
    7291    1.3620493e+04   4.890243e+06   0.000000e+00    251s
    7879    1.3692136e+04   2.308818e+06   0.000000e+00    256s
    8534    1.3774201e+04   7.941930e+05   0.000000e+00    261s
    9043    1.3831029e+04   1.211802e+07   0.000000e+00    266s
    9553    1.3882762e+04   2.764102e+06   0.000000e+00    270s
   10223    1.3949331e+04   4.628334e+06   0.000000e+00    276s
   10703    1.3992564e+04   1.334801e+06   0.000000e+00    281s
   11183    1.4029716e+04   2.481395e+07   0.000000e+00    285s
   11813    1.4082120e+04   1.766983e+06   0.000000e+00    291s
   12273    1.4119419e+04   8.849832e+06   0.000000e+00    296s
   12733    1.4156426e+04   7.917823e+06   0.000000e+00    300s
   13333    1.4191678e+04   2.575917e+06   0.000000e+00    306s
   13763    1.4214216e+04   2.050710e+07   0.000000e+00    311s
   14183    1.4239205e+04   1.061526e+06   0.000000e+00    316s
   14603    1.4264982e+04   1.195686e+06   0.000000e+00    321s
   15023    1.4288975e+04   6.599670e+06   0.000000e+00    326s
   15443    1.4315720e+04   1.154784e+06   0.000000e+00    331s
   15863    1.4337706e+04   9.332632e+05   0.000000e+00    336s
   16263    1.4358926e+04   3.427776e+06   0.000000e+00    341s
   16673    1.4380573e+04   1.568322e+07   0.000000e+00    346s
   17063    1.4398613e+04   3.844170e+06   0.000000e+00    351s
   17453    1.4413509e+04   1.173389e+06   0.000000e+00    355s
   17843    1.4432378e+04   1.273401e+07   0.000000e+00    360s
   18233    1.4448322e+04   1.932682e+06   0.000000e+00    365s
   18623    1.4466000e+04   2.226384e+06   0.000000e+00    371s
   18993    1.4479190e+04   6.847334e+05   0.000000e+00    375s
   19383    1.4495060e+04   4.315778e+06   0.000000e+00    381s
   19753    1.4509440e+04   3.489241e+06   0.000000e+00    385s
   20123    1.4521717e+04   6.683260e+06   0.000000e+00    390s
   20483    1.4535387e+04   7.804275e+05   0.000000e+00    395s
   20853    1.4547457e+04   3.850359e+07   0.000000e+00    400s
   21213    1.4560566e+04   1.230250e+07   0.000000e+00    405s
   21693    1.4577734e+04   2.905389e+06   0.000000e+00    411s
   22063    1.4595200e+04   2.670312e+06   0.000000e+00    417s
   22423    1.4609026e+04   3.743340e+06   0.000000e+00    421s
   22783    1.4622383e+04   3.257050e+06   0.000000e+00    426s
   23143    1.4632843e+04   1.827624e+06   0.000000e+00    431s
   23503    1.4643874e+04   2.588710e+06   0.000000e+00    436s
   23863    1.4655165e+04   1.045665e+06   0.000000e+00    441s
   24223    1.4665499e+04   1.385577e+06   0.000000e+00    446s
   24583    1.4678417e+04   3.935382e+05   0.000000e+00    451s
   24933    1.4687417e+04   1.981225e+06   0.000000e+00    456s
   25293    1.4696795e+04   1.200340e+06   0.000000e+00    461s
   25643    1.4706094e+04   1.259243e+06   0.000000e+00    466s
   25993    1.4715860e+04   5.826206e+06   0.000000e+00    471s
   26343    1.4724592e+04   1.119200e+06   0.000000e+00    477s
   26583    1.4731382e+04   5.468900e+05   0.000000e+00    480s
   26933    1.4739587e+04   5.468456e+06   0.000000e+00    485s
   27283    1.4748818e+04   2.162167e+06   0.000000e+00    490s
   27623    1.4756644e+04   1.906484e+06   0.000000e+00    495s
   27973    1.4765121e+04   4.355665e+05   0.000000e+00    501s
   28323    1.4772808e+04   3.674261e+06   0.000000e+00    506s
   28663    1.4780646e+04   8.484044e+05   0.000000e+00    511s
   28993    1.4787592e+04   2.568805e+06   0.000000e+00    516s
   29323    1.4794594e+04   1.431636e+06   0.000000e+00    521s
   29663    1.4801174e+04   1.133628e+07   0.000000e+00    527s
   29883    1.4805219e+04   7.703277e+05   0.000000e+00    530s
   30223    1.4811530e+04   2.001327e+06   0.000000e+00    536s
   30553    1.4817739e+04   9.174742e+05   0.000000e+00    541s
   30803    1.4822735e+04   2.644708e+06   0.000000e+00    545s
   31133    1.4829003e+04   2.242493e+06   0.000000e+00    551s
   31463    1.4835344e+04   8.978882e+05   0.000000e+00    556s
   31793    1.4841404e+04   7.752379e+05   0.000000e+00    562s
   32003    1.4845083e+04   9.895624e+05   0.000000e+00    566s
   32333    1.4850196e+04   1.004274e+07   0.000000e+00    571s
   32553    1.4853638e+04   1.343621e+06   0.000000e+00    575s
   32903    1.4859825e+04   1.372202e+06   0.000000e+00    582s
   33143    1.4864002e+04   5.291908e+06   0.000000e+00    586s
   33473    1.4868767e+04   1.597166e+06   0.000000e+00    592s
   33693    1.4872326e+04   1.796043e+06   0.000000e+00    596s
   34013    1.4877417e+04   1.005338e+06   0.000000e+00    602s
   34253    1.4880805e+04   6.378097e+05   0.000000e+00    606s
   34513    1.4884675e+04   7.149155e+07   0.000000e+00    611s
   34873    1.4889947e+04   2.500564e+05   0.000000e+00    617s
   35163    1.4894311e+04   3.038810e+06   0.000000e+00    623s
   35313    1.4895818e+04   5.531296e+07   0.000000e+00    625s
   35593    1.4900286e+04   2.171899e+06   0.000000e+00    631s
   35873    1.4904161e+04   4.776549e+05   0.000000e+00    636s
   36163    1.4907793e+04   7.231932e+05   0.000000e+00    641s
   36433    1.4911135e+04   1.580404e+06   0.000000e+00    646s
   36723    1.4914390e+04   4.206816e+06   0.000000e+00    651s
   37013    1.4917427e+04   1.555770e+06   0.000000e+00    657s
   37293    1.4920666e+04   4.282228e+06   0.000000e+00    662s
   37593    1.4923901e+04   4.012534e+06   0.000000e+00    667s
   37743    1.4925797e+04   4.492981e+05   0.000000e+00    670s
   38043    1.4929790e+04   1.427520e+06   0.000000e+00    676s
   38343    1.4933844e+04   5.953411e+05   0.000000e+00    681s
   38643    1.4937165e+04   3.740084e+06   0.000000e+00    687s
   38933    1.4939599e+04   7.886061e+05   0.000000e+00    692s
   39223    1.4942579e+04   5.665400e+05   0.000000e+00    697s
   39373    1.4944267e+04   7.878560e+05   0.000000e+00    700s
   39663    1.4947721e+04   3.564856e+06   0.000000e+00    706s
   39943    1.4951056e+04   6.275592e+05   0.000000e+00    711s
   40223    1.4953712e+04   1.614857e+06   0.000000e+00    716s
   40513    1.4956778e+04   5.617012e+05   0.000000e+00    722s
   40803    1.4959603e+04   3.988789e+06   0.000000e+00    727s
   40943    1.4961240e+04   1.254986e+06   0.000000e+00    730s
   41223    1.4964166e+04   3.383571e+06   0.000000e+00    735s
   41503    1.4966508e+04   1.559215e+06   0.000000e+00    741s
   41783    1.4968956e+04   9.910903e+05   0.000000e+00    746s
   42063    1.4971011e+04   7.313907e+05   0.000000e+00    751s
   42343    1.4973679e+04   1.327088e+06   0.000000e+00    757s
   42623    1.4976189e+04   5.582292e+05   0.000000e+00    762s
   42903    1.4978442e+04   1.784471e+06   0.000000e+00    767s
   43043    1.4979675e+04   3.708411e+05   0.000000e+00    770s
   43323    1.4981743e+04   1.925470e+06   0.000000e+00    775s
   43603    1.4983585e+04   3.220005e+05   0.000000e+00    781s
   43883    1.4985821e+04   4.740151e+06   0.000000e+00    786s
   44163    1.4987877e+04   2.672081e+05   0.000000e+00    792s
   44453    1.4990175e+04   5.495665e+05   0.000000e+00    798s
   44593    1.4991018e+04   4.412280e+05   0.000000e+00    800s
   44873    1.4992886e+04   5.760226e+05   0.000000e+00    806s
   45153    1.4995048e+04   5.213871e+05   0.000000e+00    811s
   45433    1.4997030e+04   3.517579e+05   0.000000e+00    817s
   45713    1.4998924e+04   1.597648e+06   0.000000e+00    822s
   45983    1.5000964e+04   2.227580e+05   0.000000e+00    828s
   46123    1.5001697e+04   1.501742e+06   0.000000e+00    830s
   46393    1.5003622e+04   3.276573e+05   0.000000e+00    836s
   46653    1.5005602e+04   7.315650e+05   0.000000e+00    841s
   46933    1.5007313e+04   9.656417e+05   0.000000e+00    847s
   47213    1.5008797e+04   3.555448e+05   0.000000e+00    852s
   47493    1.5010357e+04   5.337113e+05   0.000000e+00    858s
   47633    1.5011337e+04   3.263639e+05   0.000000e+00    860s
   47893    1.5013092e+04   6.616471e+05   0.000000e+00    866s
   48163    1.5015154e+04   7.788389e+05   0.000000e+00    871s
   48433    1.5016875e+04   1.216235e+06   0.000000e+00    876s
   48693    1.5018409e+04   7.360713e+05   0.000000e+00    882s
   48953    1.5019998e+04   1.113925e+06   0.000000e+00    887s
   49213    1.5021512e+04   3.019823e+05   0.000000e+00    892s
   49343    1.5022133e+04   7.015261e+05   0.000000e+00    895s
   49603    1.5023422e+04   1.054294e+06   0.000000e+00    901s
   49883    1.5024896e+04   2.464728e+06   0.000000e+00    906s
   50143    1.5026446e+04   2.392380e+05   0.000000e+00    912s
   50413    1.5027940e+04   9.450920e+05   0.000000e+00    918s
   50543    1.5028633e+04   6.797734e+05   0.000000e+00    921s
   50793    1.5029918e+04   4.228484e+05   0.000000e+00    926s
   51053    1.5031166e+04   9.209349e+05   0.000000e+00    932s
   51313    1.5032258e+04   4.343728e+05   0.000000e+00    937s
   51443    1.5032789e+04   3.208736e+05   0.000000e+00    940s
   51703    1.5033864e+04   8.943773e+05   0.000000e+00    946s
   51963    1.5035188e+04   6.725643e+05   0.000000e+00    951s
   52223    1.5036717e+04   5.012148e+05   0.000000e+00    957s
   52483    1.5038063e+04   8.269051e+05   0.000000e+00    963s
   52613    1.5038732e+04   1.430443e+06   0.000000e+00    965s
   52883    1.5040044e+04   1.873217e+07   0.000000e+00    971s
   53133    1.5041126e+04   5.524591e+05   0.000000e+00    977s
   53383    1.5042298e+04   7.228444e+05   0.000000e+00    982s
   53643    1.5043420e+04   7.398900e+05   0.000000e+00    988s
   53773    1.5043922e+04   6.021943e+05   0.000000e+00    990s
   54033    1.5044925e+04   8.633214e+05   0.000000e+00    996s
   54283    1.5045909e+04   4.834458e+05   0.000000e+00   1002s
   54533    1.5046788e+04   1.805920e+05   0.000000e+00   1007s
   54783    1.5047620e+04   4.111051e+05   0.000000e+00   1013s
   54913    1.5048093e+04   5.210334e+05   0.000000e+00   1016s
   55173    1.5049045e+04   6.339800e+05   0.000000e+00   1022s
   55433    1.5049922e+04   1.176695e+06   0.000000e+00   1028s
   55553    1.5050314e+04   3.381732e+05   0.000000e+00   1030s
   55813    1.5051351e+04   2.513519e+06   0.000000e+00   1036s
   56063    1.5052171e+04   7.735974e+05   0.000000e+00   1042s
   56303    1.5052923e+04   5.899856e+05   0.000000e+00   1048s
   56423    1.5053278e+04   5.852481e+05   0.000000e+00   1050s
   56673    1.5054053e+04   2.865403e+05   0.000000e+00   1056s
   56913    1.5054827e+04   2.524412e+06   0.000000e+00   1061s
   57203    1.5055828e+04   8.937549e+05   0.000000e+00   1068s
   57343    1.5056371e+04   5.510492e+05   0.000000e+00   1071s
   57603    1.5057185e+04   5.114211e+05   0.000000e+00   1077s
   57853    1.5057943e+04   3.057732e+05   0.000000e+00   1083s
   57973    1.5058358e+04   1.637174e+05   0.000000e+00   1085s
   58233    1.5059213e+04   2.745016e+05   0.000000e+00   1091s
   58523    1.5060165e+04   5.054125e+06   0.000000e+00   1098s
   58653    1.5060532e+04   5.971144e+05   0.000000e+00   1101s
   58903    1.5061323e+04   5.338197e+05   0.000000e+00   1107s
   59163    1.5062105e+04   6.529113e+05   0.000000e+00   1113s
   59303    1.5062515e+04   2.564439e+05   0.000000e+00   1116s
   59553    1.5063273e+04   2.909476e+05   0.000000e+00   1122s
   59793    1.5063872e+04   2.586536e+05   0.000000e+00   1127s
   59933    1.5064280e+04   1.808816e+06   0.000000e+00   1130s
   60213    1.5064911e+04   1.200407e+06   0.000000e+00   1137s
   60343    1.5065239e+04   9.494149e+05   0.000000e+00   1140s
   60583    1.5065855e+04   4.332408e+05   0.000000e+00   1146s
   60823    1.5066430e+04   3.449553e+05   0.000000e+00   1151s
   61063    1.5067072e+04   1.750403e+05   0.000000e+00   1157s
   61303    1.5067634e+04   7.186985e+05   0.000000e+00   1163s
   61423    1.5067911e+04   1.985058e+05   0.000000e+00   1165s
   61713    1.5068581e+04   9.895167e+05   0.000000e+00   1172s
   61863    1.5068978e+04   2.087511e+05   0.000000e+00   1175s
   62153    1.5069588e+04   1.014309e+06   0.000000e+00   1182s
   62423    1.5070147e+04   2.886491e+05   0.000000e+00   1188s
   62573    1.5070509e+04   1.524557e+05   0.000000e+00   1192s
   62723    1.5070849e+04   3.673252e+05   0.000000e+00   1195s
   63013    1.5071475e+04   1.717646e+05   0.000000e+00   1202s
   63163    1.5071800e+04   5.847437e+05   0.000000e+00   1205s
   63433    1.5072404e+04   2.302511e+05   0.000000e+00   1212s
   63703    1.5072938e+04   4.071195e+05   0.000000e+00   1218s
   63853    1.5073274e+04   1.034669e+06   0.000000e+00   1221s
   64153    1.5073818e+04   7.307556e+05   0.000000e+00   1228s
   64303    1.5074112e+04   2.276243e+05   0.000000e+00   1232s
   64433    1.5074335e+04   1.737431e+05   0.000000e+00   1235s
   64723    1.5074834e+04   5.521975e+05   0.000000e+00   1242s
   64873    1.5075158e+04   2.023390e+05   0.000000e+00   1246s
   65143    1.5075690e+04   3.665756e+05   0.000000e+00   1253s
   65283    1.5075970e+04   1.931597e+05   0.000000e+00   1256s
   65563    1.5076496e+04   5.717008e+05   0.000000e+00   1263s
   65693    1.5076756e+04   3.689185e+05   0.000000e+00   1266s
   65973    1.5077401e+04   6.967932e+05   0.000000e+00   1273s
   66123    1.5077717e+04   1.180479e+05   0.000000e+00   1277s
   66253    1.5077951e+04   6.577820e+05   0.000000e+00   1281s
   66533    1.5078490e+04   2.016713e+05   0.000000e+00   1288s
   66663    1.5078736e+04   3.076682e+05   0.000000e+00   1291s
   66943    1.5079141e+04   1.281447e+05   0.000000e+00   1298s
   67083    1.5079358e+04   3.322871e+05   0.000000e+00   1302s
   67223    1.5079573e+04   3.497780e+05   0.000000e+00   1306s
   67513    1.5079977e+04   1.940703e+05   0.000000e+00   1313s
   67663    1.5080156e+04   6.598117e+05   0.000000e+00   1317s
   67813    1.5080379e+04   7.798831e+05   0.000000e+00   1321s
   68093    1.5080743e+04   3.434907e+05   0.000000e+00   1328s
   68233    1.5080941e+04   3.417544e+05   0.000000e+00   1332s
   68373    1.5081155e+04   1.077976e+06   0.000000e+00   1336s
   68653    1.5081508e+04   6.423662e+05   0.000000e+00   1343s
   68793    1.5081710e+04   4.548202e+05   0.000000e+00   1347s
   68933    1.5081917e+04   1.592325e+06   0.000000e+00   1351s
   69213    1.5082332e+04   3.669661e+05   0.000000e+00   1358s
   69353    1.5082526e+04   1.052713e+06   0.000000e+00   1362s
   69493    1.5082687e+04   1.963072e+05   0.000000e+00   1365s
   69773    1.5083172e+04   1.368020e+06   0.000000e+00   1373s
   69913    1.5083334e+04   1.081453e+06   0.000000e+00   1377s
   70053    1.5083510e+04   1.014148e+05   0.000000e+00   1380s
   70333    1.5083827e+04   3.427271e+05   0.000000e+00   1388s
   70473    1.5083987e+04   4.463395e+06   0.000000e+00   1391s
   70613    1.5084145e+04   8.224835e+05   0.000000e+00   1395s
   70893    1.5084492e+04   2.700133e+05   0.000000e+00   1403s
   71033    1.5084713e+04   1.791992e+05   0.000000e+00   1406s
   71173    1.5084946e+04   7.212166e+05   0.000000e+00   1410s
   71453    1.5085360e+04   2.703154e+05   0.000000e+00   1418s
   71593    1.5085569e+04   3.731522e+05   0.000000e+00   1421s
   71733    1.5085742e+04   1.697602e+05   0.000000e+00   1425s
   72013    1.5086093e+04   2.998893e+05   0.000000e+00   1433s
   72153    1.5086299e+04   3.610370e+05   0.000000e+00   1436s
   72293    1.5086468e+04   2.073821e+05   0.000000e+00   1440s
   72573    1.5086822e+04   1.909057e+05   0.000000e+00   1448s
   72713    1.5087015e+04   6.921561e+05   0.000000e+00   1451s
   72853    1.5087170e+04   1.274548e+05   0.000000e+00   1455s
   73133    1.5087474e+04   1.768481e+05   0.000000e+00   1463s
   73273    1.5087631e+04   6.911898e+04   0.000000e+00   1466s
   73413    1.5087794e+04   1.926652e+05   0.000000e+00   1470s
   73693    1.5088139e+04   2.561423e+05   0.000000e+00   1478s
   73833    1.5088306e+04   2.103378e+05   0.000000e+00   1481s
   73973    1.5088455e+04   1.784264e+05   0.000000e+00   1485s
   74243    1.5088765e+04   4.577258e+05   0.000000e+00   1493s
   74383    1.5088921e+04   2.801963e+05   0.000000e+00   1496s
   74523    1.5089080e+04   7.498703e+05   0.000000e+00   1500s
   74803    1.5089434e+04   1.706573e+05   0.000000e+00   1508s
   74943    1.5089576e+04   5.767437e+05   0.000000e+00   1511s
   75083    1.5089720e+04   6.372698e+05   0.000000e+00   1515s
   75363    1.5090038e+04   5.028775e+05   0.000000e+00   1522s
   75503    1.5090224e+04   1.442996e+05   0.000000e+00   1526s
   75773    1.5090565e+04   2.946781e+05   0.000000e+00   1534s
   75913    1.5090713e+04   1.940075e+05   0.000000e+00   1537s
   76053    1.5090880e+04   2.270462e+05   0.000000e+00   1541s
   76333    1.5091143e+04   2.727491e+05   0.000000e+00   1548s
   76473    1.5091273e+04   2.949070e+05   0.000000e+00   1552s
   76613    1.5091383e+04   5.691072e+05   0.000000e+00   1555s
   76893    1.5091633e+04   7.650898e+04   0.000000e+00   1563s
   77033    1.5091772e+04   6.540819e+04   0.000000e+00   1566s
   77173    1.5091894e+04   4.852689e+05   0.000000e+00   1570s
   77443    1.5092155e+04   1.162633e+06   0.000000e+00   1577s
   77583    1.5092273e+04   3.960321e+05   0.000000e+00   1581s
   77843    1.5092531e+04   1.510294e+05   0.000000e+00   1588s
   77983    1.5092652e+04   2.419367e+05   0.000000e+00   1592s
   78123    1.5092783e+04   3.206724e+05   0.000000e+00   1596s
   78393    1.5093037e+04   1.075780e+06   0.000000e+00   1603s
   78533    1.5093194e+04   5.755575e+04   0.000000e+00   1607s
   78663    1.5093324e+04   3.891530e+05   0.000000e+00   1610s
   78943    1.5093623e+04   1.100851e+05   0.000000e+00   1618s
   79083    1.5093741e+04   1.288513e+05   0.000000e+00   1622s
   79213    1.5093863e+04   2.527548e+05   0.000000e+00   1626s
   79493    1.5094137e+04   1.354217e+05   0.000000e+00   1633s
   79623    1.5094275e+04   5.508827e+05   0.000000e+00   1637s
   79753    1.5094389e+04   1.005905e+05   0.000000e+00   1641s
   80013    1.5094653e+04   8.165685e+05   0.000000e+00   1648s
   80153    1.5094782e+04   1.317185e+05   0.000000e+00   1652s
   80283    1.5094886e+04   1.232912e+05   0.000000e+00   1655s
   80553    1.5095111e+04   8.586244e+04   0.000000e+00   1663s
   80693    1.5095212e+04   1.227631e+05   0.000000e+00   1667s
   80823    1.5095313e+04   2.465841e+05   0.000000e+00   1670s
   81083    1.5095491e+04   2.023746e+05   0.000000e+00   1677s
   81223    1.5095598e+04   2.930808e+05   0.000000e+00   1681s
   81483    1.5095791e+04   1.726811e+05   0.000000e+00   1688s
   81623    1.5095891e+04   2.523193e+05   0.000000e+00   1692s
   81753    1.5095995e+04   1.090931e+05   0.000000e+00   1696s
   82033    1.5096206e+04   9.932162e+04   0.000000e+00   1703s
   82173    1.5096296e+04   7.629659e+04   0.000000e+00   1707s
   82313    1.5096394e+04   5.890831e+04   0.000000e+00   1711s
   82573    1.5096590e+04   3.688769e+05   0.000000e+00   1718s
   82703    1.5096678e+04   1.032217e+05   0.000000e+00   1722s
   82833    1.5096756e+04   9.011737e+04   0.000000e+00   1725s
   83103    1.5096925e+04   8.240308e+04   0.000000e+00   1733s
   83233    1.5097008e+04   4.635923e+04   0.000000e+00   1737s
   83373    1.5097097e+04   2.847841e+05   0.000000e+00   1740s
   83643    1.5097289e+04   1.025390e+05   0.000000e+00   1748s
   83773    1.5097369e+04   2.317927e+05   0.000000e+00   1752s
   83903    1.5097437e+04   4.123346e+04   0.000000e+00   1755s
   84163    1.5097609e+04   1.523878e+06   0.000000e+00   1763s
   84293    1.5097687e+04   1.263534e+05   0.000000e+00   1767s
   84423    1.5097747e+04   2.034711e+06   0.000000e+00   1770s
   84693    1.5097908e+04   1.422253e+05   0.000000e+00   1778s
   84823    1.5097986e+04   4.732361e+05   0.000000e+00   1781s
   84963    1.5098050e+04   2.214733e+05   0.000000e+00   1785s
   85223    1.5098192e+04   4.763464e+05   0.000000e+00   1792s
   85353    1.5098263e+04   4.099146e+05   0.000000e+00   1796s
   85613    1.5098398e+04   3.717134e+05   0.000000e+00   1803s
   85743    1.5098471e+04   3.709195e+05   0.000000e+00   1807s
   85873    1.5098545e+04   4.379664e+05   0.000000e+00   1811s
   86133    1.5098677e+04   1.049946e+05   0.000000e+00   1818s
   86263    1.5098761e+04   3.122201e+05   0.000000e+00   1822s
   86393    1.5098832e+04   1.101640e+05   0.000000e+00   1826s
   86653    1.5098989e+04   2.460512e+05   0.000000e+00   1833s
   86793    1.5099066e+04   1.583138e+05   0.000000e+00   1837s
   86923    1.5099126e+04   1.059505e+06   0.000000e+00   1841s
   87183    1.5099253e+04   2.302493e+05   0.000000e+00   1848s
   87313    1.5099313e+04   3.490615e+05   0.000000e+00   1852s
   87443    1.5099384e+04   2.748427e+05   0.000000e+00   1855s
   87703    1.5099518e+04   3.050207e+05   0.000000e+00   1863s
   87833    1.5099576e+04   3.901091e+05   0.000000e+00   1866s
   88093    1.5099702e+04   4.543196e+05   0.000000e+00   1874s
   88223    1.5099764e+04   1.121411e+05   0.000000e+00   1877s
   88353    1.5099829e+04   3.851140e+05   0.000000e+00   1881s
   88613    1.5099951e+04   1.734085e+05   0.000000e+00   1888s
   88743    1.5100026e+04   8.546314e+04   0.000000e+00   1892s
   88873    1.5100085e+04   2.097268e+05   0.000000e+00   1896s
   89143    1.5100212e+04   4.522566e+05   0.000000e+00   1903s
   89273    1.5100268e+04   2.348048e+05   0.000000e+00   1907s
   89403    1.5100319e+04   7.385156e+05   0.000000e+00   1911s
   89663    1.5100428e+04   6.987637e+04   0.000000e+00   1918s
   89793    1.5100470e+04   6.656787e+04   0.000000e+00   1922s
   89923    1.5100516e+04   5.073339e+04   0.000000e+00   1925s
   90193    1.5100633e+04   8.251861e+04   0.000000e+00   1933s
   90323    1.5100677e+04   2.810240e+05   0.000000e+00   1937s
   90453    1.5100717e+04   9.198620e+05   0.000000e+00   1940s
   90723    1.5100822e+04   2.328611e+05   0.000000e+00   1948s
   90853    1.5100881e+04   3.687808e+05   0.000000e+00   1952s
   90993    1.5100928e+04   7.108674e+05   0.000000e+00   1956s
   91253    1.5101024e+04   6.282112e+04   0.000000e+00   1963s
   91383    1.5101073e+04   3.401733e+05   0.000000e+00   1967s
   91503    1.5101127e+04   8.725022e+05   0.000000e+00   1971s
   91763    1.5101246e+04   7.559558e+05   0.000000e+00   1978s
   91893    1.5101294e+04   1.278980e+05   0.000000e+00   1982s
   92033    1.5101359e+04   7.972399e+04   0.000000e+00   1986s
   92173    1.5101417e+04   1.690033e+05   0.000000e+00   1990s
   92433    1.5101496e+04   3.422896e+05   0.000000e+00   1998s
   92563    1.5101547e+04   9.767491e+04   0.000000e+00   2001s
   92703    1.5101603e+04   2.349273e+05   0.000000e+00   2006s
   92973    1.5101713e+04   1.954300e+05   0.000000e+00   2014s
   93113    1.5101779e+04   1.152611e+06   0.000000e+00   2018s
   93243    1.5101826e+04   4.830823e+05   0.000000e+00   2022s
   93373    1.5101870e+04   5.796264e+04   0.000000e+00   2026s
   93523    1.5101924e+04   2.812038e+05   0.000000e+00   2030s
   93813    1.5102038e+04   9.100334e+05   0.000000e+00   2039s
   93963    1.5102084e+04   2.930181e+05   0.000000e+00   2044s
   94103    1.5102136e+04   1.638880e+05   0.000000e+00   2048s
   94233    1.5102179e+04   3.911477e+04   0.000000e+00   2052s
   94363    1.5102226e+04   7.604053e+04   0.000000e+00   2056s
   94633    1.5102333e+04   1.685755e+05   0.000000e+00   2064s
   94773    1.5102380e+04   1.882279e+05   0.000000e+00   2068s
   94903    1.5102428e+04   8.739693e+04   0.000000e+00   2072s
   95033    1.5102471e+04   5.103653e+05   0.000000e+00   2076s
   95303    1.5102540e+04   7.763422e+05   0.000000e+00   2084s
   95433    1.5102577e+04   2.645948e+05   0.000000e+00   2088s
   95563    1.5102615e+04   1.405353e+06   0.000000e+00   2092s
   95693    1.5102653e+04   7.657507e+04   0.000000e+00   2096s
   95963    1.5102739e+04   3.440009e+05   0.000000e+00   2104s
   96113    1.5102790e+04   1.488468e+05   0.000000e+00   2108s
   96253    1.5102832e+04   1.268011e+05   0.000000e+00   2112s
   96403    1.5102889e+04   1.149189e+05   0.000000e+00   2117s
   96553    1.5102943e+04   5.253457e+04   0.000000e+00   2121s
   96693    1.5103004e+04   1.441181e+05   0.000000e+00   2126s
   96953    1.5103111e+04   4.310430e+05   0.000000e+00   2133s
   97093    1.5103165e+04   7.059522e+04   0.000000e+00   2138s
   97243    1.5103213e+04   2.238316e+05   0.000000e+00   2142s
   97393    1.5103253e+04   1.712186e+05   0.000000e+00   2147s
   97543    1.5103295e+04   1.700454e+05   0.000000e+00   2151s
   97683    1.5103336e+04   1.400817e+05   0.000000e+00   2155s
   97943    1.5103408e+04   1.652152e+05   0.000000e+00   2163s
   98073    1.5103466e+04   8.371064e+04   0.000000e+00   2167s
   98213    1.5103512e+04   1.499772e+05   0.000000e+00   2171s
   98363    1.5103596e+04   2.434190e+05   0.000000e+00   2176s
   98513    1.5103663e+04   2.015005e+05   0.000000e+00   2180s
   98803    1.5103775e+04   3.939455e+05   0.000000e+00   2189s
   98953    1.5103846e+04   8.122913e+04   0.000000e+00   2193s
   99103    1.5103902e+04   1.671241e+05   0.000000e+00   2198s
   99243    1.5103986e+04   1.594439e+05   0.000000e+00   2202s
   99393    1.5104066e+04   1.589707e+05   0.000000e+00   2206s
   99543    1.5104127e+04   2.390645e+05   0.000000e+00   2211s
   99833    1.5104242e+04   5.591726e+05   0.000000e+00   2219s
   99983    1.5104302e+04   1.059087e+05   0.000000e+00   2224s
  100133    1.5104351e+04   8.580798e+04   0.000000e+00   2228s
  100273    1.5104407e+04   7.145553e+05   0.000000e+00   2232s
  100423    1.5104463e+04   2.108351e+05   0.000000e+00   2236s
  100563    1.5104501e+04   3.276400e+05   0.000000e+00   2240s
  100823    1.5104592e+04   1.293400e+05   0.000000e+00   2248s
  100963    1.5104647e+04   1.559020e+05   0.000000e+00   2252s
  101093    1.5104692e+04   6.328607e+04   0.000000e+00   2256s
  101353    1.5104791e+04   6.716368e+04   0.000000e+00   2264s
  101483    1.5104826e+04   1.369413e+06   0.000000e+00   2267s
  101613    1.5104878e+04   6.746726e+05   0.000000e+00   2271s
  101873    1.5104979e+04   1.195151e+05   0.000000e+00   2279s
  102003    1.5105027e+04   3.799595e+05   0.000000e+00   2283s
  102133    1.5105085e+04   3.764953e+05   0.000000e+00   2286s
  102393    1.5105176e+04   5.563381e+05   0.000000e+00   2294s
  102523    1.5105233e+04   1.414537e+05   0.000000e+00   2298s
  102653    1.5105278e+04   4.746876e+05   0.000000e+00   2301s
  102913    1.5105332e+04   4.983236e+05   0.000000e+00   2309s
  103043    1.5105355e+04   2.542557e+05   0.000000e+00   2312s
  103183    1.5105387e+04   5.098532e+05   0.000000e+00   2316s
  103453    1.5105445e+04   2.418074e+05   0.000000e+00   2324s
  103583    1.5105474e+04   1.986111e+05   0.000000e+00   2327s
  103713    1.5105522e+04   2.528835e+05   0.000000e+00   2331s
  103993    1.5105580e+04   2.738427e+05   0.000000e+00   2339s
  104123    1.5105596e+04   2.370249e+05   0.000000e+00   2343s
  104263    1.5105608e+04   1.153831e+05   0.000000e+00   2346s
  104393    1.5105619e+04   1.624019e+05   0.000000e+00   2350s
  104663    1.5105639e+04   1.892623e+05   0.000000e+00   2358s
  104803    1.5105649e+04   1.642556e+05   0.000000e+00   2362s
  104943    1.5105656e+04   1.023061e+05   0.000000e+00   2366s
  105223    1.5105668e+04   8.930484e+04   0.000000e+00   2373s
  105363    1.5105675e+04   6.329812e+05   0.000000e+00   2377s
  105503    1.5105680e+04   6.245655e+05   0.000000e+00   2380s
  105773    1.5105689e+04   1.053872e+06   0.000000e+00   2387s
  105903    1.5105693e+04   7.679521e+04   0.000000e+00   2391s
  106173    1.5105699e+04   3.803599e+04   0.000000e+00   2398s
  106313    1.5105702e+04   1.059088e+05   0.000000e+00   2401s
  106563    1.5105707e+04   2.842084e+06   0.000000e+00   2408s
  106693    1.5105709e+04   1.979487e+06   0.000000e+00   2411s
  106963    1.5105713e+04   6.590761e+05   0.000000e+00   2418s
  107083    1.5105715e+04   3.688146e+05   0.000000e+00   2421s
  107323    1.5105719e+04   2.895847e+05   0.000000e+00   2427s
  107443    1.5105720e+04   2.939205e+04   0.000000e+00   2430s
  107673    1.5105723e+04   2.207448e+04   0.000000e+00   2436s
  107913    1.5105726e+04   8.198178e+06   0.000000e+00   2442s
  108023    1.5105727e+04   1.019473e+05   0.000000e+00   2445s
  108253    1.5105729e+04   8.664178e+03   0.000000e+00   2451s
  108493    1.5105731e+04   1.362705e+05   0.000000e+00   2458s
  108613    1.5105732e+04   1.000911e+05   0.000000e+00   2461s
  108853    1.5105734e+04   8.640183e+05   0.000000e+00   2467s
  108973    1.5105735e+04   4.530300e+06   0.000000e+00   2470s
  109203    1.5105737e+04   1.783588e+05   0.000000e+00   2477s
  109423    1.5105739e+04   2.118091e+06   0.000000e+00   2483s
  109543    1.5105739e+04   1.010217e+05   0.000000e+00   2486s
  109783    1.5105741e+04   1.273443e+05   0.000000e+00   2492s
  110023    1.5105742e+04   2.279218e+06   0.000000e+00   2498s
  110143    1.5105743e+04   2.196981e+05   0.000000e+00   2501s
  110383    1.5105745e+04   2.562660e+05   0.000000e+00   2507s
  110503    1.5105745e+04   5.006892e+05   0.000000e+00   2510s
  110733    1.5105747e+04   1.077316e+04   0.000000e+00   2516s
  110963    1.5105748e+04   1.821524e+05   0.000000e+00   2522s
  111083    1.5105749e+04   2.075217e+04   0.000000e+00   2525s
  111313    1.5105750e+04   2.477024e+05   0.000000e+00   2531s
  111533    1.5105752e+04   8.539176e+05   0.000000e+00   2537s
  111763    1.5105753e+04   4.803026e+05   0.000000e+00   2543s
  111883    1.5105754e+04   4.809520e+04   0.000000e+00   2546s
  112123    1.5105755e+04   2.971545e+04   0.000000e+00   2552s
  112343    1.5105756e+04   5.440960e+05   0.000000e+00   2558s
  112453    1.5105756e+04   7.823621e+05   0.000000e+00   2561s
  112673    1.5105757e+04   1.507371e+06   0.000000e+00   2567s
  112903    1.5105758e+04   6.731281e+05   0.000000e+00   2572s
  113023    1.5105758e+04   3.788257e+05   0.000000e+00   2575s
  113253    1.5105759e+04   4.337051e+05   0.000000e+00   2581s
  113493    1.5105760e+04   1.522972e+05   0.000000e+00   2588s
  113613    1.5105760e+04   1.587357e+05   0.000000e+00   2591s
  113843    1.5105761e+04   4.914152e+05   0.000000e+00   2596s
  114073    1.5105762e+04   4.034893e+06   0.000000e+00   2602s
  114193    1.5105762e+04   5.795455e+05   0.000000e+00   2605s
  114433    1.5105763e+04   6.465856e+04   0.000000e+00   2611s
  114663    1.5105763e+04   5.100566e+04   0.000000e+00   2617s
  114783    1.5105764e+04   2.374057e+04   0.000000e+00   2620s
  115003    1.5105764e+04   1.131476e+05   0.000000e+00   2626s
  115233    1.5105765e+04   1.246976e+05   0.000000e+00   2632s
  115473    1.5105766e+04   4.073057e+05   0.000000e+00   2638s
  115583    1.5105766e+04   3.887617e+06   0.000000e+00   2641s
  115813    1.5105767e+04   1.071558e+05   0.000000e+00   2647s
  116033    1.5105767e+04   2.595113e+05   0.000000e+00   2652s
  116153    1.5105768e+04   1.271135e+05   0.000000e+00   2655s
  116383    1.5105768e+04   1.562400e+05   0.000000e+00   2661s
  116623    1.5105769e+04   2.752886e+05   0.000000e+00   2667s
  116743    1.5105769e+04   3.353855e+04   0.000000e+00   2670s
  116973    1.5105770e+04   1.487137e+05   0.000000e+00   2676s
  117213    1.5105771e+04   5.926923e+06   0.000000e+00   2682s
  117323    1.5105771e+04   1.328958e+05   0.000000e+00   2685s
  117553    1.5105772e+04   7.924485e+05   0.000000e+00   2691s
  117793    1.5105772e+04   8.828423e+05   0.000000e+00   2697s
  117913    1.5105772e+04   1.387243e+06   0.000000e+00   2700s
  118153    1.5105773e+04   1.163469e+06   0.000000e+00   2706s
  118393    1.5105773e+04   2.795658e+05   0.000000e+00   2713s
  118503    1.5105773e+04   3.188822e+05   0.000000e+00   2715s
  118733    1.5105774e+04   3.085335e+04   0.000000e+00   2721s
  118953    1.5105774e+04   1.550332e+05   0.000000e+00   2727s
  119063    1.5105774e+04   1.004637e+06   0.000000e+00   2730s
  119283    1.5105775e+04   4.723125e+05   0.000000e+00   2736s
  119503    1.5105776e+04   1.144990e+05   0.000000e+00   2742s
  119613    1.5105777e+04   8.568052e+06   0.000000e+00   2745s
  119833    1.5105777e+04   2.669428e+05   0.000000e+00   2751s
  120063    1.5105778e+04   2.806686e+06   0.000000e+00   2758s
  120173    1.5105779e+04   5.368594e+05   0.000000e+00   2761s
  120393    1.5105779e+04   1.576736e+05   0.000000e+00   2767s
  120613    1.5105780e+04   3.069101e+06   0.000000e+00   2773s
  120723    1.5105780e+04   2.073610e+06   0.000000e+00   2776s
  120953    1.5105780e+04   2.563437e+06   0.000000e+00   2782s
  121193    1.5105780e+04   3.837707e+06   0.000000e+00   2788s
  121313    1.5105780e+04   9.290210e+04   0.000000e+00   2792s
  121553    1.5105780e+04   1.304463e+06   0.000000e+00   2798s
  121673    1.5105780e+04   4.754065e+05   0.000000e+00   2801s
  121893    1.5105781e+04   1.434746e+06   0.000000e+00   2807s
  122003    1.5105781e+04   2.673016e+05   0.000000e+00   2810s
  122233    1.5105781e+04   4.530713e+05   0.000000e+00   2816s
  122453    1.5105781e+04   4.379979e+05   0.000000e+00   2822s
  122673    1.5105781e+04   6.029598e+05   0.000000e+00   2828s
  122783    1.5105781e+04   1.677456e+06   0.000000e+00   2831s
  123003    1.5105781e+04   4.952108e+04   0.000000e+00   2837s
  123233    1.5105781e+04   4.327293e+04   0.000000e+00   2843s
  123353    1.5105781e+04   3.564347e+04   0.000000e+00   2846s
  123583    1.5105781e+04   1.456887e+05   0.000000e+00   2851s
  123823    1.5105781e+04   6.955704e+05   0.000000e+00   2858s
  123943    1.5105781e+04   2.813696e+05   0.000000e+00   2861s
  124173    1.5105781e+04   2.191460e+05   0.000000e+00   2866s
  124413    1.5105781e+04   4.516966e+04   0.000000e+00   2872s
  124533    1.5105781e+04   1.493722e+04   0.000000e+00   2875s
  124773    1.5105781e+04   3.398065e+05   0.000000e+00   2881s
  125013    1.5105781e+04   1.661911e+05   0.000000e+00   2887s
  125253    1.5105781e+04   1.359646e+04   0.000000e+00   2893s
  125373    1.5105781e+04   2.151588e+05   0.000000e+00   2896s
  125613    1.5105781e+04   4.968674e+04   0.000000e+00   2902s
  125853    1.5105781e+04   5.194051e+03   0.000000e+00   2907s
  125973    1.5105781e+04   1.871846e+04   0.000000e+00   2910s
  126213    1.5105781e+04   1.915341e+04   0.000000e+00   2916s
  126473    1.5105781e+04   4.840161e+03   0.000000e+00   2922s
  126733    1.5105781e+04   8.979120e+02   0.000000e+00   2927s
  126863    1.5105781e+04   1.870713e+03   0.000000e+00   2930s
  127123    1.5105781e+04   1.532544e+03   0.000000e+00   2936s
  127383    1.5105781e+04   1.867174e+03   0.000000e+00   2942s
  127643    1.5105781e+04   3.439090e+03   0.000000e+00   2948s
  127773    1.5105781e+04   1.599725e+03   0.000000e+00   2950s
  128043    1.5105781e+04   4.582812e+03   0.000000e+00   2956s
  128313    1.5105781e+04   8.821411e+02   0.000000e+00   2962s
  128593    1.5105781e+04   1.331968e+02   0.000000e+00   2967s
  128873    1.5105781e+04   1.459565e+03   0.000000e+00   2973s
  129023    1.5105781e+04   7.777767e+00   0.000000e+00   2975s
  129097    1.5105728e+04   0.000000e+00   0.000000e+00   2977s

Root relaxation: objective 1.510573e+04, 129097 iterations, 2768.47 seconds (6052.90 work units)

    Nodes    |    Current Node    |     Objective Bounds      |     Work
 Expl Unexpl |  Obj  Depth IntInf | Incumbent    BestBd   Gap | It/Node Time

     0     0 15105.7276    0 4326 31415.0000 15105.7276  51.9%     - 3148s
H    0     0                    15619.000000 15105.7276  3.29%     - 3148s
H    0     0                    15505.000000 15105.7276  2.58%     - 3148s
H    0     0                    15499.000000 15105.7276  2.54%     - 3348s
H    0     0                    15498.000000 15105.7276  2.53%     - 3348s
H    0     0                    15492.000000 15105.7276  2.49%     - 3400s
H    0     0                    15490.000000 15105.7276  2.48%     - 3450s
H    0     0                    15488.000000 15105.7276  2.47%     - 3450s
H    0     0                    15483.000000 15105.7276  2.44%     - 3499s
H    0     0                    15482.000000 15105.7276  2.43%     - 3778s
H    0     0                    15478.000000 15105.7276  2.41%     - 3778s
H    0     0                    15468.000000 15105.7276  2.34%     - 3779s
H    0     0                    15465.000000 15105.7276  2.32%     - 3801s
H    0     0                    15462.000000 15105.7276  2.30%     - 3939s
H    0     0                    15461.000000 15105.7276  2.30%     - 4106s
H    0     0                    15460.000000 15105.7276  2.29%     - 4375s
H    0     0                    15458.000000 15105.7276  2.28%     - 4375s
H    0     0                    15457.000000 15105.7276  2.27%     - 4658s
H    0     0                    15456.000000 15105.7276  2.27%     - 4658s
H    0     0                    15454.000000 15105.7276  2.25%     - 4849s
H    0     0                    15308.000000 15105.7276  1.32%     - 7280s
H    0     0                    15307.000000 15105.7276  1.31%     - 7280s
H    0     0                    15273.000000 15105.7276  1.10%     - 7280s
H    0     0                    15272.000000 15105.7276  1.09%     - 7774s
     0     0 15105.7276    0 4312 15272.0000 15105.7276  1.09%     - 8375s
H    0     0                    15267.000000 15105.7276  1.06%     - 9121s
H    0     0                    15254.000000 15105.7276  0.97%     - 9121s
H    0     0                    15252.000000 15105.7276  0.96%     - 9121s
H    0     0                    15251.000000 15105.7276  0.95%     - 9121s
H    0     0                    15250.000000 15105.7276  0.95%     - 9184s
H    0     0                    15248.000000 15105.7276  0.93%     - 9184s
H    0     0                    15246.000000 15105.7276  0.92%     - 9301s
H    0     0                    15245.000000 15105.7276  0.91%     - 9548s
H    0     0                    15244.000000 15105.7276  0.91%     - 9548s
H    0     0                    15243.000000 15105.7276  0.90%     - 9876s
H    0     0                    15240.000000 15105.7276  0.88%     - 9876s
H    0     0                    15239.000000 15105.7276  0.87%     - 11341s
H    0     0                    15238.000000 15105.7276  0.87%     - 11341s
H    0     0                    15237.000000 15105.7276  0.86%     - 11367s
H    0     0                    15236.000000 15105.7276  0.86%     - 11403s
H    0     0                    15235.000000 15105.7276  0.85%     - 11504s
H    0     0                    15233.000000 15105.7276  0.84%     - 11621s
H    0     0                    15229.000000 15105.7276  0.81%     - 11621s
H    0     0                    15227.000000 15105.7276  0.80%     - 11621s
H    0     0                    15226.000000 15105.7276  0.79%     - 11621s
H    0     0                    15225.000000 15105.7276  0.78%     - 11621s
H    0     0                    15223.000000 15105.7276  0.77%     - 11848s
H    0     0                    15222.000000 15105.7276  0.76%     - 11848s
H    0     0                    15221.000000 15105.7276  0.76%     - 12569s
H    0     0                    15220.000000 15105.7276  0.75%     - 12569s
H    0     0                    15219.000000 15105.7276  0.74%     - 14348s
H    0     0                    15218.000000 15105.7276  0.74%     - 14348s

Cutting planes:
  Lift-and-project: 1

Explored 1 nodes (136065 simplex iterations) in 14400.56 seconds (34258.01 work units)
Thread count was 32 (of 32 available processors)

Solution count 10: 15218 15219 15220 ... 15229

Time limit reached
Best objective 1.521800000000e+04, best bound 1.510600000000e+04, gap 0.7360%

User-callback calls 565937, time in user-callback 2.62 sec
