
Gurobi 13.0.2 (linux64) logging started Mon Jun 29 10:45:42 2026

Set parameter LogFile to value "/tmp/sweep_20260629_013743_china_alt550km_s50_i1_v6_gurobi.log"
Set parameter Method to value 1
Set parameter NodefileStart to value 4
Set parameter RINS to value 50
Gurobi Optimizer version 13.0.2 build v13.0.2rc1 (linux64 - "Debian GNU/Linux 13 (trixie)")

CPU model: Intel(R) Xeon(R) Platinum 8375C CPU @ 2.90GHz, instruction set [SSE2|AVX|AVX2|AVX512]
Thread count: 16 physical cores, 32 logical processors, using up to 32 threads

Non-default parameters:
TimeLimit  10800
MIPGap  0.01
Method  1
LPWarmStart  1
Heuristics  0.2
MIPFocus  1
NodefileStart  4
RINS  50
Symmetry  2
Cuts  2
CoverCuts  2
LogToConsole  0

Academic license 2812613 - for non-commercial use only - registered to no___@gatech.edu
Optimize a model with 196014 rows, 35900 columns and 27808140 nonzeros (Min)
Model fingerprint: 0xb6e3b42f
Model has 35900 linear objective coefficients
Variable types: 0 continuous, 35900 integer (35900 binary)
Coefficient statistics:
  Matrix range     [1e+00, 1e+00]
  Objective range  [1e+00, 1e+00]
  Bounds range     [1e+00, 1e+00]
  RHS range        [5e+01, 5e+01]

Found heuristic solution: objective 22523.000000
Presolve removed 0 rows and 0 columns (presolve time = 6s)...
Presolve removed 0 rows and 0 columns (presolve time = 12s)...
Presolve removed 0 rows and 0 columns (presolve time = 15s)...
Presolve removed 0 rows and 0 columns (presolve time = 21s)...
Presolve removed 0 rows and 0 columns (presolve time = 25s)...
Presolve removed 0 rows and 0 columns (presolve time = 30s)...
Presolve removed 0 rows and 0 columns (presolve time = 35s)...
Presolve removed 0 rows and 0 columns (presolve time = 41s)...
Presolve removed 0 rows and 0 columns (presolve time = 46s)...
Presolve removed 0 rows and 0 columns (presolve time = 50s)...
Presolve removed 0 rows and 0 columns (presolve time = 56s)...
Presolve removed 0 rows and 0 columns (presolve time = 64s)...
Presolve removed 0 rows and 0 columns (presolve time = 65s)...
Presolve removed 0 rows and 0 columns (presolve time = 70s)...
Presolve removed 0 rows and 0 columns (presolve time = 75s)...
Presolve removed 0 rows and 0 columns (presolve time = 80s)...
Presolve removed 0 rows and 0 columns (presolve time = 85s)...
Presolve removed 0 rows and 0 columns (presolve time = 90s)...
Presolve removed 0 rows and 0 columns (presolve time = 95s)...
Presolve removed 0 rows and 0 columns (presolve time = 100s)...
Presolve removed 0 rows and 0 columns (presolve time = 105s)...
Presolve removed 0 rows and 0 columns (presolve time = 110s)...
Presolve removed 0 rows and 0 columns (presolve time = 115s)...
Presolve removed 0 rows and 0 columns (presolve time = 120s)...
Presolve removed 0 rows and 0 columns (presolve time = 125s)...
Presolve removed 0 rows and 0 columns (presolve time = 130s)...
Presolve removed 0 rows and 0 columns (presolve time = 135s)...
Presolve removed 0 rows and 0 columns (presolve time = 140s)...
Presolve removed 0 rows and 0 columns (presolve time = 145s)...
Presolve removed 0 rows and 0 columns (presolve time = 150s)...
Presolve removed 0 rows and 0 columns (presolve time = 155s)...
Presolve removed 0 rows and 0 columns (presolve time = 160s)...
Presolve removed 0 rows and 0 columns (presolve time = 165s)...
Presolve removed 0 rows and 0 columns (presolve time = 170s)...
Presolve removed 0 rows and 0 columns (presolve time = 175s)...
Presolve removed 0 rows and 0 columns (presolve time = 180s)...
Presolve removed 0 rows and 0 columns (presolve time = 185s)...
Presolve removed 0 rows and 0 columns (presolve time = 190s)...
Presolve removed 0 rows and 0 columns (presolve time = 195s)...
Presolve removed 0 rows and 0 columns (presolve time = 200s)...
Presolve removed 0 rows and 0 columns (presolve time = 205s)...
Presolve removed 0 rows and 0 columns (presolve time = 210s)...
Presolve removed 0 rows and 0 columns (presolve time = 215s)...
Presolve removed 0 rows and 0 columns (presolve time = 220s)...
Presolve removed 0 rows and 0 columns (presolve time = 225s)...
Presolve removed 0 rows and 0 columns (presolve time = 230s)...
Presolve removed 0 rows and 0 columns (presolve time = 235s)...
Presolve removed 0 rows and 0 columns (presolve time = 240s)...
Presolve removed 0 rows and 0 columns (presolve time = 245s)...
Presolve removed 0 rows and 0 columns (presolve time = 250s)...
Presolve removed 0 rows and 0 columns (presolve time = 255s)...
Presolve removed 0 rows and 0 columns (presolve time = 260s)...
Presolve removed 0 rows and 0 columns (presolve time = 265s)...
Presolve removed 0 rows and 0 columns (presolve time = 270s)...
Presolve removed 0 rows and 0 columns (presolve time = 275s)...
Presolve removed 0 rows and 0 columns (presolve time = 280s)...
Presolve removed 0 rows and 0 columns (presolve time = 285s)...
Presolve removed 0 rows and 0 columns (presolve time = 290s)...
Presolve removed 0 rows and 0 columns (presolve time = 295s)...
Presolve removed 0 rows and 0 columns (presolve time = 300s)...
Presolve removed 0 rows and 0 columns (presolve time = 305s)...
Presolve removed 0 rows and 0 columns (presolve time = 310s)...
Presolve removed 0 rows and 0 columns (presolve time = 315s)...
Presolve removed 0 rows and 0 columns (presolve time = 320s)...
Presolve time: 324.86s
Presolved: 196014 rows, 35900 columns, 27808140 nonzeros
Variable types: 0 continuous, 35900 integer (35900 binary)

Root simplex log...

Iteration    Objective       Primal Inf.    Dual Inf.      Time
       0   -0.0000000e+00   0.000000e+00   1.365000e+04    338s
     113    1.2822659e+04   0.000000e+00   0.000000e+00    338s
     113    1.2822659e+04   0.000000e+00   0.000000e+00    338s

Use crossover to convert LP symmetric solution to basic solution...

Root crossover log...

  188248 variables added to crossover basis                      345s
  188968 variables added to crossover basis                      350s
  190198 variables added to crossover basis                      355s
  192268 variables added to crossover basis                      360s
  193768 variables added to crossover basis                      365s
  194518 variables added to crossover basis                      370s
  195148 variables added to crossover basis                      375s
  195748 variables added to crossover basis                      380s

       0 DPushes remaining with DInf 0.0000000e+00               391s

       0 PPushes remaining with PInf 0.0000000e+00               392s

  Push phase complete: Pinf 0.0000000e+00, Dinf 2.5593163e-09    392s


Root simplex log...

Iteration    Objective       Primal Inf.    Dual Inf.      Time
     116    1.2822659e+04   0.000000e+00   0.000000e+00    400s
Crossover time: 62.40 seconds (109.70 work units)

Root relaxation: objective 1.282266e+04, 116 iterations, 72.90 seconds (119.54 work units)

    Nodes    |    Current Node    |     Objective Bounds      |     Work
 Expl Unexpl |  Obj  Depth IntInf | Incumbent    BestBd   Gap | It/Node Time

     0     0 12822.6587    0 12206 22523.0000 12822.6587  43.1%     -  416s
H    0     0                    16513.000000 12822.6587  22.3%     -  416s
H    0     0                    13642.000000 12822.6587  6.01%     -  416s
H    0     0                    13419.000000 12822.6587  4.44%     -  416s
H    0     0                    13416.000000 12822.6587  4.42%     -  420s
H    0     0                    13415.000000 12822.6587  4.42%     -  421s
H    0     0                    13413.000000 12822.6587  4.40%     -  423s
H    0     0                    13412.000000 12822.6587  4.39%     -  424s
H    0     0                    13411.000000 12822.6587  4.39%     -  425s
H    0     0                    13410.000000 12822.6587  4.38%     -  429s
H    0     0                    13409.000000 12822.6587  4.37%     -  429s
H    0     0                    13406.000000 12822.6587  4.35%     -  430s
H    0     0                    13364.000000 12822.6587  4.05%     -  438s
H    0     0                    13361.000000 12822.6587  4.03%     -  438s
H    0     0                    13349.000000 12822.6587  3.94%     -  438s
H    0     0                    13343.000000 12822.6587  3.90%     -  438s
H    0     0                    13342.000000 12822.6587  3.89%     -  438s
H    0     0                    13341.000000 12822.6587  3.89%     -  438s
H    0     0                    13338.000000 12822.6587  3.86%     -  439s
H    0     0                    13336.000000 12822.6587  3.85%     -  439s
H    0     0                    13334.000000 12822.6587  3.83%     -  439s
H    0     0                    13326.000000 12822.6587  3.78%     -  440s
H    0     0                    13325.000000 12822.6587  3.77%     -  440s
H    0     0                    13320.000000 12822.6587  3.73%     -  440s
H    0     0                    13319.000000 12822.6587  3.73%     -  440s
H    0     0                    13318.000000 12822.6587  3.72%     -  441s
H    0     0                    13315.000000 12822.6587  3.70%     -  441s
H    0     0                    13304.000000 12822.6587  3.62%     -  442s
H    0     0                    13299.000000 12822.6587  3.58%     -  442s
H    0     0                    13298.000000 12822.6587  3.57%     -  442s
H    0     0                    13296.000000 12822.6587  3.56%     -  446s
H    0     0                    13294.000000 12822.6587  3.55%     -  450s
     0     0 12822.6587    0 12206 13294.0000 12822.6587  3.55%     - 1340s
     0     2 12822.6587    0 12206 13294.0000 12822.6587  3.55%     - 3394s
     1     3 12822.7324    1 12287 13294.0000 12822.6648  3.55%  2509 10818s

Explored 2 nodes (2625 simplex iterations) in 10818.75 seconds (35476.79 work units)
Thread count was 32 (of 32 available processors)

Solution count 10: 13294 13296 13298 ... 13325

Time limit reached
Best objective 1.329400000000e+04, best bound 1.282300000000e+04, gap 3.5430%

User-callback calls 186642, time in user-callback 0.55 sec
