
Gurobi 13.0.2 (linux64) logging started Sat Jul 18 02:47:22 2026

Set parameter LogFile to value "/tmp/sweep_20260716_013919_north-korea_alt400km_s20_i6_v4_gurobi.log"
Set parameter Method to value 1
Set parameter NodefileStart to value 4
Set parameter RINS to value 50
Gurobi Optimizer version 13.0.2 build v13.0.2rc1 (linux64 - "Debian GNU/Linux 13 (trixie)")

CPU model: Intel(R) Xeon(R) Platinum 8375C CPU @ 2.90GHz, instruction set [SSE2|AVX|AVX2|AVX512]
Thread count: 16 physical cores, 32 logical processors, using up to 32 threads

Non-default parameters:
TimeLimit  14400
MIPGap  0.001
Method  1
LPWarmStart  1
Heuristics  0.2
MIPFocus  1
NodefileStart  4
RINS  50
Symmetry  2
Cuts  2
CoverCuts  2
LogToConsole  0

Academic license 2812613 - for non-commercial use only - registered to no___@gatech.edu
Optimize a model with 2872 rows, 21540 columns and 278584 nonzeros (Min)
Model fingerprint: 0x496e1bf9
Model has 21540 linear objective coefficients
Variable types: 0 continuous, 21540 integer (21540 binary)
Coefficient statistics:
  Matrix range     [1e+00, 1e+00]
  Objective range  [1e+00, 1e+00]
  Bounds range     [1e+00, 1e+00]
  RHS range        [4e+00, 4e+00]

Found heuristic solution: objective 1436.0000000
Presolve time: 0.19s
Presolved: 2872 rows, 21540 columns, 278584 nonzeros
Variable types: 0 continuous, 21540 integer (21540 binary)

Root simplex log...

Iteration    Objective       Primal Inf.    Dual Inf.      Time
   11208    6.0609406e+02   1.313126e+04   0.000000e+00      5s
   16888    6.2431956e+02   3.863805e+03   0.000000e+00     10s
   21478    6.3107409e+02   2.915017e+03   0.000000e+00     15s
   25478    6.3509793e+02   3.479993e+04   0.000000e+00     20s
   29178    6.3684981e+02   3.018556e+03   0.000000e+00     25s
   32688    6.3748502e+02   1.705150e+03   0.000000e+00     30s
   36198    6.3787860e+02   1.223967e+04   0.000000e+00     35s
   39898    6.3801762e+02   2.224979e+04   0.000000e+00     40s
   43918    6.3811705e+02   9.166118e+03   0.000000e+00     45s
Warning: Markowitz tolerance tightened to 0.03125
   48478    6.3815223e+02   9.588229e+04   0.000000e+00     50s
Warning: Markowitz tolerance tightened to 0.0625
   53058    6.3817300e+02   3.705338e+03   0.000000e+00     55s
   56898    6.3817353e+02   1.209409e+03   0.000000e+00     60s
   60758    6.3819022e+02   7.696399e+05   0.000000e+00     65s
   64638    6.3820279e+02   3.719859e+05   0.000000e+00     70s
   68398    6.3820999e+02   2.955267e+05   0.000000e+00     75s
   72048    6.3821273e+02   2.719935e+05   0.000000e+00     80s
   75678    6.3821590e+02   1.904037e+05   0.000000e+00     85s
   79178    6.3821837e+02   2.472533e+05   0.000000e+00     90s
   82588    6.3822092e+02   5.531365e+05   0.000000e+00     95s
   85938    6.3822240e+02   1.295138e+05   0.000000e+00    100s
   89108    6.3822307e+02   3.946067e+04   0.000000e+00    105s
   91888    6.3822330e+02   5.707425e+04   0.000000e+00    110s
   94250    6.3822222e+02   0.000000e+00   0.000000e+00    115s

Root relaxation: objective 6.382222e+02, 94250 iterations, 114.30 seconds (255.56 work units)

    Nodes    |    Current Node    |     Objective Bounds      |     Work
 Expl Unexpl |  Obj  Depth IntInf | Incumbent    BestBd   Gap | It/Node Time

     0     0  638.22222    0 1436 1436.00000  638.22222  55.6%     -  122s
H    0     0                    1401.0000000  638.22222  54.4%     -  122s
H    0     0                     744.0000000  638.22222  14.2%     -  123s
H    0     0                     743.0000000  638.22222  14.1%     -  123s
H    0     0                     739.0000000  638.22222  13.6%     -  123s
H    0     0                     738.0000000  638.22222  13.5%     -  124s
H    0     0                     737.0000000  638.22222  13.4%     -  124s
H    0     0                     735.0000000  638.22222  13.2%     -  127s
H    0     0                     733.0000000  638.22222  12.9%     -  127s
H    0     0                     723.0000000  638.22222  11.7%     -  127s
H    0     0                     722.0000000  638.22222  11.6%     -  127s
H    0     0                     721.0000000  638.22222  11.5%     -  127s
H    0     0                     720.0000000  638.22222  11.4%     -  127s
H    0     0                     719.0000000  638.22222  11.2%     -  127s
H    0     0                     717.0000000  638.22222  11.0%     -  128s
H    0     0                     716.0000000  638.22222  10.9%     -  128s
H    0     0                     715.0000000  638.22222  10.7%     -  128s
H    0     0                     714.0000000  638.22222  10.6%     -  128s
H    0     0                     713.0000000  638.22222  10.5%     -  128s
H    0     0                     711.0000000  638.22222  10.2%     -  128s
H    0     0                     710.0000000  638.22222  10.1%     -  128s
H    0     0                     709.0000000  638.22222  10.0%     -  130s
H    0     0                     707.0000000  638.22222  9.73%     -  130s
H    0     0                     706.0000000  638.22222  9.60%     -  131s
H    0     0                     705.0000000  638.22222  9.47%     -  132s
H    0     0                     704.0000000  638.22222  9.34%     -  151s
H    0     0                     703.0000000  638.22222  9.21%     -  175s
H    0     0                     702.0000000  638.22222  9.09%     -  175s
H    0     0                     701.0000000  638.22222  8.96%     -  175s
     0     0  638.22222    0 2872  701.00000  638.22222  8.96%     -  192s
H    0     0                     700.0000000  638.22222  8.83%     -  264s
H    0     0                     699.0000000  638.22222  8.69%     -  285s
H    0     0                     693.0000000  638.22222  7.90%     -  301s
H    0     0                     684.0000000  638.22222  6.69%     -  306s
H    0     0                     683.0000000  638.22222  6.56%     -  310s
H    0     0                     681.0000000  638.22222  6.28%     -  310s
H    0     0                     680.0000000  638.22222  6.14%     -  325s
H    0     0                     679.0000000  638.22222  6.01%     -  431s
H    0     0                     677.0000000  638.22222  5.73%     -  431s
H    0     0                     675.0000000  638.22222  5.45%     -  431s
H    0     0                     670.0000000  638.22222  4.74%     -  431s
H    0     0                     666.0000000  638.22222  4.17%     -  431s
H    0     0                     665.0000000  638.22222  4.03%     -  431s
H    0     0                     664.0000000  638.22222  3.88%     -  431s
H    0     0                     663.0000000  638.22222  3.74%     -  431s
H    0     0                     662.0000000  638.22222  3.59%     -  431s
H    0     0                     661.0000000  638.22222  3.45%     -  431s
H    0     0                     660.0000000  638.22222  3.30%     -  431s
H    0     0                     659.0000000  638.22222  3.15%     -  431s
H    0     0                     655.0000000  638.22222  2.56%     -  431s
H    0     0                     653.0000000  638.22222  2.26%     -  431s
     0     0  638.22222    0 2872  653.00000  638.22222  2.26%     -  432s
     0     0  638.22222    0 2872  653.00000  638.22222  2.26%     -  450s
H    0     0                     652.0000000  638.33333  2.10%     -  829s
H    0     0                     651.0000000  638.33333  1.95%     -  857s
H    0     0                     650.0000000  638.33333  1.79%     -  861s
     0     2  638.33333    0 1436  650.00000  638.33333  1.79%     - 1059s
     1     4  638.33333    1 1436  650.00000  638.33333  1.79%  1975 1228s
     3     7  638.42511    2 2704  650.00000  638.33333  1.79%  1349 1358s
     6    12  638.60096    3 2697  650.00000  638.33333  1.79% 10727 1503s
    13    24  638.61755    4 2763  650.00000  638.45841  1.78%  8407 1617s
    25    40  638.65043    5 2774  650.00000  638.48619  1.77%  6788 1703s
    41   108  638.74855    6 2674  650.00000  638.53226  1.76%  8335 1788s
   109   173  638.77350    7 2670  650.00000  638.55086  1.76%  4147 1812s
   174   235  638.91538    7 2675  650.00000  638.55086  1.76%  3042 1825s
   236   295  638.95734    8 2683  650.00000  638.55086  1.76%  2488 1835s
   296   328  639.01244    8 2553  650.00000  638.55086  1.76%  2139 1851s
   329   352  639.03184    9 2580  650.00000  638.55086  1.76%  1987 1862s
   353   382  639.15406    9 2557  650.00000  638.55086  1.76%  1949 1873s
   383   422  639.27046   10 2491  650.00000  638.55086  1.76%  1872 1884s
   423   442  639.29658   11 2538  650.00000  638.55086  1.76%  1789 1896s
   443   477  639.38182   11 2437  650.00000  638.55086  1.76%  1747 1913s
   478   509  639.52301   12 2538  650.00000  638.55086  1.76%  1699 1938s
   510   526  639.41685   12 2501  650.00000  638.55086  1.76%  1682 1958s
   527   547  639.56392   13 2555  650.00000  638.55086  1.76%  1686 1968s
   548   570  639.67789   13 2348  650.00000  638.55086  1.76%  1687 1987s
   571   590  639.78937   14 2432  650.00000  638.55086  1.76%  1678 2010s
   591   606  639.72158   14 2368  650.00000  638.55086  1.76%  1680 2133s
   607   622  639.74742   15 2491  650.00000  638.55086  1.76%  1683 2147s
   623   647  639.85725   15 2407  650.00000  638.55086  1.76%  1683 2168s
   648   669  639.89083   16 2362  650.00000  638.55086  1.76%  1673 2191s
   670   685  639.93294   17 2410  650.00000  638.55086  1.76%  1662 2228s
   686   701  640.03265   17 2358  650.00000  638.55086  1.76%  1666 2249s
   702   717  640.06956   18 2422  650.00000  638.55086  1.76%  1670 2266s
   718   733  640.12168   18 2244  650.00000  638.55086  1.76%  1670 2282s
   734   750  640.14439   19 2311  650.00000  638.55086  1.76%  1672 2297s
   751   767  640.23546   19 2188  650.00000  638.55086  1.76%  1675 2331s
   768   783  640.36611   20 2372  650.00000  638.55086  1.76%  1680 2360s
   784   799  640.25976   20 2297  650.00000  638.55086  1.76%  1678 2411s
   800   815  640.43684   21 2278  650.00000  638.55086  1.76%  1678 2430s
   816   831  640.53894   22 2150  650.00000  638.55086  1.76%  1680 2452s
   832   847  640.65096   23 2139  650.00000  638.55086  1.76%  1681 2471s
   848   863  640.76207   24 2188  650.00000  638.55086  1.76%  1681 2489s
   864   879  640.69111   24 2173  650.00000  638.55086  1.76%  1676 2508s
   880   895  640.81505   25 2174  650.00000  638.55086  1.76%  1676 2540s
   896   911  640.86934   25 2239  650.00000  638.55086  1.76%  1673 2577s
   912   929  640.91028   26 2244  650.00000  638.55086  1.76%  1672 2604s
   930   949  640.94077   27 2241  650.00000  638.55086  1.76%  1657 2638s
   950   965  641.18148   30 2150  650.00000  638.55086  1.76%  1640 2668s
   966   981  641.31973   31 2219  650.00000  638.55086  1.76%  1628 2711s
   982  1005  641.43387   32 2173  650.00000  638.55086  1.76%  1617 2734s
  1006  1021  641.54413   33 2187  650.00000  638.55086  1.76%  1598 2770s
  1022  1037  641.44777   33 2188  650.00000  638.55086  1.76%  1586 2797s
H 1029  1037                     649.0000000  638.55086  1.61%  1584 2797s
  1038  1214  641.58824   34 2176  649.00000  638.55086  1.61%  1579 2828s
  1215  1249  642.05003   42 2063  649.00000  638.55086  1.61%  1468 2860s
  1250  1265  642.06648   42 2107  649.00000  638.55086  1.61%  1475 2890s
  1266  1281  642.09360   43 2129  649.00000  638.55086  1.61%  1469 2926s
  1282  1297  642.20590   43 2130  649.00000  638.55086  1.61%  1463 2957s
  1298  1313  642.24756   44 2130  649.00000  638.55086  1.61%  1457 2985s
  1314  1329  642.33287   44 2081  649.00000  638.55086  1.61%  1452 3008s
  1330  1345  642.42329   45 2086  649.00000  638.55086  1.61%  1446 3038s
  1346  1361  642.45741   46 2110  649.00000  638.55086  1.61%  1440 3060s
  1362  1377  642.47191   46 2076  649.00000  638.55086  1.61%  1435 3084s
  1378  1393  642.52558   47 2053  649.00000  638.55086  1.61%  1428 3133s
  1394  1415  642.51491   47 2070  649.00000  638.55086  1.61%  1424 3163s
  1416  1431  642.61890   48 2128  649.00000  638.55086  1.61%  1416 3205s
  1432  1456  642.57215   48 2086  649.00000  638.55086  1.61%  1412 3235s
  1457  1492  642.77364   54 2094  649.00000  638.55086  1.61%  1401 3285s
  1493  1529  643.31188   61 2065  649.00000  638.55086  1.61%  1386 3319s
  1530  1578  644.00445   68 2061  649.00000  638.55086  1.61%  1373 3353s
  1579  1722  644.07354   69 2038  649.00000  638.55086  1.61%  1352 3384s
  1723  1902  644.02461   69 2057  649.00000  638.55086  1.61%  1295 3414s
  1911  2107  644.12225   70 2012  649.00000  638.55086  1.61%  1242 3466s
  1964  2107  638.73274    7 2750  649.00000  638.61939  1.60%  1228 3470s
  2134  2267  644.16696   71 2005  649.00000  638.62558  1.60%  1183 3505s
  2294  2282  644.20014   71 2002  649.00000  638.62558  1.60%  1149 3534s
  2311  2321  644.25298   72 2020  649.00000  638.62558  1.60%  1147 3581s
  2354  2374  644.21525   72 2001  649.00000  638.62558  1.60%  1140 3616s
  2407  2463  644.44425   74 2048  649.00000  638.62558  1.60%  1132 3666s
  2502  2479  645.62896   89 1947  649.00000  638.62558  1.60%  1114 3729s
  2518  2571  645.63222   90 1993  649.00000  638.62558  1.60%  1113 3773s
  2616  2764  645.56577   90 1932  649.00000  638.62558  1.60%  1099 3831s
  2778  2764  647.91593   65 1949  649.00000  638.62558  1.60%  1072 3839s
  2845  2832  645.97394   95 1893  649.00000  638.62558  1.60%  1059 3902s
  2859  2832  638.82227    6 2753  649.00000  638.66222  1.59%  1056 3906s
  2953  2862  646.13740   99 1947  649.00000  638.66222  1.59%  1038 3965s
  2991  2887  646.12724  100 1930  649.00000  638.66222  1.59%  1038 4025s
  3016  2902  646.15328  100 1916  649.00000  638.66222  1.59%  1034 4093s
  3033  2918  646.21441  101 1914  649.00000  638.66222  1.59%  1032 4176s
  3049  2936  646.17206  101 1951  649.00000  638.66222  1.59%  1030 4257s
  3075  3037  646.20989  102 1985  649.00000  638.67140  1.59%  1025 4334s
  3176  3104  646.18500  102 1948  649.00000  638.67140  1.59%  1012 4384s
  3243  3153  646.29770  103 1962  649.00000  638.67140  1.59%  1008 4447s
  3294  3187  646.62438  108 1931  649.00000  638.67140  1.59%  1007 4511s
  3328  3257  646.66077  109 1932  649.00000  638.67140  1.59%  1002 4575s
  3410  3415  646.72101  109 1909  649.00000  638.67140  1.59%   987 4648s
  3574  3569  646.74045  110 1923  649.00000  638.67140  1.59%   963 4714s
  3729  3570  643.24080   21 2872  649.00000  638.67140  1.59%   943 4855s
  3731  3571  643.41504   21 1436  649.00000  638.67140  1.59%   943 4985s
  3732  3572  645.01703   80 1436  649.00000  638.67140  1.59%   942 5149s
  3733  3573  640.03568   21 1436  649.00000  638.67140  1.59%   942 5190s
  3734  3573  647.08143  116 1436  649.00000  638.67140  1.59%   942 5360s
  3735  3577  638.67140   13 1436  649.00000  638.67140  1.59%   976 5421s
  3737  3578  638.67140   14 2777  649.00000  638.67140  1.59%   975 5429s
  3739  3582  638.67140   15 2774  649.00000  638.67140  1.59%   975 5438s
  3743  3588  638.67140   16 2774  649.00000  638.67140  1.59%   974 5451s
  3753  3599  638.67230   17 2780  649.00000  638.67140  1.59%   973 5462s
  3767  3658  638.77324   18 2780  649.00000  638.67140  1.59%   970 5482s
  3831  3683  638.78927   19 2794  649.00000  638.67140  1.59%   955 5504s
  3877  3699  638.89512   19 2774  649.00000  638.67140  1.59%   945 5529s
  3908  3715  639.01352   20 2686  649.00000  638.67140  1.59%   939 5557s
  3935  3734  639.28576   22 2565  649.00000  638.67140  1.59%   933 5585s
  3963  3753  639.57349   25 2476  649.00000  638.67140  1.59%   928 5616s
  3991  3763  639.86376   27 2394  649.00000  638.67140  1.59%   923 5647s
  4010  3783  640.07628   29 2449  649.00000  638.67140  1.59%   920 5679s
  4037  3801  640.25700   31 2329  649.00000  638.67140  1.59%   915 5709s
  4064  3818  640.41790   33 2294  649.00000  638.67140  1.59%   911 5738s
  4090  3837  640.59658   36 2386  649.00000  638.67140  1.59%   907 5771s
  4117  3856  640.98701   38 2345  649.00000  638.67140  1.59%   904 5804s
  4145  3881  641.12904   40 2228  649.00000  638.67140  1.59%   900 5838s
  4180  3899  641.52419   43 2237  649.00000  638.67140  1.59%   896 5870s
  4209  3914  641.54207   46 2282  649.00000  638.67140  1.59%   892 5903s
  4234  3936  641.87575   48 2142  649.00000  638.67140  1.59%   890 5933s
  4264  3947  642.03809   51 2085  649.00000  638.67140  1.59%   886 5968s
  4285  3967  642.26186   53 2144  649.00000  638.67140  1.59%   884 6013s
  4312  3989  642.40245   55 2160  649.00000  638.67140  1.59%   882 6045s
  4343  3995  642.72923   58 2101  649.00000  638.67140  1.59%   879 6079s
  4360  4018  642.86445   59 2011  649.00000  638.67140  1.59%   878 6113s
  4388  4039  643.07979   61 2022  649.00000  638.67140  1.59%   876 6153s
  4419  4049  643.37194   65 2047  649.00000  638.67140  1.59%   873 6186s
  4439  4066  643.45613   66 2062  649.00000  638.67140  1.59%   872 6229s
  4463  4081  643.47364   69 2057  649.00000  638.67140  1.59%   870 6264s
  4486  4093  643.63821   71 2030  649.00000  638.67140  1.59%   868 6303s
  4505  4103  643.76736   73 1997  649.00000  638.67140  1.59%   867 6364s
  4522  4122  643.83810   74 1989  649.00000  638.67140  1.59%   865 6394s
  4546  4136  643.90256   76 2003  649.00000  638.67140  1.59%   863 6425s
  4568  4148  644.08998   78 2009  649.00000  638.67140  1.59%   862 6456s
  4588  4158  644.07298   78 2002  649.00000  638.67140  1.59%   860 6516s
  4604  4168  644.14032   79 2057  649.00000  638.67140  1.59%   858 6553s
  4620  4180  644.14067   79 2043  649.00000  638.67140  1.59%   857 6588s
  4637  4191  644.19557   80 2038  649.00000  638.67140  1.59%   856 6633s
  4654  4213  644.17685   80 2055  649.00000  638.67140  1.59%   855 6707s
  4681  4261  644.27095   81 2057  649.00000  638.67140  1.59%   853 6751s
  4738  4330  644.22676   81 2046  649.00000  638.67140  1.59%   851 6786s
  4826  4364  644.28463   82 2048  649.00000  638.67140  1.59%   844 6817s
  4890  4425  644.40930   82 2012  649.00000  638.67140  1.59%   842 6858s
  4972  4453  644.76917   86 2035  649.00000  638.67140  1.59%   837 6902s
  5027  4498  645.19466   93 2036  649.00000  638.67140  1.59%   838 6943s
  5091  4520  645.66787  101 2016  649.00000  638.67140  1.59%   834 6974s
  5134  4522  646.02868  106 1979  649.00000  638.67140  1.59%   833 7007s
  5150  4532  646.08143  107 1985  649.00000  638.67140  1.59%   833 7035s
  5166  4559  645.97265  107 1959  649.00000  638.67140  1.59%   833 7063s
  5200  4563  646.01857  108 1976  649.00000  638.67140  1.59%   831 7098s
  5217  4571  646.09351  108 1953  649.00000  638.67140  1.59%   831 7152s
  5235  4628  646.13833  109 1963  649.00000  638.67140  1.59%   829 7238s
  5302  4649  646.15206  109 1936  649.00000  638.67140  1.59%   827 7275s
  5345  4668  646.23619  110 1942  649.00000  638.67140  1.59%   825 7319s
  5381  4754  646.56650  113 1896  649.00000  638.67140  1.59%   826 7356s
  5491  4779  646.39451  113 1936  649.00000  638.67140  1.59%   820 7417s
  5552  4806  646.59495  114 1924  649.00000  638.67140  1.59%   821 7463s
  5600  4806  646.68087  114 1917  649.00000  638.67140  1.59%   820 7503s
  5616  4856  646.62786  115 1895  649.00000  638.67140  1.59%   820 7562s
  5671  4854  646.69112  115 1920  649.00000  638.67140  1.59%   820 7657s
  5687  4899  646.70898  116 1906  649.00000  638.67140  1.59%   819 7702s
  5738  4950  646.88263  116 1873  649.00000  638.67140  1.59%   820 7748s
  5806  5129  646.72787  117 1889  649.00000  638.67140  1.59%   819 7794s
  6007  5302  647.54861  130 1847  649.00000  638.67140  1.59%   822 7838s
  6269  5228  647.98345  140 1875  649.00000  638.67140  1.59%   816 7932s
  6287  5249     cutoff  141       649.00000  638.67140  1.59%   815 7989s
  6318  5340     cutoff  140       649.00000  638.67140  1.59%   815 8050s
  6425  5492  638.96306   19 2565  649.00000  638.67140  1.59%   815 8110s
  6613  5636  639.53563   28 2588  649.00000  638.67140  1.59%   811 8255s
  6839  5697  640.83634   43 2329  649.00000  638.67140  1.59%   812 8349s
  6992  5678  641.50193   51 2279  649.00000  638.67520  1.59%   813 8409s
  7024  5707  641.53825   50 2266  649.00000  638.67520  1.59%   814 8472s
  7071  5789  641.42984   49 2154  649.00000  638.67520  1.59%   813 8539s
  7175  6009  641.63792   51 2252  649.00000  638.67861  1.59%   813 8603s
  7452  6245  642.17408   60 2219  649.00000  638.67861  1.59%   809 8678s
  7792  6220  641.96148   59 2257  649.00000  638.67861  1.59%   801 8756s
  7880  6214  642.07902   60 2230  649.00000  638.67861  1.59%   800 8813s
  7918  6341  642.05918   59 2215  649.00000  638.67861  1.59%   800 8900s
  8091  6350  642.06449   60 2240  649.00000  638.67861  1.59%   807 8971s
  8164  6457  642.43851   64 2146  649.00000  638.68038  1.59%   807 9043s
  8303  6426  642.33874   64 2225  649.00000  638.68038  1.59%   810 9119s
  8319  6543  642.42140   65 2157  649.00000  638.68038  1.59%   810 9215s
  8453  6604  642.54557   68 2202  649.00000  638.68038  1.59%   810 9307s
  8607  6720  643.74111   85 2106  649.00000  638.68038  1.59%   813 9393s
  8798  6722  643.76369   86 2113  649.00000  638.68135  1.59%   817 9486s
  8886  6707  643.78763   87 2105  649.00000  638.68135  1.59%   817 9579s
  8903  6948  643.71940   85 2117  649.00000  638.68135  1.59%   818 9711s
  9164  7084  643.81083   88 2116  649.00000  638.68288  1.59%   815 9842s
  9421  7114  643.86656   88 2142  649.00000  638.68650  1.59%   815 9956s
  9536  7220  644.34167   96 2031  649.00000  638.68650  1.59%   814 10062s
  9687  7233  644.35592   95 2053  649.00000  638.68650  1.59%   822 10175s
  9792  7266  644.18571   95 2071  649.00000  638.68650  1.59%   826 10276s
  9872  7377  644.25277   98 2080  649.00000  638.68650  1.59%   824 10396s
 10010  7536  644.41735   99 2063  649.00000  638.68650  1.59%   824 10509s
 10265  7764  645.28302  110 2055  649.00000  638.69070  1.59%   829 10635s
 10610  7821  645.55495  116 2046  649.00000  638.69070  1.59%   836 10759s
 10866  8021  645.60010  117 2060  649.00000  638.69403  1.59%   830 10888s
 11153  8203  646.08951  124 2029  649.00000  638.69403  1.59%   822 11031s
 11494  8160  646.21724  125 2071  649.00000  638.71273  1.59%   811 11172s
 11564  8369  646.23199  127 2049  649.00000  638.71273  1.59%   811 11302s
 11833  8482  646.30279  128 2044  649.00000  638.71344  1.58%   805 11457s
 12053  8647  646.66070  133 2033  649.00000  638.71344  1.58%   801 11600s
 12345  8670  646.68694  134 2056  649.00000  638.71344  1.58%   796 11756s
 12475  8887  646.79274  136 2057  649.00000  638.73456  1.58%   792 11919s
 12735  8955  647.50373  146 2012  649.00000  638.73456  1.58%   788 12081s
 12906  9418  647.29034  144 1996  649.00000  638.73456  1.58%   788 12263s
 13588  9369  641.38457   46 2067  649.00000  638.73456  1.58%   776 12428s
 13818  9705  641.53028   47 2053  649.00000  638.73456  1.58%   771 12601s
 14281  9762  642.75815   63 2053  649.00000  638.74183  1.58%   762 12775s
 14506 10167  643.59719   73 1947  649.00000  638.74183  1.58%   758 12958s
 15085 10429  643.91980   78 1998  649.00000  638.74183  1.58%   749 13158s
 15391 10552  644.08639   86 2024  649.00000  638.74183  1.58%   745 13360s
 15524 10970  644.23116   91 2063  649.00000  638.76445  1.58%   743 13564s
 15960 11548  645.36437  104 2041  649.00000  638.76445  1.58%   738 13778s
 16572 11996  646.66634  125 2049  649.00000  638.76445  1.58%   733 13992s
 17094 12223  647.59862  139 1960  649.00000  638.76445  1.58%   731 14222s
 17353 12773  647.80469  143 2001  649.00000  638.79757  1.57%   728 14400s

Cutting planes:
  Lift-and-project: 4

Explored 17969 nodes (13096284 simplex iterations) in 14400.12 seconds (41828.00 work units)
Thread count was 32 (of 32 available processors)

Solution count 10: 649 650 651 ... 662

Time limit reached
Best objective 6.490000000000e+02, best bound 6.390000000000e+02, gap 1.5408%

User-callback calls 4119280, time in user-callback 8.94 sec
