
Gurobi 13.0.2 (linux64) logging started Mon Jun 29 10:45:48 2026

Set parameter LogFile to value "/tmp/sweep_20260629_013743_china_alt550km_s50_i2_v6_gurobi.log"
Set parameter Method to value 1
Set parameter NodefileStart to value 4
Set parameter RINS to value 50
Gurobi Optimizer version 13.0.2 build v13.0.2rc1 (linux64 - "Debian GNU/Linux 13 (trixie)")

CPU model: Intel(R) Xeon(R) Platinum 8375C CPU @ 2.90GHz, instruction set [SSE2|AVX|AVX2|AVX512]
Thread count: 16 physical cores, 32 logical processors, using up to 32 threads

Non-default parameters:
TimeLimit  10800
MIPGap  0.01
Method  1
LPWarmStart  1
Heuristics  0.2
MIPFocus  1
NodefileStart  4
RINS  50
Symmetry  2
Cuts  2
CoverCuts  2
LogToConsole  0

Academic license 2812613 - for non-commercial use only - registered to no___@gatech.edu
Optimize a model with 196014 rows, 35900 columns and 27854810 nonzeros (Min)
Model fingerprint: 0x00db773e
Model has 35900 linear objective coefficients
Variable types: 0 continuous, 35900 integer (35900 binary)
Coefficient statistics:
  Matrix range     [1e+00, 1e+00]
  Objective range  [1e+00, 1e+00]
  Bounds range     [1e+00, 1e+00]
  RHS range        [2e+01, 2e+01]

Found heuristic solution: objective 15796.000000
Presolve removed 0 rows and 0 columns (presolve time = 6s)...
Presolve removed 0 rows and 0 columns (presolve time = 12s)...
Presolve removed 0 rows and 0 columns (presolve time = 15s)...
Presolve removed 0 rows and 0 columns (presolve time = 21s)...
Presolve removed 0 rows and 0 columns (presolve time = 25s)...
Presolve removed 0 rows and 0 columns (presolve time = 30s)...
Presolve removed 0 rows and 0 columns (presolve time = 35s)...
Presolve removed 0 rows and 0 columns (presolve time = 40s)...
Presolve removed 0 rows and 0 columns (presolve time = 45s)...
Presolve removed 0 rows and 0 columns (presolve time = 50s)...
Presolve removed 0 rows and 0 columns (presolve time = 55s)...
Presolve removed 0 rows and 0 columns (presolve time = 63s)...
Presolve removed 0 rows and 0 columns (presolve time = 65s)...
Presolve removed 0 rows and 0 columns (presolve time = 70s)...
Presolve removed 0 rows and 0 columns (presolve time = 75s)...
Presolve removed 0 rows and 0 columns (presolve time = 80s)...
Presolve removed 0 rows and 0 columns (presolve time = 85s)...
Presolve removed 0 rows and 0 columns (presolve time = 90s)...
Presolve removed 0 rows and 0 columns (presolve time = 95s)...
Presolve removed 0 rows and 0 columns (presolve time = 100s)...
Presolve removed 0 rows and 0 columns (presolve time = 105s)...
Presolve removed 0 rows and 0 columns (presolve time = 110s)...
Presolve removed 0 rows and 0 columns (presolve time = 115s)...
Presolve removed 0 rows and 0 columns (presolve time = 120s)...
Presolve removed 0 rows and 0 columns (presolve time = 125s)...
Presolve removed 0 rows and 0 columns (presolve time = 130s)...
Presolve removed 0 rows and 0 columns (presolve time = 135s)...
Presolve removed 0 rows and 0 columns (presolve time = 140s)...
Presolve removed 0 rows and 0 columns (presolve time = 145s)...
Presolve removed 0 rows and 0 columns (presolve time = 150s)...
Presolve removed 0 rows and 0 columns (presolve time = 155s)...
Presolve removed 0 rows and 0 columns (presolve time = 160s)...
Presolve removed 0 rows and 0 columns (presolve time = 165s)...
Presolve removed 0 rows and 0 columns (presolve time = 170s)...
Presolve removed 0 rows and 0 columns (presolve time = 175s)...
Presolve removed 0 rows and 0 columns (presolve time = 180s)...
Presolve removed 0 rows and 0 columns (presolve time = 185s)...
Presolve removed 0 rows and 0 columns (presolve time = 190s)...
Presolve removed 0 rows and 0 columns (presolve time = 195s)...
Presolve removed 0 rows and 0 columns (presolve time = 200s)...
Presolve removed 0 rows and 0 columns (presolve time = 205s)...
Presolve removed 0 rows and 0 columns (presolve time = 210s)...
Presolve removed 0 rows and 0 columns (presolve time = 215s)...
Presolve removed 0 rows and 0 columns (presolve time = 220s)...
Presolve removed 0 rows and 0 columns (presolve time = 225s)...
Presolve removed 0 rows and 0 columns (presolve time = 230s)...
Presolve removed 0 rows and 0 columns (presolve time = 235s)...
Presolve removed 0 rows and 0 columns (presolve time = 240s)...
Presolve removed 0 rows and 0 columns (presolve time = 245s)...
Presolve removed 0 rows and 0 columns (presolve time = 250s)...
Presolve removed 0 rows and 0 columns (presolve time = 255s)...
Presolve removed 0 rows and 0 columns (presolve time = 260s)...
Presolve removed 0 rows and 0 columns (presolve time = 265s)...
Presolve removed 0 rows and 0 columns (presolve time = 270s)...
Presolve removed 0 rows and 0 columns (presolve time = 275s)...
Presolve removed 0 rows and 0 columns (presolve time = 280s)...
Presolve removed 0 rows and 0 columns (presolve time = 285s)...
Presolve removed 0 rows and 0 columns (presolve time = 290s)...
Presolve removed 0 rows and 0 columns (presolve time = 295s)...
Presolve removed 0 rows and 0 columns (presolve time = 300s)...
Presolve removed 0 rows and 0 columns (presolve time = 305s)...
Presolve removed 0 rows and 0 columns (presolve time = 310s)...
Presolve removed 0 rows and 0 columns (presolve time = 315s)...
Presolve time: 319.87s
Presolved: 196014 rows, 35900 columns, 27854810 nonzeros
Variable types: 0 continuous, 35900 integer (35900 binary)

Root simplex log...

Iteration    Objective       Primal Inf.    Dual Inf.      Time
       0   -0.0000000e+00   0.000000e+00   6.825000e+03    333s
     103    6.3081012e+03   0.000000e+00   0.000000e+00    333s
     103    6.3081012e+03   0.000000e+00   0.000000e+00    333s

Use crossover to convert LP symmetric solution to basic solution...

Root crossover log...

  182298 variables added to crossover basis                      340s
  182958 variables added to crossover basis                      345s
  183318 variables added to crossover basis                      350s
  183588 variables added to crossover basis                      355s
  184938 variables added to crossover basis                      360s
  185748 variables added to crossover basis                      365s
  186348 variables added to crossover basis                      370s
  187008 variables added to crossover basis                      375s
  187578 variables added to crossover basis                      380s
  188238 variables added to crossover basis                      385s
  188808 variables added to crossover basis                      390s
  189468 variables added to crossover basis                      395s
  190068 variables added to crossover basis                      400s
  190578 variables added to crossover basis                      405s
  190998 variables added to crossover basis                      410s
  191328 variables added to crossover basis                      415s
  191658 variables added to crossover basis                      420s
  191928 variables added to crossover basis                      425s
  192168 variables added to crossover basis                      430s
  192408 variables added to crossover basis                      435s
  192648 variables added to crossover basis                      440s
  192858 variables added to crossover basis                      445s
  193098 variables added to crossover basis                      450s
  193308 variables added to crossover basis                      455s
  193548 variables added to crossover basis                      461s
  193758 variables added to crossover basis                      466s
  193968 variables added to crossover basis                      471s
  194148 variables added to crossover basis                      475s
  194358 variables added to crossover basis                      480s
  194538 variables added to crossover basis                      485s
  194748 variables added to crossover basis                      490s
  194928 variables added to crossover basis                      495s
  195108 variables added to crossover basis                      500s
  195288 variables added to crossover basis                      505s
  195498 variables added to crossover basis                      511s
  195678 variables added to crossover basis                      516s
  195858 variables added to crossover basis                      521s

       0 DPushes remaining with DInf 0.0000000e+00              1183s

       0 PPushes remaining with PInf 0.0000000e+00              1184s

  Push phase complete: Pinf 0.0000000e+00, Dinf 1.5847531e-08   1185s


Root simplex log...

Iteration    Objective       Primal Inf.    Dual Inf.      Time
     106    6.3081012e+03   0.000000e+00   0.000000e+00   1384s
Crossover time: 1051.09 seconds (2784.42 work units)

Root relaxation: objective 6.308101e+03, 106 iterations, 1061.65 seconds (2794.28 work units)

    Nodes    |    Current Node    |     Objective Bounds      |     Work
 Expl Unexpl |  Obj  Depth IntInf | Incumbent    BestBd   Gap | It/Node Time

     0     0 6308.10122    0 19386 15796.0000 6308.10122  60.1%     - 2141s
H    0     0                    7898.0000000 6308.10122  20.1%     - 2141s
H    0     0                    7897.0000000 6308.10122  20.1%     - 2141s
H    0     0                    7221.0000000 6308.10122  12.6%     - 2161s
H    0     0                    7143.0000000 6308.10122  11.7%     - 2161s
H    0     0                    7142.0000000 6308.10122  11.7%     - 2161s
H    0     0                    7133.0000000 6308.10122  11.6%     - 2161s
H    0     0                    7128.0000000 6308.10122  11.5%     - 2161s
H    0     0                    7126.0000000 6308.10122  11.5%     - 2161s
H    0     0                    7119.0000000 6308.10122  11.4%     - 2172s
H    0     0                    7118.0000000 6308.10122  11.4%     - 2179s
H    0     0                    7116.0000000 6308.10122  11.4%     - 2186s
H    0     0                    7115.0000000 6308.10122  11.3%     - 2186s
H    0     0                    7114.0000000 6308.10122  11.3%     - 2187s
H    0     0                    7110.0000000 6308.10122  11.3%     - 2201s
H    0     0                    7108.0000000 6308.10122  11.3%     - 2203s
H    0     0                    7106.0000000 6308.10122  11.2%     - 2203s
H    0     0                    7105.0000000 6308.10122  11.2%     - 2208s
H    0     0                    7103.0000000 6308.10122  11.2%     - 2208s
H    0     0                    7102.0000000 6308.10122  11.2%     - 2211s
H    0     0                    7101.0000000 6308.10122  11.2%     - 2211s
H    0     0                    7100.0000000 6308.10122  11.2%     - 2213s
H    0     0                    7099.0000000 6308.10122  11.1%     - 2213s
H    0     0                    7098.0000000 6308.10122  11.1%     - 2216s
H    0     0                    7097.0000000 6308.10122  11.1%     - 2219s
H    0     0                    7096.0000000 6308.10122  11.1%     - 2229s
H    0     0                    7095.0000000 6308.10122  11.1%     - 2229s
H    0     0                    7094.0000000 6308.10122  11.1%     - 2252s
H    0     0                    7084.0000000 6308.10122  11.0%     - 2304s
H    0     0                    7083.0000000 6308.10122  10.9%     - 2314s
H    0     0                    7082.0000000 6308.10122  10.9%     - 2338s
H    0     0                    7077.0000000 6308.10122  10.9%     - 2355s
H    0     0                    7076.0000000 6308.10122  10.9%     - 2359s
H    0     0                    7075.0000000 6308.10122  10.8%     - 2514s
     0     0 6308.10122    0 19386 7075.00000 6308.10122  10.8%     - 8148s

Explored 1 nodes (106 simplex iterations) in 10800.63 seconds (22917.94 work units)
Thread count was 32 (of 32 available processors)

Solution count 10: 7075 7076 7077 ... 7097

Time limit reached
Best objective 7.075000000000e+03, best bound 6.309000000000e+03, gap 10.8269%

User-callback calls 175223, time in user-callback 0.71 sec
