
Gurobi 13.0.2 (linux64) logging started Sat Jul 18 10:57:17 2026

Set parameter LogFile to value "/tmp/sweep_20260716_013919_north-korea_alt400km_s50_i2_v5_gurobi.log"
Set parameter Method to value 1
Set parameter NodefileStart to value 4
Set parameter RINS to value 50
Gurobi Optimizer version 13.0.2 build v13.0.2rc1 (linux64 - "Debian GNU/Linux 13 (trixie)")

CPU model: Intel(R) Xeon(R) Platinum 8375C CPU @ 2.90GHz, instruction set [SSE2|AVX|AVX2|AVX512]
Thread count: 16 physical cores, 32 logical processors, using up to 32 threads

Non-default parameters:
TimeLimit  14400
MIPGap  0.001
Method  1
LPWarmStart  1
Heuristics  0.2
MIPFocus  1
NodefileStart  4
RINS  50
Symmetry  2
Cuts  2
CoverCuts  2
LogToConsole  0

Academic license 2812613 - for non-commercial use only - registered to no___@gatech.edu
Optimize a model with 2872 rows, 35900 columns and 552860 nonzeros (Min)
Model fingerprint: 0x91cba094
Model has 35900 linear objective coefficients
Variable types: 0 continuous, 35900 integer (35900 binary)
Coefficient statistics:
  Matrix range     [1e+00, 1e+00]
  Objective range  [1e+00, 1e+00]
  Bounds range     [1e+00, 1e+00]
  RHS range        [2e+01, 2e+01]

Found heuristic solution: objective 7180.0000000
Presolve removed 0 rows and 2872 columns
Presolve time: 0.55s
Presolved: 2872 rows, 33028 columns, 521268 nonzeros
Variable types: 0 continuous, 33028 integer (31592 binary)

Root simplex log...

Iteration    Objective       Primal Inf.    Dual Inf.      Time
    7786    2.9825838e+03   3.887544e+04   0.000000e+00      5s
   11536    3.0430255e+03   1.315718e+04   0.000000e+00     10s
   14406    3.0701841e+03   3.504118e+04   0.000000e+00     15s
   16956    3.0905279e+03   1.074995e+04   0.000000e+00     20s
   19786    3.1109711e+03   3.530023e+04   0.000000e+00     25s
   23036    3.1227232e+03   3.565506e+06   0.000000e+00     30s
   26776    3.1292780e+03   7.019252e+03   0.000000e+00     35s
   30006    3.1315511e+03   3.204920e+03   0.000000e+00     40s
   32856    3.1319148e+03   5.144611e+03   0.000000e+00     45s
   35556    3.1323694e+03   3.772999e+03   0.000000e+00     50s
   38156    3.1328240e+03   6.267585e+03   0.000000e+00     55s
   40856    3.1330968e+03   8.387887e+02   0.000000e+00     60s
   43576    3.1330968e+03   2.184609e+03   0.000000e+00     65s
   46106    3.1330968e+03   3.141697e+03   0.000000e+00     70s
   48726    3.1330968e+03   2.365472e+02   0.000000e+00     75s
   51156    3.1330969e+03   1.174040e+02   0.000000e+00     80s
   53666    3.1330969e+03   4.830477e+00   0.000000e+00     85s
   54016    3.1330909e+03   0.000000e+00   0.000000e+00     86s

Root relaxation: objective 3.133091e+03, 54016 iterations, 85.40 seconds (191.43 work units)

    Nodes    |    Current Node    |     Objective Bounds      |     Work
 Expl Unexpl |  Obj  Depth IntInf | Incumbent    BestBd   Gap | It/Node Time

     0     0 3133.09091    0 1931 7180.00000 3133.09091  56.4%     -  111s
H    0     0                    4969.0000000 3133.09091  36.9%     -  111s
H    0     0                    4706.0000000 3133.09091  33.4%     -  111s
H    0     0                    3419.0000000 3133.09091  8.36%     -  111s
H    0     0                    3353.0000000 3133.09091  6.56%     -  117s
H    0     0                    3300.0000000 3133.09091  5.06%     -  117s
H    0     0                    3299.0000000 3133.09091  5.03%     -  117s
H    0     0                    3281.0000000 3133.09091  4.51%     -  117s
H    0     0                    3230.0000000 3133.09091  3.00%     -  117s
H    0     0                    3225.0000000 3133.09091  2.85%     -  117s
H    0     0                    3218.0000000 3133.09091  2.64%     -  117s
H    0     0                    3212.0000000 3133.09091  2.46%     -  118s
H    0     0                    3211.0000000 3133.09091  2.43%     -  131s
H    0     0                    3206.0000000 3133.09091  2.27%     -  132s
H    0     0                    3205.0000000 3133.09091  2.24%     -  133s
H    0     0                    3204.0000000 3133.09091  2.21%     -  133s
H    0     0                    3203.0000000 3133.09091  2.18%     -  134s
H    0     0                    3202.0000000 3133.09091  2.15%     -  135s
H    0     0                    3201.0000000 3133.09091  2.12%     -  137s
H    0     0                    3199.0000000 3133.09091  2.06%     -  137s
H    0     0                    3198.0000000 3133.09091  2.03%     -  142s
H    0     0                    3197.0000000 3133.09091  2.00%     -  142s
H    0     0                    3196.0000000 3133.09091  1.97%     -  153s
H    0     0                    3195.0000000 3133.09091  1.94%     -  153s
H    0     0                    3191.0000000 3133.09091  1.81%     -  184s
H    0     0                    3190.0000000 3133.09091  1.78%     -  185s
H    0     0                    3188.0000000 3133.09091  1.72%     -  188s
H    0     0                    3187.0000000 3133.09091  1.69%     -  189s
H    0     0                    3186.0000000 3133.09091  1.66%     -  190s
H    0     0                    3184.0000000 3133.09091  1.60%     -  190s
H    0     0                    3183.0000000 3133.09091  1.57%     -  191s
H    0     0                    3182.0000000 3133.09091  1.54%     -  193s
H    0     0                    3181.0000000 3133.09091  1.51%     -  194s
H    0     0                    3180.0000000 3133.09091  1.48%     -  195s
H    0     0                    3179.0000000 3133.09091  1.44%     -  197s
     0     0 3133.09091    0 1882 3179.00000 3133.09091  1.44%     -  249s
H    0     0                    3178.0000000 3133.09091  1.41%     -  395s
H    0     0                    3177.0000000 3133.09091  1.38%     -  438s
H    0     0                    3176.0000000 3133.09091  1.35%     -  446s
H    0     0                    3175.0000000 3133.09091  1.32%     -  465s
H    0     0                    3174.0000000 3133.09091  1.29%     -  495s
H    0     0                    3172.0000000 3133.09091  1.23%     -  509s
     0     0 3133.09091    0 1882 3172.00000 3133.09091  1.23%     -  585s
     0     0 3133.09091    0 1700 3172.00000 3133.09091  1.23%     -  623s
H    0     0                    3171.0000000 3133.09091  1.20%     -  896s
H    0     0                    3170.0000000 3133.09091  1.16%     -  898s
     0     2 3133.09091    0 1700 3170.00000 3133.09091  1.16%     - 1130s
     1     3 3133.09091    1 1655 3170.00000 3133.09091  1.16%  1565 1295s
H    2     5                    3169.0000000 3133.09091  1.13%   782 1541s
     2     5 3133.09091    2 1622 3169.00000 3133.09091  1.13%  1314 1545s
H    3     5                    3168.0000000 3133.09091  1.10%   876 1545s
     4    10 3133.09091    3 1659 3168.00000 3133.09091  1.10%  1408 1860s
H    6    10                    3166.0000000 3133.09091  1.04%  1105 1860s
     8    10 3141.25000    1 2871 3166.00000 3133.09091  1.04%  5122 1868s
     9    20 3133.09091    4 1614 3166.00000 3133.09091  1.04%  4672 2360s
H   19    36                    3165.0000000 3133.09091  1.01%  4322 2767s
    29    36 3133.09091    5 1670 3165.00000 3133.09091  1.01%  6613 2771s
    31    36 3133.09091    5 1748 3165.00000 3133.09091  1.01%  6878 2778s
H   32    36                    3164.0000000 3133.09091  0.98%  6663 2778s
    32    36 3133.09091    5 1729 3164.00000 3133.09091  0.98%  6948 2782s
    35    52 3133.09091    6 1772 3164.00000 3133.09091  0.98%  6895 3188s
H   41    52                    3163.0000000 3133.09091  0.95%  6864 3188s
    51    67 3133.09091    7 1787 3163.00000 3133.09091  0.95%  5797 3570s
    69    68 3133.09091    6 1700 3163.00000 3133.09091  0.95%  5743 3912s
    71    69 3133.09091    7 1931 3163.00000 3133.09091  0.95%  5581 4128s
    72    70 3133.09091    8 1730 3163.00000 3133.09091  0.95%  5504 4669s
    73    71 3133.09091    8 1690 3163.00000 3133.09091  0.95%  5428 4908s
    74    71 3133.09091    8 1654 3163.00000 3133.09091  0.95%  5355 5013s
H   74    67                    3162.0000000 3133.09091  0.91%  5355 5274s
    75    68 3133.09091    8 1628 3162.00000 3133.09091  0.91%  5283 5302s
    76    69 3133.09091    5 1604 3162.00000 3133.09091  0.91%  5214 5513s
    77    69 3133.09091    8 1604 3162.00000 3133.09091  0.91%  5146 5600s
H   77    65                    3161.0000000 3133.09091  0.88%  5146 6200s
H   77    62                    3160.0000000 3133.09091  0.85%  5146 6395s
    78    63 3141.33006    6 1604 3160.00000 3133.18182  0.85%  5080 6608s
    80    66 3133.18182    7 1700 3160.00000 3133.18182  0.85%  7392 6684s
    82    67 3133.18182    8 1931 3160.00000 3133.18182  0.85%  7212 6904s
    83    68 3133.18182    7 1731 3160.00000 3133.18182  0.85%  7125 7332s
    84    69 3133.18182    8 1674 3160.00000 3133.18182  0.85%  7040 7418s
    85    69 3133.18182    7 1674 3160.00000 3133.18182  0.85%  6957 7510s
H   85    65                    3159.0000000 3133.18182  0.82%  6957 8165s
H   85    62                    3158.0000000 3133.18182  0.79%  6957 8214s
    86    63 3133.18182    8 1674 3158.00000 3133.18182  0.79%  6876 8486s
    88    66 3158.00000    6 1700 3158.00000 3133.18182  0.79%  8110 8575s
    90    67 3133.18182    7 1931 3158.00000 3133.18182  0.79%  7930 8795s
    91    68 3133.18182    5 1730 3158.00000 3133.18182  0.79%  7842 9231s
    92    69 3133.18182    7 1675 3158.00000 3133.18182  0.79%  7757 9466s
    93    69 3133.18182    8 1640 3158.00000 3133.18182  0.79%  7674 9561s
    94    70 3133.18182    8 1608 3158.00000 3133.18182  0.79%  7592 9776s
    95    71 3133.18182    8 1601 3158.00000 3133.18182  0.79%  7512 9820s
    96    71 3133.18182    7 1619 3158.00000 3133.18182  0.79%  7434 10046s
    97    72 3133.18182    6 1596 3158.00000 3133.18182  0.79%  7357 10125s
    98    73 3133.18182    8 1589 3158.00000 3133.18182  0.79%  7282 10239s
H   98    69                    3157.0000000 3133.18182  0.75%  7282 11374s
    99    69 3133.18182    7 1589 3157.00000 3133.18182  0.75%  7209 11614s
   101    72 3133.18182    8 1700 3157.00000 3133.18182  0.75%  8985 11700s
   103    73 3133.18182    6 1931 3157.00000 3133.18182  0.75%  8810 11926s
   104    74 3133.18182    6 1744 3157.00000 3133.18182  0.75%  8726 12304s
   105    75 3133.18182    7 1686 3157.00000 3133.18182  0.75%  8643 12406s
   106    75 3133.18182    7 1686 3157.00000 3133.18182  0.75%  8561 12499s
H  106    71                    3156.0000000 3133.18182  0.72%  8561 13510s
   107    72 3133.18182    8 1686 3156.00000 3133.18182  0.72%  8481 13763s

Cutting planes:
  Flow cover: 1

Explored 108 nodes (1144503 simplex iterations) in 14400.13 seconds (36423.65 work units)
Thread count was 32 (of 32 available processors)

Solution count 10: 3156 3157 3158 ... 3165

Time limit reached
Best objective 3.156000000000e+03, best bound 3.134000000000e+03, gap 0.6971%

User-callback calls 2541005, time in user-callback 7.27 sec
