
Gurobi 13.0.2 (linux64) logging started Sun Jun 28 08:47:50 2026

Set parameter LogFile to value "/tmp/sweep_20260626_235454_china_alt550km_s20_i4_v4_gurobi.log"
Set parameter Method to value 1
Set parameter NodefileStart to value 4
Set parameter RINS to value 50
Gurobi Optimizer version 13.0.2 build v13.0.2rc1 (linux64 - "Debian GNU/Linux 13 (trixie)")

CPU model: Intel(R) Xeon(R) Platinum 8375C CPU @ 2.90GHz, instruction set [SSE2|AVX|AVX2|AVX512]
Thread count: 16 physical cores, 32 logical processors, using up to 32 threads

Non-default parameters:
TimeLimit  10800
MIPGap  0.01
Method  1
LPWarmStart  1
Heuristics  0.2
MIPFocus  1
NodefileStart  4
RINS  50
Symmetry  2
Cuts  2
CoverCuts  2
LogToConsole  0

Academic license 2812613 - for non-commercial use only - registered to no___@gatech.edu
Optimize a model with 196014 rows, 35900 columns and 11506668 nonzeros (Min)
Model fingerprint: 0x8cb9d348
Model has 35900 linear objective coefficients
Variable types: 0 continuous, 35900 integer (35900 binary)
Coefficient statistics:
  Matrix range     [1e+00, 1e+00]
  Objective range  [1e+00, 1e+00]
  Bounds range     [1e+00, 1e+00]
  RHS range        [5e+00, 5e+00]

Found heuristic solution: objective 10409.000000
Presolve removed 0 rows and 0 columns (presolve time = 6s)...
Presolve removed 0 rows and 0 columns (presolve time = 10s)...
Presolve removed 0 rows and 0 columns (presolve time = 15s)...
Presolve removed 0 rows and 0 columns (presolve time = 20s)...
Presolve removed 0 rows and 0 columns (presolve time = 25s)...
Presolve removed 0 rows and 0 columns (presolve time = 30s)...
Presolve removed 0 rows and 0 columns (presolve time = 35s)...
Presolve removed 0 rows and 0 columns (presolve time = 40s)...
Presolve removed 0 rows and 0 columns (presolve time = 45s)...
Presolve removed 0 rows and 0 columns (presolve time = 50s)...
Presolve removed 0 rows and 0 columns (presolve time = 55s)...
Presolve removed 0 rows and 0 columns (presolve time = 60s)...
Presolve removed 0 rows and 0 columns (presolve time = 65s)...
Presolve removed 0 rows and 0 columns (presolve time = 70s)...
Presolve removed 0 rows and 0 columns (presolve time = 75s)...
Presolve removed 0 rows and 0 columns (presolve time = 80s)...
Presolve removed 0 rows and 0 columns (presolve time = 85s)...
Presolve removed 0 rows and 0 columns (presolve time = 90s)...
Presolve removed 0 rows and 0 columns (presolve time = 95s)...
Presolve removed 0 rows and 0 columns (presolve time = 100s)...
Presolve removed 0 rows and 0 columns (presolve time = 105s)...
Presolve removed 0 rows and 0 columns (presolve time = 110s)...
Presolve removed 0 rows and 0 columns (presolve time = 115s)...
Presolve removed 0 rows and 0 columns (presolve time = 120s)...
Presolve removed 0 rows and 0 columns (presolve time = 125s)...
Presolve removed 0 rows and 0 columns (presolve time = 130s)...
Presolve removed 0 rows and 0 columns (presolve time = 135s)...
Presolve removed 0 rows and 0 columns (presolve time = 140s)...
Presolve removed 0 rows and 0 columns (presolve time = 145s)...
Presolve time: 147.99s
Presolved: 196014 rows, 35900 columns, 11506668 nonzeros
Variable types: 0 continuous, 35900 integer (35900 binary)

Root simplex log...

Iteration    Objective       Primal Inf.    Dual Inf.      Time
       0   -0.0000000e+00   0.000000e+00   1.375000e+03    154s
     132    3.4324527e+03   0.000000e+00   0.000000e+00    154s
     132    3.4324527e+03   0.000000e+00   0.000000e+00    154s

Use crossover to convert LP symmetric solution to basic solution...

Root crossover log...

  186876 variables added to crossover basis                      160s
  188556 variables added to crossover basis                      165s
  189336 variables added to crossover basis                      170s
  190056 variables added to crossover basis                      175s
  190626 variables added to crossover basis                      180s
  191076 variables added to crossover basis                      185s
  191466 variables added to crossover basis                      190s
  191826 variables added to crossover basis                      195s
  192126 variables added to crossover basis                      201s
  192396 variables added to crossover basis                      205s
  192666 variables added to crossover basis                      211s
  192906 variables added to crossover basis                      215s
  193176 variables added to crossover basis                      220s
  193446 variables added to crossover basis                      226s
  193686 variables added to crossover basis                      231s
  193896 variables added to crossover basis                      235s
  194136 variables added to crossover basis                      241s
  194346 variables added to crossover basis                      245s
  194556 variables added to crossover basis                      251s
  194766 variables added to crossover basis                      256s
  194946 variables added to crossover basis                      260s
  195156 variables added to crossover basis                      265s
  195366 variables added to crossover basis                      270s
  195576 variables added to crossover basis                      275s
  195786 variables added to crossover basis                      281s
  195966 variables added to crossover basis                      285s

       0 DPushes remaining with DInf 0.0000000e+00               298s

       0 PPushes remaining with PInf 0.0000000e+00               298s

  Push phase complete: Pinf 0.0000000e+00, Dinf 7.5420778e-09    298s


Root simplex log...

Iteration    Objective       Primal Inf.    Dual Inf.      Time
     135    3.4324527e+03   0.000000e+00   0.000000e+00    306s
Crossover time: 152.43 seconds (284.39 work units)

Root relaxation: objective 3.432453e+03, 135 iterations, 157.12 seconds (288.44 work units)

    Nodes    |    Current Node    |     Objective Bounds      |     Work
 Expl Unexpl |  Obj  Depth IntInf | Incumbent    BestBd   Gap | It/Node Time

     0     0 3432.45269    0 15078 10409.0000 3432.45269  67.0%     -  320s
H    0     0                    4308.0000000 3432.45269  20.3%     -  321s
H    0     0                    4302.0000000 3432.45269  20.2%     -  328s
H    0     0                    4189.0000000 3432.45269  18.1%     -  328s
H    0     0                    4188.0000000 3432.45269  18.0%     -  331s
H    0     0                    4185.0000000 3432.45269  18.0%     -  331s
H    0     0                    4184.0000000 3432.45269  18.0%     -  334s
H    0     0                    4173.0000000 3432.45269  17.7%     -  334s
H    0     0                    4171.0000000 3432.45269  17.7%     -  346s
     0     0 3432.45269    0 15078 4171.00000 3432.45269  17.7%     - 1341s
     0     2 3432.45269    0 15078 4171.00000 3432.45269  17.7%     - 3809s

Explored 1 nodes (135 simplex iterations) in 10800.50 seconds (42092.32 work units)
Thread count was 32 (of 32 available processors)

Solution count 9: 4171 4173 4184 ... 10409

Time limit reached
Best objective 4.171000000000e+03, best bound 3.433000000000e+03, gap 17.6936%

User-callback calls 251136, time in user-callback 0.53 sec
