
Gurobi 13.0.2 (linux64) logging started Sun Jul 19 02:15:00 2026

Set parameter LogFile to value "/tmp/sweep_20260716_013919_north-korea_alt400km_s100_i6_v4_gurobi.log"
Set parameter Method to value 1
Set parameter NodefileStart to value 4
Set parameter RINS to value 50
Gurobi Optimizer version 13.0.2 build v13.0.2rc1 (linux64 - "Debian GNU/Linux 13 (trixie)")

CPU model: Intel(R) Xeon(R) Platinum 8375C CPU @ 2.90GHz, instruction set [SSE2|AVX|AVX2|AVX512]
Thread count: 16 physical cores, 32 logical processors, using up to 32 threads

Non-default parameters:
TimeLimit  14400
MIPGap  0.001
Method  1
LPWarmStart  1
Heuristics  0.2
MIPFocus  1
NodefileStart  4
RINS  50
Symmetry  2
Cuts  2
CoverCuts  2
LogToConsole  0

Academic license 2812613 - for non-commercial use only - registered to no___@gatech.edu
Optimize a model with 2872 rows, 57440 columns and 527012 nonzeros (Min)
Model fingerprint: 0xf89abdd4
Model has 57440 linear objective coefficients
Variable types: 0 continuous, 57440 integer (57440 binary)
Coefficient statistics:
  Matrix range     [1e+00, 1e+00]
  Objective range  [1e+00, 1e+00]
  Bounds range     [1e+00, 1e+00]
  RHS range        [2e+01, 2e+01]

Found heuristic solution: objective 11140.000000
Presolve removed 0 rows and 15796 columns
Presolve time: 0.56s
Presolved: 2872 rows, 41644 columns, 417876 nonzeros
Variable types: 0 continuous, 41644 integer (35900 binary)
Warning: Markowitz tolerance tightened to 0.03125

Root simplex log...

Iteration    Objective       Primal Inf.    Dual Inf.      Time
    9090    2.7357769e+03   4.047246e+04   0.000000e+00      5s
   13790    2.8114303e+03   8.427336e+03   0.000000e+00     10s
   17700    2.8432131e+03   8.751672e+03   0.000000e+00     15s
   20950    2.8575933e+03   8.688132e+03   0.000000e+00     20s
   24540    2.8668139e+03   7.600688e+04   0.000000e+00     25s
   28490    2.8685025e+03   9.870918e+03   0.000000e+00     30s
   31720    2.8697526e+03   1.339556e+03   0.000000e+00     35s
   34710    2.8711276e+03   4.685275e+03   0.000000e+00     40s
   37350    2.8717527e+03   2.899909e+03   0.000000e+00     45s
   38660    2.8720000e+03   0.000000e+00   0.000000e+00     48s

Root relaxation: objective 2.872000e+03, 38660 iterations, 47.02 seconds (93.74 work units)

    Nodes    |    Current Node    |     Objective Bounds      |     Work
 Expl Unexpl |  Obj  Depth IntInf | Incumbent    BestBd   Gap | It/Node Time

*    0     0               0    2872.0000000 2872.00000  0.00%     -   47s

Explored 1 nodes (38660 simplex iterations) in 47.67 seconds (94.41 work units)
Thread count was 32 (of 32 available processors)

Solution count 2: 2872 11140 

Optimal solution found (tolerance 1.00e-03)
Best objective 2.872000000000e+03, best bound 2.872000000000e+03, gap 0.0000%

User-callback calls 1040, time in user-callback 0.01 sec
