
Gurobi 13.0.2 (linux64) logging started Fri Jul 24 09:39:57 2026

Set parameter LogFile to value "/tmp/sweep_20260724_011830_russia_alt400km_s10_i1_v10_gurobi.log"
Set parameter Method to value 1
Set parameter NodefileStart to value 4
Set parameter RINS to value 50
Gurobi Optimizer version 13.0.2 build v13.0.2rc1 (linux64 - "Debian GNU/Linux 13 (trixie)")

CPU model: Intel(R) Xeon(R) Platinum 8375C CPU @ 2.90GHz, instruction set [SSE2|AVX|AVX2|AVX512]
Thread count: 16 physical cores, 32 logical processors, using up to 32 threads

Non-default parameters:
TimeLimit  14400
MIPGap  0.001
Method  1
LPWarmStart  1
Heuristics  0.2
MIPFocus  1
NodefileStart  4
RINS  50
Symmetry  2
Cuts  2
CoverCuts  2
LogToConsole  0

Academic license 2812613 - for non-commercial use only - registered to no___@gatech.edu
Optimize a model with 718000 rows, 28720 columns and 281451692 nonzeros (Min)
Model fingerprint: 0x2dc01cfd
Model has 28720 linear objective coefficients
Variable types: 0 continuous, 28720 integer (28720 binary)
Coefficient statistics:
  Matrix range     [1e+00, 1e+00]
  Objective range  [1e+00, 1e+00]
  Bounds range     [1e+00, 1e+00]
  RHS range        [1e+01, 1e+01]

Found heuristic solution: objective 1586.0000000
Presolve removed 0 rows and 0 columns (presolve time = 12s)...
Presolve removed 0 rows and 0 columns (presolve time = 38s)...
Presolve removed 0 rows and 0 columns (presolve time = 42s)...
Presolve removed 0 rows and 0 columns (presolve time = 67s)...
Presolve removed 0 rows and 0 columns (presolve time = 89s)...
Presolve removed 0 rows and 0 columns (presolve time = 91s)...
Presolve removed 0 rows and 0 columns (presolve time = 113s)...
Presolve removed 0 rows and 0 columns (presolve time = 161s)...
Presolve removed 0 rows and 0 columns (presolve time = 186s)...
Presolve removed 0 rows and 0 columns (presolve time = 212s)...
Presolve removed 0 rows and 0 columns (presolve time = 235s)...
Presolve removed 0 rows and 0 columns (presolve time = 240s)...
Presolve removed 0 rows and 0 columns (presolve time = 245s)...
Presolve removed 0 rows and 0 columns (presolve time = 250s)...
Presolve removed 0 rows and 0 columns (presolve time = 255s)...
Presolve removed 0 rows and 0 columns (presolve time = 268s)...
Presolve removed 0 rows and 0 columns (presolve time = 301s)...
Presolve removed 0 rows and 0 columns (presolve time = 306s)...
Presolve removed 0 rows and 0 columns (presolve time = 311s)...
Presolve removed 0 rows and 0 columns (presolve time = 316s)...
Presolve removed 0 rows and 0 columns (presolve time = 324s)...
Presolve removed 0 rows and 0 columns (presolve time = 330s)...
Presolve removed 0 rows and 0 columns (presolve time = 354s)...
Presolve removed 0 rows and 0 columns (presolve time = 355s)...
Presolve removed 0 rows and 0 columns (presolve time = 360s)...
Presolve removed 0 rows and 0 columns (presolve time = 365s)...
Presolve removed 0 rows and 0 columns (presolve time = 370s)...
Presolve removed 0 rows and 0 columns (presolve time = 375s)...
Presolve removed 0 rows and 0 columns (presolve time = 380s)...
Presolve removed 0 rows and 0 columns (presolve time = 385s)...
Presolve removed 0 rows and 0 columns (presolve time = 390s)...
Presolve removed 0 rows and 0 columns (presolve time = 395s)...
Presolve removed 0 rows and 0 columns (presolve time = 400s)...
Presolve removed 0 rows and 0 columns (presolve time = 405s)...
Presolve removed 0 rows and 0 columns (presolve time = 410s)...
Presolve removed 0 rows and 0 columns (presolve time = 415s)...
Presolve removed 0 rows and 0 columns (presolve time = 420s)...
Presolve removed 0 rows and 0 columns (presolve time = 425s)...
Presolve removed 0 rows and 0 columns (presolve time = 430s)...
Presolve removed 0 rows and 0 columns (presolve time = 435s)...
Presolve removed 0 rows and 0 columns (presolve time = 440s)...
Presolve removed 0 rows and 0 columns (presolve time = 445s)...
Presolve removed 0 rows and 0 columns (presolve time = 450s)...
Presolve removed 0 rows and 0 columns (presolve time = 455s)...
Presolve removed 0 rows and 0 columns (presolve time = 460s)...
Presolve removed 0 rows and 0 columns (presolve time = 465s)...
Presolve removed 0 rows and 0 columns (presolve time = 470s)...
Presolve removed 0 rows and 0 columns (presolve time = 475s)...
Presolve removed 0 rows and 0 columns (presolve time = 480s)...
Presolve removed 0 rows and 0 columns (presolve time = 485s)...
Presolve removed 0 rows and 0 columns (presolve time = 490s)...
Presolve removed 0 rows and 0 columns (presolve time = 496s)...
Presolve removed 0 rows and 0 columns (presolve time = 538s)...
Presolve removed 0 rows and 0 columns (presolve time = 547s)...
Presolve removed 0 rows and 0 columns (presolve time = 596s)...
Presolve removed 0 rows and 0 columns (presolve time = 633s)...
Presolve time: 633.16s
Presolved: 718000 rows, 28720 columns, 281451692 nonzeros
Variable types: 0 continuous, 28720 integer (28720 binary)

Root simplex log...

Iteration    Objective       Primal Inf.    Dual Inf.      Time
       0   -0.0000000e+00   0.000000e+00   4.597500e+03    795s
      10    1.2051313e+03   0.000000e+00   0.000000e+00    795s
      10    1.2051313e+03   0.000000e+00   0.000000e+00    795s

Use crossover to convert LP symmetric solution to basic solution...

Root crossover log...

    8616 DPushes remaining with DInf 0.0000000e+00               806s
    7238 DPushes remaining with DInf 0.0000000e+00               815s
    6806 DPushes remaining with DInf 0.0000000e+00               829s
    6374 DPushes remaining with DInf 0.0000000e+00               847s
    5834 DPushes remaining with DInf 0.0000000e+00               877s
    5254 DPushes remaining with DInf 0.0000000e+00               916s
    4534 DPushes remaining with DInf 0.0000000e+00               975s
    3634 DPushes remaining with DInf 0.0000000e+00              1061s
    3094 DPushes remaining with DInf 0.0000000e+00              1128s
    2714 DPushes remaining with DInf 0.0000000e+00              1182s
    2384 DPushes remaining with DInf 0.0000000e+00              1233s
    2094 DPushes remaining with DInf 0.0000000e+00              1281s
    1824 DPushes remaining with DInf 0.0000000e+00              1330s
    1554 DPushes remaining with DInf 0.0000000e+00              1381s
    1294 DPushes remaining with DInf 0.0000000e+00              1434s
    1044 DPushes remaining with DInf 0.0000000e+00              1487s
     794 DPushes remaining with DInf 0.0000000e+00              1543s
     554 DPushes remaining with DInf 0.0000000e+00              1600s
     314 DPushes remaining with DInf 0.0000000e+00              1660s
      74 DPushes remaining with DInf 0.0000000e+00              1722s
       0 DPushes remaining with DInf 0.0000000e+00              1748s

       0 PPushes remaining with PInf 0.0000000e+00              1749s

  Push phase complete: Pinf 0.0000000e+00, Dinf 1.7539753e-09   1749s


Root simplex log...

Iteration    Objective       Primal Inf.    Dual Inf.      Time
    8629    1.2051313e+03   0.000000e+00   0.000000e+00   1769s
Crossover time: 971.79 seconds (1401.22 work units)

Root relaxation: objective 1.205131e+03, 8629 iterations, 1106.09 seconds (1504.63 work units)

    Nodes    |    Current Node    |     Objective Bounds      |     Work
 Expl Unexpl |  Obj  Depth IntInf | Incumbent    BestBd   Gap | It/Node Time

     0     0 1205.13133    0 8616 1586.00000 1205.13133  24.0%     - 1816s
H    0     0                    1436.0000000 1205.13133  16.1%     - 1817s
     0     0 1205.13133    0 8616 1436.00000 1205.13133  16.1%     - 4574s
     0     2 1205.13133    0 8616 1436.00000 1205.13133  16.1%     - 14409s

Explored 1 nodes (8629 simplex iterations) in 14411.90 seconds (31884.20 work units)
Thread count was 32 (of 32 available processors)

Solution count 2: 1436 1586 

Time limit reached
Best objective 1.436000000000e+03, best bound 1.206000000000e+03, gap 16.0167%

User-callback calls 357640, time in user-callback 1.24 sec
