
Gurobi 13.0.2 (linux64) logging started Thu Jul  9 05:39:09 2026

Set parameter LogFile to value "/tmp/sweep_20260709_012313_china_alt260km_s10_i1_v10_gurobi.log"
Set parameter Method to value 1
Set parameter NodefileStart to value 4
Set parameter RINS to value 50
Gurobi Optimizer version 13.0.2 build v13.0.2rc1 (linux64 - "Debian GNU/Linux 13 (trixie)")

CPU model: Intel(R) Xeon(R) Platinum 8375C CPU @ 2.90GHz, instruction set [SSE2|AVX|AVX2|AVX512]
Thread count: 16 physical cores, 32 logical processors, using up to 32 threads

Non-default parameters:
TimeLimit  14400
MIPGap  0.001
Method  1
LPWarmStart  1
Heuristics  0.2
MIPFocus  1
NodefileStart  4
RINS  50
Symmetry  2
Cuts  2
CoverCuts  2
LogToConsole  0

Academic license 2812613 - for non-commercial use only - registered to no___@gatech.edu
Optimize a model with 196014 rows, 10770 columns and 16305062 nonzeros (Min)
Model fingerprint: 0xdf080edf
Model has 10770 linear objective coefficients
Variable types: 0 continuous, 10770 integer (10770 binary)
Coefficient statistics:
  Matrix range     [1e+00, 1e+00]
  Objective range  [1e+00, 1e+00]
  Bounds range     [1e+00, 1e+00]
  RHS range        [1e+01, 1e+01]

Found heuristic solution: objective 2766.0000000
Presolve removed 0 rows and 0 columns (presolve time = 5s)...
Presolve removed 0 rows and 0 columns (presolve time = 10s)...
Presolve removed 0 rows and 0 columns (presolve time = 16s)...
Presolve removed 0 rows and 0 columns (presolve time = 20s)...
Presolve removed 0 rows and 0 columns (presolve time = 27s)...
Presolve time: 28.64s
Presolved: 196014 rows, 10770 columns, 16305062 nonzeros
Variable types: 0 continuous, 10770 integer (10770 binary)

Root simplex log...

Iteration    Objective       Primal Inf.    Dual Inf.      Time
       0   -0.0000000e+00   0.000000e+00   3.890000e+03     36s
      26    2.1240833e+03   0.000000e+00   0.000000e+00     36s
      26    2.1240833e+03   0.000000e+00   0.000000e+00     36s

Use crossover to convert LP symmetric solution to basic solution...

Root crossover log...

       0 DPushes remaining with DInf 0.0000000e+00                38s

      63 PPushes remaining with PInf 0.0000000e+00                38s
       0 PPushes remaining with PInf 0.0000000e+00                38s

  Push phase complete: Pinf 0.0000000e+00, Dinf 5.9100243e-10     38s


Root simplex log...

Iteration    Objective       Primal Inf.    Dual Inf.      Time
      92    2.1240833e+03   0.000000e+00   0.000000e+00     39s
Crossover time: 3.03 seconds (6.76 work units)

Root relaxation: objective 2.124083e+03, 92 iterations, 8.67 seconds (12.44 work units)

    Nodes    |    Current Node    |     Objective Bounds      |     Work
 Expl Unexpl |  Obj  Depth IntInf | Incumbent    BestBd   Gap | It/Node Time

     0     0 2124.08333    0 2872 2766.00000 2124.08333  23.2%     -   42s
H    0     0                    2661.0000000 2124.08333  20.2%     -   42s
H    0     0                    2546.0000000 2124.08333  16.6%     -   45s
H    0     0                    2465.0000000 2124.08333  13.8%     -   45s
H    0     0                    2440.0000000 2124.08333  12.9%     -   45s
H    0     0                    2424.0000000 2124.08333  12.4%     -   46s
H    0     0                    2402.0000000 2124.08333  11.6%     -   46s
H    0     0                    2394.0000000 2124.08333  11.3%     -   46s
H    0     0                    2389.0000000 2124.08333  11.1%     -   46s
H    0     0                    2388.0000000 2124.08333  11.1%     -   46s
H    0     0                    2387.0000000 2124.08333  11.0%     -   47s
H    0     0                    2385.0000000 2124.08333  10.9%     -   47s
H    0     0                    2384.0000000 2124.08333  10.9%     -   47s
H    0     0                    2382.0000000 2124.08333  10.8%     -   48s
H    0     0                    2380.0000000 2124.08333  10.8%     -   48s
H    0     0                    2376.0000000 2124.08333  10.6%     -   49s
H    0     0                    2375.0000000 2124.08333  10.6%     -   53s
H    0     0                    2374.0000000 2124.08333  10.5%     -   58s
H    0     0                    2373.0000000 2124.08333  10.5%     -   59s
H    0     0                    2372.0000000 2124.08333  10.5%     -   59s
H    0     0                    2371.0000000 2124.08333  10.4%     -   61s
H    0     0                    2370.0000000 2124.08333  10.4%     -   63s
     0     0 2124.25000    0 2885 2370.00000 2124.25000  10.4%     -   87s
H    0     0                    2369.0000000 2124.25000  10.3%     -   94s
     0     0 2124.25000    0 2885 2369.00000 2124.25000  10.3%     -  145s
     0     0 2124.25000    0 2885 2369.00000 2124.25000  10.3%     -  192s
H    0     0                    2364.0000000 2124.25000  10.1%     -  284s
H    0     0                    2363.0000000 2124.25000  10.1%     -  287s
H    0     2                    2355.0000000 2124.25000  9.80%     -  524s
     0     2 2124.25000    0 2885 2355.00000 2124.25000  9.80%     -  524s
H    1     4                    2351.0000000 2124.25000  9.64%   0.0  837s
     3     7 2124.45484    2 2894 2351.00000 2124.25000  9.64%  1149 1174s
     6    13 2124.58842    3 2919 2351.00000 2124.25000  9.64%  1181 1555s
H    7    13                    2344.0000000 2124.25000  9.37%  1012 1556s
    10    13 2124.62561    3 2908 2344.00000 2124.25000  9.37%   970 1560s
    11    13 2124.72742    3 2921 2344.00000 2124.25000  9.37%  1003 1565s
H   12    25                    2343.0000000 2124.25000  9.34%   919 1930s
H   12    25                    2342.0000000 2124.25000  9.30%   919 1930s
H   13    25                    2341.0000000 2124.25000  9.26%   925 1930s
    24    41 2124.72376    5 2936 2341.00000 2124.25000  9.26%  1165 3111s
    36    41 2124.88825    5 2964 2341.00000 2124.25000  9.26%  1111 3115s
H   40    57                    2340.0000000 2124.25000  9.22%  1128 3767s
H   41    57                    2337.0000000 2124.25000  9.10%  1169 3767s
H   44    57                    2334.0000000 2124.25000  8.99%  1204 3767s
H   56    74                    2333.0000000 2124.25000  8.95%  1242 4134s
H   56    74                    2330.0000000 2124.25000  8.83%  1242 4134s
H   56    74                    2326.0000000 2124.25000  8.67%  1242 4134s
H   62    74                    2325.0000000 2124.25000  8.63%  1229 4134s
H   63    74                    2322.0000000 2124.25000  8.52%  1234 4134s
H   73   105                    2321.0000000 2124.25000  8.48%  1191 4843s
H   73   105                    2317.0000000 2124.25000  8.32%  1191 4843s
H  104   121                    2314.0000000 2124.25000  8.20%  1288 5318s
   120   137 2125.31454    9 2956 2314.00000 2124.25000  8.20%  1275 5742s
H  121   137                    2304.0000000 2124.25000  7.80%  1265 5742s
H  136   153                    2303.0000000 2124.25000  7.76%  1243 6187s
H  137   153                    2300.0000000 2124.25000  7.64%  1240 6187s
H  152   171                    2298.0000000 2124.25000  7.56%  1273 6621s
H  155   171                    2297.0000000 2124.25000  7.52%  1290 6621s
H  158   171                    2296.0000000 2124.25000  7.48%  1310 6621s
H  170   187                    2295.0000000 2124.25000  7.44%  1381 7062s
H  171   187                    2294.0000000 2124.25000  7.40%  1380 7062s
H  175   187                    2293.0000000 2124.25000  7.36%  1369 7062s
   186   203 2125.73074   12 2985 2293.00000 2124.25000  7.36%  1345 7523s
H  191   203                    2292.0000000 2124.25000  7.32%  1341 7523s
   202   219 2125.65079   12 2979 2292.00000 2124.25000  7.32%  1361 7790s
H  218   235                    2291.0000000 2124.25000  7.28%  1398 8218s
H  227   235                    2290.0000000 2124.25000  7.24%  1397 8218s
   234   251 2125.99741   14 2984 2290.00000 2124.25000  7.24%  1390 8680s
H  236   251                    2289.0000000 2124.25000  7.20%  1387 8680s
H  250   267                    2288.0000000 2124.25000  7.16%  1387 9456s
   266   286 2126.16146   15 2995 2288.00000 2124.25000  7.16%  1390 9897s
H  267   286                    2285.0000000 2124.25000  7.04%  1385 9897s
   285   302 2126.30521   16 2985 2285.00000 2124.25000  7.04%  1413 14401s

Cutting planes:
  MIR: 1
  Flow cover: 156
  Zero half: 145

Explored 301 nodes (423507 simplex iterations) in 14401.87 seconds (30842.76 work units)
Thread count was 32 (of 32 available processors)

Solution count 10: 2285 2288 2289 ... 2296

Time limit reached
Best objective 2.285000000000e+03, best bound 2.125000000000e+03, gap 7.0022%

User-callback calls 2789357, time in user-callback 7.34 sec
