
Gurobi 13.0.2 (linux64) logging started Wed Jul  1 00:53:55 2026

Set parameter LogFile to value "/tmp/sweep_20260701_005042_north-korea_alt400km_s10_i2_v4_gurobi.log"
Set parameter Method to value 1
Set parameter NodefileStart to value 4
Set parameter RINS to value 50
Gurobi Optimizer version 13.0.2 build v13.0.2rc1 (linux64 - "Debian GNU/Linux 13 (trixie)")

CPU model: Intel(R) Xeon(R) Platinum 8375C CPU @ 2.90GHz, instruction set [SSE2|AVX|AVX2|AVX512]
Thread count: 16 physical cores, 32 logical processors, using up to 32 threads

Non-default parameters:
TimeLimit  18000
MIPGap  0.001
Method  1
LPWarmStart  1
Heuristics  0.2
MIPFocus  1
NodefileStart  4
RINS  50
Symmetry  2
Cuts  2
CoverCuts  2
LogToConsole  0

Academic license 2812613 - for non-commercial use only - registered to no___@gatech.edu
Optimize a model with 2872 rows, 21540 columns and 285764 nonzeros (Min)
Model fingerprint: 0x8fd24787
Model has 21540 linear objective coefficients
Variable types: 0 continuous, 21540 integer (21540 binary)
Coefficient statistics:
  Matrix range     [1e+00, 1e+00]
  Objective range  [1e+00, 1e+00]
  Bounds range     [1e+00, 1e+00]
  RHS range        [5e+00, 5e+00]

Found heuristic solution: objective 2132.0000000
Presolve time: 0.21s
Presolved: 2872 rows, 21540 columns, 285764 nonzeros
Variable types: 0 continuous, 21540 integer (21540 binary)
Warning: Markowitz tolerance tightened to 0.03125

Root simplex log...

Iteration    Objective       Primal Inf.    Dual Inf.      Time
   10098    7.4289318e+02   4.258884e+04   0.000000e+00      5s
   14388    7.6474739e+02   3.506541e+03   0.000000e+00     10s
   17548    7.7438867e+02   5.010516e+03   0.000000e+00     15s
   20088    7.7981628e+02   2.616568e+04   0.000000e+00     20s
   22288    7.8347760e+02   9.028418e+03   0.000000e+00     25s
   24238    7.8628294e+02   1.703319e+04   0.000000e+00     30s
   25988    7.8843192e+02   3.909315e+03   0.000000e+00     35s
   27638    7.9051908e+02   2.158138e+04   0.000000e+00     40s
   29238    7.9240791e+02   6.391913e+03   0.000000e+00     45s
   30738    7.9420811e+02   6.039030e+03   0.000000e+00     50s
   32178    7.9518673e+02   8.718819e+03   0.000000e+00     55s
   33568    7.9657776e+02   2.431013e+04   0.000000e+00     60s
   34898    7.9777782e+02   1.830828e+04   0.000000e+00     65s
   36258    7.9777868e+02   2.707250e+04   0.000000e+00     70s
   37648    7.9777885e+02   8.290789e+03   0.000000e+00     75s
   39058    7.9777892e+02   2.237896e+04   0.000000e+00     80s
   40528    7.9777894e+02   3.885347e+02   0.000000e+00     85s
   41541    7.9777778e+02   0.000000e+00   0.000000e+00     88s

Root relaxation: objective 7.977778e+02, 41541 iterations, 88.11 seconds (197.27 work units)

    Nodes    |    Current Node    |     Objective Bounds      |     Work
 Expl Unexpl |  Obj  Depth IntInf | Incumbent    BestBd   Gap | It/Node Time

     0     0  797.77778    0 2871 2132.00000  797.77778  62.6%     -  108s
H    0     0                    1437.0000088  797.77778  44.5%     -  108s
H    0     0                    1436.0000088  797.77778  44.4%     -  108s
H    0     0                    1368.0000000  797.77778  41.7%     -  108s
H    0     0                    1097.0000000  797.77778  27.3%     -  108s
H    0     0                    1020.0000000  797.77778  21.8%     -  108s
H    0     0                    1002.0000000  797.77778  20.4%     -  108s
H    0     0                     980.0000000  797.77778  18.6%     -  108s
H    0     0                     942.0000000  797.77778  15.3%     -  108s
H    0     0                     935.0000000  797.77778  14.7%     -  108s
H    0     0                     932.0000000  797.77778  14.4%     -  109s
H    0     0                     926.0000000  797.77778  13.8%     -  109s
H    0     0                     925.0000000  797.77778  13.8%     -  110s
H    0     0                     922.0000000  797.77778  13.5%     -  110s
H    0     0                     921.0000000  797.77778  13.4%     -  110s
H    0     0                     915.0000000  797.77778  12.8%     -  111s
H    0     0                     914.0000000  797.77778  12.7%     -  112s
H    0     0                     913.0000000  797.77778  12.6%     -  113s
H    0     0                     911.0000000  797.77778  12.4%     -  113s
H    0     0                     910.0000000  797.77778  12.3%     -  116s
H    0     0                     909.0000000  797.77778  12.2%     -  117s
H    0     0                     907.0000000  797.77778  12.0%     -  117s
H    0     0                     906.0000000  797.77778  11.9%     -  121s
H    0     0                     905.0000000  797.77778  11.8%     -  121s
H    0     0                     904.0000000  797.77778  11.8%     -  123s
H    0     0                     902.0000000  797.77778  11.6%     -  124s
H    0     0                     898.0000000  797.77778  11.2%     -  124s
H    0     0                     895.0000000  797.77778  10.9%     -  124s
H    0     0                     894.0000000  797.77778  10.8%     -  124s
H    0     0                     893.0000000  797.77778  10.7%     -  125s
H    0     0                     892.0000000  797.77778  10.6%     -  125s
H    0     0                     888.0000000  797.77778  10.2%     -  125s
H    0     0                     887.0000000  797.77778  10.1%     -  125s
H    0     0                     886.0000000  797.77778  10.0%     -  125s
H    0     0                     884.0000000  797.77778  9.75%     -  125s
H    0     0                     882.0000000  797.77778  9.55%     -  126s
H    0     0                     881.0000000  797.77778  9.45%     -  126s
H    0     0                     877.0000000  797.77778  9.03%     -  126s
H    0     0                     876.0000000  797.77778  8.93%     -  127s
H    0     0                     874.0000000  797.77778  8.72%     -  127s
H    0     0                     873.0000000  797.77778  8.62%     -  128s
H    0     0                     872.0000000  797.77778  8.51%     -  128s
H    0     0                     871.0000000  797.77778  8.41%     -  131s
H    0     0                     870.0000000  797.77778  8.30%     -  185s
     0     0  797.77778    0 2871  870.00000  797.77778  8.30%     -  241s
     0     0  797.77778    0 2871  870.00000  797.77778  8.30%     -  271s
H    0     0                     869.0000000  797.77778  8.20%     -  421s
H    0     0                     868.0000000  797.77778  8.09%     -  425s
H    0     0                     866.0000000  797.77778  7.88%     -  429s
H    0     0                     864.0000000  797.77778  7.66%     -  433s
H    0     0                     863.0000000  797.77778  7.56%     -  437s
H    0     0                     862.0000000  797.77778  7.45%     -  454s
H    0     0                     861.0000000  797.77778  7.34%     -  461s
H    0     0                     860.0000000  797.77778  7.24%     -  483s
H    0     0                     859.0000000  797.77778  7.13%     -  491s
     0     2  797.77778    0 2871  859.00000  797.77778  7.13%     -  565s
     1     3  797.77778    1 2872  859.00000  797.77778  7.13%   246  605s
     2     5  797.77778    2 2872  859.00000  797.77778  7.13%   238  650s
     4    10  797.77778    3 2872  859.00000  797.77778  7.13%   197  716s
     9    19  797.77778    4 2872  859.00000  797.77778  7.13%   182  786s
    18    35  797.77778    5 2872  859.00000  797.77778  7.13%   182  863s
H   34    36                     858.0000000  797.77778  7.02%   251  940s
    35    38  798.18515    5 2866  858.00000  797.77778  7.02%   248 1044s
    37    52  798.24129    6 2866  858.00000  797.77778  7.02%   235 1166s
    40    52  797.77778    6 2872  858.00000  797.77778  7.02%   453 1174s
    41    52  797.77778    6 2872  858.00000  797.77778  7.02%   724 1177s
    43    52  797.77778    6 2872  858.00000  797.77778  7.02%  1136 1183s
    45    52  797.77778    6 2872  858.00000  797.77778  7.02%  1597 1189s
H   46    52                     856.0000000  797.77778  6.80%  1562 1189s
    47    52  797.77778    6 2872  856.00000  797.77778  6.80%  1786 1192s
    51    68  798.30670    7 2866  856.00000  797.77778  6.80%  2273 1318s
    66    68  798.39618    7 2861  856.00000  797.77778  6.80%  1831 1324s
    68    69  797.77778    6 2871  856.00000  797.77778  6.80%  1777 1592s
    70    70  797.77778    7 2871  856.00000  797.77778  6.80%  1726 1881s
    71    71  798.31034    8 2871  856.00000  797.77778  6.80%  1702 1947s
H   71    67                     855.0000000  797.83333  6.69%  1702 2429s
H   71    63                     854.0000000  797.83333  6.58%  1702 2488s
H   71    60                     853.0000000  797.83333  6.47%  1702 2499s
    72    61  797.83333    7 2871  853.00000  797.83333  6.47%  1678 2517s
H   73    59                     852.0000000  797.83333  6.36%  2465 2637s
    74    60  797.83333    7 2871  852.00000  797.83333  6.36%  2431 2892s
    76    61  797.83333    8 2871  852.00000  797.83333  6.36%  2367 3188s
    77    62  797.83333    8 2871  852.00000  797.83333  6.36%  2337 3256s
H   77    58                     851.0000000  797.83333  6.25%  2337 3800s
    78    59  798.15381    8 2871  851.00000  797.83333  6.25%  2307 3888s
    80    61  798.03018    4 2871  851.00000  797.83333  6.25%  2991 4314s
    82    62  797.83333    6 2871  851.00000  797.83333  6.25%  2918 4603s
    83    63  797.83333    6 2871  851.00000  797.83333  6.25%  2883 4668s
    84    64  797.83333    8 2871  851.00000  797.83333  6.25%  2848 5392s
    86    66  798.32505    8 2871  851.00000  797.83333  6.25%  3465 5499s
    88    67  797.83333    6 2871  851.00000  797.83333  6.25%  3386 5794s
    89    68  797.83333    6 2871  851.00000  797.83333  6.25%  3348 5860s
    90    69  797.83333    7 2871  851.00000  797.83333  6.25%  3311 6620s
    92    71  797.83333    8 2871  851.00000  797.83333  6.25%  3878 6728s
    94    72  797.83333    6 2871  851.00000  797.83333  6.25%  3795 7023s
    95    73  798.36178    8 2871  851.00000  797.83333  6.25%  3755 7092s
H   95    69                     850.0000000  797.83333  6.14%  3755 7699s
H   95    65                     849.0000000  797.83333  6.03%  3755 7721s
H   95    62                     848.0000000  797.83333  5.92%  3755 7729s
    96    63  797.96641    3 2871  848.00000  797.83333  5.92%  3716 7905s
    98    65  797.83333    6 2871  848.00000  797.83333  5.92%  4240 8012s
   100    66  798.38222    8 2871  848.00000  797.83333  5.92%  4155 8308s
   101    67  797.83333    6 2871  848.00000  797.83333  5.92%  4114 8372s
H  101    63                     847.0000000  797.83333  5.80%  4114 9069s
   102    64  797.83333    6 2871  847.00000  797.83333  5.80%  4073 9250s
   104    66  798.34845    8 2871  847.00000  797.83333  5.80%  4554 9354s
   106    67  798.18450    8 2871  847.00000  797.83333  5.80%  4468 9646s
   107    68  797.83333    7 2871  847.00000  797.83333  5.80%  4426 9712s
H  107    64                     846.0000000  797.83333  5.69%  4426 10438s
H  107    61                     845.0000000  797.83333  5.58%  4426 10541s
   108    62  798.34845    8 2871  845.00000  797.83333  5.58%  4385 10624s
   110    64  798.31034    8 2871  845.00000  797.83333  5.58%  4840 11334s
   112    65  797.83333    5 2871  845.00000  797.83333  5.58%  4753 11624s
   113    66  797.83333    8 2871  845.00000  797.83333  5.58%  4711 11690s
H  113    62                     844.0000000  797.83333  5.47%  4711 12217s
   114    63  797.83333    8 2871  844.00000  797.83333  5.47%  4670 12634s
   116    65  797.83333    7 2871  844.00000  797.83333  5.47%  5091 12741s
   118    66  797.83333    6 2871  844.00000  797.83333  5.47%  5005 13035s
   119    67  798.18450    8 2871  844.00000  797.83333  5.47%  4963 13103s
   120    68  798.36178    8 2871  844.00000  797.83333  5.47%  4921 14091s
   122    70  797.83333    6 2871  844.00000  797.83333  5.47%  5320 14197s
   124    71  797.83333    7 2871  844.00000  797.83333  5.47%  5234 14490s
   125    72  797.83333    7 2871  844.00000  797.83333  5.47%  5193 14556s
   126    73  798.32717    7 2871  844.00000  797.83333  5.47%  5151 15560s
   128    75  797.83333    8 2871  844.00000  797.83333  5.47%  5528 15665s
   130    76  797.83333    8 2871  844.00000  797.83333  5.47%  5443 15958s
   131    77  797.83333    7 2871  844.00000  797.83333  5.47%  5401 16027s
   132    78  797.83333    6 2871  844.00000  797.83333  5.47%  5361 17022s
   134    80  797.83333    7 2871  844.00000  797.83333  5.47%  5717 17128s
   136    81  798.25909    8 2871  844.00000  797.83333  5.47%  5633 17424s
   137    82  797.83333    7 2871  844.00000  797.83333  5.47%  5592 17490s

Explored 137 nodes (883608 simplex iterations) in 18000.23 seconds (32888.33 work units)
Thread count was 32 (of 32 available processors)

Solution count 10: 844 845 846 ... 853

Time limit reached
Best objective 8.440000000000e+02, best bound 7.980000000000e+02, gap 5.4502%

User-callback calls 2391402, time in user-callback 7.29 sec
