
Gurobi 13.0.2 (linux64) logging started Tue Jun 23 04:20:32 2026

Set parameter LogFile to value "/tmp/sweep_20260623_041454_china_alt400km_s10_i2_v10_gurobi.log"
Set parameter Method to value 1
Set parameter NodefileStart to value 4
Set parameter RINS to value 50
Gurobi Optimizer version 13.0.2 build v13.0.2rc1 (linux64 - "Debian GNU/Linux 13 (trixie)")

CPU model: Intel(R) Xeon(R) Platinum 8375C CPU @ 2.90GHz, instruction set [SSE2|AVX|AVX2|AVX512]
Thread count: 16 physical cores, 32 logical processors, using up to 32 threads

Non-default parameters:
TimeLimit  21600
MIPGap  0.01
Method  1
LPWarmStart  1
Heuristics  0.2
MIPFocus  1
NodefileStart  4
RINS  50
Symmetry  2
Cuts  2
CoverCuts  2
LogToConsole  0

Academic license 2812613 - for non-commercial use only - registered to no___@gatech.edu
Optimize a model with 392028 rows, 35900 columns and 160824820 nonzeros (Min)
Model fingerprint: 0x4e45a2bf
Model has 35900 linear objective coefficients
Variable types: 0 continuous, 35900 integer (35900 binary)
Coefficient statistics:
  Matrix range     [1e+00, 1e+00]
  Objective range  [1e+00, 1e+00]
  Bounds range     [1e+00, 1e+00]
  RHS range        [5e+00, 5e+00]

Found heuristic solution: objective 1096.0000000
Presolve removed 0 rows and 0 columns (presolve time = 6s)...
Presolve removed 0 rows and 0 columns (presolve time = 18s)...
Presolve removed 0 rows and 0 columns (presolve time = 21s)...
Presolve removed 0 rows and 0 columns (presolve time = 33s)...
Presolve removed 0 rows and 0 columns (presolve time = 43s)...
Presolve removed 0 rows and 0 columns (presolve time = 55s)...
Presolve removed 0 rows and 0 columns (presolve time = 72s)...
Presolve removed 0 rows and 0 columns (presolve time = 91s)...
Presolve removed 0 rows and 0 columns (presolve time = 95s)...
Presolve removed 0 rows and 0 columns (presolve time = 100s)...
Presolve removed 0 rows and 0 columns (presolve time = 105s)...
Presolve removed 0 rows and 0 columns (presolve time = 110s)...
Presolve removed 0 rows and 0 columns (presolve time = 134s)...
Presolve removed 0 rows and 0 columns (presolve time = 147s)...
Presolve removed 0 rows and 0 columns (presolve time = 160s)...
Presolve removed 0 rows and 0 columns (presolve time = 171s)...
Presolve removed 0 rows and 0 columns (presolve time = 175s)...
Presolve removed 0 rows and 0 columns (presolve time = 180s)...
Presolve removed 0 rows and 0 columns (presolve time = 187s)...
Presolve removed 0 rows and 0 columns (presolve time = 203s)...
Presolve removed 0 rows and 0 columns (presolve time = 205s)...
Presolve removed 0 rows and 0 columns (presolve time = 210s)...
Presolve removed 0 rows and 0 columns (presolve time = 216s)...
Presolve removed 0 rows and 0 columns (presolve time = 230s)...
Presolve removed 0 rows and 0 columns (presolve time = 235s)...
Presolve removed 0 rows and 0 columns (presolve time = 240s)...
Presolve removed 0 rows and 0 columns (presolve time = 245s)...
Presolve removed 0 rows and 0 columns (presolve time = 250s)...
Presolve removed 0 rows and 0 columns (presolve time = 255s)...
Presolve removed 0 rows and 0 columns (presolve time = 260s)...
Presolve removed 0 rows and 0 columns (presolve time = 265s)...
Presolve removed 0 rows and 0 columns (presolve time = 270s)...
Presolve removed 0 rows and 0 columns (presolve time = 275s)...
Presolve removed 0 rows and 0 columns (presolve time = 280s)...
Presolve removed 0 rows and 0 columns (presolve time = 285s)...
Presolve removed 0 rows and 0 columns (presolve time = 305s)...
Presolve removed 0 rows and 0 columns (presolve time = 310s)...
Presolve removed 0 rows and 0 columns (presolve time = 337s)...
Presolve removed 0 rows and 0 columns (presolve time = 355s)...
Presolve time: 354.69s
Presolved: 392028 rows, 35900 columns, 160824820 nonzeros
Variable types: 0 continuous, 35900 integer (35900 binary)

Root simplex log...

Iteration    Objective       Primal Inf.    Dual Inf.      Time
       0   -0.0000000e+00   0.000000e+00   3.412500e+02    433s
      34    5.5929347e+02   0.000000e+00   0.000000e+00    433s
      34    5.5929347e+02   0.000000e+00   0.000000e+00    433s

Use crossover to convert LP symmetric solution to basic solution...

Root crossover log...

  381976 variables added to crossover basis                      442s
  385996 variables added to crossover basis                      445s
  388156 variables added to crossover basis                      450s
  389536 variables added to crossover basis                      455s
  390316 variables added to crossover basis                      460s
  391006 variables added to crossover basis                      465s
  391576 variables added to crossover basis                      470s

       0 DPushes remaining with DInf 0.0000000e+00               481s

       0 PPushes remaining with PInf 0.0000000e+00               482s

  Push phase complete: Pinf 0.0000000e+00, Dinf 1.8728266e-09    482s


Root simplex log...

Iteration    Objective       Primal Inf.    Dual Inf.      Time
      37    5.5929347e+02   0.000000e+00   0.000000e+00    495s
Crossover time: 61.42 seconds (90.28 work units)

Root relaxation: objective 5.592935e+02, 37 iterations, 125.50 seconds (148.73 work units)

    Nodes    |    Current Node    |     Objective Bounds      |     Work
 Expl Unexpl |  Obj  Depth IntInf | Incumbent    BestBd   Gap | It/Node Time

     0     0  559.29347    0 10052 1096.00000  559.29347  49.0%     -  514s
H    0     0                    1095.0000000  559.29347  48.9%     -  516s
H    0     0                     988.0000000  559.29347  43.4%     -  672s
     0     0  559.29347    0 10052  988.00000  559.29347  43.4%     - 1509s
H    0     2                     959.0000000  559.29347  41.7%     - 7521s
     0     2  559.29347    0 10052  959.00000  559.29347  41.7%     - 7521s

Explored 1 nodes (37 simplex iterations) in 21601.92 seconds (76412.07 work units)
Thread count was 32 (of 32 available processors)

Solution count 4: 959 988 1095 1096 

Time limit reached
Best objective 9.590000000000e+02, best bound 5.600000000000e+02, gap 41.6058%

User-callback calls 199130, time in user-callback 0.62 sec
