
Gurobi 13.0.2 (linux64) logging started Sat Jun 27 02:59:55 2026

Set parameter LogFile to value "/tmp/sweep_20260626_235454_china_alt260km_s10_i1_v10_gurobi.log"
Set parameter Method to value 1
Set parameter NodefileStart to value 4
Set parameter RINS to value 50
Gurobi Optimizer version 13.0.2 build v13.0.2rc1 (linux64 - "Debian GNU/Linux 13 (trixie)")

CPU model: Intel(R) Xeon(R) Platinum 8375C CPU @ 2.90GHz, instruction set [SSE2|AVX|AVX2|AVX512]
Thread count: 16 physical cores, 32 logical processors, using up to 32 threads

Non-default parameters:
TimeLimit  10800
MIPGap  0.01
Method  1
LPWarmStart  1
Heuristics  0.2
MIPFocus  1
NodefileStart  4
RINS  50
Symmetry  2
Cuts  2
CoverCuts  2
LogToConsole  0

Academic license 2812613 - for non-commercial use only - registered to no___@gatech.edu
Optimize a model with 196014 rows, 17950 columns and 25022300 nonzeros (Min)
Model fingerprint: 0xf31d0b9c
Model has 17950 linear objective coefficients
Variable types: 0 continuous, 17950 integer (17950 binary)
Coefficient statistics:
  Matrix range     [1e+00, 1e+00]
  Objective range  [1e+00, 1e+00]
  Bounds range     [1e+00, 1e+00]
  RHS range        [1e+01, 1e+01]

Found heuristic solution: objective 2512.0000000
Presolve removed 0 rows and 0 columns (presolve time = 5s)...
Presolve removed 0 rows and 0 columns (presolve time = 12s)...
Presolve removed 0 rows and 0 columns (presolve time = 16s)...
Presolve removed 0 rows and 0 columns (presolve time = 20s)...
Presolve removed 0 rows and 0 columns (presolve time = 25s)...
Presolve removed 0 rows and 0 columns (presolve time = 33s)...
Presolve removed 0 rows and 0 columns (presolve time = 36s)...
Presolve removed 0 rows and 0 columns (presolve time = 43s)...
Presolve removed 0 rows and 0 columns (presolve time = 45s)...
Presolve removed 0 rows and 0 columns (presolve time = 52s)...
Presolve removed 0 rows and 0 columns (presolve time = 56s)...
Presolve removed 0 rows and 0 columns (presolve time = 60s)...
Presolve removed 0 rows and 0 columns (presolve time = 65s)...
Presolve removed 0 rows and 0 columns (presolve time = 70s)...
Presolve removed 0 rows and 0 columns (presolve time = 75s)...
Presolve removed 0 rows and 0 columns (presolve time = 82s)...
Presolve removed 0 rows and 0 columns (presolve time = 88s)...
Presolve time: 87.53s
Presolved: 196014 rows, 17950 columns, 25022300 nonzeros
Variable types: 0 continuous, 17950 integer (17950 binary)

Root simplex log...

Iteration    Objective       Primal Inf.    Dual Inf.      Time
       0   -0.0000000e+00   0.000000e+00   3.140000e+03    107s
      41    1.7630415e+03   0.000000e+00   0.000000e+00    107s
      41    1.7630415e+03   0.000000e+00   0.000000e+00    107s

Use crossover to convert LP symmetric solution to basic solution...

Root crossover log...

  185962 variables added to crossover basis                      112s
  190132 variables added to crossover basis                      115s
  191032 variables added to crossover basis                      120s
  191782 variables added to crossover basis                      125s
  192412 variables added to crossover basis                      130s
  193042 variables added to crossover basis                      135s
  193582 variables added to crossover basis                      140s
  194002 variables added to crossover basis                      145s
  194362 variables added to crossover basis                      150s
  194692 variables added to crossover basis                      155s
  195022 variables added to crossover basis                      160s
  195322 variables added to crossover basis                      165s
  195622 variables added to crossover basis                      170s
  195922 variables added to crossover basis                      175s

       0 DPushes remaining with DInf 0.0000000e+00               188s

       0 PPushes remaining with PInf 0.0000000e+00               189s

  Push phase complete: Pinf 0.0000000e+00, Dinf 2.4199769e-09    189s


Root simplex log...

Iteration    Objective       Primal Inf.    Dual Inf.      Time
      44    1.7630415e+03   0.000000e+00   0.000000e+00    200s
Crossover time: 91.81 seconds (88.85 work units)

Root relaxation: objective 1.763041e+03, 44 iterations, 108.64 seconds (97.64 work units)

    Nodes    |    Current Node    |     Objective Bounds      |     Work
 Expl Unexpl |  Obj  Depth IntInf | Incumbent    BestBd   Gap | It/Node Time

     0     0 1763.04148    0 10052 2512.00000 1763.04148  29.8%     -  220s
H    0     0                    2511.0000000 1763.04148  29.8%     -  221s
H    0     0                    2507.0000000 1763.04148  29.7%     -  248s
H    0     0                    2489.0000000 1763.04148  29.2%     -  248s
H    0     0                    2488.0000000 1763.04148  29.1%     -  249s
H    0     0                    2487.0000000 1763.04148  29.1%     -  249s
H    0     0                    2485.0000000 1763.04148  29.1%     -  262s
H    0     0                    2484.0000000 1763.04148  29.0%     -  262s
H    0     0                    2482.0000000 1763.04148  29.0%     -  273s
H    0     0                    2480.0000000 1763.04148  28.9%     -  274s
H    0     0                    2477.0000000 1763.04148  28.8%     -  296s
H    0     0                    2476.0000000 1763.04148  28.8%     -  306s
H    0     0                    2475.0000000 1763.04148  28.8%     -  306s
H    0     0                    2468.0000000 1763.04148  28.6%     -  316s
H    0     0                    2466.0000000 1763.04148  28.5%     -  316s
H    0     0                    2400.0000000 1763.04148  26.5%     -  391s
H    0     0                    2381.0000000 1763.04148  26.0%     -  392s
H    0     0                    2331.0000000 1763.04148  24.4%     -  392s
H    0     0                    2326.0000000 1763.04148  24.2%     -  392s
H    0     0                    2319.0000000 1763.04148  24.0%     -  392s
H    0     0                    2317.0000000 1763.04148  23.9%     -  392s
H    0     0                    2316.0000000 1763.04148  23.9%     -  397s
H    0     0                    2314.0000000 1763.04148  23.8%     -  408s
H    0     0                    2313.0000000 1763.04148  23.8%     -  411s
H    0     0                    2304.0000000 1763.04148  23.5%     -  415s
H    0     0                    2302.0000000 1763.04148  23.4%     -  451s
H    0     0                    2301.0000000 1763.04148  23.4%     -  457s
H    0     0                    2300.0000000 1763.04148  23.3%     -  457s
H    0     0                    2298.0000000 1763.04148  23.3%     -  463s
H    0     0                    2297.0000000 1763.04148  23.2%     -  466s
H    0     0                    2296.0000000 1763.04148  23.2%     -  473s
H    0     0                    2295.0000000 1763.04148  23.2%     -  477s
     0     0 1763.04148    0 10052 2295.00000 1763.04148  23.2%     - 1553s
H    0     0                    2294.0000000 1763.04148  23.1%     - 4012s
H    0     0                    2293.0000000 1763.04148  23.1%     - 4013s
H    0     0                    2292.0000000 1763.04148  23.1%     - 4014s
H    0     0                    2291.0000000 1763.04148  23.0%     - 4017s
H    0     0                    2289.0000000 1763.04148  23.0%     - 4018s
H    0     2                    2286.0000000 1763.04148  22.9%     - 4171s
     0     2 1763.04148    0 10052 2286.00000 1763.04148  22.9%     - 4171s

Explored 1 nodes (44 simplex iterations) in 10800.55 seconds (23754.18 work units)
Thread count was 32 (of 32 available processors)

Solution count 10: 2286 2289 2291 ... 2298

Time limit reached
Best objective 2.286000000000e+03, best bound 1.764000000000e+03, gap 22.8346%

User-callback calls 208818, time in user-callback 0.90 sec
