
Gurobi 13.0.2 (linux64) logging started Sat Jul 11 06:13:56 2026

Set parameter LogFile to value "/tmp/sweep_20260709_012313_china_alt400km_s20_i2_v5_gurobi.log"
Set parameter Method to value 1
Set parameter NodefileStart to value 4
Set parameter RINS to value 50
Gurobi Optimizer version 13.0.2 build v13.0.2rc1 (linux64 - "Debian GNU/Linux 13 (trixie)")

CPU model: Intel(R) Xeon(R) Platinum 8375C CPU @ 2.90GHz, instruction set [SSE2|AVX|AVX2|AVX512]
Thread count: 16 physical cores, 32 logical processors, using up to 32 threads

Non-default parameters:
TimeLimit  14400
MIPGap  0.001
Method  1
LPWarmStart  1
Heuristics  0.2
MIPFocus  1
NodefileStart  4
RINS  50
Symmetry  2
Cuts  2
CoverCuts  2
LogToConsole  0

Academic license 2812613 - for non-commercial use only - registered to no___@gatech.edu
Optimize a model with 392028 rows, 28720 columns and 48640192 nonzeros (Min)
Model fingerprint: 0xb9e8ad1b
Model has 28720 linear objective coefficients
Variable types: 0 continuous, 28720 integer (28720 binary)
Coefficient statistics:
  Matrix range     [1e+00, 1e+00]
  Objective range  [1e+00, 1e+00]
  Bounds range     [1e+00, 1e+00]
  RHS range        [1e+01, 1e+01]

Found heuristic solution: objective 4902.0000000
Presolve removed 0 rows and 0 columns (presolve time = 6s)...
Presolve removed 0 rows and 0 columns (presolve time = 11s)...
Presolve removed 0 rows and 0 columns (presolve time = 15s)...
Presolve removed 0 rows and 0 columns (presolve time = 25s)...
Presolve removed 0 rows and 0 columns (presolve time = 30s)...
Presolve removed 0 rows and 0 columns (presolve time = 40s)...
Presolve removed 0 rows and 0 columns (presolve time = 45s)...
Presolve removed 0 rows and 0 columns (presolve time = 49s)...
Presolve removed 0 rows and 0 columns (presolve time = 53s)...
Presolve removed 0 rows and 0 columns (presolve time = 55s)...
Presolve removed 0 rows and 0 columns (presolve time = 64s)...
Presolve removed 0 rows and 0 columns (presolve time = 65s)...
Presolve removed 0 rows and 0 columns (presolve time = 73s)...
Presolve removed 0 rows and 0 columns (presolve time = 75s)...
Presolve removed 0 rows and 0 columns (presolve time = 80s)...
Presolve removed 0 rows and 0 columns (presolve time = 85s)...
Presolve removed 0 rows and 0 columns (presolve time = 93s)...
Presolve removed 0 rows and 0 columns (presolve time = 102s)...
Presolve removed 0 rows and 0 columns (presolve time = 108s)...
Presolve time: 108.31s
Presolved: 392028 rows, 28720 columns, 48640192 nonzeros
Variable types: 0 continuous, 28720 integer (28720 binary)

Root simplex log...

Iteration    Objective       Primal Inf.    Dual Inf.      Time
       0   -0.0000000e+00   0.000000e+00   3.070000e+03    133s
      47    3.3130558e+03   0.000000e+00   0.000000e+00    133s
      47    3.3130558e+03   0.000000e+00   0.000000e+00    133s

Use crossover to convert LP symmetric solution to basic solution...

Root crossover log...

  385730 variables added to crossover basis                      140s
  387680 variables added to crossover basis                      145s
  389540 variables added to crossover basis                      150s
  390560 variables added to crossover basis                      155s
  391310 variables added to crossover basis                      160s
  392000 variables added to crossover basis                      165s

       0 DPushes remaining with DInf 0.0000000e+00               171s

       0 PPushes remaining with PInf 0.0000000e+00               172s

  Push phase complete: Pinf 0.0000000e+00, Dinf 3.9128400e-09    172s


Root simplex log...

Iteration    Objective       Primal Inf.    Dual Inf.      Time
      50    3.3130558e+03   0.000000e+00   0.000000e+00    178s
Crossover time: 44.82 seconds (75.00 work units)

Root relaxation: objective 3.313056e+03, 50 iterations, 65.28 seconds (92.33 work units)

    Nodes    |    Current Node    |     Objective Bounds      |     Work
 Expl Unexpl |  Obj  Depth IntInf | Incumbent    BestBd   Gap | It/Node Time

     0     0 3313.05581    0 10052 4902.00000 3313.05581  32.4%     -  193s
H    0     0                    4308.0000000 3313.05581  23.1%     -  194s
H    0     0                    4284.0000000 3313.05581  22.7%     -  207s
H    0     0                    4273.0000000 3313.05581  22.5%     -  207s
H    0     0                    4272.0000000 3313.05581  22.4%     -  207s
H    0     0                    4268.0000000 3313.05581  22.4%     -  207s
H    0     0                    4264.0000000 3313.05581  22.3%     -  207s
H    0     0                    4259.0000000 3313.05581  22.2%     -  210s
H    0     0                    4257.0000000 3313.05581  22.2%     -  210s
H    0     0                    4254.0000000 3313.05581  22.1%     -  212s
H    0     0                    4253.0000000 3313.05581  22.1%     -  212s
H    0     0                    4248.0000000 3313.05581  22.0%     -  213s
H    0     0                    4245.0000000 3313.05581  22.0%     -  213s
H    0     0                    4242.0000000 3313.05581  21.9%     -  218s
H    0     0                    4241.0000000 3313.05581  21.9%     -  219s
H    0     0                    4239.0000000 3313.05581  21.8%     -  219s
H    0     0                    4238.0000000 3313.05581  21.8%     -  220s
H    0     0                    4236.0000000 3313.05581  21.8%     -  220s
H    0     0                    4235.0000000 3313.05581  21.8%     -  221s
H    0     0                    4234.0000000 3313.05581  21.8%     -  221s
H    0     0                    4233.0000000 3313.05581  21.7%     -  222s
H    0     0                    4232.0000000 3313.05581  21.7%     -  222s
H    0     0                    4231.0000000 3313.05581  21.7%     -  223s
H    0     0                    4230.0000000 3313.05581  21.7%     -  225s
H    0     0                    4229.0000000 3313.05581  21.7%     -  226s
H    0     0                    4226.0000000 3313.05581  21.6%     -  232s
     0     0 3313.05581    0 10052 4226.00000 3313.05581  21.6%     -  783s
     0     2 3313.05581    0 10052 4226.00000 3313.05581  21.6%     - 2129s

Explored 1 nodes (50 simplex iterations) in 14400.84 seconds (54605.03 work units)
Thread count was 32 (of 32 available processors)

Solution count 10: 4226 4229 4230 ... 4238

Time limit reached
Best objective 4.226000000000e+03, best bound 3.314000000000e+03, gap 21.5807%

User-callback calls 131384, time in user-callback 0.37 sec
