
Gurobi 13.0.2 (linux64) logging started Sun Jul 19 02:11:43 2026

Set parameter LogFile to value "/tmp/sweep_20260716_013919_north-korea_alt400km_s100_i4_v10_gurobi.log"
Set parameter Method to value 1
Set parameter NodefileStart to value 4
Set parameter RINS to value 50
Gurobi Optimizer version 13.0.2 build v13.0.2rc1 (linux64 - "Debian GNU/Linux 13 (trixie)")

CPU model: Intel(R) Xeon(R) Platinum 8375C CPU @ 2.90GHz, instruction set [SSE2|AVX|AVX2|AVX512]
Thread count: 16 physical cores, 32 logical processors, using up to 32 threads

Non-default parameters:
TimeLimit  14400
MIPGap  0.001
Method  1
LPWarmStart  1
Heuristics  0.2
MIPFocus  1
NodefileStart  4
RINS  50
Symmetry  2
Cuts  2
CoverCuts  2
LogToConsole  0

Academic license 2812613 - for non-commercial use only - registered to no___@gatech.edu
Optimize a model with 2872 rows, 57440 columns and 1917060 nonzeros (Min)
Model fingerprint: 0x949a8154
Model has 57440 linear objective coefficients
Variable types: 0 continuous, 57440 integer (57440 binary)
Coefficient statistics:
  Matrix range     [1e+00, 1e+00]
  Objective range  [1e+00, 1e+00]
  Bounds range     [1e+00, 1e+00]
  RHS range        [2e+01, 2e+01]

Found heuristic solution: objective 3359.0000000
Presolve removed 0 rows and 1436 columns
Presolve time: 3.40s
Presolved: 2872 rows, 56004 columns, 1876852 nonzeros
Variable types: 0 continuous, 56004 integer (54568 binary)

Root simplex log...

Iteration    Objective       Primal Inf.    Dual Inf.      Time
    2685    1.2709854e+03   7.939051e+04   0.000000e+00      5s
    5826    1.3831177e+03   2.309659e+04   0.000000e+00     10s
    7846    1.4100209e+03   1.791604e+04   0.000000e+00     15s
    9396    1.4224830e+03   2.809133e+04   0.000000e+00     20s
   10646    1.4312587e+03   1.230252e+04   0.000000e+00     25s
   11826    1.4376280e+03   1.984030e+04   0.000000e+00     30s
   12806    1.4418501e+03   1.760436e+04   0.000000e+00     35s
   13726    1.4456202e+03   9.059326e+03   0.000000e+00     40s
   14616    1.4487807e+03   2.333634e+04   0.000000e+00     45s
   15396    1.4513566e+03   9.862263e+03   0.000000e+00     50s
   16206    1.4534205e+03   1.078131e+04   0.000000e+00     55s
   16886    1.4551194e+03   8.923503e+03   0.000000e+00     60s
   17576    1.4568874e+03   8.584795e+03   0.000000e+00     65s
   18256    1.4582402e+03   1.674034e+04   0.000000e+00     70s
   18936    1.4595426e+03   1.455567e+04   0.000000e+00     75s
   19616    1.4607231e+03   8.672637e+03   0.000000e+00     80s
   20296    1.4617980e+03   8.101214e+03   0.000000e+00     85s
   20976    1.4627578e+03   9.499093e+03   0.000000e+00     90s
   21616    1.4636319e+03   8.788415e+03   0.000000e+00     95s
   22256    1.4644832e+03   6.162843e+03   0.000000e+00    100s
   22896    1.4650742e+03   1.101645e+04   0.000000e+00    105s
   23536    1.4658215e+03   9.850654e+03   0.000000e+00    110s
   24096    1.4664497e+03   5.421189e+03   0.000000e+00    115s
   24696    1.4670868e+03   1.007334e+04   0.000000e+00    120s
   25296    1.4676628e+03   1.449146e+04   0.000000e+00    125s
   25856    1.4681435e+03   9.692156e+03   0.000000e+00    130s
   26456    1.4686108e+03   1.472224e+04   0.000000e+00    135s
   27016    1.4690680e+03   1.048707e+04   0.000000e+00    140s
   27576    1.4695298e+03   5.120012e+03   0.000000e+00    145s
   28096    1.4698856e+03   8.487697e+03   0.000000e+00    150s
   28616    1.4702996e+03   1.955830e+04   0.000000e+00    155s
   29176    1.4706887e+03   1.494088e+04   0.000000e+00    160s
   29696    1.4709914e+03   1.453159e+04   0.000000e+00    165s
   30176    1.4712694e+03   6.170365e+04   0.000000e+00    170s
   30696    1.4715442e+03   4.493676e+03   0.000000e+00    175s
   31216    1.4717990e+03   5.931825e+03   0.000000e+00    180s
   31696    1.4719998e+03   1.085919e+04   0.000000e+00    185s
   32176    1.4721893e+03   6.223050e+03   0.000000e+00    190s
   32696    1.4723624e+03   5.842749e+03   0.000000e+00    195s
   33136    1.4724945e+03   9.735577e+03   0.000000e+00    200s
   33576    1.4726072e+03   3.386449e+03   0.000000e+00    205s
   34016    1.4726967e+03   3.738552e+03   0.000000e+00    210s
   34496    1.4727988e+03   3.904132e+03   0.000000e+00    215s
   34896    1.4728616e+03   1.018530e+04   0.000000e+00    220s
   35385    1.4729348e+03   2.663921e+03   0.000000e+00    226s
   35839    1.4730067e+03   2.599359e+03   0.000000e+00    231s
   36252    1.4730648e+03   5.837630e+03   0.000000e+00    235s
   36738    1.4731401e+03   3.260558e+03   0.000000e+00    241s
   37165    1.4732125e+03   2.120732e+03   0.000000e+00    245s
   37631    1.4732894e+03   1.665060e+04   0.000000e+00    250s
   38083    1.4733883e+03   7.348690e+03   0.000000e+00    255s
   38545    1.4734895e+03   1.590473e+04   0.000000e+00    260s
   39011    1.4735981e+03   1.019736e+04   0.000000e+00    265s
   39477    1.4737154e+03   2.530400e+03   0.000000e+00    270s
   39939    1.4738863e+03   5.770800e+03   0.000000e+00    275s
   40399    1.4741278e+03   8.800924e+03   0.000000e+00    281s
   40796    1.4752887e+03   2.919756e+04   0.000000e+00    285s
   41265    1.4752898e+03   1.291447e+04   0.000000e+00    290s
   41668    1.4752901e+03   1.388101e+04   0.000000e+00    295s
   42130    1.4752903e+03   1.805992e+04   0.000000e+00    300s
   42598    1.4752905e+03   5.141257e+04   0.000000e+00    305s
   43059    1.4753453e+03   1.135119e+04   0.000000e+00    311s
   43453    1.4753454e+03   8.867881e+03   0.000000e+00    315s
   43917    1.4753454e+03   2.480763e+04   0.000000e+00    320s
   44381    1.4753455e+03   1.014439e+04   0.000000e+00    325s
   44844    1.4753455e+03   5.336317e+03   0.000000e+00    331s
   45303    1.4753455e+03   9.774546e+03   0.000000e+00    336s
   45766    1.4753455e+03   2.228524e+04   0.000000e+00    340s
   46234    1.4753456e+03   7.683929e+03   0.000000e+00    345s
   46697    1.4753456e+03   6.799432e+03   0.000000e+00    350s
   47164    1.4753456e+03   3.443915e+03   0.000000e+00    355s
   47767    1.4753456e+03   7.979476e+02   0.000000e+00    361s
   48302    1.4753456e+03   7.447051e+02   0.000000e+00    366s
   48558    1.4753425e+03   0.000000e+00   0.000000e+00    369s

Root relaxation: objective 1.475342e+03, 48558 iterations, 365.36 seconds (878.06 work units)

    Nodes    |    Current Node    |     Objective Bounds      |     Work
 Expl Unexpl |  Obj  Depth IntInf | Incumbent    BestBd   Gap | It/Node Time

     0     0 1475.34247    0 2869 3359.00000 1475.34247  56.1%     -  416s
H    0     0                    2739.0000000 1475.34247  46.1%     -  416s
H    0     0                    2624.0000000 1475.34247  43.8%     -  416s
H    0     0                    1793.0000000 1475.34247  17.7%     -  416s
H    0     0                    1679.0000000 1475.34247  12.1%     -  422s
H    0     0                    1632.0000000 1475.34247  9.60%     -  422s
H    0     0                    1631.0000000 1475.34247  9.54%     -  422s
H    0     0                    1555.0000000 1475.34247  5.12%     -  422s
H    0     0                    1539.0000000 1475.34247  4.14%     -  422s
H    0     0                    1538.0000000 1475.34247  4.07%     -  423s
H    0     0                    1529.0000000 1475.34247  3.51%     -  429s
H    0     0                    1528.0000000 1475.34247  3.45%     -  460s
H    0     0                    1527.0000000 1475.34247  3.38%     -  477s
     0     0 1475.34247    0 2869 1527.00000 1475.34247  3.38%     -  910s
     0     0 1475.34247    0 2869 1527.00000 1475.34247  3.38%     -  972s
H    0     0                    1526.0000000 1475.34247  3.32%     - 3049s
H    0     0                    1525.0000000 1475.34247  3.26%     - 3080s
H    0     0                    1524.0000000 1475.34247  3.19%     - 3080s
H    0     0                    1523.0000000 1475.34247  3.13%     - 3091s
H    0     0                    1522.0000000 1475.34247  3.07%     - 3116s
H    0     0                    1521.0000000 1475.34247  3.00%     - 3256s
H    0     0                    1520.0000000 1475.34247  2.94%     - 3338s
H    0     0                    1519.0000000 1475.34247  2.87%     - 3407s
H    0     0                    1518.0000000 1475.34247  2.81%     - 3407s
H    0     0                    1517.0000000 1475.34247  2.75%     - 3468s
H    0     0                    1516.0000000 1475.34247  2.68%     - 3738s
H    0     0                    1515.0000000 1475.34247  2.62%     - 4170s
     0     2 1475.34247    0 2869 1515.00000 1475.34247  2.62%     - 4310s
     1     3 1475.34247    1 2872 1515.00000 1475.34247  2.62%   319 4431s
     2     5 1475.34247    2 2872 1515.00000 1475.34247  2.62%   340 4952s
     4    10 1475.34247    3 2872 1515.00000 1475.34247  2.62%   296 5786s
     6    10 1475.34247    3 2872 1515.00000 1475.34247  2.62%   288 5794s
     7    10 1475.34247    3 2872 1515.00000 1475.34247  2.62%   298 5801s
     9    19 1475.34247    4 2872 1515.00000 1475.34247  2.62%   781 6743s
H   13    19                    1514.0000000 1475.34247  2.55%   593 6744s
    13    19 1475.34247    4 2872 1514.00000 1475.34247  2.55%   613 6751s
    14    19 1475.34247    4 2872 1514.00000 1475.34247  2.55%   588 6758s
    15    19 1475.34247    4 2872 1514.00000 1475.34247  2.55%   570 6766s
    18    35 1475.34247    5 2870 1514.00000 1475.34247  2.55%   512 7359s
    22    35 1475.34247    5 2871 1514.00000 1475.34247  2.55%   478 7366s
    31    35 1475.34247    5 2872 1514.00000 1475.34247  2.55%   456 7396s
    34    51 1475.34247    6 2872 1514.00000 1475.34247  2.55%  2215 9019s
H   43    51                    1513.0000000 1475.34247  2.49% 13211 9019s
    50    67 1475.34247    7 2872 1513.00000 1475.34247  2.49% 18878 11350s
H   59    67                    1512.0000000 1475.34247  2.42% 16039 11350s
    66   149 1475.34247    7 2872 1512.00000 1475.34247  2.42% 14380 14401s

Explored 148 nodes (1048409 simplex iterations) in 14401.49 seconds (35339.50 work units)
Thread count was 32 (of 32 available processors)

Solution count 10: 1512 1513 1514 ... 1521

Time limit reached
Best objective 1.512000000000e+03, best bound 1.476000000000e+03, gap 2.3810%

User-callback calls 2628097, time in user-callback 5.37 sec
