
Gurobi 13.0.2 (linux64) logging started Thu Jul 16 18:34:15 2026

Set parameter LogFile to value "/tmp/sweep_20260716_013919_north-korea_alt260km_s35_i6_v6_gurobi.log"
Set parameter Method to value 1
Set parameter NodefileStart to value 4
Set parameter RINS to value 50
Gurobi Optimizer version 13.0.2 build v13.0.2rc1 (linux64 - "Debian GNU/Linux 13 (trixie)")

CPU model: Intel(R) Xeon(R) Platinum 8375C CPU @ 2.90GHz, instruction set [SSE2|AVX|AVX2|AVX512]
Thread count: 16 physical cores, 32 logical processors, using up to 32 threads

Non-default parameters:
TimeLimit  14400
MIPGap  0.001
Method  1
LPWarmStart  1
Heuristics  0.2
MIPFocus  1
NodefileStart  4
RINS  50
Symmetry  2
Cuts  2
CoverCuts  2
LogToConsole  0

Academic license 2812613 - for non-commercial use only - registered to no___@gatech.edu
Optimize a model with 1436 rows, 14360 columns and 190270 nonzeros (Min)
Model fingerprint: 0xd880fa75
Model has 14360 linear objective coefficients
Variable types: 0 continuous, 14360 integer (14360 binary)
Coefficient statistics:
  Matrix range     [1e+00, 1e+00]
  Objective range  [1e+00, 1e+00]
  Bounds range     [1e+00, 1e+00]
  RHS range        [6e+00, 6e+00]

Found heuristic solution: objective 1125.0000000
Presolve removed 0 rows and 718 columns
Presolve time: 0.16s
Presolved: 1436 rows, 13642 columns, 179500 nonzeros
Variable types: 0 continuous, 13642 integer (12924 binary)

Root simplex log...

Iteration    Objective       Primal Inf.    Dual Inf.      Time
   11627    4.6105244e+02   6.631715e+02   0.000000e+00      5s
   13535    4.6157143e+02   0.000000e+00   0.000000e+00      7s

Root relaxation: objective 4.615714e+02, 13535 iterations, 6.63 seconds (11.88 work units)

    Nodes    |    Current Node    |     Objective Bounds      |     Work
 Expl Unexpl |  Obj  Depth IntInf | Incumbent    BestBd   Gap | It/Node Time

     0     0  461.57143    0 1077 1125.00000  461.57143  59.0%     -    9s
H    0     0                     798.0000000  461.57143  42.2%     -    9s
H    0     0                     746.0000000  461.57143  38.1%     -    9s
H    0     0                     745.0000000  461.57143  38.0%     -    9s
H    0     0                     655.0000000  461.57143  29.5%     -    9s
H    0     0                     606.0000000  461.57143  23.8%     -    9s
H    0     0                     577.0000000  461.57143  20.0%     -    9s
H    0     0                     571.0000000  461.57143  19.2%     -    9s
H    0     0                     547.0000000  461.57143  15.6%     -    9s
H    0     0                     546.0000000  461.57143  15.5%     -    9s
H    0     0                     545.0000000  461.57143  15.3%     -    9s
H    0     0                     544.0000000  461.57143  15.2%     -   10s
H    0     0                     543.0000000  461.57143  15.0%     -   10s
H    0     0                     542.0000000  461.57143  14.8%     -   10s
H    0     0                     536.0000000  461.57143  13.9%     -   11s
H    0     0                     535.0000000  461.57143  13.7%     -   11s
H    0     0                     534.0000000  461.57143  13.6%     -   11s
H    0     0                     533.0000000  461.57143  13.4%     -   11s
H    0     0                     532.0000000  461.57143  13.2%     -   19s
H    0     0                     523.0000000  461.57143  11.7%     -   19s
H    0     0                     516.0000000  461.57143  10.5%     -   19s
H    0     0                     515.0000000  461.57143  10.4%     -   19s
     0     0  461.57143    0 1077  515.00000  461.57143  10.4%     -   33s
     0     0  461.57143    0 1077  515.00000  461.57143  10.4%     -   34s
H    0     0                     508.0000000  461.57143  9.14%     -   41s
H    0     0                     506.0000000  461.57143  8.78%     -   41s
H    0     0                     505.0000000  461.57143  8.60%     -   44s
H    0     0                     504.0000000  461.57143  8.42%     -   45s
H    0     0                     503.0000000  461.57143  8.24%     -   46s
H    0     0                     502.0000000  461.57143  8.05%     -   46s
H    0     0                     501.0000000  461.57143  7.87%     -   47s
H    0     0                     500.0000000  461.57143  7.69%     -   48s
H    0     0                     499.0000000  461.57143  7.50%     -   48s
H    0     0                     498.0000000  461.57143  7.31%     -   52s
H    0     0                     497.0000000  461.57143  7.13%     -   53s
     0     2  461.57143    0 1077  497.00000  461.57143  7.13%     -   57s
     1     3  461.69219    1 1408  497.00000  461.57143  7.13%   594   63s
     2     5  461.78525    2 1392  497.00000  461.57143  7.13%   468   69s
     4     9  461.79706    3 1393  497.00000  461.57143  7.13%   300   76s
     8    17  461.86802    4 1386  497.00000  461.57143  7.13%   271   87s
H   11    17                     496.0000000  461.57143  6.94%   249   87s
    16    33  461.91103    5 1384  496.00000  461.57143  6.94%   275  102s
    32    49  461.98592    6 1381  496.00000  461.57143  6.94%   297  118s
H   40    49                     486.0000000  461.57143  5.03%   486  118s
H   42    49                     483.0000000  461.57143  4.44%   477  118s
H   44    49                     481.0000000  461.57143  4.04%   468  118s
H   45    49                     478.0000000  461.57143  3.44%   466  118s
    48    65  462.03104    7 1378  478.00000  461.57143  3.44%   615  126s
H   59    65                     477.0000000  461.57143  3.23%   545  126s
    64    81  462.12797    8 1357  477.00000  461.57143  3.23%   534  134s
    80    97  462.19581    9 1353  477.00000  461.57143  3.23%   515  144s
H   83    97                     476.0000000  461.57143  3.03%   506  144s
    96   116  462.28857   10 1344  476.00000  461.57143  3.03%   487  153s
   115   132  462.37137   11 1330  476.00000  461.57143  3.03%   462  162s
   131   148  462.45167   12 1330  476.00000  461.57143  3.03%   457  173s
   147   164  462.48324   12 1321  476.00000  461.57143  3.03%   460  187s
H  150   164                     475.0000000  461.57143  2.83%   477  187s
   163   180  462.47653   13 1336  475.00000  461.57143  2.83%   523  195s
   179   196  462.56130   14 1321  475.00000  461.57143  2.83%   510  207s
   195   212  462.68086   15 1302  475.00000  461.57143  2.83%   507  215s
   211   228  462.76898   16 1293  475.00000  461.57143  2.83%   499  226s
H  221   228                     474.0000000  461.57143  2.62%   494  226s
   227   244  462.72391   16 1313  474.00000  461.57143  2.62%   493  234s
H  243   260                     473.0000000  461.57143  2.42%   484  245s
   259   276  462.79445   18 1293  473.00000  461.57143  2.42%   478  255s
   275   292  462.87187   19 1283  473.00000  461.57143  2.42%   475  267s
   291   308  462.86993   19 1295  473.00000  461.57143  2.42%   470  278s
   307   324  462.89911   20 1285  473.00000  461.57143  2.42%   465  290s
   323   340  462.94381   20 1284  473.00000  461.57143  2.42%   465  302s
   339   356  463.01043   21 1279  473.00000  461.57143  2.42%   462  314s
   355   372  462.98367   21 1289  473.00000  461.57143  2.42%   459  329s
   371   388  463.05714   22 1282  473.00000  461.57143  2.42%   460  341s
   387   404  463.12178   23 1281  473.00000  461.57143  2.42%   464  356s
   403   420  463.13720   23 1285  473.00000  461.57143  2.42%   467  368s
   419   441  463.20465   24 1270  473.00000  461.57143  2.42%   464  383s
   440   516  463.28872   25 1267  473.00000  461.57143  2.42%   459  391s
   515   628  463.47828   28 1250  473.00000  461.57143  2.42%   453  396s
   627   756  463.86361   33 1236  473.00000  461.57143  2.42%   465  403s
   755   775  464.22206   38 1206  473.00000  461.57143  2.42%   455  425s
   774   813  464.28556   39 1206  473.00000  461.57143  2.42%   453  431s
   812   938  464.29542   39 1190  473.00000  461.57143  2.42%   453  439s
   937   966  464.79652   46 1166  473.00000  461.57143  2.42%   448  445s
   965  1053  464.86053   47 1155  473.00000  461.57143  2.42%   446  452s
  1052  1187  464.91140   48 1155  473.00000  461.57143  2.42%   439  460s
  1186  1362  464.96869   49 1147  473.00000  461.57143  2.42%   437  467s
  1361  1452  464.97995   50 1151  473.00000  461.57143  2.42%   438  475s
  1451  1468  465.15295   51 1141  473.00000  461.57143  2.42%   444  487s
  1467  1500  465.15694   51 1140  473.00000  461.57143  2.42%   443  495s
  1499  1516  465.25189   52 1137  473.00000  461.57143  2.42%   442  505s
  1515  1534  465.22801   52 1143  473.00000  461.57143  2.42%   443  517s
  1533  1622  465.25189   53 1139  473.00000  461.57143  2.42%   442  529s
  1621  1638  465.91704   64 1102  473.00000  461.57143  2.42%   441  539s
  1637  1667  465.87647   64 1127  473.00000  461.57143  2.42%   441  554s
  1666  1683  466.00254   65 1096  473.00000  461.57143  2.42%   441  564s
  1682  1731  465.94937   65 1111  473.00000  461.57143  2.42%   441  577s
  1730  1847  466.04296   66 1102  473.00000  461.57143  2.42%   441  589s
  1846  1863  466.08262   66 1090  473.00000  461.57143  2.42%   438  602s
  1862  1913  466.14515   67 1093  473.00000  461.57143  2.42%   438  616s
  1912  1929  466.10863   67 1091  473.00000  461.57143  2.42%   438  630s
  1928  1945  466.23814   68 1080  473.00000  461.57143  2.42%   438  643s
  1944  1961  466.29404   69 1087  473.00000  461.57143  2.42%   437  660s
  1960  1977  466.27214   69 1073  473.00000  461.57143  2.42%   437  678s
  1976  1993  466.32187   70 1073  473.00000  461.57143  2.42%   436  693s
  1992  2013  466.29646   70 1079  473.00000  461.57143  2.42%   436  713s
  2012  2029  466.37365   71 1078  473.00000  461.57143  2.42%   435  731s
  2028  2045  466.44110   72 1079  473.00000  461.57143  2.42%   435  747s
  2044  2061  466.49593   72 1065  473.00000  461.57143  2.42%   436  765s
  2060  2077  466.57251   73 1055  473.00000  461.57143  2.42%   436  783s
  2076  2097  466.60996   74 1060  473.00000  461.57143  2.42%   436  800s
  2096  2113  466.69442   76 1068  473.00000  461.57143  2.42%   436  820s
  2112  2129  466.76712   76 1059  473.00000  461.57143  2.42%   436  834s
  2128  2145  466.86025   77 1072  473.00000  461.57143  2.42%   435  855s
  2144  2161  466.80392   77 1070  473.00000  461.57143  2.42%   435  881s
  2160  2177  466.96322   78 1053  473.00000  461.57143  2.42%   435  896s
  2176  2193  466.91821   78 1059  473.00000  461.57143  2.42%   434  909s
  2192  2209  467.00438   79 1047  473.00000  461.57143  2.42%   435  923s
  2208  2225  467.03776   80 1053  473.00000  461.57143  2.42%   435  937s
  2224  2241  467.10125   81 1063  473.00000  461.57143  2.42%   435  962s
  2240  2257  467.12633   81 1061  473.00000  461.57143  2.42%   435  979s
  2256  2274  467.17323   82 1054  473.00000  461.57143  2.42%   435 1012s
  2273  2290  467.22711   82 1059  473.00000  461.57143  2.42%   436 1031s
  2289  2306  467.22556   83 1060  473.00000  461.57143  2.42%   435 1057s
  2305  2326  467.29111   84 1059  473.00000  461.57143  2.42%   435 1089s
  2329  2354  467.32529   85 1052  473.00000  461.57143  2.42%   434 1113s
  2377  2594  467.50965   88 1052  473.00000  461.57143  2.42%   432 1128s
  2617  2610  468.53270  103  985  473.00000  461.57143  2.42%   432 1145s
  2633  2622  468.53466  104  977  473.00000  461.57143  2.42%   432 1162s
  2653  2779  468.64452  105  983  473.00000  461.57143  2.42%   431 1179s
  2810  2795  468.97630  108  980  473.00000  461.57143  2.42%   432 1207s
  2826  2811  469.00508  109  985  473.00000  461.57143  2.42%   433 1242s
  2842  2871  469.06112  109  972  473.00000  461.57143  2.42%   432 1281s
  2902  3045  469.08257  110  973  473.00000  461.57143  2.42%   433 1314s
  3076  3061  469.31488  115  960  473.00000  461.57143  2.42%   433 1335s
  3092  3091  469.33983  115  975  473.00000  461.57143  2.42%   433 1357s
  3132  3252  469.40271  116  955  473.00000  461.57143  2.42%   433 1377s
  3295  3268  469.93937  127  964  473.00000  461.57143  2.42%   433 1397s
  3311  3280  470.05951  128  945  473.00000  461.57143  2.42%   434 1430s
  3331  3296  470.11223  129  953  473.00000  461.57143  2.42%   433 1459s
  3347  3312  470.17396  129  958  473.00000  461.57143  2.42%   433 1502s
  3363  3332  470.27513  130  936  473.00000  461.57143  2.42%   433 1545s
  3383  3348  470.32637  131  942  473.00000  461.57143  2.42%   433 1584s
  3399  3370  470.37111  131  929  473.00000  461.57143  2.42%   433 1618s
  3421  3386  470.44244  132  929  473.00000  461.57143  2.42%   434 1660s
  3437  3402  470.49264  133  932  473.00000  461.57143  2.42%   434 1700s
  3453  3511  470.49529  133  925  473.00000  461.57143  2.42%   434 1726s
  3596  3548  470.83634  138  942  473.00000  461.57143  2.42%   432 1756s
  3639  3663  470.83922  138  935  473.00000  461.93519  2.34%   432 1784s
  3754  3831  471.35349  146  904  473.00000  461.93519  2.34%   431 1810s
  3944  3940  471.38521  147  908  473.00000  461.93519  2.34%   431 1840s
  4063  4234  471.54625  150  934  473.00000  461.93519  2.34%   429 1873s
  4377  4443  462.07807    7 1363  473.00000  461.93519  2.34%   427 1906s
  4597  4444  467.61314   89 1077  473.00000  461.93519  2.34%   425 1971s
  4599  4445  463.10564   20 1077  473.00000  461.93519  2.34%   424 2026s
  4600  4446  467.07059   77 1077  473.00000  461.93519  2.34%   424 2030s
H 4600  4223                     472.0000000  461.93519  2.13%   424 2069s
  4601  4224  470.75351  145 1077  472.00000  461.93519  2.13%   424 2090s
  4602  4225     cutoff   16       472.00000  461.93519  2.13%   429 2095s
  4606  4230  461.93519   18 1393  472.00000  461.93519  2.13%   429 2101s
  4610  4237  461.93519   19 1395  472.00000  461.93519  2.13%   429 2106s
  4618  4250  461.93519   20 1385  472.00000  461.93519  2.13%   429 2111s
  4634  4292  461.95355   21 1380  472.00000  461.93519  2.13%   429 2115s
  4681  4292  461.99644   22 1369  472.00000  461.93519  2.13%   428 2121s
  4697  4303  462.05750   22 1368  472.00000  461.93519  2.13%   428 2126s
  4713  4313  462.02598   23 1366  472.00000  461.93519  2.13%   428 2133s
  4729  4324  462.03726   23 1365  472.00000  461.93519  2.13%   428 2141s
  4745  4335  462.15989   24 1347  472.00000  461.93519  2.13%   428 2148s
  4761  4345  462.11579   24 1357  472.00000  461.93519  2.13%   428 2156s
  4777  4356  462.18251   25 1345  472.00000  461.93519  2.13%   428 2164s
  4793  4367  462.18329   25 1357  472.00000  461.93519  2.13%   428 2172s
  4809  4377  462.21329   26 1342  472.00000  461.93519  2.13%   428 2180s
  4825  4388  462.27681   26 1332  472.00000  461.93519  2.13%   428 2188s
  4841  4399  462.35130   27 1339  472.00000  461.93519  2.13%   428 2198s
  4857  4409  462.37661   27 1315  472.00000  461.93519  2.13%   428 2206s
  4873  4420  462.47507   28 1314  472.00000  461.93519  2.13%   429 2215s
  4889  4431  462.54280   28 1301  472.00000  461.93519  2.13%   429 2223s
  4905  4441  462.64007   29 1301  472.00000  461.93519  2.13%   429 2235s
  4921  4452  462.61046   29 1310  472.00000  461.93519  2.13%   429 2247s
  4937  4463  462.73991   30 1287  472.00000  461.93519  2.13%   429 2260s
  4953  4473  462.68740   30 1294  472.00000  461.93519  2.13%   429 2278s
  4969  4484  462.85250   31 1285  472.00000  461.93519  2.13%   429 2298s
  4985  4495  462.81569   31 1297  472.00000  461.93519  2.13%   429 2318s
  5001  4517  462.90961   32 1278  472.00000  461.93519  2.13%   429 2326s
  5029  4554  463.02192   34 1285  472.00000  461.93519  2.13%   429 2334s
  5075  4595  463.31815   37 1240  472.00000  461.93519  2.13%   430 2341s
  5131  4669  463.52349   40 1229  472.00000  461.93519  2.13%   430 2346s
  5224  4748  463.93323   44 1196  472.00000  461.93519  2.13%   432 2352s
  5334  4845  464.26722   48 1187  472.00000  461.93519  2.13%   432 2355s
  5532  4895  464.60719   53 1165  472.00000  461.93519  2.13%   435 2363s
  5584  4918  464.57973   53 1153  472.00000  461.93519  2.13%   435 2367s
  5624  4961  464.60942   54 1161  472.00000  461.93519  2.13%   435 2371s
  5680  5057  464.73501   54 1146  472.00000  461.93519  2.13%   435 2375s
  5795  5114  464.75316   55 1159  472.00000  461.93519  2.13%   436 2380s
  5890  5108  465.00761   58 1125  472.00000  461.93519  2.13%   437 2386s
  5916  5123  465.04638   58 1118  472.00000  461.93519  2.13%   438 2393s
  5940  5131  465.07937   59 1123  472.00000  461.93519  2.13%   438 2401s
  5956  5142  465.11902   59 1119  472.00000  461.93519  2.13%   438 2414s
  5972  5156  465.16718   60 1119  472.00000  461.93519  2.13%   438 2428s
  5991  5174  465.18917   60 1105  472.00000  461.93519  2.13%   438 2439s
  6016  5182  465.20541   61 1105  472.00000  461.93519  2.13%   437 2447s
  6032  5193  465.25323   61 1111  472.00000  461.93519  2.13%   437 2458s
  6048  5203  465.37045   62 1093  472.00000  461.93519  2.13%   437 2464s
  6064  5214  465.30311   62 1111  472.00000  461.93519  2.13%   438 2471s
  6080  5225  465.40424   63 1096  472.00000  461.93519  2.13%   437 2482s
  6096  5237  465.42179   63 1088  472.00000  461.93519  2.13%   437 2493s
  6114  5273  465.45230   64 1100  472.00000  461.93519  2.13%   437 2504s
  6156  5294  465.48070   64 1095  472.00000  461.93519  2.13%   437 2511s
  6207  5364  465.48806   65 1100  472.00000  461.93519  2.13%   437 2517s
  6296  5383  465.58941   65 1092  472.00000  461.93519  2.13%   437 2525s
  6344  5422  465.81065   68 1086  472.00000  461.93519  2.13%   437 2533s
  6399  5420  465.89808   68 1092  472.00000  461.93519  2.13%   437 2544s
  6416  5464  465.85435   69 1098  472.00000  461.93519  2.13%   437 2556s
  6465  5463  465.85893   69 1083  472.00000  461.93519  2.13%   437 2567s
  6481  5474  465.90683   70 1087  472.00000  461.93519  2.13%   437 2577s
H 6495  5243                     471.0000000  461.93519  1.92%   436 2577s
  6497  5307  465.91941   70 1090  471.00000  461.93519  1.92%   437 2585s
H 6500  5088                     470.0000000  461.93519  1.72%   437 2585s
H 6520  4869                     469.0000000  461.93519  1.51%   437 2585s
H 6561  4943                     468.0000000  461.93519  1.30%   437 2597s
  6866  4992  466.87845   83 1051  468.00000  461.93519  1.30%   437 2607s
  7273  4867  462.51894   28 1313  468.00000  461.94603  1.29%   431 2617s
  7313  4891  462.61121   29 1300  468.00000  461.96651  1.29%   431 2626s
  7350  4889  462.56268   29 1316  468.00000  461.96651  1.29%   430 2634s
  7371  4898  462.67499   30 1294  468.00000  461.96651  1.29%   430 2647s
  7387  4920  462.71736   30 1293  468.00000  461.96651  1.29%   430 2657s
  7414  4944  462.78342   31 1274  468.00000  461.96651  1.29%   430 2668s
  7449  4941  462.72643   31 1287  468.00000  461.96651  1.29%   429 2679s
  7474  4958  462.84688   32 1277  468.00000  461.96651  1.29%   429 2690s
  7499  4968  462.87158   32 1275  468.00000  461.96651  1.29%   429 2703s
  7517  4978  462.92422   33 1274  468.00000  461.96651  1.29%   429 2715s
  7533  4988  462.97551   33 1267  468.00000  461.96651  1.29%   429 2725s
  7549  5006  462.98505   34 1278  468.00000  461.96651  1.29%   429 2740s
  7572  5073  463.01786   34 1273  468.00000  461.96651  1.29%   429 2751s
  7657  5199  463.74846   44 1238  468.00000  461.96651  1.29%   429 2764s
  7811  5314  465.10438   61 1131  468.00000  461.96651  1.29%   428 2776s
  8003  5467  466.24683   77 1097  468.00000  461.96651  1.29%   428 2791s
  8265  5631  462.97119   34 1256  468.00000  461.96651  1.29%   427 2807s
  8553  5724  465.15971   68 1084  468.00000  461.96651  1.29%   426 2825s
  8781  5709  465.22166   69 1082  468.00000  461.96651  1.29%   425 2841s
  8868  5873  465.24705   70 1078  468.00000  462.03222  1.28%   425 2861s
  9061  5992     cutoff  103       468.00000  462.03222  1.28%   425 2877s
  9264  6115     cutoff  104       468.00000  462.03222  1.28%   424 2898s
  9471  6144     cutoff  103       468.00000  462.03270  1.28%   424 2925s
  9619  6246  463.60702   44 1260  468.00000  462.03270  1.28%   423 2944s
  9770  6339  463.68726   45 1255  468.00000  462.03270  1.28%   423 2960s
  9957  6447  463.78517   46 1241  468.00000  462.03270  1.28%   422 2976s
 10200  6382  463.88493   47 1235  468.00000  462.04729  1.27%   421 2993s
 10216  6417  463.98636   48 1230  468.00000  462.04729  1.27%   421 3011s
 10278  6507  464.03521   49 1226  468.00000  462.04729  1.27%   421 3029s
 10421  6579  465.35896   72 1166  468.00000  462.04729  1.27%   420 3047s
 10574  6678  465.43688   73 1178  468.00000  462.04729  1.27%   419 3067s
 10744  6655  465.45964   74 1176  468.00000  462.04729  1.27%   419 3087s
 10786  6688  465.51246   75 1174  468.00000  462.04729  1.27%   419 3107s
 10837  6747  466.34943   90 1140  468.00000  462.06076  1.27%   419 3128s
 10981  6767  466.39432   91 1138  468.00000  462.06076  1.27%   417 3150s
 11057  6882  466.46636   92 1135  468.00000  462.06076  1.27%   417 3170s
 11233  6920  466.93012  100 1112  468.00000  462.06542  1.27%   416 3193s
 11410  6874  462.63291   28 1290  468.00000  462.06542  1.27%   415 3219s
 11429  6929  462.70932   29 1285  468.00000  462.08228  1.26%   414 3244s
 11490  6984  462.76070   30 1283  468.00000  462.08228  1.26%   414 3269s
 11566  7125  462.84037   31 1279  468.00000  462.08228  1.26%   414 3294s
 11732  7200  465.16181   66 1162  468.00000  462.08228  1.26%   414 3325s
 11888  7242  465.21454   67 1166  468.00000  462.08228  1.26%   413 3355s
 12048  7220  465.32562   68 1154  468.00000  462.08228  1.26%   412 3385s
 12084  7269  465.52301   71 1134  468.00000  462.08228  1.26%   412 3412s
 12151  7387  465.54859   72 1132  468.00000  462.08228  1.26%   412 3438s
 12373  7615  465.61072   73 1137  468.00000  462.08361  1.26%   411 3467s
 12749  7505  466.90968   90 1089  468.00000  462.09398  1.26%   410 3496s
 12768  7624  466.94190   91 1089  468.00000  462.09398  1.26%   410 3531s
 12988  7659     cutoff   93       468.00000  462.10647  1.26%   409 3563s
 13104  7663  462.24853   24 1354  468.00000  462.11151  1.26%   409 3595s
 13151  8032  462.30694   25 1343  468.00000  462.11151  1.26%   409 3632s
 13603  8298  465.32378   68 1168  468.00000  462.11151  1.26%   408 3674s
 14068  8305     cutoff  100       468.00000  462.11650  1.26%   406 3712s
 14275  8511  463.70702   40 1204  468.00000  462.12018  1.26%   406 3747s
 14598  8435  463.73395   41 1211  468.00000  462.12018  1.26%   406 3787s
 14634  8566  463.76995   41 1219  468.00000  462.12018  1.26%   406 3825s
 14792  8596  463.83163   42 1211  468.00000  462.12018  1.26%   405 3864s
 14888  8733  464.33448   48 1162  468.00000  462.12018  1.26%   405 3905s
 15121  9017  464.42654   49 1153  468.00000  462.13565  1.25%   405 3946s
 15503  9366  465.57412   66 1090  468.00000  462.13626  1.25%   404 3990s
 16048  9464  466.15967   74 1073  468.00000  462.13626  1.25%   403 4037s
 16182  9661  466.29635   76 1075  468.00000  462.13722  1.25%   402 4083s
 16379  9915  466.94246   84 1033  468.00000  462.13722  1.25%   402 4130s
 16737 10051  463.31189   39 1268  468.00000  462.13722  1.25%   401 4178s
 16915 10472  463.60779   43 1235  468.00000  462.14216  1.25%   401 4228s
 17535 10484  466.25754   79 1118  468.00000  462.14554  1.25%   399 4284s
 17555 11010  466.31646   80 1122  468.00000  462.15066  1.25%   399 4339s
 18140 11208  463.48034   44 1277  468.00000  462.15066  1.25%   398 4395s
 18396 11388  463.50842   45 1277  468.00000  462.16179  1.25%   397 4451s
 18622 11677  463.75157   50 1274  468.00000  462.16491  1.25%   397 4510s
 19061 12037  465.62143   79 1167  468.00000  462.16491  1.25%   395 4570s
 19501 12992  462.30309   25 1332  468.00000  462.17113  1.25%   395 4634s
 20651 13042  462.47015   27 1325  468.00000  462.17363  1.24%   394 4721s
 20731 15578  462.66947   29 1306  468.00000  462.17785  1.24%   394 5126s
 23963 16681  463.64156   46 1266  468.00000  462.19371  1.24%   389 5216s
 25156 17700  465.53438   73 1177  468.00000  462.19487  1.24%   388 5302s
 26461 17927  466.91667   95 1138  468.00000  462.19619  1.24%   387 5396s
 26740 18340  464.25223   48 1200  468.00000  462.19683  1.24%   387 5491s
 27296 18697  465.10785   59 1159  468.00000  462.19683  1.24%   386 5585s
 27830 19279  465.44166   64 1161  468.00000  462.19725  1.24%   386 5685s
 28526 19982  464.38750   59 1240  468.00000  462.19725  1.24%   385 5793s
 29453 20653  466.31623   84 1128  468.00000  462.19725  1.24%   384 5906s
 30256 21571  462.92517   37 1281  468.00000  462.19725  1.24%   384 6020s
 31176 22321  464.72751   61 1154  468.00000  462.19725  1.24%   384 6141s
 32252 22661  462.48281   28 1328  468.00000  462.22376  1.23%   383 6274s
 32674 23570  463.65565   45 1252  468.00000  462.22381  1.23%   383 6405s
 34281 24488     cutoff   98       468.00000  462.22954  1.23%   380 6538s
 35535 25381  463.52133   47 1259  468.00000  462.22954  1.23%   379 6675s
 36749 26104     cutoff  106       468.00000  462.23197  1.23%   379 6816s
 37673 27199  465.21954   70 1091  468.00000  462.24065  1.23%   378 6969s
 39128 28111  466.71939   97 1137  468.00000  462.24065  1.23%   377 7124s
 40302 28530  464.64225   59 1160  468.00000  462.25064  1.23%   376 7301s
 40747 29570  466.48747   85 1075  468.00000  462.25525  1.23%   377 7474s
 42074 30873  464.07508   50 1201  468.00000  462.25525  1.23%   377 7667s
 43874 32126  465.81952   78 1161  468.00000  462.25985  1.23%   376 7838s
 45545 33225  462.75349   32 1302  468.00000  462.26695  1.23%   375 8005s
 46920 34544  466.55198   88 1135  468.00000  462.26695  1.23%   375 8181s
 48637 35219  466.49662   87 1097  468.00000  462.27762  1.22%   374 8362s
 49636 36584  463.03821   37 1311  468.00000  462.27847  1.22%   374 8556s
 51266 38116  465.03732   65 1191  468.00000  462.27847  1.22%   374 8741s
 53268 39557  464.21415   52 1214  468.00000  462.28655  1.22%   373 8917s
 55033 40095  464.24916   53 1225  468.00000  462.28655  1.22%   373 9094s
 55693 41110  465.83459   78 1120  468.00000  462.28655  1.22%   374 9281s
 57060 42584  466.81786   95 1118  468.00000  462.29374  1.22%   373 9467s
 58886 43168  466.22266   79 1090  468.00000  462.29825  1.22%   373 9667s
 59530 44614  464.23347   51 1210  468.00000  462.29885  1.22%   374 9862s
 61341 45766  463.70285   44 1264  468.00000  462.30014  1.22%   374 10051s
 62798 46934  465.32850   73 1191  468.00000  462.30225  1.22%   374 10255s
 64409 47497  463.84541   47 1227  468.00000  462.30499  1.22%   373 10465s
 65228 49531  462.69833   28 1296  468.00000  462.30924  1.22%   373 10716s
 67914 51005  464.23612   55 1194  468.00000  462.31118  1.22%   372 10909s
 69853 52634     cutoff   95       468.00000  462.31607  1.21%   372 11093s
 71914 54131  464.45884   55 1191  468.00000  462.31905  1.21%   372 11265s
 73915 55430  465.67218   75 1159  468.00000  462.32254  1.21%   372 11431s
 75510 56709  463.23817   36 1254  468.00000  462.32254  1.21%   372 11598s
 77095 57666  462.63312   29 1304  468.00000  462.32943  1.21%   372 11765s
 78149 58325  464.01252   48 1205  468.00000  462.32943  1.21%   372 11952s
 78989 59647  465.15964   67 1171  468.00000  462.32957  1.21%   372 12139s
 80617 61153  466.88509   93 1084  468.00000  462.33177  1.21%   372 12319s
 82310 62753  464.89631   64 1195  468.00000  462.33299  1.21%   372 12501s
 84395 64108  463.43622   41 1264  468.00000  462.33690  1.21%   372 12700s
 86090 65188  464.58580   55 1227  468.00000  462.33704  1.21%   371 12889s
 87475 66188  464.17624   48 1224  468.00000  462.33704  1.21%   371 13091s
 88869 67842  465.57018   74 1182  468.00000  462.34017  1.21%   371 13298s
 90949 69236  466.97567   98 1104  468.00000  462.34352  1.21%   371 13489s
 92856 70717  462.55418   30 1313  468.00000  462.34487  1.21%   370 13673s
 94965 72221  466.59431   86 1071  468.00000  462.34487  1.21%   370 13846s
 96639 73539  464.20596   50 1205  468.00000  462.34487  1.21%   370 14018s
 98264 74117  462.90427   37 1305  468.00000  462.34487  1.21%   370 14208s
 99037 75474  465.81384   83 1078  468.00000  462.34487  1.21%   371 14393s
 100691 75522  465.06137   66 1147  468.00000  462.34487  1.21%   371 14400s

Explored 100759 nodes (37363687 simplex iterations) in 14400.04 seconds (51548.64 work units)
Thread count was 32 (of 32 available processors)

Solution count 10: 468 469 470 ... 477

Time limit reached
Best objective 4.680000000000e+02, best bound 4.630000000000e+02, gap 1.0684%

User-callback calls 2686237, time in user-callback 13.30 sec
