
Gurobi 13.0.2 (linux64) logging started Fri Jun 26 11:21:45 2026

Set parameter LogFile to value "/tmp/sweep_20260625_231022_china_alt400km_s100_i4_v6_gurobi.log"
Set parameter Method to value 1
Set parameter NodefileStart to value 4
Set parameter RINS to value 50
Gurobi Optimizer version 13.0.2 build v13.0.2rc1 (linux64 - "Debian GNU/Linux 13 (trixie)")

CPU model: Intel(R) Xeon(R) Platinum 8375C CPU @ 2.90GHz, instruction set [SSE2|AVX|AVX2|AVX512]
Thread count: 16 physical cores, 32 logical processors, using up to 32 threads

Non-default parameters:
TimeLimit  21600
MIPGap  0.01
Method  1
LPWarmStart  1
Heuristics  0.2
MIPFocus  1
NodefileStart  4
RINS  50
Symmetry  2
Cuts  2
CoverCuts  2
LogToConsole  0

Academic license 2812613 - for non-commercial use only - registered to no___@gatech.edu
Optimize a model with 392028 rows, 71800 columns and 128645496 nonzeros (Min)
Model fingerprint: 0xaf203831
Model has 71800 linear objective coefficients
Variable types: 0 continuous, 71800 integer (71800 binary)
Coefficient statistics:
  Matrix range     [1e+00, 1e+00]
  Objective range  [1e+00, 1e+00]
  Bounds range     [1e+00, 1e+00]
  RHS range        [2e+01, 2e+01]

Found heuristic solution: objective 12446.000000
Presolve removed 0 rows and 0 columns (presolve time = 5s)...
Presolve removed 0 rows and 0 columns (presolve time = 19s)...
Presolve removed 0 rows and 0 columns (presolve time = 20s)...
Presolve removed 0 rows and 0 columns (presolve time = 36s)...
Presolve removed 0 rows and 0 columns (presolve time = 49s)...
Presolve removed 0 rows and 0 columns (presolve time = 63s)...
Presolve removed 0 rows and 0 columns (presolve time = 81s)...
Presolve removed 0 rows and 0 columns (presolve time = 97s)...
Presolve removed 0 rows and 0 columns (presolve time = 100s)...
Presolve removed 0 rows and 0 columns (presolve time = 129s)...
Presolve removed 0 rows and 0 columns (presolve time = 144s)...
Presolve removed 0 rows and 0 columns (presolve time = 158s)...
Presolve removed 0 rows and 0 columns (presolve time = 172s)...
Presolve removed 0 rows and 0 columns (presolve time = 175s)...
Presolve removed 0 rows and 0 columns (presolve time = 180s)...
Presolve removed 0 rows and 0 columns (presolve time = 185s)...
Presolve removed 0 rows and 0 columns (presolve time = 190s)...
Presolve removed 0 rows and 0 columns (presolve time = 195s)...
Presolve removed 0 rows and 0 columns (presolve time = 200s)...
Presolve removed 0 rows and 0 columns (presolve time = 205s)...
Presolve removed 0 rows and 0 columns (presolve time = 210s)...
Presolve removed 0 rows and 0 columns (presolve time = 215s)...
Presolve removed 0 rows and 0 columns (presolve time = 220s)...
Presolve removed 0 rows and 0 columns (presolve time = 225s)...
Presolve removed 0 rows and 0 columns (presolve time = 245s)...
Presolve removed 0 rows and 0 columns (presolve time = 247s)...
Presolve removed 0 rows and 0 columns (presolve time = 250s)...
Presolve removed 0 rows and 0 columns (presolve time = 255s)...
Presolve removed 0 rows and 0 columns (presolve time = 271s)...
Presolve removed 0 rows and 0 columns (presolve time = 275s)...
Presolve removed 0 rows and 0 columns (presolve time = 280s)...
Presolve removed 0 rows and 0 columns (presolve time = 285s)...
Presolve removed 0 rows and 0 columns (presolve time = 290s)...
Presolve removed 0 rows and 0 columns (presolve time = 295s)...
Presolve removed 0 rows and 0 columns (presolve time = 300s)...
Presolve removed 0 rows and 0 columns (presolve time = 305s)...
Presolve removed 0 rows and 0 columns (presolve time = 310s)...
Presolve removed 0 rows and 0 columns (presolve time = 315s)...
Presolve removed 0 rows and 0 columns (presolve time = 335s)...
Presolve removed 0 rows and 0 columns (presolve time = 340s)...
Presolve removed 0 rows and 0 columns (presolve time = 378s)...
Presolve removed 0 rows and 0 columns (presolve time = 380s)...
Presolve removed 0 rows and 0 columns (presolve time = 385s)...
Presolve removed 0 rows and 0 columns (presolve time = 390s)...
Presolve removed 0 rows and 0 columns (presolve time = 395s)...
Presolve removed 0 rows and 0 columns (presolve time = 400s)...
Presolve removed 0 rows and 0 columns (presolve time = 405s)...
Presolve removed 0 rows and 0 columns (presolve time = 410s)...
Presolve removed 0 rows and 0 columns (presolve time = 415s)...
Presolve removed 0 rows and 0 columns (presolve time = 420s)...
Presolve removed 0 rows and 0 columns (presolve time = 425s)...
Presolve removed 0 rows and 0 columns (presolve time = 430s)...
Presolve removed 0 rows and 0 columns (presolve time = 435s)...
Presolve removed 0 rows and 0 columns (presolve time = 440s)...
Presolve removed 0 rows and 0 columns (presolve time = 445s)...
Presolve removed 0 rows and 0 columns (presolve time = 450s)...
Presolve removed 0 rows and 0 columns (presolve time = 455s)...
Presolve removed 0 rows and 0 columns (presolve time = 460s)...
Presolve removed 0 rows and 0 columns (presolve time = 465s)...
Presolve removed 0 rows and 0 columns (presolve time = 470s)...
Presolve removed 0 rows and 0 columns (presolve time = 475s)...
Presolve removed 0 rows and 0 columns (presolve time = 480s)...
Presolve removed 0 rows and 0 columns (presolve time = 485s)...
Presolve removed 0 rows and 0 columns (presolve time = 490s)...
Presolve removed 0 rows and 0 columns (presolve time = 495s)...
Presolve removed 0 rows and 0 columns (presolve time = 500s)...
Presolve removed 0 rows and 0 columns (presolve time = 505s)...
Presolve removed 0 rows and 0 columns (presolve time = 510s)...
Presolve removed 0 rows and 0 columns (presolve time = 515s)...
Presolve removed 0 rows and 0 columns (presolve time = 520s)...
Presolve removed 0 rows and 0 columns (presolve time = 525s)...
Presolve removed 0 rows and 0 columns (presolve time = 530s)...
Presolve removed 0 rows and 0 columns (presolve time = 535s)...
Presolve removed 0 rows and 0 columns (presolve time = 540s)...
Presolve removed 0 rows and 0 columns (presolve time = 545s)...
Presolve removed 0 rows and 0 columns (presolve time = 550s)...
Presolve removed 0 rows and 0 columns (presolve time = 555s)...
Presolve removed 0 rows and 0 columns (presolve time = 560s)...
Presolve removed 0 rows and 0 columns (presolve time = 565s)...
Presolve removed 0 rows and 0 columns (presolve time = 570s)...
Presolve removed 0 rows and 0 columns (presolve time = 575s)...
Presolve removed 0 rows and 0 columns (presolve time = 580s)...
Presolve removed 0 rows and 0 columns (presolve time = 585s)...
Presolve removed 0 rows and 0 columns (presolve time = 590s)...
Presolve removed 0 rows and 0 columns (presolve time = 595s)...
Presolve removed 0 rows and 0 columns (presolve time = 600s)...
Presolve removed 0 rows and 0 columns (presolve time = 605s)...
Presolve removed 0 rows and 0 columns (presolve time = 610s)...
Presolve removed 0 rows and 0 columns (presolve time = 615s)...
Presolve removed 0 rows and 0 columns (presolve time = 620s)...
Presolve removed 0 rows and 0 columns (presolve time = 625s)...
Presolve removed 0 rows and 0 columns (presolve time = 630s)...
Presolve removed 0 rows and 0 columns (presolve time = 635s)...
Presolve removed 0 rows and 0 columns (presolve time = 640s)...
Presolve removed 0 rows and 0 columns (presolve time = 645s)...
Presolve removed 0 rows and 0 columns (presolve time = 650s)...
Presolve removed 0 rows and 0 columns (presolve time = 655s)...
Presolve removed 0 rows and 0 columns (presolve time = 660s)...
Presolve removed 0 rows and 0 columns (presolve time = 665s)...
Presolve removed 0 rows and 0 columns (presolve time = 670s)...
Presolve removed 0 rows and 0 columns (presolve time = 675s)...
Presolve removed 0 rows and 0 columns (presolve time = 680s)...
Presolve removed 0 rows and 0 columns (presolve time = 685s)...
Presolve removed 0 rows and 0 columns (presolve time = 690s)...
Presolve removed 0 rows and 0 columns (presolve time = 695s)...
Presolve removed 0 rows and 0 columns (presolve time = 700s)...
Presolve removed 0 rows and 0 columns (presolve time = 705s)...
Presolve removed 0 rows and 0 columns (presolve time = 710s)...
Presolve removed 0 rows and 0 columns (presolve time = 715s)...
Presolve removed 0 rows and 0 columns (presolve time = 720s)...
Presolve removed 0 rows and 0 columns (presolve time = 725s)...
Presolve removed 0 rows and 0 columns (presolve time = 730s)...
Presolve removed 0 rows and 0 columns (presolve time = 735s)...
Presolve removed 0 rows and 0 columns (presolve time = 740s)...
Presolve removed 0 rows and 0 columns (presolve time = 745s)...
Presolve removed 0 rows and 0 columns (presolve time = 750s)...
Presolve removed 0 rows and 0 columns (presolve time = 755s)...
Presolve removed 0 rows and 0 columns (presolve time = 760s)...
Presolve removed 0 rows and 0 columns (presolve time = 765s)...
Presolve removed 0 rows and 0 columns (presolve time = 770s)...
Presolve removed 0 rows and 0 columns (presolve time = 775s)...
Presolve removed 0 rows and 0 columns (presolve time = 780s)...
Presolve removed 0 rows and 0 columns (presolve time = 785s)...
Presolve removed 0 rows and 0 columns (presolve time = 790s)...
Presolve removed 0 rows and 0 columns (presolve time = 795s)...
Presolve removed 0 rows and 0 columns (presolve time = 800s)...
Presolve removed 0 rows and 0 columns (presolve time = 805s)...
Presolve removed 0 rows and 0 columns (presolve time = 810s)...
Presolve removed 0 rows and 0 columns (presolve time = 815s)...
Presolve removed 0 rows and 0 columns (presolve time = 820s)...
Presolve removed 0 rows and 0 columns (presolve time = 825s)...
Presolve removed 0 rows and 0 columns (presolve time = 830s)...
Presolve removed 0 rows and 0 columns (presolve time = 835s)...
Presolve removed 0 rows and 0 columns (presolve time = 840s)...
Presolve removed 0 rows and 0 columns (presolve time = 845s)...
Presolve removed 0 rows and 0 columns (presolve time = 850s)...
Presolve removed 0 rows and 0 columns (presolve time = 855s)...
Presolve removed 0 rows and 0 columns (presolve time = 860s)...
Presolve removed 0 rows and 0 columns (presolve time = 865s)...
Presolve removed 0 rows and 0 columns (presolve time = 870s)...
Presolve removed 0 rows and 0 columns (presolve time = 875s)...
Presolve removed 0 rows and 0 columns (presolve time = 880s)...
Presolve removed 0 rows and 0 columns (presolve time = 885s)...
Presolve removed 0 rows and 0 columns (presolve time = 890s)...
Presolve removed 0 rows and 0 columns (presolve time = 895s)...
Presolve removed 0 rows and 0 columns (presolve time = 900s)...
Presolve removed 0 rows and 0 columns (presolve time = 905s)...
Presolve removed 0 rows and 0 columns (presolve time = 910s)...
Presolve removed 0 rows and 0 columns (presolve time = 915s)...
Presolve removed 0 rows and 0 columns (presolve time = 920s)...
Presolve removed 0 rows and 0 columns (presolve time = 925s)...
Presolve removed 0 rows and 0 columns (presolve time = 930s)...
Presolve removed 0 rows and 0 columns (presolve time = 935s)...
Presolve removed 0 rows and 0 columns (presolve time = 940s)...
Presolve removed 0 rows and 0 columns (presolve time = 945s)...
Presolve removed 0 rows and 0 columns (presolve time = 950s)...
Presolve removed 0 rows and 0 columns (presolve time = 955s)...
Presolve removed 0 rows and 0 columns (presolve time = 960s)...
Presolve removed 0 rows and 0 columns (presolve time = 965s)...
Presolve removed 0 rows and 0 columns (presolve time = 970s)...
Presolve removed 0 rows and 0 columns (presolve time = 975s)...
Presolve removed 0 rows and 0 columns (presolve time = 980s)...
Presolve removed 0 rows and 0 columns (presolve time = 985s)...
Presolve removed 0 rows and 0 columns (presolve time = 990s)...
Presolve removed 0 rows and 0 columns (presolve time = 995s)...
Presolve removed 0 rows and 0 columns (presolve time = 1000s)...
Presolve removed 0 rows and 0 columns (presolve time = 1005s)...
Presolve removed 0 rows and 0 columns (presolve time = 1010s)...
Presolve removed 0 rows and 0 columns (presolve time = 1015s)...
Presolve removed 0 rows and 0 columns (presolve time = 1020s)...
Presolve removed 0 rows and 0 columns (presolve time = 1025s)...
Presolve removed 0 rows and 0 columns (presolve time = 1030s)...
Presolve removed 0 rows and 0 columns (presolve time = 1035s)...
Presolve removed 0 rows and 0 columns (presolve time = 1040s)...
Presolve removed 0 rows and 0 columns (presolve time = 1045s)...
Presolve removed 0 rows and 0 columns (presolve time = 1050s)...
Presolve removed 0 rows and 0 columns (presolve time = 1055s)...
Presolve removed 0 rows and 0 columns (presolve time = 1060s)...
Presolve removed 0 rows and 0 columns (presolve time = 1065s)...
Presolve removed 0 rows and 0 columns (presolve time = 1070s)...
Presolve removed 0 rows and 0 columns (presolve time = 1075s)...
Presolve removed 0 rows and 0 columns (presolve time = 1080s)...
Presolve removed 0 rows and 0 columns (presolve time = 1085s)...
Presolve removed 0 rows and 0 columns (presolve time = 1090s)...
Presolve removed 0 rows and 0 columns (presolve time = 1095s)...
Presolve removed 0 rows and 0 columns (presolve time = 1100s)...
Presolve removed 0 rows and 0 columns (presolve time = 1105s)...
Presolve removed 0 rows and 0 columns (presolve time = 1110s)...
Presolve removed 0 rows and 0 columns (presolve time = 1115s)...
Presolve removed 0 rows and 0 columns (presolve time = 1120s)...
Presolve removed 0 rows and 0 columns (presolve time = 1125s)...
Presolve removed 0 rows and 0 columns (presolve time = 1130s)...
Presolve removed 0 rows and 0 columns (presolve time = 1135s)...
Presolve removed 0 rows and 0 columns (presolve time = 1140s)...
Presolve removed 0 rows and 0 columns (presolve time = 1145s)...
Presolve removed 0 rows and 0 columns (presolve time = 1150s)...
Presolve removed 0 rows and 0 columns (presolve time = 1155s)...
Presolve removed 0 rows and 0 columns (presolve time = 1160s)...
Presolve removed 0 rows and 0 columns (presolve time = 1165s)...
Presolve removed 0 rows and 0 columns (presolve time = 1170s)...
Presolve removed 0 rows and 0 columns (presolve time = 1175s)...
Presolve removed 0 rows and 0 columns (presolve time = 1180s)...
Presolve removed 0 rows and 0 columns (presolve time = 1185s)...
Presolve removed 0 rows and 0 columns (presolve time = 1190s)...
Presolve removed 0 rows and 0 columns (presolve time = 1195s)...
Presolve removed 0 rows and 0 columns (presolve time = 1200s)...
Presolve removed 0 rows and 0 columns (presolve time = 1205s)...
Presolve removed 0 rows and 0 columns (presolve time = 1210s)...
Presolve removed 0 rows and 0 columns (presolve time = 1215s)...
Presolve removed 0 rows and 0 columns (presolve time = 1220s)...
Presolve removed 0 rows and 0 columns (presolve time = 1225s)...
Presolve removed 0 rows and 0 columns (presolve time = 1230s)...
Presolve removed 0 rows and 0 columns (presolve time = 1235s)...
Presolve removed 0 rows and 0 columns (presolve time = 1240s)...
Presolve removed 0 rows and 0 columns (presolve time = 1245s)...
Presolve removed 0 rows and 0 columns (presolve time = 1250s)...
Presolve removed 0 rows and 0 columns (presolve time = 1255s)...
Presolve removed 0 rows and 0 columns (presolve time = 1260s)...
Presolve removed 0 rows and 0 columns (presolve time = 1265s)...
Presolve removed 0 rows and 0 columns (presolve time = 1270s)...
Presolve removed 0 rows and 0 columns (presolve time = 1275s)...
Presolve removed 0 rows and 0 columns (presolve time = 1280s)...
Presolve removed 0 rows and 0 columns (presolve time = 1285s)...
Presolve removed 0 rows and 0 columns (presolve time = 1290s)...
Presolve removed 0 rows and 0 columns (presolve time = 1295s)...
Presolve removed 0 rows and 0 columns (presolve time = 1300s)...
Presolve removed 0 rows and 0 columns (presolve time = 1305s)...
Presolve removed 0 rows and 0 columns (presolve time = 1310s)...
Presolve removed 0 rows and 0 columns (presolve time = 1315s)...
Presolve removed 0 rows and 0 columns (presolve time = 1320s)...
Presolve removed 0 rows and 0 columns (presolve time = 1325s)...
Presolve removed 0 rows and 0 columns (presolve time = 1330s)...
Presolve removed 0 rows and 0 columns (presolve time = 1335s)...
Presolve removed 0 rows and 0 columns (presolve time = 1340s)...
Presolve removed 0 rows and 0 columns (presolve time = 1345s)...
Presolve removed 0 rows and 0 columns (presolve time = 1350s)...
Presolve removed 0 rows and 0 columns (presolve time = 1355s)...
Presolve removed 0 rows and 0 columns (presolve time = 1360s)...
Presolve removed 0 rows and 0 columns (presolve time = 1365s)...
Presolve removed 0 rows and 0 columns (presolve time = 1370s)...
Presolve removed 0 rows and 0 columns (presolve time = 1375s)...
Presolve removed 0 rows and 0 columns (presolve time = 1380s)...
Presolve removed 0 rows and 0 columns (presolve time = 1385s)...
Presolve removed 0 rows and 0 columns (presolve time = 1390s)...
Presolve removed 0 rows and 0 columns (presolve time = 1395s)...
Presolve removed 0 rows and 0 columns (presolve time = 1400s)...
Presolve removed 0 rows and 0 columns (presolve time = 1405s)...
Presolve removed 0 rows and 0 columns (presolve time = 1410s)...
Presolve removed 0 rows and 0 columns (presolve time = 1415s)...
Presolve removed 0 rows and 0 columns (presolve time = 1420s)...
Presolve removed 0 rows and 0 columns (presolve time = 1425s)...
Presolve removed 0 rows and 0 columns (presolve time = 1430s)...
Presolve removed 0 rows and 0 columns (presolve time = 1435s)...
Presolve removed 0 rows and 0 columns (presolve time = 1440s)...
Presolve removed 0 rows and 0 columns (presolve time = 1445s)...
Presolve removed 0 rows and 0 columns (presolve time = 1450s)...
Presolve removed 0 rows and 0 columns (presolve time = 1455s)...
Presolve removed 0 rows and 0 columns (presolve time = 1460s)...
Presolve removed 0 rows and 0 columns (presolve time = 1465s)...
Presolve removed 0 rows and 0 columns (presolve time = 1470s)...
Presolve removed 0 rows and 0 columns (presolve time = 1475s)...
Presolve removed 0 rows and 0 columns (presolve time = 1480s)...
Presolve removed 0 rows and 0 columns (presolve time = 1485s)...
Presolve removed 0 rows and 0 columns (presolve time = 1490s)...
Presolve removed 0 rows and 0 columns (presolve time = 1495s)...
Presolve removed 0 rows and 0 columns (presolve time = 1500s)...
Presolve removed 0 rows and 0 columns (presolve time = 1505s)...
Presolve removed 0 rows and 0 columns (presolve time = 1510s)...
Presolve removed 0 rows and 0 columns (presolve time = 1515s)...
Presolve removed 0 rows and 0 columns (presolve time = 1520s)...
Presolve removed 0 rows and 0 columns (presolve time = 1525s)...
Presolve removed 0 rows and 0 columns (presolve time = 1530s)...
Presolve removed 0 rows and 0 columns (presolve time = 1535s)...
Presolve removed 0 rows and 0 columns (presolve time = 1540s)...
Presolve removed 0 rows and 0 columns (presolve time = 1545s)...
Presolve removed 0 rows and 0 columns (presolve time = 1550s)...
Presolve removed 0 rows and 0 columns (presolve time = 1555s)...
Presolve removed 0 rows and 0 columns (presolve time = 1560s)...
Presolve removed 0 rows and 0 columns (presolve time = 1565s)...
Presolve removed 0 rows and 0 columns (presolve time = 1570s)...
Presolve removed 0 rows and 0 columns (presolve time = 1575s)...
Presolve removed 0 rows and 0 columns (presolve time = 1580s)...
Presolve removed 0 rows and 0 columns (presolve time = 1585s)...
Presolve removed 0 rows and 0 columns (presolve time = 1590s)...
Presolve removed 0 rows and 0 columns (presolve time = 1595s)...
Presolve removed 0 rows and 0 columns (presolve time = 1600s)...
Presolve removed 0 rows and 0 columns (presolve time = 1605s)...
Presolve removed 0 rows and 0 columns (presolve time = 1610s)...
Presolve removed 0 rows and 0 columns (presolve time = 1615s)...
Presolve removed 0 rows and 0 columns (presolve time = 1620s)...
Presolve removed 0 rows and 0 columns (presolve time = 1625s)...
Presolve removed 0 rows and 0 columns (presolve time = 1630s)...
Presolve removed 0 rows and 0 columns (presolve time = 1635s)...
Presolve removed 0 rows and 0 columns (presolve time = 1640s)...
Presolve removed 0 rows and 0 columns (presolve time = 1645s)...
Presolve removed 0 rows and 0 columns (presolve time = 1650s)...
Presolve removed 0 rows and 0 columns (presolve time = 1655s)...
Presolve removed 0 rows and 0 columns (presolve time = 1660s)...
Presolve removed 0 rows and 0 columns (presolve time = 1665s)...
Presolve removed 0 rows and 0 columns (presolve time = 1670s)...
Presolve removed 0 rows and 0 columns (presolve time = 1675s)...
Presolve removed 0 rows and 0 columns (presolve time = 1680s)...
Presolve removed 0 rows and 0 columns (presolve time = 1685s)...
Presolve removed 0 rows and 0 columns (presolve time = 1690s)...
Presolve removed 0 rows and 0 columns (presolve time = 1695s)...
Presolve removed 0 rows and 0 columns (presolve time = 1700s)...
Presolve removed 0 rows and 0 columns (presolve time = 1705s)...
Presolve removed 0 rows and 0 columns (presolve time = 1710s)...
Presolve removed 0 rows and 0 columns (presolve time = 1715s)...
Presolve removed 0 rows and 0 columns (presolve time = 1720s)...
Presolve removed 0 rows and 0 columns (presolve time = 1725s)...
Presolve removed 0 rows and 0 columns (presolve time = 1730s)...
Presolve removed 0 rows and 0 columns (presolve time = 1735s)...
Presolve removed 0 rows and 0 columns (presolve time = 1740s)...
Presolve removed 0 rows and 0 columns (presolve time = 1745s)...
Presolve removed 0 rows and 0 columns (presolve time = 1750s)...
Presolve removed 0 rows and 0 columns (presolve time = 1755s)...
Presolve removed 0 rows and 0 columns (presolve time = 1760s)...
Presolve removed 0 rows and 0 columns (presolve time = 1765s)...
Presolve removed 0 rows and 0 columns (presolve time = 1770s)...
Presolve removed 0 rows and 0 columns (presolve time = 1775s)...
Presolve removed 0 rows and 0 columns (presolve time = 1780s)...
Presolve removed 0 rows and 0 columns (presolve time = 1785s)...
Presolve removed 0 rows and 0 columns (presolve time = 1790s)...
Presolve removed 0 rows and 0 columns (presolve time = 1795s)...
Presolve removed 0 rows and 0 columns (presolve time = 1800s)...
Presolve removed 0 rows and 0 columns (presolve time = 1805s)...
Presolve removed 0 rows and 0 columns (presolve time = 1810s)...
Presolve removed 0 rows and 0 columns (presolve time = 1815s)...
Presolve removed 0 rows and 0 columns (presolve time = 1820s)...
Presolve removed 0 rows and 0 columns (presolve time = 1825s)...
Presolve removed 0 rows and 0 columns (presolve time = 1830s)...
Presolve removed 0 rows and 0 columns (presolve time = 1835s)...
Presolve removed 0 rows and 0 columns (presolve time = 1840s)...
Presolve removed 0 rows and 0 columns (presolve time = 1845s)...
Presolve removed 0 rows and 0 columns (presolve time = 1850s)...
Presolve removed 0 rows and 0 columns (presolve time = 1855s)...
Presolve removed 0 rows and 0 columns (presolve time = 1860s)...
Presolve removed 0 rows and 0 columns (presolve time = 1865s)...
Presolve removed 0 rows and 0 columns (presolve time = 1870s)...
Presolve removed 0 rows and 0 columns (presolve time = 1875s)...
Presolve removed 0 rows and 0 columns (presolve time = 1880s)...
Presolve removed 0 rows and 0 columns (presolve time = 1885s)...
Presolve removed 0 rows and 0 columns (presolve time = 1890s)...
Presolve removed 0 rows and 0 columns (presolve time = 1895s)...
Presolve removed 0 rows and 0 columns (presolve time = 1900s)...
Presolve removed 0 rows and 0 columns (presolve time = 1905s)...
Presolve removed 0 rows and 0 columns (presolve time = 1910s)...
Presolve removed 0 rows and 0 columns (presolve time = 1915s)...
Presolve removed 0 rows and 0 columns (presolve time = 1920s)...
Presolve removed 0 rows and 0 columns (presolve time = 1925s)...
Presolve removed 0 rows and 0 columns (presolve time = 1930s)...
Presolve removed 0 rows and 0 columns (presolve time = 1935s)...
Presolve removed 0 rows and 0 columns (presolve time = 1940s)...
Presolve removed 0 rows and 0 columns (presolve time = 1945s)...
Presolve removed 0 rows and 0 columns (presolve time = 1950s)...
Presolve removed 0 rows and 0 columns (presolve time = 1955s)...
Presolve removed 0 rows and 0 columns (presolve time = 1960s)...
Presolve removed 0 rows and 0 columns (presolve time = 1965s)...
Presolve removed 0 rows and 0 columns (presolve time = 1970s)...
Presolve removed 0 rows and 0 columns (presolve time = 1975s)...
Presolve removed 0 rows and 0 columns (presolve time = 1980s)...
Presolve removed 0 rows and 0 columns (presolve time = 1985s)...
Presolve removed 0 rows and 0 columns (presolve time = 1990s)...
Presolve removed 0 rows and 0 columns (presolve time = 1995s)...
Presolve removed 0 rows and 0 columns (presolve time = 2000s)...
Presolve removed 0 rows and 0 columns (presolve time = 2005s)...
Presolve removed 0 rows and 0 columns (presolve time = 2010s)...
Presolve removed 0 rows and 0 columns (presolve time = 2015s)...
Presolve removed 0 rows and 0 columns (presolve time = 2020s)...
Presolve removed 0 rows and 0 columns (presolve time = 2025s)...
Presolve removed 0 rows and 0 columns (presolve time = 2030s)...
Presolve removed 0 rows and 0 columns (presolve time = 2035s)...
Presolve removed 0 rows and 0 columns (presolve time = 2040s)...
Presolve removed 0 rows and 0 columns (presolve time = 2045s)...
Presolve removed 0 rows and 0 columns (presolve time = 2050s)...
Presolve removed 0 rows and 0 columns (presolve time = 2055s)...
Presolve removed 0 rows and 0 columns (presolve time = 2060s)...
Presolve removed 0 rows and 0 columns (presolve time = 2065s)...
Presolve removed 0 rows and 0 columns (presolve time = 2070s)...
Presolve removed 0 rows and 0 columns (presolve time = 2075s)...
Presolve removed 0 rows and 0 columns (presolve time = 2080s)...
Presolve removed 0 rows and 0 columns (presolve time = 2085s)...
Presolve removed 0 rows and 0 columns (presolve time = 2090s)...
Presolve removed 0 rows and 0 columns (presolve time = 2095s)...
Presolve removed 0 rows and 0 columns (presolve time = 2100s)...
Presolve removed 0 rows and 0 columns (presolve time = 2105s)...
Presolve removed 0 rows and 0 columns (presolve time = 2110s)...
Presolve removed 0 rows and 0 columns (presolve time = 2115s)...
Presolve removed 0 rows and 0 columns (presolve time = 2120s)...
Presolve removed 0 rows and 0 columns (presolve time = 2125s)...
Presolve removed 0 rows and 0 columns (presolve time = 2130s)...
Presolve removed 0 rows and 0 columns (presolve time = 2135s)...
Presolve removed 0 rows and 0 columns (presolve time = 2140s)...
Presolve removed 0 rows and 0 columns (presolve time = 2145s)...
Presolve removed 0 rows and 0 columns (presolve time = 2150s)...
Presolve removed 0 rows and 0 columns (presolve time = 2155s)...
Presolve removed 0 rows and 0 columns (presolve time = 2160s)...
Presolve removed 0 rows and 0 columns (presolve time = 2165s)...
Presolve removed 0 rows and 0 columns (presolve time = 2170s)...
Presolve removed 0 rows and 0 columns (presolve time = 2175s)...
Presolve removed 0 rows and 0 columns (presolve time = 2197s)...
Presolve time: 2196.79s
Presolved: 392028 rows, 71800 columns, 128645496 nonzeros
Variable types: 0 continuous, 71800 integer (71800 binary)

Root simplex log...

Iteration    Objective       Primal Inf.    Dual Inf.      Time
       0   -0.0000000e+00   0.000000e+00   6.900000e+03   2272s
      79    5.4762883e+03   0.000000e+00   0.000000e+00   2272s
      79    5.4762883e+03   0.000000e+00   0.000000e+00   2272s

Use crossover to convert LP symmetric solution to basic solution...

Root crossover log...

  371924 variables added to crossover basis                     2282s
  376454 variables added to crossover basis                     2285s
  377774 variables added to crossover basis                     2290s
  378284 variables added to crossover basis                     2295s
  379004 variables added to crossover basis                     2300s
  379574 variables added to crossover basis                     2305s
  380054 variables added to crossover basis                     2310s
  380474 variables added to crossover basis                     2315s
  380864 variables added to crossover basis                     2320s
  381254 variables added to crossover basis                     2325s
  381614 variables added to crossover basis                     2330s
  381944 variables added to crossover basis                     2335s
  382244 variables added to crossover basis                     2341s
  382514 variables added to crossover basis                     2345s
  382754 variables added to crossover basis                     2350s
  383024 variables added to crossover basis                     2355s
  383384 variables added to crossover basis                     2360s
  383804 variables added to crossover basis                     2365s
  384164 variables added to crossover basis                     2370s
  384464 variables added to crossover basis                     2376s
  385514 variables added to crossover basis                     2380s
  385814 variables added to crossover basis                     2385s
  386174 variables added to crossover basis                     2391s
  386414 variables added to crossover basis                     2395s
  386654 variables added to crossover basis                     2400s
  386864 variables added to crossover basis                     2405s
  387074 variables added to crossover basis                     2411s
  387254 variables added to crossover basis                     2415s
  387464 variables added to crossover basis                     2420s
  387674 variables added to crossover basis                     2425s
  387854 variables added to crossover basis                     2430s
  388034 variables added to crossover basis                     2435s
  388214 variables added to crossover basis                     2440s
  388394 variables added to crossover basis                     2445s
  388574 variables added to crossover basis                     2450s
  388754 variables added to crossover basis                     2456s
  388904 variables added to crossover basis                     2460s
  389054 variables added to crossover basis                     2465s
  389234 variables added to crossover basis                     2471s
  389384 variables added to crossover basis                     2475s
  389534 variables added to crossover basis                     2481s
  389684 variables added to crossover basis                     2486s
  389834 variables added to crossover basis                     2491s
  389954 variables added to crossover basis                     2495s
  390104 variables added to crossover basis                     2500s
  390254 variables added to crossover basis                     2506s
  390374 variables added to crossover basis                     2510s
  390524 variables added to crossover basis                     2516s
  390644 variables added to crossover basis                     2520s
  390794 variables added to crossover basis                     2526s
  390914 variables added to crossover basis                     2530s
  391064 variables added to crossover basis                     2536s
  391184 variables added to crossover basis                     2540s
  391304 variables added to crossover basis                     2545s
  391454 variables added to crossover basis                     2551s
  391574 variables added to crossover basis                     2555s
  391724 variables added to crossover basis                     2561s
  391844 variables added to crossover basis                     2565s
  391994 variables added to crossover basis                     2570s

       0 DPushes remaining with DInf 0.0000000e+00              3264s

       0 PPushes remaining with PInf 0.0000000e+00              3265s

  Push phase complete: Pinf 0.0000000e+00, Dinf 1.7320139e-08   3266s


Root simplex log...

Iteration    Objective       Primal Inf.    Dual Inf.      Time
      82    5.4762883e+03   0.000000e+00   0.000000e+00   3525s
Crossover time: 1252.25 seconds (3257.74 work units)

Root relaxation: objective 5.476288e+03, 82 iterations, 1315.30 seconds (3304.43 work units)

    Nodes    |    Current Node    |     Objective Bounds      |     Work
 Expl Unexpl |  Obj  Depth IntInf | Incumbent    BestBd   Gap | It/Node Time

     0     0 5476.28835    0 20104 12446.0000 5476.28835  56.0%     - 4288s
H    0     0                    7116.0000000 5476.28835  23.0%     - 4288s
H    0     0                    6871.0000000 5476.28835  20.3%     - 4289s
H    0     0                    6862.0000000 5476.28835  20.2%     - 6880s
H    0     0                    6757.0000000 5476.28835  19.0%     - 6886s
H    0     0                    6699.0000000 5476.28835  18.3%     - 6887s
H    0     0                    6694.0000000 5476.28835  18.2%     - 6888s
H    0     0                    6664.0000000 5476.28835  17.8%     - 6903s
H    0     0                    6663.0000000 5476.28835  17.8%     - 6903s
H    0     0                    6661.0000000 5476.28835  17.8%     - 7189s
H    0     0                    6660.0000000 5476.28835  17.8%     - 7190s
H    0     0                    6659.0000000 5476.28835  17.8%     - 7293s
H    0     0                    6658.0000000 5476.28835  17.7%     - 7294s
H    0     0                    6657.0000000 5476.28835  17.7%     - 7333s
H    0     0                    6656.0000000 5476.28835  17.7%     - 7387s
H    0     0                    6647.0000000 5476.28835  17.6%     - 8247s
H    0     0                    6646.0000000 5476.28835  17.6%     - 8735s
     0     0 5476.28835    0 20104 6646.00000 5476.28835  17.6%     - 16700s

Explored 1 nodes (82 simplex iterations) in 21615.54 seconds (39802.60 work units)
Thread count was 32 (of 32 available processors)

Solution count 10: 6646 6647 6656 ... 6664

Time limit reached
Best objective 6.646000000000e+03, best bound 5.477000000000e+03, gap 17.5895%

User-callback calls 465370, time in user-callback 1.50 sec
