
Gurobi 13.0.2 (linux64) logging started Thu Jul 16 22:35:07 2026

Set parameter LogFile to value "/tmp/sweep_20260716_013919_north-korea_alt260km_s50_i4_v6_gurobi.log"
Set parameter Method to value 1
Set parameter NodefileStart to value 4
Set parameter RINS to value 50
Gurobi Optimizer version 13.0.2 build v13.0.2rc1 (linux64 - "Debian GNU/Linux 13 (trixie)")

CPU model: Intel(R) Xeon(R) Platinum 8375C CPU @ 2.90GHz, instruction set [SSE2|AVX|AVX2|AVX512]
Thread count: 16 physical cores, 32 logical processors, using up to 32 threads

Non-default parameters:
TimeLimit  14400
MIPGap  0.001
Method  1
LPWarmStart  1
Heuristics  0.2
MIPFocus  1
NodefileStart  4
RINS  50
Symmetry  2
Cuts  2
CoverCuts  2
LogToConsole  0

Academic license 2812613 - for non-commercial use only - registered to no___@gatech.edu
Optimize a model with 1436 rows, 17950 columns and 219708 nonzeros (Min)
Model fingerprint: 0x9f2f1c39
Model has 17950 linear objective coefficients
Variable types: 0 continuous, 17950 integer (17950 binary)
Coefficient statistics:
  Matrix range     [1e+00, 1e+00]
  Objective range  [1e+00, 1e+00]
  Bounds range     [1e+00, 1e+00]
  RHS range        [1e+01, 1e+01]

Found heuristic solution: objective 2389.0000000
Presolve removed 0 rows and 1436 columns
Presolve time: 0.18s
Presolved: 1436 rows, 16514 columns, 203194 nonzeros
Variable types: 0 continuous, 16514 integer (15078 binary)

Root simplex log...

Iteration    Objective       Primal Inf.    Dual Inf.      Time
   11806    9.9890228e+02   8.142751e+02   0.000000e+00      5s
   16588    1.0000714e+03   0.000000e+00   0.000000e+00      9s

Root relaxation: objective 1.000071e+03, 16588 iterations, 8.93 seconds (16.32 work units)

    Nodes    |    Current Node    |     Objective Bounds      |     Work
 Expl Unexpl |  Obj  Depth IntInf | Incumbent    BestBd   Gap | It/Node Time

     0     0 1000.07143    0 1077 2389.00000 1000.07143  58.1%     -   10s
H    0     0                    1369.0000000 1000.07143  26.9%     -   10s
H    0     0                    1077.0000000 1000.07143  7.14%     -   10s
H    0     0                    1008.0000000 1000.07143  0.79%     -   10s
     0     0 1000.07143    0 1436 1008.00000 1000.07143  0.79%     -   16s
H    0     0                    1007.0000000 1000.07143  0.69%     -   44s
     0     0 1000.10747    0 1436 1007.00000 1000.10747  0.68%     -   58s
     0     2 1000.10747    0 1436 1007.00000 1000.10747  0.68%     -  105s
     2     2 1000.10747    1 1429 1007.00000 1000.10747  0.68%   664  110s
     3     4 1000.10747    2 1416 1007.00000 1000.10747  0.68%   473  118s
     5     8 1000.11329    3 1419 1007.00000 1000.10747  0.68%   310  124s
     9    16 1000.12984    4 1417 1007.00000 1000.11482  0.68%   218  136s
    17    32 1000.13826    5 1405 1007.00000 1000.12672  0.68%   167  146s
    33   152 1000.15146    6 1410 1007.00000 1000.13931  0.68%   180  165s
   265   340 1000.15825    7 1402 1007.00000 1000.13931  0.68%   267  173s
   341   356 1000.17504    8 1392 1007.00000 1000.13931  0.68%   277  175s
   373   388 1000.21853    9 1378 1007.00000 1000.13931  0.68%   278  187s
   389   404 1000.23108   10 1376 1007.00000 1000.13931  0.68%   278  192s
   405   420 1000.25557   11 1369 1007.00000 1000.13931  0.68%   278  200s
   465   536 1000.28085   12 1361 1007.00000 1000.13931  0.68%   287  218s
   537   613 1000.30549   12 1354 1007.00000 1000.13931  0.68%   299  225s
   614   700 1000.33230   13 1350 1007.00000 1000.13931  0.68%   331  238s
   701   798 1000.34405   13 1358 1007.00000 1000.13931  0.68%   343  245s
   799   821 1000.38223   14 1348 1007.00000 1000.13931  0.68%   355  259s
   822   837 1000.39620   15 1349 1007.00000 1000.13931  0.68%   356  266s
   838   853 1000.41238   15 1331 1007.00000 1000.13931  0.68%   357  272s
   854   869 1000.44249   16 1329 1007.00000 1000.13931  0.68%   364  278s
   870   885 1000.47303   16 1337 1007.00000 1000.13931  0.68%   364  286s
   886   901 1000.48054   17 1329 1007.00000 1000.13931  0.68%   364  295s
   902   924 1000.50077   18 1330 1007.00000 1000.13931  0.68%   365  303s
   925   946 1000.50618   18 1326 1007.00000 1000.13931  0.68%   364  315s
   947   968 1000.54321   19 1329 1007.00000 1000.13931  0.68%   364  325s
   969   990 1000.58977   22 1310 1007.00000 1000.13931  0.68%   364  334s
   991  1024 1000.61060   23 1316 1007.00000 1000.13931  0.68%   364  346s
  1025  1053 1000.65617   24 1301 1007.00000 1000.13931  0.68%   365  355s
  1054  1128 1000.65408   24 1312 1007.00000 1000.13931  0.68%   366  362s
  1129  1232 1000.71470   25 1293 1007.00000 1000.13931  0.68%   368  380s
  1233  1410 1000.75540   26 1289 1007.00000 1000.13931  0.68%   378  389s
  1411  1525 1000.76088   26 1302 1007.00000 1000.13931  0.68%   384  399s
  1526  1657 1000.81871   27 1285 1007.00000 1000.13931  0.68%   390  408s
  1658  1797 1000.78198   27 1281 1007.00000 1000.13931  0.68%   408  418s
  1798  1835 1000.83427   28 1287 1007.00000 1000.13931  0.68%   412  430s
  1836  1851 1000.86432   29 1287 1007.00000 1000.13931  0.68%   412  438s
  1852  1867 1000.87546   29 1270 1007.00000 1000.13931  0.68%   411  445s
  1868  1883 1000.89249   30 1265 1007.00000 1000.13931  0.68%   411  451s
  1884  1903 1000.90950   30 1266 1007.00000 1000.13931  0.68%   411  460s
  1904  1938 1000.95312   31 1271 1007.00000 1000.13931  0.68%   411  470s
  1939  1970 1001.24401   36 1249 1007.00000 1000.13931  0.68%   411  478s
  1971  1986 1001.43273   40 1230 1007.00000 1000.13931  0.68%   411  489s
  1987  2002 1001.44500   41 1228 1007.00000 1000.13931  0.68%   411  498s
  2003  2018 1001.46488   41 1214 1007.00000 1000.13931  0.68%   411  509s
  2019  2038 1001.45060   42 1221 1007.00000 1000.13931  0.68%   412  519s
  2065  2074 1001.49485   43 1222 1007.00000 1000.13931  0.68%   411  529s
  2111  2104 1001.53276   44 1234 1007.00000 1000.14289  0.68%   411  542s
  2141  2120 1001.59702   44 1217 1007.00000 1000.14289  0.68%   412  570s
  2157  2160 1001.68089   45 1218 1007.00000 1000.14289  0.68%   412  582s
  2197  2185 1001.69568   45 1220 1007.00000 1000.14289  0.68%   412  597s
  2222  2224 1001.76597   46 1206 1007.00000 1000.14289  0.68%   413  607s
  2261  2252 1001.81318   46 1222 1007.00000 1000.14289  0.68%   413  617s
  2289  2277 1001.94824   51 1201 1007.00000 1000.14289  0.68%   412  629s
  2314  2334 1001.96749   51 1201 1007.00000 1000.14289  0.68%   414  640s
  2371  2434 1001.96934   52 1190 1007.00000 1000.14289  0.68%   416  651s
  2471  2598 1002.03475   52 1199 1007.00000 1000.14289  0.68%   417  662s
  2637  2755 1001.98206   53 1195 1007.00000 1000.14289  0.68%   419  672s
  2794  2795 1002.34470   62 1193 1007.00000 1000.14289  0.68%   419  683s
  2834  2826 1002.42793   62 1196 1007.00000 1000.14289  0.68%   419  695s
  2867  2842 1002.35658   63 1202 1007.00000 1000.14289  0.68%   419  707s
  2883  2854 1002.47240   63 1193 1007.00000 1000.14289  0.68%   419  719s
  2899  2854 1000.16338    6 1399 1007.00000 1000.14289  0.68%   418  720s
  2903  2870 1002.48531   64 1201 1007.00000 1000.14289  0.68%   418  732s
  2919  2989 1002.49892   64 1192 1007.00000 1000.14289  0.68%   418  745s
  3038  3005 1002.53834   65 1193 1007.00000 1000.14289  0.68%   417  759s
  3054  3086 1002.55202   65 1191 1007.00000 1000.14289  0.68%   417  776s
  3141  3138 1002.56632   66 1195 1007.00000 1000.14391  0.68%   417  792s
  3193  3150 1002.56938   67 1195 1007.00000 1000.14391  0.68%   417  808s
  3213  3166 1002.62513   67 1191 1007.00000 1000.14391  0.68%   417  822s
  3229  3182 1002.57122   68 1201 1007.00000 1000.14391  0.68%   417  844s
  3245  3198 1002.61161   68 1209 1007.00000 1000.14391  0.68%   417  863s
  3261  3214 1002.62269   69 1199 1007.00000 1000.14391  0.68%   417  885s
  3277  3312 1002.59169   69 1191 1007.00000 1000.14391  0.68%   417  909s
  3375  3523 1002.62212   70 1202 1007.00000 1000.14391  0.68%   416  925s
  3586  3605 1003.37494   88 1188 1007.00000 1000.14391  0.68%   417  941s
  3668  3745 1003.43444   89 1176 1007.00000 1000.14391  0.68%   418  957s
  3814  3960 1003.44050   89 1205 1007.00000 1000.14391  0.68%   419  977s
  4053  4077 1003.48282   90 1195 1007.00000 1000.14391  0.68%   420  996s
  4182  4204 1003.48710   90 1195 1007.00000 1000.14391  0.68%   419 1015s
  4309  4422 1003.57759   91 1184 1007.00000 1000.14391  0.68%   419 1036s
  4541  4504 1004.59760  113 1162 1007.00000 1000.14391  0.68%   418 1057s
  4629  4567 1004.78634  121 1150 1007.00000 1000.14391  0.68%   417 1082s
  4704  4728 1004.85815  121 1156 1007.00000 1000.14391  0.68%   417 1105s
  4869  4744 1004.89819  122 1154 1007.00000 1000.14391  0.68%   416 1130s
  4885  4835 1004.91579  123 1164 1007.00000 1000.14391  0.68%   415 1153s
  5008  5061 1005.31399  133 1148 1007.00000 1000.14391  0.68%   414 1181s
  5264  5418 1005.38737  133 1144 1007.00000 1000.14980  0.68%   414 1209s
  5350  5418 1000.19754    7 1392 1007.00000 1000.14980  0.68%   413 1210s
  5661  5567 1005.36031  134 1150 1007.00000 1000.15294  0.68%   411 1236s
  5858  5568 1000.74862   27 1436 1007.00000 1000.15294  0.68%   409 1360s
  5860  5569 1002.87354   77 1077 1007.00000 1000.15294  0.68%   409 1378s
  5861  5570 1000.50115   19 1436 1007.00000 1000.15294  0.68%   409 1467s
  5862  5571 1001.99074   56 1436 1007.00000 1000.15294  0.68%   409 1474s
  5863  5571 1003.41873   95 1436 1007.00000 1000.15294  0.68%   409 1491s
  5864  5572 1001.34487   43 1436 1007.00000 1000.15294  0.68%   409 1506s
  5865  5573 1000.82258   30 1436 1007.00000 1000.15294  0.68%   409 1517s
  5866  5573 1005.63875  141 1436 1007.00000 1000.21428  0.67%   409 1635s
  5867  5576 1000.21428   14 1429 1007.00000 1000.21428  0.67%   412 1640s
  5868  5577 1000.21428   15 1419 1007.00000 1000.21428  0.67%   412 1646s
  5883  5600 1000.21428   18 1409 1007.00000 1000.21428  0.67%   411 1651s
  5899  5624 1000.21428   19 1408 1007.00000 1000.21428  0.67%   411 1656s
  5929  5630 1000.21428   20 1408 1007.00000 1000.21428  0.67%   409 1660s
  5945  5641 1000.21428   20 1404 1007.00000 1000.21428  0.67%   409 1665s
  5961  5652 1000.21428   21 1400 1007.00000 1000.21428  0.67%   409 1671s
  5977  5662 1000.21428   21 1410 1007.00000 1000.21428  0.67%   408 1679s
  5993  5673 1000.24722   22 1403 1007.00000 1000.21428  0.67%   408 1691s
  6009  5684 1000.22238   22 1400 1007.00000 1000.21428  0.67%   408 1702s
  6025  5694 1000.28828   23 1386 1007.00000 1000.21428  0.67%   407 1716s
  6041  5705 1000.27677   23 1387 1007.00000 1000.21428  0.67%   407 1732s
  6057  5716 1000.32201   24 1383 1007.00000 1000.21428  0.67%   407 1749s
  6073  5727 1000.33678   24 1382 1007.00000 1000.21428  0.67%   406 1776s
  6090  5823 1000.37954   25 1372 1007.00000 1000.21428  0.67%   406 1806s
  6191  5904 1000.38453   25 1365 1007.00000 1000.21428  0.67%   404 1824s
  6306  5882 1000.52620   30 1335 1007.00000 1000.21428  0.67%   405 1841s
  6322  5892 1000.56714   31 1317 1007.00000 1000.21428  0.67%   405 1862s
  6338  5903 1000.55207   31 1326 1007.00000 1000.21428  0.67%   404 1880s
  6354  5944 1000.58085   32 1315 1007.00000 1000.21428  0.67%   404 1900s
  6400  5944 1000.59264   32 1313 1007.00000 1000.21428  0.67%   404 1918s
  6416  6060 1000.60568   33 1317 1007.00000 1000.21428  0.67%   404 1939s
  6537  6153 1000.69815   35 1314 1007.00000 1000.21428  0.67%   403 1957s
  6670  6124 1000.98289   42 1277 1007.00000 1000.21428  0.67%   403 1974s
  6686  6140 1001.00350   42 1282 1007.00000 1000.21428  0.67%   403 1995s
  6707  6210 1001.02594   43 1289 1007.00000 1000.21428  0.67%   404 2013s
  6784  6282 1001.06350   43 1286 1007.00000 1000.21428  0.67%   404 2034s
  6882  6325 1001.06935   44 1289 1007.00000 1000.21428  0.67%   404 2049s
  6957  6418 1001.08221   44 1288 1007.00000 1000.21428  0.67%   404 2064s
  7075  6511 1001.46418   54 1245 1007.00000 1000.21428  0.67%   406 2078s
  7208  6537 1001.81399   61 1234 1007.00000 1000.21428  0.67%   406 2092s
  7278  6566 1002.23637   67 1219 1007.00000 1000.21428  0.67%   407 2108s
  7330  6583 1002.41515   69 1198 1007.00000 1000.21428  0.67%   408 2121s
  7365  6704 1002.31428   70 1189 1007.00000 1000.21428  0.67%   408 2137s
  7497  6706 1002.64245   77 1196 1007.00000 1000.21428  0.67%   409 2150s
  7543  6748 1002.68164   78 1181 1007.00000 1000.21428  0.67%   409 2164s
  7601  6745 1002.95238   82 1191 1007.00000 1000.21428  0.67%   409 2178s
  7617  6756 1002.93316   82 1204 1007.00000 1000.21428  0.67%   409 2197s
  7633  6770 1002.96133   83 1206 1007.00000 1000.21428  0.67%   410 2211s
  7653  6859 1002.99734   83 1184 1007.00000 1000.21428  0.67%   410 2228s
  7748  6855 1002.99745   84 1202 1007.00000 1000.21428  0.67%   410 2246s
  7776  6915 1002.99860   84 1209 1007.00000 1000.21428  0.67%   411 2263s
  7845  6958 1003.04484   85 1209 1007.00000 1000.21428  0.67%   411 2280s
  7911  6956 1003.10483   88 1201 1007.00000 1000.21428  0.67%   411 2297s
  7931  6987 1003.11388   88 1198 1007.00000 1000.21428  0.67%   411 2314s
  7969  7030 1003.16742   89 1197 1007.00000 1000.21428  0.67%   411 2335s
  8025  7158 1003.16314   89 1189 1007.00000 1000.21428  0.67%   412 2353s
  8215  7401 1003.33319   94 1174 1007.00000 1000.21428  0.67%   413 2371s
  8522  7584 1004.07284  109 1141 1007.00000 1000.21428  0.67%   415 2391s
  8825  7601 1004.38517  120 1141 1007.00000 1000.21428  0.67%   416 2409s
  8943  7655 1004.74827  125 1138 1007.00000 1000.21428  0.67%   416 2430s
  9036  7675 1004.91571  129 1148 1007.00000 1000.21428  0.67%   417 2453s
  9087  7688 1004.94159  129 1136 1007.00000 1000.21428  0.67%   417 2479s
  9117  7750 1004.94893  130 1140 1007.00000 1000.21428  0.67%   417 2502s
  9189  7790 1004.94141  130 1154 1007.00000 1000.21428  0.67%   417 2523s
  9253  8228 1005.02089  134 1146 1007.00000 1000.21428  0.67%   417 2545s
  9725  8366 1005.86823  155 1130 1007.00000 1000.21428  0.67%   420 2566s
 10064  8354 1000.21428   20 1371 1007.00000 1000.21428  0.67%   421 2588s
 10165  8495 1000.22057   21 1373 1007.00000 1000.21428  0.67%   421 2611s
 10352  8674 1000.23250   22 1363 1007.00000 1000.21428  0.67%   421 2636s
 10655  8590 1000.25124   23 1361 1007.00000 1000.21428  0.67%   422 2662s
 10672  8654 1000.30983   25 1347 1007.00000 1000.21428  0.67%   422 2687s
 10764  8699 1000.33795   26 1337 1007.00000 1000.21428  0.67%   421 2715s
 10839  8791 1000.35109   27 1340 1007.00000 1000.21428  0.67%   421 2748s
 10956  8866 1000.37415   28 1332 1007.00000 1000.21428  0.67%   422 2775s
 11137  8973 1000.38536   29 1323 1007.00000 1000.21428  0.67%   422 2804s
 11329  9030 1000.75525   43 1268 1007.00000 1000.21428  0.67%   421 2834s
 11450  9034 1000.76996   44 1266 1007.00000 1000.21428  0.67%   421 2864s
 11516  9282 1000.81096   45 1254 1007.00000 1000.21428  0.67%   421 2897s
 11786  9337 1001.96553   74 1191 1007.00000 1000.21428  0.67%   421 2931s
 11931  9364 1002.16585   80 1170 1007.00000 1000.21428  0.67%   421 2968s
 12006  9673 1002.96152  100 1148 1007.00000 1000.21428  0.67%   420 3006s
 12385  9565 1002.98191  101 1141 1007.00000 1000.21428  0.67%   420 3050s
 12404 10037 1003.06186  102 1146 1007.00000 1000.21428  0.67%   420 3088s
 12938  9908 1003.95352  122 1133 1007.00000 1000.21428  0.67%   420 3133s
 12987 10077 1003.96662  123 1137 1007.00000 1000.21428  0.67%   420 3171s
 13172 10031 1004.55985  137 1097 1007.00000 1000.21428  0.67%   420 3211s
 13188 10236 1004.60666  138 1095 1007.00000 1000.21428  0.67%   420 3256s
 13461 10280 1005.10866  151 1085 1007.00000 1000.21428  0.67%   419 3300s
 13596 10324 1005.65493  164 1058 1007.00000 1000.21428  0.67%   419 3344s
 13719 10361 1005.96521  169 1062 1007.00000 1000.21428  0.67%   419 3391s
 13825 10648 1000.42626   32 1314 1007.00000 1000.21428  0.67%   419 3447s
 14320 10662 1000.44402   33 1305 1007.00000 1000.21428  0.67%   418 3504s
 14537 10794 1000.48316   34 1304 1007.00000 1000.21428  0.67%   417 3554s
 14751 10761 1000.97003   48 1252 1007.00000 1000.21428  0.67%   417 3604s
 14789 10796 1001.00951   49 1252 1007.00000 1000.21428  0.67%   417 3662s
 14837 10978 1001.40073   61 1202 1007.00000 1000.21428  0.67%   416 3714s
 15077 11190 1001.42849   62 1197 1007.00000 1000.21428  0.67%   416 3765s
 15369 11507 1002.31965   86 1145 1007.00000 1000.21428  0.67%   416 3818s
 15845 11501 1003.51385  118 1080 1007.00000 1000.21428  0.67%   416 3874s
 16034 11762 1003.82915  124 1064 1007.00000 1000.21428  0.67%   415 3931s
 16414 12107 1004.62274  141 1043 1007.00000 1000.21428  0.67%   414 3990s
 16942 11985 1005.79049  178 1035 1007.00000 1000.21428  0.67%   414 4060s
 17006 12571 1005.80971  179 1026 1007.00000 1000.21428  0.67%   414 4129s
 17805 12834 1000.26366   24 1364 1007.00000 1000.21428  0.67%   413 4194s
 18485 12841 1000.50424   35 1277 1007.00000 1000.21428  0.67%   412 4261s
 18748 12833 1000.81004   43 1255 1007.00000 1000.21428  0.67%   411 4337s
 18846 12824 1000.89278   45 1237 1007.00000 1000.21428  0.67%   411 4416s
 18891 12969 1000.90328   45 1245 1007.00000 1000.21428  0.67%   411 4492s
 19051 13677 1001.09408   50 1220 1007.00000 1000.21428  0.67%   411 4564s
 19813 14020 1002.20222   75 1172 1007.00000 1000.21428  0.67%   412 4644s
 20516 14110 1002.18795   76 1165 1007.00000 1000.21428  0.67%   412 4762s
 20886 14957 1002.96754   93 1138 1007.00000 1000.21428  0.67%   412 4940s
 21910 15455 1004.25287  126 1105 1007.00000 1000.21428  0.67%   412 5069s
 22981 15654 1005.19741  146 1086 1007.00000 1000.21428  0.67%   412 5178s
 23507 16248 1005.54448  157 1084 1007.00000 1000.21428  0.67%   412 5300s
 24201 17275 1001.41376   64 1178 1007.00000 1000.21428  0.67%   411 5421s
 25284 17674 1003.55309  121 1036 1007.00000 1000.21428  0.67%   410 5544s
 25719 18657 1005.19120  162 1003 1007.00000 1000.21428  0.67%   411 5670s
 26856 19271 1003.25088  106 1068 1007.00000 1000.21428  0.67%   410 5801s
 27486 19959 1004.23698  127 1035 1007.00000 1000.21428  0.67%   411 5936s
 28312 21038 1000.29651   23 1357 1007.00000 1000.21428  0.67%   411 6078s
 29660 22272 1003.46316  112 1094 1007.00000 1000.21428  0.67%   410 6214s
 31079 22572 1000.49980   32 1310 1007.00000 1000.21428  0.67%   409 6366s
 31471 23763 1000.53907   33 1308 1007.00000 1000.21428  0.67%   409 6513s
 32842 24654 1003.97301  113 1086 1007.00000 1000.21428  0.67%   408 6664s
 33897 24926 1000.84531   42 1252 1007.00000 1000.21428  0.67%   408 6828s
 34237 25911 1000.85706   42 1240 1007.00000 1000.21428  0.67%   407 6991s
 35331 26974 1001.67780   67 1193 1007.00000 1000.21428  0.67%   407 7166s
 36568 27432 1002.93224   91 1128 1007.00000 1000.21428  0.67%   408 7361s
 37029 28816 1003.15812   98 1143 1007.00000 1000.21428  0.67%   408 7546s
 38572 30431 1004.63876  126 1093 1007.00000 1000.21428  0.67%   409 7735s
 40467 31815 1000.49570   35 1308 1007.00000 1000.21428  0.67%   409 7926s
 41975 32978 1002.30594   77 1200 1007.00000 1000.21428  0.67%   409 8163s
 43166 34103 1003.02113  101 1167 1007.00000 1000.21428  0.67%   410 8468s
 44470 36294 1005.00684  145 1113 1007.00000 1000.21510  0.67%   410 8797s
 47106 38060 1005.42317  167 1009 1007.00000 1000.21527  0.67%   410 9058s
 49258 39002 1002.52630   88 1119 1007.00000 1000.21527  0.67%   409 9313s
 50366 41051 1004.21715  131 1046 1007.00000 1000.21962  0.67%   408 9560s
 52826 42549 1001.87806   78 1144 1007.00000 1000.22301  0.67%   408 9785s
 54655 43987 1000.31046   26 1355 1007.00000 1000.22301  0.67%   407 10010s
 56391 45441 1001.72951   72 1194 1007.00000 1000.22368  0.67%   407 10227s
 58087 47022 1000.87799   47 1238 1007.00000 1000.22368  0.67%   407 10444s
 60010 48066 1003.39201  111 1097 1007.00000 1000.22368  0.67%   406 10661s
 61319 50124 1001.05244   52 1213 1007.00000 1000.22532  0.67%   406 10873s
 63671 51416 1000.72006   35 1312 1007.00000 1000.22663  0.67%   405 11119s
 65224 53687 1003.61526  115 1054 1007.00000 1000.22713  0.67%   405 11363s
 67984 54228 1003.16527   99 1076 1007.00000 1000.23319  0.67%   404 11545s
 68663 55490 1004.42258  126 1031 1007.00000 1000.23319  0.67%   404 11746s
 70246 56797 1003.62756  113 1084 1007.00000 1000.23319  0.67%   404 11944s
 71741 57176 1001.63889   65 1187 1007.00000 1000.23319  0.67%   404 12158s
 72136 58739 1002.65443   93 1134 1007.00000 1000.23319  0.67%   404 12375s
 74001 60708 1000.89760   48 1255 1007.00000 1000.23461  0.67%   404 12581s
 76255 61913 1005.31098  160 1053 1007.00000 1000.23461  0.67%   404 12784s
 76347 61913 1001.06818   52 1196 1007.00000 1000.23461  0.67%   404 12785s
 77745 62954 1002.12302   84 1144 1007.00000 1000.23658  0.67%   403 12984s
 78909 64655 1005.95343  190 1029 1007.00000 1000.23658  0.67%   403 13187s
 80956 65785 1002.67464   89 1102 1007.00000 1000.23658  0.67%   403 13388s
 82200 67045 1000.34127   28 1357 1007.00000 1000.23658  0.67%   403 13594s
 83696 68060 1000.44031   33 1330 1007.00000 1000.23658  0.67%   403 13801s
 84902 69418 1001.28334   60 1231 1007.00000 1000.23658  0.67%   403 14043s
 86463 70659 1002.96018   98 1111 1007.00000 1000.23658  0.67%   403 14289s
 87704 71475 1004.49363  127 1076 1007.00000 1000.23658  0.67%   403 14400s

Cutting planes:
  MIR: 314
  Flow cover: 150
  Mod-K: 1

Explored 88579 nodes (35755083 simplex iterations) in 14400.05 seconds (49878.34 work units)
Thread count was 32 (of 32 available processors)

Solution count 5: 1007 1008 1077 ... 2389

Time limit reached
Best objective 1.007000000000e+03, best bound 1.001000000000e+03, gap 0.5958%

User-callback calls 2667163, time in user-callback 14.05 sec
