
Gurobi 13.0.2 (linux64) logging started Tue Jun 23 04:18:24 2026

Set parameter LogFile to value "/tmp/sweep_20260623_041454_china_alt400km_s1_i6_v4_gurobi.log"
Set parameter Method to value 1
Set parameter NodefileStart to value 4
Set parameter RINS to value 50
Gurobi Optimizer version 13.0.2 build v13.0.2rc1 (linux64 - "Debian GNU/Linux 13 (trixie)")

CPU model: Intel(R) Xeon(R) Platinum 8375C CPU @ 2.90GHz, instruction set [SSE2|AVX|AVX2|AVX512]
Thread count: 16 physical cores, 32 logical processors, using up to 32 threads

Non-default parameters:
TimeLimit  21600
MIPGap  0.01
Method  1
LPWarmStart  1
Heuristics  0.2
MIPFocus  1
NodefileStart  4
RINS  50
Symmetry  2
Cuts  2
CoverCuts  2
LogToConsole  0

Academic license 2812613 - for non-commercial use only - registered to no___@gatech.edu
Optimize a model with 392028 rows, 35900 columns and 38519264 nonzeros (Min)
Model fingerprint: 0x7e3c5cc9
Model has 35900 linear objective coefficients
Variable types: 0 continuous, 35900 integer (35900 binary)
Coefficient statistics:
  Matrix range     [1e+00, 1e+00]
  Objective range  [1e+00, 1e+00]
  Bounds range     [1e+00, 1e+00]
  RHS range        [1e+00, 1e+00]

Found heuristic solution: objective 1436.0000000
Presolve removed 0 rows and 0 columns (presolve time = 7s)...
Presolve removed 0 rows and 0 columns (presolve time = 12s)...
Presolve removed 0 rows and 0 columns (presolve time = 16s)...
Presolve removed 0 rows and 0 columns (presolve time = 21s)...
Presolve removed 0 rows and 0 columns (presolve time = 27s)...
Presolve removed 0 rows and 0 columns (presolve time = 33s)...
Presolve removed 0 rows and 0 columns (presolve time = 43s)...
Presolve removed 0 rows and 0 columns (presolve time = 48s)...
Presolve removed 0 rows and 0 columns (presolve time = 53s)...
Presolve removed 0 rows and 0 columns (presolve time = 57s)...
Presolve removed 0 rows and 0 columns (presolve time = 60s)...
Presolve removed 0 rows and 0 columns (presolve time = 65s)...
Presolve removed 0 rows and 0 columns (presolve time = 70s)...
Presolve removed 0 rows and 0 columns (presolve time = 75s)...
Presolve removed 0 rows and 0 columns (presolve time = 80s)...
Presolve removed 0 rows and 0 columns (presolve time = 87s)...
Presolve removed 0 rows and 0 columns (presolve time = 90s)...
Presolve removed 0 rows and 0 columns (presolve time = 96s)...
Presolve removed 0 rows and 0 columns (presolve time = 100s)...
Presolve removed 0 rows and 0 columns (presolve time = 105s)...
Presolve removed 0 rows and 0 columns (presolve time = 113s)...
Presolve removed 0 rows and 0 columns (presolve time = 125s)...
Presolve removed 0 rows and 0 columns (presolve time = 126s)...
Presolve removed 0 rows and 0 columns (presolve time = 133s)...
Presolve removed 0 rows and 0 columns (presolve time = 140s)...
Presolve time: 139.51s
Presolved: 392028 rows, 35900 columns, 38519264 nonzeros
Variable types: 0 continuous, 35900 integer (35900 binary)

Root simplex log...

Iteration    Objective       Primal Inf.    Dual Inf.      Time
       0   -0.0000000e+00   0.000000e+00   3.820000e+02    164s
     104    4.6948280e+02   0.000000e+00   0.000000e+00    164s
     104    4.6948280e+02   0.000000e+00   0.000000e+00    164s

Use crossover to convert LP symmetric solution to basic solution...

Root crossover log...

  369052 variables added to crossover basis                      170s
  375682 variables added to crossover basis                      175s
  376552 variables added to crossover basis                      180s
  377032 variables added to crossover basis                      185s
  377362 variables added to crossover basis                      190s
  377752 variables added to crossover basis                      195s
  378352 variables added to crossover basis                      200s
  378802 variables added to crossover basis                      205s
  379192 variables added to crossover basis                      210s
  379552 variables added to crossover basis                      215s
  380692 variables added to crossover basis                      220s
  381682 variables added to crossover basis                      225s
  382252 variables added to crossover basis                      230s
  382522 variables added to crossover basis                      235s
  382792 variables added to crossover basis                      241s
  383032 variables added to crossover basis                      245s
  383272 variables added to crossover basis                      250s
  383482 variables added to crossover basis                      255s
  383692 variables added to crossover basis                      260s
  383902 variables added to crossover basis                      265s
  384082 variables added to crossover basis                      270s
  384292 variables added to crossover basis                      275s
  384472 variables added to crossover basis                      280s
  384682 variables added to crossover basis                      285s
  384922 variables added to crossover basis                      290s
  385162 variables added to crossover basis                      295s
  385402 variables added to crossover basis                      301s
  385612 variables added to crossover basis                      306s
  385822 variables added to crossover basis                      311s
  386002 variables added to crossover basis                      315s
  386212 variables added to crossover basis                      321s
  386392 variables added to crossover basis                      325s
  386572 variables added to crossover basis                      330s
  386902 variables added to crossover basis                      335s
  387202 variables added to crossover basis                      340s
  387502 variables added to crossover basis                      345s
  387802 variables added to crossover basis                      350s
  388042 variables added to crossover basis                      355s
  388312 variables added to crossover basis                      361s
  388552 variables added to crossover basis                      365s
  388762 variables added to crossover basis                      370s
  388972 variables added to crossover basis                      376s
  389182 variables added to crossover basis                      380s
  389362 variables added to crossover basis                      385s
  389542 variables added to crossover basis                      390s
  389722 variables added to crossover basis                      395s
  389902 variables added to crossover basis                      400s
  390082 variables added to crossover basis                      405s
  390262 variables added to crossover basis                      411s
  390412 variables added to crossover basis                      415s
  390592 variables added to crossover basis                      420s
  390772 variables added to crossover basis                      426s
  390922 variables added to crossover basis                      430s
  391072 variables added to crossover basis                      435s
  391252 variables added to crossover basis                      441s
  391402 variables added to crossover basis                      445s
  391582 variables added to crossover basis                      451s
  391732 variables added to crossover basis                      455s
  391912 variables added to crossover basis                      461s

       0 DPushes remaining with DInf 0.0000000e+00              1278s

       0 PPushes remaining with PInf 0.0000000e+00              1279s

  Push phase complete: Pinf 0.0000000e+00, Dinf 7.7439250e-08   1280s


Root simplex log...

Iteration    Objective       Primal Inf.    Dual Inf.      Time
     107    4.6948280e+02   0.000000e+00   0.000000e+00   1546s
Crossover time: 1381.92 seconds (2709.80 work units)

Root relaxation: objective 4.694828e+02, 107 iterations, 1402.36 seconds (2723.52 work units)

    Nodes    |    Current Node    |     Objective Bounds      |     Work
 Expl Unexpl |  Obj  Depth IntInf | Incumbent    BestBd   Gap | It/Node Time

     0     0  469.48280    0 22976 1436.00000  469.48280  67.3%     - 2693s
H    0     0                    1269.0000000  469.48280  63.0%     - 3129s
H    0     0                    1096.0000000  469.48280  57.2%     - 3129s
H    0     0                    1056.0000000  469.48280  55.5%     - 3129s
H    0     0                    1042.0000000  469.48280  54.9%     - 3130s
H    0     0                    1017.0000000  469.48280  53.8%     - 3140s
H    0     0                    1007.0000000  469.48280  53.4%     - 4924s
H    0     0                    1003.0000000  469.48280  53.2%     - 5265s
H    0     0                    1001.0000000  469.48280  53.1%     - 5688s
H    0     0                    1000.0000000  469.48280  53.1%     - 5797s
H    0     0                     998.0000000  469.48280  53.0%     - 5861s
H    0     0                     992.0000000  469.48280  52.7%     - 5921s
H    0     0                     986.0000000  469.48280  52.4%     - 6094s
H    0     0                     984.0000000  469.48280  52.3%     - 6165s
H    0     0                     983.0000000  469.48280  52.2%     - 6221s
H    0     0                     977.0000000  469.48280  51.9%     - 6381s
H    0     0                     975.0000000  469.48280  51.8%     - 6520s
H    0     0                     974.0000000  469.48280  51.8%     - 7732s
     0     0          -    0       974.00000  469.48280  51.8%     - 21600s

Cutting planes:
  Flow cover: 2203

Explored 1 nodes (10065 simplex iterations) in 21601.35 seconds (46534.72 work units)
Thread count was 32 (of 32 available processors)

Solution count 10: 974 975 977 ... 1001

Time limit reached
Best objective 9.740000000000e+02, best bound 4.700000000000e+02, gap 51.7454%

User-callback calls 516554, time in user-callback 1.33 sec
