
Gurobi 13.0.2 (linux64) logging started Thu Jul 16 21:54:09 2026

Set parameter LogFile to value "/tmp/sweep_20260716_013919_north-korea_alt260km_s50_i4_v4_gurobi.log"
Set parameter Method to value 1
Set parameter NodefileStart to value 4
Set parameter RINS to value 50
Gurobi Optimizer version 13.0.2 build v13.0.2rc1 (linux64 - "Debian GNU/Linux 13 (trixie)")

CPU model: Intel(R) Xeon(R) Platinum 8375C CPU @ 2.90GHz, instruction set [SSE2|AVX|AVX2|AVX512]
Thread count: 16 physical cores, 32 logical processors, using up to 32 threads

Non-default parameters:
TimeLimit  14400
MIPGap  0.001
Method  1
LPWarmStart  1
Heuristics  0.2
MIPFocus  1
NodefileStart  4
RINS  50
Symmetry  2
Cuts  2
CoverCuts  2
LogToConsole  0

Academic license 2812613 - for non-commercial use only - registered to no___@gatech.edu
Optimize a model with 1436 rows, 17950 columns and 129958 nonzeros (Min)
Model fingerprint: 0x02c9e1a6
Model has 17950 linear objective coefficients
Variable types: 0 continuous, 17950 integer (17950 binary)
Coefficient statistics:
  Matrix range     [1e+00, 1e+00]
  Objective range  [1e+00, 1e+00]
  Bounds range     [1e+00, 1e+00]
  RHS range        [1e+01, 1e+01]

Found heuristic solution: objective 3590.0000000
Presolve removed 0 rows and 6462 columns
Presolve time: 0.08s
Presolved: 1436 rows, 11488 columns, 84724 nonzeros
Variable types: 0 continuous, 11488 integer (8616 binary)

Root simplex log...

Iteration    Objective       Primal Inf.    Dual Inf.      Time
   12801    1.7052515e+03   4.409066e+01   0.000000e+00      5s
   12863    1.7052500e+03   0.000000e+00   0.000000e+00      5s

Root relaxation: objective 1.705250e+03, 12863 iterations, 4.98 seconds (9.34 work units)

    Nodes    |    Current Node    |     Objective Bounds      |     Work
 Expl Unexpl |  Obj  Depth IntInf | Incumbent    BestBd   Gap | It/Node Time

     0     0 1705.25000    0  718 3590.00000 1705.25000  52.5%     -    6s
H    0     0                    2174.0000000 1705.25000  21.6%     -    6s
H    0     0                    2096.0000000 1705.25000  18.6%     -    6s
H    0     0                    1944.0000000 1705.25000  12.3%     -    6s
H    0     0                    1907.0000000 1705.25000  10.6%     -    7s
H    0     0                    1868.0000000 1705.25000  8.71%     -    7s
H    0     0                    1803.0000000 1705.25000  5.42%     -    7s
H    0     0                    1792.0000000 1705.25000  4.84%     -    7s
H    0     0                    1780.0000000 1705.25000  4.20%     -    7s
H    0     0                    1769.0000000 1705.25000  3.60%     -    7s
H    0     0                    1764.0000000 1705.25000  3.33%     -    7s
H    0     0                    1763.0000000 1705.25000  3.28%     -    7s
H    0     0                    1762.0000000 1705.25000  3.22%     -    7s
H    0     0                    1758.0000000 1705.25000  3.00%     -    8s
H    0     0                    1757.0000000 1705.25000  2.95%     -    8s
H    0     0                    1754.0000000 1705.25000  2.78%     -    8s
H    0     0                    1753.0000000 1705.25000  2.72%     -    8s
H    0     0                    1752.0000000 1705.25000  2.67%     -    8s
H    0     0                    1751.0000000 1705.25000  2.61%     -    8s
H    0     0                    1750.0000000 1705.25000  2.56%     -    8s
H    0     0                    1749.0000000 1705.25000  2.50%     -    8s
H    0     0                    1748.0000000 1705.25000  2.45%     -    8s
H    0     0                    1747.0000000 1705.25000  2.39%     -    8s
H    0     0                    1746.0000000 1705.25000  2.33%     -    8s
     0     0 1705.25000    0 1436 1746.00000 1705.25000  2.33%     -   12s
H    0     0                    1745.0000000 1705.25000  2.28%     -   30s
H    0     0                    1744.0000000 1705.25000  2.22%     -   30s
H    0     0                    1743.0000000 1705.25000  2.17%     -   30s
H    0     0                    1742.0000000 1705.25000  2.11%     -   32s
H    0     0                    1741.0000000 1705.25000  2.05%     -   33s
     0     0 1705.25000    0  718 1741.00000 1705.25000  2.05%     -   36s
     0     0 1705.25000    0  718 1741.00000 1705.25000  2.05%     -   37s
H    0     0                    1740.0000000 1705.25000  2.00%     -   39s
H    0     0                    1738.0000000 1705.25000  1.88%     -   39s
     0     0 1705.30664    0 1438 1738.00000 1705.30664  1.88%     -   42s
     0     0 1705.33882    0 1438 1738.00000 1705.33882  1.88%     -   46s
     0     0 1705.33958    0 1439 1738.00000 1705.33958  1.88%     -   47s
     0     0 1705.34821    0 1440 1738.00000 1705.34821  1.88%     -   47s
     0     0 1705.36013    0 1441 1738.00000 1705.36013  1.88%     -   47s
     0     0 1705.37156    0 1442 1738.00000 1705.37156  1.88%     -   47s
     0     0 1705.38041    0 1443 1738.00000 1705.38041  1.88%     -   47s
     0     0 1705.39520    0 1444 1738.00000 1705.39520  1.88%     -   47s
     0     0 1705.40119    0 1444 1738.00000 1705.40119  1.88%     -   47s
     0     0 1705.41418    0 1445 1738.00000 1705.41418  1.87%     -   47s
     0     0 1705.41729    0 1445 1738.00000 1705.41729  1.87%     -   47s
     0     0 1705.41873    0 1446 1738.00000 1705.41873  1.87%     -   47s
     0     0 1705.42048    0 1447 1738.00000 1705.42048  1.87%     -   47s
     0     0 1705.42478    0 1446 1738.00000 1705.42478  1.87%     -   47s
     0     0 1705.44753    0 1450 1738.00000 1705.44753  1.87%     -   50s
H    0     0                    1737.0000000 1705.44753  1.82%     -   65s
H    0     0                    1736.0000000 1705.44753  1.76%     -   65s
H    0     0                    1735.0000000 1705.44753  1.70%     -   66s
H    0     0                    1734.0000000 1705.44753  1.65%     -   67s
     0     2 1705.44753    0 1450 1734.00000 1705.44753  1.65%     -   69s
     1     3 1705.48422    1 1447 1734.00000 1705.44753  1.65%  41.0   73s
     2     5 1705.52583    2 1449 1734.00000 1705.44753  1.65%  53.0   78s
     4     8 1705.56302    3 1449 1734.00000 1705.44753  1.65%  54.5   82s
     9    16 1705.62864    4 1448 1734.00000 1705.56532  1.64%   356   90s
    17    32 1705.67784    5 1452 1734.00000 1705.59673  1.64%   222   95s
H   19    32                    1733.0000000 1705.59673  1.58%   202   95s
    33   189 1705.70389    6 1450 1733.00000 1705.63896  1.58%   163  102s
   190   205 1705.90268   12 1446 1733.00000 1705.63896  1.58%  72.4  105s
H  206   221                    1732.0000000 1705.63896  1.52%  70.8  108s
   222   238 1705.92858   13 1443 1732.00000 1705.63896  1.52%  70.0  110s
H  246   254                    1731.0000000 1705.63896  1.47%  67.0  114s
   255   322 1705.98800   14 1441 1731.00000 1705.63896  1.47%  66.6  118s
   323   338 1706.08834   16 1436 1731.00000 1705.63896  1.47%  63.8  121s
   339   354 1706.11631   17 1436 1731.00000 1705.63896  1.47%  63.8  126s
   355   370 1706.13915   17 1436 1731.00000 1705.63896  1.47%  63.8  132s
   371   386 1706.17966   18 1434 1731.00000 1705.63896  1.47%  64.1  137s
   387   402 1706.22473   19 1437 1731.00000 1705.63896  1.47%  64.4  141s
   403   418 1706.21723   19 1434 1731.00000 1705.63896  1.47%  64.0  147s
   419   434 1706.25580   20 1433 1731.00000 1705.63896  1.47%  63.8  155s
   435   450 1706.31036   21 1431 1731.00000 1705.63896  1.47%  63.8  164s
   451   466 1706.32066   21 1431 1731.00000 1705.63896  1.47%  63.7  172s
   467   482 1706.37094   22 1431 1731.00000 1705.63896  1.47%  63.9  178s
   483   569 1706.41066   23 1429 1731.00000 1705.63896  1.47%  63.9  184s
   570   585 1706.46437   24 1430 1731.00000 1705.63896  1.47%  66.3  192s
   586   626 1706.45909   24 1431 1731.00000 1705.63896  1.47%  66.4  200s
H  612   626                    1730.0000000 1705.63896  1.41%  66.8  200s
   627   946 1706.49115   25 1429 1730.00000 1705.63896  1.41%  67.1  205s
   947  1010 1706.86949   35 1416 1730.00000 1705.63896  1.41%  75.6  211s
  1011  1026 1706.90506   37 1416 1730.00000 1705.63896  1.41%  77.6  216s
  1043  1058 1707.02814   39 1417 1730.00000 1705.63896  1.41%  78.5  223s
  1059  1074 1706.99983   39 1417 1730.00000 1705.63896  1.41%  79.2  227s
H 1066  1074                    1729.0000000 1705.63896  1.35%  79.3  227s
  1075  1090 1707.06267   40 1418 1729.00000 1705.63896  1.35%  79.7  231s
  1091  1106 1707.03248   40 1416 1729.00000 1705.63896  1.35%  80.1  237s
H 1095  1106                    1728.0000000 1705.63896  1.29%  80.0  237s
  1107  1123 1707.09694   41 1414 1728.00000 1705.63896  1.29%  80.9  241s
  1124  1139 1707.08784   41 1417 1728.00000 1705.63896  1.29%  81.5  247s
  1140  1155 1707.11994   42 1418 1728.00000 1705.63896  1.29%  82.0  253s
  1156  1171 1707.13448   42 1415 1728.00000 1705.63896  1.29%  82.6  256s
  1172  1187 1707.17068   43 1414 1728.00000 1705.63896  1.29%  83.0  264s
  1188  1203 1707.20535   43 1412 1728.00000 1705.63896  1.29%  83.8  269s
  1204  1219 1707.22466   44 1416 1728.00000 1705.63896  1.29%  84.5  277s
  1220  1235 1707.26836   45 1418 1728.00000 1705.63896  1.29%  85.2  284s
  1236  1251 1707.25006   45 1415 1728.00000 1705.63896  1.29%  85.7  292s
  1252  1267 1707.30473   46 1416 1728.00000 1705.63896  1.29%  86.0  298s
  1268  1283 1707.38467   47 1413 1728.00000 1705.63896  1.29%  86.6  305s
  1284  1299 1707.35471   47 1416 1728.00000 1705.63896  1.29%  87.2  314s
  1300  1315 1707.38502   48 1414 1728.00000 1705.63896  1.29%  87.7  322s
  1316  1331 1707.44001   48 1416 1728.00000 1705.63896  1.29%  88.2  327s
  1332  1347 1707.48285   49 1415 1728.00000 1705.63896  1.29%  88.5  333s
  1348  1363 1707.53889   50 1416 1728.00000 1705.63896  1.29%  89.1  341s
  1364  1379 1707.53697   50 1411 1728.00000 1705.63896  1.29%  89.8  347s
  1380  1395 1707.57377   51 1415 1728.00000 1705.63896  1.29%  90.4  353s
  1396  1411 1707.60652   52 1414 1728.00000 1705.63896  1.29%  90.7  358s
  1412  1427 1707.66625   53 1411 1728.00000 1705.63896  1.29%  91.2  366s
  1428  1443 1707.67059   53 1412 1728.00000 1705.63896  1.29%  91.7  374s
  1444  1465 1707.72922   54 1413 1728.00000 1705.63896  1.29%  92.2  379s
  1466  1545 1707.72393   54 1407 1728.00000 1705.63896  1.29%  92.8  385s
  1546  1561 1707.76225   55 1411 1728.00000 1705.63896  1.29%  95.0  391s
  1562  1591 1707.82372   56 1407 1728.00000 1705.63896  1.29%  95.6  398s
  1592  1639 1707.84008   57 1407 1728.00000 1705.63896  1.29%  96.7  407s
  1640  1663 1707.85816   57 1410 1728.00000 1705.63896  1.29%  98.2  414s
  1664  1683 1707.90811   58 1412 1728.00000 1705.63896  1.29%  99.1  420s
  1684  1699 1707.93141   59 1411 1728.00000 1705.63896  1.29%   100  430s
  1700  1715 1708.00134   60 1409 1728.00000 1705.63896  1.29%   100  440s
  1716  1731 1707.97613   60 1409 1728.00000 1705.63896  1.29%   101  463s
  1732  1749 1708.05855   61 1409 1728.00000 1705.63896  1.29%   101  484s
  1750  1765 1708.04260   61 1413 1728.00000 1705.63896  1.29%   102  512s
  1766  1781 1708.07623   62 1413 1728.00000 1705.63896  1.29%   103  538s
H 1777  1781                    1727.0000000 1705.63896  1.24%   103  538s
  1782  1840 1708.06834   62 1411 1727.00000 1705.63896  1.24%   103  548s
H 1826  1840                    1726.0000000 1705.63896  1.18%   104  548s
  1841  1907 1708.17067   64 1409 1726.00000 1705.63896  1.18%   105  556s
  1908  1970 1708.24107   66 1412 1726.00000 1705.63896  1.18%   106  565s
  1971  1997 1708.27369   67 1413 1726.00000 1705.63896  1.18%   107  576s
  1998  2037 1708.34149   69 1414 1726.00000 1705.63896  1.18%   108  585s
  2038  2125 1708.34853   70 1407 1726.00000 1705.63896  1.18%   110  594s
  2126  2141 1708.58668   77 1398 1726.00000 1705.63896  1.18%   111  602s
  2142  2157 1708.62313   78 1404 1726.00000 1705.63896  1.18%   112  613s
  2158  2173 1708.63374   78 1401 1726.00000 1705.63896  1.18%   112  624s
  2174  2209 1708.64087   79 1400 1726.00000 1705.63896  1.18%   113  636s
  2210  2452 1708.72600   80 1398 1726.00000 1705.63896  1.18%   114  649s
  2453  2917 1708.72669   80 1402 1726.00000 1705.63896  1.18%   121  657s
  2918  3445 1709.30555   98 1397 1726.00000 1705.63896  1.18%   128  666s
  3446  3461 1710.07002  119 1392 1726.00000 1705.63896  1.18%   141  673s
  3462  3477 1710.07796  119 1393 1726.00000 1705.63896  1.18%   141  682s
  3478  3493 1710.13335  120 1390 1726.00000 1705.63896  1.18%   141  694s
  3494  3509 1710.15156  120 1386 1726.00000 1705.63896  1.18%   142  705s
  3510  3525 1710.18436  121 1392 1726.00000 1705.63896  1.18%   142  722s
  3526  3541 1710.18425  121 1390 1726.00000 1705.63896  1.18%   142  732s
  3542  3566 1710.22358  122 1391 1726.00000 1705.63896  1.18%   142  741s
  3567  3585 1710.27691  123 1389 1726.00000 1705.63896  1.18%   143  753s
  3586  3825 1710.32819  124 1391 1726.00000 1705.63896  1.18%   143  763s
  3826  3841 1710.59707  132 1383 1726.00000 1705.63896  1.18%   146  772s
  3842  3857 1710.59012  133 1378 1726.00000 1705.63896  1.18%   146  783s
  3858  3873 1710.58044  133 1386 1726.00000 1705.63896  1.18%   146  795s
  3874  3889 1710.60264  134 1383 1726.00000 1705.63896  1.18%   146  807s
  3890  3981 1710.61307  134 1383 1726.00000 1705.63896  1.18%   147  821s
  3982  4105 1710.67892  135 1380 1726.00000 1705.63896  1.18%   148  831s
  4106  4514 1710.99096  145 1387 1726.00000 1705.63896  1.18%   150  841s
  4515  4565 1712.15395  175 1364 1726.00000 1705.63896  1.18%   158  853s
  4566  4581 1712.14105  175 1362 1726.00000 1705.63896  1.18%   159  864s
  4582  4599 1712.16055  176 1363 1726.00000 1705.63896  1.18%   159  879s
  4600  4615 1712.18077  176 1359 1726.00000 1705.63896  1.18%   159  895s
  4616  4631 1712.21935  177 1362 1726.00000 1705.63896  1.18%   159  911s
  4632  4651 1712.22663  178 1360 1726.00000 1705.63896  1.18%   159  925s
  4652  4950 1712.26051  179 1357 1726.00000 1705.63896  1.18%   160  938s
  4951  5429 1712.30466  180 1350 1726.00000 1705.63896  1.18%   162  953s
  5430  5706 1712.99082  200 1356 1726.00000 1705.63896  1.18%   166  968s
  5707  5808 1713.39285  212 1345 1726.00000 1705.63896  1.18%   171  980s
  5809  5824 1713.39460  212 1349 1726.00000 1705.63896  1.18%   172  995s
  5825  5865 1713.42567  213 1344 1726.00000 1705.63896  1.18%   172 1008s
  5866  5881 1713.42181  213 1349 1726.00000 1705.63896  1.18%   172 1025s
  5882  5897 1713.46952  214 1354 1726.00000 1705.63896  1.18%   172 1040s
  5898  5934 1713.45197  214 1352 1726.00000 1705.63896  1.18%   173 1055s
  5935  6002 1713.52309  216 1351 1726.00000 1705.63896  1.18%   173 1071s
  6003  6039 1713.57524  216 1351 1726.00000 1705.63896  1.18%   174 1093s
  6040  6124 1713.60471  217 1350 1726.00000 1705.63896  1.18%   174 1116s
  6125  6340 1713.62833  217 1347 1726.00000 1705.63896  1.18%   175 1133s
  6341  6386 1714.22519  232 1338 1726.00000 1705.63896  1.18%   178 1150s
  6387  6415 1714.26377  233 1335 1726.00000 1705.63896  1.18%   179 1172s
  6416  6431 1714.35957  233 1327 1726.00000 1705.63896  1.18%   179 1191s
  6432  6513 1714.29669  234 1347 1726.00000 1705.63896  1.18%   179 1209s
  6514  6886 1714.35255  235 1341 1726.00000 1705.63896  1.18%   180 1227s
  6887  6902 1714.32121  235 1340 1726.00000 1705.63896  1.18%   182 1245s
  6903  6997 1714.35616  236 1338 1726.00000 1705.63896  1.18%   182 1263s
  6998  7045 1714.40930  237 1342 1726.00000 1705.63896  1.18%   184 1282s
  7046  7061 1714.48321  240 1340 1726.00000 1705.63896  1.18%   184 1303s
  7062  7077 1714.49081  240 1344 1726.00000 1705.63896  1.18%   184 1325s
  7078  7379 1714.52711  241 1345 1726.00000 1705.63896  1.18%   185 1343s
  7380  7395 1715.11533  254 1335 1726.00000 1705.63896  1.18%   187 1368s
  7396  7428 1715.09852  254 1334 1726.00000 1705.63896  1.18%   187 1395s
  7429  7635 1715.33066  257 1330 1726.00000 1705.63896  1.18%   188 1416s
  7684  7683 1715.36641  258 1325 1726.00000 1705.63896  1.18%   190 1436s
  7732  7896 1715.38445  259 1327 1726.00000 1705.63896  1.18%   191 1460s
  7945  7912 1715.84924  271 1324 1726.00000 1705.63896  1.18%   193 1488s
  7961  8026 1715.84591  271 1329 1726.00000 1705.63896  1.18%   193 1525s
  8075  8348 1716.18108  281 1304 1726.00000 1705.63896  1.18%   193 1550s
  8397  8373 1716.84962  298 1318 1726.00000 1705.63896  1.18%   196 1590s
  8422  8456 1716.83873  298 1310 1726.00000 1705.63896  1.18%   196 1612s
  8505  8956 1716.86086  299 1312 1726.00000 1705.63896  1.18%   196 1637s
  9005  9318 1717.68859  326 1305 1726.00000 1705.63896  1.18%   198 1660s
  9367  9397 1717.72465  326 1303 1726.00000 1705.63896  1.18%   202 1688s
  9452  9586 1717.77130  327 1305 1726.00000 1705.63896  1.18%   203 1714s
  9645  9600 1717.90260  329 1296 1726.00000 1705.63896  1.18%   205 1750s
  9663  9690 1717.94392  330 1290 1726.00000 1705.63896  1.18%   206 1797s
  9753  9964 1717.97070  331 1293 1726.00000 1705.63896  1.18%   206 1825s
 10027 10327 1719.08730  359 1275 1726.00000 1705.63896  1.18%   207 1854s
 10421 10328 1713.37298  218 1450 1726.00000 1705.63896  1.18%   210 1912s
 10423 10329 1706.36790   26  718 1726.00000 1705.63896  1.18%   210 1923s
 10424 10330 1712.02615  168  718 1726.00000 1705.63896  1.18%   210 1955s
 10447 10345 1717.80506  321 1459 1726.00000 1705.63896  1.18%   210 1963s
 10459 10353 1710.91623  149 1469 1726.00000 1705.63896  1.18%   209 1970s
 10460 10354 1708.48100   80 1469 1726.00000 1705.63896  1.18%   209 1976s
 10462 10355 1714.90456  244 1470 1726.00000 1705.63896  1.18%   209 1982s
 10463 10356 1709.64420  108 1471 1726.00000 1705.63896  1.18%   209 1988s
 10471 10361 1716.99980  311 1478 1726.00000 1705.63896  1.18%   209 1995s
 10472 10362 1719.45274  378 1479 1726.00000 1705.63896  1.18%   209 2001s
 10473 10363 1711.29310  164 1479 1726.00000 1705.65408  1.18%   209 2058s
 10474 10365 1705.65408   11 1474 1726.00000 1705.65408  1.18%   211 2062s
 10475 10367 1705.66550   12 1472 1726.00000 1705.65408  1.18%   211 2067s
 10477 10369 1705.69158   13 1469 1726.00000 1705.65408  1.18%   211 2070s
 10490 10389 1705.74843   15 1464 1726.00000 1705.68740  1.18%   211 2075s
 10648 10494 1705.81269   17 1460 1726.00000 1705.71486  1.18%   209 2081s
 10685 10540 1705.84868   18 1456 1726.00000 1705.71486  1.18%   209 2085s
 10768 10604 1705.88512   19 1455 1726.00000 1705.71486  1.18%   208 2092s
 10814 10605 1705.90865   20 1452 1726.00000 1705.71486  1.18%   207 2096s
 10830 10645 1705.91363   20 1449 1726.00000 1705.71486  1.18%   207 2101s
 10875 10936 1705.93131   21 1451 1726.00000 1705.71486  1.18%   206 2107s
 11181 11064 1706.12400   26 1443 1726.00000 1705.71486  1.18%   203 2112s
 11411 11003 1706.52531   36 1430 1726.00000 1705.71486  1.18%   201 2115s
 11427 11014 1706.56457   37 1425 1726.00000 1705.71486  1.18%   201 2120s
 11459 11035 1706.64783   38 1430 1726.00000 1705.71486  1.18%   200 2126s
 11491 11056 1706.69918   39 1428 1726.00000 1705.71486  1.18%   200 2134s
 11507 11067 1706.69493   39 1430 1726.00000 1705.71486  1.18%   200 2139s
 11523 11141 1706.74554   40 1428 1726.00000 1705.71486  1.18%   200 2143s
 11602 11279 1706.73626   40 1425 1726.00000 1705.71486  1.18%   199 2148s
 11767 11392 1706.75962   41 1427 1726.00000 1705.71486  1.18%   198 2153s
 11935 11482 1706.76905   41 1427 1726.00000 1705.71486  1.18%   197 2155s
 12081 11573 1706.79547   42 1427 1726.00000 1705.71486  1.18%   197 2160s
 12220 11542 1706.80874   42 1427 1726.00000 1705.71486  1.18%   196 2166s
 12236 11553 1706.86604   43 1423 1726.00000 1705.71486  1.18%   196 2170s
H12250 11029                    1725.0000000 1705.71486  1.12%   196 2170s
 12489 11358 1707.28549   53 1419 1725.00000 1705.71486  1.12%   195 2177s
 12660 11434 1707.50122   59 1417 1725.00000 1705.71486  1.12%   195 2180s
 12793 11441 1707.49604   60 1415 1725.00000 1705.71486  1.12%   194 2186s
 12845 11440 1707.49973   60 1418 1725.00000 1705.71486  1.12%   194 2190s
 12877 11461 1707.52774   61 1418 1725.00000 1705.71486  1.12%   194 2196s
 12893 11472 1707.58457   62 1416 1725.00000 1705.71486  1.12%   194 2200s
 12925 11493 1707.63383   63 1417 1725.00000 1705.71486  1.12%   194 2208s
 12941 11504 1707.65815   63 1418 1725.00000 1705.71486  1.12%   194 2211s
 12957 11515 1707.72407   64 1419 1725.00000 1705.71486  1.12%   194 2217s
 12973 11525 1707.70673   64 1416 1725.00000 1705.71486  1.12%   194 2221s
 13005 11547 1707.78865   65 1417 1725.00000 1705.71486  1.12%   194 2232s
 13021 11557 1707.84803   66 1411 1725.00000 1705.71486  1.12%   194 2239s
 13037 11570 1707.83197   66 1418 1725.00000 1705.71486  1.12%   194 2246s
 13055 11599 1707.88025   67 1415 1725.00000 1705.71486  1.12%   194 2250s
 13090 11669 1707.96734   69 1415 1725.00000 1705.71486  1.12%   194 2257s
 13172 11658 1708.14954   75 1413 1725.00000 1705.71486  1.12%   194 2263s
 13188 11707 1708.14011   75 1413 1725.00000 1705.71486  1.12%   193 2270s
 13242 11719 1708.16970   76 1405 1725.00000 1705.71486  1.12%   193 2275s
 13272 11787 1708.19844   76 1413 1725.00000 1705.71486  1.12%   193 2281s
 13350 11777 1708.23530   77 1411 1725.00000 1705.71486  1.12%   193 2286s
 13366 11787 1708.21675   77 1408 1725.00000 1705.71486  1.12%   193 2292s
 13382 11798 1708.28291   78 1409 1725.00000 1705.71486  1.12%   193 2298s
 13398 11809 1708.28547   78 1408 1725.00000 1705.71486  1.12%   193 2303s
 13414 11819 1708.32111   79 1411 1725.00000 1705.71486  1.12%   193 2309s
 13430 11866 1708.32171   79 1410 1725.00000 1705.71486  1.12%   193 2315s
 13482 11865 1708.35281   80 1413 1725.00000 1705.71486  1.12%   193 2321s
 13498 11885 1708.35084   80 1413 1725.00000 1705.71486  1.12%   193 2329s
 13524 11893 1708.42763   82 1412 1725.00000 1705.71486  1.12%   193 2338s
 13540 11930 1708.44359   82 1409 1725.00000 1705.71486  1.12%   193 2345s
 13583 12010 1708.46198   83 1408 1725.00000 1705.71486  1.12%   193 2353s
 13677 11995 1708.48286   83 1416 1725.00000 1705.71486  1.12%   193 2361s
 13693 12013 1708.51017   84 1413 1725.00000 1705.71486  1.12%   193 2367s
 13717 12064 1708.51811   84 1409 1725.00000 1705.71486  1.12%   193 2374s
 13776 12061 1708.55735   85 1405 1725.00000 1705.71486  1.12%   193 2382s
 13792 12079 1708.56695   85 1410 1725.00000 1705.71486  1.12%   193 2389s
 13816 12087 1708.57103   86 1408 1725.00000 1705.71486  1.12%   193 2396s
 13832 12130 1708.58723   86 1408 1725.00000 1705.71486  1.12%   193 2402s
 13880 12188 1708.61644   87 1412 1725.00000 1705.71486  1.12%   193 2410s
 13954 12179 1708.61076   87 1412 1725.00000 1705.71486  1.12%   194 2417s
 13970 12192 1708.63375   88 1406 1725.00000 1705.71486  1.12%   194 2424s
 13988 12226 1708.65359   88 1407 1725.00000 1705.71486  1.12%   194 2441s
 14028 12229 1708.66764   89 1406 1725.00000 1705.71486  1.12%   194 2449s
 14044 12239 1708.68080   89 1410 1725.00000 1705.71486  1.12%   194 2472s
 14060 12250 1708.69295   90 1407 1725.00000 1705.71486  1.12%   194 2498s
 14076 12281 1708.72713   90 1410 1725.00000 1705.71486  1.12%   194 2513s
 14112 12285 1708.72003   91 1408 1725.00000 1705.71486  1.12%   194 2537s
 14128 12326 1708.71241   91 1407 1725.00000 1705.71486  1.12%   194 2549s
 14175 12335 1708.74118   92 1405 1725.00000 1705.71486  1.12%   194 2564s
 14199 12343 1708.74877   92 1405 1725.00000 1705.71486  1.12%   194 2578s
 14215 12353 1708.80499   93 1408 1725.00000 1705.71486  1.12%   194 2594s
 14231 12386 1708.77273   93 1408 1725.00000 1705.71486  1.12%   194 2612s
 14269 12473 1708.83587   94 1405 1725.00000 1705.71486  1.12%   194 2634s
 14369 12456 1708.86543   94 1406 1725.00000 1705.71486  1.12%   194 2657s
 14385 12467 1708.91516   95 1408 1725.00000 1705.71486  1.12%   194 2676s
 14401 12491 1708.91310   95 1400 1725.00000 1705.71486  1.12%   194 2700s
 14431 12503 1708.93592   96 1399 1725.00000 1705.71486  1.12%   194 2718s
 14453 12585 1708.95173   96 1401 1725.00000 1705.71486  1.12%   194 2734s
 14542 12571 1708.97096   97 1396 1725.00000 1705.71486  1.12%   194 2752s
 14558 12582 1708.97160   97 1397 1725.00000 1705.71486  1.12%   194 2776s
 14574 12593 1709.01149   98 1396 1725.00000 1705.71486  1.12%   194 2800s
 14590 12649 1708.99970   98 1398 1725.00000 1705.71486  1.12%   194 2825s
 14652 12645 1709.01928   99 1399 1725.00000 1705.71486  1.12%   194 2841s
 14668 12655 1709.05612   99 1397 1725.00000 1705.71486  1.12%   194 2863s
 14684 12698 1709.12501  100 1394 1725.00000 1705.71486  1.12%   194 2874s
 14732 12698 1709.08097  100 1392 1725.00000 1705.71486  1.12%   194 2888s
 14748 12709 1709.11679  101 1397 1725.00000 1705.71486  1.12%   194 2902s
 14764 12873 1709.10551  101 1391 1725.00000 1705.71486  1.12%   194 2921s
 14934 12833 1709.17941  102 1395 1725.00000 1705.71486  1.12%   195 2934s
 14950 12843 1709.13910  102 1393 1725.00000 1705.71486  1.12%   195 2959s
 14966 12925 1709.21807  103 1396 1725.00000 1705.71486  1.12%   195 2971s
 15053 12959 1709.22021  103 1392 1725.00000 1705.71486  1.12%   195 2992s
 15116 12954 1709.27459  104 1391 1725.00000 1705.71486  1.12%   195 3038s
 15132 12993 1709.24848  104 1398 1725.00000 1705.71486  1.12%   195 3053s
 15176 13036 1709.29243  105 1396 1725.00000 1705.71486  1.12%   195 3079s
 15234 13086 1709.44412  109 1394 1725.00000 1705.71486  1.12%   195 3095s
 15303 13079 1709.46205  109 1393 1725.00000 1705.71486  1.12%   195 3115s
 15319 13089 1709.53410  110 1392 1725.00000 1705.71486  1.12%   195 3134s
 15335 13172 1709.50407  110 1392 1725.00000 1705.71486  1.12%   195 3148s
 15423 13159 1709.57838  111 1392 1725.00000 1705.71486  1.12%   195 3187s
 15439 13169 1709.60978  111 1394 1725.00000 1705.71486  1.12%   195 3213s
 15455 13180 1709.62234  112 1396 1725.00000 1705.71486  1.12%   195 3226s
 15471 13320 1709.64507  112 1393 1725.00000 1705.71486  1.12%   195 3268s
 15616 13414 1709.67616  113 1394 1725.00000 1705.71486  1.12%   196 3291s
 15759 13506 1709.67667  113 1394 1725.00000 1705.71486  1.12%   196 3311s
 15898 13481 1709.69348  114 1391 1725.00000 1705.71486  1.12%   196 3327s
 15920 13632 1709.70157  114 1394 1725.00000 1705.71486  1.12%   196 3348s
 16078 13755 1710.28107  130 1392 1725.00000 1705.71486  1.12%   196 3365s
 16254 13897 1710.28050  130 1396 1725.00000 1705.71486  1.12%   197 3382s
 16454 13946 1710.31237  131 1387 1725.00000 1705.71486  1.12%   197 3403s
 16570 14037 1710.61973  139 1396 1725.00000 1705.71486  1.12%   197 3422s
 16700 14010 1711.22011  154 1391 1725.00000 1705.71486  1.12%   198 3442s
 16716 14029 1711.25285  155 1383 1725.00000 1705.71486  1.12%   198 3462s
 16740 14037 1711.27912  155 1386 1725.00000 1705.71486  1.12%   198 3486s
 16756 14179 1711.29539  156 1389 1725.00000 1705.71486  1.12%   198 3506s
 16904 14146 1711.25805  156 1388 1725.00000 1705.71486  1.12%   198 3531s
 16920 14496 1711.27750  157 1387 1725.00000 1705.71486  1.12%   198 3553s
 17275 14668 1711.84181  172 1379 1725.00000 1705.71486  1.12%   199 3575s
 17566 14592 1711.91399  173 1374 1725.00000 1705.71486  1.12%   200 3601s
 17587 14796 1711.86916  173 1378 1725.00000 1705.71486  1.12%   200 3625s
 17798 14744 1712.14931  180 1378 1725.00000 1705.71486  1.12%   200 3648s
 17816 14754 1712.17017  181 1379 1725.00000 1705.71486  1.12%   200 3678s
 17832 14873 1712.16245  181 1382 1725.00000 1705.71486  1.12%   200 3704s
 17956 14924 1712.19857  182 1372 1725.00000 1705.71486  1.12%   201 3731s
 18049 14924 1712.26194  184 1372 1725.00000 1705.71486  1.12%   201 3759s
 18080 14955 1712.32123  185 1371 1725.00000 1705.71486  1.12%   201 3787s
 18121 14957 1712.30449  185 1373 1725.00000 1705.71486  1.12%   201 3816s
 18137 14981 1712.34756  186 1372 1725.00000 1705.71486  1.12%   201 3845s
 18166 15357 1712.35016  186 1371 1725.00000 1705.71486  1.12%   201 3871s
 18552 15579 1712.90881  204 1358 1725.00000 1705.71486  1.12%   202 3900s
 18954 15826 1712.96378  204 1349 1725.00000 1705.71486  1.12%   203 3927s
 19335 15865 1713.78158  227 1351 1725.00000 1705.71486  1.12%   205 3959s
 19501 16219 1714.09941  235 1354 1725.00000 1705.71486  1.12%   205 3994s
 19951 16575 1714.57341  248 1342 1725.00000 1705.71486  1.12%   207 4028s
 20457 16423 1715.40418  273 1324 1725.00000 1705.71486  1.12%   208 4065s
 20473 16568 1715.41271  274 1326 1725.00000 1705.71486  1.12%   208 4104s
 20624 16796 1715.41517  274 1338 1725.00000 1705.71486  1.12%   209 4137s
 20902 17413 1715.62090  280 1320 1725.00000 1705.71486  1.12%   209 4196s
 21612 17193 1716.42770  305 1319 1725.00000 1705.71486  1.12%   212 4238s
 21628 17255 1716.46748  305 1310 1725.00000 1705.71486  1.12%   212 4282s
 21696 17304 1716.55923  307 1315 1725.00000 1705.71486  1.12%   212 4330s
 21767 17846 1717.03724  319 1305 1725.00000 1705.71486  1.12%   212 4387s
 22333 17673 1717.81869  336 1295 1725.00000 1705.71486  1.12%   213 4452s
 22349 17684 1717.83918  337 1298 1725.00000 1705.71486  1.12%   213 4538s
 22365 18191 1717.87638  337 1291 1725.00000 1705.71486  1.12%   213 4597s
 22901 18812 1718.61394  355 1303 1725.00000 1705.71486  1.12%   215 4656s
 23701 19385 1719.39751  380 1287 1725.00000 1705.71486  1.12%   218 4713s
 24589 19286 1720.38350  405 1275 1725.00000 1705.71486  1.12%   220 4767s
 24796 19447 1720.78471  417 1266 1725.00000 1705.71486  1.12%   221 4824s
 25111 20106 1720.93013  420 1272 1725.00000 1705.71486  1.12%   221 4887s
 25944 20342 1723.11884  465 1227 1725.00000 1705.73052  1.12%   223 4949s
 26477 20180 1723.24369  469 1232 1725.00000 1705.73052  1.12%   224 5017s
 26493 20297 1723.27130  469 1219 1725.00000 1705.73052  1.12%   224 5080s
 26621 20628 1723.40104  473 1227 1725.00000 1705.73052  1.12%   224 5148s
 27025 21031 1723.97818  483 1224 1725.00000 1705.73052  1.12%   225 5218s
 27581 20910 1706.21015   27 1436 1725.00000 1705.73052  1.12%   226 5298s
 27645 21569 1707.13730   47 1421 1725.00000 1705.73052  1.12%   226 5374s
 28407 22269 1707.39385   53 1422 1725.00000 1705.73052  1.12%   228 5452s
 29361 22673 1710.56209  147 1378 1725.00000 1705.73052  1.12%   229 5538s
 30083 22448 1711.79492  187 1373 1725.00000 1705.73052  1.12%   230 5627s
 30099 22460 1711.82836  188 1372 1725.00000 1705.73052  1.12%   230 5709s
 30116 23264 1711.84302  189 1372 1725.00000 1705.73052  1.12%   230 5793s
 30926 24057 1714.50839  274 1318 1725.00000 1705.73052  1.12%   232 5880s
 31989 23801 1716.74918  349 1288 1725.00000 1705.73052  1.12%   235 5977s
 32087 24703 1717.14252  361 1282 1725.00000 1705.73052  1.12%   235 6071s
 33122 25616 1719.08157  425 1248 1725.00000 1705.73052  1.12%   237 6165s
 34548 25156 1722.47125  554 1160 1725.00000 1705.73052  1.12%   238 6294s
 34565 25884 1722.47717  555 1164 1725.00000 1705.73052  1.12%   238 6390s
 35578 25989 1707.05940   50 1422 1725.00000 1705.73052  1.12%   238 6482s
 36021 26696 1707.94157   73 1410 1725.00000 1705.73052  1.12%   237 6585s
 37054 27794 1709.98647  125 1405 1725.00000 1705.73052  1.12%   237 6692s
 38497 28324 1713.44375  222 1360 1725.00000 1705.73052  1.12%   237 6801s
 39508 28003 1715.49085  276 1335 1725.00000 1705.73052  1.12%   238 6946s
 39524 29041 1715.51390  277 1331 1725.00000 1705.73052  1.12%   238 7063s
 40627 30206 1718.19409  354 1294 1725.00000 1705.73052  1.12%   238 7186s
 41988 31191 1722.28469  460 1248 1725.00000 1705.73052  1.12%   240 7344s
 42996 32458     cutoff  502      1725.00000 1705.73254  1.12%   241 7566s
 44698 32567 1708.38391   87 1403 1725.00000 1705.73254  1.12%   241 7790s
 44817 35229 1708.52299   91 1403 1725.00000 1705.73350  1.12%   241 8012s
 47511 37639 1713.41390  225 1352 1725.00000 1705.73350  1.12%   242 8190s
 50104 38301 1718.53923  365 1297 1725.00000 1705.73350  1.12%   243 8350s
 50784 40256 1719.90805  404 1268 1725.00000 1705.74460  1.12%   243 8520s
 53069 40640 1709.29890  103 1393 1725.00000 1705.74460  1.12%   244 8684s
 53509 42873 1710.25657  126 1391 1725.00000 1705.76949  1.11%   244 8847s
 55802 44020 1715.29379  268 1333 1725.00000 1705.76949  1.11%   245 9004s
 56993 44093 1716.89991  317 1328 1725.00000 1705.76949  1.11%   246 9180s
 57072 45924 1716.99851  321 1330 1725.00000 1705.76949  1.11%   246 9344s
 59086 47692 1721.82899  450 1261 1725.00000 1705.78298  1.11%   247 9502s
 61219 49780 1705.91073   21 1449 1725.00000 1705.78473  1.11%   247 9649s
 63481 51273 1710.90458  153 1387 1725.00000 1705.78473  1.11%   246 9859s
 65008 52814 1714.95578  273 1343 1725.00000 1705.78473  1.11%   247 10054s
 66615 54652 1718.10824  366 1305 1725.00000 1705.78473  1.11%   247 10271s
 68907 56185 1723.65305  502 1244 1725.00000 1705.78473  1.11%   247 10459s
 70703 56512 1706.22988   28 1433 1725.00000 1705.78527  1.11%   246 10656s
 71072 58554 1707.25048   52 1424 1725.00000 1705.78527  1.11%   246 10850s
 73192 59320 1708.83561   91 1403 1725.00000 1705.78527  1.11%   244 11037s
 73958 59734 1709.91166  121 1396 1725.00000 1705.78527  1.11%   244 11236s
 74372 61931 1709.93396  121 1395 1725.00000 1705.78527  1.11%   244 11439s
 76636 63047 1713.07182  211 1349 1725.00000 1705.78527  1.11%   245 11637s
 77752 64759 1714.25282  243 1336 1725.00000 1705.78527  1.11%   245 11838s
 79539 66388 1716.33081  293 1325 1725.00000 1705.78527  1.11%   246 12031s
 81226 67730 1718.38510  340 1294 1725.00000 1705.78527  1.11%   247 12225s
 82575 68278 1720.88241  402 1260 1725.00000 1705.78527  1.11%   248 12428s
 83189 70784 1721.36158  415 1253 1725.00000 1705.78707  1.11%   248 12638s
 85881 72379 1706.07530   27 1442 1725.00000 1705.78707  1.11%   249 12847s
 87564 74023 1710.64647  147 1390 1725.00000 1705.78707  1.11%   250 13049s
 89250 76240 1713.66906  234 1353 1725.00000 1705.79607  1.11%   250 13246s
 91561 78431 1719.37615  385 1283 1725.00000 1705.79607  1.11%   251 13413s
 94315 79610 1705.94126   22 1449 1725.00000 1705.80529  1.11%   251 13554s
 95580 81458 1708.62652   85 1407 1725.00000 1705.80529  1.11%   251 13701s
 97516 83307 1712.88579  206 1370 1725.00000 1705.80529  1.11%   251 13843s
 99365 85331 1715.94192  294 1332 1725.00000 1705.80529  1.11%   251 13980s
 101555 87108 1721.11459  430 1292 1725.00000 1705.80529  1.11%   252 14110s
 103670 88798 1707.26137   54 1418 1725.00000 1705.80710  1.11%   252 14233s
 105499 90015 1710.38675  135 1386 1725.00000 1705.80710  1.11%   252 14356s
 106736 90234 1712.17764  187 1370 1725.00000 1705.80710  1.11%   252 14400s

Cutting planes:
  Lift-and-project: 45

Explored 106955 nodes (26934594 simplex iterations) in 14400.03 seconds (50171.23 work units)
Thread count was 32 (of 32 available processors)

Solution count 10: 1725 1726 1727 ... 1734

Time limit reached
Best objective 1.725000000000e+03, best bound 1.706000000000e+03, gap 1.1014%

User-callback calls 3898210, time in user-callback 15.69 sec
