
Gurobi 13.0.2 (linux64) logging started Mon Jun 29 10:46:53 2026

Set parameter LogFile to value "/tmp/sweep_20260629_013743_china_alt550km_s50_i4_v4_gurobi.log"
Set parameter Method to value 1
Set parameter NodefileStart to value 4
Set parameter RINS to value 50
Gurobi Optimizer version 13.0.2 build v13.0.2rc1 (linux64 - "Debian GNU/Linux 13 (trixie)")

CPU model: Intel(R) Xeon(R) Platinum 8375C CPU @ 2.90GHz, instruction set [SSE2|AVX|AVX2|AVX512]
Thread count: 16 physical cores, 32 logical processors, using up to 32 threads

Non-default parameters:
TimeLimit  10800
MIPGap  0.01
Method  1
LPWarmStart  1
Heuristics  0.2
MIPFocus  1
NodefileStart  4
RINS  50
Symmetry  2
Cuts  2
CoverCuts  2
LogToConsole  0

Academic license 2812613 - for non-commercial use only - registered to no___@gatech.edu
Optimize a model with 196014 rows, 35900 columns and 11342246 nonzeros (Min)
Model fingerprint: 0x1d6c678a
Model has 35900 linear objective coefficients
Variable types: 0 continuous, 35900 integer (35900 binary)
Coefficient statistics:
  Matrix range     [1e+00, 1e+00]
  Objective range  [1e+00, 1e+00]
  Bounds range     [1e+00, 1e+00]
  RHS range        [1e+01, 1e+01]

Found heuristic solution: objective 16866.000000
Presolve removed 0 rows and 0 columns (presolve time = 5s)...
Presolve removed 0 rows and 0 columns (presolve time = 10s)...
Presolve removed 0 rows and 0 columns (presolve time = 15s)...
Presolve removed 0 rows and 0 columns (presolve time = 20s)...
Presolve removed 0 rows and 0 columns (presolve time = 25s)...
Presolve removed 0 rows and 0 columns (presolve time = 30s)...
Presolve removed 0 rows and 0 columns (presolve time = 35s)...
Presolve removed 0 rows and 0 columns (presolve time = 40s)...
Presolve removed 0 rows and 0 columns (presolve time = 45s)...
Presolve removed 0 rows and 0 columns (presolve time = 50s)...
Presolve removed 0 rows and 0 columns (presolve time = 55s)...
Presolve removed 0 rows and 0 columns (presolve time = 60s)...
Presolve removed 0 rows and 0 columns (presolve time = 65s)...
Presolve removed 0 rows and 0 columns (presolve time = 70s)...
Presolve removed 0 rows and 0 columns (presolve time = 75s)...
Presolve removed 0 rows and 0 columns (presolve time = 80s)...
Presolve removed 0 rows and 0 columns (presolve time = 85s)...
Presolve removed 0 rows and 0 columns (presolve time = 90s)...
Presolve removed 0 rows and 0 columns (presolve time = 95s)...
Presolve removed 0 rows and 0 columns (presolve time = 100s)...
Presolve removed 0 rows and 0 columns (presolve time = 105s)...
Presolve removed 0 rows and 0 columns (presolve time = 110s)...
Presolve removed 0 rows and 0 columns (presolve time = 115s)...
Presolve removed 0 rows and 0 columns (presolve time = 120s)...
Presolve removed 0 rows and 0 columns (presolve time = 125s)...
Presolve removed 0 rows and 0 columns (presolve time = 130s)...
Presolve removed 0 rows and 0 columns (presolve time = 135s)...
Presolve removed 0 rows and 0 columns (presolve time = 140s)...
Presolve removed 0 rows and 0 columns (presolve time = 146s)...
Presolve time: 145.53s
Presolved: 196014 rows, 35900 columns, 11342246 nonzeros
Variable types: 0 continuous, 35900 integer (35900 binary)

Root simplex log...

Iteration    Objective       Primal Inf.    Dual Inf.      Time
       0   -0.0000000e+00   0.000000e+00   3.679000e+03    151s
     111    8.7296694e+03   0.000000e+00   0.000000e+00    151s
     111    8.7296694e+03   0.000000e+00   0.000000e+00    151s

Use crossover to convert LP symmetric solution to basic solution...

Root crossover log...

  185320 variables added to crossover basis                      160s
  185980 variables added to crossover basis                      165s
  187420 variables added to crossover basis                      170s
  187960 variables added to crossover basis                      175s
  188350 variables added to crossover basis                      180s
  188740 variables added to crossover basis                      185s
  189100 variables added to crossover basis                      190s
  189400 variables added to crossover basis                      195s
  189700 variables added to crossover basis                      200s
  190270 variables added to crossover basis                      205s
  190690 variables added to crossover basis                      210s
  191080 variables added to crossover basis                      215s
  191410 variables added to crossover basis                      220s
  191680 variables added to crossover basis                      225s
  191950 variables added to crossover basis                      230s
  192220 variables added to crossover basis                      235s
  192460 variables added to crossover basis                      240s
  192700 variables added to crossover basis                      245s
  192940 variables added to crossover basis                      250s
  193180 variables added to crossover basis                      255s
  193390 variables added to crossover basis                      260s
  193600 variables added to crossover basis                      265s
  193810 variables added to crossover basis                      271s
  193990 variables added to crossover basis                      275s
  194200 variables added to crossover basis                      280s
  194380 variables added to crossover basis                      285s
  194590 variables added to crossover basis                      291s
  194770 variables added to crossover basis                      295s
  194980 variables added to crossover basis                      301s
  195160 variables added to crossover basis                      306s
  195310 variables added to crossover basis                      310s
  195490 variables added to crossover basis                      315s
  195670 variables added to crossover basis                      320s
  195850 variables added to crossover basis                      325s

       0 DPushes remaining with DInf 0.0000000e+00               371s

       0 PPushes remaining with PInf 0.0000000e+00               372s

  Push phase complete: Pinf 0.0000000e+00, Dinf 1.2646283e-08    372s


Root simplex log...

Iteration    Objective       Primal Inf.    Dual Inf.      Time
     114    8.7296694e+03   0.000000e+00   0.000000e+00    392s
Crossover time: 240.14 seconds (407.91 work units)

Root relaxation: objective 8.729669e+03, 114 iterations, 244.86 seconds (411.91 work units)

    Nodes    |    Current Node    |     Objective Bounds      |     Work
 Expl Unexpl |  Obj  Depth IntInf | Incumbent    BestBd   Gap | It/Node Time

     0     0 8729.66937    0 16514 16866.0000 8729.66937  48.2%     -  434s
H    0     0                    10770.000000 8729.66937  18.9%     -  434s
H    0     0                    10547.000000 8729.66937  17.2%     -  434s
H    0     0                    10546.000000 8729.66937  17.2%     -  434s
H    0     0                    10052.000000 8729.66937  13.2%     -  435s
H    0     0                    9993.0000000 8729.66937  12.6%     -  437s
H    0     0                    9922.0000000 8729.66937  12.0%     -  437s
H    0     0                    9921.0000000 8729.66937  12.0%     -  437s
H    0     0                    9893.0000000 8729.66937  11.8%     -  437s
H    0     0                    9885.0000000 8729.66937  11.7%     -  437s
H    0     0                    9881.0000000 8729.66937  11.7%     -  437s
H    0     0                    9877.0000000 8729.66937  11.6%     -  439s
H    0     0                    9875.0000000 8729.66937  11.6%     -  439s
H    0     0                    9869.0000000 8729.66937  11.5%     -  441s
H    0     0                    9867.0000000 8729.66937  11.5%     -  441s
H    0     0                    9863.0000000 8729.66937  11.5%     -  442s
H    0     0                    9861.0000000 8729.66937  11.5%     -  442s
H    0     0                    9854.0000000 8729.66937  11.4%     -  442s
H    0     0                    9852.0000000 8729.66937  11.4%     -  443s
H    0     0                    9851.0000000 8729.66937  11.4%     -  443s
H    0     0                    9843.0000000 8729.66937  11.3%     -  445s
H    0     0                    9841.0000000 8729.66937  11.3%     -  445s
H    0     0                    9840.0000000 8729.66937  11.3%     -  445s
H    0     0                    9837.0000000 8729.66937  11.3%     -  446s
H    0     0                    9835.0000000 8729.66937  11.2%     -  447s
H    0     0                    9831.0000000 8729.66937  11.2%     -  447s
H    0     0                    9830.0000000 8729.66937  11.2%     -  448s
H    0     0                    9829.0000000 8729.66937  11.2%     -  448s
H    0     0                    9827.0000000 8729.66937  11.2%     -  448s
H    0     0                    9826.0000000 8729.66937  11.2%     -  451s
H    0     0                    9825.0000000 8729.66937  11.1%     -  454s
H    0     0                    9821.0000000 8729.66937  11.1%     -  458s
H    0     0                    9820.0000000 8729.66937  11.1%     -  498s
H    0     0                    9819.0000000 8729.66937  11.1%     -  508s
H    0     0                    9818.0000000 8729.66937  11.1%     -  533s
H    0     0                    9817.0000000 8729.66937  11.1%     -  533s
H    0     0                    9816.0000000 8729.66937  11.1%     -  533s
H    0     0                    9815.0000000 8729.66937  11.1%     -  536s
H    0     0                    9814.0000000 8729.66937  11.0%     -  539s
H    0     0                    9813.0000000 8729.66937  11.0%     -  539s
H    0     0                    9811.0000000 8729.66937  11.0%     -  539s
H    0     0                    9810.0000000 8729.66937  11.0%     -  542s
H    0     0                    9809.0000000 8729.66937  11.0%     -  547s
H    0     0                    9808.0000000 8729.66937  11.0%     -  550s
H    0     0                    9806.0000000 8729.66937  11.0%     -  552s
H    0     0                    9805.0000000 8729.66937  11.0%     -  556s
H    0     0                    9802.0000000 8729.66937  10.9%     -  558s
H    0     0                    9801.0000000 8729.66937  10.9%     -  561s
H    0     0                    9800.0000000 8729.66937  10.9%     -  561s
H    0     0                    9798.0000000 8729.66937  10.9%     -  564s
H    0     0                    9797.0000000 8729.66937  10.9%     -  564s
H    0     0                    9796.0000000 8729.66937  10.9%     -  564s
H    0     0                    9795.0000000 8729.66937  10.9%     -  567s
H    0     0                    9794.0000000 8729.66937  10.9%     -  567s
H    0     0                    9793.0000000 8729.66937  10.9%     -  570s
H    0     0                    9792.0000000 8729.66937  10.8%     -  570s
H    0     0                    9791.0000000 8729.66937  10.8%     -  574s
H    0     0                    9790.0000000 8729.66937  10.8%     -  581s
H    0     0                    9789.0000000 8729.66937  10.8%     -  588s
H    0     0                    9783.0000000 8729.66937  10.8%     -  636s
     0     0 8729.66937    0 16514 9783.00000 8729.66937  10.8%     - 2160s
H    0     0                    9773.0000000 8729.66937  10.7%     - 5802s
H    0     0                    9770.0000000 8729.66937  10.6%     - 5802s
H    0     0                    9769.0000000 8729.66937  10.6%     - 5803s
H    0     0                    9768.0000000 8729.66937  10.6%     - 5807s
H    0     0                    9743.0000000 8729.66937  10.4%     - 5811s
H    0     2                    9718.0000000 8729.66937  10.2%     - 6036s
     0     2 8729.66937    0 16514 9718.00000 8729.66937  10.2%     - 6036s
     1     3 8729.69849    1 16511 9718.00000 8729.67443  10.2%  2903 10822s

Explored 2 nodes (3017 simplex iterations) in 10823.16 seconds (26671.61 work units)
Thread count was 32 (of 32 available processors)

Solution count 10: 9718 9743 9768 ... 9791

Time limit reached
Best objective 9.718000000000e+03, best bound 8.730000000000e+03, gap 10.1667%

User-callback calls 1820341, time in user-callback 1.73 sec
